1603 external/tcmalloc+/tcmalloc/internal/system_allocator.h:713] Warning: Unable to mbind memory (errno=1, base=0x30b300000000, nodemask=1)
KNN_REF_HEADER mode IDENTICAL column nvidia index 100000 queries 32 features 32 k 15 rounds 7 fixture dyadic-v1 selector 1 transpose 1 register_tile 1 index_tile 65536
KNN_REF_WARMUP request 0 5.549804
KNN_REF_WARMUP request 1 0.77771
KNN_REF_ROUND request 1 0.774241
KNN_REF_ROUND request 2 0.770592
KNN_REF_ROUND request 3 0.774414
KNN_REF_ROUND request 4 0.792853
KNN_REF_ROUND request 5 0.771118
KNN_REF_ROUND request 6 0.772212
KNN_REF_ROUND request 7 0.774137
KNN_REF_WARMUP device 0 0.471579
KNN_REF_WARMUP device 1 0.47099
KNN_REF_ROUND device 1 0.469208
KNN_REF_ROUND device 2 0.468336
KNN_REF_ROUND device 3 0.468406
KNN_REF_ROUND device 4 0.470153
KNN_REF_ROUND device 5 0.470476
KNN_REF_ROUND device 6 0.471832
KNN_REF_ROUND device 7 0.470758
KNN_REF_DEVICE_VS_REQUEST mismatched_cells 0
KNN_REF_FINGERPRINT index_fnv1a64 15466543036327383132 distance_bits_xor 5631672
KNN_REF_ROW0 0 77158 1076475919
KNN_REF_ROW0 1 41527 1076618074
KNN_REF_ROW0 2 78928 1076623538
KNN_REF_ROW0 3 517 1076814954
KNN_REF_ROW0 4 78974 1076826702
KNN_REF_ROW0 5 28076 1076925698
KNN_REF_ROW0 6 63922 1077035638
KNN_REF_ROW0 7 45923 1077045289
KNN_REF_ROW0 8 73338 1077053711
KNN_REF_ROW0 9 33848 1077079711
KNN_REF_ROW0 10 38293 1077088887
KNN_REF_ROW0 11 53937 1077128578
KNN_REF_ROW0 12 81612 1077185938
KNN_REF_ROW0 13 84645 1077206181
KNN_REF_ROW0 14 40366 1077220890
KNN_REF_RESULT index 100000 queries 32 k 15 features 32 request_median_ms 0.774137 device_median_ms 0.470153 rounds 7 query_tile 32 index_tile 65536
KNN REFERENCE PRICE PASS
