1778 external/tcmalloc+/tcmalloc/internal/system_allocator.h:713] Warning: Unable to mbind memory (errno=1, base=0x32c8c0000000, nodemask=1)
KNN_REF_HEADER mode IDENTICAL column nvidia index 400000 queries 32 features 32 k 10 rounds 7 fixture dyadic-v1 selector 1 transpose 1 register_tile 1 index_tile 65536
KNN_REF_WARMUP request 0 3.429917
KNN_REF_WARMUP request 1 2.824436
KNN_REF_ROUND request 1 2.822408
KNN_REF_ROUND request 2 2.829747
KNN_REF_ROUND request 3 2.817866
KNN_REF_ROUND request 4 2.818253
KNN_REF_ROUND request 5 2.817211
KNN_REF_ROUND request 6 2.82621
KNN_REF_ROUND request 7 2.825743
KNN_REF_WARMUP device 0 1.782298
KNN_REF_WARMUP device 1 1.783493
KNN_REF_ROUND device 1 1.784252
KNN_REF_ROUND device 2 1.783399
KNN_REF_ROUND device 3 1.785808
KNN_REF_ROUND device 4 1.776736
KNN_REF_ROUND device 5 1.780076
KNN_REF_ROUND device 6 1.784962
KNN_REF_ROUND device 7 1.788233
KNN_REF_DEVICE_VS_REQUEST mismatched_cells 0
KNN_REF_FINGERPRINT index_fnv1a64 5671531805834206530 distance_bits_xor 2321390
KNN_REF_ROW0 0 147075 1075752738
KNN_REF_ROW0 1 347872 1075802578
KNN_REF_ROW0 2 280582 1075899932
KNN_REF_ROW0 3 255546 1076098936
KNN_REF_ROW0 4 158380 1076157127
KNN_REF_ROW0 5 151319 1076280807
KNN_REF_ROW0 6 252972 1076309764
KNN_REF_ROW0 7 194725 1076394742
KNN_REF_ROW0 8 125716 1076423977
KNN_REF_ROW0 9 351008 1076424580
KNN_REF_RESULT index 400000 queries 32 k 10 features 32 request_median_ms 2.822408 device_median_ms 1.784252 rounds 7 query_tile 32 index_tile 65536
KNN REFERENCE PRICE PASS
