# vendor=cpu-amd-epyc-9655-96-core-processor commit=763565275bb976f09f03149ab42884faf72ac451 (MOJOLEARN_COMMIT) host.cpu_model='AMD EPYC 9655 96-Core Processor' host.column=cpu host.families=['_mojolearn_arima_host', '_mojolearn_byte_lm_host', '_mojolearn_core_host', '_mojolearn_embedding_host', '_mojolearn_embedding_infer_host', '_mojolearn_estimators_host', '_mojolearn_forecast_host', '_mojolearn_forest_host', '_mojolearn_gbdt_host', '_mojolearn_gp_host', '_mojolearn_gp_infer_host', '_mojolearn_hdbscan_host', '_mojolearn_hdbscan_infer_host', '_mojolearn_ivf_host', '_mojolearn_ivf_search_host', '_mojolearn_kernel_methods_host', '_mojolearn_linalg_host', '_mojolearn_mamba_host', '_mojolearn_metrics_host', '_mojolearn_mixture_host', '_mojolearn_mixture_infer_host', '_mojolearn_neural_host', '_mojolearn_preprocessing_host', '_mojolearn_resample_host', '_mojolearn_rf_host', '_mojolearn_solver_host', '_mojolearn_svm_host', '_mojolearn_tokenizer_host', '_mojolearn_training_host', '_mojolearn_transformer_host', '_mojolearn_trees_host', '_mojolearn_tsa_host']
# identity_break  mode=identical  2026-09-17 21:46:19  Linux-6.8.0-90-generic-x86_64-with-glibc2.35
# per lane: the train row, then an `infer` row (held-out rows), a `model` row (saved bytes) and a `batch` row (whole batch vs rows alone, a split and prefixes) where the lane has them
| lane                   | base             | ties             | hashed           | wide             | denormal         | denormal_ftz     | dupes            | odd              | negative         |
|------------------------|------------------|------------------|------------------|------------------|------------------|------------------|------------------|------------------|------------------|
# START lasso/base repeat=1/train
# DONE lasso/base repeat=1/train 0.018s
# START lasso/base repeat=1/infer-save-reload
# DONE lasso/base repeat=1/infer-save-reload 0.003s
# START lasso/base repeat=1/batch
# DONE lasso/base repeat=1/batch 0.002s
# START lasso/base repeat=1/stepfull
# DONE lasso/base repeat=1/stepfull 0.000s
# START lasso/base repeat=2/train
# DONE lasso/base repeat=2/train 0.017s
# START lasso/base repeat=2/infer-save-reload
# DONE lasso/base repeat=2/infer-save-reload 0.001s
# START lasso/base repeat=2/batch
# DONE lasso/base repeat=2/batch 0.001s
# START lasso/base repeat=2/stepfull
# DONE lasso/base repeat=2/stepfull 0.000s
# CELL lasso/base STABLE 0.044s
# START lasso/ties repeat=1/train
# DONE lasso/ties repeat=1/train 0.016s
# START lasso/ties repeat=1/infer-save-reload
# DONE lasso/ties repeat=1/infer-save-reload 0.001s
# START lasso/ties repeat=1/batch
# DONE lasso/ties repeat=1/batch 0.002s
# START lasso/ties repeat=1/stepfull
# DONE lasso/ties repeat=1/stepfull 0.000s
# START lasso/ties repeat=2/train
# DONE lasso/ties repeat=2/train 0.016s
# START lasso/ties repeat=2/infer-save-reload
# DONE lasso/ties repeat=2/infer-save-reload 0.001s
# START lasso/ties repeat=2/batch
# DONE lasso/ties repeat=2/batch 0.001s
# START lasso/ties repeat=2/stepfull
# DONE lasso/ties repeat=2/stepfull 0.000s
# CELL lasso/ties STABLE 0.037s
# START lasso/hashed repeat=1/train
# DONE lasso/hashed repeat=1/train 0.018s
# START lasso/hashed repeat=1/infer-save-reload
# DONE lasso/hashed repeat=1/infer-save-reload 0.001s
# START lasso/hashed repeat=1/batch
# DONE lasso/hashed repeat=1/batch 0.002s
# START lasso/hashed repeat=1/stepfull
# DONE lasso/hashed repeat=1/stepfull 0.000s
# START lasso/hashed repeat=2/train
# DONE lasso/hashed repeat=2/train 0.018s
# START lasso/hashed repeat=2/infer-save-reload
# DONE lasso/hashed repeat=2/infer-save-reload 0.001s
# START lasso/hashed repeat=2/batch
# DONE lasso/hashed repeat=2/batch 0.002s
# START lasso/hashed repeat=2/stepfull
# DONE lasso/hashed repeat=2/stepfull 0.000s
# CELL lasso/hashed STABLE 0.044s
# START lasso/wide repeat=1/train
# DONE lasso/wide repeat=1/train 0.029s
# START lasso/wide repeat=1/infer-save-reload
# DONE lasso/wide repeat=1/infer-save-reload 0.002s
# START lasso/wide repeat=1/batch
# DONE lasso/wide repeat=1/batch 0.002s
# START lasso/wide repeat=1/stepfull
# DONE lasso/wide repeat=1/stepfull 0.000s
# START lasso/wide repeat=2/train
# DONE lasso/wide repeat=2/train 0.030s
# START lasso/wide repeat=2/infer-save-reload
# DONE lasso/wide repeat=2/infer-save-reload 0.002s
# START lasso/wide repeat=2/batch
# DONE lasso/wide repeat=2/batch 0.002s
# START lasso/wide repeat=2/stepfull
# DONE lasso/wide repeat=2/stepfull 0.000s
# CELL lasso/wide STABLE 0.067s
# START lasso/denormal repeat=1/train
# DONE lasso/denormal repeat=1/train 0.020s
# START lasso/denormal repeat=1/infer-save-reload
# DONE lasso/denormal repeat=1/infer-save-reload 0.002s
# START lasso/denormal repeat=1/batch
# DONE lasso/denormal repeat=1/batch 0.002s
# START lasso/denormal repeat=1/stepfull
# DONE lasso/denormal repeat=1/stepfull 0.000s
# START lasso/denormal repeat=2/train
# DONE lasso/denormal repeat=2/train 0.019s
# START lasso/denormal repeat=2/infer-save-reload
# DONE lasso/denormal repeat=2/infer-save-reload 0.001s
# START lasso/denormal repeat=2/batch
# DONE lasso/denormal repeat=2/batch 0.002s
# START lasso/denormal repeat=2/stepfull
# DONE lasso/denormal repeat=2/stepfull 0.000s
# CELL lasso/denormal STABLE 0.046s
# START lasso/denormal_ftz repeat=1/train
# DONE lasso/denormal_ftz repeat=1/train 0.018s
# START lasso/denormal_ftz repeat=1/infer-save-reload
# DONE lasso/denormal_ftz repeat=1/infer-save-reload 0.001s
# START lasso/denormal_ftz repeat=1/batch
# DONE lasso/denormal_ftz repeat=1/batch 0.002s
# START lasso/denormal_ftz repeat=1/stepfull
# DONE lasso/denormal_ftz repeat=1/stepfull 0.000s
# START lasso/denormal_ftz repeat=2/train
# DONE lasso/denormal_ftz repeat=2/train 0.018s
# START lasso/denormal_ftz repeat=2/infer-save-reload
# DONE lasso/denormal_ftz repeat=2/infer-save-reload 0.001s
# START lasso/denormal_ftz repeat=2/batch
# DONE lasso/denormal_ftz repeat=2/batch 0.002s
# START lasso/denormal_ftz repeat=2/stepfull
# DONE lasso/denormal_ftz repeat=2/stepfull 0.000s
# CELL lasso/denormal_ftz STABLE 0.044s
# START lasso/dupes repeat=1/train
# DONE lasso/dupes repeat=1/train 0.019s
# START lasso/dupes repeat=1/infer-save-reload
# DONE lasso/dupes repeat=1/infer-save-reload 0.001s
# START lasso/dupes repeat=1/batch
# DONE lasso/dupes repeat=1/batch 0.002s
# START lasso/dupes repeat=1/stepfull
# DONE lasso/dupes repeat=1/stepfull 0.000s
# START lasso/dupes repeat=2/train
# DONE lasso/dupes repeat=2/train 0.018s
# START lasso/dupes repeat=2/infer-save-reload
# DONE lasso/dupes repeat=2/infer-save-reload 0.001s
# START lasso/dupes repeat=2/batch
# DONE lasso/dupes repeat=2/batch 0.002s
# START lasso/dupes repeat=2/stepfull
# DONE lasso/dupes repeat=2/stepfull 0.000s
# CELL lasso/dupes STABLE 0.044s
# START lasso/odd repeat=1/train
# DONE lasso/odd repeat=1/train 0.012s
# START lasso/odd repeat=1/infer-save-reload
# DONE lasso/odd repeat=1/infer-save-reload 0.001s
# START lasso/odd repeat=1/batch
# DONE lasso/odd repeat=1/batch 0.002s
# START lasso/odd repeat=1/stepfull
# DONE lasso/odd repeat=1/stepfull 0.000s
# START lasso/odd repeat=2/train
# DONE lasso/odd repeat=2/train 0.012s
# START lasso/odd repeat=2/infer-save-reload
# DONE lasso/odd repeat=2/infer-save-reload 0.001s
# START lasso/odd repeat=2/batch
# DONE lasso/odd repeat=2/batch 0.003s
# START lasso/odd repeat=2/stepfull
# DONE lasso/odd repeat=2/stepfull 0.000s
# CELL lasso/odd STABLE 0.033s
# START lasso/negative repeat=1/train
# DONE lasso/negative repeat=1/train 0.017s
# START lasso/negative repeat=1/infer-save-reload
# DONE lasso/negative repeat=1/infer-save-reload 0.002s
# START lasso/negative repeat=1/batch
# DONE lasso/negative repeat=1/batch 0.002s
# START lasso/negative repeat=1/stepfull
# DONE lasso/negative repeat=1/stepfull 0.000s
# START lasso/negative repeat=2/train
# DONE lasso/negative repeat=2/train 0.018s
# START lasso/negative repeat=2/infer-save-reload
# DONE lasso/negative repeat=2/infer-save-reload 0.001s
# START lasso/negative repeat=2/batch
# DONE lasso/negative repeat=2/batch 0.002s
# START lasso/negative repeat=2/stepfull
# DONE lasso/negative repeat=2/stepfull 0.000s
# CELL lasso/negative STABLE 0.043s
| lasso                  | 2fa3301e45a46091 | 1e207f82f555270b | 0446105edc307f9c | d0df889b0ede05a7 | 5374b434a96382d6 | 5374b434a96382d6 | beafb1d480c34cf4 | 5593579edd6113d6 | c332c713694ff28d |
| lasso infer            | 7334b38e7b651e27 | ff61f45db38db46d | 482da47ba9b49877 | 1f85238c927b088e | b92e9bfda9b725b4 | b92e9bfda9b725b4 | 727d68f61ef51bfb | 1c17e2eb1ef6a2e2 | 0167126d36a4243d |
| lasso model            | e9921dc22b63c22b | 5c8ede12d215a691 | e04dc1c060b2abb3 | 0a6e5ac09b5e4b9f | 7f40c2a34c2e9d0e | 7f40c2a34c2e9d0e | 84c62fe78df70d08 | dd93f0301683411b | 5a616b0f5f81a9c7 |
| lasso batch            | 17cc629044f18231 | a286c692435fdad1 | 47e2908275e5aadb | 5ac4ffd6acd1e500 | 569fc3172ebd0164 | 569fc3172ebd0164 | 2986d3275cbac770 | 14762f161b0b7377 | 2cafc45caf97e130 |

cells=9 stable=9 moved=0 refused=0
infer: stable=9
model: stable=9
batch: stable=9
stepfull: n/a=9
n/a: lasso stepfull n/a:no-decode-state
wrote /root/leg_out/records/lasso/lasso/cpu-clean.json
