20897 external/tcmalloc+/tcmalloc/internal/system_allocator.h:713] Warning: Unable to mbind memory (errno=1, base=0x723f00000000, nodemask=1)
KNN_REF_HEADER mode IDENTICAL column nvidia index 100000 queries 1000 features 32 k 10 rounds 3 fixture dyadic-v1 selector 1 transpose 1 register_tile 1 index_tile 65536
KNN_PHASE_TIMERS transpose_ms 0.075563
KNN_PHASE_TIMERS distance_ms 1.67157 select_ms 1.849737 merge_ms 0.076954 distance_launches 8 select_launches 8 merge_launches 4 query_tile 256 index_tile 65536 n_queries 1000 n_index 100000 k 10
KNN_REF_WARMUP request 0 8.100518
KNN_PHASE_TIMERS transpose_ms 0.025238
KNN_PHASE_TIMERS distance_ms 1.54417 select_ms 1.690029 merge_ms 0.040561 distance_launches 8 select_launches 8 merge_launches 4 query_tile 256 index_tile 65536 n_queries 1000 n_index 100000 k 10
KNN_REF_WARMUP request 1 4.34516
KNN_PHASE_TIMERS transpose_ms 0.024767
KNN_PHASE_TIMERS distance_ms 1.535397 select_ms 1.692231 merge_ms 0.035523 distance_launches 8 select_launches 8 merge_launches 4 query_tile 256 index_tile 65536 n_queries 1000 n_index 100000 k 10
KNN_REF_ROUND request 1 4.3121
KNN_PHASE_TIMERS transpose_ms 0.024967
KNN_PHASE_TIMERS distance_ms 1.533474 select_ms 1.689718 merge_ms 0.034672 distance_launches 8 select_launches 8 merge_launches 4 query_tile 256 index_tile 65536 n_queries 1000 n_index 100000 k 10
KNN_REF_ROUND request 2 4.271089
KNN_PHASE_TIMERS transpose_ms 0.025368
KNN_PHASE_TIMERS distance_ms 1.532863 select_ms 1.687545 merge_ms 0.040439 distance_launches 8 select_launches 8 merge_launches 4 query_tile 256 index_tile 65536 n_queries 1000 n_index 100000 k 10
KNN_REF_ROUND request 3 4.251219
KNN_PHASE_TIMERS norms_ms 0.066279
KNN_PHASE_TIMERS transpose_ms 0.025207
KNN_PHASE_TIMERS distance_ms 1.533244 select_ms 1.687085 merge_ms 0.034269 distance_launches 8 select_launches 8 merge_launches 4 query_tile 256 index_tile 65536 n_queries 1000 n_index 100000 k 10
KNN_REF_WARMUP device 0 3.373627
KNN_PHASE_TIMERS norms_ms 0.063324
KNN_PHASE_TIMERS transpose_ms 0.024016
KNN_PHASE_TIMERS distance_ms 1.542627 select_ms 1.685282 merge_ms 0.035243 distance_launches 8 select_launches 8 merge_launches 4 query_tile 256 index_tile 65536 n_queries 1000 n_index 100000 k 10
KNN_REF_WARMUP device 1 3.371613
KNN_PHASE_TIMERS norms_ms 0.063516
KNN_PHASE_TIMERS transpose_ms 0.024015
KNN_PHASE_TIMERS distance_ms 1.534235 select_ms 1.690459 merge_ms 0.032779 distance_launches 8 select_launches 8 merge_launches 4 query_tile 256 index_tile 65536 n_queries 1000 n_index 100000 k 10
KNN_REF_ROUND device 1 3.366366
KNN_PHASE_TIMERS norms_ms 0.063244
KNN_PHASE_TIMERS transpose_ms 0.023985
KNN_PHASE_TIMERS distance_ms 1.544571 select_ms 1.690568 merge_ms 0.036155 distance_launches 8 select_launches 8 merge_launches 4 query_tile 256 index_tile 65536 n_queries 1000 n_index 100000 k 10
KNN_REF_ROUND device 2 3.385674
KNN_PHASE_TIMERS norms_ms 0.063485
KNN_PHASE_TIMERS transpose_ms 0.024136
KNN_PHASE_TIMERS distance_ms 1.531312 select_ms 1.690721 merge_ms 0.036464 distance_launches 8 select_launches 8 merge_launches 4 query_tile 256 index_tile 65536 n_queries 1000 n_index 100000 k 10
KNN_REF_ROUND device 3 3.367858
KNN_REF_DEVICE_VS_REQUEST mismatched_cells 0
KNN_REF_FINGERPRINT index_fnv1a64 2628266102208293848 distance_bits_xor 1441154
KNN_REF_ROW0 0 77158 1076475919
KNN_REF_ROW0 1 41527 1076618074
KNN_REF_ROW0 2 78928 1076623538
KNN_REF_ROW0 3 517 1076814954
KNN_REF_ROW0 4 78974 1076826702
KNN_REF_ROW0 5 28076 1076925698
KNN_REF_ROW0 6 63922 1077035638
KNN_REF_ROW0 7 45923 1077045289
KNN_REF_ROW0 8 73338 1077053711
KNN_REF_ROW0 9 33848 1077079711
KNN_REF_RESULT index 100000 queries 1000 k 10 features 32 request_median_ms 4.271089 device_median_ms 3.367858 rounds 3 query_tile 256 index_tile 65536
KNN REFERENCE PRICE PASS
