21552 external/tcmalloc+/tcmalloc/internal/system_allocator.h:713] Warning: Unable to mbind memory (errno=1, base=0x190e40000000, nodemask=2)
KNN_REF_HEADER mode IDENTICAL column nvidia index 400000 queries 1000 features 32 k 15 rounds 3 fixture dyadic-v1 selector 1 transpose 1 register_tile 1 index_tile 65536
KNN_PHASE_TIMERS transpose_ms 0.13338
KNN_PHASE_TIMERS distance_ms 6.369531 select_ms 6.858091 merge_ms 0.237936 distance_launches 28 select_launches 28 merge_launches 24 query_tile 256 index_tile 65536 n_queries 1000 n_index 400000 k 15
KNN_REF_WARMUP request 0 19.668713
KNN_PHASE_TIMERS transpose_ms 0.097326
KNN_PHASE_TIMERS distance_ms 6.238694 select_ms 6.789258 merge_ms 0.19456 distance_launches 28 select_launches 28 merge_launches 24 query_tile 256 index_tile 65536 n_queries 1000 n_index 400000 k 15
KNN_REF_WARMUP request 1 15.594052
KNN_PHASE_TIMERS transpose_ms 0.096924
KNN_PHASE_TIMERS distance_ms 6.2668 select_ms 6.77711 merge_ms 0.186467 distance_launches 28 select_launches 28 merge_launches 24 query_tile 256 index_tile 65536 n_queries 1000 n_index 400000 k 15
KNN_REF_ROUND request 1 15.605429
KNN_PHASE_TIMERS transpose_ms 0.097455
KNN_PHASE_TIMERS distance_ms 6.276119 select_ms 6.790174 merge_ms 0.194763 distance_launches 28 select_launches 28 merge_launches 24 query_tile 256 index_tile 65536 n_queries 1000 n_index 400000 k 15
KNN_REF_ROUND request 2 15.642605
KNN_PHASE_TIMERS transpose_ms 0.097316
KNN_PHASE_TIMERS distance_ms 6.26412 select_ms 6.807016 merge_ms 0.191168 distance_launches 28 select_launches 28 merge_launches 24 query_tile 256 index_tile 65536 n_queries 1000 n_index 400000 k 15
KNN_REF_ROUND request 3 15.667541
KNN_PHASE_TIMERS norms_ms 0.231726
KNN_PHASE_TIMERS transpose_ms 0.098547
KNN_PHASE_TIMERS distance_ms 6.284242 select_ms 6.837703 merge_ms 0.196397 distance_launches 28 select_launches 28 merge_launches 24 query_tile 256 index_tile 65536 n_queries 1000 n_index 400000 k 15
KNN_REF_WARMUP device 0 13.698959
KNN_PHASE_TIMERS norms_ms 0.222582
KNN_PHASE_TIMERS transpose_ms 0.098217
KNN_PHASE_TIMERS distance_ms 6.314882 select_ms 6.879903 merge_ms 0.196748 distance_launches 28 select_launches 28 merge_launches 24 query_tile 256 index_tile 65536 n_queries 1000 n_index 400000 k 15
KNN_REF_WARMUP device 1 13.742844
KNN_PHASE_TIMERS norms_ms 0.224095
KNN_PHASE_TIMERS transpose_ms 0.097927
KNN_PHASE_TIMERS distance_ms 6.31986 select_ms 6.918972 merge_ms 0.198729 distance_launches 28 select_launches 28 merge_launches 24 query_tile 256 index_tile 65536 n_queries 1000 n_index 400000 k 15
KNN_REF_ROUND device 1 13.804437
KNN_PHASE_TIMERS norms_ms 0.224827
KNN_PHASE_TIMERS transpose_ms 0.098217
KNN_PHASE_TIMERS distance_ms 6.247548 select_ms 6.845961 merge_ms 0.196509 distance_launches 28 select_launches 28 merge_launches 24 query_tile 256 index_tile 65536 n_queries 1000 n_index 400000 k 15
KNN_REF_ROUND device 2 13.653692
KNN_PHASE_TIMERS norms_ms 0.2207
KNN_PHASE_TIMERS transpose_ms 0.097836
KNN_PHASE_TIMERS distance_ms 6.229791 select_ms 6.880238 merge_ms 0.195273 distance_launches 28 select_launches 28 merge_launches 24 query_tile 256 index_tile 65536 n_queries 1000 n_index 400000 k 15
KNN_REF_ROUND device 3 13.662164
KNN_REF_DEVICE_VS_REQUEST mismatched_cells 0
KNN_REF_FINGERPRINT index_fnv1a64 5643698026854991359 distance_bits_xor 6459679
KNN_REF_ROW0 0 147075 1075752738
KNN_REF_ROW0 1 347872 1075802578
KNN_REF_ROW0 2 280582 1075899932
KNN_REF_ROW0 3 255546 1076098936
KNN_REF_ROW0 4 158380 1076157127
KNN_REF_ROW0 5 151319 1076280807
KNN_REF_ROW0 6 252972 1076309764
KNN_REF_ROW0 7 194725 1076394742
KNN_REF_ROW0 8 125716 1076423977
KNN_REF_ROW0 9 351008 1076424580
KNN_REF_ROW0 10 322815 1076439373
KNN_REF_ROW0 11 301998 1076456634
KNN_REF_ROW0 12 77158 1076475919
KNN_REF_ROW0 13 158980 1076482935
KNN_REF_ROW0 14 335466 1076512547
KNN_REF_RESULT index 400000 queries 1000 k 15 features 32 request_median_ms 15.642605 device_median_ms 13.662164 rounds 3 query_tile 256 index_tile 65536
KNN REFERENCE PRICE PASS
