21028 external/tcmalloc+/tcmalloc/internal/system_allocator.h:713] Warning: Unable to mbind memory (errno=1, base=0x31c980000000, nodemask=1)
KNN_REF_HEADER mode IDENTICAL column nvidia index 100000 queries 1000 features 32 k 15 rounds 3 fixture dyadic-v1 selector 1 transpose 1 register_tile 1 index_tile 65536
KNN_PHASE_TIMERS transpose_ms 0.070736
KNN_PHASE_TIMERS distance_ms 1.665883 select_ms 1.78429 merge_ms 0.078987 distance_launches 8 select_launches 8 merge_launches 4 query_tile 256 index_tile 65536 n_queries 1000 n_index 100000 k 15
KNN_REF_WARMUP request 0 7.528812
KNN_PHASE_TIMERS transpose_ms 0.028062
KNN_PHASE_TIMERS distance_ms 1.530921 select_ms 1.724901 merge_ms 0.036534 distance_launches 8 select_launches 8 merge_launches 4 query_tile 256 index_tile 65536 n_queries 1000 n_index 100000 k 15
KNN_REF_WARMUP request 1 4.03136
KNN_PHASE_TIMERS transpose_ms 0.024967
KNN_PHASE_TIMERS distance_ms 1.552502 select_ms 1.720965 merge_ms 0.035994 distance_launches 8 select_launches 8 merge_launches 4 query_tile 256 index_tile 65536 n_queries 1000 n_index 100000 k 15
KNN_REF_ROUND request 1 4.036198
KNN_PHASE_TIMERS transpose_ms 0.025448
KNN_PHASE_TIMERS distance_ms 1.54335 select_ms 1.7325 merge_ms 0.036394 distance_launches 8 select_launches 8 merge_launches 4 query_tile 256 index_tile 65536 n_queries 1000 n_index 100000 k 15
KNN_REF_ROUND request 2 4.026042
KNN_PHASE_TIMERS transpose_ms 0.025107
KNN_PHASE_TIMERS distance_ms 1.545811 select_ms 1.725441 merge_ms 0.036274 distance_launches 8 select_launches 8 merge_launches 4 query_tile 256 index_tile 65536 n_queries 1000 n_index 100000 k 15
KNN_REF_ROUND request 3 4.0511
KNN_PHASE_TIMERS norms_ms 0.065548
KNN_PHASE_TIMERS transpose_ms 0.025158
KNN_PHASE_TIMERS distance_ms 1.526503 select_ms 1.734084 merge_ms 0.036415 distance_launches 8 select_launches 8 merge_launches 4 query_tile 256 index_tile 65536 n_queries 1000 n_index 100000 k 15
KNN_REF_WARMUP device 0 3.417592
KNN_PHASE_TIMERS norms_ms 0.063816
KNN_PHASE_TIMERS transpose_ms 0.024607
KNN_PHASE_TIMERS distance_ms 1.543308 select_ms 1.722848 merge_ms 0.036916 distance_launches 8 select_launches 8 merge_launches 4 query_tile 256 index_tile 65536 n_queries 1000 n_index 100000 k 15
KNN_REF_WARMUP device 1 3.416942
KNN_PHASE_TIMERS norms_ms 0.063826
KNN_PHASE_TIMERS transpose_ms 0.024767
KNN_PHASE_TIMERS distance_ms 1.545511 select_ms 1.723138 merge_ms 0.037377 distance_launches 8 select_launches 8 merge_launches 4 query_tile 256 index_tile 65536 n_queries 1000 n_index 100000 k 15
KNN_REF_ROUND device 1 3.420036
KNN_PHASE_TIMERS norms_ms 0.064216
KNN_PHASE_TIMERS transpose_ms 0.025118
KNN_PHASE_TIMERS distance_ms 1.550582 select_ms 1.718279 merge_ms 0.035264 distance_launches 8 select_launches 8 merge_launches 4 query_tile 256 index_tile 65536 n_queries 1000 n_index 100000 k 15
KNN_REF_ROUND device 2 3.418443
KNN_PHASE_TIMERS norms_ms 0.063866
KNN_PHASE_TIMERS transpose_ms 0.024066
KNN_PHASE_TIMERS distance_ms 1.550018 select_ms 1.720935 merge_ms 0.036515 distance_launches 8 select_launches 8 merge_launches 4 query_tile 256 index_tile 65536 n_queries 1000 n_index 100000 k 15
KNN_REF_ROUND device 3 3.417132
KNN_REF_DEVICE_VS_REQUEST mismatched_cells 0
KNN_REF_FINGERPRINT index_fnv1a64 6708970958264298028 distance_bits_xor 3546347
KNN_REF_ROW0 0 77158 1076475919
KNN_REF_ROW0 1 41527 1076618074
KNN_REF_ROW0 2 78928 1076623538
KNN_REF_ROW0 3 517 1076814954
KNN_REF_ROW0 4 78974 1076826702
KNN_REF_ROW0 5 28076 1076925698
KNN_REF_ROW0 6 63922 1077035638
KNN_REF_ROW0 7 45923 1077045289
KNN_REF_ROW0 8 73338 1077053711
KNN_REF_ROW0 9 33848 1077079711
KNN_REF_ROW0 10 38293 1077088887
KNN_REF_ROW0 11 53937 1077128578
KNN_REF_ROW0 12 81612 1077185938
KNN_REF_ROW0 13 84645 1077206181
KNN_REF_ROW0 14 40366 1077220890
KNN_REF_RESULT index 100000 queries 1000 k 15 features 32 request_median_ms 4.036198 device_median_ms 3.418443 rounds 3 query_tile 256 index_tile 65536
KNN REFERENCE PRICE PASS
