2050 external/tcmalloc+/tcmalloc/internal/system_allocator.h:713] Warning: Unable to mbind memory (errno=1, base=0x3a34c0000000, nodemask=2)
KNN_REF_HEADER mode IDENTICAL column nvidia index 400000 queries 4000 features 32 k 10 rounds 5 fixture dyadic-v1 selector 1 transpose 1 register_tile 1 index_tile 65536
KNN_REF_WARMUP request 0 30.346885
KNN_REF_WARMUP request 1 29.460303
KNN_REF_ROUND request 1 29.43755
KNN_REF_ROUND request 2 29.564562
KNN_REF_ROUND request 3 29.451153
KNN_REF_ROUND request 4 29.471765
KNN_REF_ROUND request 5 29.435827
KNN_REF_WARMUP device 0 28.28845
KNN_REF_WARMUP device 1 28.301093
KNN_REF_ROUND device 1 28.338741
KNN_REF_ROUND device 2 28.312505
KNN_REF_ROUND device 3 28.295637
KNN_REF_ROUND device 4 28.290921
KNN_REF_ROUND device 5 28.310442
KNN_REF_DEVICE_VS_REQUEST mismatched_cells 0
KNN_REF_FINGERPRINT index_fnv1a64 14071077154797861403 distance_bits_xor 708282
KNN_REF_ROW0 0 147075 1075752738
KNN_REF_ROW0 1 347872 1075802578
KNN_REF_ROW0 2 280582 1075899932
KNN_REF_ROW0 3 255546 1076098936
KNN_REF_ROW0 4 158380 1076157127
KNN_REF_ROW0 5 151319 1076280807
KNN_REF_ROW0 6 252972 1076309764
KNN_REF_ROW0 7 194725 1076394742
KNN_REF_ROW0 8 125716 1076423977
KNN_REF_ROW0 9 351008 1076424580
KNN_REF_DUMP_FULL /root/evidence/knn-stage/n400000-q4000-d32-k10-p0-coalesced.bin 40000
KNN_REF_RESULT index 400000 queries 4000 k 10 features 32 request_median_ms 29.451153 device_median_ms 28.310442 rounds 5 query_tile 256 index_tile 65536
KNN REFERENCE PRICE PASS
