2134 external/tcmalloc+/tcmalloc/internal/system_allocator.h:713] Warning: Unable to mbind memory (errno=1, base=0x596780000000, nodemask=2)
KNN_REF_HEADER mode IDENTICAL column nvidia index 400000 queries 1000 features 8 k 10 rounds 5 fixture dyadic-v1 selector 1 transpose 1 register_tile 1 index_tile 65536
KNN_REF_WARMUP request 0 6.737597
KNN_REF_WARMUP request 1 6.003755
KNN_REF_ROUND request 1 5.993709
KNN_REF_ROUND request 2 5.986091
KNN_REF_ROUND request 3 5.987157
KNN_REF_ROUND request 4 5.988581
KNN_REF_ROUND request 5 5.990756
KNN_REF_WARMUP device 0 5.660309
KNN_REF_WARMUP device 1 5.663197
KNN_REF_ROUND device 1 5.664888
KNN_REF_ROUND device 2 5.671277
KNN_REF_ROUND device 3 5.666161
KNN_REF_ROUND device 4 5.657295
KNN_REF_ROUND device 5 5.666734
KNN_REF_DEVICE_VS_REQUEST mismatched_cells 0
KNN_REF_FINGERPRINT index_fnv1a64 12179474009437360572 distance_bits_xor 40915677
KNN_REF_ROW0 0 341612 1052982195
KNN_REF_ROW0 1 364711 1054595329
KNN_REF_ROW0 2 315487 1055076329
KNN_REF_ROW0 3 40175 1055286295
KNN_REF_ROW0 4 133149 1055526036
KNN_REF_ROW0 5 109970 1055778901
KNN_REF_ROW0 6 166458 1055849502
KNN_REF_ROW0 7 145059 1056165144
KNN_REF_ROW0 8 250142 1056366159
KNN_REF_ROW0 9 24747 1056406195
KNN_REF_DUMP_FULL /root/evidence/knn-stage/n400000-q1000-d8-k10-p0-baseline.bin 10000
KNN_REF_RESULT index 400000 queries 1000 k 10 features 8 request_median_ms 5.988581 device_median_ms 5.666161 rounds 5 query_tile 256 index_tile 65536
KNN REFERENCE PRICE PASS
