1924 external/tcmalloc+/tcmalloc/internal/system_allocator.h:713] Warning: Unable to mbind memory (errno=1, base=0x791000000000, nodemask=2)
== dispatcher vs the untuned plan, BITS and TIME ==
   OK  gram.32x32x1M [SPLITK(leaf kernel -> global workspace -> level-wise threadgroup fold) -> TUNED 64x64 reg4x4 KS=16 fold=16 local tpb=256 hwftz=True (256 thr, 1-D grid, no swizzle)]  m=32 n=32 k=1000000  BITS MATCH  untuned=50.047645333333335ms dispatch=149.27983666666665ms  speedup=0.33526058475724935x
   OK  gram.32x32x64K [SPLITK(leaf kernel -> global workspace -> level-wise threadgroup fold) -> TUNED 64x64 reg4x4 KS=16 fold=16 local tpb=256 hwftz=True (256 thr, 1-D grid, no swizzle)]  m=32 n=32 k=65536  BITS MATCH  untuned=0.9408066666666667ms dispatch=10.221398333333333ms  speedup=0.0920428532364864x
   OK  gram.128sq.x100003 [TILE 16x16 KS=32 (256 thr, 1-D grid, no swizzle) -> TUNED 64x64 reg4x4 KS=16 fold=16 local tpb=256 hwftz=True (256 thr, 1-D grid, no swizzle)]  m=128 n=128 k=100003  BITS MATCH  untuned=8.625173333333333ms dispatch=15.766026666666667ms  speedup=0.5470733695744098x
   OK  ols.step1.16x16x64K [SPLITK(leaf kernel -> global workspace -> level-wise threadgroup fold) -> TUNED 64x64 reg4x4 KS=16 fold=16 local tpb=256 hwftz=True (256 thr, 1-D grid, no swizzle)]  m=16 n=16 k=65536  BITS MATCH  untuned=0.192729ms dispatch=10.260084333333333ms  speedup=0.018784348523710966x
   OK  pca.transform.8192x4x4 [TILE 32x8 KS=16 (256 thr, 1-D grid, reversed tiles) -> TUNED 64x64 reg4x4 KS=16 fold=16 local tpb=256 hwftz=True (256 thr, 1-D grid, no swizzle)]  m=8192 n=4 k=4  BITS MATCH  untuned=0.012184333333333333ms dispatch=0.011653333333333333ms  speedup=1.0455663615560642x
   OK  pca.transform.wide.8192x64x128 [TILE 16x16 KS=32 (256 thr, 1-D grid, no swizzle) -> TUNED 64x64 reg4x4 KS=16 fold=16 local tpb=256 hwftz=True (256 thr, 1-D grid, no swizzle)]  m=8192 n=64 k=128  BITS MATCH  untuned=0.088432ms dispatch=0.029233ms  speedup=3.025074402216673x
   OK  kmeans.dist.4096x64x64 [TILE 16x16 KS=32 (256 thr, 1-D grid, no swizzle) -> TUNED 64x64 reg4x4 KS=16 fold=16 local tpb=256 hwftz=True (256 thr, 1-D grid, no swizzle)]  m=4096 n=64 k=64  BITS MATCH  untuned=0.032498ms dispatch=0.019189666666666667ms  speedup=1.6935156073581266x
   OK  ols.predict.gemv.64Kx16 [TILE 32x8 KS=16 (256 thr, 1-D grid, reversed tiles) -> TUNED 64x64 reg4x4 KS=16 fold=16 local tpb=256 hwftz=True (256 thr, 1-D grid, no swizzle)]  m=65536 n=1 k=16  BITS MATCH  untuned=0.029833ms dispatch=0.04213033333333333ms  speedup=0.7081121282369789x
   OK  llama8b.qkv.t1 [SPLITK(leaf kernel -> global workspace -> level-wise threadgroup fold) -> TUNED 64x64 reg4x4 KS=16 fold=16 local tpb=256 hwftz=True (256 thr, 1-D grid, no swizzle)]  m=1 n=4096 k=4096  BITS MATCH  untuned=0.155537ms dispatch=0.613725ms  speedup=0.2534310969896941x
   OK  llama8b.qkv.t8 [TILE 8x32 KS=32 (256 thr, 2-D grid, no swizzle) -> TUNED 64x64 reg4x4 KS=16 fold=16 local tpb=256 hwftz=True (256 thr, 1-D grid, no swizzle)]  m=8 n=4096 k=4096  BITS MATCH  untuned=0.4320926666666667ms dispatch=0.6111336666666667ms  speedup=0.707034631267246x
   OK  llama8b.qkv.t512 [TILE 16x16 KS=32 (256 thr, 1-D grid, no swizzle) -> TUNED 64x64 reg4x4 KS=16 fold=16 local tpb=256 hwftz=True (256 thr, 1-D grid, no swizzle)]  m=512 n=4096 k=4096  BITS MATCH  untuned=8.523226ms dispatch=2.480387ms  speedup=3.436248456390071x
   OK  llama8b.mlp_up.t1 [TILE 8x32 KS=32 (256 thr, 2-D grid, no swizzle) -> TUNED 64x64 reg4x4 KS=16 fold=16 local tpb=256 hwftz=True (256 thr, 1-D grid, no swizzle)]  m=1 n=14336 k=4096  BITS MATCH  untuned=0.7070886666666667ms dispatch=1.2176243333333334ms  speedup=0.5807116754401261x
   OK  llama8b.mlp_up.t8 [TILE 8x32 KS=32 (256 thr, 2-D grid, no swizzle) -> TUNED 64x64 reg4x4 KS=16 fold=16 local tpb=256 hwftz=True (256 thr, 1-D grid, no swizzle)]  m=8 n=14336 k=4096  BITS MATCH  untuned=0.7314693333333333ms dispatch=1.2151203333333334ms  speedup=0.601972753864432x
   OK  llama8b.mlp_up.t512 [TILE 16x16 KS=32 (256 thr, 1-D grid, no swizzle) -> TUNED 64x64 reg4x4 KS=16 fold=16 local tpb=256 hwftz=True (256 thr, 1-D grid, no swizzle)]  m=512 n=14336 k=4096  BITS MATCH  untuned=29.206185ms dispatch=8.621168ms  speedup=3.387729481666521x
   OK  llama8b.mlp_down.t1 [SPLITK(leaf kernel -> global workspace -> level-wise threadgroup fold) -> TUNED 64x64 reg4x4 KS=16 fold=16 local tpb=256 hwftz=True (256 thr, 1-D grid, no swizzle)]  m=1 n=4096 k=14336  BITS MATCH  untuned=0.4953013333333333ms dispatch=2.131427ms  speedup=0.23238015345274943x
   OK  llama8b.mlp_down.t8 [TILE 8x32 KS=32 (256 thr, 2-D grid, no swizzle) -> TUNED 64x64 reg4x4 KS=16 fold=16 local tpb=256 hwftz=True (256 thr, 1-D grid, no swizzle)]  m=8 n=4096 k=14336  BITS MATCH  untuned=1.5292246666666667ms dispatch=2.122117333333333ms  speedup=0.7206126836844712x
   OK  llama8b.mlp_down.t512 [TILE 16x16 KS=32 (256 thr, 1-D grid, no swizzle) -> TUNED 64x64 reg4x4 KS=16 fold=16 local tpb=256 hwftz=True (256 thr, 1-D grid, no swizzle)]  m=512 n=4096 k=14336  BITS MATCH  untuned=29.67918166666667ms dispatch=8.662485ms  speedup=3.426174090537146x
   OK  llama8b.lm_head.t1 [TILE 8x32 KS=32 (256 thr, 2-D grid, no swizzle) -> TUNED 64x64 reg4x4 KS=16 fold=16 local tpb=256 hwftz=True (256 thr, 1-D grid, no swizzle)]  m=1 n=128256 k=4096  BITS MATCH  untuned=4.5392383333333335ms dispatch=9.638763666666666ms  speedup=0.47093574345340494x
   OK  llama8b.lm_head.t8 [TILE 8x32 KS=32 (256 thr, 2-D grid, no swizzle) -> TUNED 64x64 reg4x4 KS=16 fold=16 local tpb=256 hwftz=True (256 thr, 1-D grid, no swizzle)]  m=8 n=128256 k=4096  BITS MATCH  untuned=4.628681ms dispatch=9.614283ms  speedup=0.4814379813866515x
   OK  llama8b.lm_head.t512 [TILE 16x16 KS=32 (256 thr, 1-D grid, no swizzle) -> TUNED 64x64 reg4x4 KS=16 fold=16 local tpb=256 hwftz=True (256 thr, 1-D grid, no swizzle)]  m=64 n=128256 k=4096  BITS MATCH  untuned=32.566280666666664ms dispatch=9.791125666666666ms  speedup=3.326101796194561x

   20 match, 0 MOVED, 0 refused.
