1704 external/tcmalloc+/tcmalloc/internal/system_allocator.h:713] Warning: Unable to mbind memory (errno=1, base=0x5916c0000000, nodemask=2)
== dispatcher vs the untuned plan, BITS and TIME ==
   OK  gram.32x32x1M [SPLITK(leaf kernel -> global workspace -> level-wise threadgroup fold) -> TILE 8x32 KS=32 (256 thr, 2-D grid, no swizzle)]  m=32 n=32 k=1000000  BITS MATCH  untuned=49.830571666666664ms dispatch=104.24838566666666ms  speedup=0.4779984970318821x
   OK  gram.32x32x64K [SPLITK(leaf kernel -> global workspace -> level-wise threadgroup fold) -> TILE 8x32 KS=32 (256 thr, 2-D grid, no swizzle)]  m=32 n=32 k=65536  BITS MATCH  untuned=0.9435933333333333ms dispatch=4.63694ms  speedup=0.2034948335180816x
   OK  gram.128sq.x100003 [TILE 16x16 KS=32 (256 thr, 1-D grid, no swizzle) -> TILE 8x32 KS=32 (256 thr, 2-D grid, no swizzle)]  m=128 n=128 k=100003  BITS MATCH  untuned=8.642648ms dispatch=10.160573ms  speedup=0.8506063585193473x
   OK  ols.step1.16x16x64K [SPLITK(leaf kernel -> global workspace -> level-wise threadgroup fold) -> TILE 8x32 KS=32 (256 thr, 2-D grid, no swizzle)]  m=16 n=16 k=65536  BITS MATCH  untuned=0.18517333333333333ms dispatch=4.474469333333333ms  speedup=0.0413844233893509x
   OK  pca.transform.8192x4x4 [TILE 32x8 KS=16 (256 thr, 1-D grid, reversed tiles) -> TILE 8x32 KS=32 (256 thr, 2-D grid, no swizzle)]  m=8192 n=4 k=4  BITS MATCH  untuned=0.014416333333333333ms dispatch=0.017134666666666666ms  speedup=0.8413547583845615x
   OK  pca.transform.wide.8192x64x128 [TILE 16x16 KS=32 (256 thr, 1-D grid, no swizzle) -> TILE 8x32 KS=32 (256 thr, 2-D grid, no swizzle)]  m=8192 n=64 k=128  BITS MATCH  untuned=0.09069333333333333ms dispatch=0.09533ms  speedup=0.9513619357320187x
   OK  kmeans.dist.4096x64x64 [TILE 16x16 KS=32 (256 thr, 1-D grid, no swizzle) -> TILE 8x32 KS=32 (256 thr, 2-D grid, no swizzle)]  m=4096 n=64 k=64  BITS MATCH  untuned=0.033385ms dispatch=0.03726566666666667ms  speedup=0.8958648264264693x
   OK  ols.predict.gemv.64Kx16 [TILE 32x8 KS=16 (256 thr, 1-D grid, reversed tiles) -> TILE 8x32 KS=32 (256 thr, 2-D grid, no swizzle)]  m=65536 n=1 k=16  BITS MATCH  untuned=0.029988333333333332ms dispatch=0.09063533333333333ms  speedup=0.33086802056593084x
   OK  llama8b.qkv.t1 [SPLITK(leaf kernel -> global workspace -> level-wise threadgroup fold) -> TILE 8x32 KS=32 (256 thr, 2-D grid, no swizzle)]  m=1 n=4096 k=4096  BITS MATCH  untuned=0.155084ms dispatch=0.41071066666666667ms  speedup=0.3775991533374671x
   OK  llama8b.qkv.t8 [TILE 8x32 KS=32 (256 thr, 2-D grid, no swizzle) -> TILE 8x32 KS=32 (256 thr, 2-D grid, no swizzle)]  m=8 n=4096 k=4096  BITS MATCH  untuned=0.4298513333333333ms dispatch=0.431512ms  speedup=0.9961515168369206x
   OK  llama8b.qkv.t512 [TILE 16x16 KS=32 (256 thr, 1-D grid, no swizzle) -> TILE 8x32 KS=32 (256 thr, 2-D grid, no swizzle)]  m=512 n=4096 k=4096  BITS MATCH  untuned=8.532597ms dispatch=9.219766ms  speedup=0.9254678480993987x
   OK  llama8b.mlp_up.t1 [TILE 8x32 KS=32 (256 thr, 2-D grid, no swizzle) -> TILE 8x32 KS=32 (256 thr, 2-D grid, no swizzle)]  m=1 n=14336 k=4096  BITS MATCH  untuned=0.7071793333333334ms dispatch=0.7064013333333333ms  speedup=1.0011013569245812x
   OK  llama8b.mlp_up.t8 [TILE 8x32 KS=32 (256 thr, 2-D grid, no swizzle) -> TILE 8x32 KS=32 (256 thr, 2-D grid, no swizzle)]  m=8 n=14336 k=4096  BITS MATCH  untuned=0.7299333333333333ms dispatch=0.73083ms  speedup=0.9987730844838517x
   OK  llama8b.mlp_up.t512 [TILE 16x16 KS=32 (256 thr, 1-D grid, no swizzle) -> TILE 8x32 KS=32 (256 thr, 2-D grid, no swizzle)]  m=512 n=14336 k=4096  BITS MATCH  untuned=29.206828333333334ms dispatch=31.587362666666667ms  speedup=0.9246364959792781x
   OK  llama8b.mlp_down.t1 [SPLITK(leaf kernel -> global workspace -> level-wise threadgroup fold) -> TILE 8x32 KS=32 (256 thr, 2-D grid, no swizzle)]  m=1 n=4096 k=14336  BITS MATCH  untuned=0.4921493333333333ms dispatch=1.4629716666666666ms  speedup=0.3364038720275968x
   OK  llama8b.mlp_down.t8 [TILE 8x32 KS=32 (256 thr, 2-D grid, no swizzle) -> TILE 8x32 KS=32 (256 thr, 2-D grid, no swizzle)]  m=8 n=4096 k=14336  BITS MATCH  untuned=1.5299493333333334ms dispatch=1.5296596666666666ms  speedup=1.000189366741491x
   OK  llama8b.mlp_down.t512 [TILE 16x16 KS=32 (256 thr, 1-D grid, no swizzle) -> TILE 8x32 KS=32 (256 thr, 2-D grid, no swizzle)]  m=512 n=4096 k=14336  BITS MATCH  untuned=29.681449666666666ms dispatch=31.651186ms  speedup=0.9377673767632804x
   OK  llama8b.lm_head.t1 [TILE 8x32 KS=32 (256 thr, 2-D grid, no swizzle) -> TILE 8x32 KS=32 (256 thr, 2-D grid, no swizzle)]  m=1 n=128256 k=4096  BITS MATCH  untuned=4.541614ms dispatch=4.541336333333334ms  speedup=1.0000611420617822x
   OK  llama8b.lm_head.t8 [TILE 8x32 KS=32 (256 thr, 2-D grid, no swizzle) -> TILE 8x32 KS=32 (256 thr, 2-D grid, no swizzle)]  m=8 n=128256 k=4096  BITS MATCH  untuned=4.630853ms dispatch=4.627937ms  speedup=1.0006300863646156x
   OK  llama8b.lm_head.t512 [TILE 16x16 KS=32 (256 thr, 1-D grid, no swizzle) -> TILE 8x32 KS=32 (256 thr, 2-D grid, no swizzle)]  m=64 n=128256 k=4096  BITS MATCH  untuned=32.56981566666666ms dispatch=35.21067433333333ms  speedup=0.9249983501688688x

   20 match, 0 MOVED, 0 refused.
