[20:24:42 leg_diag] 1/5 build_sets
[20:24:42 build_sets] repo /root/mojolearn, dest /root/mojolearn/bench/results/e1/2026-09-02_202439-mojolearn-e2-nv/diag/wheels, tiers: fast deterministic identical, jobs: 3
[20:24:42 build_sets] pixi env: gbmbench
[20:31:26 build_sets] builds finished in 404s (rc=0)
[20:31:33 build_sets] vendor read-back per binary:
    fast _mojolearn cuda
    fast _mojolearn_gbdt cuda
    fast _mojolearn_estimators cuda
    fast _mojolearn_rf cuda
    fast _mojolearn_trees cuda
    fast _mojolearn_svm cuda
    fast _mojolearn_solver cuda
    fast _mojolearn_metrics cuda
    fast _mojolearn_tsa cuda
    fast _mojolearn_linalg cuda
    fast _mojolearn_arima cuda
    fast _mojolearn_training cuda
    fast _mojolearn_gp cuda
    fast _mojolearn_mamba cuda
    fast _mojolearn_transformer cuda
    deterministic _mojolearn cuda
    deterministic _mojolearn_gbdt cuda
    deterministic _mojolearn_estimators cuda
    deterministic _mojolearn_rf cuda
    deterministic _mojolearn_trees cuda
    deterministic _mojolearn_svm cuda
    deterministic _mojolearn_solver cuda
    deterministic _mojolearn_metrics cuda
    deterministic _mojolearn_tsa cuda
    deterministic _mojolearn_linalg cuda
    deterministic _mojolearn_arima cuda
    deterministic _mojolearn_training cuda
    deterministic _mojolearn_gp cuda
    deterministic _mojolearn_mamba cuda
    deterministic _mojolearn_transformer cuda
    identical _mojolearn cuda
    identical _mojolearn_gbdt cuda
    identical _mojolearn_estimators cuda
    identical _mojolearn_rf cuda
    identical _mojolearn_trees cuda
    identical _mojolearn_svm cuda
    identical _mojolearn_solver cuda
    identical _mojolearn_metrics cuda
    identical _mojolearn_tsa cuda
    identical _mojolearn_linalg cuda
    identical _mojolearn_arima cuda
    identical _mojolearn_training cuda
    identical _mojolearn_gp cuda
    identical _mojolearn_mamba cuda
    identical _mojolearn_transformer cuda
[20:31:33 build_sets] GPU architectures embedded, per binary:
         45 sm_80
[20:31:33 build_sets] architecture set: sm_80 
[20:31:33 build_sets] architecture: sm_80 (requested: sm_80)
[20:31:33 build_sets] vendor: cuda
[20:32:04 build_sets] CPU ISA baseline: clean at x86-64-v3 (45 binaries)
[20:32:11 build_sets] patchelf: /usr/bin/patchelf
[20:32:11 build_sets] pixi env lib: /root/mojolearn/.pixi/envs/gbmbench/lib
  closure verified: 4 libraries, nothing unresolved
  staged 4: libKGENCompilerRTShared.so, libAsyncRTMojoBindings.so, libMSupportGlobals.so, libAsyncRTRuntimeGlobals.so
  driver libraries left to the box: none
  extensions 92.8 MB, runtime libraries 3.2 MB, uncompressed set 96.0 MB
vendor=cuda
arch=sm_80
gpu_archs_requested=sm_80
build_rc=0 stage_rc=0
build_seconds=454
set_fast_count=15
set_fast_bytes=31242096
set_deterministic_count=15
set_deterministic_bytes=30926824
set_identical_count=15
set_identical_bytes=30637152
runtime_libs_bytes=3200416
runtime_libs=libAsyncRTMojoBindings.so libAsyncRTRuntimeGlobals.so libKGENCompilerRTShared.so libMSupportGlobals.so 
driver_libs_not_staged=
set_tar_gz_bytes=21705073
[20:32:16 leg_diag] CROSS-BUILD: this box is sm_90 and the set is sm_80.
[20:32:16 leg_diag]   The set cannot run here, so smoke, sabotage and nogpu are NOT
[20:32:16 leg_diag]   APPLICABLE and are recorded as such rather than as failures.
[20:32:16 leg_diag]   This leg's evidence is build_rc and the architecture read-back.
[20:32:16 leg_diag] 2/5 assemble the package as the wheel will lay it out
[20:32:16 leg_diag] 3/5..5/5 gates (a) smoke, (b) sabotage, (d) nogpu: NOT APPLICABLE
[20:32:16 leg_diag]   this box is sm_90, the set is sm_80; the binaries cannot run here
vendor=cuda  build_rc=0  smoke_rc=0  sabotage_rc=0  nogpu_rc=0
gates=NOT APPLICABLE (cross-build: box sm_90, set sm_80); evidence is build_rc and the read-back
seconds=454
vendor=cuda
arch=sm_80
gpu_archs_requested=sm_80
build_rc=0 stage_rc=0
build_seconds=454
set_fast_count=15
set_fast_bytes=31242096
set_deterministic_count=15
set_deterministic_bytes=30926824
set_identical_count=15
set_identical_bytes=30637152
runtime_libs_bytes=3200416
runtime_libs=libAsyncRTMojoBindings.so libAsyncRTRuntimeGlobals.so libKGENCompilerRTShared.so libMSupportGlobals.so 
driver_libs_not_staged=
set_tar_gz_bytes=21705073
smoke[fast]: NOT APPLICABLE: cross-build, box is sm_90 and the set is sm_80
smoke[deterministic]: NOT APPLICABLE: cross-build, box is sm_90 and the set is sm_80
smoke[identical]: NOT APPLICABLE: cross-build, box is sm_90 and the set is sm_80
sabotage: NOT APPLICABLE: cross-build, box is sm_90 and the set is sm_80
nogpu: NOT APPLICABLE: cross-build, box is sm_90 and the set is sm_80
