COMMAND ["/root/priority-pass/venv/bin/python", "/root/mojolearn-amd-verify/tools/neural_experiments.py", "--set", "priority", "--calls", "10", "--json", "/root/priority-pass/neural-priority-1.json"] ENV {}
### baseline  (defaults)
    transformer-forward     5.194 ms  digest=d5a2b289afdb5709
    mamba3-forward          8.198 ms  digest=481c50cae2dd749e
    samba-forward          20.763 ms  digest=ddce61948b8456e0
    samba-train-step      190.778 ms  digest=None
    lm-forward             56.095 ms  digest=4a8e781b0739a038
    lm-train-step         121.886 ms  digest=None
### mamba3_legacy  MOJOLEARN_MAMBA3_LEGACY_SETUP=1
    transformer-forward     5.205 ms  digest=d5a2b289afdb5709
    mamba3-forward          9.539 ms  digest=481c50cae2dd749e
    samba-forward          22.242 ms  digest=ddce61948b8456e0
    samba-train-step      208.621 ms  digest=None
    lm-forward             56.816 ms  digest=4a8e781b0739a038
    lm-train-step         121.141 ms  digest=None
### mamba3_no_retain_stages  MOJOLEARN_MAMBA3_RETAIN_STAGES=0
    transformer-forward     5.206 ms  digest=d5a2b289afdb5709
    mamba3-forward          7.970 ms  digest=481c50cae2dd749e
    samba-forward          19.935 ms  digest=ddce61948b8456e0
    samba-train-step      203.551 ms  digest=None
    lm-forward             55.324 ms  digest=4a8e781b0739a038
    lm-train-step         119.897 ms  digest=None
### norm_dw_own_ws  MOJOLEARN_TRANSFORMER_NORM_DW_OWN_WS=1
    transformer-forward     5.200 ms  digest=d5a2b289afdb5709
    mamba3-forward          8.321 ms  digest=481c50cae2dd749e
    samba-forward          20.850 ms  digest=ddce61948b8456e0
    samba-train-step      193.247 ms  digest=None
    lm-forward             56.129 ms  digest=4a8e781b0739a038
    lm-train-step         125.541 ms  digest=None

| experiment | transformer-forward | mamba3-forward | samba-forward | samba-train-step | lm-forward | lm-train-step |
|---|---:|---:|---:|---:|---:|---:|
| baseline | 5.194 (1.00x) | 8.198 (1.00x) | 20.763 (1.00x) | 190.778 (1.00x) | 56.095 (1.00x) | 121.886 (1.00x) |
| mamba3_legacy | 5.205 (1.00x) same | 9.539 (1.16x) same | 22.242 (1.07x) same | 208.621 (1.09x) same | 56.816 (1.01x) same | 121.141 (0.99x) same |
| mamba3_no_retain_stages | 5.206 (1.00x) same | 7.970 (0.97x) same | 19.935 (0.96x) same | 203.551 (1.07x) same | 55.324 (0.99x) same | 119.897 (0.98x) same |
| norm_dw_own_ws | 5.200 (1.00x) same | 8.321 (1.02x) same | 20.850 (1.00x) same | 193.247 (1.01x) same | 56.129 (1.00x) same | 125.541 (1.03x) same |

ratio < 1 is faster than baseline; MOVED means the output bits differ from baseline: do not keep that toggle.
