# vendor=cpu-amd-epyc-9655-96-core-processor commit=763565275bb976f09f03149ab42884faf72ac451 (MOJOLEARN_COMMIT) host.cpu_model='AMD EPYC 9655 96-Core Processor' host.column=cpu host.families=['_mojolearn_arima_host', '_mojolearn_byte_lm_host', '_mojolearn_core_host', '_mojolearn_embedding_host', '_mojolearn_embedding_infer_host', '_mojolearn_estimators_host', '_mojolearn_forecast_host', '_mojolearn_forest_host', '_mojolearn_gbdt_host', '_mojolearn_gp_host', '_mojolearn_gp_infer_host', '_mojolearn_hdbscan_host', '_mojolearn_hdbscan_infer_host', '_mojolearn_ivf_host', '_mojolearn_ivf_search_host', '_mojolearn_kernel_methods_host', '_mojolearn_linalg_host', '_mojolearn_mamba_host', '_mojolearn_metrics_host', '_mojolearn_mixture_host', '_mojolearn_mixture_infer_host', '_mojolearn_neural_host', '_mojolearn_preprocessing_host', '_mojolearn_resample_host', '_mojolearn_rf_host', '_mojolearn_solver_host', '_mojolearn_svm_host', '_mojolearn_tokenizer_host', '_mojolearn_training_host', '_mojolearn_transformer_host', '_mojolearn_trees_host', '_mojolearn_tsa_host']
# identity_break  mode=identical  2026-09-17 21:49:50  Linux-6.8.0-90-generic-x86_64-with-glibc2.35
# per lane: the train row, then an `infer` row (held-out rows), a `model` row (saved bytes) and a `batch` row (whole batch vs rows alone, a split and prefixes) where the lane has them
| lane                   | base             | ties             | hashed           | wide             | denormal         | denormal_ftz     | dupes            | odd              | negative         |
|------------------------|------------------|------------------|------------------|------------------|------------------|------------------|------------------|------------------|------------------|
# START standard-scaler-no-std/base repeat=1/train
# DONE standard-scaler-no-std/base repeat=1/train 0.003s
# START standard-scaler-no-std/base repeat=1/infer-save-reload
# DONE standard-scaler-no-std/base repeat=1/infer-save-reload 0.002s
# START standard-scaler-no-std/base repeat=1/batch
# DONE standard-scaler-no-std/base repeat=1/batch 0.003s
# START standard-scaler-no-std/base repeat=1/stepfull
# DONE standard-scaler-no-std/base repeat=1/stepfull 0.000s
# START standard-scaler-no-std/base repeat=2/train
# DONE standard-scaler-no-std/base repeat=2/train 0.003s
# START standard-scaler-no-std/base repeat=2/infer-save-reload
# DONE standard-scaler-no-std/base repeat=2/infer-save-reload 0.001s
# START standard-scaler-no-std/base repeat=2/batch
# DONE standard-scaler-no-std/base repeat=2/batch 0.002s
# START standard-scaler-no-std/base repeat=2/stepfull
# DONE standard-scaler-no-std/base repeat=2/stepfull 0.000s
# CELL standard-scaler-no-std/base STABLE 0.014s
# START standard-scaler-no-std/ties repeat=1/train
# DONE standard-scaler-no-std/ties repeat=1/train 0.006s
# START standard-scaler-no-std/ties repeat=1/infer-save-reload
# DONE standard-scaler-no-std/ties repeat=1/infer-save-reload 0.001s
# START standard-scaler-no-std/ties repeat=1/batch
# DONE standard-scaler-no-std/ties repeat=1/batch 0.002s
# START standard-scaler-no-std/ties repeat=1/stepfull
# DONE standard-scaler-no-std/ties repeat=1/stepfull 0.000s
# START standard-scaler-no-std/ties repeat=2/train
# DONE standard-scaler-no-std/ties repeat=2/train 0.006s
# START standard-scaler-no-std/ties repeat=2/infer-save-reload
# DONE standard-scaler-no-std/ties repeat=2/infer-save-reload 0.001s
# START standard-scaler-no-std/ties repeat=2/batch
# DONE standard-scaler-no-std/ties repeat=2/batch 0.002s
# START standard-scaler-no-std/ties repeat=2/stepfull
# DONE standard-scaler-no-std/ties repeat=2/stepfull 0.000s
# CELL standard-scaler-no-std/ties STABLE 0.018s
# START standard-scaler-no-std/hashed repeat=1/train
# DONE standard-scaler-no-std/hashed repeat=1/train 0.003s
# START standard-scaler-no-std/hashed repeat=1/infer-save-reload
# DONE standard-scaler-no-std/hashed repeat=1/infer-save-reload 0.001s
# START standard-scaler-no-std/hashed repeat=1/batch
# DONE standard-scaler-no-std/hashed repeat=1/batch 0.002s
# START standard-scaler-no-std/hashed repeat=1/stepfull
# DONE standard-scaler-no-std/hashed repeat=1/stepfull 0.000s
# START standard-scaler-no-std/hashed repeat=2/train
# DONE standard-scaler-no-std/hashed repeat=2/train 0.003s
# START standard-scaler-no-std/hashed repeat=2/infer-save-reload
# DONE standard-scaler-no-std/hashed repeat=2/infer-save-reload 0.001s
# START standard-scaler-no-std/hashed repeat=2/batch
# DONE standard-scaler-no-std/hashed repeat=2/batch 0.002s
# START standard-scaler-no-std/hashed repeat=2/stepfull
# DONE standard-scaler-no-std/hashed repeat=2/stepfull 0.000s
# CELL standard-scaler-no-std/hashed STABLE 0.011s
# START standard-scaler-no-std/wide repeat=1/train
# DONE standard-scaler-no-std/wide repeat=1/train 0.003s
# START standard-scaler-no-std/wide repeat=1/infer-save-reload
# DONE standard-scaler-no-std/wide repeat=1/infer-save-reload 0.001s
# START standard-scaler-no-std/wide repeat=1/batch
# DONE standard-scaler-no-std/wide repeat=1/batch 0.002s
# START standard-scaler-no-std/wide repeat=1/stepfull
# DONE standard-scaler-no-std/wide repeat=1/stepfull 0.000s
# START standard-scaler-no-std/wide repeat=2/train
# DONE standard-scaler-no-std/wide repeat=2/train 0.003s
# START standard-scaler-no-std/wide repeat=2/infer-save-reload
# DONE standard-scaler-no-std/wide repeat=2/infer-save-reload 0.001s
# START standard-scaler-no-std/wide repeat=2/batch
# DONE standard-scaler-no-std/wide repeat=2/batch 0.002s
# START standard-scaler-no-std/wide repeat=2/stepfull
# DONE standard-scaler-no-std/wide repeat=2/stepfull 0.000s
# CELL standard-scaler-no-std/wide STABLE 0.011s
# START standard-scaler-no-std/denormal repeat=1/train
# DONE standard-scaler-no-std/denormal repeat=1/train 0.003s
# START standard-scaler-no-std/denormal repeat=1/infer-save-reload
# DONE standard-scaler-no-std/denormal repeat=1/infer-save-reload 0.001s
# START standard-scaler-no-std/denormal repeat=1/batch
# DONE standard-scaler-no-std/denormal repeat=1/batch 0.002s
# START standard-scaler-no-std/denormal repeat=1/stepfull
# DONE standard-scaler-no-std/denormal repeat=1/stepfull 0.000s
# START standard-scaler-no-std/denormal repeat=2/train
# DONE standard-scaler-no-std/denormal repeat=2/train 0.003s
# START standard-scaler-no-std/denormal repeat=2/infer-save-reload
# DONE standard-scaler-no-std/denormal repeat=2/infer-save-reload 0.001s
# START standard-scaler-no-std/denormal repeat=2/batch
# DONE standard-scaler-no-std/denormal repeat=2/batch 0.002s
# START standard-scaler-no-std/denormal repeat=2/stepfull
# DONE standard-scaler-no-std/denormal repeat=2/stepfull 0.000s
# CELL standard-scaler-no-std/denormal STABLE 0.011s
# START standard-scaler-no-std/denormal_ftz repeat=1/train
# DONE standard-scaler-no-std/denormal_ftz repeat=1/train 0.003s
# START standard-scaler-no-std/denormal_ftz repeat=1/infer-save-reload
# DONE standard-scaler-no-std/denormal_ftz repeat=1/infer-save-reload 0.001s
# START standard-scaler-no-std/denormal_ftz repeat=1/batch
# DONE standard-scaler-no-std/denormal_ftz repeat=1/batch 0.002s
# START standard-scaler-no-std/denormal_ftz repeat=1/stepfull
# DONE standard-scaler-no-std/denormal_ftz repeat=1/stepfull 0.000s
# START standard-scaler-no-std/denormal_ftz repeat=2/train
# DONE standard-scaler-no-std/denormal_ftz repeat=2/train 0.003s
# START standard-scaler-no-std/denormal_ftz repeat=2/infer-save-reload
# DONE standard-scaler-no-std/denormal_ftz repeat=2/infer-save-reload 0.001s
# START standard-scaler-no-std/denormal_ftz repeat=2/batch
# DONE standard-scaler-no-std/denormal_ftz repeat=2/batch 0.002s
# START standard-scaler-no-std/denormal_ftz repeat=2/stepfull
# DONE standard-scaler-no-std/denormal_ftz repeat=2/stepfull 0.000s
# CELL standard-scaler-no-std/denormal_ftz STABLE 0.012s
# START standard-scaler-no-std/dupes repeat=1/train
# DONE standard-scaler-no-std/dupes repeat=1/train 0.003s
# START standard-scaler-no-std/dupes repeat=1/infer-save-reload
# DONE standard-scaler-no-std/dupes repeat=1/infer-save-reload 0.001s
# START standard-scaler-no-std/dupes repeat=1/batch
# DONE standard-scaler-no-std/dupes repeat=1/batch 0.002s
# START standard-scaler-no-std/dupes repeat=1/stepfull
# DONE standard-scaler-no-std/dupes repeat=1/stepfull 0.000s
# START standard-scaler-no-std/dupes repeat=2/train
# DONE standard-scaler-no-std/dupes repeat=2/train 0.003s
# START standard-scaler-no-std/dupes repeat=2/infer-save-reload
# DONE standard-scaler-no-std/dupes repeat=2/infer-save-reload 0.001s
# START standard-scaler-no-std/dupes repeat=2/batch
# DONE standard-scaler-no-std/dupes repeat=2/batch 0.002s
# START standard-scaler-no-std/dupes repeat=2/stepfull
# DONE standard-scaler-no-std/dupes repeat=2/stepfull 0.000s
# CELL standard-scaler-no-std/dupes STABLE 0.012s
# START standard-scaler-no-std/odd repeat=1/train
# DONE standard-scaler-no-std/odd repeat=1/train 0.002s
# START standard-scaler-no-std/odd repeat=1/infer-save-reload
# DONE standard-scaler-no-std/odd repeat=1/infer-save-reload 0.001s
# START standard-scaler-no-std/odd repeat=1/batch
# DONE standard-scaler-no-std/odd repeat=1/batch 0.003s
# START standard-scaler-no-std/odd repeat=1/stepfull
# DONE standard-scaler-no-std/odd repeat=1/stepfull 0.000s
# START standard-scaler-no-std/odd repeat=2/train
# DONE standard-scaler-no-std/odd repeat=2/train 0.002s
# START standard-scaler-no-std/odd repeat=2/infer-save-reload
# DONE standard-scaler-no-std/odd repeat=2/infer-save-reload 0.001s
# START standard-scaler-no-std/odd repeat=2/batch
# DONE standard-scaler-no-std/odd repeat=2/batch 0.002s
# START standard-scaler-no-std/odd repeat=2/stepfull
# DONE standard-scaler-no-std/odd repeat=2/stepfull 0.000s
# CELL standard-scaler-no-std/odd STABLE 0.011s
# START standard-scaler-no-std/negative repeat=1/train
# DONE standard-scaler-no-std/negative repeat=1/train 0.003s
# START standard-scaler-no-std/negative repeat=1/infer-save-reload
# DONE standard-scaler-no-std/negative repeat=1/infer-save-reload 0.001s
# START standard-scaler-no-std/negative repeat=1/batch
# DONE standard-scaler-no-std/negative repeat=1/batch 0.002s
# START standard-scaler-no-std/negative repeat=1/stepfull
# DONE standard-scaler-no-std/negative repeat=1/stepfull 0.000s
# START standard-scaler-no-std/negative repeat=2/train
# DONE standard-scaler-no-std/negative repeat=2/train 0.002s
# START standard-scaler-no-std/negative repeat=2/infer-save-reload
# DONE standard-scaler-no-std/negative repeat=2/infer-save-reload 0.001s
# START standard-scaler-no-std/negative repeat=2/batch
# DONE standard-scaler-no-std/negative repeat=2/batch 0.002s
# START standard-scaler-no-std/negative repeat=2/stepfull
# DONE standard-scaler-no-std/negative repeat=2/stepfull 0.000s
# CELL standard-scaler-no-std/negative STABLE 0.013s
| standard-scaler-no-std | a381f22821f82024 | eab958a301375afe | c4116df11012a8fe | e946f9a48c4e720c | 8ac8111d55fd1f91 | 8ac8111d55fd1f91 | e71c39df12686819 | 2ac9839d045e284d | acb8de4d02240509 |
| standard-scaler-no-std infer | 3e359a1ee902bec9 | 95025dd3f018ecbc | 9d19be2902512846 | 6ee26f14e52e0c67 | 3c22fb9e38e0528c | 3c22fb9e38e0528c | cea18e69d3eddaa9 | 5c562c5c90fb0b9d | d9a9ae103c6a6f63 |
| standard-scaler-no-std model | 50f25f32ffde8935 | 21f757a89e0188a0 | 2785347f94f39678 | eb238a15da4df998 | f8c4b0aba49a85ec | f8c4b0aba49a85ec | 5f37daf973830274 | 1c5eb8a35f8fece9 | 72c31d518bd047d4 |
| standard-scaler-no-std batch | ad43b69d0964595d | b0ba0eb10ea611f6 | 75f206f91931afb7 | a1b59d1d64487e65 | b0c03753068ba1f9 | b0c03753068ba1f9 | 8cf4dedcd2810ef7 | 51fa2154c3c96e47 | 7b04038c1bae7f03 |

cells=9 stable=9 moved=0 refused=0
infer: stable=9
model: stable=9
batch: stable=9
stepfull: n/a=9
n/a: standard-scaler-no-std stepfull n/a:no-decode-state
wrote /root/leg_out/records/standard-scaler-no-std/standard-scaler-no-std/cpu-clean.json
