!! MOJOLEARN_GPU_ARCHS=gfx942 (--target-accelerator); read the architecture back out of the built .so
Imported from /root/mojolearn/bindings/_mojolearn_gp.mojo:86:
./bindings/hostptr.mojo:58:9: warning: 'memcpy' is deprecated, use 'unsafe_memcpy' instead
        memcpy(dest=out.unsafe_ptr(), src=src, count=n)
        ^~~~~~
        unsafe_memcpy
<unknown>:0: note: 'memcpy' declared here
Imported from /root/mojolearn/bindings/_mojolearn_gp.mojo:86:
./bindings/hostptr.mojo:69:9: warning: 'memcpy' is deprecated, use 'unsafe_memcpy' instead
        memcpy(dest=out.unsafe_ptr(), src=src, count=n)
        ^~~~~~
        unsafe_memcpy
<unknown>:0: note: 'memcpy' declared here
Imported from /root/mojolearn/bindings/_mojolearn_gp.mojo:115:
Imported from ./gaussian_process/estimator.mojo:99:
/root/mojolearn/./core/identity_trace.mojo:248:14: warning: 'UnsafePointer' is deprecated, use 'Pointer' instead
        raw: UnsafePointer[UInt8, o],
             ^~~~~~~~~~~~~
             Pointer
<unknown>:0: note: 'UnsafePointer' declared here
Imported from /root/mojolearn/bindings/_mojolearn_gp.mojo:115:
Imported from ./gaussian_process/estimator.mojo:99:
/root/mojolearn/./core/identity_trace.mojo:362:14: warning: 'bitcast' is deprecated, use 'unsafe_bitcast' instead
            p.bitcast[UInt8](),
            ~^~~~~~~~
              unsafe_bitcast
<unknown>:0: note: 'bitcast' declared here
Imported from /root/mojolearn/bindings/_mojolearn_gp.mojo:115:
Imported from ./gaussian_process/estimator.mojo:99:
/root/mojolearn/./core/identity_trace.mojo:376:14: warning: 'UnsafePointer' is deprecated, use 'Pointer' instead
        ptr: UnsafePointer[Scalar[dt], o],
             ^~~~~~~~~~~~~
             Pointer
<unknown>:0: note: 'UnsafePointer' declared here
Imported from /root/mojolearn/bindings/_mojolearn_gp.mojo:115:
Imported from ./gaussian_process/estimator.mojo:98:
Imported from /root/mojolearn/./cholesky/checks/trsm.mojo:75:
/root/mojolearn/./cholesky/checks/chol_sabotage.mojo:209:13: warning: positional `__getitem__` is deprecated, use `unsafe_offset=` instead
        flag[0] = Int32(0)
        ~~~~^~~
<unknown>:0: note: '__getitem__' declared here
Imported from /root/mojolearn/bindings/_mojolearn_gp.mojo:115:
Imported from ./gaussian_process/estimator.mojo:98:
Imported from /root/mojolearn/./cholesky/checks/trsm.mojo:75:
/root/mojolearn/./cholesky/checks/chol_sabotage.mojo:232:21: warning: positional `__getitem__` is deprecated, use `unsafe_offset=` instead
                flag[0] = Int32(1)
                ~~~~^~~
<unknown>:0: note: '__getitem__' declared here
Imported from /root/mojolearn/bindings/_mojolearn_gp.mojo:115:
Imported from ./gaussian_process/estimator.mojo:98:
Imported from /root/mojolearn/./cholesky/checks/trsm.mojo:75:
/root/mojolearn/./cholesky/checks/chol_sabotage.mojo:239:16: warning: positional `__getitem__` is deprecated, use `unsafe_offset=` instead
        if flag[0] != Int32(0):
           ~~~~^~~
<unknown>:0: note: '__getitem__' declared here
Imported from /root/mojolearn/bindings/_mojolearn_gp.mojo:115:
Imported from ./gaussian_process/estimator.mojo:98:
/root/mojolearn/./cholesky/checks/trsm.mojo:460:36: warning: positional `__getitem__` is deprecated, use `unsafe_offset=` instead
                packed.unsafe_ptr()[i * width + c] = host_b.unsafe_ptr()[i * nrhs + source + c]
                ~~~~~~~~~~~~~~~~~~~^~~~~~~~~~~~~~~
<unknown>:0: note: '__getitem__' declared here
Imported from /root/mojolearn/bindings/_mojolearn_gp.mojo:115:
Imported from ./gaussian_process/estimator.mojo:98:
/root/mojolearn/./cholesky/checks/trsm.mojo:460:73: warning: positional `__getitem__` is deprecated, use `unsafe_offset=` instead
                packed.unsafe_ptr()[i * width + c] = host_b.unsafe_ptr()[i * nrhs + source + c]
                                                     ~~~~~~~~~~~~~~~~~~~^~~~~~~~~~~~~~~~~~~~~~~
<unknown>:0: note: '__getitem__' declared here
Imported from /root/mojolearn/bindings/_mojolearn_gp.mojo:115:
Imported from ./gaussian_process/estimator.mojo:98:
/root/mojolearn/./cholesky/checks/trsm.mojo:483:40: warning: positional `__getitem__` is deprecated, use `unsafe_offset=` instead
                    host_b.unsafe_ptr()[i * nrhs + s.first + c] = result.unsafe_ptr()[i * s.width + c]
                    ~~~~~~~~~~~~~~~~~~~^~~~~~~~~~~~~~~~~~~~~~~~
<unknown>:0: note: '__getitem__' declared here
Imported from /root/mojolearn/bindings/_mojolearn_gp.mojo:115:
Imported from ./gaussian_process/estimator.mojo:98:
/root/mojolearn/./cholesky/checks/trsm.mojo:483:86: warning: positional `__getitem__` is deprecated, use `unsafe_offset=` instead
                    host_b.unsafe_ptr()[i * nrhs + s.first + c] = result.unsafe_ptr()[i * s.width + c]
                                                                  ~~~~~~~~~~~~~~~~~~~^~~~~~~~~~~~~~~~~
<unknown>:0: note: '__getitem__' declared here
Imported from /root/mojolearn/bindings/_mojolearn_gp.mojo:133:
Imported from /root/mojolearn/./cholesky/estimator.mojo:49:
/root/mojolearn/./cholesky/checks/potrf.mojo:665:13: warning: positional `__getitem__` is deprecated, use `unsafe_offset=` instead
        flag[0] = Int32(0)
        ~~~~^~~
<unknown>:0: note: '__getitem__' declared here
Imported from /root/mojolearn/bindings/_mojolearn_gp.mojo:133:
Imported from /root/mojolearn/./cholesky/estimator.mojo:49:
/root/mojolearn/./cholesky/checks/potrf.mojo:681:21: warning: positional `__getitem__` is deprecated, use `unsafe_offset=` instead
                flag[0] = Int32(1)
                ~~~~^~~
<unknown>:0: note: '__getitem__' declared here
Imported from /root/mojolearn/bindings/_mojolearn_gp.mojo:133:
Imported from /root/mojolearn/./cholesky/estimator.mojo:49:
/root/mojolearn/./cholesky/checks/potrf.mojo:685:16: warning: positional `__getitem__` is deprecated, use `unsafe_offset=` instead
        if flag[0] != Int32(0):
           ~~~~^~~
<unknown>:0: note: '__getitem__' declared here
Imported from /root/mojolearn/bindings/_mojolearn_gp.mojo:115:
Imported from ./gaussian_process/estimator.mojo:99:
/root/mojolearn/./core/identity_trace.mojo:103:22: warning: 'UnsafePointer' is deprecated, use 'Pointer' instead
](seed: UInt64, ptr: UnsafePointer[UInt8, o], n: Int) -> UInt64:
                     ^~~~~~~~~~~~~
                     Pointer
<unknown>:0: note: 'UnsafePointer' declared here
Imported from /root/mojolearn/bindings/_mojolearn_gp.mojo:115:
Imported from ./gaussian_process/estimator.mojo:99:
/root/mojolearn/./core/identity_trace.mojo:386:16: warning: 'bitcast' is deprecated, use 'unsafe_bitcast' instead
            ptr.bitcast[UInt8](),
            ~~~^~~~~~~~
                unsafe_bitcast
<unknown>:0: note: 'bitcast' declared here
Imported from /root/mojolearn/bindings/_mojolearn_gp.mojo:115:
Imported from ./gaussian_process/estimator.mojo:125:
/root/mojolearn/./gemm/checks/gemm_identical.mojo:6172:16: warning: 'store' is deprecated, use 'unsafe_store' instead
            as_.store[alignment=ALIGN](initial_page * APAGE + ga[0] * ASTRIDE + ga[1] * RPT, pga)
            ~~~^~~~~~
                unsafe_store
<unknown>:0: note: 'store' declared here
Imported from /root/mojolearn/bindings/_mojolearn_gp.mojo:115:
Imported from ./gaussian_process/estimator.mojo:125:
/root/mojolearn/./gemm/checks/gemm_identical.mojo:6173:16: warning: 'store' is deprecated, use 'unsafe_store' instead
            bs_.store[alignment=ALIGN](initial_page * BPAGE + gb[0] * BSTRIDE + gb[1] * CPT, pgb)
            ~~~^~~~~~
                unsafe_store
<unknown>:0: note: 'store' declared here
Imported from /root/mojolearn/bindings/_mojolearn_gp.mojo:115:
Imported from ./gaussian_process/estimator.mojo:125:
/root/mojolearn/./gemm/checks/gemm_identical.mojo:6190:14: warning: 'store' is deprecated, use 'unsafe_store' instead
          as_.store[alignment=ALIGN](pgw * APAGE + ga[0] * ASTRIDE + ga[1] * RPT, pga)
          ~~~^~~~~~
              unsafe_store
<unknown>:0: note: 'store' declared here
Imported from /root/mojolearn/bindings/_mojolearn_gp.mojo:115:
Imported from ./gaussian_process/estimator.mojo:125:
/root/mojolearn/./gemm/checks/gemm_identical.mojo:6191:14: warning: 'store' is deprecated, use 'unsafe_store' instead
          bs_.store[alignment=ALIGN](pgw * BPAGE + gb[0] * BSTRIDE + gb[1] * CPT, pgb)
          ~~~^~~~~~
              unsafe_store
<unknown>:0: note: 'store' declared here
Imported from /root/mojolearn/bindings/_mojolearn_gp.mojo:115:
Imported from ./gaussian_process/estimator.mojo:125:
/root/mojolearn/./gemm/checks/gemm_identical.mojo:6239:26: warning: 'load' is deprecated, use 'unsafe_load' instead
            var ra1 = as_.load[width=RPT, alignment=ALIGN](abase)
                      ~~~^~~~~
                          unsafe_load
<unknown>:0: note: 'load' declared here
Imported from /root/mojolearn/bindings/_mojolearn_gp.mojo:115:
Imported from ./gaussian_process/estimator.mojo:125:
/root/mojolearn/./gemm/checks/gemm_identical.mojo:6240:26: warning: 'load' is deprecated, use 'unsafe_load' instead
            var rb1 = bs_.load[width=CPT, alignment=ALIGN](bbase)
                      ~~~^~~~~
                          unsafe_load
<unknown>:0: note: 'load' declared here
Imported from /root/mojolearn/bindings/_mojolearn_gp.mojo:115:
Imported from ./gaussian_process/estimator.mojo:125:
/root/mojolearn/./gemm/checks/gemm_identical.mojo:6249:29: warning: 'load' is deprecated, use 'unsafe_load' instead
                var ra = as_.load[width=RPT, alignment=ALIGN](abase + c0 * RPT)
                         ~~~^~~~~
                             unsafe_load
<unknown>:0: note: 'load' declared here
Imported from /root/mojolearn/bindings/_mojolearn_gp.mojo:115:
Imported from ./gaussian_process/estimator.mojo:125:
/root/mojolearn/./gemm/checks/gemm_identical.mojo:6250:29: warning: 'load' is deprecated, use 'unsafe_load' instead
                var rb = bs_.load[width=CPT, alignment=ALIGN](bbase + c0 * CPT)
                         ~~~^~~~~
                             unsafe_load
<unknown>:0: note: 'load' declared here
Imported from /root/mojolearn/bindings/_mojolearn_gp.mojo:115:
Imported from ./gaussian_process/estimator.mojo:125:
/root/mojolearn/./gemm/checks/gemm_identical.mojo:6276:30: warning: 'load' is deprecated, use 'unsafe_load' instead
                var ra2 = as_.load[width=RPT, alignment=ALIGN](abase + cc * RPT)
                          ~~~^~~~~
                              unsafe_load
<unknown>:0: note: 'load' declared here
Imported from /root/mojolearn/bindings/_mojolearn_gp.mojo:115:
Imported from ./gaussian_process/estimator.mojo:125:
/root/mojolearn/./gemm/checks/gemm_identical.mojo:6277:30: warning: 'load' is deprecated, use 'unsafe_load' instead
                var rb2 = bs_.load[width=CPT, alignment=ALIGN](bbase + cc * CPT)
                          ~~~^~~~~
                              unsafe_load
<unknown>:0: note: 'load' declared here
/root/mojolearn/bindings/_mojolearn_gp.mojo:432:16: warning: assignment to 'info' was never used; assign to '_' instead?
    var info = 0
               ^
/root/mojolearn/bindings/_mojolearn_gp.mojo:587:21: warning: assignment to 'n_clamped' was never used; assign to '_' instead?
    var n_clamped = 0
                    ^
/root/mojolearn/bindings/_mojolearn_gp.mojo:794:16: warning: assignment to 'info' was never used; assign to '_' instead?
    var info = 0
               ^
/root/mojolearn/bindings/_mojolearn_gp.mojo:957:18: warning: assignment to 'n_iter' was never used; assign to '_' instead?
    var n_iter = 0
                 ^
/root/mojolearn/bindings/_mojolearn_gp.mojo:1061:14: warning: assignment to 'rc' was never used; assign to '_' instead?
    var rc = 0
             ^
/root/mojolearn/bindings/_mojolearn_gp.mojo:1146:16: warning: assignment to 'info' was never used; assign to '_' instead?
    var info = 0
               ^
Included from /root/mojolearn/bindings/_mojolearn_gp.mojo:125:
Included from ./gaussian_process/classifier.mojo:51:
./gaussian_process/host/gpc_steps.mojo:426:31: warning: assignment to 'integral' was never used; assign to '_' instead?
        var integral = Float64(0.0)
                              ^
built python/mojolearn/identical/_mojolearn_gp.so (kernel-launch smoke skipped; binary checks ran)
