4194 external/tcmalloc+/tcmalloc/internal/system_allocator.h:713] Warning: Unable to mbind memory (errno=1, base=0x733e40000000, nodemask=1)
/root/mamba3-residual/bindings/_mojolearn_mamba.mojo:244:13: warning: 'memcpy' is deprecated, use 'unsafe_memcpy' instead
            memcpy(dest=out.unsafe_ptr(), src=p, count=n)
            ^~~~~~
            unsafe_memcpy
<unknown>:0: note: 'memcpy' declared here
/root/mamba3-residual/bindings/_mojolearn_mamba.mojo:254:13: warning: 'memcpy' is deprecated, use 'unsafe_memcpy' instead
            memcpy(dest=p, src=values.unsafe_ptr(), count=len(values))
            ^~~~~~
            unsafe_memcpy
<unknown>:0: note: 'memcpy' declared here
/root/mamba3-residual/bindings/_mojolearn_mamba.mojo:274:13: warning: 'memcpy' is deprecated, use 'unsafe_memcpy' instead
            memcpy(dest=host.unsafe_ptr(), src=src, count=n)
            ^~~~~~
            unsafe_memcpy
<unknown>:0: note: 'memcpy' declared here
/root/mamba3-residual/bindings/_mojolearn_mamba.mojo:305:13: warning: 'memcpy' is deprecated, use 'unsafe_memcpy' instead
            memcpy(dest=dst, src=host.unsafe_ptr(), count=n)
            ^~~~~~
            unsafe_memcpy
<unknown>:0: note: 'memcpy' declared here
Imported from /root/mamba3-residual/bindings/_mojolearn_mamba.mojo:139:
./mamba/impl/mamba_ssm/modules/mamba3_transfer.mojo:28:13: warning: 'memcpy' is deprecated, use 'unsafe_memcpy' instead
            memcpy(dest=host.unsafe_ptr(), src=values.unsafe_ptr(), count=n)
            ^~~~~~
            unsafe_memcpy
<unknown>:0: note: 'memcpy' declared here
Imported from /root/mamba3-residual/bindings/_mojolearn_mamba.mojo:139:
./mamba/impl/mamba_ssm/modules/mamba3_transfer.mojo:51:13: warning: 'memcpy' is deprecated, use 'unsafe_memcpy' instead
            memcpy(dest=out.unsafe_ptr(), src=host.unsafe_ptr(), count=n)
            ^~~~~~
            unsafe_memcpy
<unknown>:0: note: 'memcpy' declared here
Imported from /root/mamba3-residual/bindings/_mojolearn_mamba.mojo:147:
./core/identity_trace.mojo:248:14: warning: 'UnsafePointer' is deprecated, use 'Pointer' instead
        raw: UnsafePointer[UInt8, o],
             ^~~~~~~~~~~~~
             Pointer
<unknown>:0: note: 'UnsafePointer' declared here
Imported from /root/mamba3-residual/bindings/_mojolearn_mamba.mojo:147:
./core/identity_trace.mojo:362:14: warning: 'bitcast' is deprecated, use 'unsafe_bitcast' instead
            p.bitcast[UInt8](),
            ~^~~~~~~~
              unsafe_bitcast
<unknown>:0: note: 'bitcast' declared here
Imported from /root/mamba3-residual/bindings/_mojolearn_mamba.mojo:147:
./core/identity_trace.mojo:103:22: warning: 'UnsafePointer' is deprecated, use 'Pointer' instead
](seed: UInt64, ptr: UnsafePointer[UInt8, o], n: Int) -> UInt64:
                     ^~~~~~~~~~~~~
                     Pointer
<unknown>:0: note: 'UnsafePointer' declared here
Imported from /root/mamba3-residual/bindings/_mojolearn_mamba.mojo:147:
./core/identity_trace.mojo:376:14: warning: 'UnsafePointer' is deprecated, use 'Pointer' instead
        ptr: UnsafePointer[Scalar[dt], o],
             ^~~~~~~~~~~~~
             Pointer
<unknown>:0: note: 'UnsafePointer' declared here
Imported from /root/mamba3-residual/bindings/_mojolearn_mamba.mojo:138:
./mamba/impl/mamba_ssm/ops/mamba3_siso.mojo:969:11: warning: positional `__getitem__` is deprecated, use `unsafe_offset=` instead
        sv[tid] = value
        ~~^~~~~
<unknown>:0: note: '__getitem__' declared here
Imported from /root/mamba3-residual/bindings/_mojolearn_mamba.mojo:138:
./mamba/impl/mamba_ssm/ops/mamba3_siso.mojo:973:21: warning: positional `__getitem__` is deprecated, use `unsafe_offset=` instead
        var vsv = sv[j * 2 + p % 2]
                  ~~^~~~~~~~~~~~~~~
<unknown>:0: note: '__getitem__' declared here
Imported from /root/mamba3-residual/bindings/_mojolearn_mamba.mojo:138:
./mamba/impl/mamba_ssm/ops/mamba3_siso.mojo:1140:11: warning: positional `__getitem__` is deprecated, use `unsafe_offset=` instead
        sq[row * 32 + col] = qword
        ~~^~~~~~~~~~~~~~~~
<unknown>:0: note: '__getitem__' declared here
Imported from /root/mamba3-residual/bindings/_mojolearn_mamba.mojo:138:
./mamba/impl/mamba_ssm/ops/mamba3_siso.mojo:1146:15: warning: positional `__getitem__` is deprecated, use `unsafe_offset=` instead
            sk[col * 33 + kj] = kword
            ~~^~~~~~~~~~~~~~~
<unknown>:0: note: '__getitem__' declared here
Imported from /root/mamba3-residual/bindings/_mojolearn_mamba.mojo:138:
./mamba/impl/mamba_ssm/ops/mamba3_siso.mojo:1150:47: warning: positional `__getitem__` is deprecated, use `unsafe_offset=` instead
                acc = ftz(identical_mul_add(sq[row * 32 + kk], sk[kk * 33 + col], acc))
                                            ~~^~~~~~~~~~~~~~~
<unknown>:0: note: '__getitem__' declared here
Imported from /root/mamba3-residual/bindings/_mojolearn_mamba.mojo:138:
./mamba/impl/mamba_ssm/ops/mamba3_siso.mojo:1150:66: warning: positional `__getitem__` is deprecated, use `unsafe_offset=` instead
                acc = ftz(identical_mul_add(sq[row * 32 + kk], sk[kk * 33 + col], acc))
                                                               ~~^~~~~~~~~~~~~~~
<unknown>:0: note: '__getitem__' declared here
Imported from /root/mamba3-residual/bindings/_mojolearn_mamba.mojo:138:
./mamba/impl/mamba_ssm/ops/mamba3_siso.mojo:1314:11: warning: positional `__getitem__` is deprecated, use `unsafe_offset=` instead
        sq[row * 32 + pp] = qword
        ~~^~~~~~~~~~~~~~~
<unknown>:0: note: '__getitem__' declared here
Imported from /root/mamba3-residual/bindings/_mojolearn_mamba.mojo:138:
./mamba/impl/mamba_ssm/ops/mamba3_siso.mojo:1317:15: warning: positional `__getitem__` is deprecated, use `unsafe_offset=` instead
            sh[pp * 33 + hp] = ftz(pass_states.unsafe_load(((((bb * nc + c) * nh + hh) * M3_HEADDIM) + pbase + hp) * M3_D_STATE + k0 + pp))
            ~~^~~~~~~~~~~~~~
<unknown>:0: note: '__getitem__' declared here
Imported from /root/mamba3-residual/bindings/_mojolearn_mamba.mojo:138:
./mamba/impl/mamba_ssm/ops/mamba3_siso.mojo:1320:28: warning: positional `__getitem__` is deprecated, use `unsafe_offset=` instead
            var qword2 = sq[row * 32 + kk]
                         ~~^~~~~~~~~~~~~~~
<unknown>:0: note: '__getitem__' declared here
Imported from /root/mamba3-residual/bindings/_mojolearn_mamba.mojo:138:
./mamba/impl/mamba_ssm/ops/mamba3_siso.mojo:1321:27: warning: positional `__getitem__` is deprecated, use `unsafe_offset=` instead
            var hword = sh[kk * 33 + pp]
                        ~~^~~~~~~~~~~~~~
<unknown>:0: note: '__getitem__' declared here
Imported from /root/mamba3-residual/bindings/_mojolearn_mamba.mojo:147:
./core/identity_trace.mojo:386:16: warning: 'bitcast' is deprecated, use 'unsafe_bitcast' instead
            ptr.bitcast[UInt8](),
            ~~~^~~~~~~~
                unsafe_bitcast
<unknown>:0: note: 'bitcast' declared here
/root/mamba3-residual/bindings/_mojolearn_mamba.mojo:734:19: warning: assignment to 'out_len' was never used; assign to '_' instead?
    var out_len = 0
                  ^
/root/mamba3-residual/bindings/_mojolearn_mamba.mojo:766:19: warning: assignment to 'out_len' was never used; assign to '_' instead?
    var out_len = 0
                  ^
/root/mamba3-residual/bindings/_mojolearn_mamba.mojo:816:18: warning: assignment to 'di' was never used; assign to '_' instead?
    var di = dims.d_inner
                 ^
/root/mamba3-residual/bindings/_mojolearn_mamba.mojo:817:29: warning: assignment to 'dip' was never used; assign to '_' instead?
    var dip = dims.d_in_proj()
                            ^
/root/mamba3-residual/bindings/_mojolearn_mamba.mojo:1024:19: warning: assignment to 'out_len' was never used; assign to '_' instead?
    var out_len = 0
                  ^
/root/mamba3-residual/bindings/_mojolearn_mamba.mojo:1042:9: warning: ref 'i' was never used, remove it?
    for i in range(10):
        ^
/root/mamba3-residual/bindings/_mojolearn_mamba.mojo:1051:19: warning: assignment to 'out_len' was never used; assign to '_' instead?
    var out_len = 0
                  ^
/root/mamba3-residual/bindings/_mojolearn_mamba.mojo:1082:19: warning: assignment to 'out_len' was never used; assign to '_' instead?
    var out_len = 0
                  ^
