{"package": "/root/rel061-build/venv/lib/python3.12/site-packages/mojolearn/__init__.py", "version": "0.7.0", "vendor": "hip", "mode": "identical"}
{"package": "/root/rel061-build/venv/lib/python3.12/site-packages/mojolearn/__init__.py", "version": "0.7.0", "vendor": "hip", "mode": "identical", "wheel_sha256": "afb5dd8a06ba62ff222168fad7440e6558fb7e1fd43018ac7c648321e4fb9d75", "installed_bindings": {"_mojolearn": {"path": "/root/rel061-build/venv/lib/python3.12/site-packages/mojolearn/hip/gfx942/identical/_mojolearn.so", "sha256": "c9a29de2f5d01516e1c2b9c9fdc3d6d6f8f5a79e930c4ae9dcd901c94c257e83", "mode_code": 1}, "_mojolearn_arima": {"path": "/root/rel061-build/venv/lib/python3.12/site-packages/mojolearn/hip/gfx942/identical/_mojolearn_arima.so", "sha256": "79c0047a5f195a7e76f357048e2dd4f0a751abb9e3728da80b8bec4510a14711", "mode_code": 1}, "_mojolearn_byte_lm": {"path": "/root/rel061-build/venv/lib/python3.12/site-packages/mojolearn/hip/gfx942/identical/_mojolearn_byte_lm.so", "sha256": "1ba96853da8ef50f3dd90d5b4506049d4f3a190329bbfd14b2914e4efba6846d", "mode_code": 1}, "_mojolearn_estimators": {"path": "/root/rel061-build/venv/lib/python3.12/site-packages/mojolearn/hip/gfx942/identical/_mojolearn_estimators.so", "sha256": "f1e16de7f384217fb16624e9256129a7576c5be1c16e7ffd16c54cd2d603d2f9", "mode_readback": "unavailable; build provenance and functional gate required"}, "_mojolearn_gbdt": {"path": "/root/rel061-build/venv/lib/python3.12/site-packages/mojolearn/hip/gfx942/identical/_mojolearn_gbdt.so", "sha256": "c3255edb3d43c6c7021c6fd7deafd1f07c22680e3d37af96cc7f70f044b80c14", "mode_code": 1}, "_mojolearn_gp": {"path": "/root/rel061-build/venv/lib/python3.12/site-packages/mojolearn/hip/gfx942/identical/_mojolearn_gp.so", "sha256": "ae0f0688fd24920303da5f357618bcf4f341695cedb2c823ed7e1cca7bebd67c", "mode_code": 1}, "_mojolearn_linalg": {"path": "/root/rel061-build/venv/lib/python3.12/site-packages/mojolearn/hip/gfx942/identical/_mojolearn_linalg.so", "sha256": "0d2e1089bfb6fbdf87f2a52e5e2f164aea85267a36fa97ac437359a78301fa96", "mode_code": 1}, "_mojolearn_mamba": {"path": "/root/rel061-build/venv/lib/python3.12/site-packages/mojolearn/hip/gfx942/identical/_mojolearn_mamba.so", "sha256": "3e866492f5780fe97332cf26e45aa1de0432a0d6f8a204a3a2a5b209d96fc24e", "mode_code": 1}, "_mojolearn_metrics": {"path": "/root/rel061-build/venv/lib/python3.12/site-packages/mojolearn/hip/gfx942/identical/_mojolearn_metrics.so", "sha256": "6c74cadc1c5589890ce561e5737e5fc088f6087c21361f66287e20bb313ec1a0", "mode_code": 1}, "_mojolearn_rf": {"path": "/root/rel061-build/venv/lib/python3.12/site-packages/mojolearn/hip/gfx942/identical/_mojolearn_rf.so", "sha256": "c8b17b3b5e06467b9683b5d04cdb5f5e18eb6fdf3fa8040c37564c455365a721", "mode_readback": "unavailable; build provenance and functional gate required"}, "_mojolearn_solver": {"path": "/root/rel061-build/venv/lib/python3.12/site-packages/mojolearn/hip/gfx942/identical/_mojolearn_solver.so", "sha256": "a0e7c25309b92782292fa4f527fa0edfd3c1c7afad98844c63623dc3172b4790", "mode_readback": "unavailable; build provenance and functional gate required"}, "_mojolearn_svm": {"path": "/root/rel061-build/venv/lib/python3.12/site-packages/mojolearn/hip/gfx942/identical/_mojolearn_svm.so", "sha256": "5861f61828881e956cca5dd5c493bb4460abd7a26215d077162e0876daaf8ac6", "mode_code": 1}, "_mojolearn_training": {"path": "/root/rel061-build/venv/lib/python3.12/site-packages/mojolearn/hip/gfx942/identical/_mojolearn_training.so", "sha256": "3da009c8c6d36ea41262127d9fb1a6cdfdc703e6d93fd4d2c0e2af6d0217a7ac", "mode_code": 1}, "_mojolearn_transformer": {"path": "/root/rel061-build/venv/lib/python3.12/site-packages/mojolearn/hip/gfx942/identical/_mojolearn_transformer.so", "sha256": "0ddb46387c61b976c303cfde100300aacc2ae0ba6a14678ab714d69dadde802b", "mode_code": 1}, "_mojolearn_trees": {"path": "/root/rel061-build/venv/lib/python3.12/site-packages/mojolearn/hip/gfx942/identical/_mojolearn_trees.so", "sha256": "9915a770c99c5da4bd2160771e60740c12c535da17d3e222a760b0a6c39791b5", "mode_readback": "unavailable; build provenance and functional gate required"}, "_mojolearn_tsa": {"path": "/root/rel061-build/venv/lib/python3.12/site-packages/mojolearn/hip/gfx942/identical/_mojolearn_tsa.so", "sha256": "74bec39722fedf0e3a45d2939da43aaecbf33e95e3aa67621e4f3d94bed5dfbc", "mode_readback": "unavailable; build provenance and functional gate required"}}, "device_architecture": "gfx942", "selected_architecture": "gfx942", "architecture_probe": "gfx_target_version in /sys/class/kfd/kfd/topology/nodes/1/properties", "architecture_override_absent": true}

  REFUSALS (Python side, no device)
    pass a float64 x is refused BY NAME (no silent downcast)
    pass the refusal message names bfloat16 (a reduced-precision profile ships under its own version, contract section 11)
    pass a 2-D x is refused for forward (only step squeezes)
    pass an x whose d_model is not the weights' is refused
    pass a multi-token step is refused
    pass step without a state is refused
    pass a float64 weight is refused by its own name
    pass q_proj/o_proj are square at every legal config, so their transpose is shape-indistinguishable (NAMED LIMIT: no exact-shape check can see it; the trap is asserted on the non-square k_proj below)
    pass a transposed projection cannot cross as a plausible buffer (exact-shape refusal; the OP_NT trap's Python face)
    pass a missing weight name is refused (no silent zero weight)
    pass d_model = 32 with n_heads = 3 is refused (d_model == n_heads*head_dim; LlamaDims.validate carries the same rule)
    pass a wrong-shape state buffer is refused by name
    pass a state allocated for another batch size is refused

  REFERENCE (contract float64, config A: n_kv 1, n_rep 2, it 64)
    pass y has x's shape
    pass y is finite
    pass block output matches the contract's float64 reference at the adopted anchor tolerance (rtol 1e-5, atol 1e-6; header says how to recalibrate honestly if accuracy alone fails it)

  REFERENCE (contract float64, config B: n_kv 2, n_rep 1, it 300)
    pass y has x's shape
    pass block output matches the reference with n_rep 1 and the k = 300 down_proj (the GEMM's P = 3 ragged fold inside the composition, contract section 3)

  STATE (cached_tokens and the packed cache)
    pass cached_tokens after an L=4 prefill is 4
    pass a carried-state prefill == the stateless prefill (the discarded cache is not an input)
    pass keys() hands back the packed used region's shape
    pass values() hands back the packed used region's shape
    pass the key cache is nonzero after a prefill (the state really came back)

  DECODE (bitwise ASSERTED)
    pass step token 0 == prefill token 0
    pass step token 1 == prefill token 1
    pass step token 2 == prefill token 2
    pass step token 3 == prefill token 3
    pass cached_tokens after 4 steps is 4
    pass the packed key cache after 4 steps == the prefill's
    pass the packed value cache after 4 steps == the prefill's

  RESUMPTION (bitwise ASSERTED)
    pass cached_tokens after L-1 tokens is L-1
    pass the L-1 prefill's rows == the whole prefill's first L-1 rows (prefix property)
    pass cached_tokens after the step is L
    pass one decode step after L-1 == prefill token L-1 (contract 7.2: one spelling serves both paths)
    pass split == whole: the packed key cache
    pass split == whole: the packed value cache

  DETERMINISM (repeat call bitwise ASSERTED)
    pass the same fresh prefill through the binding twice is byte-identical

  MOJO REFUSALS (reached from Python, refused by name)
    pass a step past max_tokens is refused IN MOJO by name (the cache would grow past its capacity)
    pass max_tokens past 8192 is refused IN MOJO by name (DEVIATION 812's absolute-position ceiling)
    pass cached_tokens outside [0, max_tokens] is refused BY NAME at the binding boundary (DEVIATION 795(iv): the two sides disagree about the state)
    pass a NaN in x is refused IN MOJO under the upstream name (llama_refuse_bad_call; payloads are vendor-shaped)
    pass an odd head_dim is refused IN MOJO by name (RoPE pairs halves; LlamaDims.validate)

  CORPUS DEBT (transformer/corpus)
    pass transformer/corpus found walking up from this file
    pass [OWED, recorded debt -- no comparison ran] corpus tolerance arm: transformer/corpus holds a generator and no case data (the lane's phase 7 row: gen_corpus.py has never been executed). The float64 reference above is this file's own transcription, not an independent artifact. This row FAILS once case data appears, until the ref64 arm is wired

  44 checks, 0 failed

test_transformer_surface: GREEN. The block reproduces the
contract's float64 reference at the anchor tolerance through
the Python surface on both GQA configs, decode equals prefill
bit for bit per token through this path, a split prefill
resumes bit for bit through the explicit caller-owned KV cache,
the packed cache round-trips exactly, a repeated call is
byte-identical, and every guard on the path fires by name --
the Mojo-side refusals included. One box, one vendor: the
cross-vendor statement belongs to the lane's cards, not to this
file.
