start 2026-09-02T20:50:44Z
!! MOJOLEARN_GPU_ARCHS=gfx1100 (--target-accelerator); read the architecture back out of the built .so
Imported from /root/mojolearn/bindings/_mojolearn_transformer.mojo:127:
./core/identity_trace.mojo:248:14: warning: 'UnsafePointer' is deprecated, use 'Pointer' instead
        raw: UnsafePointer[UInt8, o],
             ^~~~~~~~~~~~~
             Pointer
<unknown>:0: note: 'UnsafePointer' declared here
Imported from /root/mojolearn/bindings/_mojolearn_transformer.mojo:127:
./core/identity_trace.mojo:362:14: warning: 'bitcast' is deprecated, use 'unsafe_bitcast' instead
            p.bitcast[UInt8](),
            ~^~~~~~~~
              unsafe_bitcast
<unknown>:0: note: 'bitcast' declared here
Imported from /root/mojolearn/bindings/_mojolearn_transformer.mojo:127:
./core/identity_trace.mojo:103:22: warning: 'UnsafePointer' is deprecated, use 'Pointer' instead
](seed: UInt64, ptr: UnsafePointer[UInt8, o], n: Int) -> UInt64:
                     ^~~~~~~~~~~~~
                     Pointer
<unknown>:0: note: 'UnsafePointer' declared here
/root/mojolearn/bindings/_mojolearn_transformer.mojo:394:19: warning: assignment to 'out_len' was never used; assign to '_' instead?
    var out_len = 0
                  ^
/root/mojolearn/bindings/_mojolearn_transformer.mojo:431:19: warning: assignment to 'out_len' was never used; assign to '_' instead?
    var out_len = 0
                  ^
built python/mojolearn/_mojolearn_transformer.so (gate skipped: non-Darwin or MOJOLEARN_SKIP_BUILD_GATE)
end 2026-09-02T20:50:56Z OK
