== gemm.fp32.v1 remote leg (DEVIATION 536) ==
   profile:  mojolearn.identical.gemm.fp32.v1
   vendor:   nvidia    label in the diff: NVIDIA
   payload:  gemm
   mode:     rent
   gpu:      NVIDIA H100 80GB HBM3
   image:    runpod/pytorch:2.4.0-py3.11-cuda12.4.1-devel-ubuntu22.04
   lease:    60 minutes (hard cap 60)
   out:      bench/results/e1g/2026-09-18-nvidia-h100-attention-integrated

   commit:   9d3cf5627 parent 104f32716 5025376d5

== step 1: the Apple reference card ==
[06:10:17 nvidia] local card SUPPLIED (not generated): bench/results/e1g/2026-09-18-nvidia-h100-attention-integrated/local/apple.card
[06:10:17 nvidia]   nothing here can check it came from this commit. That is on the operator.
  local card: mode read back from the run itself = [IDENTICAL]
  local card: bench/results/e1g/2026-09-18-nvidia-h100-attention-integrated/local/apple.card (61 lines)

== step 2: pre-flight ==
  pre-flight: this machine's uplink
    uplink up on all three probes
  pre-flight: existing leases on this machine
    3aoz6k8bdxhhju   EXPIRED 9522 min ago
    44j9e1zik7r8qr   EXPIRED 9489 min ago
    gdkumy79olopt6   EXPIRED 11566 min ago
    kpq865uami33s3   EXPIRED 11435 min ago
    m4gh2e66ikwihq   EXPIRED 12015 min ago
    o8q8dklahstpoz   EXPIRED 11985 min ago
    td6w0v7xzqcxeh   EXPIRED 11476 min ago
    ujlg5ytky38cvv   EXPIRED 11525 min ago
  pre-flight: pods already up on this account
    none named mojolearn-gemm-*

== step 3: the box ==
[06:10:33 nvidia] dead-man ARMED before the create: pid 98265, fires in 4500s, keyed by name mojolearn-gemm-nvidia-2026-09-18_061017-97977
[06:10:33 nvidia]   cancel by hand only after the pod is confirmed gone:  kill 98265; rm -rf /var/folders/hy/_ylqg90n5lz20fd6tsrwg0cw0000gn/T//mojolearn-gemm-deadman-97977
[06:10:33 nvidia] creating mojolearn-gemm-nvidia-2026-09-18_061017-97977 (NVIDIA H100 80GB HBM3, runpod/pytorch:2.4.0-py3.11-cuda12.4.1-devel-ubuntu22.04)
[06:10:33 nvidia]   THE BILL STARTS HERE and the box is NOT YET ARMED.
[06:10:35 nvidia] pod gh0ejxm05juevy created
[06:10:47 nvidia] ssh target: -p 11834 root@103.207.149.63
[06:10:50 nvidia] ssh up after 1 attempt(s)

== step 4: the lease, BEFORE any work ==
[06:10:50 nvidia] ARMING THE LEASE BEFORE ANY WORK (60 minutes)
    arming a 60-minute self-kill on pod gh0ejxm05juevy ...
    ARMED. Pod gh0ejxm05juevy is TERMINATED through the API in 60 minutes.
      lease: /Users/andrewhendel/mojolearn-wt/lm-attention-fallback/tools/../bench/results/runpod_leases/gh0ejxm05juevy.lease
      extend with: tools/runpod_guard.sh extend gh0ejxm05juevy '-p 11834 root@103.207.149.63' <minutes>
    gh0ejxm05juevy: 60 minutes left of a 60-minute lease

== step 5: the key on the pod, and where it is visible ==
    -rw------- 1 root root 50 Sep 18 10:11 /root/.mojolearn-rp.key
    KEY_NOT_IN_PS

== step 6: the source ==
[06:11:06 nvidia] shipping the COMMIT (9d3cf5627b4a935baad2fd071d0a5aadcaffe8ef), not the working tree
[06:11:09 nvidia]   archive source sha256: fc87f273579e4889d84ecff6e59f70c2
[06:11:42 nvidia] R2 STAGED 1 key(s) in 11s, 1 linked into /root/mojolearn
[06:11:46 nvidia] shipped the extra body: tools/lm_attention_integrated_body.sh
[06:11:50 nvidia] starting the payload DETACHED on the box, then polling for it
    REMOTE_PID=629
[06:11:53 nvidia]   remote pid 629; polling every 30s, giving up after 3240s
[06:21:13 nvidia]   the payload finished (its sentinel is on the box)
    REMOTE_BODY_DONE

== step 7: fetch ==
    source_sha256.txt
    uname.txt
    nvidia.card
    pixi_env.log
    gpu.txt
    extra.log
    lm-attention-integrated
    device_check.log
    pixi_install.log
    pixi_which.txt
    mojo_version.txt
    leg.txt
    nvidia.card.log
    card_driver.log

== step 8: what came home ==
  remote card: mode read back from the run itself = [IDENTICAL]
  remote device check: mode read back from the run itself = [IDENTICAL]
  source sha256 MATCHES on both ends (fc87f273579e4889...)
  gpu on the box:
    NVIDIA H100 80GB HBM3, 580.126.09, 81559 MiB, 0 MiB, 81079 MiB
    vendor=nvidia
    commit=9d3cf5627b4a935baad2fd071d0a5aadcaffe8ef
    card_full=
    trace_dump=
    started=2026-09-18T10:11:53Z
    pixi_install_exit=0
    device_check_exit=0
    card_exit=0
    extra_exit=1
    finished=2026-09-18T10:21:00Z
  the device kernel's own gates: GREEN on this silicon

== step 9: Apple vs NVIDIA ==
    ==============================================================================
    IDENTITY TRACE DIFF
    ==============================================================================
      APPLE = /var/folders/hy/_ylqg90n5lz20fd6tsrwg0cw0000gn/T/gemm-leg.MsoLam/blk_a.1
      NVIDIA = /var/folders/hy/_ylqg90n5lz20fd6tsrwg0cw0000gn/T/gemm-leg.MsoLam/blk_b.1
    
    STEP 1 -- PARSE
      APPLE: 60 record(s), 1 comment line(s), 1 blank line(s)
      NVIDIA: 60 record(s), 1 comment line(s), 1 blank line(s)
    
    STEP 1b -- DUMP INTEGRITY (re-hash every .bin found)
    
    STEP 2 -- ALIGNMENT (tag sequence, computed BEFORE any hash compare)
      matched stage pairs: 60
      unmatched in APPLE: 0    unmatched in NVIDIA: 0
      TAG SEQUENCES ARE IDENTICAL.
    
    STEP 3 -- HASH WALK over 60 matched pair(s)
      All 60 matched pair(s) agree on dtype, count and hash.
    
    ==============================================================================
    RESULT: IDENTICAL. Same stage sequence, same counts, same hashes.
      Caveat: a matching hash means the buffers agreed at each
      checkpoint, NOT that the computation was identical, and nothing
      is known about whatever the trace did not checkpoint.
    ==============================================================================

  NO DIVERGENCE at any matched stage, in any of 1 block(s).
  Read that as what it is: the two buffers held the same bits at
  every checkpoint the card hashes. It is not proof the two
  computations were identical, and anything not hashed is
  invisible.

== step 10: terminate at the end of the WORK ==
  lease at exit:
    gh0ejxm05juevy: 49 minutes left of a 60-minute lease
  terminating gh0ejxm05juevy (layer two, from this machine)
    DELETE /v1/pods/gh0ejxm05juevy -> HTTP 204
  VERIFIED: gh0ejxm05juevy is gone (HTTP 404).

artifacts: bench/results/e1g/2026-09-18-nvidia-h100-attention-integrated
next: archive/evidence/gemm/E1G_RUNBOOK.md, 'reading the result'. Write the row into
E1G_RESULTS.md before the pod's details are only in this scrollback.

== teardown (exit 0) ==
  lease at exit:
    NO LEASE for gh0ejxm05juevy -- it is unguarded.
  dead-man cancelled (pid 98265)
/var/folders/hy/_ylqg90n5lz20fd6tsrwg0cw0000gn/T//mojolearn-leg-snapshot-97977/gemm_remote_leg.sh: line 2538: 98265 Terminated: 15          nohup sh -c 'trap "" HUP INT; exec sh "$0"' "$DEADMAN_DIR/deadman.sh" > /dev/null 2>&1 < /dev/null
