EXCP_AB_HEADER column=amd detect_seam=True launch_bound=256 rounds=3
EXCP_AB_DISPATCH call=proj_fwd DEFAULT kpack_hg body (DEVIATION 2707) kpack_hg 128x128 reg8x8 TC=16 KS=16 page=packed(group,step,line) pad=4 align=16 fold_flush=hw stage=gather page_bytes=16896 pages=2 load=per-step fold=lane-wide local FS=16 tpb=256 hwftz=False groups where its rule takes the call (S=110 slack=4), else all leaves in one launch (NOT RUN: no -D MOJOLEARN_GEMM_ARM_TRIAL=1, the shipped default ran) all leaves in one launch
EXCP_AB call=proj_fwd kind=ordinary m=8192 n=768 k=768 hash=3b093775ef2152bd rehash_equal=True ms=1.627924 samples=1.608356,1.627924,1.660264
EXCP_AB call=proj_fwd kind=tiny m=8192 n=768 k=768 hash=1f0a5f50a8dd15e0 rehash_equal=True ms=30.063747 samples=30.038727,30.063747,30.078801
EXCP_AB call=proj_fwd kind=mixed m=8192 n=768 k=768 hash=89b625cee08a1ab4 rehash_equal=True ms=1.611669 samples=1.611148,1.611669,1.635016
EXCP_AB call=proj_dA kind=ordinary m=8192 n=768 k=768 hash=5e7d375e8b1a9d26 rehash_equal=True ms=1.627286 samples=1.624357,1.627286,1.645185
EXCP_AB call=proj_dA kind=tiny m=8192 n=768 k=768 hash=ee338ca4dd8299a1 rehash_equal=True ms=29.356699 samples=29.278458,29.356699,29.358436
EXCP_AB call=proj_dA kind=mixed m=8192 n=768 k=768 hash=baee965659d2d7c1 rehash_equal=True ms=1.625395 samples=1.623936,1.625395,1.647211
EXCP_AB call=proj_dB kind=ordinary m=8192 n=768 k=768 hash=061bd3b38158a525 rehash_equal=True ms=1.083284 samples=1.079286,1.083284,1.119714
EXCP_AB call=proj_dB kind=tiny m=8192 n=768 k=768 hash=654eb9e377023011 rehash_equal=True ms=30.243131 samples=30.221364,30.243131,30.316748
EXCP_AB call=proj_dB kind=mixed m=8192 n=768 k=768 hash=82bb9fde5269b82e rehash_equal=True ms=1.080662 samples=1.078735,1.080662,1.110543
EXCP_AB_DISPATCH call=gateup_fwd DEFAULT kpack_hg body (DEVIATION 2707) kpack_hg 128x128 reg8x8 TC=16 KS=16 page=packed(group,step,line) pad=4 align=16 fold_flush=hw stage=gather page_bytes=16896 pages=2 load=per-step fold=lane-wide local FS=16 tpb=256 hwftz=False groups where its rule takes the call (S=110 slack=4), else all leaves in one launch (NOT RUN: no -D MOJOLEARN_GEMM_ARM_TRIAL=1, the shipped default ran) all leaves in one launch
EXCP_AB call=gateup_fwd kind=ordinary m=8192 n=2048 k=768 hash=69883f9d4520fce8 rehash_equal=True ms=3.267353 samples=3.218243,3.267353,3.286393
EXCP_AB call=gateup_fwd kind=mixed m=8192 n=2048 k=768 hash=440b0bde6ae51a26 rehash_equal=True ms=12.493164 samples=12.468416,12.493164,12.530018
EXCP_AB call=gateup_dA kind=ordinary m=8192 n=2048 k=768 hash=1f32c6d75e1ae635 rehash_equal=True ms=4.042733 samples=4.031229,4.042733,4.0855
EXCP_AB call=gateup_dA kind=mixed m=8192 n=2048 k=768 hash=7e8d97ece64787e4 rehash_equal=True ms=4.047271 samples=4.031305,4.047271,4.10925
EXCP_AB call=gateup_dB kind=ordinary m=8192 n=2048 k=768 hash=6416c32304a5a9e1 rehash_equal=True ms=3.096255 samples=3.091514,3.096255,3.143446
EXCP_AB call=gateup_dB kind=mixed m=8192 n=2048 k=768 hash=6545a6bfc431bcac rehash_equal=True ms=20.559446 samples=20.165216,20.559446,20.854058
EXCP_AB_DISPATCH call=down_fwd DEFAULT kpack_hg body (DEVIATION 2707) kpack_hg 128x128 reg8x8 TC=16 KS=16 page=packed(group,step,line) pad=4 align=16 fold_flush=hw stage=gather page_bytes=16896 pages=2 load=per-step fold=lane-wide local FS=16 tpb=256 hwftz=False groups where its rule takes the call (S=110 slack=4), else all leaves in one launch (NOT RUN: no -D MOJOLEARN_GEMM_ARM_TRIAL=1, the shipped default ran) all leaves in one launch
EXCP_AB call=down_fwd kind=ordinary m=8192 n=768 k=2048 hash=3b97ab14d7768c45 rehash_equal=True ms=4.067502 samples=4.062058,4.067502,4.171058
EXCP_AB call=down_fwd kind=tiny m=8192 n=768 k=2048 hash=5f862f3223fec155 rehash_equal=True ms=80.780862 samples=80.752451,80.780862,81.006593
EXCP_AB call=down_fwd kind=mixed m=8192 n=768 k=2048 hash=61f3ba0391caa8fb rehash_equal=True ms=4.069277 samples=4.050361,4.069277,4.088729
EXCP_AB call=down_dA kind=ordinary m=8192 n=768 k=2048 hash=5cf60a67344cda5e rehash_equal=True ms=3.242302 samples=3.234674,3.242302,3.290374
EXCP_AB call=down_dA kind=mixed m=8192 n=768 k=2048 hash=8fd4383649a4581b rehash_equal=True ms=15.109611 samples=15.080027,15.109611,15.157416
EXCP_AB call=down_dB kind=ordinary m=8192 n=768 k=2048 hash=5459fe3eb5123824 rehash_equal=True ms=3.094772 samples=3.083188,3.094772,3.132666
EXCP_AB call=down_dB kind=mixed m=8192 n=768 k=2048 hash=68f8372c3b3a2e7b rehash_equal=True ms=3.084848 samples=3.079338,3.084848,3.131477
EXCP_AB_DISPATCH call=head_fwd DEFAULT kpack_hg body (DEVIATION 2707) kpack_hg 128x128 reg8x8 TC=16 KS=16 page=packed(group,step,line) pad=4 align=16 fold_flush=hw stage=gather page_bytes=16896 pages=2 load=per-step fold=lane-wide local FS=16 tpb=256 hwftz=False groups where its rule takes the call (S=110 slack=4), else all leaves in one launch (NOT RUN: no -D MOJOLEARN_GEMM_ARM_TRIAL=1, the shipped default ran) all leaves in one launch
EXCP_AB call=head_fwd kind=ordinary m=8192 n=50257 k=768 hash=e403705bfa7ca2ff rehash_equal=True ms=66.24689 samples=66.233229,66.24689,66.686484
EXCP_AB call=head_fwd kind=mixed m=8192 n=50257 k=768 hash=b2502719172b00aa rehash_equal=True ms=75.743669 samples=75.50757,75.743669,75.902527
EXCP_AB call=head_dA kind=ordinary m=8192 n=50257 k=768 hash=219804c3c5b3ea5a rehash_equal=True ms=100.70166 samples=100.65055,100.70166,100.850876
EXCP_AB call=head_dA kind=mixed m=8192 n=50257 k=768 hash=a18de604aef4c6fa rehash_equal=True ms=1294.984376 samples=1294.871465,1294.984376,1298.363916
EXCP_AB call=head_dB kind=ordinary m=8192 n=50257 k=768 hash=9eaa7bd3eda51464 rehash_equal=True ms=67.052395 samples=67.050623,67.052395,67.12177
EXCP_AB call=head_dB kind=mixed m=8192 n=50257 k=768 hash=88be4c8a2886dd5d rehash_equal=True ms=309.479927 samples=305.822128,309.479927,311.014486
EXCP_AB_DONE
