{"event": "setup", "schema": "mojolearn.lm-step-memory-probe.v3", "shape": {"batch": 1, "length": 2048, "d_model": 768, "n_heads": 12, "n_kv": 12, "head_dim": 64, "intermediate": 2048, "n_layers": 12, "vocab_size": 50257}, "profile": "mojolearn.byte-lm.b1-l2048-d768-h12-kv12-hd64-ff2048-v50257-blocks12.fp32.v3", "parameters": 162147840, "n_tensors": 110, "tokens_per_step": 2048, "seed": 93261, "budget_seconds": 300.0, "resident": true, "step_result": "lean", "witness_every_step": false, "witness_source": "export_gradients(named=False) + export_state() once after the last untimed step", "corpus": {"path": "training/corpus/pile_github/input.txt", "sha256": "52a5b4c36ab9119c15505331c10e3b23690377d40fbac3e598c7fafe13a324df", "manifest_sha256": "e3f46ca3870913aabd179647f5ab7e66b829c30c3cbcbf4b2862e2790d94cda5", "bytes": 97124565, "source_url": "https://huggingface.co/datasets/monology/pile-uncopyrighted/resolve/3be90335b66f24456a5d6659d9c8d208c0357119/val.jsonl.zst", "schedule": "step k row b: bytes[(k*batch*length + b*length) % (bytes - length - 1) : +length+1] as int32; targets shifted one byte"}, "attention_arm": "stash_tiled_fgrid_r32_qres_pf_kvsplit", "attention_arm_source": "binding", "attention_arm_requested": "stash_tiled_fgrid_r32_qres_pf_kvsplit", "attention_arm_default": "baseline", "attention_arm_is_default": false, "attention_arm_resolved_hd64": "stash_tiled_fgrid_r32_qres_pf_kvsplit", "attention_arm_trial_build": true, "gemm_arm": null, "gemm_plan": null, "gemm_arm_requested": null, "attention_path_requested": null, "numeric_mode_env": "identical", "runtime": {"binding_file": "/root/mojolearn/python/mojolearn/identical/_mojolearn_byte_lm.so", "binding_sha256": "a4e48179276cf72b6e910cbe84eb71de14d0a950bd5f3d410ff9addb1968f182", "native_attention_arm": {"arm": "stash_tiled_fgrid_r32_qres_pf_kvsplit", "default": "baseline", "resolved_hd64": "stash_tiled_fgrid_r32_qres_pf_kvsplit", "trial_build": true}, "native_numeric_mode": 1, "native_profile": "mojolearn.byte-lm.b2-l32-d32-h4-kv2-ff64-v256-blocks2.fp32.v1", "native_vendor": "hip", "source_scope": "available direct source files; binding SHA identifies the compiled artifact", "source_sha256": {"bindings/_mojolearn_byte_lm.mojo": "0930c3862545730605ef98a5a18965f760273826fd94d9ef44bb5634d254ccc7", "loaded_python_wrapper": "cecb608af66a256d207b1587bdbde09fb7b23488f837a22ac7b0f649f6a5e34f", "python/mojolearn/_byte_lm_config.py": "440ca11e33cfed741c8a812a8dac74ad4e938ab8e16f84ed2af5b61d3fbe56b8", "python/mojolearn/_byte_lm_impl.py": "cecb608af66a256d207b1587bdbde09fb7b23488f837a22ac7b0f649f6a5e34f", "python/mojolearn/language_model.py": "5443f4ef30d859097dee63e380dff801dfd8a088894576348905f3df215e11fd", "training/byte_lm.mojo": "1f02bbaf31e13057010c959feacea545dd91b0a41a1bb4c35f7301c3e7426204", "training/byte_lm_config.mojo": "a620c17cff6cbe5f96097609105acf774a732b72aa118d342bfbbe5e084d8606"}, "schema": "small-byte-lm.run-metadata.v1", "qualification": "authored/unqualified", "profile": "mojolearn.byte-lm.b1-l2048-d768-h12-kv12-hd64-ff2048-v50257-blocks12.fp32.v3", "device_state_lifetime": "resident", "step_result": "lean", "last_export_step": 0, "config": {"lr": 0.0010000000474974513, "beta1": 0.8999999761581421, "beta2": 0.9990000128746033, "eps": 9.99999993922529e-09, "weight_decay": 0.009999999776482582, "kind": 2, "momentum": 0.0, "dampening": 0.0, "nesterov": false, "max_norm": 0.0}, "data_schedule": {"batches": "pinned corpus 52a5b4c36ab9119c15505331c10e3b23690377d40fbac3e598c7fafe13a324df", "fixture": "lm step memory probe", "seed": 93261}, "completed_steps": 0, "next_batch_index": 0}, "initial_parameters_sha256": "0e36d8d036d8c4cf9704babd096061006e48071187c793c6ee471e05b449572e", "host_before_first_call": {"vm_rss_bytes": 2745995264, "vm_hwm_bytes": 3394461696, "ru_maxrss_bytes": 3394461696, "boundary": "process host memory (Python + native + pinned staging); not device memory"}, "device_tool": "rocm-smi", "qualification": "complete-step probe at the named shape; not an opponent ratio, not a default gate", "t": 1789150998.292758}
{"event": "step_start", "step": 1, "first_call_includes_setup": true, "ids_sha256": "7626015c8a8cb90b13e0d44eff53262a36025184a4adfb88591a93ba18857518", "t": 1789150998.293027}
{"event": "step_end", "step": 1, "seconds": 7.273192012999971, "tokens_per_second": 281.5820064064639, "first_call_includes_setup": true, "timing_boundary": "public train_step call; native binding synchronizes the context before publishing outputs; includes host readbacks, validation and gradient copies", "step_result": "lean", "witnessed": false, "witness_export_seconds": null, "loss": 11.12025260925293, "sha256": {"loss": "fb1bfea4e8daa3b31227ff49a404e36a58fe27b98856af4d27a24872b0e9abf2"}, "completed_steps": 1, "host": {"vm_rss_bytes": 2909437952, "vm_hwm_bytes": 8740872192, "ru_maxrss_bytes": 8740872192, "boundary": "process host memory (Python + native + pinned staging); not device memory"}, "device": {"tool": "rocm-smi", "peak_process_bytes": "unavailable", "peak_device_bytes": 21075525632, "device_total_bytes": 274542362624, "sample_interval_seconds": 0.2, "samples_total": 25, "errors_total": 0, "boundary": "vendor tool polled at the interval; peaks shorter than one interval are missed; device-wide used memory includes other processes; torch.cuda allocator statistics do not cover Mojo allocations and are not used"}, "t": 1789151005.5664039}
{"event": "final_witness", "step": 1, "completed_steps": 1, "sha256": {"gradients": "85d053a482668fd958df0e32325fc47f9ba10ec630ff63557c7b79c5bd85b0e3", "parameters": "1b32246046a72ada00e3c8ec04d079beb629d8e314f860bc7106d42c5996a8ca", "m": "8dbf0dfcb08f29687241a6586a7ef8224fde5877a7aeb490b9701d24d5812524", "v": "227d2c36dbd16e9acf0556ec491d8b6431a8e4cc5b235b8d81011996a9bc05be", "flags": "360d579dbd14759b41afdf7fb5e80c0101e15150ae401d59f92a1e32d129f7cb"}, "export_seconds": 6.013233303999982, "source": "export_gradients(named=False) + export_state() once after the last untimed step", "t": 1789151011.579774}
{"event": "component_timing_step_start", "note": "MOJOLEARN_TRANSFORMER_TIMING=1; not a timing sample", "t": 1789151011.5800679}
timing step.py_tokens 0.14227999997729057 ms
timing step.py_tokens_bytes 8196 bytes
timing step.bind_scalar_admission 0.00322 ms
timing step.upload_inputs 38.741482 ms
timing step.upload_inputs_bytes 16384 bytes
timing step.unpack_weights 1.156582 ms
timing step.unpack_weights_bytes 648591360 bytes
timing step.embedding_forward 0.06365 ms
timing block.norm1 0.691781 ms
timing attn.qkv_proj 3.778764 ms
timing attn.rope_and_cache 0.106479 ms
timing attn.fwd_regime_scan 0.20049 ms
timing attn.fwd_scratch_alloc 0.06614 ms
timing attn.fwd_r2_kernel 1.999373 ms
timing attn.fwd_corner_flag 0.25033 ms
timing attn.core 2.539503 ms
timing attn.o_proj 1.075981 ms
timing block.attention_total 7.505717 ms
timing block.mlp_and_residuals 8.213501 ms
timing block.norm1 0.624201 ms
timing attn.qkv_proj 3.220513 ms
timing attn.rope_and_cache 0.10605 ms
timing attn.fwd_regime_scan 0.19605 ms
timing attn.fwd_scratch_alloc 0.05865 ms
timing attn.fwd_r2_kernel 1.994912 ms
timing attn.fwd_corner_flag 0.24617 ms
timing attn.core 2.516643 ms
timing attn.o_proj 1.070741 ms
timing block.attention_total 6.917218 ms
timing block.mlp_and_residuals 8.187379 ms
timing block.norm1 0.61966 ms
timing attn.qkv_proj 3.208494 ms
timing attn.rope_and_cache 0.09194 ms
timing attn.fwd_regime_scan 0.189251 ms
timing attn.fwd_scratch_alloc 0.05602 ms
timing attn.fwd_r2_kernel 1.986082 ms
timing attn.fwd_corner_flag 0.241359 ms
timing attn.core 2.489392 ms
timing attn.o_proj 1.066462 ms
timing block.attention_total 6.859858 ms
timing block.mlp_and_residuals 8.179469 ms
timing block.norm1 0.616009 ms
timing attn.qkv_proj 3.202103 ms
timing attn.rope_and_cache 0.09277 ms
timing attn.fwd_regime_scan 0.192931 ms
timing attn.fwd_scratch_alloc 0.05689 ms
timing attn.fwd_r2_kernel 1.995342 ms
timing attn.fwd_corner_flag 0.24557 ms
timing attn.core 2.510713 ms
timing attn.o_proj 1.073062 ms
timing block.attention_total 6.882088 ms
timing block.mlp_and_residuals 8.29652 ms
timing block.norm1 0.66355 ms
timing attn.qkv_proj 3.199194 ms
timing attn.rope_and_cache 0.099121 ms
timing attn.fwd_regime_scan 0.230749 ms
timing attn.fwd_scratch_alloc 0.05844 ms
timing attn.fwd_r2_kernel 1.987862 ms
timing attn.fwd_corner_flag 0.247251 ms
timing attn.core 2.553132 ms
timing attn.o_proj 1.061981 ms
timing block.attention_total 6.916519 ms
timing block.mlp_and_residuals 8.179798 ms
timing block.norm1 0.618631 ms
timing attn.qkv_proj 3.202474 ms
timing attn.rope_and_cache 0.09664 ms
timing attn.fwd_regime_scan 0.19991 ms
timing attn.fwd_scratch_alloc 0.05529 ms
timing attn.fwd_r2_kernel 1.990352 ms
timing attn.fwd_corner_flag 0.240301 ms
timing attn.core 2.501233 ms
timing attn.o_proj 1.064601 ms
timing block.attention_total 6.867528 ms
timing block.mlp_and_residuals 8.172669 ms
timing block.norm1 0.647531 ms
timing attn.qkv_proj 3.199463 ms
timing attn.rope_and_cache 0.10352 ms
timing attn.fwd_regime_scan 0.19719 ms
timing attn.fwd_scratch_alloc 0.055281 ms
timing attn.fwd_r2_kernel 1.994862 ms
timing attn.fwd_corner_flag 0.24635 ms
timing attn.core 2.513743 ms
timing attn.o_proj 1.054661 ms
timing block.attention_total 6.874337 ms
timing block.mlp_and_residuals 8.140209 ms
timing block.norm1 0.608231 ms
timing attn.qkv_proj 3.205744 ms
timing attn.rope_and_cache 0.11795 ms
timing attn.fwd_regime_scan 0.20714 ms
timing attn.fwd_scratch_alloc 0.05537 ms
timing attn.fwd_r2_kernel 1.995712 ms
timing attn.fwd_corner_flag 0.246611 ms
timing attn.core 2.523993 ms
timing attn.o_proj 1.067371 ms
timing block.attention_total 6.917278 ms
timing block.mlp_and_residuals 8.238699 ms
timing block.norm1 0.657581 ms
timing attn.qkv_proj 3.202843 ms
timing attn.rope_and_cache 0.09501 ms
timing attn.fwd_regime_scan 0.199981 ms
timing attn.fwd_scratch_alloc 0.0535 ms
timing attn.fwd_r2_kernel 1.984502 ms
timing attn.fwd_corner_flag 0.24681 ms
timing attn.core 2.504363 ms
timing attn.o_proj 1.063081 ms
timing block.attention_total 6.867587 ms
timing block.mlp_and_residuals 8.28265 ms
timing block.norm1 0.62463 ms
timing attn.qkv_proj 3.202204 ms
timing attn.rope_and_cache 0.09982 ms
timing attn.fwd_regime_scan 0.214811 ms
timing attn.fwd_scratch_alloc 0.056989 ms
timing attn.fwd_r2_kernel 1.994153 ms
timing attn.fwd_corner_flag 0.23996 ms
timing attn.core 2.521032 ms
timing attn.o_proj 1.062572 ms
timing block.attention_total 6.888248 ms
timing block.mlp_and_residuals 8.210678 ms
timing block.norm1 0.617841 ms
timing attn.qkv_proj 106.028388 ms
timing attn.rope_and_cache 0.10392 ms
timing attn.fwd_regime_scan 0.234701 ms
timing attn.fwd_scratch_alloc 0.055089 ms
timing attn.fwd_r2_kernel 2.053113 ms
timing attn.fwd_corner_flag 0.25027 ms
timing attn.core 2.608283 ms
timing attn.o_proj 1.062071 ms
timing block.attention_total 109.805362 ms
timing block.mlp_and_residuals 8.264879 ms
timing block.norm1 0.621381 ms
timing attn.qkv_proj 3.184294 ms
timing attn.rope_and_cache 0.10481 ms
timing attn.fwd_regime_scan 0.19623 ms
timing attn.fwd_scratch_alloc 0.05455 ms
timing attn.fwd_r2_kernel 1.986302 ms
timing attn.fwd_corner_flag 0.24314 ms
timing attn.core 2.499203 ms
timing attn.o_proj 1.068131 ms
timing block.attention_total 6.858648 ms
timing block.mlp_and_residuals 8.183679 ms
timing envelope.blocks_forward 292.362326 ms
timing step.head_forward 51.421228 ms
timing step.ce_refuse_scan 0.48275 ms
timing step.ce_refuse_scan_bytes 411705344 bytes
timing step.ce_refuse_scan_download_bytes 8192 bytes
timing step.ce_forward 1.233931 ms
timing step.loss_download 0.03501 ms
timing step.loss_download_bytes 4 bytes
timing step.ce_backward 0.639501 ms
timing step.head_backward_da 58.206774 ms
timing step.head_backward_db 174.267254 ms
timing bwd.before_attention 0.000229 ms
timing attn.bwd_regime_scan 0.26476 ms
timing attn.bwd_scratch_alloc 0.11254 ms
timing attn.bwd_zdot_stash_pf 2.797354 ms
timing attn.bwd_dq_tiled_pf 2.274452 ms
timing attn.bwd_kvsplit_dk_pf 2.065212 ms
timing attn.bwd_kvsplit_dv_pf 2.072252 ms
timing attn.bwd_corner_flag 0.469521 ms
timing bwd.attention 10.077661 ms
timing bwd.after_attention 7.524069 ms
timing bwd.before_attention 0.00023 ms
timing attn.bwd_regime_scan 0.2716 ms
timing attn.bwd_scratch_alloc 0.10028 ms
timing attn.bwd_zdot_stash_pf 2.802344 ms
timing attn.bwd_dq_tiled_pf 2.280151 ms
timing attn.bwd_kvsplit_dk_pf 2.057253 ms
timing attn.bwd_kvsplit_dv_pf 2.067862 ms
timing attn.bwd_corner_flag 0.51045 ms
timing bwd.attention 10.11674 ms
timing bwd.after_attention 7.58272 ms
timing bwd.before_attention 0.00027 ms
timing attn.bwd_regime_scan 0.32321 ms
timing attn.bwd_scratch_alloc 0.09545 ms
timing attn.bwd_zdot_stash_pf 2.799654 ms
timing attn.bwd_dq_tiled_pf 2.296152 ms
timing attn.bwd_kvsplit_dk_pf 2.070732 ms
timing attn.bwd_kvsplit_dv_pf 2.087023 ms
timing attn.bwd_corner_flag 0.4632 ms
timing bwd.attention 10.157161 ms
timing bwd.after_attention 7.553449 ms
timing bwd.before_attention 0.00022 ms
timing attn.bwd_regime_scan 0.26544 ms
timing attn.bwd_scratch_alloc 0.09679 ms
timing attn.bwd_zdot_stash_pf 2.818354 ms
timing attn.bwd_dq_tiled_pf 2.280122 ms
timing attn.bwd_kvsplit_dk_pf 2.056512 ms
timing attn.bwd_kvsplit_dv_pf 2.068032 ms
timing attn.bwd_corner_flag 0.460481 ms
timing bwd.attention 10.06559 ms
timing bwd.after_attention 7.545149 ms
timing bwd.before_attention 0.000229 ms
timing attn.bwd_regime_scan 0.3395 ms
timing attn.bwd_scratch_alloc 0.10512 ms
timing attn.bwd_zdot_stash_pf 2.802333 ms
timing attn.bwd_dq_tiled_pf 2.292382 ms
timing attn.bwd_kvsplit_dk_pf 2.092163 ms
timing attn.bwd_kvsplit_dv_pf 2.095422 ms
timing attn.bwd_corner_flag 0.465851 ms
timing bwd.attention 10.213071 ms
timing bwd.after_attention 7.530319 ms
timing bwd.before_attention 0.00022 ms
timing attn.bwd_regime_scan 0.267119 ms
timing attn.bwd_scratch_alloc 0.09385 ms
timing attn.bwd_zdot_stash_pf 2.816963 ms
timing attn.bwd_dq_tiled_pf 2.292793 ms
timing attn.bwd_kvsplit_dk_pf 2.087452 ms
timing attn.bwd_kvsplit_dv_pf 2.090303 ms
timing attn.bwd_corner_flag 0.46557 ms
timing bwd.attention 10.13406 ms
timing bwd.after_attention 7.549619 ms
timing bwd.before_attention 0.000229 ms
timing attn.bwd_regime_scan 0.308911 ms
timing attn.bwd_scratch_alloc 0.09614 ms
timing attn.bwd_zdot_stash_pf 2.815053 ms
timing attn.bwd_dq_tiled_pf 2.312173 ms
timing attn.bwd_kvsplit_dk_pf 2.077232 ms
timing attn.bwd_kvsplit_dv_pf 2.089442 ms
timing attn.bwd_corner_flag 0.462691 ms
timing bwd.attention 10.182272 ms
timing bwd.after_attention 7.530248 ms
timing bwd.before_attention 0.000229 ms
timing attn.bwd_regime_scan 0.30714 ms
timing attn.bwd_scratch_alloc 0.09623 ms
timing attn.bwd_zdot_stash_pf 2.819073 ms
timing attn.bwd_dq_tiled_pf 2.276362 ms
timing attn.bwd_kvsplit_dk_pf 2.059152 ms
timing attn.bwd_kvsplit_dv_pf 2.066613 ms
timing attn.bwd_corner_flag 0.46135 ms
timing bwd.attention 10.105741 ms
timing bwd.after_attention 7.564319 ms
timing bwd.before_attention 0.00022 ms
timing attn.bwd_regime_scan 0.32979 ms
timing attn.bwd_scratch_alloc 0.098901 ms
timing attn.bwd_zdot_stash_pf 2.800613 ms
timing attn.bwd_dq_tiled_pf 2.279612 ms
timing attn.bwd_kvsplit_dk_pf 2.088952 ms
timing attn.bwd_kvsplit_dv_pf 2.091773 ms
timing attn.bwd_corner_flag 0.46685 ms
timing bwd.attention 10.176371 ms
timing bwd.after_attention 7.562209 ms
timing bwd.before_attention 0.00023 ms
timing attn.bwd_regime_scan 0.29234 ms
timing attn.bwd_scratch_alloc 0.0997 ms
timing attn.bwd_zdot_stash_pf 2.796294 ms
timing attn.bwd_dq_tiled_pf 2.285742 ms
timing attn.bwd_kvsplit_dk_pf 2.091732 ms
timing attn.bwd_kvsplit_dv_pf 2.095262 ms
timing attn.bwd_corner_flag 0.465221 ms
timing bwd.attention 10.146031 ms
timing bwd.after_attention 7.504448 ms
timing bwd.before_attention 0.00022 ms
timing attn.bwd_regime_scan 0.32498 ms
timing attn.bwd_scratch_alloc 0.09333 ms
timing attn.bwd_zdot_stash_pf 2.802234 ms
timing attn.bwd_dq_tiled_pf 2.288151 ms
timing attn.bwd_kvsplit_dk_pf 2.062973 ms
timing attn.bwd_kvsplit_dv_pf 2.075232 ms
timing attn.bwd_corner_flag 0.46046 ms
timing bwd.attention 10.128151 ms
timing bwd.after_attention 7.578289 ms
timing bwd.before_attention 0.000231 ms
timing attn.bwd_regime_scan 0.285629 ms
timing attn.bwd_scratch_alloc 0.09512 ms
timing attn.bwd_zdot_stash_pf 2.794374 ms
timing attn.bwd_dq_tiled_pf 2.271642 ms
timing attn.bwd_kvsplit_dk_pf 2.055422 ms
timing attn.bwd_kvsplit_dv_pf 2.070632 ms
timing attn.bwd_corner_flag 0.456262 ms
timing bwd.attention 10.04882 ms
timing bwd.after_attention 7.501908 ms
timing envelope.blocks_backward 757.206331 ms
timing step.embedding_backward 7.854198 ms
timing step.pack_grads 1.064492 ms
timing step.pack_grads_bytes 648591360 bytes
timing step.validate_grads_scan 0.599221 ms
timing step.validate_grads_scan_bytes 648591360 bytes
timing step.shadow_copy 1.876381 ms
timing step.shadow_copy_bytes 1945774080 bytes
timing step.opt_refuse_scan 2.501653 ms
timing step.opt_refuse_scan_bytes 2594365440 bytes
timing step.opt_refuse_scan_download_bytes 0 bytes
timing step.optimizer 1.297082 ms
timing step.validate_after_scan 2.635013 ms
timing step.validate_after_scan_bytes 2594365440 bytes
timing step.bind_final_sync 0.00084 ms
timing step.bind_publish 0.00255 ms
timing step.bind_publish_bytes 444 bytes
timing envelope.native_call 1393.829930000038 ms
timing step.py_flags 0.09871999998267711 ms
timing step.py_flags_bytes 440 bytes
{"event": "component_timing_step_end", "seconds": 1.3941728400000102, "t": 1789151012.974266}
