10770 external/tcmalloc+/tcmalloc/internal/system_allocator.h:713] Warning: Unable to mbind memory (errno=1, base=0x33ad00000000, nodemask=1)
EXCP_AB_HEADER column=nvidia detect_seam=False launch_bound=768 rounds=3
EXCP_AB_DISPATCH call=proj_fwd DEFAULT kpack_hg body (DEVIATION 2707) kpack_hg 64x64 reg4x4 TC=16 KS=16 page=packed(group,step,line) pad=4 align=16 fold_flush=hw stage=gather page_bytes=8704 pages=2 load=per-step fold=lane-wide local FS=16 tpb=256 hwftz=True groups where its rule takes the call (S=132 slack=4), else all leaves in one launch (NOT RUN: no -D MOJOLEARN_GEMM_ARM_TRIAL=1, the shipped default ran) all leaves in one launch
EXCP_AB call=proj_fwd kind=ordinary m=8192 n=768 k=768 hash=3b093775ef2152bd rehash_equal=True ms=0.535335 samples=0.533727,0.535335,0.560949
EXCP_AB call=proj_fwd kind=tiny m=8192 n=768 k=768 hash=1f0a5f50a8dd15e0 rehash_equal=True ms=0.653831 samples=0.653155,0.653831,0.661643
EXCP_AB call=proj_fwd kind=mixed m=8192 n=768 k=768 hash=89b625cee08a1ab4 rehash_equal=True ms=0.655737 samples=0.6541,0.655737,0.660805
EXCP_AB call=proj_dA kind=ordinary m=8192 n=768 k=768 hash=5e7d375e8b1a9d26 rehash_equal=True ms=0.532743 samples=0.531781,0.532743,0.537668
EXCP_AB call=proj_dA kind=tiny m=8192 n=768 k=768 hash=ee338ca4dd8299a1 rehash_equal=True ms=0.651772 samples=0.651325,0.651772,0.660608
EXCP_AB call=proj_dA kind=mixed m=8192 n=768 k=768 hash=baee965659d2d7c1 rehash_equal=True ms=0.654084 samples=0.653343,0.654084,0.661473
EXCP_AB call=proj_dB kind=ordinary m=8192 n=768 k=768 hash=061bd3b38158a525 rehash_equal=True ms=0.595218 samples=0.593905,0.595218,0.613395
EXCP_AB call=proj_dB kind=tiny m=8192 n=768 k=768 hash=654eb9e377023011 rehash_equal=True ms=0.695174 samples=0.694113,0.695174,0.700319
EXCP_AB call=proj_dB kind=mixed m=8192 n=768 k=768 hash=82bb9fde5269b82e rehash_equal=True ms=0.695316 samples=0.694433,0.695316,0.698929
EXCP_AB_DISPATCH call=gateup_fwd DEFAULT kpack_hg body (DEVIATION 2707) kpack_hg 64x64 reg4x4 TC=16 KS=16 page=packed(group,step,line) pad=4 align=16 fold_flush=hw stage=gather page_bytes=8704 pages=2 load=per-step fold=lane-wide local FS=16 tpb=256 hwftz=True groups where its rule takes the call (S=132 slack=4), else all leaves in one launch (NOT RUN: no -D MOJOLEARN_GEMM_ARM_TRIAL=1, the shipped default ran) all leaves in one launch
EXCP_AB call=gateup_fwd kind=ordinary m=8192 n=2048 k=768 hash=69883f9d4520fce8 rehash_equal=True ms=1.356576 samples=1.356536,1.356576,1.367796
EXCP_AB call=gateup_fwd kind=tiny m=8192 n=2048 k=768 hash=2ea89213d5c64c4a rehash_equal=True ms=1.681374 samples=1.681174,1.681374,1.691927
EXCP_AB call=gateup_fwd kind=mixed m=8192 n=2048 k=768 hash=440b0bde6ae51a26 rehash_equal=True ms=1.682607 samples=1.681203,1.682607,1.690473
EXCP_AB call=gateup_dA kind=ordinary m=8192 n=2048 k=768 hash=1f32c6d75e1ae635 rehash_equal=True ms=1.425815 samples=1.422004,1.425815,1.429931
EXCP_AB call=gateup_dA kind=tiny m=8192 n=2048 k=768 hash=03115bc7323fce7a rehash_equal=True ms=1.749259 samples=1.749207,1.749259,1.755142
EXCP_AB call=gateup_dA kind=mixed m=8192 n=2048 k=768 hash=7e8d97ece64787e4 rehash_equal=True ms=1.750409 samples=1.747245,1.750409,1.758033
EXCP_AB call=gateup_dB kind=ordinary m=8192 n=2048 k=768 hash=6416c32304a5a9e1 rehash_equal=True ms=1.476575 samples=1.475685,1.476575,1.48632
EXCP_AB call=gateup_dB kind=tiny m=8192 n=2048 k=768 hash=89110d43ca2eb346 rehash_equal=True ms=1.746481 samples=1.743745,1.746481,1.752231
EXCP_AB call=gateup_dB kind=mixed m=8192 n=2048 k=768 hash=6545a6bfc431bcac rehash_equal=True ms=1.744815 samples=1.744485,1.744815,1.754928
EXCP_AB_DISPATCH call=down_fwd DEFAULT kpack_hg body (DEVIATION 2707) kpack_hg 64x64 reg4x4 TC=16 KS=16 page=packed(group,step,line) pad=4 align=16 fold_flush=hw stage=gather page_bytes=8704 pages=2 load=per-step fold=lane-wide local FS=16 tpb=256 hwftz=True groups where its rule takes the call (S=132 slack=4), else all leaves in one launch (NOT RUN: no -D MOJOLEARN_GEMM_ARM_TRIAL=1, the shipped default ran) all leaves in one launch
EXCP_AB call=down_fwd kind=ordinary m=8192 n=768 k=2048 hash=3b97ab14d7768c45 rehash_equal=True ms=1.439437 samples=1.434606,1.439437,1.43976
EXCP_AB call=down_fwd kind=tiny m=8192 n=768 k=2048 hash=5f862f3223fec155 rehash_equal=True ms=1.761278 samples=1.76115,1.761278,1.770936
EXCP_AB call=down_fwd kind=mixed m=8192 n=768 k=2048 hash=61f3ba0391caa8fb rehash_equal=True ms=1.76329 samples=1.762414,1.76329,1.771969
EXCP_AB call=down_dA kind=ordinary m=8192 n=768 k=2048 hash=5cf60a67344cda5e rehash_equal=True ms=1.354324 samples=1.350973,1.354324,1.358828
EXCP_AB call=down_dA kind=tiny m=8192 n=768 k=2048 hash=ca87fa4055c7ded3 rehash_equal=True ms=1.678211 samples=1.676846,1.678211,1.68546
EXCP_AB call=down_dA kind=mixed m=8192 n=768 k=2048 hash=8fd4383649a4581b rehash_equal=True ms=1.678356 samples=1.676905,1.678356,1.681183
EXCP_AB call=down_dB kind=ordinary m=8192 n=768 k=2048 hash=5459fe3eb5123824 rehash_equal=True ms=1.484887 samples=1.483219,1.484887,1.494907
EXCP_AB call=down_dB kind=tiny m=8192 n=768 k=2048 hash=71f471a663fc1d09 rehash_equal=True ms=1.746057 samples=1.745246,1.746057,1.757241
EXCP_AB call=down_dB kind=mixed m=8192 n=768 k=2048 hash=68f8372c3b3a2e7b rehash_equal=True ms=1.746352 samples=1.744325,1.746352,1.756057
EXCP_AB_DISPATCH call=head_fwd DEFAULT kpack_hg body (DEVIATION 2707) kpack_hg 64x64 reg4x4 TC=16 KS=16 page=packed(group,step,line) pad=4 align=16 fold_flush=hw stage=gather page_bytes=8704 pages=2 load=per-step fold=lane-wide local FS=16 tpb=256 hwftz=True groups where its rule takes the call (S=132 slack=4), else all leaves in one launch (NOT RUN: no -D MOJOLEARN_GEMM_ARM_TRIAL=1, the shipped default ran) all leaves in one launch
EXCP_AB call=head_fwd kind=ordinary m=8192 n=50257 k=768 hash=e403705bfa7ca2ff rehash_equal=True ms=34.624673 samples=34.621579,34.624673,34.665505
EXCP_AB call=head_fwd kind=tiny m=8192 n=50257 k=768 hash=dd40ba6c1bd72c88 rehash_equal=True ms=42.62654 samples=42.625191,42.62654,42.650174
EXCP_AB call=head_fwd kind=mixed m=8192 n=50257 k=768 hash=b2502719172b00aa rehash_equal=True ms=42.624729 samples=42.620322,42.624729,42.705296
EXCP_AB call=head_dA kind=ordinary m=8192 n=50257 k=768 hash=219804c3c5b3ea5a rehash_equal=True ms=35.762839 samples=35.394002,35.762839,36.061617
EXCP_AB call=head_dA kind=tiny m=8192 n=50257 k=768 hash=f75c0e4496af892c rehash_equal=True ms=43.64914 samples=43.648194,43.64914,43.655629
EXCP_AB call=head_dA kind=mixed m=8192 n=50257 k=768 hash=a18de604aef4c6fa rehash_equal=True ms=43.692565 samples=43.645845,43.692565,43.70852
EXCP_AB call=head_dB kind=ordinary m=8192 n=50257 k=768 hash=9eaa7bd3eda51464 rehash_equal=True ms=33.812866 samples=33.740064,33.812866,33.973336
EXCP_AB call=head_dB kind=tiny m=8192 n=50257 k=768 hash=52f62f699ee59e59 rehash_equal=True ms=41.401694 samples=41.40126,41.401694,41.408574
EXCP_AB call=head_dB kind=mixed m=8192 n=50257 k=768 hash=88be4c8a2886dd5d rehash_equal=True ms=41.418432 samples=41.405555,41.418432,41.439868
EXCP_AB_DONE
