
=== provenance === 06:21:22
cc0b38799bb2327f398e5f43e11782dcd1d11d6a
Linux mojolearn-e2-amd 6.8.0-59-generic #61-Ubuntu SMP PREEMPT_DYNAMIC Fri Apr 11 23:16:11 UTC 2025 x86_64 x86_64 x86_64 GNU/Linux

=== pixi === 06:21:22
This script will automatically download and install Pixi (latest) for you.
Getting it from this url: https://github.com/prefix-dev/pixi/releases/latest/download/pixi-x86_64-unknown-linux-musl.tar.gz
The 'pixi' binary is installed into '/root/.pixi/bin'
Updating '/root/.bashrc'
Please restart or source your shell.
✔ The default environment has been installed.

=== mode: IDENTICAL by build define (no source flip since 2026-08-23) === 06:21:24

=== phase 0 SKIPPED (MOJOLEARN_E1_PHASES=8) ===

=== phase 1 SKIPPED (MOJOLEARN_E1_PHASES=8) ===

=== phase 2 SKIPPED (MOJOLEARN_E1_PHASES=8) ===

=== phase 3 SKIPPED (MOJOLEARN_E1_PHASES=8) ===

=== phase 4 SKIPPED (MOJOLEARN_E1_PHASES=8) ===

=== phase 5 SKIPPED (MOJOLEARN_E1_PHASES=8) ===

=== phase 6 SKIPPED (MOJOLEARN_E1_PHASES=8) ===

=== phase 7 SKIPPED (MOJOLEARN_E1_PHASES=8) ===

=== phase 8: the classical lanes (gemm, cd, kde, linkage, svm, metrics) -- both modes, cards + checks === 06:21:24
-- lanes, identical --
  gemm [identical]: SKIPPED (MOJOLEARN_E1_LANES=mamba)
  cd [identical]: SKIPPED (MOJOLEARN_E1_LANES=mamba)
  kde [identical]: SKIPPED (MOJOLEARN_E1_LANES=mamba)
  linkage [identical]: SKIPPED (MOJOLEARN_E1_LANES=mamba)
  svm [identical]: SKIPPED (MOJOLEARN_E1_LANES=mamba)
  mamba [identical]: card 17 records -- mode IDENTICAL
  mamba [identical] check OK (16 OK lines)
  metrics [identical]: SKIPPED (MOJOLEARN_E1_LANES=mamba)
-- lanes, fast --
  gemm [fast]: SKIPPED (MOJOLEARN_E1_LANES=mamba)
  cd [fast]: SKIPPED (MOJOLEARN_E1_LANES=mamba)
  kde [fast]: SKIPPED (MOJOLEARN_E1_LANES=mamba)
  linkage [fast]: SKIPPED (MOJOLEARN_E1_LANES=mamba)
  svm [fast]: SKIPPED (MOJOLEARN_E1_LANES=mamba)
PHASE8-FINDING: mamba [fast] failed (see /root/mojolearn/bench/results/e1/2026-08-25_062122-mojolearn-e2-amd/lanes/mamba.fast.log)
  mamba [fast]: card 17 records -- mode FAST
PHASE8-FINDING: mamba [fast] check FAILED: Unhandled exception caught during execution: mamba_check: CLAUSE (a) FAILED, 6 stages differ from the oracle, first at A.out on 83 of 256 cells
  metrics [fast]: SKIPPED (MOJOLEARN_E1_LANES=mamba)

=== done === 06:21:41
artifacts in /root/mojolearn/bench/results/e1/2026-08-25_062122-mojolearn-e2-amd
next: fetch this directory beside the other machine's and run
  python3 tools/e2_matrix_diff.py <mac>:APPLE <gpu>:VENDOR --write
  python3 tools/identity_trace_diff.py <mac>/<cell>.card <gpu>/<cell>.card
