!! MOJOLEARN_GPU_ARCHS=sm_90a (--target-accelerator); read the architecture back out of the built .so
985 external/tcmalloc+/tcmalloc/internal/system_allocator.h:713] Warning: Unable to mbind memory (errno=1, base=0x519640000000, nodemask=1)
Imported from /root/mojolearn/bindings/_mojolearn_linalg.mojo:69:
Imported from ./gemm/host_entry.mojo:51:
./gemm/checks/gemm_identical.mojo:5298:14: warning: 'store' is deprecated, use 'unsafe_store' instead
          as_.store[alignment=ALIGN](pgw * APAGE + ga[0] * ASTRIDE + ga[1] * RPT, pga)
          ~~~^~~~~~
              unsafe_store
<unknown>:0: note: 'store' declared here
Imported from /root/mojolearn/bindings/_mojolearn_linalg.mojo:69:
Imported from ./gemm/host_entry.mojo:51:
./gemm/checks/gemm_identical.mojo:5299:14: warning: 'store' is deprecated, use 'unsafe_store' instead
          bs_.store[alignment=ALIGN](pgw * BPAGE + gb[0] * BSTRIDE + gb[1] * CPT, pgb)
          ~~~^~~~~~
              unsafe_store
<unknown>:0: note: 'store' declared here
Imported from /root/mojolearn/bindings/_mojolearn_linalg.mojo:69:
Imported from ./gemm/host_entry.mojo:51:
./gemm/checks/gemm_identical.mojo:5347:26: warning: 'load' is deprecated, use 'unsafe_load' instead
            var ra1 = as_.load[width=RPT, alignment=ALIGN](abase)
                      ~~~^~~~~
                          unsafe_load
<unknown>:0: note: 'load' declared here
Imported from /root/mojolearn/bindings/_mojolearn_linalg.mojo:69:
Imported from ./gemm/host_entry.mojo:51:
./gemm/checks/gemm_identical.mojo:5348:26: warning: 'load' is deprecated, use 'unsafe_load' instead
            var rb1 = bs_.load[width=CPT, alignment=ALIGN](bbase)
                      ~~~^~~~~
                          unsafe_load
<unknown>:0: note: 'load' declared here
Imported from /root/mojolearn/bindings/_mojolearn_linalg.mojo:69:
Imported from ./gemm/host_entry.mojo:51:
./gemm/checks/gemm_identical.mojo:5357:29: warning: 'load' is deprecated, use 'unsafe_load' instead
                var ra = as_.load[width=RPT, alignment=ALIGN](abase + c0 * RPT)
                         ~~~^~~~~
                             unsafe_load
<unknown>:0: note: 'load' declared here
Imported from /root/mojolearn/bindings/_mojolearn_linalg.mojo:69:
Imported from ./gemm/host_entry.mojo:51:
./gemm/checks/gemm_identical.mojo:5358:29: warning: 'load' is deprecated, use 'unsafe_load' instead
                var rb = bs_.load[width=CPT, alignment=ALIGN](bbase + c0 * CPT)
                         ~~~^~~~~
                             unsafe_load
<unknown>:0: note: 'load' declared here
Imported from /root/mojolearn/bindings/_mojolearn_linalg.mojo:69:
Imported from ./gemm/host_entry.mojo:51:
./gemm/checks/gemm_identical.mojo:5381:30: warning: 'load' is deprecated, use 'unsafe_load' instead
                var ra2 = as_.load[width=RPT, alignment=ALIGN](abase + cc * RPT)
                          ~~~^~~~~
                              unsafe_load
<unknown>:0: note: 'load' declared here
Imported from /root/mojolearn/bindings/_mojolearn_linalg.mojo:69:
Imported from ./gemm/host_entry.mojo:51:
./gemm/checks/gemm_identical.mojo:5382:30: warning: 'load' is deprecated, use 'unsafe_load' instead
                var rb2 = bs_.load[width=CPT, alignment=ALIGN](bbase + cc * CPT)
                          ~~~^~~~~
                              unsafe_load
<unknown>:0: note: 'load' declared here
built python/mojolearn/identical/_mojolearn_linalg.so (gate skipped: non-Darwin or MOJOLEARN_SKIP_BUILD_GATE)
