2346 external/tcmalloc+/tcmalloc/internal/system_allocator.h:713] Warning: Unable to mbind memory (errno=1, base=0x10fc80000000, nodemask=1)
LAYOUT_FLAGS mode IDENTICAL selector 0 transpose 0
SMALLK_DISPATCH experimental 0 mode IDENTICAL specialized_k 8,10,16 fallback_k 4,15
DISPATCH_FIXTURE_PASS dyadic 257 1 8 4
DISPATCH_FIXTURE_PASS dyadic 257 1 8 8
DISPATCH_FIXTURE_PASS dyadic 257 1 8 10
DISPATCH_FIXTURE_PASS dyadic 257 1 8 15
DISPATCH_FIXTURE_PASS dyadic 257 1 8 16
DISPATCH_FIXTURE_PASS dyadic 257 257 8 4
DISPATCH_FIXTURE_PASS dyadic 257 257 8 8
DISPATCH_FIXTURE_PASS dyadic 257 257 8 10
DISPATCH_FIXTURE_PASS dyadic 257 257 8 15
DISPATCH_FIXTURE_PASS dyadic 257 257 8 16
DISPATCH_FIXTURE_PASS dyadic 257 1000 8 4
DISPATCH_FIXTURE_PASS dyadic 257 1000 8 8
DISPATCH_FIXTURE_PASS dyadic 257 1000 8 10
DISPATCH_FIXTURE_PASS dyadic 257 1000 8 15
DISPATCH_FIXTURE_PASS dyadic 257 1000 8 16
DISPATCH_FIXTURE_PASS duplicates 1025 1 8 4
DISPATCH_FIXTURE_PASS duplicates 1025 1 8 8
DISPATCH_FIXTURE_PASS duplicates 1025 1 8 10
DISPATCH_FIXTURE_PASS duplicates 1025 1 8 15
DISPATCH_FIXTURE_PASS duplicates 1025 1 8 16
DISPATCH_FIXTURE_PASS duplicates 1025 257 8 4
DISPATCH_FIXTURE_PASS duplicates 1025 257 8 8
DISPATCH_FIXTURE_PASS duplicates 1025 257 8 10
DISPATCH_FIXTURE_PASS duplicates 1025 257 8 15
DISPATCH_FIXTURE_PASS duplicates 1025 257 8 16
DISPATCH_FIXTURE_PASS duplicates 1025 1000 8 4
DISPATCH_FIXTURE_PASS duplicates 1025 1000 8 8
DISPATCH_FIXTURE_PASS duplicates 1025 1000 8 10
DISPATCH_FIXTURE_PASS duplicates 1025 1000 8 15
DISPATCH_FIXTURE_PASS duplicates 1025 1000 8 16
KNN SMALL-K PUBLIC DISPATCH PASS fixtures 30 selected_pairs 133348
KNN LAYOUT PUBLIC DISPATCH PASS metric_fixtures 4 additional_selected_pairs 10280
