9978 external/tcmalloc+/tcmalloc/internal/system_allocator.h:713] Warning: Unable to mbind memory (errno=1, base=0x314f40000000, nodemask=1)
=== attention step price, mode IDENTICAL, column amd, generator shape B1_L2048_nh12_nkv12_hd64_win0 (a file: kind carries its own shape)
trial_hook=True phase_timers_built=False
DEFAULT column=amd arm=stash_tiled_fgrid_r32_qres_pf source=kernel_matrix.attn_default_arm_for baseline_is_default=False candidate_is_default=True baseline_requested=baseline candidate_requested=stash_tiled_fgrid_r32_qres_pf
baseline=baseline candidate=stash_tiled_fgrid_r32_qres_pf rounds=7 warmups=2
PATH baseline arm=baseline is_default=False resolved_hd64=baseline zdot_rows=- fwd_rows=- preflush=False reach_bit=sabotage
PATH candidate arm=stash_tiled_fgrid_r32_qres_pf is_default=True resolved_hd64=stash_tiled_fgrid_r32_qres_pf zdot_rows=- fwd_rows=32 preflush=True reach_bit=sabotage_new
--- kind file:operands-enwik8
shape=B1_L2048_nh12_nkv12_hd64_win0 visible_cells=25178112 S=2048 key_lo=0 pos0=0
RAN file:operands-enwik8 baseline forward=baseline backward=baseline
DIGEST file:operands-enwik8 baseline ctx 5f01fc3a9bcec9c9 amax d89905a2e4307303 denom 195b4567d81c06fc zdot 8300ce7d2f4755d5 dq e0625e227bed3164 dk 27853f72872d8fc9 dv 95007640dca74d09
RAN file:operands-enwik8 stash_tiled_fgrid_r32_qres_pf forward=fwd_sstash_fgrid_r32_qres_pf backward=bwd_stash_tiled_pf
DIGEST file:operands-enwik8 stash_tiled_fgrid_r32_qres_pf ctx 5f01fc3a9bcec9c9 amax d89905a2e4307303 denom 195b4567d81c06fc zdot 8300ce7d2f4755d5 dq e0625e227bed3164 dk 27853f72872d8fc9 dv 95007640dca74d09
BITS file:operands-enwik8 stash_tiled_fgrid_r32_qres_pf_vs_baseline ctx MATCH 0 of 1572864
BITS file:operands-enwik8 stash_tiled_fgrid_r32_qres_pf_vs_baseline amax MATCH 0 of 24576
BITS file:operands-enwik8 stash_tiled_fgrid_r32_qres_pf_vs_baseline denom MATCH 0 of 24576
BITS file:operands-enwik8 stash_tiled_fgrid_r32_qres_pf_vs_baseline zdot MATCH 0 of 24576
BITS file:operands-enwik8 stash_tiled_fgrid_r32_qres_pf_vs_baseline dq MATCH 0 of 1572864
BITS file:operands-enwik8 stash_tiled_fgrid_r32_qres_pf_vs_baseline dk MATCH 0 of 1572864
BITS file:operands-enwik8 stash_tiled_fgrid_r32_qres_pf_vs_baseline dv MATCH 0 of 1572864
RAN file:operands-enwik8 stash_tiled_fgrid_r32_qres_pf+sabotage_new forward=fwd_sstash_fgrid_r32_qres_pf backward=bwd_stash_tiled_pf
BITS file:operands-enwik8 stash_tiled_fgrid_r32_qres_pf+sabotage_new_vs_baseline ctx MOVED 857282 of 1572864
BITS file:operands-enwik8 stash_tiled_fgrid_r32_qres_pf+sabotage_new_vs_baseline amax MOVED 16316 of 24576
BITS file:operands-enwik8 stash_tiled_fgrid_r32_qres_pf+sabotage_new_vs_baseline denom MOVED 12712 of 24576
BITS file:operands-enwik8 stash_tiled_fgrid_r32_qres_pf+sabotage_new_vs_baseline zdot MOVED 21014 of 24576
BITS file:operands-enwik8 stash_tiled_fgrid_r32_qres_pf+sabotage_new_vs_baseline dq MOVED 1411791 of 1572864
BITS file:operands-enwik8 stash_tiled_fgrid_r32_qres_pf+sabotage_new_vs_baseline dk MOVED 1453564 of 1572864
BITS file:operands-enwik8 stash_tiled_fgrid_r32_qres_pf+sabotage_new_vs_baseline dv MOVED 1058201 of 1572864
RAN file:operands-enwik8 stash_tiled_fgrid_r32_qres_pf (restore) forward=fwd_sstash_fgrid_r32_qres_pf backward=bwd_stash_tiled_pf
BITS file:operands-enwik8 stash_tiled_fgrid_r32_qres_pf_restored_vs_baseline ctx MATCH 0 of 1572864
BITS file:operands-enwik8 stash_tiled_fgrid_r32_qres_pf_restored_vs_baseline amax MATCH 0 of 24576
BITS file:operands-enwik8 stash_tiled_fgrid_r32_qres_pf_restored_vs_baseline denom MATCH 0 of 24576
BITS file:operands-enwik8 stash_tiled_fgrid_r32_qres_pf_restored_vs_baseline zdot MATCH 0 of 24576
BITS file:operands-enwik8 stash_tiled_fgrid_r32_qres_pf_restored_vs_baseline dq MATCH 0 of 1572864
BITS file:operands-enwik8 stash_tiled_fgrid_r32_qres_pf_restored_vs_baseline dk MATCH 0 of 1572864
BITS file:operands-enwik8 stash_tiled_fgrid_r32_qres_pf_restored_vs_baseline dv MATCH 0 of 1572864
REACH file:operands-enwik8 stash_tiled_fgrid_r32_qres_pf sabotage_flipped_cells=4830880 clean_restored=True reach_bit=stash_tiled_fgrid_r32_qres_pf+sabotage_new forward_moved=886310 backward_moved=3944570 amax_denom_moved=29028 ctx_moved_columns_16_up=644351 zdot_moved=21014 dv_moved=1058201
PRICE attention baseline fwd file:operands-enwik8 11.155364 ms
PRICE attention baseline fwdbwd file:operands-enwik8 25.14692 ms
PRICE attention stash_tiled_fgrid_r32_qres_pf fwd file:operands-enwik8 2.288254 ms
PRICE attention stash_tiled_fgrid_r32_qres_pf fwdbwd file:operands-enwik8 33.664398 ms
PRICE attention stash_tiled_fgrid_r32_qres_pf fwd file:operands-enwik8 2.292 ms
PRICE attention stash_tiled_fgrid_r32_qres_pf fwdbwd file:operands-enwik8 37.161186 ms
PRICE attention baseline fwd file:operands-enwik8 11.289014 ms
PRICE attention baseline fwdbwd file:operands-enwik8 24.877629 ms
PRICE attention baseline fwd file:operands-enwik8 11.18611 ms
PRICE attention baseline fwdbwd file:operands-enwik8 25.104858 ms
PRICE attention stash_tiled_fgrid_r32_qres_pf fwd file:operands-enwik8 2.295314 ms
PRICE attention stash_tiled_fgrid_r32_qres_pf fwdbwd file:operands-enwik8 33.620683 ms
PRICE attention stash_tiled_fgrid_r32_qres_pf fwd file:operands-enwik8 2.294704 ms
PRICE attention stash_tiled_fgrid_r32_qres_pf fwdbwd file:operands-enwik8 33.635275 ms
PRICE attention baseline fwd file:operands-enwik8 10.865272 ms
PRICE attention baseline fwdbwd file:operands-enwik8 44.973593 ms
PRICE attention baseline fwd file:operands-enwik8 11.338558 ms
PRICE attention baseline fwdbwd file:operands-enwik8 24.995584 ms
PRICE attention stash_tiled_fgrid_r32_qres_pf fwd file:operands-enwik8 2.284198 ms
PRICE attention stash_tiled_fgrid_r32_qres_pf fwdbwd file:operands-enwik8 33.448316 ms
PRICE attention stash_tiled_fgrid_r32_qres_pf fwd file:operands-enwik8 2.315515 ms
PRICE attention stash_tiled_fgrid_r32_qres_pf fwdbwd file:operands-enwik8 53.052115 ms
PRICE attention baseline fwd file:operands-enwik8 11.336424 ms
PRICE attention baseline fwdbwd file:operands-enwik8 25.156775 ms
PRICE attention baseline fwd file:operands-enwik8 11.196916 ms
PRICE attention baseline fwdbwd file:operands-enwik8 25.208102 ms
PRICE attention stash_tiled_fgrid_r32_qres_pf fwd file:operands-enwik8 2.291279 ms
PRICE attention stash_tiled_fgrid_r32_qres_pf fwdbwd file:operands-enwik8 58.375007 ms
TABLE kind=file:operands-enwik8 shape=B1_L2048_nh12_nkv12_hd64_win0 column=amd default_arm=stash_tiled_fgrid_r32_qres_pf visible_cells=25178112 (useful flops: fwd 4*cells*hd, bwd 10*cells*hd; executed multiplier of the shipped kernels: fwd dots 3 of 2 contractions, bwd dots 6 of 5)
TABLE arm | fwd median ms | fwd useful TFLOP/s | fwd+bwd median ms | bwd (derived) ms | bwd useful TFLOP/s | fwd ratio | fwd+bwd ratio
TABLE baseline | 11.196916 | 0.5756582144583383 | 25.14692 | 13.950004000000002 | 1.1551245203944025 | 1.0 | 1.0
TABLE stash_tiled_fgrid_r32_qres_pf | 2.292 | 2.812214952879581 | 33.664398 | 31.372397999999997 | 0.5136359573150896 | 4.885216404886562 | 0.7469885544960585
--- kind file:operands-pilegithub
shape=B1_L2048_nh12_nkv12_hd64_win0 visible_cells=25178112 S=2048 key_lo=0 pos0=0
RAN file:operands-pilegithub baseline forward=baseline backward=baseline
DIGEST file:operands-pilegithub baseline ctx 2a3a48d476868ddf amax c87795424c4ce74a denom 3b946f3ab306552a zdot 18417cee822a4690 dq dce688e9f43ba511 dk b7bdacf0394a4c64 dv 36950bfa379abbf6
RAN file:operands-pilegithub stash_tiled_fgrid_r32_qres_pf forward=fwd_sstash_fgrid_r32_qres_pf backward=bwd_stash_tiled_pf
DIGEST file:operands-pilegithub stash_tiled_fgrid_r32_qres_pf ctx 2a3a48d476868ddf amax c87795424c4ce74a denom 3b946f3ab306552a zdot 18417cee822a4690 dq dce688e9f43ba511 dk b7bdacf0394a4c64 dv 36950bfa379abbf6
BITS file:operands-pilegithub stash_tiled_fgrid_r32_qres_pf_vs_baseline ctx MATCH 0 of 1572864
BITS file:operands-pilegithub stash_tiled_fgrid_r32_qres_pf_vs_baseline amax MATCH 0 of 24576
BITS file:operands-pilegithub stash_tiled_fgrid_r32_qres_pf_vs_baseline denom MATCH 0 of 24576
BITS file:operands-pilegithub stash_tiled_fgrid_r32_qres_pf_vs_baseline zdot MATCH 0 of 24576
BITS file:operands-pilegithub stash_tiled_fgrid_r32_qres_pf_vs_baseline dq MATCH 0 of 1572864
BITS file:operands-pilegithub stash_tiled_fgrid_r32_qres_pf_vs_baseline dk MATCH 0 of 1572864
BITS file:operands-pilegithub stash_tiled_fgrid_r32_qres_pf_vs_baseline dv MATCH 0 of 1572864
RAN file:operands-pilegithub stash_tiled_fgrid_r32_qres_pf+sabotage_new forward=fwd_sstash_fgrid_r32_qres_pf backward=bwd_stash_tiled_pf
BITS file:operands-pilegithub stash_tiled_fgrid_r32_qres_pf+sabotage_new_vs_baseline ctx MOVED 849951 of 1572864
BITS file:operands-pilegithub stash_tiled_fgrid_r32_qres_pf+sabotage_new_vs_baseline amax MOVED 16133 of 24576
BITS file:operands-pilegithub stash_tiled_fgrid_r32_qres_pf+sabotage_new_vs_baseline denom MOVED 12833 of 24576
BITS file:operands-pilegithub stash_tiled_fgrid_r32_qres_pf+sabotage_new_vs_baseline zdot MOVED 21192 of 24576
BITS file:operands-pilegithub stash_tiled_fgrid_r32_qres_pf+sabotage_new_vs_baseline dq MOVED 1405497 of 1572864
BITS file:operands-pilegithub stash_tiled_fgrid_r32_qres_pf+sabotage_new_vs_baseline dk MOVED 1442892 of 1572864
BITS file:operands-pilegithub stash_tiled_fgrid_r32_qres_pf+sabotage_new_vs_baseline dv MOVED 1027539 of 1572864
RAN file:operands-pilegithub stash_tiled_fgrid_r32_qres_pf (restore) forward=fwd_sstash_fgrid_r32_qres_pf backward=bwd_stash_tiled_pf
BITS file:operands-pilegithub stash_tiled_fgrid_r32_qres_pf_restored_vs_baseline ctx MATCH 0 of 1572864
BITS file:operands-pilegithub stash_tiled_fgrid_r32_qres_pf_restored_vs_baseline amax MATCH 0 of 24576
BITS file:operands-pilegithub stash_tiled_fgrid_r32_qres_pf_restored_vs_baseline denom MATCH 0 of 24576
BITS file:operands-pilegithub stash_tiled_fgrid_r32_qres_pf_restored_vs_baseline zdot MATCH 0 of 24576
BITS file:operands-pilegithub stash_tiled_fgrid_r32_qres_pf_restored_vs_baseline dq MATCH 0 of 1572864
BITS file:operands-pilegithub stash_tiled_fgrid_r32_qres_pf_restored_vs_baseline dk MATCH 0 of 1572864
BITS file:operands-pilegithub stash_tiled_fgrid_r32_qres_pf_restored_vs_baseline dv MATCH 0 of 1572864
REACH file:operands-pilegithub stash_tiled_fgrid_r32_qres_pf sabotage_flipped_cells=4776037 clean_restored=True reach_bit=stash_tiled_fgrid_r32_qres_pf+sabotage_new forward_moved=878917 backward_moved=3897120 amax_denom_moved=28966 ctx_moved_columns_16_up=637501 zdot_moved=21192 dv_moved=1027539
PRICE attention baseline fwd file:operands-pilegithub 10.968776 ms
PRICE attention baseline fwdbwd file:operands-pilegithub 24.9658 ms
PRICE attention stash_tiled_fgrid_r32_qres_pf fwd file:operands-pilegithub 2.280393 ms
PRICE attention stash_tiled_fgrid_r32_qres_pf fwdbwd file:operands-pilegithub 33.657037 ms
PRICE attention stash_tiled_fgrid_r32_qres_pf fwd file:operands-pilegithub 2.305359 ms
PRICE attention stash_tiled_fgrid_r32_qres_pf fwdbwd file:operands-pilegithub 33.700403 ms
PRICE attention baseline fwd file:operands-pilegithub 11.035726 ms
PRICE attention baseline fwdbwd file:operands-pilegithub 25.016325 ms
PRICE attention baseline fwd file:operands-pilegithub 11.176947 ms
PRICE attention baseline fwdbwd file:operands-pilegithub 24.931278 ms
PRICE attention stash_tiled_fgrid_r32_qres_pf fwd file:operands-pilegithub 33.873631 ms
PRICE attention stash_tiled_fgrid_r32_qres_pf fwdbwd file:operands-pilegithub 34.14785 ms
PRICE attention stash_tiled_fgrid_r32_qres_pf fwd file:operands-pilegithub 2.295495 ms
PRICE attention stash_tiled_fgrid_r32_qres_pf fwdbwd file:operands-pilegithub 33.794963 ms
PRICE attention baseline fwd file:operands-pilegithub 10.640917 ms
PRICE attention baseline fwdbwd file:operands-pilegithub 24.939761 ms
PRICE attention baseline fwd file:operands-pilegithub 11.037519 ms
PRICE attention baseline fwdbwd file:operands-pilegithub 25.078769 ms
PRICE attention stash_tiled_fgrid_r32_qres_pf fwd file:operands-pilegithub 2.275305 ms
PRICE attention stash_tiled_fgrid_r32_qres_pf fwdbwd file:operands-pilegithub 33.777327 ms
PRICE attention stash_tiled_fgrid_r32_qres_pf fwd file:operands-pilegithub 2.312901 ms
PRICE attention stash_tiled_fgrid_r32_qres_pf fwdbwd file:operands-pilegithub 33.839611 ms
PRICE attention baseline fwd file:operands-pilegithub 11.00508 ms
PRICE attention baseline fwdbwd file:operands-pilegithub 24.996916 ms
PRICE attention baseline fwd file:operands-pilegithub 11.093091 ms
PRICE attention baseline fwdbwd file:operands-pilegithub 25.248812 ms
PRICE attention stash_tiled_fgrid_r32_qres_pf fwd file:operands-pilegithub 2.272661 ms
PRICE attention stash_tiled_fgrid_r32_qres_pf fwdbwd file:operands-pilegithub 33.750748 ms
TABLE kind=file:operands-pilegithub shape=B1_L2048_nh12_nkv12_hd64_win0 column=amd default_arm=stash_tiled_fgrid_r32_qres_pf visible_cells=25178112 (useful flops: fwd 4*cells*hd, bwd 10*cells*hd; executed multiplier of the shipped kernels: fwd dots 3 of 2 contractions, bwd dots 6 of 5)
TABLE arm | fwd median ms | fwd useful TFLOP/s | fwd+bwd median ms | bwd (derived) ms | bwd useful TFLOP/s | fwd ratio | fwd+bwd ratio
TABLE baseline | 11.035726 | 0.5840663923696547 | 24.996916 | 13.961189999999998 | 1.1541990102562891 | 1.0 | 1.0
TABLE stash_tiled_fgrid_r32_qres_pf | 2.295495 | 2.807933222246182 | 33.777327 | 31.481832 | 0.5118505073021163 | 4.807558282636207 | 0.7400501525772006
attention_step_price: PASS (stash_tiled_fgrid_r32_qres_pf vs baseline)
