Mamba-3 backward, B=2 L=512 d_model=384, median of 4 calls after warm-up (ms)
stage                                       ms   share
m3bwd.s17_operands                      36.657   51.1%
m3bwd.s16_s15                           12.483   17.4%
m3bwd.s16.qk_naive                      11.873   16.6%
m3bwd.angle                              3.107    4.3%
m3bwd.bcnorm                             1.380    1.9%
m3bwd.proj_a                             0.922    1.3%
m3bwd.proj_b                             0.905    1.3%
m3bwd.seg_adt                            0.755    1.1%
m3bwd.block_norm                         0.532    0.7%
m3bwd.s17_state                          0.402    0.6%
m3bwd.qkdot                              0.401    0.6%
m3bwd.s16.v_shared                       0.316    0.4%
m3bwd.join_current                       0.281    0.4%
m3bwd.reduce                             0.249    0.3%
m3bwd.gate_skip                          0.244    0.3%
m3bwd.join_rotary                        0.227    0.3%
m3bwd.join_s16_s17                       0.186    0.3%
m3bwd.pack_in_proj                       0.169    0.2%
m3bwd.rotary_only                        0.163    0.2%
m3bwd.s15_only                           0.151    0.2%
m3bwd.dt_partial                         0.080    0.1%
m3bwd.adt_product                        0.072    0.1%
m3bwd.dacs_to_adt                        0.047    0.1%
m3bwd.join_two                           0.043    0.1%
m3bwd.a_heavy_tail                       0.023    0.0%
total (sum of stages)                   71.668
session counters: {"weight_uploads": 1, "weight_recopies": 0, "weight_reuses": 9, "backward_reuses": 5, "backward_recomputes": 0, "stages_held": 1}
