49109 external/tcmalloc+/tcmalloc/internal/system_allocator.h:713] Warning: Unable to mbind memory (errno=1, base=0x50aa40000000, nodemask=1)
49109 external/tcmalloc+/tcmalloc/internal/system_allocator.h:713] Warning: Unable to mbind memory (errno=1, base=0x7b1100000000, nodemask=2)
49289 external/tcmalloc+/tcmalloc/internal/system_allocator.h:713] Warning: Unable to mbind memory (errno=1, base=0x59c480000000, nodemask=2)
49288 external/tcmalloc+/tcmalloc/internal/system_allocator.h:713] Warning: Unable to mbind memory (errno=1, base=0x1b6800000000, nodemask=2)
49288 external/tcmalloc+/tcmalloc/internal/system_allocator.h:713] Warning: Unable to mbind memory (errno=1, base=0x537e40000000, nodemask=1)
49394 external/tcmalloc+/tcmalloc/internal/system_allocator.h:713] Warning: Unable to mbind memory (errno=1, base=0x5bdf40000000, nodemask=2)
49399 external/tcmalloc+/tcmalloc/internal/system_allocator.h:713] Warning: Unable to mbind memory (errno=1, base=0x31f680000000, nodemask=1)
49448 external/tcmalloc+/tcmalloc/internal/system_allocator.h:713] Warning: Unable to mbind memory (errno=1, base=0x716480000000, nodemask=1)
49448 external/tcmalloc+/tcmalloc/internal/system_allocator.h:713] Warning: Unable to mbind memory (errno=1, base=0x7a6980000000, nodemask=2)
49501 external/tcmalloc+/tcmalloc/internal/system_allocator.h:713] Warning: Unable to mbind memory (errno=1, base=0x71f500000000, nodemask=1)
49554 external/tcmalloc+/tcmalloc/internal/system_allocator.h:713] Warning: Unable to mbind memory (errno=1, base=0x3a8440000000, nodemask=2)
49607 external/tcmalloc+/tcmalloc/internal/system_allocator.h:713] Warning: Unable to mbind memory (errno=1, base=0x33fa40000000, nodemask=1)
49660 external/tcmalloc+/tcmalloc/internal/system_allocator.h:713] Warning: Unable to mbind memory (errno=1, base=0x5ac000000000, nodemask=2)
49660 external/tcmalloc+/tcmalloc/internal/system_allocator.h:713] Warning: Unable to mbind memory (errno=1, base=0x110780000000, nodemask=1)
49715 external/tcmalloc+/tcmalloc/internal/system_allocator.h:713] Warning: Unable to mbind memory (errno=1, base=0x785740000000, nodemask=2)
{
  "status": "PASS",
  "checks": [
    "Samba_K3_two_GPU_replay",
    "Samba_checkpoint_device_migration"
  ],
  "hashes": [
    "f4825b3f87f5c316b74d9923c37ff1550591288d161ecc197622f54731a7fdd3",
    "2dd859e954ac49017b766051825da7f7cbc3d5b80b3c71a9e4a5e5a72bdacdaa"
  ],
  "state_hashes": [
    "0fc82653852c7be9886fccbb937465bf15e2dd41323de9ab2549b5c7682fddad",
    "a05a6ab92a4cbf7a121b16392f74760f28e9222b951c35dbb8fcd6e6f0d290a9"
  ],
  "corpus_sha256": "2b49720ec4d78c3c9fabaee6e4179a5e997302b3a70029f30f2d582218c024a8",
  "scope": "Two devices; no cross-vendor or speed claim"
}

