== gemm.fp32.v1 remote leg (DEVIATION 536) ==
   profile:  strict Mamba backward certificate with retained native bytes
   vendor:   nvidia    label in the diff: NVIDIA
   payload:  mamba
   MODE:     IDENTICAL. Strict public-prefill backward gates for
             Mamba 1/2/3 plus Mamba2 multichunk/state; no timing claim.
   mode:     rent
   gpu:      NVIDIA GeForce RTX 4090
   image:    runpod/pytorch:2.4.0-py3.11-cuda12.4.1-devel-ubuntu22.04
   lease:    60 minutes (hard cap 60)
   out:      /Users/andrewhendel/CascadeProjects/mojolearn/bench/results/resume/2026-09-07-root-byte-lm-nvidia-common/run2

   commit:   eac39c36 parent 34fb352f
   source:   archive of eac39c367beeddb8ba4792551d154673e654ce21; working-tree edits are not shipped

== step 1: THERE IS NO APPLE REFERENCE, AND THAT IS THE POINT ==
   This payload builds NOTHING on this Mac and compares nothing to it.
   The semantic oracle and NVIDIA dumps are generated together on
   the pod; the fetched strict certificate is self-contained.

== step 2: pre-flight ==
  pre-flight: existing leases on this machine
    no leases recorded in /private/tmp/mojolearn-byte-lm-do-20260907/tools/../bench/results/runpod_leases
  pre-flight: pods already up on this account
    none named mojolearn-gemm-*

== step 3: the box ==
[04:21:31 nvidia] dead-man ARMED before the create: pid 81023, fires in 4500s, keyed by name mojolearn-gemm-nvidia-2026-09-07_042129
[04:21:31 nvidia]   cancel by hand only after the pod is confirmed gone:  kill 81023; rm -rf /var/folders/hy/_ylqg90n5lz20fd6tsrwg0cw0000gn/T//mojolearn-gemm-deadman-80932
[04:21:31 nvidia] creating mojolearn-gemm-nvidia-2026-09-07_042129 (NVIDIA GeForce RTX 4090, runpod/pytorch:2.4.0-py3.11-cuda12.4.1-devel-ubuntu22.04)
[04:21:31 nvidia]   THE BILL STARTS HERE and the box is NOT YET ARMED.
[04:21:33 nvidia] pod 4ae685lmdk95wa created
[04:21:44 nvidia] ssh target: -p 36846 root@213.181.111.2
[04:21:45 nvidia] ssh up after 1 attempt(s)

== step 4: the lease, BEFORE any work ==
[04:21:45 nvidia] ARMING THE LEASE BEFORE ANY WORK (60 minutes)
    arming a 60-minute self-kill on pod 4ae685lmdk95wa ...
    ARMED. Pod 4ae685lmdk95wa is TERMINATED through the API in 60 minutes.
      lease: /private/tmp/mojolearn-byte-lm-do-20260907/tools/../bench/results/runpod_leases/4ae685lmdk95wa.lease
      extend with: tools/runpod_guard.sh extend 4ae685lmdk95wa '-p 36846 root@213.181.111.2' <minutes>
    4ae685lmdk95wa: 60 minutes left of a 60-minute lease

== step 5: the key on the pod, and where it is visible ==
    -rw------- 1 root root 50 Sep  7 08:21 /root/.mojolearn-rp.key
    KEY_NOT_IN_PS

== step 6: the source ==
[04:21:52 nvidia] shipping the COMMIT (eac39c367beeddb8ba4792551d154673e654ce21), not the working tree
[04:21:52 nvidia]   bounded Mamba source archive: 4654982 bytes compressed
[04:21:53 nvidia]   archive source sha256: 7d6866d1535746ec1ba94ca1d1a60fd9
[04:23:16 nvidia] starting the payload DETACHED on the box, then polling for it
    REMOTE_PID=242
[04:23:17 nvidia]   remote pid 242; polling every 30s, giving up after 3212s
[04:25:23 nvidia]   the payload finished (its sentinel is on the box)
    REMOTE_BODY_DONE

== step 7: fetch ==
    source_sha256.txt
    uname.txt
    pixi_env.log
    byte-lm-validation-console.log
    gpu.txt
    cpu-affinity.log
    source_inventory.json
    pixi_install.log
    leg.txt
    byte-lm-validation

== step 8: what came home ==
{
  "binding_sha256": "9dec548908dd38cc186ae90ddcd3f341a3b1d430a56bd1a54543eba962b00923",
  "completed_steps": 128,
  "heldout_loss_ratio": 0.5131724651836634,
  "independent_oracle": {
    "guard": {
      "command": {
        "bytes": 286,
        "file": "byte-gradient-oracle.command.txt",
        "sha256": "6dad7dc06eab6f699b4511ebe26621662b8cbf6bedd7bccd8b44aedb275e6ac1"
      },
      "final": {
        "cpu_affinity": "0,1",
        "guard": "nvidia-root-serial-v1",
        "reason": null,
        "returncode": 0,
        "thread_limit": 2
      },
      "guard_log_sha256": "dd5b6a620b2f026b600b6af9016fd5b80872122c3359c673cbeb7ab26358295d",
      "linkage": "root-supplied artifact/command pairing; not a signed attestation",
      "receipt_sha256": "2de52a65f0c5b0148c774def8c775eb010ede2807d3f8b98f73e044cb1d98a16",
      "result": {
        "bytes": 38238,
        "file": "gradient-oracle.json",
        "sha256": "123d7ea6e19a856dc10adef7a62a1d277bc6669836ff3c560da19d04b575afc2"
      }
    },
    "oracle_sha256": "123d7ea6e19a856dc10adef7a62a1d277bc6669836ff3c560da19d04b575afc2",
    "reference": {
      "file": "gradient-oracle.json.reference.npz",
      "sha256": "091cea38fbdaafbceb36abdd683b70e3a5bfc277c778db3382106d359b5b391f"
    },
    "step": 1
  },
  "passed": true,
  "receipts": {
    "first": {
      "command": {
        "bytes": 228,
        "file": "byte-step1.command.txt",
        "sha256": "9cc8b8d6efdd1e60b3081b6533c59f3e5768e352a6aafa2904bd94ec3822f15e"
      },
      "final": {
        "cpu_affinity": "0,1",
        "guard": "nvidia-root-serial-v1",
        "reason": null,
        "returncode": 0,
        "thread_limit": 2
      },
      "guard_log_sha256": "dd5b6a620b2f026b600b6af9016fd5b80872122c3359c673cbeb7ab26358295d",
      "linkage": "root-supplied artifact/command pairing; not a signed attestation",
      "receipt_sha256": "b76d912e027bfd6dab4366a48f544f367d5878952c27a75663731e619c392783",
      "result": {
        "bytes": 4755,
        "file": "step1/summary.json",
        "sha256": "682e4d7e1fac4e9034a8074178d4a0d5e7bf5c8f625ed2949d8d13843e93eb07"
      }
    },
    "full": {
      "command": {
        "bytes": 233,
        "file": "byte-full128.command.txt",
        "sha256": "f2c665aa6f9b44d67061d69dc2fa6ecfcdf4b5f810a3ceb8a489f73f9a01d225"
      },
      "final": {
        "cpu_affinity": "0,1",
        "guard": "nvidia-root-serial-v1",
        "reason": null,
        "returncode": 0,
        "thread_limit": 2
      },
      "guard_log_sha256": "2e9ae8fb6f7cf373e25ce270282b23d2c3df1a4549caa4355bb998314e9d4c38",
      "linkage": "root-supplied artifact/command pairing; not a signed attestation",
      "receipt_sha256": "4422493f858a3bd3ccb9807993406682eee6d4f20b0086731cc93f233c999a2a",
      "result": {
        "bytes": 28358,
        "file": "full128/summary.json",
        "sha256": "ae4d89362cee5262b64e441c6b32756ace76679e14528905793c5a765e514446"
      }
    }
  },
  "schema": "mojolearn.byte-lm.single-vendor-admission.v1",
  "scope": "fixed small real-text model: independent first-step FP64 correctness and 128-step heldout learning on this vendor; cross-vendor identity remains separate",
  "source_commit": "eac39c367beeddb8ba4792551d154673e654ce21",
  "vendor": "cuda"
}
  source sha256 MATCHES on both ends (7d6866d1535746ec...)
  gpu on the box:
    NVIDIA GeForce RTX 4090, 580.159.04
    vendor=nvidia
    payload=mamba
    knn_layout_only=0
    nvidia_campaign=5
    commit=eac39c367beeddb8ba4792551d154673e654ce21
    started=2026-09-07T08:23:17Z
    device_memory_pool=qualified NVIDIA runtime defaults; external guard retained
    pixi_install_exit=0
    byte_lm_validation_exit=0
    gpu_archs=sm_89
    scope=bounded nvidia byte LM validation; no cross-vendor or performance certificate

== step 9: bounded nvidia byte LM validation ==
  Results: /Users/andrewhendel/CascadeProjects/mojolearn/bench/results/resume/2026-09-07-root-byte-lm-nvidia-common/run2/remote/byte-lm-validation
  Admission requires retained root receipts and the independent oracle.
  This is not a cross-vendor identity or performance certificate.

== step 10: terminate at the end of the WORK ==
  lease at exit:
    4ae685lmdk95wa: 56 minutes left of a 60-minute lease
  terminating 4ae685lmdk95wa (layer two, from this machine)
    DELETE /v1/pods/4ae685lmdk95wa -> HTTP 204
  VERIFIED: 4ae685lmdk95wa is gone (HTTP 404).

artifacts: /Users/andrewhendel/CascadeProjects/mojolearn/bench/results/resume/2026-09-07-root-byte-lm-nvidia-common/run2
the byte LM validation results: /Users/andrewhendel/CascadeProjects/mojolearn/bench/results/resume/2026-09-07-root-byte-lm-nvidia-common/run2/remote/byte-lm-validation
read byte-lm-validation-console.log and byte_lm_validation_exit together.

== teardown (exit 0) ==
  lease at exit:
    NO LEASE for 4ae685lmdk95wa -- it is unguarded.
  dead-man cancelled (pid 81023)
/var/folders/hy/_ylqg90n5lz20fd6tsrwg0cw0000gn/T//mojolearn-leg-snapshot-80932/gemm_remote_leg.sh: line 2275: 81023 Terminated: 15          nohup sh -c 'trap "" HUP INT; exec sh "$0"' "$DEADMAN_DIR/deadman.sh" > /dev/null 2>&1 < /dev/null
