3290 external/tcmalloc+/tcmalloc/internal/system_allocator.h:713] Warning: Unable to mbind memory (errno=1, base=0x1213c0000000, nodemask=1)
{"event": "setup", "schema": "mojolearn.lm-step-memory-probe.v3", "shape": {"batch": 1, "length": 2048, "d_model": 768, "n_heads": 12, "n_kv": 12, "head_dim": 64, "intermediate": 2048, "n_layers": 12, "vocab_size": 50257}, "profile": "mojolearn.byte-lm.b1-l2048-d768-h12-kv12-hd64-ff2048-v50257-blocks12.fp32.v3", "parameters": 162147840, "n_tensors": 110, "tokens_per_step": 2048, "seed": 93261, "budget_seconds": 300.0, "resident": true, "step_result": "lean", "witness_every_step": false, "witness_source": "export_gradients(named=False) + export_state() once after the last untimed step", "corpus": {"path": "training/corpus/enwik8/input.txt", "sha256": "2b49720ec4d78c3c9fabaee6e4179a5e997302b3a70029f30f2d582218c024a8", "manifest_sha256": "c65094a4d6a494d2882d972c20138015b4a258b310d662d4be05fb7ba2e9b423", "bytes": 100000000, "source_url": "http://mattmahoney.net/dc/enwik8.zip", "schedule": "step k row b: bytes[(k*batch*length + b*length) % (bytes - length - 1) : +length+1] as int32; targets shifted one byte"}, "attention_arm": "stash_tiled_fgrid_r32_qres_pf_estash_dres_kvgrid_r32", "attention_arm_source": "binding", "attention_arm_requested": "stash_tiled_fgrid_r32_qres_pf_estash_dres_kvgrid_r32", "attention_arm_default": "stash_tiled_fgrid_r32_qres_pf_estash_dres_kvgrid_r32", "attention_arm_is_default": true, "attention_arm_resolved_hd64": "stash_tiled_fgrid_r32_qres_pf_estash_dres_kvgrid_r32", "attention_arm_trial_build": true, "gemm_arm": null, "gemm_plan": null, "step_glue_arm": "optskip_noshadow_rows16", "step_glue_arm_requested": null, "step_glue_trial_build": false, "gemm_arm_requested": null, "attention_path_requested": null, "numeric_mode_env": "identical", "runtime": {"binding_file": "/root/mojolearn/python/mojolearn/identical/_mojolearn_byte_lm.so", "binding_sha256": "c30c34f4f510009710bba7b9c4aeb307383084280529e2f05402ea2a73fd71d3", "native_attention_arm": {"arm": "stash_tiled_fgrid_r32_qres_pf_estash_dres_kvgrid_r32", "default": "stash_tiled_fgrid_r32_qres_pf_estash_dres_kvgrid_r32", "resolved_hd64": "stash_tiled_fgrid_r32_qres_pf_estash_dres_kvgrid_r32", "trial_build": true}, "native_numeric_mode": 1, "native_profile": "mojolearn.byte-lm.b2-l32-d32-h4-kv2-ff64-v256-blocks2.fp32.v1", "native_step_glue_arm": {"arm": "optskip_noshadow_rows16", "trial_build": false}, "native_vendor": "cuda", "source_scope": "available direct source files; binding SHA identifies the compiled artifact", "source_sha256": {"bindings/_mojolearn_byte_lm.mojo": "7d683e6817e84791ee70b753ca1937eb6d9e7a6eda8020f13a727090fc6dba55", "loaded_python_wrapper": "a6062292958ec97a620ce2eb3327e0826782eb98ff14057bdf302c0b2e8f2031", "python/mojolearn/_byte_lm_config.py": "440ca11e33cfed741c8a812a8dac74ad4e938ab8e16f84ed2af5b61d3fbe56b8", "python/mojolearn/_byte_lm_impl.py": "a6062292958ec97a620ce2eb3327e0826782eb98ff14057bdf302c0b2e8f2031", "python/mojolearn/language_model.py": "4e84ad0955cfc7b7dc0c884d1abcae7f59943d93bee337ac4a16b92be9718925", "training/byte_lm.mojo": "ae2c5e7ccf3d0e216a1a9128efeb973592a311c1d0cc73fbe95a20f7417b8b55", "training/byte_lm_config.mojo": "bc5c9a9502793359fbbdd50c94e02b7bcd3f5c4295e1c35871efc774524a69b1"}, "schema": "small-byte-lm.run-metadata.v1", "qualification": "authored/unqualified", "profile": "mojolearn.byte-lm.b1-l2048-d768-h12-kv12-hd64-ff2048-v50257-blocks12.fp32.v3", "device_state_lifetime": "resident", "step_result": "lean", "last_export_step": 0, "config": {"lr": 0.0010000000474974513, "beta1": 0.8999999761581421, "beta2": 0.9990000128746033, "eps": 9.99999993922529e-09, "weight_decay": 0.009999999776482582, "kind": 2, "momentum": 0.0, "dampening": 0.0, "nesterov": false, "max_norm": 0.0}, "data_schedule": {"batches": "pinned corpus 2b49720ec4d78c3c9fabaee6e4179a5e997302b3a70029f30f2d582218c024a8", "fixture": "lm step memory probe", "seed": 93261}, "completed_steps": 0, "next_batch_index": 0}, "initial_parameters_sha256": "0e36d8d036d8c4cf9704babd096061006e48071187c793c6ee471e05b449572e", "host_before_first_call": {"vm_rss_bytes": 2753388544, "vm_hwm_bytes": 3399798784, "ru_maxrss_bytes": 3399798784, "boundary": "process host memory (Python + native + pinned staging); not device memory"}, "device_tool": "nvidia-smi", "qualification": "complete-step probe at the named shape; not an opponent ratio, not a default gate", "t": 1789676655.645484}
{"event": "step_start", "step": 1, "first_call_includes_setup": true, "ids_sha256": "c9cfaa8fb1358fb7f7b5a53eebd59b9abd169288153d3a4099b30d6703b5fef3", "t": 1789676655.6459093}
3290 external/tcmalloc+/tcmalloc/internal/system_allocator.h:713] Warning: Unable to mbind memory (errno=1, base=0x121400000000, nodemask=1)
3290 external/tcmalloc+/tcmalloc/internal/system_allocator.h:713] Warning: Unable to mbind memory (errno=1, base=0x121440000000, nodemask=1)
{"event": "step_end", "step": 1, "seconds": 13.478888305835426, "tokens_per_second": 151.94131396677258, "first_call_includes_setup": true, "timing_boundary": "public train_step call; native binding synchronizes the context before publishing outputs; includes host readbacks, validation and gradient copies", "step_result": "lean", "witnessed": false, "witness_export_seconds": null, "loss": 10.903326034545898, "sha256": {"loss": "a39d1a773245b9bb9f5a25aac121f308d875d0f0a5a7d827bc21552112023c71"}, "completed_steps": 1, "host": {"vm_rss_bytes": 2365743104, "vm_hwm_bytes": 8190877696, "ru_maxrss_bytes": 8190877696, "boundary": "process host memory (Python + native + pinned staging); not device memory"}, "device": {"tool": "nvidia-smi", "peak_process_bytes": "unavailable", "peak_device_bytes": 15350104064, "device_total_bytes": 85520809984, "sample_interval_seconds": 0.2, "samples_total": 36, "errors_total": 0, "boundary": "vendor tool polled at the interval; peaks shorter than one interval are missed; device-wide used memory includes other processes; torch.cuda allocator statistics do not cover Mojo allocations and are not used"}, "t": 1789676669.1251855}
{"event": "final_witness", "step": 1, "completed_steps": 1, "sha256": {"gradients": "01d5fa4ae0299bbbd2de8f47d6d0d1e3c525c57b13cfa0244b130a7d7bb813f7", "parameters": "84f96dc296e50b8cea15b54787e7fbede994b0730ee5d3ed86c620cf539c05c9", "m": "b3fafccc62a0feab9ae135d3053054ea3ea8b131bbb0247959d212e13c727c0c", "v": "ae18e62bdf7a1dab7177ff4af00bf7d185845716e1af365e0bc52e362666a8f6", "flags": "360d579dbd14759b41afdf7fb5e80c0101e15150ae401d59f92a1e32d129f7cb"}, "export_seconds": 13.864243926480412, "source": "export_gradients(named=False) + export_state() once after the last untimed step", "t": 1789676682.9897282}
{"event": "component_timing_step_start", "timing_step": 1, "note": "MOJOLEARN_TRANSFORMER_TIMING=1; not a timing sample", "t": 1789676682.9905448}
timing step.py_tokens 0.36454200744628906 ms
timing step.py_tokens_bytes 8196 bytes
timing step.bind_scalar_admission 0.008503 ms
timing step.upload_inputs 0.26405 ms
timing step.upload_inputs_bytes 16384 bytes
timing step.unpack_weights 0.950206 ms
timing step.unpack_weights_bytes 648591360 bytes
timing step.embedding_forward 0.054231 ms
timing block.norm1 0.192103 ms
timing attn.qkv_proj 0.765903 ms
timing attn.rope_and_cache 0.100008 ms
timing attn.fwd_regime_scan 0.101552 ms
timing attn.fwd_r2_keep_kernel 1.75628 ms
timing attn.fwd_corner_flag 0.029861 ms
timing attn.core 1.901966 ms
timing attn.o_proj 0.259782 ms
timing block.attention_total 3.034866 ms
timing block.mlp_and_residuals 1.584837 ms
timing block.norm1 0.169299 ms
timing attn.qkv_proj 0.750041 ms
timing attn.rope_and_cache 0.091466 ms
timing attn.fwd_regime_scan 0.094221 ms
timing attn.fwd_r2_keep_kernel 1.755586 ms
timing attn.fwd_corner_flag 0.021303 ms
timing attn.core 1.8781 ms
timing attn.o_proj 0.257623 ms
timing block.attention_total 2.981987 ms
timing block.mlp_and_residuals 1.572976 ms
timing block.norm1 0.169139 ms
timing attn.qkv_proj 0.750386 ms
timing attn.rope_and_cache 0.090851 ms
timing attn.fwd_regime_scan 0.094764 ms
timing attn.fwd_r2_keep_kernel 1.727104 ms
timing attn.fwd_corner_flag 0.021885 ms
timing attn.core 1.850205 ms
timing attn.o_proj 0.267807 ms
timing block.attention_total 2.965428 ms
timing block.mlp_and_residuals 1.578351 ms
timing block.norm1 0.166117 ms
timing attn.qkv_proj 0.750575 ms
timing attn.rope_and_cache 0.091839 ms
timing attn.fwd_regime_scan 0.09395 ms
timing attn.fwd_r2_keep_kernel 1.744605 ms
timing attn.fwd_corner_flag 0.021211 ms
timing attn.core 1.865925 ms
timing attn.o_proj 0.257476 ms
timing block.attention_total 2.97046 ms
timing block.mlp_and_residuals 1.577117 ms
timing block.norm1 0.167032 ms
timing attn.qkv_proj 0.750718 ms
timing attn.rope_and_cache 0.091486 ms
timing attn.fwd_regime_scan 0.094249 ms
timing attn.fwd_r2_keep_kernel 1.717065 ms
timing attn.fwd_corner_flag 0.021597 ms
timing attn.core 1.839295 ms
timing attn.o_proj 0.256322 ms
timing block.attention_total 2.942605 ms
timing block.mlp_and_residuals 1.577999 ms
timing block.norm1 0.167932 ms
timing attn.qkv_proj 0.750412 ms
timing attn.rope_and_cache 0.090771 ms
timing attn.fwd_regime_scan 0.09478 ms
timing attn.fwd_r2_keep_kernel 1.708668 ms
timing attn.fwd_corner_flag 0.021454 ms
timing attn.core 1.831556 ms
timing attn.o_proj 0.257337 ms
timing block.attention_total 2.935162 ms
timing block.mlp_and_residuals 1.57796 ms
timing block.norm1 0.16781 ms
timing attn.qkv_proj 0.753326 ms
timing attn.rope_and_cache 0.092256 ms
timing attn.fwd_regime_scan 0.095676 ms
timing attn.fwd_r2_keep_kernel 1.739402 ms
timing attn.fwd_corner_flag 0.020891 ms
timing attn.core 1.862135 ms
timing attn.o_proj 0.25776 ms
timing block.attention_total 2.970408 ms
timing block.mlp_and_residuals 1.578015 ms
timing block.norm1 0.168029 ms
timing attn.qkv_proj 0.751352 ms
timing attn.rope_and_cache 0.093034 ms
timing attn.fwd_regime_scan 0.095104 ms
timing attn.fwd_r2_keep_kernel 1.781897 ms
timing attn.fwd_corner_flag 0.02162 ms
timing attn.core 1.905345 ms
timing attn.o_proj 0.25726 ms
timing block.attention_total 3.012086 ms
timing block.mlp_and_residuals 1.579191 ms
timing block.norm1 0.166947 ms
timing attn.qkv_proj 0.749605 ms
timing attn.rope_and_cache 0.09199 ms
timing attn.fwd_regime_scan 0.094181 ms
timing attn.fwd_r2_keep_kernel 1.696187 ms
timing attn.fwd_corner_flag 0.021207 ms
timing attn.core 1.817808 ms
timing attn.o_proj 0.258189 ms
timing block.attention_total 2.922395 ms
timing block.mlp_and_residuals 1.580311 ms
timing block.norm1 0.167912 ms
timing attn.qkv_proj 0.75111 ms
timing attn.rope_and_cache 0.090957 ms
timing attn.fwd_regime_scan 0.096354 ms
timing attn.fwd_r2_keep_kernel 1.743128 ms
timing attn.fwd_corner_flag 0.021354 ms
timing attn.core 1.866889 ms
timing attn.o_proj 0.257957 ms
timing block.attention_total 2.972777 ms
timing block.mlp_and_residuals 1.579 ms
timing block.norm1 0.167165 ms
timing attn.qkv_proj 0.750204 ms
timing attn.rope_and_cache 0.092253 ms
timing attn.fwd_regime_scan 0.094674 ms
timing attn.fwd_r2_keep_kernel 1.727234 ms
timing attn.fwd_corner_flag 0.022973 ms
timing attn.core 1.851168 ms
timing attn.o_proj 0.257421 ms
timing block.attention_total 2.955464 ms
timing block.mlp_and_residuals 1.57559 ms
timing block.norm1 0.169129 ms
timing attn.qkv_proj 0.751669 ms
timing attn.rope_and_cache 0.095434 ms
timing attn.fwd_regime_scan 0.094615 ms
timing attn.fwd_r2_keep_kernel 1.750007 ms
timing attn.fwd_corner_flag 0.021838 ms
timing attn.core 1.8725 ms
timing attn.o_proj 0.257345 ms
timing block.attention_total 2.981737 ms
timing block.mlp_and_residuals 1.578528 ms
timing envelope.blocks_forward 56.695038 ms
timing step.head_forward 10.816545 ms
timing step.ce_refuse_scan 0.383911 ms
timing step.ce_refuse_scan_bytes 411705344 bytes
timing step.ce_refuse_scan_download_bytes 8192 bytes
timing step.ce_forward 1.699896 ms
timing step.loss_download 0.019791 ms
timing step.loss_download_bytes 4 bytes
timing step.ce_backward 0.980301 ms
timing step.head_backward_da 11.669618 ms
timing step.head_backward_db 10.352992 ms
timing bwd.before_attention 0.003053 ms
timing attn.bwd_regime_scan 0.136715 ms
timing attn.bwd_scratch_alloc 0.016181 ms
timing attn.bwd_zdot_estash_dres_pf 1.250457 ms
timing attn.bwd_dq_tiled_pf 1.054361 ms
timing attn.bwd_kvgrid_dkdv_pf 0.87549 ms
timing attn.bwd_corner_flag 0.029048 ms
timing bwd.attention 3.373739 ms
timing bwd.after_attention 1.711308 ms
timing bwd.before_attention 0.003034 ms
timing attn.bwd_regime_scan 0.131449 ms
timing attn.bwd_scratch_alloc 0.011534 ms
timing attn.bwd_zdot_estash_dres_pf 1.216045 ms
timing attn.bwd_dq_tiled_pf 1.034134 ms
timing attn.bwd_kvgrid_dkdv_pf 0.798843 ms
timing attn.bwd_corner_flag 0.025234 ms
timing bwd.attention 3.225356 ms
timing bwd.after_attention 1.703154 ms
timing bwd.before_attention 0.003039 ms
timing attn.bwd_regime_scan 0.131027 ms
timing attn.bwd_scratch_alloc 0.011258 ms
timing attn.bwd_zdot_estash_dres_pf 1.22586 ms
timing attn.bwd_dq_tiled_pf 1.04391 ms
timing attn.bwd_kvgrid_dkdv_pf 0.854658 ms
timing attn.bwd_corner_flag 0.026753 ms
timing bwd.attention 3.301254 ms
timing bwd.after_attention 1.706483 ms
timing bwd.before_attention 0.003067 ms
timing attn.bwd_regime_scan 0.130863 ms
timing attn.bwd_scratch_alloc 0.011075 ms
timing attn.bwd_zdot_estash_dres_pf 1.219684 ms
timing attn.bwd_dq_tiled_pf 1.03307 ms
timing attn.bwd_kvgrid_dkdv_pf 0.870068 ms
timing attn.bwd_corner_flag 0.026241 ms
timing bwd.attention 3.298803 ms
timing bwd.after_attention 1.700409 ms
timing bwd.before_attention 0.003026 ms
timing attn.bwd_regime_scan 0.130865 ms
timing attn.bwd_scratch_alloc 0.011581 ms
timing attn.bwd_zdot_estash_dres_pf 1.248093 ms
timing attn.bwd_dq_tiled_pf 1.048024 ms
timing attn.bwd_kvgrid_dkdv_pf 0.854247 ms
timing attn.bwd_corner_flag 0.027074 ms
timing bwd.attention 3.327566 ms
timing bwd.after_attention 1.701017 ms
timing bwd.before_attention 0.003003 ms
timing attn.bwd_regime_scan 0.131888 ms
timing attn.bwd_scratch_alloc 0.011166 ms
timing attn.bwd_zdot_estash_dres_pf 1.228367 ms
timing attn.bwd_dq_tiled_pf 1.033703 ms
timing attn.bwd_kvgrid_dkdv_pf 0.803174 ms
timing attn.bwd_corner_flag 0.025488 ms
timing bwd.attention 3.241211 ms
timing bwd.after_attention 1.709814 ms
timing bwd.before_attention 0.003038 ms
timing attn.bwd_regime_scan 0.130821 ms
timing attn.bwd_scratch_alloc 0.010971 ms
timing attn.bwd_zdot_estash_dres_pf 1.228748 ms
timing attn.bwd_dq_tiled_pf 1.046482 ms
timing attn.bwd_kvgrid_dkdv_pf 0.865068 ms
timing attn.bwd_corner_flag 0.026664 ms
timing bwd.attention 3.316139 ms
timing bwd.after_attention 1.702536 ms
timing bwd.before_attention 0.003058 ms
timing attn.bwd_regime_scan 0.130902 ms
timing attn.bwd_scratch_alloc 0.011023 ms
timing attn.bwd_zdot_estash_dres_pf 1.240885 ms
timing attn.bwd_dq_tiled_pf 1.034271 ms
timing attn.bwd_kvgrid_dkdv_pf 0.817126 ms
timing attn.bwd_corner_flag 0.025633 ms
timing bwd.attention 3.267221 ms
timing bwd.after_attention 1.701653 ms
timing bwd.before_attention 0.00302 ms
timing attn.bwd_regime_scan 0.130477 ms
timing attn.bwd_scratch_alloc 0.011433 ms
timing attn.bwd_zdot_estash_dres_pf 1.22498 ms
timing attn.bwd_dq_tiled_pf 1.042371 ms
timing attn.bwd_kvgrid_dkdv_pf 0.84339 ms
timing attn.bwd_corner_flag 0.026136 ms
timing bwd.attention 3.286089 ms
timing bwd.after_attention 1.702901 ms
timing bwd.before_attention 0.003015 ms
timing attn.bwd_regime_scan 0.130512 ms
timing attn.bwd_scratch_alloc 0.010859 ms
timing attn.bwd_zdot_estash_dres_pf 1.241773 ms
timing attn.bwd_dq_tiled_pf 1.03592 ms
timing attn.bwd_kvgrid_dkdv_pf 0.793989 ms
timing attn.bwd_corner_flag 0.025777 ms
timing bwd.attention 3.246024 ms
timing bwd.after_attention 1.707226 ms
timing bwd.before_attention 0.003057 ms
timing attn.bwd_regime_scan 0.13015 ms
timing attn.bwd_scratch_alloc 0.010945 ms
timing attn.bwd_zdot_estash_dres_pf 1.241761 ms
timing attn.bwd_dq_tiled_pf 1.051395 ms
timing attn.bwd_kvgrid_dkdv_pf 0.861881 ms
timing attn.bwd_corner_flag 0.0263 ms
timing bwd.attention 3.330399 ms
timing bwd.after_attention 1.696529 ms
timing bwd.before_attention 0.003024 ms
timing attn.bwd_regime_scan 0.130537 ms
timing attn.bwd_scratch_alloc 0.010966 ms
timing attn.bwd_zdot_estash_dres_pf 1.219216 ms
timing attn.bwd_dq_tiled_pf 1.030836 ms
timing attn.bwd_kvgrid_dkdv_pf 0.831458 ms
timing attn.bwd_corner_flag 0.026237 ms
timing bwd.attention 3.256947 ms
timing bwd.after_attention 1.702577 ms
timing envelope.blocks_backward 105.004791 ms
timing step.embedding_backward 2.511653 ms
timing step.pack_grads 0.915228 ms
timing step.pack_grads_bytes 648591360 bytes
timing step.validate_grads_scan 0.54151 ms
timing step.validate_grads_scan_bytes 648591360 bytes
timing step.optimizer 1.722652 ms
timing step.validate_after_scan 2.133633 ms
timing step.validate_after_scan_bytes 2594365440 bytes
timing step.bind_final_sync 0.002009 ms
timing step.bind_publish 0.005642 ms
timing step.bind_publish_bytes 444 bytes
timing envelope.native_call 207.21107721328735 ms
timing step.py_flags 0.15903357416391373 ms
timing step.py_flags_bytes 440 bytes
{"event": "component_timing_step_end", "timing_step": 1, "seconds": 0.20794899482280016, "loss": 8.291571617126465, "t": 1789676683.198572}
