# format: mojolearn-identity-trace v1
0	ordered.0.fold.0	f32	2	cdd3e2c07faa6f1a
1	ordered.0.cursor.0	f32	23	251a121e54bb1630
2	ordered.0.fold.1	f32	2	44db9ecb88b319c9
3	ordered.0.cursor.1	f32	47	7000cc86c2770a51
4	ordered.0.fold.2	f32	2	bbee576689a86339
5	ordered.0.cursor.2	f32	95	8c19e3746dad9c07
6	ordered.0.fold.3	f32	2	b42f978e8fa461db
7	ordered.0.cursor.3	f32	191	b096f00aa19b0d85
8	ordered.0.fold.4	f32	2	db147375d70ef73f
9	ordered.0.cursor.4	f32	383	80178b043f07ad41
10	ordered.0.fold.5	f32	2	ceef0f88db0afd53
11	ordered.0.cursor.5	f32	513	fefa3977c70c9a0c
12	ordered.0.estimation	f32	2	509c3239d14dea06
13	ordered.0.estimation_cursor	f32	513	b0a9017a87907582
14	ordered.1.fold.0	f32	2	1ac3146f8573e378
15	ordered.1.cursor.0	f32	23	60ee9047f314c59c
16	ordered.1.fold.1	f32	2	a2b245965f04b10a
17	ordered.1.cursor.1	f32	47	03da4fd7caaf8555
18	ordered.1.fold.2	f32	2	04aad13641e18be2
19	ordered.1.cursor.2	f32	95	d3210b26312aa133
20	ordered.1.fold.3	f32	2	084fb456b516a095
21	ordered.1.cursor.3	f32	191	6745a002a5115730
22	ordered.1.fold.4	f32	2	7e9576fff46a6c63
23	ordered.1.cursor.4	f32	383	47084e6364718dde
24	ordered.1.fold.5	f32	2	cb73eb3df65aa934
25	ordered.1.cursor.5	f32	513	ea1830a397f77f36
26	ordered.1.estimation	f32	2	a700e736748a7e16
27	ordered.1.estimation_cursor	f32	513	57480b2fa9ca6b5d
28	ordered.2.fold.0	f32	2	34e92774ffba000b
29	ordered.2.cursor.0	f32	23	d812f1aa54091008
30	ordered.2.fold.1	f32	2	d93eed88055c4b3e
31	ordered.2.cursor.1	f32	47	8b2650e3b30c00b7
32	ordered.2.fold.2	f32	2	1a54e8b409ab9b14
33	ordered.2.cursor.2	f32	95	4f8fdd1cfa4558ba
34	ordered.2.fold.3	f32	2	c5747bc4e3ad04be
35	ordered.2.cursor.3	f32	191	b1d1c543e60585e6
36	ordered.2.fold.4	f32	2	fa4243f14274d575
37	ordered.2.cursor.4	f32	383	f7e5779cd6b3a154
38	ordered.2.fold.5	f32	2	7d771580f5f578be
39	ordered.2.cursor.5	f32	513	cb4c9bc57ac5d87b
40	ordered.2.estimation	f32	2	bdb12e6b8c0dace8
41	ordered.2.estimation_cursor	f32	513	ae7ae05eabe44319
