Imported from /Users/andrewhendel/CascadeProjects/mojolearn/metrics/metrics_main.mojo:44:
/Users/andrewhendel/CascadeProjects/mojolearn/core/identity_trace.mojo:376:14: warning: 'UnsafePointer' is deprecated, use 'Pointer' instead
        ptr: UnsafePointer[Scalar[dt], o],
             ^~~~~~~~~~~~~
             Pointer
<unknown>:0: note: 'UnsafePointer' declared here
Imported from /Users/andrewhendel/CascadeProjects/mojolearn/metrics/metrics_main.mojo:44:
/Users/andrewhendel/CascadeProjects/mojolearn/core/identity_trace.mojo:248:14: warning: 'UnsafePointer' is deprecated, use 'Pointer' instead
        raw: UnsafePointer[UInt8, o],
             ^~~~~~~~~~~~~
             Pointer
<unknown>:0: note: 'UnsafePointer' declared here
Imported from /Users/andrewhendel/CascadeProjects/mojolearn/metrics/metrics_main.mojo:44:
/Users/andrewhendel/CascadeProjects/mojolearn/core/identity_trace.mojo:362:14: warning: 'bitcast' is deprecated, use 'unsafe_bitcast' instead
            p.bitcast[UInt8](),
            ~^~~~~~~~
              unsafe_bitcast
<unknown>:0: note: 'bitcast' declared here
Imported from /Users/andrewhendel/CascadeProjects/mojolearn/metrics/metrics_main.mojo:44:
/Users/andrewhendel/CascadeProjects/mojolearn/core/identity_trace.mojo:386:16: warning: 'bitcast' is deprecated, use 'unsafe_bitcast' instead
            ptr.bitcast[UInt8](),
            ~~~^~~~~~~~
                unsafe_bitcast
<unknown>:0: note: 'bitcast' declared here
Imported from /Users/andrewhendel/CascadeProjects/mojolearn/metrics/metrics_main.mojo:44:
/Users/andrewhendel/CascadeProjects/mojolearn/core/identity_trace.mojo:103:22: warning: 'UnsafePointer' is deprecated, use 'Pointer' instead
](seed: UInt64, ptr: UnsafePointer[UInt8, o], n: Int) -> UInt64:
                     ^~~~~~~~~~~~~
                     Pointer
<unknown>:0: note: 'UnsafePointer' declared here
Imported from /Users/andrewhendel/CascadeProjects/mojolearn/metrics/metrics_main.mojo:69:
Imported from /Users/andrewhendel/CascadeProjects/mojolearn/metrics/impl/metrics/trustworthiness.mojo:16:
Imported from /Users/andrewhendel/CascadeProjects/mojolearn/metrics/impl/stats/detail/trustworthiness_score.mojo:80:
Imported from /Users/andrewhendel/CascadeProjects/mojolearn/neighbors/estimator.mojo:151:
Imported from /Users/andrewhendel/CascadeProjects/mojolearn/neighbors/impl/distance/detail/distance_ops.mojo:191:
/Users/andrewhendel/CascadeProjects/mojolearn/core/pinned_reduce.mojo:99:12: warning: positional `__getitem__` is deprecated, use `unsafe_offset=` instead
        red[tid] = value
        ~~~^~~~~
<unknown>:0: note: '__getitem__' declared here
Imported from /Users/andrewhendel/CascadeProjects/mojolearn/metrics/metrics_main.mojo:69:
Imported from /Users/andrewhendel/CascadeProjects/mojolearn/metrics/impl/metrics/trustworthiness.mojo:16:
Imported from /Users/andrewhendel/CascadeProjects/mojolearn/metrics/impl/stats/detail/trustworthiness_score.mojo:80:
Imported from /Users/andrewhendel/CascadeProjects/mojolearn/neighbors/estimator.mojo:151:
Imported from /Users/andrewhendel/CascadeProjects/mojolearn/neighbors/impl/distance/detail/distance_ops.mojo:191:
/Users/andrewhendel/CascadeProjects/mojolearn/core/pinned_reduce.mojo:104:20: warning: positional `__getitem__` is deprecated, use `unsafe_offset=` instead
                red[tid] = red[tid] + red[tid + step]
                ~~~^~~~~
<unknown>:0: note: '__getitem__' declared here
Imported from /Users/andrewhendel/CascadeProjects/mojolearn/metrics/metrics_main.mojo:69:
Imported from /Users/andrewhendel/CascadeProjects/mojolearn/metrics/impl/metrics/trustworthiness.mojo:16:
Imported from /Users/andrewhendel/CascadeProjects/mojolearn/metrics/impl/stats/detail/trustworthiness_score.mojo:80:
Imported from /Users/andrewhendel/CascadeProjects/mojolearn/neighbors/estimator.mojo:151:
Imported from /Users/andrewhendel/CascadeProjects/mojolearn/neighbors/impl/distance/detail/distance_ops.mojo:191:
/Users/andrewhendel/CascadeProjects/mojolearn/core/pinned_reduce.mojo:104:31: warning: positional `__getitem__` is deprecated, use `unsafe_offset=` instead
                red[tid] = red[tid] + red[tid + step]
                           ~~~^~~~~
<unknown>:0: note: '__getitem__' declared here
Imported from /Users/andrewhendel/CascadeProjects/mojolearn/metrics/metrics_main.mojo:69:
Imported from /Users/andrewhendel/CascadeProjects/mojolearn/metrics/impl/metrics/trustworthiness.mojo:16:
Imported from /Users/andrewhendel/CascadeProjects/mojolearn/metrics/impl/stats/detail/trustworthiness_score.mojo:80:
Imported from /Users/andrewhendel/CascadeProjects/mojolearn/neighbors/estimator.mojo:151:
Imported from /Users/andrewhendel/CascadeProjects/mojolearn/neighbors/impl/distance/detail/distance_ops.mojo:191:
/Users/andrewhendel/CascadeProjects/mojolearn/core/pinned_reduce.mojo:104:42: warning: positional `__getitem__` is deprecated, use `unsafe_offset=` instead
                red[tid] = red[tid] + red[tid + step]
                                      ~~~^~~~~~~~~~~~
<unknown>:0: note: '__getitem__' declared here
Imported from /Users/andrewhendel/CascadeProjects/mojolearn/metrics/metrics_main.mojo:69:
Imported from /Users/andrewhendel/CascadeProjects/mojolearn/metrics/impl/metrics/trustworthiness.mojo:16:
Imported from /Users/andrewhendel/CascadeProjects/mojolearn/metrics/impl/stats/detail/trustworthiness_score.mojo:80:
Imported from /Users/andrewhendel/CascadeProjects/mojolearn/neighbors/estimator.mojo:151:
Imported from /Users/andrewhendel/CascadeProjects/mojolearn/neighbors/impl/distance/detail/distance_ops.mojo:191:
/Users/andrewhendel/CascadeProjects/mojolearn/core/pinned_reduce.mojo:107:24: warning: positional `__getitem__` is deprecated, use `unsafe_offset=` instead
        var total = red[0]
                    ~~~^~~
<unknown>:0: note: '__getitem__' declared here
Imported from /Users/andrewhendel/CascadeProjects/mojolearn/metrics/metrics_main.mojo:69:
Imported from /Users/andrewhendel/CascadeProjects/mojolearn/metrics/impl/metrics/trustworthiness.mojo:16:
Imported from /Users/andrewhendel/CascadeProjects/mojolearn/metrics/impl/stats/detail/trustworthiness_score.mojo:80:
Imported from /Users/andrewhendel/CascadeProjects/mojolearn/neighbors/estimator.mojo:130:
Imported from /Users/andrewhendel/CascadeProjects/mojolearn/neighbors/impl/neighbors/detail/knn_brute_force.mojo:110:
/Users/andrewhendel/CascadeProjects/mojolearn/neighbors/impl/neighbors/detail/fused_l2_knn.mojo:441:23: warning: positional `__getitem__` is deprecated, use `unsafe_offset=` instead
                    sx[r * FKNN_SMEM_STRIDE + c] = v
                    ~~^~~~~~~~~~~~~~~~~~~~~~~~~~
<unknown>:0: note: '__getitem__' declared here
Imported from /Users/andrewhendel/CascadeProjects/mojolearn/metrics/metrics_main.mojo:69:
Imported from /Users/andrewhendel/CascadeProjects/mojolearn/metrics/impl/metrics/trustworthiness.mojo:16:
Imported from /Users/andrewhendel/CascadeProjects/mojolearn/metrics/impl/stats/detail/trustworthiness_score.mojo:80:
Imported from /Users/andrewhendel/CascadeProjects/mojolearn/neighbors/estimator.mojo:130:
Imported from /Users/andrewhendel/CascadeProjects/mojolearn/neighbors/impl/neighbors/detail/knn_brute_force.mojo:110:
/Users/andrewhendel/CascadeProjects/mojolearn/neighbors/impl/neighbors/detail/fused_l2_knn.mojo:450:23: warning: positional `__getitem__` is deprecated, use `unsafe_offset=` instead
                    sy[r2 * FKNN_SMEM_STRIDE + c2] = v2
                    ~~^~~~~~~~~~~~~~~~~~~~~~~~~~~~
<unknown>:0: note: '__getitem__' declared here
Imported from /Users/andrewhendel/CascadeProjects/mojolearn/metrics/metrics_main.mojo:69:
Imported from /Users/andrewhendel/CascadeProjects/mojolearn/metrics/impl/metrics/trustworthiness.mojo:16:
Imported from /Users/andrewhendel/CascadeProjects/mojolearn/metrics/impl/stats/detail/trustworthiness_score.mojo:80:
Imported from /Users/andrewhendel/CascadeProjects/mojolearn/neighbors/estimator.mojo:130:
Imported from /Users/andrewhendel/CascadeProjects/mojolearn/neighbors/impl/neighbors/detail/knn_brute_force.mojo:110:
/Users/andrewhendel/CascadeProjects/mojolearn/neighbors/impl/neighbors/detail/fused_l2_knn.mojo:464:21: warning: '@parameter for' is deprecated; use 'comptime for'
                    @parameter
                    ^~~~~~~~~~
                    comptime 
Imported from /Users/andrewhendel/CascadeProjects/mojolearn/metrics/metrics_main.mojo:69:
Imported from /Users/andrewhendel/CascadeProjects/mojolearn/metrics/impl/metrics/trustworthiness.mojo:16:
Imported from /Users/andrewhendel/CascadeProjects/mojolearn/metrics/impl/stats/detail/trustworthiness_score.mojo:80:
Imported from /Users/andrewhendel/CascadeProjects/mojolearn/neighbors/estimator.mojo:130:
Imported from /Users/andrewhendel/CascadeProjects/mojolearn/neighbors/impl/neighbors/detail/knn_brute_force.mojo:110:
/Users/andrewhendel/CascadeProjects/mojolearn/neighbors/impl/neighbors/detail/fused_l2_knn.mojo:466:37: warning: positional `__getitem__` is deprecated, use `unsafe_offset=` instead
                        regy[j] = sy[
                                  ~~^
<unknown>:0: note: '__getitem__' declared here
Imported from /Users/andrewhendel/CascadeProjects/mojolearn/metrics/metrics_main.mojo:69:
Imported from /Users/andrewhendel/CascadeProjects/mojolearn/metrics/impl/metrics/trustworthiness.mojo:16:
Imported from /Users/andrewhendel/CascadeProjects/mojolearn/metrics/impl/stats/detail/trustworthiness_score.mojo:80:
Imported from /Users/andrewhendel/CascadeProjects/mojolearn/neighbors/estimator.mojo:130:
Imported from /Users/andrewhendel/CascadeProjects/mojolearn/neighbors/impl/neighbors/detail/knn_brute_force.mojo:110:
/Users/andrewhendel/CascadeProjects/mojolearn/neighbors/impl/neighbors/detail/fused_l2_knn.mojo:480:39: warning: positional `__getitem__` is deprecated, use `unsafe_offset=` instead
                                    sx[(tr + 0) * FKNN_SMEM_STRIDE + kk]
                                    ~~^~~~~~~~~~~~~~~~~~~~~~~~~~~~~~~~~~
<unknown>:0: note: '__getitem__' declared here
Imported from /Users/andrewhendel/CascadeProjects/mojolearn/metrics/metrics_main.mojo:69:
Imported from /Users/andrewhendel/CascadeProjects/mojolearn/metrics/impl/metrics/trustworthiness.mojo:16:
Imported from /Users/andrewhendel/CascadeProjects/mojolearn/metrics/impl/stats/detail/trustworthiness_score.mojo:80:
Imported from /Users/andrewhendel/CascadeProjects/mojolearn/neighbors/estimator.mojo:130:
Imported from /Users/andrewhendel/CascadeProjects/mojolearn/neighbors/impl/neighbors/detail/knn_brute_force.mojo:110:
/Users/andrewhendel/CascadeProjects/mojolearn/neighbors/impl/neighbors/detail/fused_l2_knn.mojo:491:39: warning: positional `__getitem__` is deprecated, use `unsafe_offset=` instead
                                    sx[
                                    ~~^
<unknown>:0: note: '__getitem__' declared here
Imported from /Users/andrewhendel/CascadeProjects/mojolearn/metrics/metrics_main.mojo:69:
Imported from /Users/andrewhendel/CascadeProjects/mojolearn/metrics/impl/metrics/trustworthiness.mojo:16:
Imported from /Users/andrewhendel/CascadeProjects/mojolearn/metrics/impl/stats/detail/trustworthiness_score.mojo:80:
Imported from /Users/andrewhendel/CascadeProjects/mojolearn/neighbors/estimator.mojo:130:
Imported from /Users/andrewhendel/CascadeProjects/mojolearn/neighbors/impl/neighbors/detail/knn_brute_force.mojo:110:
/Users/andrewhendel/CascadeProjects/mojolearn/neighbors/impl/neighbors/detail/fused_l2_knn.mojo:513:13: warning: '@parameter for' is deprecated; use 'comptime for'
            @parameter
            ^~~~~~~~~~
            comptime 
Imported from /Users/andrewhendel/CascadeProjects/mojolearn/metrics/metrics_main.mojo:69:
Imported from /Users/andrewhendel/CascadeProjects/mojolearn/metrics/impl/metrics/trustworthiness.mojo:16:
Imported from /Users/andrewhendel/CascadeProjects/mojolearn/metrics/impl/stats/detail/trustworthiness_score.mojo:80:
Imported from /Users/andrewhendel/CascadeProjects/mojolearn/neighbors/estimator.mojo:130:
Imported from /Users/andrewhendel/CascadeProjects/mojolearn/neighbors/impl/neighbors/detail/knn_brute_force.mojo:110:
/Users/andrewhendel/CascadeProjects/mojolearn/neighbors/impl/neighbors/detail/fused_l2_knn.mojo:523:17: warning: '@parameter for' is deprecated; use 'comptime for'
                @parameter
                ^~~~~~~~~~
                comptime 
Imported from /Users/andrewhendel/CascadeProjects/mojolearn/metrics/metrics_main.mojo:69:
Imported from /Users/andrewhendel/CascadeProjects/mojolearn/metrics/impl/metrics/trustworthiness.mojo:16:
Imported from /Users/andrewhendel/CascadeProjects/mojolearn/metrics/impl/stats/detail/trustworthiness_score.mojo:80:
Imported from /Users/andrewhendel/CascadeProjects/mojolearn/neighbors/estimator.mojo:130:
Imported from /Users/andrewhendel/CascadeProjects/mojolearn/neighbors/impl/neighbors/detail/knn_brute_force.mojo:110:
/Users/andrewhendel/CascadeProjects/mojolearn/neighbors/impl/neighbors/detail/fused_l2_knn.mojo:537:17: warning: '@parameter for' is deprecated; use 'comptime for'
                @parameter
                ^~~~~~~~~~
                comptime 
Imported from /Users/andrewhendel/CascadeProjects/mojolearn/metrics/metrics_main.mojo:69:
Imported from /Users/andrewhendel/CascadeProjects/mojolearn/metrics/impl/metrics/trustworthiness.mojo:16:
Imported from /Users/andrewhendel/CascadeProjects/mojolearn/metrics/impl/stats/detail/trustworthiness_score.mojo:80:
Imported from /Users/andrewhendel/CascadeProjects/mojolearn/neighbors/estimator.mojo:130:
Imported from /Users/andrewhendel/CascadeProjects/mojolearn/neighbors/impl/neighbors/detail/knn_brute_force.mojo:110:
/Users/andrewhendel/CascadeProjects/mojolearn/neighbors/impl/neighbors/detail/fused_l2_knn.mojo:638:21: warning: '@parameter for' is deprecated; use 'comptime for'
                    @parameter
                    ^~~~~~~~~~
                    comptime 
Imported from /Users/andrewhendel/CascadeProjects/mojolearn/metrics/metrics_main.mojo:69:
Imported from /Users/andrewhendel/CascadeProjects/mojolearn/metrics/impl/metrics/trustworthiness.mojo:16:
Imported from /Users/andrewhendel/CascadeProjects/mojolearn/metrics/impl/stats/detail/trustworthiness_score.mojo:80:
Imported from /Users/andrewhendel/CascadeProjects/mojolearn/neighbors/estimator.mojo:130:
Imported from /Users/andrewhendel/CascadeProjects/mojolearn/neighbors/impl/neighbors/detail/knn_brute_force.mojo:110:
/Users/andrewhendel/CascadeProjects/mojolearn/neighbors/impl/neighbors/detail/fused_l2_knn.mojo:669:25: warning: '@parameter for' is deprecated; use 'comptime for'
                        @parameter
                        ^~~~~~~~~~
                        comptime 
Imported from /Users/andrewhendel/CascadeProjects/mojolearn/metrics/metrics_main.mojo:69:
Imported from /Users/andrewhendel/CascadeProjects/mojolearn/metrics/impl/metrics/trustworthiness.mojo:16:
Imported from /Users/andrewhendel/CascadeProjects/mojolearn/metrics/impl/stats/detail/trustworthiness_score.mojo:80:
Imported from /Users/andrewhendel/CascadeProjects/mojolearn/neighbors/estimator.mojo:130:
Imported from /Users/andrewhendel/CascadeProjects/mojolearn/neighbors/impl/neighbors/detail/knn_brute_force.mojo:110:
/Users/andrewhendel/CascadeProjects/mojolearn/neighbors/impl/neighbors/detail/fused_l2_knn.mojo:674:25: warning: '@parameter for' is deprecated; use 'comptime for'
                        @parameter
                        ^~~~~~~~~~
                        comptime 
Imported from /Users/andrewhendel/CascadeProjects/mojolearn/metrics/metrics_main.mojo:69:
Imported from /Users/andrewhendel/CascadeProjects/mojolearn/metrics/impl/metrics/trustworthiness.mojo:16:
Imported from /Users/andrewhendel/CascadeProjects/mojolearn/metrics/impl/stats/detail/trustworthiness_score.mojo:80:
Imported from /Users/andrewhendel/CascadeProjects/mojolearn/neighbors/estimator.mojo:130:
Imported from /Users/andrewhendel/CascadeProjects/mojolearn/neighbors/impl/neighbors/detail/knn_brute_force.mojo:110:
/Users/andrewhendel/CascadeProjects/mojolearn/neighbors/impl/neighbors/detail/fused_l2_knn.mojo:744:21: warning: '@parameter for' is deprecated; use 'comptime for'
                    @parameter
                    ^~~~~~~~~~
                    comptime 
Imported from /Users/andrewhendel/CascadeProjects/mojolearn/metrics/metrics_main.mojo:69:
Imported from /Users/andrewhendel/CascadeProjects/mojolearn/metrics/impl/metrics/trustworthiness.mojo:16:
Imported from /Users/andrewhendel/CascadeProjects/mojolearn/metrics/impl/stats/detail/trustworthiness_score.mojo:80:
Imported from /Users/andrewhendel/CascadeProjects/mojolearn/neighbors/estimator.mojo:130:
Imported from /Users/andrewhendel/CascadeProjects/mojolearn/neighbors/impl/neighbors/detail/knn_brute_force.mojo:100:
/Users/andrewhendel/CascadeProjects/mojolearn/neighbors/impl/matrix/detail/select_radix.mojo:222:12: warning: positional `__getitem__` is deprecated, use `unsafe_offset=` instead
        ctr[CTR_K] = Int32(k)
        ~~~^~~~~~~
<unknown>:0: note: '__getitem__' declared here
Imported from /Users/andrewhendel/CascadeProjects/mojolearn/metrics/metrics_main.mojo:69:
Imported from /Users/andrewhendel/CascadeProjects/mojolearn/metrics/impl/metrics/trustworthiness.mojo:16:
Imported from /Users/andrewhendel/CascadeProjects/mojolearn/metrics/impl/stats/detail/trustworthiness_score.mojo:80:
Imported from /Users/andrewhendel/CascadeProjects/mojolearn/neighbors/estimator.mojo:130:
Imported from /Users/andrewhendel/CascadeProjects/mojolearn/neighbors/impl/neighbors/detail/knn_brute_force.mojo:100:
/Users/andrewhendel/CascadeProjects/mojolearn/neighbors/impl/matrix/detail/select_radix.mojo:223:12: warning: positional `__getitem__` is deprecated, use `unsafe_offset=` instead
        ctr[CTR_LEN] = Int32(length)
        ~~~^~~~~~~~~
<unknown>:0: note: '__getitem__' declared here
Imported from /Users/andrewhendel/CascadeProjects/mojolearn/metrics/metrics_main.mojo:69:
Imported from /Users/andrewhendel/CascadeProjects/mojolearn/metrics/impl/metrics/trustworthiness.mojo:16:
Imported from /Users/andrewhendel/CascadeProjects/mojolearn/metrics/impl/stats/detail/trustworthiness_score.mojo:80:
Imported from /Users/andrewhendel/CascadeProjects/mojolearn/neighbors/estimator.mojo:130:
Imported from /Users/andrewhendel/CascadeProjects/mojolearn/neighbors/impl/neighbors/detail/knn_brute_force.mojo:100:
/Users/andrewhendel/CascadeProjects/mojolearn/neighbors/impl/matrix/detail/select_radix.mojo:224:12: warning: positional `__getitem__` is deprecated, use `unsafe_offset=` instead
        ctr[CTR_PREVIOUS_LEN] = Int32(length)
        ~~~^~~~~~~~~~~~~~~~~~
<unknown>:0: note: '__getitem__' declared here
Imported from /Users/andrewhendel/CascadeProjects/mojolearn/metrics/metrics_main.mojo:69:
Imported from /Users/andrewhendel/CascadeProjects/mojolearn/metrics/impl/metrics/trustworthiness.mojo:16:
Imported from /Users/andrewhendel/CascadeProjects/mojolearn/metrics/impl/stats/detail/trustworthiness_score.mojo:80:
Imported from /Users/andrewhendel/CascadeProjects/mojolearn/neighbors/estimator.mojo:130:
Imported from /Users/andrewhendel/CascadeProjects/mojolearn/neighbors/impl/neighbors/detail/knn_brute_force.mojo:100:
/Users/andrewhendel/CascadeProjects/mojolearn/neighbors/impl/matrix/detail/select_radix.mojo:225:12: warning: positional `__getitem__` is deprecated, use `unsafe_offset=` instead
        ctr[CTR_OUT_CNT] = Int32(0)
        ~~~^~~~~~~~~~~~~
<unknown>:0: note: '__getitem__' declared here
Imported from /Users/andrewhendel/CascadeProjects/mojolearn/metrics/metrics_main.mojo:69:
Imported from /Users/andrewhendel/CascadeProjects/mojolearn/metrics/impl/metrics/trustworthiness.mojo:16:
Imported from /Users/andrewhendel/CascadeProjects/mojolearn/metrics/impl/stats/detail/trustworthiness_score.mojo:80:
Imported from /Users/andrewhendel/CascadeProjects/mojolearn/neighbors/estimator.mojo:130:
Imported from /Users/andrewhendel/CascadeProjects/mojolearn/neighbors/impl/neighbors/detail/knn_brute_force.mojo:100:
/Users/andrewhendel/CascadeProjects/mojolearn/neighbors/impl/matrix/detail/select_radix.mojo:226:12: warning: positional `__getitem__` is deprecated, use `unsafe_offset=` instead
        ctr[CTR_OUT_BACK_CNT] = Int32(0)
        ~~~^~~~~~~~~~~~~~~~~~
<unknown>:0: note: '__getitem__' declared here
Imported from /Users/andrewhendel/CascadeProjects/mojolearn/metrics/metrics_main.mojo:69:
Imported from /Users/andrewhendel/CascadeProjects/mojolearn/metrics/impl/metrics/trustworthiness.mojo:16:
Imported from /Users/andrewhendel/CascadeProjects/mojolearn/metrics/impl/stats/detail/trustworthiness_score.mojo:80:
Imported from /Users/andrewhendel/CascadeProjects/mojolearn/neighbors/estimator.mojo:130:
Imported from /Users/andrewhendel/CascadeProjects/mojolearn/neighbors/impl/neighbors/detail/knn_brute_force.mojo:100:
/Users/andrewhendel/CascadeProjects/mojolearn/neighbors/impl/matrix/detail/select_radix.mojo:227:17: warning: positional `__getitem__` is deprecated, use `unsafe_offset=` instead
        kth_bits[0] = UInt32(0)
        ~~~~~~~~^~~
<unknown>:0: note: '__getitem__' declared here
Imported from /Users/andrewhendel/CascadeProjects/mojolearn/metrics/metrics_main.mojo:69:
Imported from /Users/andrewhendel/CascadeProjects/mojolearn/metrics/impl/metrics/trustworthiness.mojo:16:
Imported from /Users/andrewhendel/CascadeProjects/mojolearn/metrics/impl/stats/detail/trustworthiness_score.mojo:80:
Imported from /Users/andrewhendel/CascadeProjects/mojolearn/neighbors/estimator.mojo:130:
Imported from /Users/andrewhendel/CascadeProjects/mojolearn/neighbors/impl/neighbors/detail/knn_brute_force.mojo:100:
/Users/andrewhendel/CascadeProjects/mojolearn/neighbors/impl/matrix/detail/select_radix.mojo:253:34: warning: positional `__getitem__` is deprecated, use `unsafe_offset=` instead
        var current_len = Int(ctr[CTR_LEN])
                              ~~~^~~~~~~~~
<unknown>:0: note: '__getitem__' declared here
Imported from /Users/andrewhendel/CascadeProjects/mojolearn/metrics/metrics_main.mojo:69:
Imported from /Users/andrewhendel/CascadeProjects/mojolearn/metrics/impl/metrics/trustworthiness.mojo:16:
Imported from /Users/andrewhendel/CascadeProjects/mojolearn/metrics/impl/stats/detail/trustworthiness_score.mojo:80:
Imported from /Users/andrewhendel/CascadeProjects/mojolearn/neighbors/estimator.mojo:130:
Imported from /Users/andrewhendel/CascadeProjects/mojolearn/neighbors/impl/neighbors/detail/knn_brute_force.mojo:100:
/Users/andrewhendel/CascadeProjects/mojolearn/neighbors/impl/matrix/detail/select_radix.mojo:254:32: warning: positional `__getitem__` is deprecated, use `unsafe_offset=` instead
        var current_k = Int(ctr[CTR_K])
                            ~~~^~~~~~~
<unknown>:0: note: '__getitem__' declared here
Imported from /Users/andrewhendel/CascadeProjects/mojolearn/metrics/metrics_main.mojo:69:
Imported from /Users/andrewhendel/CascadeProjects/mojolearn/metrics/impl/metrics/trustworthiness.mojo:16:
Imported from /Users/andrewhendel/CascadeProjects/mojolearn/metrics/impl/stats/detail/trustworthiness_score.mojo:80:
Imported from /Users/andrewhendel/CascadeProjects/mojolearn/neighbors/estimator.mojo:130:
Imported from /Users/andrewhendel/CascadeProjects/mojolearn/neighbors/impl/neighbors/detail/knn_brute_force.mojo:100:
/Users/andrewhendel/CascadeProjects/mojolearn/neighbors/impl/matrix/detail/select_radix.mojo:255:35: warning: positional `__getitem__` is deprecated, use `unsafe_offset=` instead
        var previous_len = Int(ctr[CTR_PREVIOUS_LEN])
                               ~~~^~~~~~~~~~~~~~~~~~
<unknown>:0: note: '__getitem__' declared here
Imported from /Users/andrewhendel/CascadeProjects/mojolearn/metrics/metrics_main.mojo:69:
Imported from /Users/andrewhendel/CascadeProjects/mojolearn/metrics/impl/metrics/trustworthiness.mojo:16:
Imported from /Users/andrewhendel/CascadeProjects/mojolearn/metrics/impl/stats/detail/trustworthiness_score.mojo:80:
Imported from /Users/andrewhendel/CascadeProjects/mojolearn/neighbors/estimator.mojo:130:
Imported from /Users/andrewhendel/CascadeProjects/mojolearn/neighbors/impl/neighbors/detail/knn_brute_force.mojo:100:
/Users/andrewhendel/CascadeProjects/mojolearn/neighbors/impl/matrix/detail/select_radix.mojo:267:13: warning: positional `__getitem__` is deprecated, use `unsafe_offset=` instead
        hist[tid] = Int32(0)
        ~~~~^~~~~
<unknown>:0: note: '__getitem__' declared here
Imported from /Users/andrewhendel/CascadeProjects/mojolearn/metrics/metrics_main.mojo:69:
Imported from /Users/andrewhendel/CascadeProjects/mojolearn/metrics/impl/metrics/trustworthiness.mojo:16:
Imported from /Users/andrewhendel/CascadeProjects/mojolearn/metrics/impl/stats/detail/trustworthiness_score.mojo:80:
Imported from /Users/andrewhendel/CascadeProjects/mojolearn/neighbors/estimator.mojo:130:
Imported from /Users/andrewhendel/CascadeProjects/mojolearn/neighbors/impl/neighbors/detail/knn_brute_force.mojo:100:
/Users/andrewhendel/CascadeProjects/mojolearn/neighbors/impl/matrix/detail/select_radix.mojo:269:16: warning: positional `__getitem__` is deprecated, use `unsafe_offset=` instead
            ctr[CTR_FILTER_CNT] = Int32(0)
            ~~~^~~~~~~~~~~~~~~~
<unknown>:0: note: '__getitem__' declared here
Imported from /Users/andrewhendel/CascadeProjects/mojolearn/metrics/metrics_main.mojo:69:
Imported from /Users/andrewhendel/CascadeProjects/mojolearn/metrics/impl/metrics/trustworthiness.mojo:16:
Imported from /Users/andrewhendel/CascadeProjects/mojolearn/metrics/impl/stats/detail/trustworthiness_score.mojo:80:
Imported from /Users/andrewhendel/CascadeProjects/mojolearn/neighbors/estimator.mojo:130:
Imported from /Users/andrewhendel/CascadeProjects/mojolearn/neighbors/impl/neighbors/detail/knn_brute_force.mojo:100:
/Users/andrewhendel/CascadeProjects/mojolearn/neighbors/impl/matrix/detail/select_radix.mojo:274:27: warning: positional `__getitem__` is deprecated, use `unsafe_offset=` instead
        var kth = kth_bits[0]
                  ~~~~~~~~^~~
<unknown>:0: note: '__getitem__' declared here
Imported from /Users/andrewhendel/CascadeProjects/mojolearn/metrics/metrics_main.mojo:69:
Imported from /Users/andrewhendel/CascadeProjects/mojolearn/metrics/impl/metrics/trustworthiness.mojo:16:
Imported from /Users/andrewhendel/CascadeProjects/mojolearn/metrics/impl/stats/detail/trustworthiness_score.mojo:80:
Imported from /Users/andrewhendel/CascadeProjects/mojolearn/neighbors/estimator.mojo:130:
Imported from /Users/andrewhendel/CascadeProjects/mojolearn/neighbors/impl/neighbors/detail/knn_brute_force.mojo:100:
/Users/andrewhendel/CascadeProjects/mojolearn/neighbors/impl/matrix/detail/select_radix.mojo:332:69: warning: positional `__getitem__` is deprecated, use `unsafe_offset=` instead
        var scanned = block_prefix_sum[block_size=SELECT_BLOCK](hist[tid])
                                                                ~~~~^~~~~
<unknown>:0: note: '__getitem__' declared here
Imported from /Users/andrewhendel/CascadeProjects/mojolearn/metrics/metrics_main.mojo:69:
Imported from /Users/andrewhendel/CascadeProjects/mojolearn/metrics/impl/metrics/trustworthiness.mojo:16:
Imported from /Users/andrewhendel/CascadeProjects/mojolearn/metrics/impl/stats/detail/trustworthiness_score.mojo:80:
Imported from /Users/andrewhendel/CascadeProjects/mojolearn/neighbors/estimator.mojo:130:
Imported from /Users/andrewhendel/CascadeProjects/mojolearn/neighbors/impl/neighbors/detail/knn_brute_force.mojo:100:
/Users/andrewhendel/CascadeProjects/mojolearn/neighbors/impl/matrix/detail/select_radix.mojo:333:13: warning: positional `__getitem__` is deprecated, use `unsafe_offset=` instead
        hist[tid] = scanned
        ~~~~^~~~~
<unknown>:0: note: '__getitem__' declared here
Imported from /Users/andrewhendel/CascadeProjects/mojolearn/metrics/metrics_main.mojo:69:
Imported from /Users/andrewhendel/CascadeProjects/mojolearn/metrics/impl/metrics/trustworthiness.mojo:16:
Imported from /Users/andrewhendel/CascadeProjects/mojolearn/metrics/impl/stats/detail/trustworthiness_score.mojo:80:
Imported from /Users/andrewhendel/CascadeProjects/mojolearn/neighbors/estimator.mojo:130:
Imported from /Users/andrewhendel/CascadeProjects/mojolearn/neighbors/impl/neighbors/detail/knn_brute_force.mojo:100:
/Users/andrewhendel/CascadeProjects/mojolearn/neighbors/impl/matrix/detail/select_radix.mojo:339:30: warning: positional `__getitem__` is deprecated, use `unsafe_offset=` instead
            prev_count = hist[tid - 1]
                         ~~~~^~~~~~~~~
<unknown>:0: note: '__getitem__' declared here
Imported from /Users/andrewhendel/CascadeProjects/mojolearn/metrics/metrics_main.mojo:69:
Imported from /Users/andrewhendel/CascadeProjects/mojolearn/metrics/impl/metrics/trustworthiness.mojo:16:
Imported from /Users/andrewhendel/CascadeProjects/mojolearn/metrics/impl/stats/detail/trustworthiness_score.mojo:80:
Imported from /Users/andrewhendel/CascadeProjects/mojolearn/neighbors/estimator.mojo:130:
Imported from /Users/andrewhendel/CascadeProjects/mojolearn/neighbors/impl/neighbors/detail/knn_brute_force.mojo:100:
/Users/andrewhendel/CascadeProjects/mojolearn/neighbors/impl/matrix/detail/select_radix.mojo:340:29: warning: positional `__getitem__` is deprecated, use `unsafe_offset=` instead
        var cur_count = hist[tid]
                        ~~~~^~~~~
<unknown>:0: note: '__getitem__' declared here
Imported from /Users/andrewhendel/CascadeProjects/mojolearn/metrics/metrics_main.mojo:69:
Imported from /Users/andrewhendel/CascadeProjects/mojolearn/metrics/impl/metrics/trustworthiness.mojo:16:
Imported from /Users/andrewhendel/CascadeProjects/mojolearn/metrics/impl/stats/detail/trustworthiness_score.mojo:80:
Imported from /Users/andrewhendel/CascadeProjects/mojolearn/neighbors/estimator.mojo:130:
Imported from /Users/andrewhendel/CascadeProjects/mojolearn/neighbors/impl/neighbors/detail/knn_brute_force.mojo:100:
/Users/andrewhendel/CascadeProjects/mojolearn/neighbors/impl/matrix/detail/select_radix.mojo:344:16: warning: positional `__getitem__` is deprecated, use `unsafe_offset=` instead
            ctr[CTR_K] = Int32(current_k - Int(prev_count))
            ~~~^~~~~~~
<unknown>:0: note: '__getitem__' declared here
Imported from /Users/andrewhendel/CascadeProjects/mojolearn/metrics/metrics_main.mojo:69:
Imported from /Users/andrewhendel/CascadeProjects/mojolearn/metrics/impl/metrics/trustworthiness.mojo:16:
Imported from /Users/andrewhendel/CascadeProjects/mojolearn/metrics/impl/stats/detail/trustworthiness_score.mojo:80:
Imported from /Users/andrewhendel/CascadeProjects/mojolearn/neighbors/estimator.mojo:130:
Imported from /Users/andrewhendel/CascadeProjects/mojolearn/neighbors/impl/neighbors/detail/knn_brute_force.mojo:100:
/Users/andrewhendel/CascadeProjects/mojolearn/neighbors/impl/matrix/detail/select_radix.mojo:345:16: warning: positional `__getitem__` is deprecated, use `unsafe_offset=` instead
            ctr[CTR_LEN] = Int32(Int(cur_count) - Int(prev_count))
            ~~~^~~~~~~~~
<unknown>:0: note: '__getitem__' declared here
Imported from /Users/andrewhendel/CascadeProjects/mojolearn/metrics/metrics_main.mojo:69:
Imported from /Users/andrewhendel/CascadeProjects/mojolearn/metrics/impl/metrics/trustworthiness.mojo:16:
Imported from /Users/andrewhendel/CascadeProjects/mojolearn/metrics/impl/stats/detail/trustworthiness_score.mojo:80:
Imported from /Users/andrewhendel/CascadeProjects/mojolearn/neighbors/estimator.mojo:130:
Imported from /Users/andrewhendel/CascadeProjects/mojolearn/neighbors/impl/neighbors/detail/knn_brute_force.mojo:100:
/Users/andrewhendel/CascadeProjects/mojolearn/neighbors/impl/matrix/detail/select_radix.mojo:346:21: warning: positional `__getitem__` is deprecated, use `unsafe_offset=` instead
            kth_bits[0] = kth_bits[0] | (UInt32(tid) << UInt32(start_bit))
            ~~~~~~~~^~~
<unknown>:0: note: '__getitem__' declared here
Imported from /Users/andrewhendel/CascadeProjects/mojolearn/metrics/metrics_main.mojo:69:
Imported from /Users/andrewhendel/CascadeProjects/mojolearn/metrics/impl/metrics/trustworthiness.mojo:16:
Imported from /Users/andrewhendel/CascadeProjects/mojolearn/metrics/impl/stats/detail/trustworthiness_score.mojo:80:
Imported from /Users/andrewhendel/CascadeProjects/mojolearn/neighbors/estimator.mojo:130:
Imported from /Users/andrewhendel/CascadeProjects/mojolearn/neighbors/impl/neighbors/detail/knn_brute_force.mojo:100:
/Users/andrewhendel/CascadeProjects/mojolearn/neighbors/impl/matrix/detail/select_radix.mojo:346:35: warning: positional `__getitem__` is deprecated, use `unsafe_offset=` instead
            kth_bits[0] = kth_bits[0] | (UInt32(tid) << UInt32(start_bit))
                          ~~~~~~~~^~~
<unknown>:0: note: '__getitem__' declared here
Imported from /Users/andrewhendel/CascadeProjects/mojolearn/metrics/metrics_main.mojo:69:
Imported from /Users/andrewhendel/CascadeProjects/mojolearn/metrics/impl/metrics/trustworthiness.mojo:16:
Imported from /Users/andrewhendel/CascadeProjects/mojolearn/metrics/impl/stats/detail/trustworthiness_score.mojo:80:
Imported from /Users/andrewhendel/CascadeProjects/mojolearn/neighbors/estimator.mojo:130:
Imported from /Users/andrewhendel/CascadeProjects/mojolearn/neighbors/impl/neighbors/detail/knn_brute_force.mojo:100:
/Users/andrewhendel/CascadeProjects/mojolearn/neighbors/impl/matrix/detail/select_radix.mojo:349:16: warning: positional `__getitem__` is deprecated, use `unsafe_offset=` instead
            ctr[CTR_PREVIOUS_LEN] = Int32(current_len)
            ~~~^~~~~~~~~~~~~~~~~~
<unknown>:0: note: '__getitem__' declared here
Imported from /Users/andrewhendel/CascadeProjects/mojolearn/metrics/metrics_main.mojo:69:
Imported from /Users/andrewhendel/CascadeProjects/mojolearn/metrics/impl/metrics/trustworthiness.mojo:16:
Imported from /Users/andrewhendel/CascadeProjects/mojolearn/metrics/impl/stats/detail/trustworthiness_score.mojo:80:
Imported from /Users/andrewhendel/CascadeProjects/mojolearn/neighbors/estimator.mojo:130:
Imported from /Users/andrewhendel/CascadeProjects/mojolearn/neighbors/impl/neighbors/detail/knn_brute_force.mojo:100:
/Users/andrewhendel/CascadeProjects/mojolearn/neighbors/impl/matrix/detail/select_radix.mojo:353:19: warning: positional `__getitem__` is deprecated, use `unsafe_offset=` instead
        if Int(ctr[CTR_LEN]) == Int(ctr[CTR_K]) or pass_id == NUM_PASSES - 1:
               ~~~^~~~~~~~~
<unknown>:0: note: '__getitem__' declared here
Imported from /Users/andrewhendel/CascadeProjects/mojolearn/metrics/metrics_main.mojo:69:
Imported from /Users/andrewhendel/CascadeProjects/mojolearn/metrics/impl/metrics/trustworthiness.mojo:16:
Imported from /Users/andrewhendel/CascadeProjects/mojolearn/metrics/impl/stats/detail/trustworthiness_score.mojo:80:
Imported from /Users/andrewhendel/CascadeProjects/mojolearn/neighbors/estimator.mojo:130:
Imported from /Users/andrewhendel/CascadeProjects/mojolearn/neighbors/impl/neighbors/detail/knn_brute_force.mojo:100:
/Users/andrewhendel/CascadeProjects/mojolearn/neighbors/impl/matrix/detail/select_radix.mojo:353:40: warning: positional `__getitem__` is deprecated, use `unsafe_offset=` instead
        if Int(ctr[CTR_LEN]) == Int(ctr[CTR_K]) or pass_id == NUM_PASSES - 1:
                                    ~~~^~~~~~~
<unknown>:0: note: '__getitem__' declared here
Imported from /Users/andrewhendel/CascadeProjects/mojolearn/metrics/metrics_main.mojo:69:
Imported from /Users/andrewhendel/CascadeProjects/mojolearn/metrics/impl/metrics/trustworthiness.mojo:16:
Imported from /Users/andrewhendel/CascadeProjects/mojolearn/metrics/impl/stats/detail/trustworthiness_score.mojo:80:
Imported from /Users/andrewhendel/CascadeProjects/mojolearn/neighbors/estimator.mojo:130:
Imported from /Users/andrewhendel/CascadeProjects/mojolearn/neighbors/impl/neighbors/detail/knn_brute_force.mojo:100:
/Users/andrewhendel/CascadeProjects/mojolearn/neighbors/impl/matrix/detail/select_radix.mojo:355:34: warning: positional `__getitem__` is deprecated, use `unsafe_offset=` instead
            var lf_kth = kth_bits[0]
                         ~~~~~~~~^~~
<unknown>:0: note: '__getitem__' declared here
Imported from /Users/andrewhendel/CascadeProjects/mojolearn/metrics/metrics_main.mojo:69:
Imported from /Users/andrewhendel/CascadeProjects/mojolearn/metrics/impl/metrics/trustworthiness.mojo:16:
Imported from /Users/andrewhendel/CascadeProjects/mojolearn/metrics/impl/stats/detail/trustworthiness_score.mojo:80:
Imported from /Users/andrewhendel/CascadeProjects/mojolearn/neighbors/estimator.mojo:130:
Imported from /Users/andrewhendel/CascadeProjects/mojolearn/neighbors/impl/neighbors/detail/knn_brute_force.mojo:100:
/Users/andrewhendel/CascadeProjects/mojolearn/neighbors/impl/matrix/detail/select_radix.mojo:357:33: warning: positional `__getitem__` is deprecated, use `unsafe_offset=` instead
            var needed = Int(ctr[CTR_K])
                             ~~~^~~~~~~
<unknown>:0: note: '__getitem__' declared here
Imported from /Users/andrewhendel/CascadeProjects/mojolearn/metrics/metrics_main.mojo:69:
Imported from /Users/andrewhendel/CascadeProjects/mojolearn/metrics/impl/metrics/trustworthiness.mojo:16:
Imported from /Users/andrewhendel/CascadeProjects/mojolearn/metrics/impl/stats/detail/trustworthiness_score.mojo:80:
Imported from /Users/andrewhendel/CascadeProjects/mojolearn/neighbors/estimator.mojo:130:
Imported from /Users/andrewhendel/CascadeProjects/mojolearn/neighbors/impl/neighbors/detail/knn_brute_force.mojo:93:
/Users/andrewhendel/CascadeProjects/mojolearn/neighbors/checks/select_radix_identical.mojo:199:12: warning: positional `__getitem__` is deprecated, use `unsafe_offset=` instead
        ctr[CTR_K] = Int32(k)
        ~~~^~~~~~~
<unknown>:0: note: '__getitem__' declared here
Imported from /Users/andrewhendel/CascadeProjects/mojolearn/metrics/metrics_main.mojo:69:
Imported from /Users/andrewhendel/CascadeProjects/mojolearn/metrics/impl/metrics/trustworthiness.mojo:16:
Imported from /Users/andrewhendel/CascadeProjects/mojolearn/metrics/impl/stats/detail/trustworthiness_score.mojo:80:
Imported from /Users/andrewhendel/CascadeProjects/mojolearn/neighbors/estimator.mojo:130:
Imported from /Users/andrewhendel/CascadeProjects/mojolearn/neighbors/impl/neighbors/detail/knn_brute_force.mojo:93:
/Users/andrewhendel/CascadeProjects/mojolearn/neighbors/checks/select_radix_identical.mojo:200:12: warning: positional `__getitem__` is deprecated, use `unsafe_offset=` instead
        ctr[CTR_LEN] = Int32(length)
        ~~~^~~~~~~~~
<unknown>:0: note: '__getitem__' declared here
Imported from /Users/andrewhendel/CascadeProjects/mojolearn/metrics/metrics_main.mojo:69:
Imported from /Users/andrewhendel/CascadeProjects/mojolearn/metrics/impl/metrics/trustworthiness.mojo:16:
Imported from /Users/andrewhendel/CascadeProjects/mojolearn/metrics/impl/stats/detail/trustworthiness_score.mojo:80:
Imported from /Users/andrewhendel/CascadeProjects/mojolearn/neighbors/estimator.mojo:130:
Imported from /Users/andrewhendel/CascadeProjects/mojolearn/neighbors/impl/neighbors/detail/knn_brute_force.mojo:93:
/Users/andrewhendel/CascadeProjects/mojolearn/neighbors/checks/select_radix_identical.mojo:201:12: warning: positional `__getitem__` is deprecated, use `unsafe_offset=` instead
        ctr[CTR_PREVIOUS_LEN] = Int32(length)
        ~~~^~~~~~~~~~~~~~~~~~
<unknown>:0: note: '__getitem__' declared here
Imported from /Users/andrewhendel/CascadeProjects/mojolearn/metrics/metrics_main.mojo:69:
Imported from /Users/andrewhendel/CascadeProjects/mojolearn/metrics/impl/metrics/trustworthiness.mojo:16:
Imported from /Users/andrewhendel/CascadeProjects/mojolearn/metrics/impl/stats/detail/trustworthiness_score.mojo:80:
Imported from /Users/andrewhendel/CascadeProjects/mojolearn/neighbors/estimator.mojo:130:
Imported from /Users/andrewhendel/CascadeProjects/mojolearn/neighbors/impl/neighbors/detail/knn_brute_force.mojo:93:
/Users/andrewhendel/CascadeProjects/mojolearn/neighbors/checks/select_radix_identical.mojo:202:12: warning: positional `__getitem__` is deprecated, use `unsafe_offset=` instead
        ctr[CTR_OUT_CNT] = Int32(0)
        ~~~^~~~~~~~~~~~~
<unknown>:0: note: '__getitem__' declared here
Imported from /Users/andrewhendel/CascadeProjects/mojolearn/metrics/metrics_main.mojo:69:
Imported from /Users/andrewhendel/CascadeProjects/mojolearn/metrics/impl/metrics/trustworthiness.mojo:16:
Imported from /Users/andrewhendel/CascadeProjects/mojolearn/metrics/impl/stats/detail/trustworthiness_score.mojo:80:
Imported from /Users/andrewhendel/CascadeProjects/mojolearn/neighbors/estimator.mojo:130:
Imported from /Users/andrewhendel/CascadeProjects/mojolearn/neighbors/impl/neighbors/detail/knn_brute_force.mojo:93:
/Users/andrewhendel/CascadeProjects/mojolearn/neighbors/checks/select_radix_identical.mojo:203:17: warning: positional `__getitem__` is deprecated, use `unsafe_offset=` instead
        kth_bits[0] = UInt64(0)
        ~~~~~~~~^~~
<unknown>:0: note: '__getitem__' declared here
Imported from /Users/andrewhendel/CascadeProjects/mojolearn/metrics/metrics_main.mojo:69:
Imported from /Users/andrewhendel/CascadeProjects/mojolearn/metrics/impl/metrics/trustworthiness.mojo:16:
Imported from /Users/andrewhendel/CascadeProjects/mojolearn/metrics/impl/stats/detail/trustworthiness_score.mojo:80:
Imported from /Users/andrewhendel/CascadeProjects/mojolearn/neighbors/estimator.mojo:130:
Imported from /Users/andrewhendel/CascadeProjects/mojolearn/neighbors/impl/neighbors/detail/knn_brute_force.mojo:93:
/Users/andrewhendel/CascadeProjects/mojolearn/neighbors/checks/select_radix_identical.mojo:227:34: warning: positional `__getitem__` is deprecated, use `unsafe_offset=` instead
        var current_len = Int(ctr[CTR_LEN])
                              ~~~^~~~~~~~~
<unknown>:0: note: '__getitem__' declared here
Imported from /Users/andrewhendel/CascadeProjects/mojolearn/metrics/metrics_main.mojo:69:
Imported from /Users/andrewhendel/CascadeProjects/mojolearn/metrics/impl/metrics/trustworthiness.mojo:16:
Imported from /Users/andrewhendel/CascadeProjects/mojolearn/metrics/impl/stats/detail/trustworthiness_score.mojo:80:
Imported from /Users/andrewhendel/CascadeProjects/mojolearn/neighbors/estimator.mojo:130:
Imported from /Users/andrewhendel/CascadeProjects/mojolearn/neighbors/impl/neighbors/detail/knn_brute_force.mojo:93:
/Users/andrewhendel/CascadeProjects/mojolearn/neighbors/checks/select_radix_identical.mojo:228:32: warning: positional `__getitem__` is deprecated, use `unsafe_offset=` instead
        var current_k = Int(ctr[CTR_K])
                            ~~~^~~~~~~
<unknown>:0: note: '__getitem__' declared here
Imported from /Users/andrewhendel/CascadeProjects/mojolearn/metrics/metrics_main.mojo:69:
Imported from /Users/andrewhendel/CascadeProjects/mojolearn/metrics/impl/metrics/trustworthiness.mojo:16:
Imported from /Users/andrewhendel/CascadeProjects/mojolearn/metrics/impl/stats/detail/trustworthiness_score.mojo:80:
Imported from /Users/andrewhendel/CascadeProjects/mojolearn/neighbors/estimator.mojo:130:
Imported from /Users/andrewhendel/CascadeProjects/mojolearn/neighbors/impl/neighbors/detail/knn_brute_force.mojo:93:
/Users/andrewhendel/CascadeProjects/mojolearn/neighbors/checks/select_radix_identical.mojo:229:35: warning: positional `__getitem__` is deprecated, use `unsafe_offset=` instead
        var previous_len = Int(ctr[CTR_PREVIOUS_LEN])
                               ~~~^~~~~~~~~~~~~~~~~~
<unknown>:0: note: '__getitem__' declared here
Imported from /Users/andrewhendel/CascadeProjects/mojolearn/metrics/metrics_main.mojo:69:
Imported from /Users/andrewhendel/CascadeProjects/mojolearn/metrics/impl/metrics/trustworthiness.mojo:16:
Imported from /Users/andrewhendel/CascadeProjects/mojolearn/metrics/impl/stats/detail/trustworthiness_score.mojo:80:
Imported from /Users/andrewhendel/CascadeProjects/mojolearn/neighbors/estimator.mojo:130:
Imported from /Users/andrewhendel/CascadeProjects/mojolearn/neighbors/impl/neighbors/detail/knn_brute_force.mojo:93:
/Users/andrewhendel/CascadeProjects/mojolearn/neighbors/checks/select_radix_identical.mojo:239:13: warning: positional `__getitem__` is deprecated, use `unsafe_offset=` instead
        hist[tid] = Int32(0)
        ~~~~^~~~~
<unknown>:0: note: '__getitem__' declared here
Imported from /Users/andrewhendel/CascadeProjects/mojolearn/metrics/metrics_main.mojo:69:
Imported from /Users/andrewhendel/CascadeProjects/mojolearn/metrics/impl/metrics/trustworthiness.mojo:16:
Imported from /Users/andrewhendel/CascadeProjects/mojolearn/metrics/impl/stats/detail/trustworthiness_score.mojo:80:
Imported from /Users/andrewhendel/CascadeProjects/mojolearn/neighbors/estimator.mojo:130:
Imported from /Users/andrewhendel/CascadeProjects/mojolearn/neighbors/impl/neighbors/detail/knn_brute_force.mojo:93:
/Users/andrewhendel/CascadeProjects/mojolearn/neighbors/checks/select_radix_identical.mojo:241:16: warning: positional `__getitem__` is deprecated, use `unsafe_offset=` instead
            ctr[CTR_FILTER_CNT] = Int32(0)
            ~~~^~~~~~~~~~~~~~~~
<unknown>:0: note: '__getitem__' declared here
Imported from /Users/andrewhendel/CascadeProjects/mojolearn/metrics/metrics_main.mojo:69:
Imported from /Users/andrewhendel/CascadeProjects/mojolearn/metrics/impl/metrics/trustworthiness.mojo:16:
Imported from /Users/andrewhendel/CascadeProjects/mojolearn/metrics/impl/stats/detail/trustworthiness_score.mojo:80:
Imported from /Users/andrewhendel/CascadeProjects/mojolearn/neighbors/estimator.mojo:130:
Imported from /Users/andrewhendel/CascadeProjects/mojolearn/neighbors/impl/neighbors/detail/knn_brute_force.mojo:93:
/Users/andrewhendel/CascadeProjects/mojolearn/neighbors/checks/select_radix_identical.mojo:246:27: warning: positional `__getitem__` is deprecated, use `unsafe_offset=` instead
        var kth = kth_bits[0]
                  ~~~~~~~~^~~
<unknown>:0: note: '__getitem__' declared here
Imported from /Users/andrewhendel/CascadeProjects/mojolearn/metrics/metrics_main.mojo:69:
Imported from /Users/andrewhendel/CascadeProjects/mojolearn/metrics/impl/metrics/trustworthiness.mojo:16:
Imported from /Users/andrewhendel/CascadeProjects/mojolearn/metrics/impl/stats/detail/trustworthiness_score.mojo:80:
Imported from /Users/andrewhendel/CascadeProjects/mojolearn/neighbors/estimator.mojo:130:
Imported from /Users/andrewhendel/CascadeProjects/mojolearn/neighbors/impl/neighbors/detail/knn_brute_force.mojo:93:
/Users/andrewhendel/CascadeProjects/mojolearn/neighbors/checks/select_radix_identical.mojo:290:69: warning: positional `__getitem__` is deprecated, use `unsafe_offset=` instead
        var scanned = block_prefix_sum[block_size=SELECT_BLOCK](hist[tid])
                                                                ~~~~^~~~~
<unknown>:0: note: '__getitem__' declared here
Imported from /Users/andrewhendel/CascadeProjects/mojolearn/metrics/metrics_main.mojo:69:
Imported from /Users/andrewhendel/CascadeProjects/mojolearn/metrics/impl/metrics/trustworthiness.mojo:16:
Imported from /Users/andrewhendel/CascadeProjects/mojolearn/metrics/impl/stats/detail/trustworthiness_score.mojo:80:
Imported from /Users/andrewhendel/CascadeProjects/mojolearn/neighbors/estimator.mojo:130:
Imported from /Users/andrewhendel/CascadeProjects/mojolearn/neighbors/impl/neighbors/detail/knn_brute_force.mojo:93:
/Users/andrewhendel/CascadeProjects/mojolearn/neighbors/checks/select_radix_identical.mojo:291:13: warning: positional `__getitem__` is deprecated, use `unsafe_offset=` instead
        hist[tid] = scanned
        ~~~~^~~~~
<unknown>:0: note: '__getitem__' declared here
Imported from /Users/andrewhendel/CascadeProjects/mojolearn/metrics/metrics_main.mojo:69:
Imported from /Users/andrewhendel/CascadeProjects/mojolearn/metrics/impl/metrics/trustworthiness.mojo:16:
Imported from /Users/andrewhendel/CascadeProjects/mojolearn/metrics/impl/stats/detail/trustworthiness_score.mojo:80:
Imported from /Users/andrewhendel/CascadeProjects/mojolearn/neighbors/estimator.mojo:130:
Imported from /Users/andrewhendel/CascadeProjects/mojolearn/neighbors/impl/neighbors/detail/knn_brute_force.mojo:93:
/Users/andrewhendel/CascadeProjects/mojolearn/neighbors/checks/select_radix_identical.mojo:296:30: warning: positional `__getitem__` is deprecated, use `unsafe_offset=` instead
            prev_count = hist[tid - 1]
                         ~~~~^~~~~~~~~
<unknown>:0: note: '__getitem__' declared here
Imported from /Users/andrewhendel/CascadeProjects/mojolearn/metrics/metrics_main.mojo:69:
Imported from /Users/andrewhendel/CascadeProjects/mojolearn/metrics/impl/metrics/trustworthiness.mojo:16:
Imported from /Users/andrewhendel/CascadeProjects/mojolearn/metrics/impl/stats/detail/trustworthiness_score.mojo:80:
Imported from /Users/andrewhendel/CascadeProjects/mojolearn/neighbors/estimator.mojo:130:
Imported from /Users/andrewhendel/CascadeProjects/mojolearn/neighbors/impl/neighbors/detail/knn_brute_force.mojo:93:
/Users/andrewhendel/CascadeProjects/mojolearn/neighbors/checks/select_radix_identical.mojo:297:29: warning: positional `__getitem__` is deprecated, use `unsafe_offset=` instead
        var cur_count = hist[tid]
                        ~~~~^~~~~
<unknown>:0: note: '__getitem__' declared here
Imported from /Users/andrewhendel/CascadeProjects/mojolearn/metrics/metrics_main.mojo:69:
Imported from /Users/andrewhendel/CascadeProjects/mojolearn/metrics/impl/metrics/trustworthiness.mojo:16:
Imported from /Users/andrewhendel/CascadeProjects/mojolearn/metrics/impl/stats/detail/trustworthiness_score.mojo:80:
Imported from /Users/andrewhendel/CascadeProjects/mojolearn/neighbors/estimator.mojo:130:
Imported from /Users/andrewhendel/CascadeProjects/mojolearn/neighbors/impl/neighbors/detail/knn_brute_force.mojo:93:
/Users/andrewhendel/CascadeProjects/mojolearn/neighbors/checks/select_radix_identical.mojo:299:16: warning: positional `__getitem__` is deprecated, use `unsafe_offset=` instead
            ctr[CTR_K] = Int32(current_k - Int(prev_count))
            ~~~^~~~~~~
<unknown>:0: note: '__getitem__' declared here
Imported from /Users/andrewhendel/CascadeProjects/mojolearn/metrics/metrics_main.mojo:69:
Imported from /Users/andrewhendel/CascadeProjects/mojolearn/metrics/impl/metrics/trustworthiness.mojo:16:
Imported from /Users/andrewhendel/CascadeProjects/mojolearn/metrics/impl/stats/detail/trustworthiness_score.mojo:80:
Imported from /Users/andrewhendel/CascadeProjects/mojolearn/neighbors/estimator.mojo:130:
Imported from /Users/andrewhendel/CascadeProjects/mojolearn/neighbors/impl/neighbors/detail/knn_brute_force.mojo:93:
/Users/andrewhendel/CascadeProjects/mojolearn/neighbors/checks/select_radix_identical.mojo:300:16: warning: positional `__getitem__` is deprecated, use `unsafe_offset=` instead
            ctr[CTR_LEN] = Int32(Int(cur_count) - Int(prev_count))
            ~~~^~~~~~~~~
<unknown>:0: note: '__getitem__' declared here
Imported from /Users/andrewhendel/CascadeProjects/mojolearn/metrics/metrics_main.mojo:69:
Imported from /Users/andrewhendel/CascadeProjects/mojolearn/metrics/impl/metrics/trustworthiness.mojo:16:
Imported from /Users/andrewhendel/CascadeProjects/mojolearn/metrics/impl/stats/detail/trustworthiness_score.mojo:80:
Imported from /Users/andrewhendel/CascadeProjects/mojolearn/neighbors/estimator.mojo:130:
Imported from /Users/andrewhendel/CascadeProjects/mojolearn/neighbors/impl/neighbors/detail/knn_brute_force.mojo:93:
/Users/andrewhendel/CascadeProjects/mojolearn/neighbors/checks/select_radix_identical.mojo:301:21: warning: positional `__getitem__` is deprecated, use `unsafe_offset=` instead
            kth_bits[0] = kth_bits[0] | (
            ~~~~~~~~^~~
<unknown>:0: note: '__getitem__' declared here
Imported from /Users/andrewhendel/CascadeProjects/mojolearn/metrics/metrics_main.mojo:69:
Imported from /Users/andrewhendel/CascadeProjects/mojolearn/metrics/impl/metrics/trustworthiness.mojo:16:
Imported from /Users/andrewhendel/CascadeProjects/mojolearn/metrics/impl/stats/detail/trustworthiness_score.mojo:80:
Imported from /Users/andrewhendel/CascadeProjects/mojolearn/neighbors/estimator.mojo:130:
Imported from /Users/andrewhendel/CascadeProjects/mojolearn/neighbors/impl/neighbors/detail/knn_brute_force.mojo:93:
/Users/andrewhendel/CascadeProjects/mojolearn/neighbors/checks/select_radix_identical.mojo:301:35: warning: positional `__getitem__` is deprecated, use `unsafe_offset=` instead
            kth_bits[0] = kth_bits[0] | (
                          ~~~~~~~~^~~
<unknown>:0: note: '__getitem__' declared here
Imported from /Users/andrewhendel/CascadeProjects/mojolearn/metrics/metrics_main.mojo:69:
Imported from /Users/andrewhendel/CascadeProjects/mojolearn/metrics/impl/metrics/trustworthiness.mojo:16:
Imported from /Users/andrewhendel/CascadeProjects/mojolearn/metrics/impl/stats/detail/trustworthiness_score.mojo:80:
Imported from /Users/andrewhendel/CascadeProjects/mojolearn/neighbors/estimator.mojo:130:
Imported from /Users/andrewhendel/CascadeProjects/mojolearn/neighbors/impl/neighbors/detail/knn_brute_force.mojo:93:
/Users/andrewhendel/CascadeProjects/mojolearn/neighbors/checks/select_radix_identical.mojo:306:16: warning: positional `__getitem__` is deprecated, use `unsafe_offset=` instead
            ctr[CTR_PREVIOUS_LEN] = Int32(current_len)
            ~~~^~~~~~~~~~~~~~~~~~
<unknown>:0: note: '__getitem__' declared here
Imported from /Users/andrewhendel/CascadeProjects/mojolearn/metrics/metrics_main.mojo:69:
Imported from /Users/andrewhendel/CascadeProjects/mojolearn/metrics/impl/metrics/trustworthiness.mojo:16:
Imported from /Users/andrewhendel/CascadeProjects/mojolearn/metrics/impl/stats/detail/trustworthiness_score.mojo:80:
Imported from /Users/andrewhendel/CascadeProjects/mojolearn/neighbors/estimator.mojo:130:
Imported from /Users/andrewhendel/CascadeProjects/mojolearn/neighbors/impl/neighbors/detail/knn_brute_force.mojo:93:
/Users/andrewhendel/CascadeProjects/mojolearn/neighbors/checks/select_radix_identical.mojo:309:19: warning: positional `__getitem__` is deprecated, use `unsafe_offset=` instead
        if Int(ctr[CTR_LEN]) == Int(ctr[CTR_K]) or pass_id == NUM_PASSES_64 - 1:
               ~~~^~~~~~~~~
<unknown>:0: note: '__getitem__' declared here
Imported from /Users/andrewhendel/CascadeProjects/mojolearn/metrics/metrics_main.mojo:69:
Imported from /Users/andrewhendel/CascadeProjects/mojolearn/metrics/impl/metrics/trustworthiness.mojo:16:
Imported from /Users/andrewhendel/CascadeProjects/mojolearn/metrics/impl/stats/detail/trustworthiness_score.mojo:80:
Imported from /Users/andrewhendel/CascadeProjects/mojolearn/neighbors/estimator.mojo:130:
Imported from /Users/andrewhendel/CascadeProjects/mojolearn/neighbors/impl/neighbors/detail/knn_brute_force.mojo:93:
/Users/andrewhendel/CascadeProjects/mojolearn/neighbors/checks/select_radix_identical.mojo:309:40: warning: positional `__getitem__` is deprecated, use `unsafe_offset=` instead
        if Int(ctr[CTR_LEN]) == Int(ctr[CTR_K]) or pass_id == NUM_PASSES_64 - 1:
                                    ~~~^~~~~~~
<unknown>:0: note: '__getitem__' declared here
Imported from /Users/andrewhendel/CascadeProjects/mojolearn/metrics/metrics_main.mojo:69:
Imported from /Users/andrewhendel/CascadeProjects/mojolearn/metrics/impl/metrics/trustworthiness.mojo:16:
Imported from /Users/andrewhendel/CascadeProjects/mojolearn/metrics/impl/stats/detail/trustworthiness_score.mojo:80:
Imported from /Users/andrewhendel/CascadeProjects/mojolearn/neighbors/estimator.mojo:130:
Imported from /Users/andrewhendel/CascadeProjects/mojolearn/neighbors/impl/neighbors/detail/knn_brute_force.mojo:93:
/Users/andrewhendel/CascadeProjects/mojolearn/neighbors/checks/select_radix_identical.mojo:315:34: warning: positional `__getitem__` is deprecated, use `unsafe_offset=` instead
            var lf_kth = kth_bits[0]
                         ~~~~~~~~^~~
<unknown>:0: note: '__getitem__' declared here
Imported from /Users/andrewhendel/CascadeProjects/mojolearn/metrics/metrics_main.mojo:69:
Imported from /Users/andrewhendel/CascadeProjects/mojolearn/metrics/impl/metrics/trustworthiness.mojo:16:
Imported from /Users/andrewhendel/CascadeProjects/mojolearn/metrics/impl/stats/detail/trustworthiness_score.mojo:80:
Imported from /Users/andrewhendel/CascadeProjects/mojolearn/neighbors/estimator.mojo:130:
Imported from /Users/andrewhendel/CascadeProjects/mojolearn/neighbors/impl/neighbors/detail/knn_brute_force.mojo:93:
/Users/andrewhendel/CascadeProjects/mojolearn/neighbors/checks/select_radix_identical.mojo:356:14: warning: positional `__getitem__` is deprecated, use `unsafe_offset=` instead
        s_val[tid] = o_val.unsafe_load(tid)
        ~~~~~^~~~~
<unknown>:0: note: '__getitem__' declared here
Imported from /Users/andrewhendel/CascadeProjects/mojolearn/metrics/metrics_main.mojo:69:
Imported from /Users/andrewhendel/CascadeProjects/mojolearn/metrics/impl/metrics/trustworthiness.mojo:16:
Imported from /Users/andrewhendel/CascadeProjects/mojolearn/metrics/impl/stats/detail/trustworthiness_score.mojo:80:
Imported from /Users/andrewhendel/CascadeProjects/mojolearn/neighbors/estimator.mojo:130:
Imported from /Users/andrewhendel/CascadeProjects/mojolearn/neighbors/impl/neighbors/detail/knn_brute_force.mojo:93:
/Users/andrewhendel/CascadeProjects/mojolearn/neighbors/checks/select_radix_identical.mojo:357:14: warning: positional `__getitem__` is deprecated, use `unsafe_offset=` instead
        s_idx[tid] = o_idx.unsafe_load(tid)
        ~~~~~^~~~~
<unknown>:0: note: '__getitem__' declared here
Imported from /Users/andrewhendel/CascadeProjects/mojolearn/metrics/metrics_main.mojo:69:
Imported from /Users/andrewhendel/CascadeProjects/mojolearn/metrics/impl/metrics/trustworthiness.mojo:16:
Imported from /Users/andrewhendel/CascadeProjects/mojolearn/metrics/impl/stats/detail/trustworthiness_score.mojo:80:
Imported from /Users/andrewhendel/CascadeProjects/mojolearn/neighbors/estimator.mojo:130:
Imported from /Users/andrewhendel/CascadeProjects/mojolearn/neighbors/impl/neighbors/detail/knn_brute_force.mojo:93:
/Users/andrewhendel/CascadeProjects/mojolearn/neighbors/checks/select_radix_identical.mojo:360:40: warning: positional `__getitem__` is deprecated, use `unsafe_offset=` instead
        var key_t = composite_key(s_val[tid], s_idx[tid], select_min)
                                  ~~~~~^~~~~
<unknown>:0: note: '__getitem__' declared here
Imported from /Users/andrewhendel/CascadeProjects/mojolearn/metrics/metrics_main.mojo:69:
Imported from /Users/andrewhendel/CascadeProjects/mojolearn/metrics/impl/metrics/trustworthiness.mojo:16:
Imported from /Users/andrewhendel/CascadeProjects/mojolearn/metrics/impl/stats/detail/trustworthiness_score.mojo:80:
Imported from /Users/andrewhendel/CascadeProjects/mojolearn/neighbors/estimator.mojo:130:
Imported from /Users/andrewhendel/CascadeProjects/mojolearn/neighbors/impl/neighbors/detail/knn_brute_force.mojo:93:
/Users/andrewhendel/CascadeProjects/mojolearn/neighbors/checks/select_radix_identical.mojo:360:52: warning: positional `__getitem__` is deprecated, use `unsafe_offset=` instead
        var key_t = composite_key(s_val[tid], s_idx[tid], select_min)
                                              ~~~~~^~~~~
<unknown>:0: note: '__getitem__' declared here
Imported from /Users/andrewhendel/CascadeProjects/mojolearn/metrics/metrics_main.mojo:69:
Imported from /Users/andrewhendel/CascadeProjects/mojolearn/metrics/impl/metrics/trustworthiness.mojo:16:
Imported from /Users/andrewhendel/CascadeProjects/mojolearn/metrics/impl/stats/detail/trustworthiness_score.mojo:80:
Imported from /Users/andrewhendel/CascadeProjects/mojolearn/neighbors/estimator.mojo:130:
Imported from /Users/andrewhendel/CascadeProjects/mojolearn/neighbors/impl/neighbors/detail/knn_brute_force.mojo:93:
/Users/andrewhendel/CascadeProjects/mojolearn/neighbors/checks/select_radix_identical.mojo:363:35: warning: positional `__getitem__` is deprecated, use `unsafe_offset=` instead
            if composite_key(s_val[j], s_idx[j], select_min) < key_t:
                             ~~~~~^~~
<unknown>:0: note: '__getitem__' declared here
Imported from /Users/andrewhendel/CascadeProjects/mojolearn/metrics/metrics_main.mojo:69:
Imported from /Users/andrewhendel/CascadeProjects/mojolearn/metrics/impl/metrics/trustworthiness.mojo:16:
Imported from /Users/andrewhendel/CascadeProjects/mojolearn/metrics/impl/stats/detail/trustworthiness_score.mojo:80:
Imported from /Users/andrewhendel/CascadeProjects/mojolearn/neighbors/estimator.mojo:130:
Imported from /Users/andrewhendel/CascadeProjects/mojolearn/neighbors/impl/neighbors/detail/knn_brute_force.mojo:93:
/Users/andrewhendel/CascadeProjects/mojolearn/neighbors/checks/select_radix_identical.mojo:363:45: warning: positional `__getitem__` is deprecated, use `unsafe_offset=` instead
            if composite_key(s_val[j], s_idx[j], select_min) < key_t:
                                       ~~~~~^~~
<unknown>:0: note: '__getitem__' declared here
Imported from /Users/andrewhendel/CascadeProjects/mojolearn/metrics/metrics_main.mojo:69:
Imported from /Users/andrewhendel/CascadeProjects/mojolearn/metrics/impl/metrics/trustworthiness.mojo:16:
Imported from /Users/andrewhendel/CascadeProjects/mojolearn/metrics/impl/stats/detail/trustworthiness_score.mojo:80:
Imported from /Users/andrewhendel/CascadeProjects/mojolearn/neighbors/estimator.mojo:130:
Imported from /Users/andrewhendel/CascadeProjects/mojolearn/neighbors/impl/neighbors/detail/knn_brute_force.mojo:93:
/Users/andrewhendel/CascadeProjects/mojolearn/neighbors/checks/select_radix_identical.mojo:365:39: warning: positional `__getitem__` is deprecated, use `unsafe_offset=` instead
        o_val.unsafe_store(rank, s_val[tid])
                                 ~~~~~^~~~~
<unknown>:0: note: '__getitem__' declared here
Imported from /Users/andrewhendel/CascadeProjects/mojolearn/metrics/metrics_main.mojo:69:
Imported from /Users/andrewhendel/CascadeProjects/mojolearn/metrics/impl/metrics/trustworthiness.mojo:16:
Imported from /Users/andrewhendel/CascadeProjects/mojolearn/metrics/impl/stats/detail/trustworthiness_score.mojo:80:
Imported from /Users/andrewhendel/CascadeProjects/mojolearn/neighbors/estimator.mojo:130:
Imported from /Users/andrewhendel/CascadeProjects/mojolearn/neighbors/impl/neighbors/detail/knn_brute_force.mojo:93:
/Users/andrewhendel/CascadeProjects/mojolearn/neighbors/checks/select_radix_identical.mojo:366:39: warning: positional `__getitem__` is deprecated, use `unsafe_offset=` instead
        o_idx.unsafe_store(rank, s_idx[tid])
                                 ~~~~~^~~~~
<unknown>:0: note: '__getitem__' declared here
Imported from /Users/andrewhendel/CascadeProjects/mojolearn/metrics/metrics_main.mojo:69:
Imported from /Users/andrewhendel/CascadeProjects/mojolearn/metrics/impl/metrics/trustworthiness.mojo:16:
Imported from /Users/andrewhendel/CascadeProjects/mojolearn/metrics/impl/stats/detail/trustworthiness_score.mojo:80:
Imported from /Users/andrewhendel/CascadeProjects/mojolearn/neighbors/estimator.mojo:130:
Imported from /Users/andrewhendel/CascadeProjects/mojolearn/neighbors/impl/neighbors/detail/knn_brute_force.mojo:104:
/Users/andrewhendel/CascadeProjects/mojolearn/neighbors/impl/matrix/detail/select_warpsort.mojo:684:15: warning: 'UnsafePointer' is deprecated, use 'Pointer' instead
    val_smem: UnsafePointer[
              ^~~~~~~~~~~~~
              Pointer
<unknown>:0: note: 'UnsafePointer' declared here
Imported from /Users/andrewhendel/CascadeProjects/mojolearn/metrics/metrics_main.mojo:69:
Imported from /Users/andrewhendel/CascadeProjects/mojolearn/metrics/impl/metrics/trustworthiness.mojo:16:
Imported from /Users/andrewhendel/CascadeProjects/mojolearn/metrics/impl/stats/detail/trustworthiness_score.mojo:80:
Imported from /Users/andrewhendel/CascadeProjects/mojolearn/neighbors/estimator.mojo:130:
Imported from /Users/andrewhendel/CascadeProjects/mojolearn/neighbors/impl/neighbors/detail/knn_brute_force.mojo:104:
/Users/andrewhendel/CascadeProjects/mojolearn/neighbors/impl/matrix/detail/select_warpsort.mojo:689:15: warning: 'UnsafePointer' is deprecated, use 'Pointer' instead
    idx_smem: UnsafePointer[
              ^~~~~~~~~~~~~
              Pointer
<unknown>:0: note: 'UnsafePointer' declared here
Imported from /Users/andrewhendel/CascadeProjects/mojolearn/metrics/metrics_main.mojo:69:
Imported from /Users/andrewhendel/CascadeProjects/mojolearn/metrics/impl/metrics/trustworthiness.mojo:16:
Imported from /Users/andrewhendel/CascadeProjects/mojolearn/metrics/impl/stats/detail/trustworthiness_score.mojo:80:
Imported from /Users/andrewhendel/CascadeProjects/mojolearn/neighbors/estimator.mojo:130:
Imported from /Users/andrewhendel/CascadeProjects/mojolearn/neighbors/impl/neighbors/detail/knn_brute_force.mojo:104:
/Users/andrewhendel/CascadeProjects/mojolearn/neighbors/impl/matrix/detail/select_warpsort.mojo:537:9: warning: '@parameter for' is deprecated; use 'comptime for'
        @parameter
        ^~~~~~~~~~
        comptime 
Imported from /Users/andrewhendel/CascadeProjects/mojolearn/metrics/metrics_main.mojo:69:
Imported from /Users/andrewhendel/CascadeProjects/mojolearn/metrics/impl/metrics/trustworthiness.mojo:16:
Imported from /Users/andrewhendel/CascadeProjects/mojolearn/metrics/impl/stats/detail/trustworthiness_score.mojo:80:
Imported from /Users/andrewhendel/CascadeProjects/mojolearn/neighbors/estimator.mojo:130:
Imported from /Users/andrewhendel/CascadeProjects/mojolearn/neighbors/impl/neighbors/detail/knn_brute_force.mojo:104:
/Users/andrewhendel/CascadeProjects/mojolearn/neighbors/impl/matrix/detail/select_warpsort.mojo:550:13: warning: '@parameter for' is deprecated; use 'comptime for'
            @parameter
            ^~~~~~~~~~
            comptime 
Imported from /Users/andrewhendel/CascadeProjects/mojolearn/metrics/metrics_main.mojo:69:
Imported from /Users/andrewhendel/CascadeProjects/mojolearn/metrics/impl/metrics/trustworthiness.mojo:16:
Imported from /Users/andrewhendel/CascadeProjects/mojolearn/metrics/impl/stats/detail/trustworthiness_score.mojo:80:
Imported from /Users/andrewhendel/CascadeProjects/mojolearn/neighbors/estimator.mojo:130:
Imported from /Users/andrewhendel/CascadeProjects/mojolearn/neighbors/impl/neighbors/detail/knn_brute_force.mojo:104:
/Users/andrewhendel/CascadeProjects/mojolearn/neighbors/impl/matrix/detail/select_warpsort.mojo:301:5: warning: '@parameter if' is deprecated; use 'comptime if'
    @parameter
    ^~~~~~~~~~
    comptime 
Imported from /Users/andrewhendel/CascadeProjects/mojolearn/metrics/metrics_main.mojo:69:
Imported from /Users/andrewhendel/CascadeProjects/mojolearn/metrics/impl/metrics/trustworthiness.mojo:16:
Imported from /Users/andrewhendel/CascadeProjects/mojolearn/metrics/impl/stats/detail/trustworthiness_score.mojo:80:
Imported from /Users/andrewhendel/CascadeProjects/mojolearn/neighbors/estimator.mojo:130:
Imported from /Users/andrewhendel/CascadeProjects/mojolearn/neighbors/impl/neighbors/detail/knn_brute_force.mojo:104:
/Users/andrewhendel/CascadeProjects/mojolearn/neighbors/impl/matrix/detail/select_warpsort.mojo:432:5: warning: '@parameter if' is deprecated; use 'comptime if'
    @parameter
    ^~~~~~~~~~
    comptime 
Imported from /Users/andrewhendel/CascadeProjects/mojolearn/metrics/metrics_main.mojo:69:
Imported from /Users/andrewhendel/CascadeProjects/mojolearn/metrics/impl/metrics/trustworthiness.mojo:16:
Imported from /Users/andrewhendel/CascadeProjects/mojolearn/metrics/impl/stats/detail/trustworthiness_score.mojo:80:
Imported from /Users/andrewhendel/CascadeProjects/mojolearn/neighbors/estimator.mojo:130:
Imported from /Users/andrewhendel/CascadeProjects/mojolearn/neighbors/impl/neighbors/detail/knn_brute_force.mojo:104:
/Users/andrewhendel/CascadeProjects/mojolearn/neighbors/impl/matrix/detail/select_warpsort.mojo:624:18: warning: 'UnsafePointer' is deprecated, use 'Pointer' instead
        out_val: UnsafePointer[
                 ^~~~~~~~~~~~~
                 Pointer
<unknown>:0: note: 'UnsafePointer' declared here
Imported from /Users/andrewhendel/CascadeProjects/mojolearn/metrics/metrics_main.mojo:69:
Imported from /Users/andrewhendel/CascadeProjects/mojolearn/metrics/impl/metrics/trustworthiness.mojo:16:
Imported from /Users/andrewhendel/CascadeProjects/mojolearn/metrics/impl/stats/detail/trustworthiness_score.mojo:80:
Imported from /Users/andrewhendel/CascadeProjects/mojolearn/neighbors/estimator.mojo:130:
Imported from /Users/andrewhendel/CascadeProjects/mojolearn/neighbors/impl/neighbors/detail/knn_brute_force.mojo:104:
/Users/andrewhendel/CascadeProjects/mojolearn/neighbors/impl/matrix/detail/select_warpsort.mojo:629:18: warning: 'UnsafePointer' is deprecated, use 'Pointer' instead
        out_idx: UnsafePointer[
                 ^~~~~~~~~~~~~
                 Pointer
<unknown>:0: note: 'UnsafePointer' declared here
Imported from /Users/andrewhendel/CascadeProjects/mojolearn/metrics/metrics_main.mojo:69:
Imported from /Users/andrewhendel/CascadeProjects/mojolearn/metrics/impl/metrics/trustworthiness.mojo:16:
Imported from /Users/andrewhendel/CascadeProjects/mojolearn/metrics/impl/stats/detail/trustworthiness_score.mojo:80:
Imported from /Users/andrewhendel/CascadeProjects/mojolearn/neighbors/estimator.mojo:130:
Imported from /Users/andrewhendel/CascadeProjects/mojolearn/neighbors/impl/neighbors/detail/knn_brute_force.mojo:104:
/Users/andrewhendel/CascadeProjects/mojolearn/neighbors/impl/matrix/detail/select_warpsort.mojo:571:17: warning: 'UnsafePointer' is deprecated, use 'Pointer' instead
        in_val: UnsafePointer[
                ^~~~~~~~~~~~~
                Pointer
<unknown>:0: note: 'UnsafePointer' declared here
Imported from /Users/andrewhendel/CascadeProjects/mojolearn/metrics/metrics_main.mojo:69:
Imported from /Users/andrewhendel/CascadeProjects/mojolearn/metrics/impl/metrics/trustworthiness.mojo:16:
Imported from /Users/andrewhendel/CascadeProjects/mojolearn/metrics/impl/stats/detail/trustworthiness_score.mojo:80:
Imported from /Users/andrewhendel/CascadeProjects/mojolearn/neighbors/estimator.mojo:130:
Imported from /Users/andrewhendel/CascadeProjects/mojolearn/neighbors/impl/neighbors/detail/knn_brute_force.mojo:104:
/Users/andrewhendel/CascadeProjects/mojolearn/neighbors/impl/matrix/detail/select_warpsort.mojo:576:17: warning: 'UnsafePointer' is deprecated, use 'Pointer' instead
        in_idx: UnsafePointer[
                ^~~~~~~~~~~~~
                Pointer
<unknown>:0: note: 'UnsafePointer' declared here
Imported from /Users/andrewhendel/CascadeProjects/mojolearn/metrics/metrics_main.mojo:69:
Imported from /Users/andrewhendel/CascadeProjects/mojolearn/metrics/impl/metrics/trustworthiness.mojo:16:
Imported from /Users/andrewhendel/CascadeProjects/mojolearn/metrics/impl/stats/detail/trustworthiness_score.mojo:80:
Imported from /Users/andrewhendel/CascadeProjects/mojolearn/neighbors/estimator.mojo:130:
Imported from /Users/andrewhendel/CascadeProjects/mojolearn/neighbors/impl/neighbors/detail/knn_brute_force.mojo:104:
/Users/andrewhendel/CascadeProjects/mojolearn/neighbors/impl/matrix/detail/select_warpsort.mojo:518:9: warning: '@parameter for' is deprecated; use 'comptime for'
        @parameter
        ^~~~~~~~~~
        comptime 
Imported from /Users/andrewhendel/CascadeProjects/mojolearn/metrics/metrics_main.mojo:69:
Imported from /Users/andrewhendel/CascadeProjects/mojolearn/metrics/impl/metrics/trustworthiness.mojo:16:
Imported from /Users/andrewhendel/CascadeProjects/mojolearn/metrics/impl/stats/detail/trustworthiness_score.mojo:80:
Imported from /Users/andrewhendel/CascadeProjects/mojolearn/neighbors/estimator.mojo:130:
Imported from /Users/andrewhendel/CascadeProjects/mojolearn/neighbors/impl/neighbors/detail/knn_brute_force.mojo:104:
/Users/andrewhendel/CascadeProjects/mojolearn/neighbors/impl/matrix/detail/select_warpsort.mojo:601:13: warning: '@parameter for' is deprecated; use 'comptime for'
            @parameter
            ^~~~~~~~~~
            comptime 
Imported from /Users/andrewhendel/CascadeProjects/mojolearn/metrics/metrics_main.mojo:69:
Imported from /Users/andrewhendel/CascadeProjects/mojolearn/metrics/impl/metrics/trustworthiness.mojo:16:
Imported from /Users/andrewhendel/CascadeProjects/mojolearn/metrics/impl/stats/detail/trustworthiness_score.mojo:80:
Imported from /Users/andrewhendel/CascadeProjects/mojolearn/neighbors/estimator.mojo:130:
Imported from /Users/andrewhendel/CascadeProjects/mojolearn/neighbors/impl/neighbors/detail/knn_brute_force.mojo:104:
/Users/andrewhendel/CascadeProjects/mojolearn/neighbors/impl/matrix/detail/select_warpsort.mojo:647:9: warning: '@parameter for' is deprecated; use 'comptime for'
        @parameter
        ^~~~~~~~~~
        comptime 
Imported from /Users/andrewhendel/CascadeProjects/mojolearn/metrics/metrics_main.mojo:69:
Imported from /Users/andrewhendel/CascadeProjects/mojolearn/metrics/impl/metrics/trustworthiness.mojo:16:
Imported from /Users/andrewhendel/CascadeProjects/mojolearn/metrics/impl/stats/detail/trustworthiness_score.mojo:80:
Imported from /Users/andrewhendel/CascadeProjects/mojolearn/neighbors/estimator.mojo:130:
Imported from /Users/andrewhendel/CascadeProjects/mojolearn/neighbors/impl/neighbors/detail/knn_brute_force.mojo:104:
/Users/andrewhendel/CascadeProjects/mojolearn/neighbors/impl/matrix/detail/select_warpsort.mojo:666:9: warning: '@parameter for' is deprecated; use 'comptime for'
        @parameter
        ^~~~~~~~~~
        comptime 
Imported from /Users/andrewhendel/CascadeProjects/mojolearn/metrics/metrics_main.mojo:69:
Imported from /Users/andrewhendel/CascadeProjects/mojolearn/metrics/impl/metrics/trustworthiness.mojo:16:
Imported from /Users/andrewhendel/CascadeProjects/mojolearn/metrics/impl/stats/detail/trustworthiness_score.mojo:80:
Imported from /Users/andrewhendel/CascadeProjects/mojolearn/neighbors/estimator.mojo:130:
Imported from /Users/andrewhendel/CascadeProjects/mojolearn/neighbors/impl/neighbors/detail/knn_brute_force.mojo:104:
/Users/andrewhendel/CascadeProjects/mojolearn/neighbors/impl/matrix/detail/select_warpsort.mojo:283:5: warning: '@parameter if' is deprecated; use 'comptime if'
    @parameter
    ^~~~~~~~~~
    comptime 
Imported from /Users/andrewhendel/CascadeProjects/mojolearn/metrics/metrics_main.mojo:69:
Imported from /Users/andrewhendel/CascadeProjects/mojolearn/metrics/impl/metrics/trustworthiness.mojo:16:
Imported from /Users/andrewhendel/CascadeProjects/mojolearn/metrics/impl/stats/detail/trustworthiness_score.mojo:80:
Imported from /Users/andrewhendel/CascadeProjects/mojolearn/neighbors/estimator.mojo:130:
Imported from /Users/andrewhendel/CascadeProjects/mojolearn/neighbors/impl/neighbors/detail/knn_brute_force.mojo:104:
/Users/andrewhendel/CascadeProjects/mojolearn/neighbors/impl/matrix/detail/select_warpsort.mojo:367:5: warning: '@parameter if' is deprecated; use 'comptime if'
    @parameter
    ^~~~~~~~~~
    comptime 
Imported from /Users/andrewhendel/CascadeProjects/mojolearn/metrics/metrics_main.mojo:69:
Imported from /Users/andrewhendel/CascadeProjects/mojolearn/metrics/impl/metrics/trustworthiness.mojo:16:
Imported from /Users/andrewhendel/CascadeProjects/mojolearn/metrics/impl/stats/detail/trustworthiness_score.mojo:80:
Imported from /Users/andrewhendel/CascadeProjects/mojolearn/neighbors/estimator.mojo:130:
Imported from /Users/andrewhendel/CascadeProjects/mojolearn/neighbors/impl/neighbors/detail/knn_brute_force.mojo:104:
/Users/andrewhendel/CascadeProjects/mojolearn/neighbors/impl/matrix/detail/select_warpsort.mojo:375:9: warning: '@parameter for' is deprecated; use 'comptime for'
        @parameter
        ^~~~~~~~~~
        comptime 
== metrics/metrics_main.mojo [FAST] ==
  accuracy_score = 0.7593765  0x3f426680
  rand_index = 0.773807455262066  0x3fe8c307da380cc0
  adjusted_rand_index = 0.47553368896922793  0x3fde6f24da913871
  entropy(y_true) = 1.414584175321192  0x3ff6a22304271931
  mutual_info_score = 0.5533465123674368  0x3fe1b503bebf2960
  entropy(y_pred) = 1.3032642681650433  0x3ff4da2ba21d071b
  mutual_info_score(y_pred, y_true) = 0.5533465123674368  0x3fe1b503bebf2960
  homogeneity_score = 0.391172559414356  0x3fd908f8a171bee4
  completeness_score = 0.42458504071973985  0x3fdb2c66bc10c66d
  v_measure = 0.4071945319052808  0x3fda0f79a7692a59
  r2.y_bar = 0.6291445  0x3f210f9d
  r2.sse = 621943.75  0x4917d77c
  r2.ssto = 2042745.6  0x49f95bcd
  r2_score = 0.6955354  0x3f320e9c
  kl_divergence = 1.0044273  0x3f809113
  silhouette_score = 0.47907144  0x3ef548da
  silhouette_samples[0] = 0.5697296  0x3f11d9cd
  trustworthiness = 0.7992448380256937  0x3fe99369e91a2645
card written: /Users/andrewhendel/CascadeProjects/mojolearn/bench/results/e1/2026-09-04_034529-MacBook-Air-1-terrabyte/lanes/metrics.fast.card (61 stages)
== done [FAST] ==
