789 external/tcmalloc+/tcmalloc/internal/system_allocator.h:713] Warning: Unable to mbind memory (errno=1, base=0x304440000000, nodemask=1)
/root/mojolearn/bench/gemm_excp_ab_main.mojo:3:4: warning: doc string summary should begin with a capital letter or non-alpha character, but this begins with 'l'
"""lane/amd-step-time (2026-09-24): the twelve GEMM calls of ONE T3 shard
   ^
/root/mojolearn/bench/gemm_excp_ab_main.mojo:107:48: warning: positional `__getitem__` is deprecated, use `unsafe_offset=` instead
        h = (h ^ UInt64(bitcast[DType.uint32](p[i]))) * UInt64(0x100000001B3)
                                              ~^~~
<unknown>:0: note: '__getitem__' declared here
Imported from /root/mojolearn/bench/gemm_excp_ab_main.mojo:44:
/root/mojolearn/gemm/checks/gemm_identical.mojo:2820:35: warning: positional `__getitem__` is deprecated, use `unsafe_offset=` instead
            var ma = min(min(adm_s[sr], adm_s[sr + 1]), min(adm_s[sr + 2], adm_s[sr + 3]))
                             ~~~~~^~~~
<unknown>:0: note: '__getitem__' declared here
Imported from /root/mojolearn/bench/gemm_excp_ab_main.mojo:44:
/root/mojolearn/gemm/checks/gemm_identical.mojo:2820:46: warning: positional `__getitem__` is deprecated, use `unsafe_offset=` instead
            var ma = min(min(adm_s[sr], adm_s[sr + 1]), min(adm_s[sr + 2], adm_s[sr + 3]))
                                        ~~~~~^~~~~~~~
<unknown>:0: note: '__getitem__' declared here
Imported from /root/mojolearn/bench/gemm_excp_ab_main.mojo:44:
/root/mojolearn/gemm/checks/gemm_identical.mojo:2820:66: warning: positional `__getitem__` is deprecated, use `unsafe_offset=` instead
            var ma = min(min(adm_s[sr], adm_s[sr + 1]), min(adm_s[sr + 2], adm_s[sr + 3]))
                                                            ~~~~~^~~~~~~~
<unknown>:0: note: '__getitem__' declared here
Imported from /root/mojolearn/bench/gemm_excp_ab_main.mojo:44:
/root/mojolearn/gemm/checks/gemm_identical.mojo:2820:81: warning: positional `__getitem__` is deprecated, use `unsafe_offset=` instead
            var ma = min(min(adm_s[sr], adm_s[sr + 1]), min(adm_s[sr + 2], adm_s[sr + 3]))
                                                                           ~~~~~^~~~~~~~
<unknown>:0: note: '__getitem__' declared here
Imported from /root/mojolearn/bench/gemm_excp_ab_main.mojo:44:
/root/mojolearn/gemm/checks/gemm_identical.mojo:2821:35: warning: positional `__getitem__` is deprecated, use `unsafe_offset=` instead
            var mb = min(min(adm_s[sr + 4], adm_s[sr + 5]), min(adm_s[sr + 6], adm_s[sr + 7]))
                             ~~~~~^~~~~~~~
<unknown>:0: note: '__getitem__' declared here
Imported from /root/mojolearn/bench/gemm_excp_ab_main.mojo:44:
/root/mojolearn/gemm/checks/gemm_identical.mojo:2821:50: warning: positional `__getitem__` is deprecated, use `unsafe_offset=` instead
            var mb = min(min(adm_s[sr + 4], adm_s[sr + 5]), min(adm_s[sr + 6], adm_s[sr + 7]))
                                            ~~~~~^~~~~~~~
<unknown>:0: note: '__getitem__' declared here
Imported from /root/mojolearn/bench/gemm_excp_ab_main.mojo:44:
/root/mojolearn/gemm/checks/gemm_identical.mojo:2821:70: warning: positional `__getitem__` is deprecated, use `unsafe_offset=` instead
            var mb = min(min(adm_s[sr + 4], adm_s[sr + 5]), min(adm_s[sr + 6], adm_s[sr + 7]))
                                                                ~~~~~^~~~~~~~
<unknown>:0: note: '__getitem__' declared here
Imported from /root/mojolearn/bench/gemm_excp_ab_main.mojo:44:
/root/mojolearn/gemm/checks/gemm_identical.mojo:2821:85: warning: positional `__getitem__` is deprecated, use `unsafe_offset=` instead
            var mb = min(min(adm_s[sr + 4], adm_s[sr + 5]), min(adm_s[sr + 6], adm_s[sr + 7]))
                                                                               ~~~~~^~~~~~~~
<unknown>:0: note: '__getitem__' declared here
Imported from /root/mojolearn/bench/gemm_excp_ab_main.mojo:44:
/root/mojolearn/gemm/checks/gemm_identical.mojo:6256:16: warning: 'store' is deprecated, use 'unsafe_store' instead
            as_.store[alignment=ALIGN](initial_page * APAGE + ga[0] * ASTRIDE + ga[1] * RPT, pga)
            ~~~^~~~~~
                unsafe_store
<unknown>:0: note: 'store' declared here
Imported from /root/mojolearn/bench/gemm_excp_ab_main.mojo:44:
/root/mojolearn/gemm/checks/gemm_identical.mojo:6257:16: warning: 'store' is deprecated, use 'unsafe_store' instead
            bs_.store[alignment=ALIGN](initial_page * BPAGE + gb[0] * BSTRIDE + gb[1] * CPT, pgb)
            ~~~^~~~~~
                unsafe_store
<unknown>:0: note: 'store' declared here
Imported from /root/mojolearn/bench/gemm_excp_ab_main.mojo:44:
/root/mojolearn/gemm/checks/gemm_identical.mojo:6274:14: warning: 'store' is deprecated, use 'unsafe_store' instead
          as_.store[alignment=ALIGN](pgw * APAGE + ga[0] * ASTRIDE + ga[1] * RPT, pga)
          ~~~^~~~~~
              unsafe_store
<unknown>:0: note: 'store' declared here
Imported from /root/mojolearn/bench/gemm_excp_ab_main.mojo:44:
/root/mojolearn/gemm/checks/gemm_identical.mojo:6275:14: warning: 'store' is deprecated, use 'unsafe_store' instead
          bs_.store[alignment=ALIGN](pgw * BPAGE + gb[0] * BSTRIDE + gb[1] * CPT, pgb)
          ~~~^~~~~~
              unsafe_store
<unknown>:0: note: 'store' declared here
Imported from /root/mojolearn/bench/gemm_excp_ab_main.mojo:44:
/root/mojolearn/gemm/checks/gemm_identical.mojo:6323:26: warning: 'load' is deprecated, use 'unsafe_load' instead
            var ra1 = as_.load[width=RPT, alignment=ALIGN](abase)
                      ~~~^~~~~
                          unsafe_load
<unknown>:0: note: 'load' declared here
Imported from /root/mojolearn/bench/gemm_excp_ab_main.mojo:44:
/root/mojolearn/gemm/checks/gemm_identical.mojo:6324:26: warning: 'load' is deprecated, use 'unsafe_load' instead
            var rb1 = bs_.load[width=CPT, alignment=ALIGN](bbase)
                      ~~~^~~~~
                          unsafe_load
<unknown>:0: note: 'load' declared here
Imported from /root/mojolearn/bench/gemm_excp_ab_main.mojo:44:
/root/mojolearn/gemm/checks/gemm_identical.mojo:6333:29: warning: 'load' is deprecated, use 'unsafe_load' instead
                var ra = as_.load[width=RPT, alignment=ALIGN](abase + c0 * RPT)
                         ~~~^~~~~
                             unsafe_load
<unknown>:0: note: 'load' declared here
Imported from /root/mojolearn/bench/gemm_excp_ab_main.mojo:44:
/root/mojolearn/gemm/checks/gemm_identical.mojo:6334:29: warning: 'load' is deprecated, use 'unsafe_load' instead
                var rb = bs_.load[width=CPT, alignment=ALIGN](bbase + c0 * CPT)
                         ~~~^~~~~
                             unsafe_load
<unknown>:0: note: 'load' declared here
Imported from /root/mojolearn/bench/gemm_excp_ab_main.mojo:44:
/root/mojolearn/gemm/checks/gemm_identical.mojo:6360:30: warning: 'load' is deprecated, use 'unsafe_load' instead
                var ra2 = as_.load[width=RPT, alignment=ALIGN](abase + cc * RPT)
                          ~~~^~~~~
                              unsafe_load
<unknown>:0: note: 'load' declared here
Imported from /root/mojolearn/bench/gemm_excp_ab_main.mojo:44:
/root/mojolearn/gemm/checks/gemm_identical.mojo:6361:30: warning: 'load' is deprecated, use 'unsafe_load' instead
                var rb2 = bs_.load[width=CPT, alignment=ALIGN](bbase + cc * CPT)
                          ~~~^~~~~
                              unsafe_load
<unknown>:0: note: 'load' declared here
Included from /root/mojolearn/bench/gemm_excp_ab_main.mojo:44:
/root/mojolearn/gemm/checks/gemm_identical.mojo:3975:19: warning: assignment to 's' was never used; assign to '_' instead?
    var s = String("")
                  ^
