Imported from /root/mojolearn/bench/gemm_step_resources_main.mojo:69:
/root/mojolearn/gemm/checks/gemm_identical.mojo:5298:14: warning: 'store' is deprecated, use 'unsafe_store' instead
          as_.store[alignment=ALIGN](pgw * APAGE + ga[0] * ASTRIDE + ga[1] * RPT, pga)
          ~~~^~~~~~
              unsafe_store
<unknown>:0: note: 'store' declared here
Imported from /root/mojolearn/bench/gemm_step_resources_main.mojo:69:
/root/mojolearn/gemm/checks/gemm_identical.mojo:5299:14: warning: 'store' is deprecated, use 'unsafe_store' instead
          bs_.store[alignment=ALIGN](pgw * BPAGE + gb[0] * BSTRIDE + gb[1] * CPT, pgb)
          ~~~^~~~~~
              unsafe_store
<unknown>:0: note: 'store' declared here
Imported from /root/mojolearn/bench/gemm_step_resources_main.mojo:69:
/root/mojolearn/gemm/checks/gemm_identical.mojo:5347:26: warning: 'load' is deprecated, use 'unsafe_load' instead
            var ra1 = as_.load[width=RPT, alignment=ALIGN](abase)
                      ~~~^~~~~
                          unsafe_load
<unknown>:0: note: 'load' declared here
Imported from /root/mojolearn/bench/gemm_step_resources_main.mojo:69:
/root/mojolearn/gemm/checks/gemm_identical.mojo:5348:26: warning: 'load' is deprecated, use 'unsafe_load' instead
            var rb1 = bs_.load[width=CPT, alignment=ALIGN](bbase)
                      ~~~^~~~~
                          unsafe_load
<unknown>:0: note: 'load' declared here
Imported from /root/mojolearn/bench/gemm_step_resources_main.mojo:69:
/root/mojolearn/gemm/checks/gemm_identical.mojo:5357:29: warning: 'load' is deprecated, use 'unsafe_load' instead
                var ra = as_.load[width=RPT, alignment=ALIGN](abase + c0 * RPT)
                         ~~~^~~~~
                             unsafe_load
<unknown>:0: note: 'load' declared here
Imported from /root/mojolearn/bench/gemm_step_resources_main.mojo:69:
/root/mojolearn/gemm/checks/gemm_identical.mojo:5358:29: warning: 'load' is deprecated, use 'unsafe_load' instead
                var rb = bs_.load[width=CPT, alignment=ALIGN](bbase + c0 * CPT)
                         ~~~^~~~~
                             unsafe_load
<unknown>:0: note: 'load' declared here
Imported from /root/mojolearn/bench/gemm_step_resources_main.mojo:69:
/root/mojolearn/gemm/checks/gemm_identical.mojo:5381:30: warning: 'load' is deprecated, use 'unsafe_load' instead
                var ra2 = as_.load[width=RPT, alignment=ALIGN](abase + cc * RPT)
                          ~~~^~~~~
                              unsafe_load
<unknown>:0: note: 'load' declared here
Imported from /root/mojolearn/bench/gemm_step_resources_main.mojo:69:
/root/mojolearn/gemm/checks/gemm_identical.mojo:5382:30: warning: 'load' is deprecated, use 'unsafe_load' instead
                var rb2 = bs_.load[width=CPT, alignment=ALIGN](bbase + cc * CPT)
                          ~~~^~~~~
                              unsafe_load
<unknown>:0: note: 'load' declared here
Included from /root/mojolearn/bench/gemm_step_resources_main.mojo:69:
/root/mojolearn/gemm/checks/gemm_identical.mojo:3169:19: warning: assignment to 's' was never used; assign to '_' instead?
    var s = String("")
                  ^
