== bench/gemm_step_price_main.mojo [IDENTICAL] arm=ksplit trial=True column=3 rounds=7 warmups=2 controls=False ==
DEFAULT gemm column=3 block_parallelism_row=110 ksplit_default=on trial_ksplit_S=110 shipped=[shipped DEFAULT kpack_hg body (DEVIATION 2707, kernel body row 1: padded aligned page, gather staging, hardware fold flush) on every call the TUNED 128x128 plan serves, ksplit groups (block parallelism row S=110 slack=4) where the group rule takes the call, else all leaves; other calls choose_gemm_plan's plan]
PLANLABEL arm=ksplit label=ksplit(S=110) where its rule takes the call, else default=kpack_hg body (2707) at ksplit(S=110) groups
timing=host-synchronized median ms; raw samples below; the BITS pass is not a warmup
TABLE call | op | m x n x k | per step | shipped plan (ran) | arm geometry | shipped launched blocks | arm blocks | shipped median ms | arm median ms | ratio | arm launched blocks | group leaves | shipped group leaves
BITS proj_fwd EQUAL cells=1572864 digest=0xdd3c876b6b377944
SAMPLE proj_fwd round=0 arm_first=False shipped_ns=930389 arm_ns=895885
SAMPLE proj_fwd round=1 arm_first=True shipped_ns=885457 arm_ns=879190
SAMPLE proj_fwd round=2 arm_first=False shipped_ns=893811 arm_ns=864530
SAMPLE proj_fwd round=3 arm_first=True shipped_ns=878847 arm_ns=861880
SAMPLE proj_fwd round=4 arm_first=False shipped_ns=870548 arm_ns=855023
SAMPLE proj_fwd round=5 arm_first=True shipped_ns=871792 arm_ns=862632
SAMPLE proj_fwd round=6 arm_first=False shipped_ns=877844 arm_ns=864144
PRICE gemm ksplit proj_fwd shipped_ms=0.878847 arm_ms=0.864144 ratio=0.9832701255167281 shipped_tflops=2.7489643862924944 arm_tflops=2.795736710548242 shipped_launched_blocks=576 shipped_group_leaves=1 arm_launched_blocks=576 group_leaves=1 choose_plan=[TUNED 128x128 reg8x8 KS=16 fold=16 local tpb=256 hwftz=False (1-D grid, no swizzle)] shipped_plan=[DEFAULT kpack_hg body (DEVIATION 2707) kpack_hg 128x128 reg8x8 TC=16 KS=16 page=packed(group,step,line) pad=4 align=16 fold_flush=hw stage=gather page_bytes=16896 pages=2 load=per-step fold=lane-wide local FS=16 tpb=256 hwftz=False groups where its rule takes the call (S=110 slack=4), else all leaves in one launch leaves_per_group=1 groups=6] geometry=[ksplit 128x128 reg8x8 TC=16 KS=16 pages=2 fold=lane-wide local tpb=256 hwftz=False leaf groups on grid.y -> node workspace -> fold (block per cell <= 16384, else register stack) group rule S=110 slack=4]
TABLE proj_fwd | NT | 2048 x 768 x 768 | 48 | DEFAULT kpack_hg body (DEVIATION 2707) kpack_hg 128x128 reg8x8 TC=16 KS=16 page=packed(group,step,line) pad=4 align=16 fold_flush=hw stage=gather page_bytes=16896 pages=2 load=per-step fold=lane-wide local FS=16 tpb=256 hwftz=False groups where its rule takes the call (S=110 slack=4), else all leaves in one launch leaves_per_group=1 groups=6 | ksplit 128x128 reg8x8 TC=16 KS=16 pages=2 fold=lane-wide local tpb=256 hwftz=False leaf groups on grid.y -> node workspace -> fold (block per cell <= 16384, else register stack) group rule S=110 slack=4 | 576 | 96 | 0.878847 | 0.864144 | 0.9832701255167281 | 576 | 1 | 1
PHASEBITS proj_fwd EQUAL cells=1572864 phase_of=arm
PHASE gemm ksplit proj_fwd phase_of=arm group_leaves=1 groups=6 launched_blocks=576 alloc_ms=0.011779 group_ms=0.797976 fold_ms=0.033698 sum_ms=0.842688 arm_ms=0.864144 shipped_ms=0.878847 (each phase host-synchronized; medians over 7 rounds)
BITS proj_dA EQUAL cells=1572864 digest=0x4a06fac1f8e83213
SAMPLE proj_dA round=0 arm_first=False shipped_ns=911532 arm_ns=965833
SAMPLE proj_dA round=1 arm_first=True shipped_ns=869126 arm_ns=952158
SAMPLE proj_dA round=2 arm_first=False shipped_ns=866703 arm_ns=930193
SAMPLE proj_dA round=3 arm_first=True shipped_ns=856828 arm_ns=940245
SAMPLE proj_dA round=4 arm_first=False shipped_ns=860361 arm_ns=934795
SAMPLE proj_dA round=5 arm_first=True shipped_ns=868834 arm_ns=925884
SAMPLE proj_dA round=6 arm_first=False shipped_ns=856707 arm_ns=907915
PRICE gemm ksplit proj_dA shipped_ms=0.866703 arm_ms=0.934795 ratio=1.0785643986463644 shipped_tflops=2.7874821063270807 arm_tflops=2.5844373408073427 shipped_launched_blocks=576 shipped_group_leaves=1 arm_launched_blocks=576 group_leaves=1 choose_plan=[TUNED 128x128 reg8x8 KS=16 fold=16 local tpb=256 hwftz=False (1-D grid, no swizzle)] shipped_plan=[DEFAULT kpack_hg body (DEVIATION 2707) kpack_hg 128x128 reg8x8 TC=16 KS=16 page=packed(group,step,line) pad=4 align=16 fold_flush=hw stage=gather page_bytes=16896 pages=2 load=per-step fold=lane-wide local FS=16 tpb=256 hwftz=False groups where its rule takes the call (S=110 slack=4), else all leaves in one launch leaves_per_group=1 groups=6] geometry=[ksplit 128x128 reg8x8 TC=16 KS=16 pages=2 fold=lane-wide local tpb=256 hwftz=False leaf groups on grid.y -> node workspace -> fold (block per cell <= 16384, else register stack) group rule S=110 slack=4]
TABLE proj_dA | NN | 2048 x 768 x 768 | 48 | DEFAULT kpack_hg body (DEVIATION 2707) kpack_hg 128x128 reg8x8 TC=16 KS=16 page=packed(group,step,line) pad=4 align=16 fold_flush=hw stage=gather page_bytes=16896 pages=2 load=per-step fold=lane-wide local FS=16 tpb=256 hwftz=False groups where its rule takes the call (S=110 slack=4), else all leaves in one launch leaves_per_group=1 groups=6 | ksplit 128x128 reg8x8 TC=16 KS=16 pages=2 fold=lane-wide local tpb=256 hwftz=False leaf groups on grid.y -> node workspace -> fold (block per cell <= 16384, else register stack) group rule S=110 slack=4 | 576 | 96 | 0.866703 | 0.934795 | 1.0785643986463644 | 576 | 1 | 1
PHASEBITS proj_dA EQUAL cells=1572864 phase_of=arm
PHASE gemm ksplit proj_dA phase_of=arm group_leaves=1 groups=6 launched_blocks=576 alloc_ms=0.012066 group_ms=0.874106 fold_ms=0.034093 sum_ms=0.920784 arm_ms=0.934795 shipped_ms=0.866703 (each phase host-synchronized; medians over 7 rounds)
BITS proj_dB EQUAL cells=589824 digest=0x1da75dd594f0934a
SAMPLE proj_dB round=0 arm_first=False shipped_ns=886521 arm_ns=985627
SAMPLE proj_dB round=1 arm_first=True shipped_ns=864650 arm_ns=982510
SAMPLE proj_dB round=2 arm_first=False shipped_ns=869646 arm_ns=976459
SAMPLE proj_dB round=3 arm_first=True shipped_ns=847611 arm_ns=970271
SAMPLE proj_dB round=4 arm_first=False shipped_ns=853500 arm_ns=957999
SAMPLE proj_dB round=5 arm_first=True shipped_ns=849777 arm_ns=965748
SAMPLE proj_dB round=6 arm_first=False shipped_ns=851877 arm_ns=954790
PRICE gemm ksplit proj_dB shipped_ms=0.8535 arm_ms=0.970271 ratio=1.136814294083187 shipped_tflops=2.8306023479789104 arm_tflops=2.4899426077868965 shipped_launched_blocks=576 shipped_group_leaves=1 arm_launched_blocks=576 group_leaves=1 choose_plan=[TUNED 128x128 reg8x8 KS=16 fold=16 local tpb=256 hwftz=False (1-D grid, no swizzle)] shipped_plan=[DEFAULT kpack_hg body (DEVIATION 2707) kpack_hg 128x128 reg8x8 TC=16 KS=16 page=packed(group,step,line) pad=4 align=16 fold_flush=hw stage=gather page_bytes=16896 pages=2 load=per-step fold=lane-wide local FS=16 tpb=256 hwftz=False groups where its rule takes the call (S=110 slack=4), else all leaves in one launch leaves_per_group=1 groups=16] geometry=[ksplit 128x128 reg8x8 TC=16 KS=16 pages=2 fold=lane-wide local tpb=256 hwftz=False leaf groups on grid.y -> node workspace -> fold (block per cell <= 16384, else register stack) group rule S=110 slack=4]
TABLE proj_dB | TN | 768 x 768 x 2048 | 48 | DEFAULT kpack_hg body (DEVIATION 2707) kpack_hg 128x128 reg8x8 TC=16 KS=16 page=packed(group,step,line) pad=4 align=16 fold_flush=hw stage=gather page_bytes=16896 pages=2 load=per-step fold=lane-wide local FS=16 tpb=256 hwftz=False groups where its rule takes the call (S=110 slack=4), else all leaves in one launch leaves_per_group=1 groups=16 | ksplit 128x128 reg8x8 TC=16 KS=16 pages=2 fold=lane-wide local tpb=256 hwftz=False leaf groups on grid.y -> node workspace -> fold (block per cell <= 16384, else register stack) group rule S=110 slack=4 | 576 | 36 | 0.8535 | 0.970271 | 1.136814294083187 | 576 | 1 | 1
PHASEBITS proj_dB EQUAL cells=589824 phase_of=arm
PHASE gemm ksplit proj_dB phase_of=arm group_leaves=1 groups=16 launched_blocks=576 alloc_ms=0.012093 group_ms=0.913783 fold_ms=0.031457 sum_ms=0.955318 arm_ms=0.970271 shipped_ms=0.8535 (each phase host-synchronized; medians over 7 rounds)
BITS gateup_fwd EQUAL cells=4194304 digest=0xe05cc5aa93a62891
SAMPLE gateup_fwd round=0 arm_first=False shipped_ns=2629698 arm_ns=2546384
SAMPLE gateup_fwd round=1 arm_first=True shipped_ns=2586024 arm_ns=2536552
SAMPLE gateup_fwd round=2 arm_first=False shipped_ns=2501522 arm_ns=2563062
SAMPLE gateup_fwd round=3 arm_first=True shipped_ns=2511259 arm_ns=2499537
SAMPLE gateup_fwd round=4 arm_first=False shipped_ns=2503961 arm_ns=2515112
SAMPLE gateup_fwd round=5 arm_first=True shipped_ns=2559508 arm_ns=2533834
SAMPLE gateup_fwd round=6 arm_first=False shipped_ns=2540952 arm_ns=2500067
PRICE gemm ksplit gateup_fwd shipped_ms=2.540952 arm_ms=2.533834 ratio=0.9971986877359353 shipped_tflops=2.535447715659328 arm_tflops=2.542570248879761 shipped_launched_blocks=256 shipped_group_leaves=0 arm_launched_blocks=256 group_leaves=0 choose_plan=[TUNED 128x128 reg8x8 KS=16 fold=16 local tpb=256 hwftz=False (1-D grid, no swizzle)] shipped_plan=[DEFAULT kpack_hg body (DEVIATION 2707) kpack_hg 128x128 reg8x8 TC=16 KS=16 page=packed(group,step,line) pad=4 align=16 fold_flush=hw stage=gather page_bytes=16896 pages=2 load=per-step fold=lane-wide local FS=16 tpb=256 hwftz=False groups where its rule takes the call (S=110 slack=4), else all leaves in one launch all leaves in one launch] geometry=[shipped DEFAULT kpack_hg body (DEVIATION 2707, kernel body row 1: padded aligned page, gather staging, hardware fold flush) on every call the TUNED 128x128 plan serves, ksplit groups (block parallelism row S=110 slack=4) where the group rule takes the call, else all leaves; other calls choose_gemm_plan's plan]
TABLE gateup_fwd | NT | 2048 x 2048 x 768 | 24 | DEFAULT kpack_hg body (DEVIATION 2707) kpack_hg 128x128 reg8x8 TC=16 KS=16 page=packed(group,step,line) pad=4 align=16 fold_flush=hw stage=gather page_bytes=16896 pages=2 load=per-step fold=lane-wide local FS=16 tpb=256 hwftz=False groups where its rule takes the call (S=110 slack=4), else all leaves in one launch all leaves in one launch | shipped DEFAULT kpack_hg body (DEVIATION 2707, kernel body row 1: padded aligned page, gather staging, hardware fold flush) on every call the TUNED 128x128 plan serves, ksplit groups (block parallelism row S=110 slack=4) where the group rule takes the call, else all leaves; other calls choose_gemm_plan's plan | 256 | 256 | 2.540952 | 2.533834 | 0.9971986877359353 | 256 | 0 | 0
BITS gateup_dA EQUAL cells=1572864 digest=0x46dcce99fe75e276
SAMPLE gateup_dA round=0 arm_first=False shipped_ns=2365511 arm_ns=2526686
SAMPLE gateup_dA round=1 arm_first=True shipped_ns=2310423 arm_ns=2526644
SAMPLE gateup_dA round=2 arm_first=False shipped_ns=2341202 arm_ns=2496575
SAMPLE gateup_dA round=3 arm_first=True shipped_ns=2346839 arm_ns=2497572
SAMPLE gateup_dA round=4 arm_first=False shipped_ns=2335054 arm_ns=2526567
SAMPLE gateup_dA round=5 arm_first=True shipped_ns=2337109 arm_ns=2513855
SAMPLE gateup_dA round=6 arm_first=False shipped_ns=2336073 arm_ns=2506990
PRICE gemm ksplit gateup_dA shipped_ms=2.337109 arm_ms=2.513855 ratio=1.0756259121846692 shipped_tflops=2.7565898483981703 arm_tflops=2.562777464889582 shipped_launched_blocks=768 shipped_group_leaves=2 arm_launched_blocks=768 group_leaves=2 choose_plan=[TUNED 128x128 reg8x8 KS=16 fold=16 local tpb=256 hwftz=False (1-D grid, no swizzle)] shipped_plan=[DEFAULT kpack_hg body (DEVIATION 2707) kpack_hg 128x128 reg8x8 TC=16 KS=16 page=packed(group,step,line) pad=4 align=16 fold_flush=hw stage=gather page_bytes=16896 pages=2 load=per-step fold=lane-wide local FS=16 tpb=256 hwftz=False groups where its rule takes the call (S=110 slack=4), else all leaves in one launch leaves_per_group=2 groups=8] geometry=[ksplit 128x128 reg8x8 TC=16 KS=16 pages=2 fold=lane-wide local tpb=256 hwftz=False leaf groups on grid.y -> node workspace -> fold (block per cell <= 16384, else register stack) group rule S=110 slack=4]
TABLE gateup_dA | NN | 2048 x 768 x 2048 | 24 | DEFAULT kpack_hg body (DEVIATION 2707) kpack_hg 128x128 reg8x8 TC=16 KS=16 page=packed(group,step,line) pad=4 align=16 fold_flush=hw stage=gather page_bytes=16896 pages=2 load=per-step fold=lane-wide local FS=16 tpb=256 hwftz=False groups where its rule takes the call (S=110 slack=4), else all leaves in one launch leaves_per_group=2 groups=8 | ksplit 128x128 reg8x8 TC=16 KS=16 pages=2 fold=lane-wide local tpb=256 hwftz=False leaf groups on grid.y -> node workspace -> fold (block per cell <= 16384, else register stack) group rule S=110 slack=4 | 768 | 96 | 2.337109 | 2.513855 | 1.0756259121846692 | 768 | 2 | 2
PHASEBITS gateup_dA EQUAL cells=1572864 phase_of=arm
PHASE gemm ksplit gateup_dA phase_of=arm group_leaves=2 groups=8 launched_blocks=768 alloc_ms=0.011803 group_ms=2.466851 fold_ms=0.042281 sum_ms=2.518728 arm_ms=2.513855 shipped_ms=2.337109 (each phase host-synchronized; medians over 7 rounds)
BITS gateup_dB EQUAL cells=1572864 digest=0xb0d0047e75bc15a7
SAMPLE gateup_dB round=0 arm_first=False shipped_ns=2314086 arm_ns=2671302
SAMPLE gateup_dB round=1 arm_first=True shipped_ns=2306398 arm_ns=2631240
SAMPLE gateup_dB round=2 arm_first=False shipped_ns=2340392 arm_ns=2665776
SAMPLE gateup_dB round=3 arm_first=True shipped_ns=2329537 arm_ns=2626961
SAMPLE gateup_dB round=4 arm_first=False shipped_ns=2349250 arm_ns=2664673
SAMPLE gateup_dB round=5 arm_first=True shipped_ns=2329746 arm_ns=2635875
SAMPLE gateup_dB round=6 arm_first=False shipped_ns=2339480 arm_ns=2647579
PRICE gemm ksplit gateup_dB shipped_ms=2.329746 arm_ms=2.647579 ratio=1.1364238848355142 shipped_tflops=2.765301858657553 arm_tflops=2.433336623383098 shipped_launched_blocks=768 shipped_group_leaves=2 arm_launched_blocks=768 group_leaves=2 choose_plan=[TUNED 128x128 reg8x8 KS=16 fold=16 local tpb=256 hwftz=False (1-D grid, no swizzle)] shipped_plan=[DEFAULT kpack_hg body (DEVIATION 2707) kpack_hg 128x128 reg8x8 TC=16 KS=16 page=packed(group,step,line) pad=4 align=16 fold_flush=hw stage=gather page_bytes=16896 pages=2 load=per-step fold=lane-wide local FS=16 tpb=256 hwftz=False groups where its rule takes the call (S=110 slack=4), else all leaves in one launch leaves_per_group=2 groups=8] geometry=[ksplit 128x128 reg8x8 TC=16 KS=16 pages=2 fold=lane-wide local tpb=256 hwftz=False leaf groups on grid.y -> node workspace -> fold (block per cell <= 16384, else register stack) group rule S=110 slack=4]
TABLE gateup_dB | TN | 2048 x 768 x 2048 | 24 | DEFAULT kpack_hg body (DEVIATION 2707) kpack_hg 128x128 reg8x8 TC=16 KS=16 page=packed(group,step,line) pad=4 align=16 fold_flush=hw stage=gather page_bytes=16896 pages=2 load=per-step fold=lane-wide local FS=16 tpb=256 hwftz=False groups where its rule takes the call (S=110 slack=4), else all leaves in one launch leaves_per_group=2 groups=8 | ksplit 128x128 reg8x8 TC=16 KS=16 pages=2 fold=lane-wide local tpb=256 hwftz=False leaf groups on grid.y -> node workspace -> fold (block per cell <= 16384, else register stack) group rule S=110 slack=4 | 768 | 96 | 2.329746 | 2.647579 | 1.1364238848355142 | 768 | 2 | 2
PHASEBITS gateup_dB EQUAL cells=1572864 phase_of=arm
PHASE gemm ksplit gateup_dB phase_of=arm group_leaves=2 groups=8 launched_blocks=768 alloc_ms=0.012468 group_ms=2.589741 fold_ms=0.04169 sum_ms=2.643899 arm_ms=2.647579 shipped_ms=2.329746 (each phase host-synchronized; medians over 7 rounds)
BITS down_fwd EQUAL cells=1572864 digest=0x63592259bcb93a54
SAMPLE down_fwd round=0 arm_first=False shipped_ns=2381471 arm_ns=2318124
SAMPLE down_fwd round=1 arm_first=True shipped_ns=2369569 arm_ns=2300133
SAMPLE down_fwd round=2 arm_first=False shipped_ns=2327520 arm_ns=2287796
SAMPLE down_fwd round=3 arm_first=True shipped_ns=2329673 arm_ns=2301319
SAMPLE down_fwd round=4 arm_first=False shipped_ns=2341222 arm_ns=2290976
SAMPLE down_fwd round=5 arm_first=True shipped_ns=2328474 arm_ns=2254007
SAMPLE down_fwd round=6 arm_first=False shipped_ns=2359194 arm_ns=2286864
PRICE gemm ksplit down_fwd shipped_ms=2.341222 arm_ms=2.290976 ratio=0.9785385580692476 shipped_tflops=2.7517471405958087 arm_tflops=2.8120988364784267 shipped_launched_blocks=768 shipped_group_leaves=2 arm_launched_blocks=768 group_leaves=2 choose_plan=[TUNED 128x128 reg8x8 KS=16 fold=16 local tpb=256 hwftz=False (1-D grid, no swizzle)] shipped_plan=[DEFAULT kpack_hg body (DEVIATION 2707) kpack_hg 128x128 reg8x8 TC=16 KS=16 page=packed(group,step,line) pad=4 align=16 fold_flush=hw stage=gather page_bytes=16896 pages=2 load=per-step fold=lane-wide local FS=16 tpb=256 hwftz=False groups where its rule takes the call (S=110 slack=4), else all leaves in one launch leaves_per_group=2 groups=8] geometry=[ksplit 128x128 reg8x8 TC=16 KS=16 pages=2 fold=lane-wide local tpb=256 hwftz=False leaf groups on grid.y -> node workspace -> fold (block per cell <= 16384, else register stack) group rule S=110 slack=4]
TABLE down_fwd | NT | 2048 x 768 x 2048 | 12 | DEFAULT kpack_hg body (DEVIATION 2707) kpack_hg 128x128 reg8x8 TC=16 KS=16 page=packed(group,step,line) pad=4 align=16 fold_flush=hw stage=gather page_bytes=16896 pages=2 load=per-step fold=lane-wide local FS=16 tpb=256 hwftz=False groups where its rule takes the call (S=110 slack=4), else all leaves in one launch leaves_per_group=2 groups=8 | ksplit 128x128 reg8x8 TC=16 KS=16 pages=2 fold=lane-wide local tpb=256 hwftz=False leaf groups on grid.y -> node workspace -> fold (block per cell <= 16384, else register stack) group rule S=110 slack=4 | 768 | 96 | 2.341222 | 2.290976 | 0.9785385580692476 | 768 | 2 | 2
PHASEBITS down_fwd EQUAL cells=1572864 phase_of=arm
PHASE gemm ksplit down_fwd phase_of=arm group_leaves=2 groups=8 launched_blocks=768 alloc_ms=0.011807 group_ms=2.244266 fold_ms=0.041884 sum_ms=2.298233 arm_ms=2.290976 shipped_ms=2.341222 (each phase host-synchronized; medians over 7 rounds)
BITS down_dA EQUAL cells=4194304 digest=0x5b61bc9fe00905
SAMPLE down_dA round=0 arm_first=False shipped_ns=2592591 arm_ns=2534178
SAMPLE down_dA round=1 arm_first=True shipped_ns=2564494 arm_ns=2534174
SAMPLE down_dA round=2 arm_first=False shipped_ns=2557469 arm_ns=2518041
SAMPLE down_dA round=3 arm_first=True shipped_ns=2537290 arm_ns=2511902
SAMPLE down_dA round=4 arm_first=False shipped_ns=2544576 arm_ns=2503689
SAMPLE down_dA round=5 arm_first=True shipped_ns=2476499 arm_ns=2507282
SAMPLE down_dA round=6 arm_first=False shipped_ns=2541098 arm_ns=2535705
PRICE gemm ksplit down_dA shipped_ms=2.544576 arm_ms=2.518041 ratio=0.9895719365426696 shipped_tflops=2.5318367162151967 arm_tflops=2.5585170948368194 shipped_launched_blocks=256 shipped_group_leaves=0 arm_launched_blocks=256 group_leaves=0 choose_plan=[TUNED 128x128 reg8x8 KS=16 fold=16 local tpb=256 hwftz=False (1-D grid, no swizzle)] shipped_plan=[DEFAULT kpack_hg body (DEVIATION 2707) kpack_hg 128x128 reg8x8 TC=16 KS=16 page=packed(group,step,line) pad=4 align=16 fold_flush=hw stage=gather page_bytes=16896 pages=2 load=per-step fold=lane-wide local FS=16 tpb=256 hwftz=False groups where its rule takes the call (S=110 slack=4), else all leaves in one launch all leaves in one launch] geometry=[shipped DEFAULT kpack_hg body (DEVIATION 2707, kernel body row 1: padded aligned page, gather staging, hardware fold flush) on every call the TUNED 128x128 plan serves, ksplit groups (block parallelism row S=110 slack=4) where the group rule takes the call, else all leaves; other calls choose_gemm_plan's plan]
TABLE down_dA | NN | 2048 x 2048 x 768 | 12 | DEFAULT kpack_hg body (DEVIATION 2707) kpack_hg 128x128 reg8x8 TC=16 KS=16 page=packed(group,step,line) pad=4 align=16 fold_flush=hw stage=gather page_bytes=16896 pages=2 load=per-step fold=lane-wide local FS=16 tpb=256 hwftz=False groups where its rule takes the call (S=110 slack=4), else all leaves in one launch all leaves in one launch | shipped DEFAULT kpack_hg body (DEVIATION 2707, kernel body row 1: padded aligned page, gather staging, hardware fold flush) on every call the TUNED 128x128 plan serves, ksplit groups (block parallelism row S=110 slack=4) where the group rule takes the call, else all leaves; other calls choose_gemm_plan's plan | 256 | 256 | 2.544576 | 2.518041 | 0.9895719365426696 | 256 | 0 | 0
BITS down_dB EQUAL cells=1572864 digest=0xa58e713f45edd8ed
SAMPLE down_dB round=0 arm_first=False shipped_ns=2340681 arm_ns=2639179
SAMPLE down_dB round=1 arm_first=True shipped_ns=2323192 arm_ns=2625631
SAMPLE down_dB round=2 arm_first=False shipped_ns=2362691 arm_ns=2630995
SAMPLE down_dB round=3 arm_first=True shipped_ns=2313145 arm_ns=2618940
SAMPLE down_dB round=4 arm_first=False shipped_ns=2381483 arm_ns=2643176
SAMPLE down_dB round=5 arm_first=True shipped_ns=2309222 arm_ns=2612809
SAMPLE down_dB round=6 arm_first=False shipped_ns=2316367 arm_ns=2605163
PRICE gemm ksplit down_dB shipped_ms=2.323192 arm_ms=2.625631 ratio=1.1301825247332118 shipped_tflops=2.773103102972118 arm_tflops=2.4536772090213743 shipped_launched_blocks=768 shipped_group_leaves=2 arm_launched_blocks=768 group_leaves=2 choose_plan=[TUNED 128x128 reg8x8 KS=16 fold=16 local tpb=256 hwftz=False (1-D grid, no swizzle)] shipped_plan=[DEFAULT kpack_hg body (DEVIATION 2707) kpack_hg 128x128 reg8x8 TC=16 KS=16 page=packed(group,step,line) pad=4 align=16 fold_flush=hw stage=gather page_bytes=16896 pages=2 load=per-step fold=lane-wide local FS=16 tpb=256 hwftz=False groups where its rule takes the call (S=110 slack=4), else all leaves in one launch leaves_per_group=2 groups=8] geometry=[ksplit 128x128 reg8x8 TC=16 KS=16 pages=2 fold=lane-wide local tpb=256 hwftz=False leaf groups on grid.y -> node workspace -> fold (block per cell <= 16384, else register stack) group rule S=110 slack=4]
TABLE down_dB | TN | 768 x 2048 x 2048 | 12 | DEFAULT kpack_hg body (DEVIATION 2707) kpack_hg 128x128 reg8x8 TC=16 KS=16 page=packed(group,step,line) pad=4 align=16 fold_flush=hw stage=gather page_bytes=16896 pages=2 load=per-step fold=lane-wide local FS=16 tpb=256 hwftz=False groups where its rule takes the call (S=110 slack=4), else all leaves in one launch leaves_per_group=2 groups=8 | ksplit 128x128 reg8x8 TC=16 KS=16 pages=2 fold=lane-wide local tpb=256 hwftz=False leaf groups on grid.y -> node workspace -> fold (block per cell <= 16384, else register stack) group rule S=110 slack=4 | 768 | 96 | 2.323192 | 2.625631 | 1.1301825247332118 | 768 | 2 | 2
PHASEBITS down_dB EQUAL cells=1572864 phase_of=arm
PHASE gemm ksplit down_dB phase_of=arm group_leaves=2 groups=8 launched_blocks=768 alloc_ms=0.011706 group_ms=2.57034 fold_ms=0.042314 sum_ms=2.623631 arm_ms=2.625631 shipped_ms=2.323192 (each phase host-synchronized; medians over 7 rounds)
BITS head_fwd EQUAL cells=102926336 digest=0xe1e8e917ef51cb67
SAMPLE head_fwd round=0 arm_first=False shipped_ns=56349240 arm_ns=56445482
SAMPLE head_fwd round=1 arm_first=True shipped_ns=56234873 arm_ns=56444271
SAMPLE head_fwd round=2 arm_first=False shipped_ns=56529774 arm_ns=56565298
SAMPLE head_fwd round=3 arm_first=True shipped_ns=56363296 arm_ns=56565710
SAMPLE head_fwd round=4 arm_first=False shipped_ns=56695633 arm_ns=56375130
SAMPLE head_fwd round=5 arm_first=True shipped_ns=56877507 arm_ns=56325468
SAMPLE head_fwd round=6 arm_first=False shipped_ns=56572674 arm_ns=56645445
PRICE gemm ksplit head_fwd shipped_ms=56.529774 arm_ms=56.445482 ratio=0.9985088919690356 shipped_tflops=2.7966652068341897 arm_tflops=2.800841564184003 shipped_launched_blocks=6288 shipped_group_leaves=0 arm_launched_blocks=6288 group_leaves=0 choose_plan=[TUNED 128x128 reg8x8 KS=16 fold=16 local tpb=256 hwftz=False (1-D grid, no swizzle)] shipped_plan=[DEFAULT kpack_hg body (DEVIATION 2707) kpack_hg 128x128 reg8x8 TC=16 KS=16 page=packed(group,step,line) pad=4 align=16 fold_flush=hw stage=gather page_bytes=16896 pages=2 load=per-step fold=lane-wide local FS=16 tpb=256 hwftz=False groups where its rule takes the call (S=110 slack=4), else all leaves in one launch all leaves in one launch] geometry=[shipped DEFAULT kpack_hg body (DEVIATION 2707, kernel body row 1: padded aligned page, gather staging, hardware fold flush) on every call the TUNED 128x128 plan serves, ksplit groups (block parallelism row S=110 slack=4) where the group rule takes the call, else all leaves; other calls choose_gemm_plan's plan]
TABLE head_fwd | NT | 2048 x 50257 x 768 | 1 | DEFAULT kpack_hg body (DEVIATION 2707) kpack_hg 128x128 reg8x8 TC=16 KS=16 page=packed(group,step,line) pad=4 align=16 fold_flush=hw stage=gather page_bytes=16896 pages=2 load=per-step fold=lane-wide local FS=16 tpb=256 hwftz=False groups where its rule takes the call (S=110 slack=4), else all leaves in one launch all leaves in one launch | shipped DEFAULT kpack_hg body (DEVIATION 2707, kernel body row 1: padded aligned page, gather staging, hardware fold flush) on every call the TUNED 128x128 plan serves, ksplit groups (block parallelism row S=110 slack=4) where the group rule takes the call, else all leaves; other calls choose_gemm_plan's plan | 6288 | 6288 | 56.529774 | 56.445482 | 0.9985088919690356 | 6288 | 0 | 0
BITS head_dA EQUAL cells=1572864 digest=0x287761cb23fe7292
SAMPLE head_dA round=0 arm_first=False shipped_ns=56912006 arm_ns=57064851
SAMPLE head_dA round=1 arm_first=True shipped_ns=57157196 arm_ns=57287194
SAMPLE head_dA round=2 arm_first=False shipped_ns=57284898 arm_ns=57514118
SAMPLE head_dA round=3 arm_first=True shipped_ns=57151745 arm_ns=57670738
SAMPLE head_dA round=4 arm_first=False shipped_ns=57057916 arm_ns=56955763
SAMPLE head_dA round=5 arm_first=True shipped_ns=57110376 arm_ns=57097180
SAMPLE head_dA round=6 arm_first=False shipped_ns=57227884 arm_ns=57774224
PRICE gemm ksplit head_dA shipped_ms=57.151745 arm_ms=57.287194 ratio=1.002369988877855 shipped_tflops=2.766229659234377 arm_tflops=2.7596892264613273 shipped_launched_blocks=672 shipped_group_leaves=64 arm_launched_blocks=672 group_leaves=64 choose_plan=[TUNED 128x128 reg8x8 KS=16 fold=16 local tpb=256 hwftz=False (1-D grid, no swizzle)] shipped_plan=[DEFAULT kpack_hg body (DEVIATION 2707) kpack_hg 128x128 reg8x8 TC=16 KS=16 page=packed(group,step,line) pad=4 align=16 fold_flush=hw stage=gather page_bytes=16896 pages=2 load=per-step fold=lane-wide local FS=16 tpb=256 hwftz=False groups where its rule takes the call (S=110 slack=4), else all leaves in one launch leaves_per_group=64 groups=7] geometry=[ksplit 128x128 reg8x8 TC=16 KS=16 pages=2 fold=lane-wide local tpb=256 hwftz=False leaf groups on grid.y -> node workspace -> fold (block per cell <= 16384, else register stack) group rule S=110 slack=4]
TABLE head_dA | NN | 2048 x 768 x 50257 | 1 | DEFAULT kpack_hg body (DEVIATION 2707) kpack_hg 128x128 reg8x8 TC=16 KS=16 page=packed(group,step,line) pad=4 align=16 fold_flush=hw stage=gather page_bytes=16896 pages=2 load=per-step fold=lane-wide local FS=16 tpb=256 hwftz=False groups where its rule takes the call (S=110 slack=4), else all leaves in one launch leaves_per_group=64 groups=7 | ksplit 128x128 reg8x8 TC=16 KS=16 pages=2 fold=lane-wide local tpb=256 hwftz=False leaf groups on grid.y -> node workspace -> fold (block per cell <= 16384, else register stack) group rule S=110 slack=4 | 672 | 96 | 57.151745 | 57.287194 | 1.002369988877855 | 672 | 64 | 64
PHASEBITS head_dA EQUAL cells=1572864 phase_of=arm
PHASE gemm ksplit head_dA phase_of=arm group_leaves=64 groups=7 launched_blocks=672 alloc_ms=0.012369 group_ms=57.174679 fold_ms=0.039759 sum_ms=57.22575 arm_ms=57.287194 shipped_ms=57.151745 (each phase host-synchronized; medians over 7 rounds)
BITS head_dB EQUAL cells=38597376 digest=0x48cf871761b383a8
SAMPLE head_dB round=0 arm_first=False shipped_ns=57880196 arm_ns=57636128
SAMPLE head_dB round=1 arm_first=True shipped_ns=58036673 arm_ns=58487770
SAMPLE head_dB round=2 arm_first=False shipped_ns=58317206 arm_ns=58218571
SAMPLE head_dB round=3 arm_first=True shipped_ns=57866533 arm_ns=58272404
SAMPLE head_dB round=4 arm_first=False shipped_ns=58454522 arm_ns=58647877
SAMPLE head_dB round=5 arm_first=True shipped_ns=58022700 arm_ns=58147037
SAMPLE head_dB round=6 arm_first=False shipped_ns=58751844 arm_ns=57889452
PRICE gemm ksplit head_dB shipped_ms=58.036673 arm_ms=58.218571 ratio=1.003134190686637 shipped_tflops=2.724050913394019 arm_tflops=2.7155398935504618 shipped_launched_blocks=2358 shipped_group_leaves=0 arm_launched_blocks=2358 group_leaves=0 choose_plan=[TUNED 128x128 reg8x8 KS=16 fold=16 local tpb=256 hwftz=False (1-D grid, no swizzle)] shipped_plan=[DEFAULT kpack_hg body (DEVIATION 2707) kpack_hg 128x128 reg8x8 TC=16 KS=16 page=packed(group,step,line) pad=4 align=16 fold_flush=hw stage=gather page_bytes=16896 pages=2 load=per-step fold=lane-wide local FS=16 tpb=256 hwftz=False groups where its rule takes the call (S=110 slack=4), else all leaves in one launch all leaves in one launch] geometry=[shipped DEFAULT kpack_hg body (DEVIATION 2707, kernel body row 1: padded aligned page, gather staging, hardware fold flush) on every call the TUNED 128x128 plan serves, ksplit groups (block parallelism row S=110 slack=4) where the group rule takes the call, else all leaves; other calls choose_gemm_plan's plan]
TABLE head_dB | TN | 50257 x 768 x 2048 | 1 | DEFAULT kpack_hg body (DEVIATION 2707) kpack_hg 128x128 reg8x8 TC=16 KS=16 page=packed(group,step,line) pad=4 align=16 fold_flush=hw stage=gather page_bytes=16896 pages=2 load=per-step fold=lane-wide local FS=16 tpb=256 hwftz=False groups where its rule takes the call (S=110 slack=4), else all leaves in one launch all leaves in one launch | shipped DEFAULT kpack_hg body (DEVIATION 2707, kernel body row 1: padded aligned page, gather staging, hardware fold flush) on every call the TUNED 128x128 plan serves, ksplit groups (block parallelism row S=110 slack=4) where the group rule takes the call, else all leaves; other calls choose_gemm_plan's plan | 2358 | 2358 | 58.036673 | 58.218571 | 1.003134190686637 | 2358 | 0 | 0
STEP gemm arm=ksplit ratio=1.0410234070373567 shipped_ms=555.96784 arm_ms=578.775535 calls=12 moved=0 (per-call medians weighted by per-step counts; a GEMM sum, not a step time)
