1603 external/tcmalloc+/tcmalloc/internal/system_allocator.h:713] Warning: Unable to mbind memory (errno=1, base=0x7afd80000000, nodemask=2)
== dispatcher vs the untuned plan, BITS and TIME ==
   OK  gram.32x32x1M [SPLITK(leaf kernel -> global workspace -> level-wise threadgroup fold) -> SPLIT 32x32 reg2x2 KS=32 leaves on grid.y -> workspace -> fold (block per cell <= 16384, else register stack) tpb=256 hwftz=True (256 thr, 2-D grid, no swizzle)]  m=32 n=32 k=1000000  BITS MATCH  untuned=50.057031333333335ms dispatch=0.43176433333333336ms  speedup=115.93600366866801x
   OK  gram.32x32x64K [SPLITK(leaf kernel -> global workspace -> level-wise threadgroup fold) -> SPLIT 32x32 reg2x2 KS=32 leaves on grid.y -> workspace -> fold (block per cell <= 16384, else register stack) tpb=256 hwftz=True (256 thr, 2-D grid, no swizzle)]  m=32 n=32 k=65536  BITS MATCH  untuned=0.9402923333333333ms dispatch=0.04647066666666667ms  speedup=20.234104668177775x
   OK  gram.128sq.x100003 [TILE 16x16 KS=32 (256 thr, 1-D grid, no swizzle) -> SPLIT 64x64 reg4x4 KS=32 leaves on grid.y -> workspace -> fold (block per cell <= 16384, else register stack) tpb=256 hwftz=True (256 thr, 2-D grid, no swizzle)]  m=128 n=128 k=100003  BITS MATCH  untuned=8.643843ms dispatch=0.572439ms  speedup=15.100024631445446x
   OK  ols.step1.16x16x64K [SPLITK(leaf kernel -> global workspace -> level-wise threadgroup fold) -> SPLIT 16x16 reg1x1 KS=32 leaves on grid.y -> workspace -> fold (block per cell <= 16384, else register stack) tpb=256 hwftz=True (256 thr, 2-D grid, no swizzle)]  m=16 n=16 k=65536  BITS MATCH  untuned=0.187504ms dispatch=0.028695333333333333ms  speedup=6.53430290639593x
   OK  pca.transform.8192x4x4 [TILE 32x8 KS=16 (256 thr, 1-D grid, reversed tiles) -> TILE 32x8 KS=16 (256 thr, 1-D grid, reversed tiles)]  m=8192 n=4 k=4  BITS MATCH  untuned=0.011752ms dispatch=0.010983ms  speedup=1.070017299462806x
   OK  pca.transform.wide.8192x64x128 [TILE 16x16 KS=32 (256 thr, 1-D grid, no swizzle) -> TUNED 64x64 reg4x4 KS=16 fold=16 local tpb=256 hwftz=True (256 thr, 1-D grid, no swizzle)]  m=8192 n=64 k=128  BITS MATCH  untuned=0.089723ms dispatch=0.029434666666666668ms  speedup=3.0482084616778398x
   OK  kmeans.dist.4096x64x64 [TILE 16x16 KS=32 (256 thr, 1-D grid, no swizzle) -> TUNED 64x64 reg4x4 KS=16 fold=16 local tpb=256 hwftz=True (256 thr, 1-D grid, no swizzle)]  m=4096 n=64 k=64  BITS MATCH  untuned=0.03304466666666667ms dispatch=0.019635ms  speedup=1.6829471182412359x
   OK  ols.predict.gemv.64Kx16 [TILE 32x8 KS=16 (256 thr, 1-D grid, reversed tiles) -> TILE 32x8 KS=16 (256 thr, 1-D grid, reversed tiles)]  m=65536 n=1 k=16  BITS MATCH  untuned=0.030378333333333334ms dispatch=0.029109333333333334ms  speedup=1.043594265298644x
   OK  llama8b.qkv.t1 [SPLITK(leaf kernel -> global workspace -> level-wise threadgroup fold) -> SPLIT 1x256 reg1x1 KS=16 leaves on grid.y -> workspace -> fold (block per cell <= 16384, else register stack) tpb=256 hwftz=True (256 thr, 2-D grid, no swizzle)]  m=1 n=4096 k=4096  BITS MATCH  untuned=0.155049ms dispatch=0.06841933333333333ms  speedup=2.266157713706652x
   OK  llama8b.qkv.t8 [TILE 8x32 KS=32 (256 thr, 2-D grid, no swizzle) -> SPLIT 8x64 reg1x2 KS=16 leaves on grid.y -> workspace -> fold (block per cell <= 16384, else register stack) tpb=256 hwftz=True (256 thr, 2-D grid, no swizzle)]  m=8 n=4096 k=4096  BITS MATCH  untuned=0.430584ms dispatch=0.12354733333333333ms  speedup=3.485174373114758x
   OK  llama8b.qkv.t512 [TILE 16x16 KS=32 (256 thr, 1-D grid, no swizzle) -> TUNED 128x128 reg8x8 KS=16 fold=16 local tpb=256 hwftz=True (256 thr, 1-D grid, no swizzle)]  m=512 n=4096 k=4096  BITS MATCH  untuned=8.527809ms dispatch=1.6461763333333332ms  speedup=5.180373953458611x
   OK  llama8b.mlp_up.t1 [TILE 8x32 KS=32 (256 thr, 2-D grid, no swizzle) -> SPLIT 1x256 reg1x1 KS=16 leaves on grid.y -> workspace -> fold (block per cell <= 16384, else register stack) tpb=256 hwftz=True (256 thr, 2-D grid, no swizzle)]  m=1 n=14336 k=4096  BITS MATCH  untuned=0.7072693333333333ms dispatch=0.211217ms  speedup=3.348543598921173x
   OK  llama8b.mlp_up.t8 [TILE 8x32 KS=32 (256 thr, 2-D grid, no swizzle) -> SPLIT 8x64 reg1x2 KS=16 leaves on grid.y -> workspace -> fold (block per cell <= 16384, else register stack) tpb=256 hwftz=True (256 thr, 2-D grid, no swizzle)]  m=8 n=14336 k=4096  BITS MATCH  untuned=0.729306ms dispatch=0.37470533333333333ms  speedup=1.946345394959239x
   OK  llama8b.mlp_up.t512 [TILE 16x16 KS=32 (256 thr, 1-D grid, no swizzle) -> TUNED 128x128 reg8x8 KS=16 fold=16 local tpb=256 hwftz=True (256 thr, 1-D grid, no swizzle)]  m=512 n=14336 k=4096  BITS MATCH  untuned=29.201605ms dispatch=6.488647666666667ms  speedup=4.500414647263685x
   OK  llama8b.mlp_down.t1 [SPLITK(leaf kernel -> global workspace -> level-wise threadgroup fold) -> SPLIT 1x256 reg1x1 KS=16 leaves on grid.y -> workspace -> fold (block per cell <= 16384, else register stack) tpb=256 hwftz=True (256 thr, 2-D grid, no swizzle)]  m=1 n=4096 k=14336  BITS MATCH  untuned=0.492908ms dispatch=0.19897333333333334ms  speedup=2.477256583796824x
   OK  llama8b.mlp_down.t8 [TILE 8x32 KS=32 (256 thr, 2-D grid, no swizzle) -> SPLIT 8x64 reg1x2 KS=16 leaves on grid.y -> workspace -> fold (block per cell <= 16384, else register stack) tpb=256 hwftz=True (256 thr, 2-D grid, no swizzle)]  m=8 n=4096 k=14336  BITS MATCH  untuned=1.5290833333333333ms dispatch=0.38883066666666666ms  speedup=3.9325173254510104x
   OK  llama8b.mlp_down.t512 [TILE 16x16 KS=32 (256 thr, 1-D grid, no swizzle) -> TUNED 128x128 reg8x8 KS=16 fold=16 local tpb=256 hwftz=True (256 thr, 1-D grid, no swizzle)]  m=512 n=4096 k=14336  BITS MATCH  untuned=29.680857ms dispatch=5.7558913333333335ms  speedup=5.1566048212399656x
   OK  llama8b.lm_head.t1 [TILE 8x32 KS=32 (256 thr, 2-D grid, no swizzle) -> SPLIT 1x256 reg1x1 KS=16 leaves on grid.y -> workspace -> fold (block per cell <= 16384, else register stack) tpb=256 hwftz=True (256 thr, 2-D grid, no swizzle)]  m=1 n=128256 k=4096  BITS MATCH  untuned=4.539773ms dispatch=1.5376603333333334ms  speedup=2.9523900055083687x
   OK  llama8b.lm_head.t8 [TILE 8x32 KS=32 (256 thr, 2-D grid, no swizzle) -> SPLIT 8x64 reg1x2 KS=16 leaves on grid.y -> workspace -> fold (block per cell <= 16384, else register stack) tpb=256 hwftz=True (256 thr, 2-D grid, no swizzle)]  m=8 n=128256 k=4096  BITS MATCH  untuned=4.630134666666667ms dispatch=3.162272ms  speedup=1.4641797627359905x
   OK  llama8b.lm_head.t512 [TILE 16x16 KS=32 (256 thr, 1-D grid, no swizzle) -> TUNED 64x64 reg4x4 KS=16 fold=16 local tpb=256 hwftz=True (256 thr, 1-D grid, no swizzle)]  m=64 n=128256 k=4096  BITS MATCH  untuned=32.56622466666666ms dispatch=9.760454ms  speedup=3.3365481428083843x

   20 match, 0 MOVED, 0 refused.
