1727 external/tcmalloc+/tcmalloc/internal/system_allocator.h:713] Warning: Unable to mbind memory (errno=1, base=0x530a80000000, nodemask=1)
== dispatcher vs the untuned plan, BITS and TIME ==
1727 external/tcmalloc+/tcmalloc/internal/system_allocator.h:713] Warning: Unable to mbind memory (errno=1, base=0x1821c0000000, nodemask=2)
   OK  gram.32x32x1M [SPLITK(leaf kernel -> global workspace -> level-wise threadgroup fold) -> TILE 32x8 KS=16 (256 thr, 1-D grid, reversed tiles)]  m=32 n=32 k=1000000  BITS MATCH  untuned=50.23376ms dispatch=121.52570533333333ms  speedup=0.41335913140527447x
   OK  gram.32x32x64K [SPLITK(leaf kernel -> global workspace -> level-wise threadgroup fold) -> TILE 32x8 KS=16 (256 thr, 1-D grid, reversed tiles)]  m=32 n=32 k=65536  BITS MATCH  untuned=0.9401986666666666ms dispatch=5.476006ms  speedup=0.17169423603017722x
   OK  gram.128sq.x100003 [TILE 16x16 KS=32 (256 thr, 1-D grid, no swizzle) -> TILE 32x8 KS=16 (256 thr, 1-D grid, reversed tiles)]  m=128 n=128 k=100003  BITS MATCH  untuned=8.698468666666667ms dispatch=12.241014333333334ms  speedup=0.7106003170815665x
   OK  ols.step1.16x16x64K [SPLITK(leaf kernel -> global workspace -> level-wise threadgroup fold) -> TILE 32x8 KS=16 (256 thr, 1-D grid, reversed tiles)]  m=16 n=16 k=65536  BITS MATCH  untuned=0.186911ms dispatch=4.6826946666666664ms  speedup=0.0399152653130491x
   OK  pca.transform.8192x4x4 [TILE 32x8 KS=16 (256 thr, 1-D grid, reversed tiles) -> TILE 32x8 KS=16 (256 thr, 1-D grid, reversed tiles)]  m=8192 n=4 k=4  BITS MATCH  untuned=0.012117666666666667ms dispatch=0.01179ms  speedup=1.027791914051456x
   OK  pca.transform.wide.8192x64x128 [TILE 16x16 KS=32 (256 thr, 1-D grid, no swizzle) -> TILE 32x8 KS=16 (256 thr, 1-D grid, reversed tiles)]  m=8192 n=64 k=128  BITS MATCH  untuned=0.090317ms dispatch=0.09547966666666667ms  speedup=0.9459291507092259x
   OK  kmeans.dist.4096x64x64 [TILE 16x16 KS=32 (256 thr, 1-D grid, no swizzle) -> TILE 32x8 KS=16 (256 thr, 1-D grid, reversed tiles)]  m=4096 n=64 k=64  BITS MATCH  untuned=0.03374233333333333ms dispatch=0.03512933333333333ms  speedup=0.9605173264508293x
   OK  ols.predict.gemv.64Kx16 [TILE 32x8 KS=16 (256 thr, 1-D grid, reversed tiles) -> TILE 32x8 KS=16 (256 thr, 1-D grid, reversed tiles)]  m=65536 n=1 k=16  BITS MATCH  untuned=0.030674ms dispatch=0.030168666666666667ms  speedup=1.0167502707002851x
   OK  llama8b.qkv.t1 [SPLITK(leaf kernel -> global workspace -> level-wise threadgroup fold) -> TILE 32x8 KS=16 (256 thr, 1-D grid, reversed tiles)]  m=1 n=4096 k=4096  BITS MATCH  untuned=0.156724ms dispatch=0.7019013333333334ms  speedup=0.22328494413269862x
   OK  llama8b.qkv.t8 [TILE 8x32 KS=32 (256 thr, 2-D grid, no swizzle) -> TILE 32x8 KS=16 (256 thr, 1-D grid, reversed tiles)]  m=8 n=4096 k=4096  BITS MATCH  untuned=0.43309033333333335ms dispatch=0.713166ms  speedup=0.6072784363434788x
   OK  llama8b.qkv.t512 [TILE 16x16 KS=32 (256 thr, 1-D grid, no swizzle) -> TILE 32x8 KS=16 (256 thr, 1-D grid, reversed tiles)]  m=512 n=4096 k=4096  BITS MATCH  untuned=8.608605666666667ms dispatch=9.340091333333334ms  speedup=0.921683242640668x
   OK  llama8b.mlp_up.t1 [TILE 8x32 KS=32 (256 thr, 2-D grid, no swizzle) -> TILE 32x8 KS=16 (256 thr, 1-D grid, reversed tiles)]  m=1 n=14336 k=4096  BITS MATCH  untuned=0.7123313333333333ms dispatch=2.141135333333333ms  speedup=0.33268860788186205x
   OK  llama8b.mlp_up.t8 [TILE 8x32 KS=32 (256 thr, 2-D grid, no swizzle) -> TILE 32x8 KS=16 (256 thr, 1-D grid, reversed tiles)]  m=8 n=14336 k=4096  BITS MATCH  untuned=0.7377896666666667ms dispatch=2.1524313333333334ms  speedup=0.34277036170259556x
   OK  llama8b.mlp_up.t512 [TILE 16x16 KS=32 (256 thr, 1-D grid, no swizzle) -> TILE 32x8 KS=16 (256 thr, 1-D grid, reversed tiles)]  m=512 n=14336 k=4096  BITS MATCH  untuned=29.418838ms dispatch=31.802798666666668ms  speedup=0.9250392806100629x
   OK  llama8b.mlp_down.t1 [SPLITK(leaf kernel -> global workspace -> level-wise threadgroup fold) -> TILE 32x8 KS=16 (256 thr, 1-D grid, reversed tiles)]  m=1 n=4096 k=14336  BITS MATCH  untuned=0.496054ms dispatch=2.4292116666666668ms  speedup=0.20420369571198338x
   OK  llama8b.mlp_down.t8 [TILE 8x32 KS=32 (256 thr, 2-D grid, no swizzle) -> TILE 32x8 KS=16 (256 thr, 1-D grid, reversed tiles)]  m=8 n=4096 k=14336  BITS MATCH  untuned=1.5366173333333333ms dispatch=2.500206ms  speedup=0.614596290598988x
   OK  llama8b.mlp_down.t512 [TILE 16x16 KS=32 (256 thr, 1-D grid, no swizzle) -> TILE 32x8 KS=16 (256 thr, 1-D grid, reversed tiles)]  m=512 n=4096 k=14336  BITS MATCH  untuned=29.906897666666666ms dispatch=32.699414ms  speedup=0.914600416590544x
   OK  llama8b.lm_head.t1 [TILE 8x32 KS=32 (256 thr, 2-D grid, no swizzle) -> TILE 32x8 KS=16 (256 thr, 1-D grid, reversed tiles)]  m=1 n=128256 k=4096  BITS MATCH  untuned=4.571785666666667ms dispatch=17.686112333333334ms  speedup=0.2584957949209754x
   OK  llama8b.lm_head.t8 [TILE 8x32 KS=32 (256 thr, 2-D grid, no swizzle) -> TILE 32x8 KS=16 (256 thr, 1-D grid, reversed tiles)]  m=8 n=128256 k=4096  BITS MATCH  untuned=4.665604ms dispatch=17.720649ms  speedup=0.26328629385977903x
   OK  llama8b.lm_head.t512 [TILE 16x16 KS=32 (256 thr, 1-D grid, no swizzle) -> TILE 32x8 KS=16 (256 thr, 1-D grid, reversed tiles)]  m=64 n=128256 k=4096  BITS MATCH  untuned=32.809466666666665ms dispatch=35.480438666666664ms  speedup=0.9247198709944549x

   20 match, 0 MOVED, 0 refused.
