1699 external/tcmalloc+/tcmalloc/internal/system_allocator.h:713] Warning: Unable to mbind memory (errno=1, base=0x7a75c0000000, nodemask=2)
== dispatcher vs the untuned plan, BITS and TIME ==
   OK  gram.32x32x1M [SPLITK(leaf kernel -> global workspace -> level-wise threadgroup fold) -> TILE 8x32 KS=32 (256 thr, 2-D grid, no swizzle)]  m=32 n=32 k=1000000  BITS MATCH  untuned=50.16438866666667ms dispatch=99.21666266666666ms  speedup=0.5056044752805433x
   OK  gram.32x32x64K [SPLITK(leaf kernel -> global workspace -> level-wise threadgroup fold) -> TILE 8x32 KS=32 (256 thr, 2-D grid, no swizzle)]  m=32 n=32 k=65536  BITS MATCH  untuned=0.940896ms dispatch=4.6589876666666665ms  speedup=0.20195288490067548x
   OK  gram.128sq.x100003 [TILE 16x16 KS=32 (256 thr, 1-D grid, no swizzle) -> TILE 8x32 KS=32 (256 thr, 2-D grid, no swizzle)]  m=128 n=128 k=100003  BITS MATCH  untuned=8.646919333333333ms dispatch=10.173497333333334ms  speedup=0.8499456037602539x
   OK  ols.step1.16x16x64K [SPLITK(leaf kernel -> global workspace -> level-wise threadgroup fold) -> TILE 8x32 KS=32 (256 thr, 2-D grid, no swizzle)]  m=16 n=16 k=65536  BITS MATCH  untuned=0.17981233333333332ms dispatch=4.4750103333333335ms  speedup=0.040181434217917256x
   OK  pca.transform.8192x4x4 [TILE 32x8 KS=16 (256 thr, 1-D grid, reversed tiles) -> TILE 8x32 KS=32 (256 thr, 2-D grid, no swizzle)]  m=8192 n=4 k=4  BITS MATCH  untuned=0.011873333333333333ms dispatch=0.016876ms  speedup=0.7035632456348266x
   OK  pca.transform.wide.8192x64x128 [TILE 16x16 KS=32 (256 thr, 1-D grid, no swizzle) -> TILE 8x32 KS=32 (256 thr, 2-D grid, no swizzle)]  m=8192 n=64 k=128  BITS MATCH  untuned=0.08854833333333334ms dispatch=0.0937ms  speedup=0.9450195659907507x
   OK  kmeans.dist.4096x64x64 [TILE 16x16 KS=32 (256 thr, 1-D grid, no swizzle) -> TILE 8x32 KS=32 (256 thr, 2-D grid, no swizzle)]  m=4096 n=64 k=64  BITS MATCH  untuned=0.032856333333333335ms dispatch=0.034562666666666665ms  speedup=0.9506307383689531x
   OK  ols.predict.gemv.64Kx16 [TILE 32x8 KS=16 (256 thr, 1-D grid, reversed tiles) -> TILE 8x32 KS=32 (256 thr, 2-D grid, no swizzle)]  m=65536 n=1 k=16  BITS MATCH  untuned=0.029938333333333334ms dispatch=0.090865ms  speedup=0.32948146517727767x
   OK  llama8b.qkv.t1 [SPLITK(leaf kernel -> global workspace -> level-wise threadgroup fold) -> TILE 8x32 KS=32 (256 thr, 2-D grid, no swizzle)]  m=1 n=4096 k=4096  BITS MATCH  untuned=0.15498366666666666ms dispatch=0.413175ms  speedup=0.37510417296948423x
   OK  llama8b.qkv.t8 [TILE 8x32 KS=32 (256 thr, 2-D grid, no swizzle) -> TILE 8x32 KS=32 (256 thr, 2-D grid, no swizzle)]  m=8 n=4096 k=4096  BITS MATCH  untuned=0.42831166666666665ms dispatch=0.42841033333333334ms  speedup=0.9997696912072616x
   OK  llama8b.qkv.t512 [TILE 16x16 KS=32 (256 thr, 1-D grid, no swizzle) -> TILE 8x32 KS=32 (256 thr, 2-D grid, no swizzle)]  m=512 n=4096 k=4096  BITS MATCH  untuned=8.52286ms dispatch=9.215855ms  speedup=0.9248040469386726x
   OK  llama8b.mlp_up.t1 [TILE 8x32 KS=32 (256 thr, 2-D grid, no swizzle) -> TILE 8x32 KS=32 (256 thr, 2-D grid, no swizzle)]  m=1 n=14336 k=4096  BITS MATCH  untuned=0.713814ms dispatch=0.9207843333333333ms  speedup=0.7752238761664422x
   OK  llama8b.mlp_up.t8 [TILE 8x32 KS=32 (256 thr, 2-D grid, no swizzle) -> TILE 8x32 KS=32 (256 thr, 2-D grid, no swizzle)]  m=8 n=14336 k=4096  BITS MATCH  untuned=0.731108ms dispatch=0.7300933333333334ms  speedup=1.0013897766495607x
   OK  llama8b.mlp_up.t512 [TILE 16x16 KS=32 (256 thr, 1-D grid, no swizzle) -> TILE 8x32 KS=32 (256 thr, 2-D grid, no swizzle)]  m=512 n=14336 k=4096  BITS MATCH  untuned=29.203950666666668ms dispatch=31.588174ms  speedup=0.9245216474578958x
   OK  llama8b.mlp_down.t1 [SPLITK(leaf kernel -> global workspace -> level-wise threadgroup fold) -> TILE 8x32 KS=32 (256 thr, 2-D grid, no swizzle)]  m=1 n=4096 k=14336  BITS MATCH  untuned=0.492867ms dispatch=1.4651986666666668ms  speedup=0.33638236999032667x
   OK  llama8b.mlp_down.t8 [TILE 8x32 KS=32 (256 thr, 2-D grid, no swizzle) -> TILE 8x32 KS=32 (256 thr, 2-D grid, no swizzle)]  m=8 n=4096 k=14336  BITS MATCH  untuned=1.52975ms dispatch=1.52842ms  speedup=1.0008701796626582x
   OK  llama8b.mlp_down.t512 [TILE 16x16 KS=32 (256 thr, 1-D grid, no swizzle) -> TILE 8x32 KS=32 (256 thr, 2-D grid, no swizzle)]  m=512 n=4096 k=14336  BITS MATCH  untuned=29.68160333333333ms dispatch=31.696068666666665ms  speedup=0.936444315712508x
   OK  llama8b.lm_head.t1 [TILE 8x32 KS=32 (256 thr, 2-D grid, no swizzle) -> TILE 8x32 KS=32 (256 thr, 2-D grid, no swizzle)]  m=1 n=128256 k=4096  BITS MATCH  untuned=4.574003333333334ms dispatch=4.571827333333333ms  speedup=1.0004759584825382x
   OK  llama8b.lm_head.t8 [TILE 8x32 KS=32 (256 thr, 2-D grid, no swizzle) -> TILE 8x32 KS=32 (256 thr, 2-D grid, no swizzle)]  m=8 n=128256 k=4096  BITS MATCH  untuned=4.662463ms dispatch=4.665025666666667ms  speedup=0.9994506639727669x
   OK  llama8b.lm_head.t512 [TILE 16x16 KS=32 (256 thr, 1-D grid, no swizzle) -> TILE 8x32 KS=32 (256 thr, 2-D grid, no swizzle)]  m=64 n=128256 k=4096  BITS MATCH  untuned=32.81202066666667ms dispatch=35.472313666666665ms  speedup=0.9250036796302951x

   20 match, 0 MOVED, 0 refused.
