21697 external/tcmalloc+/tcmalloc/internal/system_allocator.h:713] Warning: Unable to mbind memory (errno=1, base=0x510b00000000, nodemask=1)
22025 external/tcmalloc+/tcmalloc/internal/system_allocator.h:713] Warning: Unable to mbind memory (errno=1, base=0x709a00000000, nodemask=1)
22354 external/tcmalloc+/tcmalloc/internal/system_allocator.h:713] Warning: Unable to mbind memory (errno=1, base=0x514bc0000000, nodemask=1)
PASS KernelRidge 1 3 1 linear
22559 external/tcmalloc+/tcmalloc/internal/system_allocator.h:713] Warning: Unable to mbind memory (errno=1, base=0x528c00000000, nodemask=1)
22559 external/tcmalloc+/tcmalloc/internal/system_allocator.h:713] Warning: Unable to mbind memory (errno=1, base=0x3935c0000000, nodemask=2)
22899 external/tcmalloc+/tcmalloc/internal/system_allocator.h:713] Warning: Unable to mbind memory (errno=1, base=0x79d000000000, nodemask=2)
22899 external/tcmalloc+/tcmalloc/internal/system_allocator.h:713] Warning: Unable to mbind memory (errno=1, base=0x101c40000000, nodemask=1)
PASS KernelRidge 1 3 1 rbf
23105 external/tcmalloc+/tcmalloc/internal/system_allocator.h:713] Warning: Unable to mbind memory (errno=1, base=0x5120c0000000, nodemask=1)
23434 external/tcmalloc+/tcmalloc/internal/system_allocator.h:713] Warning: Unable to mbind memory (errno=1, base=0x529580000000, nodemask=1)
PASS KernelRidge 1 3 1 poly
23639 external/tcmalloc+/tcmalloc/internal/system_allocator.h:713] Warning: Unable to mbind memory (errno=1, base=0x3111c0000000, nodemask=1)
23639 external/tcmalloc+/tcmalloc/internal/system_allocator.h:713] Warning: Unable to mbind memory (errno=1, base=0x581a40000000, nodemask=2)
23968 external/tcmalloc+/tcmalloc/internal/system_allocator.h:713] Warning: Unable to mbind memory (errno=1, base=0x510680000000, nodemask=1)
23968 external/tcmalloc+/tcmalloc/internal/system_allocator.h:713] Warning: Unable to mbind memory (errno=1, base=0x3abe80000000, nodemask=2)
PASS KernelRidge 1 3 1 sigmoid
24173 external/tcmalloc+/tcmalloc/internal/system_allocator.h:713] Warning: Unable to mbind memory (errno=1, base=0x714e00000000, nodemask=1)
Traceback (most recent call last):
  File "/root/mojolearn/tools/parallel_kernel_methods_check.py", line 120, in <module>
    main()
    ~~~~^^
  File "/root/mojolearn/tools/parallel_kernel_methods_check.py", line 63, in main
    assert outcomes[0] == outcomes[1] or (isinstance(outcomes[0], str) and isinstance(outcomes[1], str)
           ^^^^^^^^^^^^^^^^^^^^^^^^^^^^^^^^^^^^^^^^^^^^^^^^^^^^^^^^^^^^^^^^^^^^^^^^^^^^^^^^^^^^^^^^^^^^
                                          and outcomes[0].split('Exception: ')[-1] in outcomes[1]), \
                                          ^^^^^^^^^^^^^^^^^^^^^^^^^^^^^^^^^^^^^^^^^^^^^^^^^^^^^^^^
AssertionError: ('KernelRidge outcome differs', 37, 'linear', '<mojolearn.kernel_methods.KernelRidge object at 0x7e8e3803dc50>', 'Exception: kernel_ridge_fit_host: the ridged kernel matrix K + alpha I is NOT positive definite (info=35, the leading minor of order 35 failed). kernel=linear, n_samples=37. cuML catches this and sile')
