Imported from /root/mojolearn-pass16/bindings/_mojolearn_byte_lm_host.mojo:19:
./bindings/hostptr.mojo:58:9: warning: 'memcpy' is deprecated, use 'unsafe_memcpy' instead
        memcpy(dest=out.unsafe_ptr(), src=src, count=n)
        ^~~~~~
        unsafe_memcpy
<unknown>:0: note: 'memcpy' declared here
Imported from /root/mojolearn-pass16/bindings/_mojolearn_byte_lm_host.mojo:19:
./bindings/hostptr.mojo:69:9: warning: 'memcpy' is deprecated, use 'unsafe_memcpy' instead
        memcpy(dest=out.unsafe_ptr(), src=src, count=n)
        ^~~~~~
        unsafe_memcpy
<unknown>:0: note: 'memcpy' declared here
Imported from /root/mojolearn-pass16/bindings/_mojolearn_byte_lm_host.mojo:20:
Imported from ./core/host_lanes.mojo:28:
./core/host_parallel.mojo:74:10: warning: 'store' is deprecated, use 'unsafe_store' instead
        p.store(0, UInt32(0))
        ~^~~~~~
          unsafe_store
<unknown>:0: note: 'store' declared here
Imported from /root/mojolearn-pass16/bindings/_mojolearn_byte_lm_host.mojo:20:
Imported from ./core/host_lanes.mojo:28:
./core/host_parallel.mojo:76:24: warning: 'load' is deprecated, use 'unsafe_load' instead
        return UInt64(p.load(0))
                      ~^~~~~
                        unsafe_load
<unknown>:0: note: 'load' declared here
Imported from /root/mojolearn-pass16/bindings/_mojolearn_byte_lm_host.mojo:20:
Imported from ./core/host_lanes.mojo:28:
./core/host_parallel.mojo:90:10: warning: 'store' is deprecated, use 'unsafe_store' instead
        p.store(0, UInt32(v))
        ~^~~~~~
          unsafe_store
<unknown>:0: note: 'store' declared here
Imported from /root/mojolearn-pass16/bindings/_mojolearn_byte_lm_host.mojo:41:
./training/byte_lm_host.mojo:347:34: warning: positional `__getitem__` is deprecated, use `unsafe_offset=` instead
            var xc = copy_rows(xp[0], lo, hi, dm)
                               ~~^~~
<unknown>:0: note: '__getitem__' declared here
Imported from /root/mojolearn-pass16/bindings/_mojolearn_byte_lm_host.mojo:41:
./training/byte_lm_host.mojo:410:23: warning: positional `__getitem__` is deprecated, use `unsafe_offset=` instead
        var ksp = ksrc[0].unsafe_ptr()
                  ~~~~^~~
<unknown>:0: note: '__getitem__' declared here
Imported from /root/mojolearn-pass16/bindings/_mojolearn_byte_lm_host.mojo:41:
./training/byte_lm_host.mojo:411:23: warning: positional `__getitem__` is deprecated, use `unsafe_offset=` instead
        var vsp = vsrc[0].unsafe_ptr()
                  ~~~~^~~
<unknown>:0: note: '__getitem__' declared here
Imported from /root/mojolearn-pass16/bindings/_mojolearn_byte_lm_host.mojo:41:
./training/byte_lm_host.mojo:436:28: warning: positional `__getitem__` is deprecated, use `unsafe_offset=` instead
            var mchunk = mp[0].copy()  # empty: the fill is formed in the kernel
                         ~~^~~
<unknown>:0: note: '__getitem__' declared here
Imported from /root/mojolearn-pass16/bindings/_mojolearn_byte_lm_host.mojo:41:
./training/byte_lm_host.mojo:443:26: warning: positional `__getitem__` is deprecated, use `unsafe_offset=` instead
            var qsp = qtp[0].unsafe_ptr()
                      ~~~^~~
<unknown>:0: note: '__getitem__' declared here
Imported from /root/mojolearn-pass16/bindings/_mojolearn_byte_lm_host.mojo:41:
./training/byte_lm_host.mojo:457:34: warning: positional `__getitem__` is deprecated, use `unsafe_offset=` instead
            var xc = copy_rows(xp[0], lo, hi, dm)
                               ~~^~~
<unknown>:0: note: '__getitem__' declared here
Imported from /root/mojolearn-pass16/bindings/_mojolearn_byte_lm_host.mojo:41:
./training/byte_lm_host.mojo:549:28: warning: positional `__getitem__` is deprecated, use `unsafe_offset=` instead
            gemm_nt_rows(hp[0], wp[][head_index], vocab, dm, lo, hi, part, reverse)
                         ~~^~~
<unknown>:0: note: '__getitem__' declared here
Included from /root/mojolearn-pass16/bindings/_mojolearn_byte_lm_host.mojo:41:
Included from ./training/byte_lm_host.mojo:59:
./training/byte_lm_host_kernels.mojo:561:23: warning: assignment to 'mfill_v' was never used; assign to '_' instead?
    var mfill_v = F32V(mask_fill())
                      ^
Included from /root/mojolearn-pass16/bindings/_mojolearn_byte_lm_host.mojo:41:
Included from ./training/byte_lm_host.mojo:80:
/root/mojolearn-pass16/./transformer/checks/transformer_oracle.mojo:1812:29: warning: assignment to 'actx' was never used; assign to '_' instead?
    var actx = List[Float32]()
                            ^
built python/mojolearn/host/_mojolearn_byte_lm_host.so
