vendor=nvidia
payload=speed
family=classical
lanes=linkage svm metrics ivf hdbscan cholesky gmm gp
commit=58d018c42bbac62d39085038d58760dc75986f15
rounds=5
size=large
dataset=
rows_ladder=
arm_budget=600
work_timeout=3000
started=2026-09-07T21:31:20Z
gpu_archs=none-build-box-device-only
ours_mode=identical
device=NVIDIA_H100_80GB_HBM3
mojo_driver_defs=-D MOJOLEARN_NUMERIC_IDENTICAL=1
pip_exit --extra-index-url=https://pypi.nvidia.com cuml-cu12 cuvs-cu12=0
pip_exit scikit-learn scipy=0
build_exit classicalspeed=1
binding_install_exit base=0
binding_install_exit arima=0
binding_install_exit byte_lm=2
binding_install_exit estimators=0
binding_install_exit gbdt=0
binding_install_exit gp=0
binding_install_exit linalg=0
binding_install_exit mamba=0
binding_install_exit metrics=0
binding_install_exit rf=0
binding_install_exit solver=0
binding_install_exit svm=0
binding_install_exit training=0
binding_install_exit transformer=0
binding_install_exit trees=0
binding_install_exit tsa=0
binding_build_exit base=0
binding_build_exit arima=0
binding_build_exit byte_lm=2
binding_build_exit estimators=0
binding_build_exit gbdt=0
binding_build_exit gp=0
binding_build_exit linalg=0
binding_build_exit mamba=0
binding_build_exit metrics=0
binding_build_exit rf=0
binding_build_exit solver=0
binding_build_exit svm=0
binding_build_exit training=0
binding_build_exit transformer=0
binding_build_exit trees=0
binding_build_exit tsa=0
import_mojolearn_exit=0
arm_exit classical.linkage.ours.log=0
arm_exit classical.linkage.vendor.log=0
arm_exit classical.linkage.vendor-deterministic.log=0
arm_exit classical.svm.ours.log=0
arm_exit classical.svm.vendor.log=0
arm_exit classical.svm.vendor-deterministic.log=0
arm_exit classical.metrics.ours.log=0
arm_exit classical.metrics.vendor.log=0
arm_exit classical.metrics.vendor-deterministic.log=0
arm_exit classical.ivf.ours.log=0
arm_exit classical.ivf.vendor.log=0
arm_exit classical.ivf.vendor-deterministic.log=0
arm_exit classical.hdbscan.ours.log=0
arm_exit classical.hdbscan.vendor.log=0
arm_exit classical.hdbscan.vendor-deterministic.log=0
arm_exit classical.cholesky.ours.log=0
arm_exit classical.cholesky.vendor.log=0
arm_exit classical.cholesky.vendor-deterministic.log=0
arm_exit classical.gmm.ours.log=0
arm_exit classical.gmm.vendor.log=0
arm_exit classical.gmm.vendor-deterministic.log=0
arm_exit classical.gp.ours.log=0
arm_exit classical.gp.vendor.log=0
arm_exit classical.gp.vendor-deterministic.log=0
fspeed_lines=46
fspeed_rounds=10
fspeed_refused=22
ours_headers_fast=0
ours_headers_identical=1
finished=2026-09-07T21:44:09Z
REMOTE_BODY_DONE
