1632 external/tcmalloc+/tcmalloc/internal/system_allocator.h:713] Warning: Unable to mbind memory (errno=1, base=0x324700000000, nodemask=1)
== dispatcher vs the untuned plan, BITS and TIME ==
   OK  gram.32x32x1M [SPLITK(leaf kernel -> global workspace -> level-wise threadgroup fold) -> SPLIT 32x32 reg2x2 KS=16 leaves on grid.y -> workspace -> register-stack fold tpb=256 hwftz=True (256 thr, 2-D grid, no swizzle)]  m=32 n=32 k=1000000  BITS MATCH  untuned=50.262157ms dispatch=0.9712523333333334ms  speedup=51.74984427321839x
   OK  gram.32x32x64K [SPLITK(leaf kernel -> global workspace -> level-wise threadgroup fold) -> SPLIT 32x32 reg2x2 KS=16 leaves on grid.y -> workspace -> register-stack fold tpb=256 hwftz=True (256 thr, 2-D grid, no swizzle)]  m=32 n=32 k=65536  BITS MATCH  untuned=0.947631ms dispatch=0.212284ms  speedup=4.463977501837162x
   OK  gram.128sq.x100003 [TILE 16x16 KS=32 (256 thr, 1-D grid, no swizzle) -> SPLIT 32x32 reg2x2 KS=16 leaves on grid.y -> workspace -> register-stack fold tpb=256 hwftz=True (256 thr, 2-D grid, no swizzle)]  m=128 n=128 k=100003  BITS MATCH  untuned=8.691783666666666ms dispatch=1.173742ms  speedup=7.405190976097528x
   OK  ols.step1.16x16x64K [SPLITK(leaf kernel -> global workspace -> level-wise threadgroup fold) -> SPLIT 16x16 reg1x1 KS=16 leaves on grid.y -> workspace -> register-stack fold tpb=256 hwftz=True (256 thr, 2-D grid, no swizzle)]  m=16 n=16 k=65536  BITS MATCH  untuned=0.185472ms dispatch=0.19728366666666666ms  speedup=0.9401285120748296x
   OK  pca.transform.8192x4x4 [TILE 32x8 KS=16 (256 thr, 1-D grid, reversed tiles) -> TILE 32x8 KS=16 (256 thr, 1-D grid, reversed tiles)]  m=8192 n=4 k=4  BITS MATCH  untuned=0.011698333333333333ms dispatch=0.011017333333333334ms  speedup=1.0618116906692483x
   OK  pca.transform.wide.8192x64x128 [TILE 16x16 KS=32 (256 thr, 1-D grid, no swizzle) -> TUNED 64x64 reg4x4 KS=16 fold=16 local tpb=256 hwftz=True (256 thr, 1-D grid, no swizzle)]  m=8192 n=64 k=128  BITS MATCH  untuned=0.08916166666666667ms dispatch=0.029355333333333334ms  speedup=3.0373242795176343x
   OK  kmeans.dist.4096x64x64 [TILE 16x16 KS=32 (256 thr, 1-D grid, no swizzle) -> TUNED 64x64 reg4x4 KS=16 fold=16 local tpb=256 hwftz=True (256 thr, 1-D grid, no swizzle)]  m=4096 n=64 k=64  BITS MATCH  untuned=0.03313133333333333ms dispatch=0.019860666666666665ms  speedup=1.66818837904065x
   OK  ols.predict.gemv.64Kx16 [TILE 32x8 KS=16 (256 thr, 1-D grid, reversed tiles) -> TILE 32x8 KS=16 (256 thr, 1-D grid, reversed tiles)]  m=65536 n=1 k=16  BITS MATCH  untuned=0.030172666666666667ms dispatch=0.029507ms  speedup=1.0225596186215702x
   OK  llama8b.qkv.t1 [SPLITK(leaf kernel -> global workspace -> level-wise threadgroup fold) -> SPLIT 1x256 reg1x1 KS=16 leaves on grid.y -> workspace -> register-stack fold tpb=256 hwftz=True (256 thr, 2-D grid, no swizzle)]  m=1 n=4096 k=4096  BITS MATCH  untuned=0.15614666666666666ms dispatch=0.07464733333333333ms  speedup=2.0917916246170885x
   OK  llama8b.qkv.t8 [TILE 8x32 KS=32 (256 thr, 2-D grid, no swizzle) -> SPLIT 8x64 reg1x2 KS=16 leaves on grid.y -> workspace -> register-stack fold tpb=256 hwftz=True (256 thr, 2-D grid, no swizzle)]  m=8 n=4096 k=4096  BITS MATCH  untuned=0.42916733333333335ms dispatch=0.12769166666666668ms  speedup=3.3609658683025514x
   OK  llama8b.qkv.t512 [TILE 16x16 KS=32 (256 thr, 1-D grid, no swizzle) -> TUNED 128x128 reg8x8 KS=16 fold=16 local tpb=256 hwftz=True (256 thr, 1-D grid, no swizzle)]  m=512 n=4096 k=4096  BITS MATCH  untuned=8.580071ms dispatch=1.651367ms  speedup=5.195738439729024x
   OK  llama8b.mlp_up.t1 [TILE 8x32 KS=32 (256 thr, 2-D grid, no swizzle) -> SPLIT 1x256 reg1x1 KS=16 leaves on grid.y -> workspace -> register-stack fold tpb=256 hwftz=True (256 thr, 2-D grid, no swizzle)]  m=1 n=14336 k=4096  BITS MATCH  untuned=0.7136896666666667ms dispatch=0.20230766666666666ms  speedup=3.527744046608878x
   OK  llama8b.mlp_up.t8 [TILE 8x32 KS=32 (256 thr, 2-D grid, no swizzle) -> SPLIT 8x64 reg1x2 KS=16 leaves on grid.y -> workspace -> register-stack fold tpb=256 hwftz=True (256 thr, 2-D grid, no swizzle)]  m=8 n=14336 k=4096  BITS MATCH  untuned=0.7355806666666667ms dispatch=0.3798916666666667ms  speedup=1.9362906091648935x
   OK  llama8b.mlp_up.t512 [TILE 16x16 KS=32 (256 thr, 1-D grid, no swizzle) -> TUNED 128x128 reg8x8 KS=16 fold=16 local tpb=256 hwftz=True (256 thr, 1-D grid, no swizzle)]  m=512 n=14336 k=4096  BITS MATCH  untuned=29.463224333333333ms dispatch=6.545482ms  speedup=4.501307059332427x
   OK  llama8b.mlp_down.t1 [SPLITK(leaf kernel -> global workspace -> level-wise threadgroup fold) -> SPLIT 1x256 reg1x1 KS=16 leaves on grid.y -> workspace -> register-stack fold tpb=256 hwftz=True (256 thr, 2-D grid, no swizzle)]  m=1 n=4096 k=14336  BITS MATCH  untuned=0.4964306666666667ms dispatch=0.24453ms  speedup=2.0301421775105988x
   OK  llama8b.mlp_down.t8 [TILE 8x32 KS=32 (256 thr, 2-D grid, no swizzle) -> SPLIT 8x64 reg1x2 KS=16 leaves on grid.y -> workspace -> register-stack fold tpb=256 hwftz=True (256 thr, 2-D grid, no swizzle)]  m=8 n=4096 k=14336  BITS MATCH  untuned=1.5322356666666668ms dispatch=0.413886ms  speedup=3.7020717460041337x
   OK  llama8b.mlp_down.t512 [TILE 16x16 KS=32 (256 thr, 1-D grid, no swizzle) -> TUNED 128x128 reg8x8 KS=16 fold=16 local tpb=256 hwftz=True (256 thr, 1-D grid, no swizzle)]  m=512 n=4096 k=14336  BITS MATCH  untuned=29.894989666666667ms dispatch=5.792273ms  speedup=5.161184506784585x
   OK  llama8b.lm_head.t1 [TILE 8x32 KS=32 (256 thr, 2-D grid, no swizzle) -> SPLIT 1x256 reg1x1 KS=16 leaves on grid.y -> workspace -> register-stack fold tpb=256 hwftz=True (256 thr, 2-D grid, no swizzle)]  m=1 n=128256 k=4096  BITS MATCH  untuned=4.572507333333333ms dispatch=1.5446003333333334ms  speedup=2.9603174586047176x
   OK  llama8b.lm_head.t8 [TILE 8x32 KS=32 (256 thr, 2-D grid, no swizzle) -> SPLIT 8x64 reg1x2 KS=16 leaves on grid.y -> workspace -> register-stack fold tpb=256 hwftz=True (256 thr, 2-D grid, no swizzle)]  m=8 n=128256 k=4096  BITS MATCH  untuned=4.663166333333334ms dispatch=3.189816ms  speedup=1.4618919502984917x
   OK  llama8b.lm_head.t512 [TILE 16x16 KS=32 (256 thr, 1-D grid, no swizzle) -> TUNED 64x64 reg4x4 KS=16 fold=16 local tpb=256 hwftz=True (256 thr, 1-D grid, no swizzle)]  m=64 n=128256 k=4096  BITS MATCH  untuned=32.80529333333333ms dispatch=9.836820666666666ms  speedup=3.3349488056134127x

   20 match, 0 MOVED, 0 refused.
