1946 external/tcmalloc+/tcmalloc/internal/system_allocator.h:713] Warning: Unable to mbind memory (errno=1, base=0x323680000000, nodemask=1)
== dispatcher vs the untuned plan, BITS and TIME ==
   OK  gram.32x32x1M [SPLITK(leaf kernel -> global workspace -> level-wise threadgroup fold) -> TUNED 64x64 reg4x4 KS=16 fold=16 local tpb=256 hwftz=True (256 thr, 1-D grid, no swizzle)]  m=32 n=32 k=1000000  BITS MATCH  untuned=50.227437333333334ms dispatch=150.264819ms  speedup=0.33425946051506134x
   OK  gram.32x32x64K [SPLITK(leaf kernel -> global workspace -> level-wise threadgroup fold) -> TUNED 64x64 reg4x4 KS=16 fold=16 local tpb=256 hwftz=True (256 thr, 1-D grid, no swizzle)]  m=32 n=32 k=65536  BITS MATCH  untuned=0.9408693333333333ms dispatch=10.284867333333333ms  speedup=0.09148094018519506x
   OK  gram.128sq.x100003 [TILE 16x16 KS=32 (256 thr, 1-D grid, no swizzle) -> TUNED 64x64 reg4x4 KS=16 fold=16 local tpb=256 hwftz=True (256 thr, 1-D grid, no swizzle)]  m=128 n=128 k=100003  BITS MATCH  untuned=8.693291ms dispatch=15.846465333333333ms  speedup=0.5485949590104174x
   OK  ols.step1.16x16x64K [SPLITK(leaf kernel -> global workspace -> level-wise threadgroup fold) -> TUNED 64x64 reg4x4 KS=16 fold=16 local tpb=256 hwftz=True (256 thr, 1-D grid, no swizzle)]  m=16 n=16 k=65536  BITS MATCH  untuned=0.186493ms dispatch=10.317217666666666ms  speedup=0.018075900501986115x
   OK  pca.transform.8192x4x4 [TILE 32x8 KS=16 (256 thr, 1-D grid, reversed tiles) -> TUNED 64x64 reg4x4 KS=16 fold=16 local tpb=256 hwftz=True (256 thr, 1-D grid, no swizzle)]  m=8192 n=4 k=4  BITS MATCH  untuned=0.012020333333333333ms dispatch=0.01213ms  speedup=0.9909590546853531x
   OK  pca.transform.wide.8192x64x128 [TILE 16x16 KS=32 (256 thr, 1-D grid, no swizzle) -> TUNED 64x64 reg4x4 KS=16 fold=16 local tpb=256 hwftz=True (256 thr, 1-D grid, no swizzle)]  m=8192 n=64 k=128  BITS MATCH  untuned=0.08913ms dispatch=0.029141ms  speedup=3.0585772622765175x
   OK  kmeans.dist.4096x64x64 [TILE 16x16 KS=32 (256 thr, 1-D grid, no swizzle) -> TUNED 64x64 reg4x4 KS=16 fold=16 local tpb=256 hwftz=True (256 thr, 1-D grid, no swizzle)]  m=4096 n=64 k=64  BITS MATCH  untuned=0.033245666666666666ms dispatch=0.01981166666666667ms  speedup=1.6780853032724823x
   OK  ols.predict.gemv.64Kx16 [TILE 32x8 KS=16 (256 thr, 1-D grid, reversed tiles) -> TUNED 64x64 reg4x4 KS=16 fold=16 local tpb=256 hwftz=True (256 thr, 1-D grid, no swizzle)]  m=65536 n=1 k=16  BITS MATCH  untuned=0.030482ms dispatch=0.04268433333333333ms  speedup=0.7141261821277127x
   OK  llama8b.qkv.t1 [SPLITK(leaf kernel -> global workspace -> level-wise threadgroup fold) -> TUNED 64x64 reg4x4 KS=16 fold=16 local tpb=256 hwftz=True (256 thr, 1-D grid, no swizzle)]  m=1 n=4096 k=4096  BITS MATCH  untuned=0.156188ms dispatch=0.6182473333333334ms  speedup=0.2526302849668579x
   OK  llama8b.qkv.t8 [TILE 8x32 KS=32 (256 thr, 2-D grid, no swizzle) -> TUNED 64x64 reg4x4 KS=16 fold=16 local tpb=256 hwftz=True (256 thr, 1-D grid, no swizzle)]  m=8 n=4096 k=4096  BITS MATCH  untuned=0.431485ms dispatch=0.6148406666666667ms  speedup=0.7017834430817307x
   OK  llama8b.qkv.t512 [TILE 16x16 KS=32 (256 thr, 1-D grid, no swizzle) -> TUNED 64x64 reg4x4 KS=16 fold=16 local tpb=256 hwftz=True (256 thr, 1-D grid, no swizzle)]  m=512 n=4096 k=4096  BITS MATCH  untuned=8.584703ms dispatch=2.499249333333333ms  speedup=3.434912589753617x
   OK  llama8b.mlp_up.t1 [TILE 8x32 KS=32 (256 thr, 2-D grid, no swizzle) -> TUNED 64x64 reg4x4 KS=16 fold=16 local tpb=256 hwftz=True (256 thr, 1-D grid, no swizzle)]  m=1 n=14336 k=4096  BITS MATCH  untuned=0.7125236666666667ms dispatch=1.2281866666666668ms  speedup=0.5801428121675315x
   OK  llama8b.mlp_up.t8 [TILE 8x32 KS=32 (256 thr, 2-D grid, no swizzle) -> TUNED 64x64 reg4x4 KS=16 fold=16 local tpb=256 hwftz=True (256 thr, 1-D grid, no swizzle)]  m=8 n=14336 k=4096  BITS MATCH  untuned=0.7338013333333333ms dispatch=1.223124ms  speedup=0.5999402622574107x
   OK  llama8b.mlp_up.t512 [TILE 16x16 KS=32 (256 thr, 1-D grid, no swizzle) -> TUNED 64x64 reg4x4 KS=16 fold=16 local tpb=256 hwftz=True (256 thr, 1-D grid, no swizzle)]  m=512 n=14336 k=4096  BITS MATCH  untuned=29.420303333333333ms dispatch=8.679187ms  speedup=3.3897533643800197x
   OK  llama8b.mlp_down.t1 [SPLITK(leaf kernel -> global workspace -> level-wise threadgroup fold) -> TUNED 64x64 reg4x4 KS=16 fold=16 local tpb=256 hwftz=True (256 thr, 1-D grid, no swizzle)]  m=1 n=4096 k=14336  BITS MATCH  untuned=0.49783466666666665ms dispatch=2.1427033333333334ms  speedup=0.23233952125897034x
   OK  llama8b.mlp_down.t8 [TILE 8x32 KS=32 (256 thr, 2-D grid, no swizzle) -> TUNED 64x64 reg4x4 KS=16 fold=16 local tpb=256 hwftz=True (256 thr, 1-D grid, no swizzle)]  m=8 n=4096 k=14336  BITS MATCH  untuned=1.5345163333333334ms dispatch=2.1359353333333333ms  speedup=0.7184282732654516x
   OK  llama8b.mlp_down.t512 [TILE 16x16 KS=32 (256 thr, 1-D grid, no swizzle) -> TUNED 64x64 reg4x4 KS=16 fold=16 local tpb=256 hwftz=True (256 thr, 1-D grid, no swizzle)]  m=512 n=4096 k=14336  BITS MATCH  untuned=29.901707666666667ms dispatch=8.717964333333333ms  speedup=3.4298956182163782x
   OK  llama8b.lm_head.t1 [TILE 8x32 KS=32 (256 thr, 2-D grid, no swizzle) -> TUNED 64x64 reg4x4 KS=16 fold=16 local tpb=256 hwftz=True (256 thr, 1-D grid, no swizzle)]  m=1 n=128256 k=4096  BITS MATCH  untuned=4.570076333333334ms dispatch=9.705591666666667ms  speedup=0.47087045182716836x
   OK  llama8b.lm_head.t8 [TILE 8x32 KS=32 (256 thr, 2-D grid, no swizzle) -> TUNED 64x64 reg4x4 KS=16 fold=16 local tpb=256 hwftz=True (256 thr, 1-D grid, no swizzle)]  m=8 n=128256 k=4096  BITS MATCH  untuned=4.664659333333334ms dispatch=9.687914ms  speedup=0.48149264468422553x
   OK  llama8b.lm_head.t512 [TILE 16x16 KS=32 (256 thr, 1-D grid, no swizzle) -> TUNED 64x64 reg4x4 KS=16 fold=16 local tpb=256 hwftz=True (256 thr, 1-D grid, no swizzle)]  m=64 n=128256 k=4096  BITS MATCH  untuned=32.803797333333335ms dispatch=9.864543ms  speedup=3.3254249419697737x

   20 match, 0 MOVED, 0 refused.
