1258 external/tcmalloc+/tcmalloc/internal/system_allocator.h:713] Warning: Unable to mbind memory (errno=1, base=0x18b6c0000000, nodemask=2)
FSPEED-HEADER family=gemm lane=gemm arm=ours-v1-identical mode=IDENTICAL device=NVIDIA H100 80GB HBM3 rounds=7 size=shipped
FSPEED-NOTE lane=gemm arm=ours-v1-identical gemm/checks/gemm_identical.mojo::identical_gemm_into, profile mojolearn.identical.gemm.fp32.v1, strict FP32 by contract. Its fair opponent is cublas-fp32.
FSPEED-NOTE lane=gemm arm=ours-v1-identical shape=pca.transform.wide.8192x64x128 plan=TUNED 64x64 reg4x4 KS=32 fold=16 local tpb=256 hwftz=True (256 thr, 1-D grid, no swizzle)
FSPEED-WARMUP lane=gemm arm=ours-v1-identical shape=pca.transform.wide.8192x64x128 ms=0.248039
FSPEED lane=gemm arm=ours-v1-identical shape=pca.transform.wide.8192x64x128 round=1 ms=0.029936 hash=ce518fe285e59ce5
FSPEED lane=gemm arm=ours-v1-identical shape=pca.transform.wide.8192x64x128 round=2 ms=0.027336 hash=ce518fe285e59ce5
FSPEED lane=gemm arm=ours-v1-identical shape=pca.transform.wide.8192x64x128 round=3 ms=0.024874 hash=ce518fe285e59ce5
FSPEED lane=gemm arm=ours-v1-identical shape=pca.transform.wide.8192x64x128 round=4 ms=0.025957 hash=ce518fe285e59ce5
FSPEED lane=gemm arm=ours-v1-identical shape=pca.transform.wide.8192x64x128 round=5 ms=0.024679 hash=ce518fe285e59ce5
FSPEED lane=gemm arm=ours-v1-identical shape=pca.transform.wide.8192x64x128 round=6 ms=0.024929 hash=ce518fe285e59ce5
FSPEED lane=gemm arm=ours-v1-identical shape=pca.transform.wide.8192x64x128 round=7 ms=0.025159 hash=ce518fe285e59ce5
FSPEED-NOTE lane=gemm arm=ours-v1-identical shape=kmeans.dist.4096x64x64 plan=TUNED 64x64 reg4x4 KS=32 fold=16 local tpb=256 hwftz=True (256 thr, 1-D grid, no swizzle)
FSPEED-WARMUP lane=gemm arm=ours-v1-identical shape=kmeans.dist.4096x64x64 ms=0.019633
FSPEED lane=gemm arm=ours-v1-identical shape=kmeans.dist.4096x64x64 round=1 ms=0.019572 hash=05c1bddd0f21fbc0
FSPEED lane=gemm arm=ours-v1-identical shape=kmeans.dist.4096x64x64 round=2 ms=0.018724 hash=05c1bddd0f21fbc0
FSPEED lane=gemm arm=ours-v1-identical shape=kmeans.dist.4096x64x64 round=3 ms=0.018724 hash=05c1bddd0f21fbc0
FSPEED lane=gemm arm=ours-v1-identical shape=kmeans.dist.4096x64x64 round=4 ms=0.019055 hash=05c1bddd0f21fbc0
FSPEED lane=gemm arm=ours-v1-identical shape=kmeans.dist.4096x64x64 round=5 ms=0.018727 hash=05c1bddd0f21fbc0
FSPEED lane=gemm arm=ours-v1-identical shape=kmeans.dist.4096x64x64 round=6 ms=0.018967 hash=05c1bddd0f21fbc0
FSPEED lane=gemm arm=ours-v1-identical shape=kmeans.dist.4096x64x64 round=7 ms=0.018568 hash=05c1bddd0f21fbc0
FSPEED-NOTE lane=gemm arm=ours-v1-identical shape=llama8b.qkv.t512 plan=TUNED 128x128 reg8x8 KS=16 fold=16 local tpb=256 hwftz=True (256 thr, 1-D grid, no swizzle)
FSPEED-WARMUP lane=gemm arm=ours-v1-identical shape=llama8b.qkv.t512 ms=3.110153
FSPEED lane=gemm arm=ours-v1-identical shape=llama8b.qkv.t512 round=1 ms=1.529805 hash=653d78aec804b8d4
FSPEED lane=gemm arm=ours-v1-identical shape=llama8b.qkv.t512 round=2 ms=1.523785 hash=653d78aec804b8d4
FSPEED lane=gemm arm=ours-v1-identical shape=llama8b.qkv.t512 round=3 ms=1.525812 hash=653d78aec804b8d4
FSPEED lane=gemm arm=ours-v1-identical shape=llama8b.qkv.t512 round=4 ms=1.523473 hash=653d78aec804b8d4
FSPEED lane=gemm arm=ours-v1-identical shape=llama8b.qkv.t512 round=5 ms=1.521427 hash=653d78aec804b8d4
FSPEED lane=gemm arm=ours-v1-identical shape=llama8b.qkv.t512 round=6 ms=1.523241 hash=653d78aec804b8d4
FSPEED lane=gemm arm=ours-v1-identical shape=llama8b.qkv.t512 round=7 ms=1.524024 hash=653d78aec804b8d4
FSPEED-NOTE lane=gemm arm=ours-v1-identical shape=llama8b.mlp_up.t512 plan=TUNED 128x128 reg8x8 KS=16 fold=16 local tpb=256 hwftz=True (256 thr, 1-D grid, no swizzle)
FSPEED-WARMUP lane=gemm arm=ours-v1-identical shape=llama8b.mlp_up.t512 ms=6.165224
FSPEED lane=gemm arm=ours-v1-identical shape=llama8b.mlp_up.t512 round=1 ms=6.177937 hash=88ccdd14e4766d32
FSPEED lane=gemm arm=ours-v1-identical shape=llama8b.mlp_up.t512 round=2 ms=6.171969 hash=88ccdd14e4766d32
FSPEED lane=gemm arm=ours-v1-identical shape=llama8b.mlp_up.t512 round=3 ms=6.173674 hash=88ccdd14e4766d32
FSPEED lane=gemm arm=ours-v1-identical shape=llama8b.mlp_up.t512 round=4 ms=6.180068 hash=88ccdd14e4766d32
FSPEED lane=gemm arm=ours-v1-identical shape=llama8b.mlp_up.t512 round=5 ms=6.180215 hash=88ccdd14e4766d32
FSPEED lane=gemm arm=ours-v1-identical shape=llama8b.mlp_up.t512 round=6 ms=6.160016 hash=88ccdd14e4766d32
FSPEED lane=gemm arm=ours-v1-identical shape=llama8b.mlp_up.t512 round=7 ms=6.192862 hash=88ccdd14e4766d32
FSPEED-NOTE lane=gemm arm=ours-v1-identical shape=llama8b.mlp_down.t512 plan=TUNED 128x128 reg8x8 KS=16 fold=16 local tpb=256 hwftz=True (256 thr, 1-D grid, no swizzle)
FSPEED-WARMUP lane=gemm arm=ours-v1-identical shape=llama8b.mlp_down.t512 ms=5.363622
FSPEED lane=gemm arm=ours-v1-identical shape=llama8b.mlp_down.t512 round=1 ms=5.362339 hash=f51b912d95b3677f
FSPEED lane=gemm arm=ours-v1-identical shape=llama8b.mlp_down.t512 round=2 ms=5.366043 hash=f51b912d95b3677f
FSPEED lane=gemm arm=ours-v1-identical shape=llama8b.mlp_down.t512 round=3 ms=5.356696 hash=f51b912d95b3677f
FSPEED lane=gemm arm=ours-v1-identical shape=llama8b.mlp_down.t512 round=4 ms=5.35396 hash=f51b912d95b3677f
FSPEED lane=gemm arm=ours-v1-identical shape=llama8b.mlp_down.t512 round=5 ms=5.360954 hash=f51b912d95b3677f
FSPEED lane=gemm arm=ours-v1-identical shape=llama8b.mlp_down.t512 round=6 ms=5.354192 hash=f51b912d95b3677f
FSPEED lane=gemm arm=ours-v1-identical shape=llama8b.mlp_down.t512 round=7 ms=5.356788 hash=f51b912d95b3677f
