# format: mojolearn-identity-trace v1
0	ordered.0.fold.0	f32	2	3fc1b5aa487efeb2
1	ordered.0.cursor.0	f32	5	f6c5b5213fcd8fbc
2	ordered.0.fold.1	f32	2	86171ff413885688
3	ordered.0.cursor.1	f32	11	45277c93f572f6ee
4	ordered.0.fold.2	f32	2	9cda26fcc27eda5f
5	ordered.0.cursor.2	f32	23	7b8dfe0c3710163e
6	ordered.0.fold.3	f32	2	1b535754519ed04a
7	ordered.0.cursor.3	f32	47	59c396cebd1c6a9b
8	ordered.0.fold.4	f32	2	53ad3609f5bf31ef
9	ordered.0.cursor.4	f32	65	4a0a46bebb072778
10	ordered.0.estimation	f32	2	d02954430c788f52
11	ordered.0.estimation_cursor	f32	65	ee053f81bd6f65dd
12	ordered.1.fold.0	f32	2	229b97bd40ef3a78
13	ordered.1.cursor.0	f32	5	1b0014807fbb9509
14	ordered.1.fold.1	f32	2	5b46d03b9f16d605
15	ordered.1.cursor.1	f32	11	5b5d7340e62fdc5b
16	ordered.1.fold.2	f32	2	6e0964e6792b66ca
17	ordered.1.cursor.2	f32	23	5d7967703d372776
18	ordered.1.fold.3	f32	2	119841030b54baf1
19	ordered.1.cursor.3	f32	47	a24bec19e61c4b62
20	ordered.1.fold.4	f32	2	0c16ccc89956cc02
21	ordered.1.cursor.4	f32	65	28f864110f6fb022
22	ordered.1.estimation	f32	2	fc0de93559375d50
23	ordered.1.estimation_cursor	f32	65	1e05808363d5d43f
24	ordered.2.fold.0	f32	2	adf7f333eca97232
25	ordered.2.cursor.0	f32	5	60f711649804d94d
26	ordered.2.fold.1	f32	2	26b279c948824978
27	ordered.2.cursor.1	f32	11	43fc50b1cf2552a1
28	ordered.2.fold.2	f32	2	0ffdfb8a2dae00f2
29	ordered.2.cursor.2	f32	23	4e9ddbf072394a64
30	ordered.2.fold.3	f32	2	2e7b8283e104773a
31	ordered.2.cursor.3	f32	47	812bfa217364316f
32	ordered.2.fold.4	f32	2	a490837c7e9a1fc8
33	ordered.2.cursor.4	f32	65	2e190f72befea976
34	ordered.2.estimation	f32	2	c794faf56f7d055e
35	ordered.2.estimation_cursor	f32	65	333b9368f7265b0d
