{
 "cell_witnesses": [
  {
   "fixture": "hashed",
   "lane": "par-boosting",
   "witness": {
    "detail": [
     {
      "cooperative": true,
      "devices": [
       0,
       1
      ],
      "workers": [
       {
        "devices": [
         "09bd08531c338345e1be46323ea19f5b",
         "5c4c7be6cdfa9c7ed40b74d56b47de4f"
        ],
        "pid": 61223,
        "visibility": {
         "CUDA_VISIBLE_DEVICES": "0,1"
        }
       }
      ]
     }
    ],
    "devices": [
     0,
     1
    ],
    "placement": "physical",
    "pools": 1,
    "workers": 1
   },
   "witness_refusal": null
  },
  {
   "fixture": "hashed",
   "lane": "par-byte-lm",
   "witness": {
    "detail": [],
    "devices": [
     0,
     1
    ],
    "placement": "physical",
    "pools": 0,
    "workers": 0
   },
   "witness_refusal": "the two-device column started NO device pool at all, so it ran on one device and agreeing with the one-device column proves nothing. Either the lane does not shard on this install or the driver fell back silently; both are failures of this check, not passes"
  },
  {
   "fixture": "hashed",
   "lane": "par-causal-lm",
   "witness": {
    "detail": [
     {
      "cooperative": false,
      "devices": [
       0,
       1
      ],
      "workers": [
       {
        "devices": [
         "09bd08531c338345e1be46323ea19f5b"
        ],
        "pid": 61438,
        "visibility": {
         "CUDA_VISIBLE_DEVICES": "0"
        }
       },
       {
        "devices": [
         "5c4c7be6cdfa9c7ed40b74d56b47de4f"
        ],
        "pid": 61439,
        "visibility": {
         "CUDA_VISIBLE_DEVICES": "1"
        }
       }
      ]
     },
     {
      "cooperative": false,
      "devices": [
       0,
       1
      ],
      "workers": [
       {
        "devices": [
         "09bd08531c338345e1be46323ea19f5b"
        ],
        "pid": 61590,
        "visibility": {
         "CUDA_VISIBLE_DEVICES": "0"
        }
       },
       {
        "devices": [
         "5c4c7be6cdfa9c7ed40b74d56b47de4f"
        ],
        "pid": 61591,
        "visibility": {
         "CUDA_VISIBLE_DEVICES": "1"
        }
       }
      ]
     }
    ],
    "devices": [
     0,
     1
    ],
    "placement": "physical",
    "pools": 2,
    "workers": 4
   },
   "witness_refusal": null
  },
  {
   "fixture": "hashed",
   "lane": "par-cholesky",
   "witness": {
    "detail": [
     {
      "cooperative": true,
      "devices": [
       0,
       1
      ],
      "workers": [
       {
        "devices": [
         "09bd08531c338345e1be46323ea19f5b",
         "5c4c7be6cdfa9c7ed40b74d56b47de4f"
        ],
        "pid": 62014,
        "visibility": {
         "CUDA_VISIBLE_DEVICES": "0,1"
        }
       }
      ]
     },
     {
      "cooperative": true,
      "devices": [
       0,
       1
      ],
      "workers": [
       {
        "devices": [
         "09bd08531c338345e1be46323ea19f5b",
         "5c4c7be6cdfa9c7ed40b74d56b47de4f"
        ],
        "pid": 62087,
        "visibility": {
         "CUDA_VISIBLE_DEVICES": "0,1"
        }
       }
      ]
     },
     {
      "cooperative": true,
      "devices": [
       0,
       1
      ],
      "workers": [
       {
        "devices": [
         "09bd08531c338345e1be46323ea19f5b",
         "5c4c7be6cdfa9c7ed40b74d56b47de4f"
        ],
        "pid": 62160,
        "visibility": {
         "CUDA_VISIBLE_DEVICES": "0,1"
        }
       }
      ]
     },
     {
      "cooperative": true,
      "devices": [
       0,
       1
      ],
      "workers": [
       {
        "devices": [
         "09bd08531c338345e1be46323ea19f5b",
         "5c4c7be6cdfa9c7ed40b74d56b47de4f"
        ],
        "pid": 62233,
        "visibility": {
         "CUDA_VISIBLE_DEVICES": "0,1"
        }
       }
      ]
     }
    ],
    "devices": [
     0,
     1
    ],
    "placement": "physical",
    "pools": 4,
    "workers": 4
   },
   "witness_refusal": null
  },
  {
   "fixture": "hashed",
   "lane": "par-cross-val",
   "witness": {
    "detail": [
     {
      "cooperative": false,
      "devices": [
       0,
       1
      ],
      "workers": [
       {
        "devices": [
         "09bd08531c338345e1be46323ea19f5b"
        ],
        "pid": 62377,
        "visibility": {
         "CUDA_VISIBLE_DEVICES": "0"
        }
       },
       {
        "devices": [
         "5c4c7be6cdfa9c7ed40b74d56b47de4f"
        ],
        "pid": 62378,
        "visibility": {
         "CUDA_VISIBLE_DEVICES": "1"
        }
       }
      ]
     }
    ],
    "devices": [
     0,
     1
    ],
    "placement": "physical",
    "pools": 1,
    "workers": 2
   },
   "witness_refusal": null
  },
  {
   "fixture": "hashed",
   "lane": "par-dbscan",
   "witness": {
    "detail": [
     {
      "cooperative": true,
      "devices": [
       0,
       1
      ],
      "workers": [
       {
        "devices": [
         "09bd08531c338345e1be46323ea19f5b",
         "5c4c7be6cdfa9c7ed40b74d56b47de4f"
        ],
        "pid": 62590,
        "visibility": {
         "CUDA_VISIBLE_DEVICES": "0,1"
        }
       }
      ]
     }
    ],
    "devices": [
     0,
     1
    ],
    "placement": "physical",
    "pools": 1,
    "workers": 1
   },
   "witness_refusal": null
  },
  {
   "fixture": "hashed",
   "lane": "par-forecast-holtwinters",
   "witness": {
    "detail": [
     {
      "cooperative": false,
      "devices": [
       0,
       1
      ],
      "workers": [
       {
        "devices": [
         "09bd08531c338345e1be46323ea19f5b"
        ],
        "pid": 63316,
        "visibility": {
         "CUDA_VISIBLE_DEVICES": "0"
        }
       },
       {
        "devices": [
         "5c4c7be6cdfa9c7ed40b74d56b47de4f"
        ],
        "pid": 63317,
        "visibility": {
         "CUDA_VISIBLE_DEVICES": "1"
        }
       }
      ]
     },
     {
      "cooperative": false,
      "devices": [
       0,
       1
      ],
      "workers": [
       {
        "devices": [
         "09bd08531c338345e1be46323ea19f5b"
        ],
        "pid": 63470,
        "visibility": {
         "CUDA_VISIBLE_DEVICES": "0"
        }
       },
       {
        "devices": [
         "5c4c7be6cdfa9c7ed40b74d56b47de4f"
        ],
        "pid": 63471,
        "visibility": {
         "CUDA_VISIBLE_DEVICES": "1"
        }
       }
      ]
     },
     {
      "cooperative": false,
      "devices": [
       0,
       1
      ],
      "workers": [
       {
        "devices": [
         "09bd08531c338345e1be46323ea19f5b"
        ],
        "pid": 63612,
        "visibility": {
         "CUDA_VISIBLE_DEVICES": "0"
        }
       },
       {
        "devices": [
         "5c4c7be6cdfa9c7ed40b74d56b47de4f"
        ],
        "pid": 63613,
        "visibility": {
         "CUDA_VISIBLE_DEVICES": "1"
        }
       }
      ]
     },
     {
      "cooperative": false,
      "devices": [
       0,
       1
      ],
      "workers": [
       {
        "devices": [
         "09bd08531c338345e1be46323ea19f5b"
        ],
        "pid": 63754,
        "visibility": {
         "CUDA_VISIBLE_DEVICES": "0"
        }
       },
       {
        "devices": [
         "5c4c7be6cdfa9c7ed40b74d56b47de4f"
        ],
        "pid": 63755,
        "visibility": {
         "CUDA_VISIBLE_DEVICES": "1"
        }
       }
      ]
     },
     {
      "cooperative": false,
      "devices": [
       0,
       1
      ],
      "workers": [
       {
        "devices": [
         "09bd08531c338345e1be46323ea19f5b"
        ],
        "pid": 63896,
        "visibility": {
         "CUDA_VISIBLE_DEVICES": "0"
        }
       },
       {
        "devices": [
         "5c4c7be6cdfa9c7ed40b74d56b47de4f"
        ],
        "pid": 63897,
        "visibility": {
         "CUDA_VISIBLE_DEVICES": "1"
        }
       }
      ]
     },
     {
      "cooperative": false,
      "devices": [
       0,
       1
      ],
      "workers": [
       {
        "devices": [
         "09bd08531c338345e1be46323ea19f5b"
        ],
        "pid": 64038,
        "visibility": {
         "CUDA_VISIBLE_DEVICES": "0"
        }
       },
       {
        "devices": [
         "5c4c7be6cdfa9c7ed40b74d56b47de4f"
        ],
        "pid": 64039,
        "visibility": {
         "CUDA_VISIBLE_DEVICES": "1"
        }
       }
      ]
     },
     {
      "cooperative": false,
      "devices": [
       0,
       1
      ],
      "workers": [
       {
        "devices": [
         "09bd08531c338345e1be46323ea19f5b"
        ],
        "pid": 64180,
        "visibility": {
         "CUDA_VISIBLE_DEVICES": "0"
        }
       },
       {
        "devices": [
         "5c4c7be6cdfa9c7ed40b74d56b47de4f"
        ],
        "pid": 64181,
        "visibility": {
         "CUDA_VISIBLE_DEVICES": "1"
        }
       }
      ]
     },
     {
      "cooperative": false,
      "devices": [
       0,
       1
      ],
      "workers": [
       {
        "devices": [
         "09bd08531c338345e1be46323ea19f5b"
        ],
        "pid": 64322,
        "visibility": {
         "CUDA_VISIBLE_DEVICES": "0"
        }
       },
       {
        "devices": [
         "5c4c7be6cdfa9c7ed40b74d56b47de4f"
        ],
        "pid": 64323,
        "visibility": {
         "CUDA_VISIBLE_DEVICES": "1"
        }
       }
      ]
     },
     {
      "cooperative": false,
      "devices": [
       0,
       1
      ],
      "workers": [
       {
        "devices": [
         "09bd08531c338345e1be46323ea19f5b"
        ],
        "pid": 64475,
        "visibility": {
         "CUDA_VISIBLE_DEVICES": "0"
        }
       },
       {
        "devices": [
         "5c4c7be6cdfa9c7ed40b74d56b47de4f"
        ],
        "pid": 64476,
        "visibility": {
         "CUDA_VISIBLE_DEVICES": "1"
        }
       }
      ]
     }
    ],
    "devices": [
     0,
     1
    ],
    "placement": "physical",
    "pools": 9,
    "workers": 18
   },
   "witness_refusal": null
  },
  {
   "fixture": "hashed",
   "lane": "par-forest-et",
   "witness": {
    "detail": [
     {
      "cooperative": false,
      "devices": [
       0,
       1
      ],
      "workers": [
       {
        "devices": [
         "09bd08531c338345e1be46323ea19f5b"
        ],
        "pid": 64689,
        "visibility": {
         "CUDA_VISIBLE_DEVICES": "0"
        }
       },
       {
        "devices": [
         "5c4c7be6cdfa9c7ed40b74d56b47de4f"
        ],
        "pid": 64690,
        "visibility": {
         "CUDA_VISIBLE_DEVICES": "1"
        }
       }
      ]
     }
    ],
    "devices": [
     0,
     1
    ],
    "placement": "physical",
    "pools": 1,
    "workers": 2
   },
   "witness_refusal": null
  },
  {
   "fixture": "hashed",
   "lane": "par-forest-et-clf",
   "witness": {
    "detail": [
     {
      "cooperative": false,
      "devices": [
       0,
       1
      ],
      "workers": [
       {
        "devices": [
         "09bd08531c338345e1be46323ea19f5b"
        ],
        "pid": 64902,
        "visibility": {
         "CUDA_VISIBLE_DEVICES": "0"
        }
       },
       {
        "devices": [
         "5c4c7be6cdfa9c7ed40b74d56b47de4f"
        ],
        "pid": 64903,
        "visibility": {
         "CUDA_VISIBLE_DEVICES": "1"
        }
       }
      ]
     }
    ],
    "devices": [
     0,
     1
    ],
    "placement": "physical",
    "pools": 1,
    "workers": 2
   },
   "witness_refusal": null
  },
  {
   "fixture": "hashed",
   "lane": "par-forest-pool",
   "witness": {
    "detail": [
     {
      "cooperative": true,
      "devices": [
       0,
       1
      ],
      "workers": [
       {
        "devices": [
         "09bd08531c338345e1be46323ea19f5b",
         "5c4c7be6cdfa9c7ed40b74d56b47de4f"
        ],
        "pid": 65257,
        "visibility": {
         "CUDA_VISIBLE_DEVICES": "0,1"
        }
       }
      ]
     },
     {
      "cooperative": true,
      "devices": [
       0,
       1
      ],
      "workers": [
       {
        "devices": [
         "09bd08531c338345e1be46323ea19f5b",
         "5c4c7be6cdfa9c7ed40b74d56b47de4f"
        ],
        "pid": 65330,
        "visibility": {
         "CUDA_VISIBLE_DEVICES": "0,1"
        }
       }
      ]
     },
     {
      "cooperative": true,
      "devices": [
       0,
       1
      ],
      "workers": [
       {
        "devices": [
         "09bd08531c338345e1be46323ea19f5b",
         "5c4c7be6cdfa9c7ed40b74d56b47de4f"
        ],
        "pid": 65403,
        "visibility": {
         "CUDA_VISIBLE_DEVICES": "0,1"
        }
       }
      ]
     }
    ],
    "devices": [
     0,
     1
    ],
    "placement": "physical",
    "pools": 3,
    "workers": 3
   },
   "witness_refusal": null
  },
  {
   "fixture": "hashed",
   "lane": "par-gmm",
   "witness": {
    "detail": [
     {
      "cooperative": true,
      "devices": [
       0,
       1
      ],
      "workers": [
       {
        "devices": [
         "09bd08531c338345e1be46323ea19f5b",
         "5c4c7be6cdfa9c7ed40b74d56b47de4f"
        ],
        "pid": 65904,
        "visibility": {
         "CUDA_VISIBLE_DEVICES": "0,1"
        }
       }
      ]
     },
     {
      "cooperative": true,
      "devices": [
       0,
       1
      ],
      "workers": [
       {
        "devices": [
         "09bd08531c338345e1be46323ea19f5b",
         "5c4c7be6cdfa9c7ed40b74d56b47de4f"
        ],
        "pid": 65987,
        "visibility": {
         "CUDA_VISIBLE_DEVICES": "0,1"
        }
       }
      ]
     },
     {
      "cooperative": true,
      "devices": [
       0,
       1
      ],
      "workers": [
       {
        "devices": [
         "09bd08531c338345e1be46323ea19f5b",
         "5c4c7be6cdfa9c7ed40b74d56b47de4f"
        ],
        "pid": 66060,
        "visibility": {
         "CUDA_VISIBLE_DEVICES": "0,1"
        }
       }
      ]
     },
     {
      "cooperative": true,
      "devices": [
       0,
       1
      ],
      "workers": [
       {
        "devices": [
         "09bd08531c338345e1be46323ea19f5b",
         "5c4c7be6cdfa9c7ed40b74d56b47de4f"
        ],
        "pid": 66133,
        "visibility": {
         "CUDA_VISIBLE_DEVICES": "0,1"
        }
       }
      ]
     },
     {
      "cooperative": true,
      "devices": [
       0,
       1
      ],
      "workers": [
       {
        "devices": [
         "09bd08531c338345e1be46323ea19f5b",
         "5c4c7be6cdfa9c7ed40b74d56b47de4f"
        ],
        "pid": 66206,
        "visibility": {
         "CUDA_VISIBLE_DEVICES": "0,1"
        }
       }
      ]
     },
     {
      "cooperative": true,
      "devices": [
       0,
       1
      ],
      "workers": [
       {
        "devices": [
         "09bd08531c338345e1be46323ea19f5b",
         "5c4c7be6cdfa9c7ed40b74d56b47de4f"
        ],
        "pid": 66279,
        "visibility": {
         "CUDA_VISIBLE_DEVICES": "0,1"
        }
       }
      ]
     }
    ],
    "devices": [
     0,
     1
    ],
    "placement": "physical",
    "pools": 6,
    "workers": 6
   },
   "witness_refusal": null
  },
  {
   "fixture": "hashed",
   "lane": "par-gram-tsvd",
   "witness": {
    "detail": [
     {
      "cooperative": true,
      "devices": [
       0,
       1
      ],
      "workers": [
       {
        "devices": [
         "09bd08531c338345e1be46323ea19f5b",
         "5c4c7be6cdfa9c7ed40b74d56b47de4f"
        ],
        "pid": 66437,
        "visibility": {
         "CUDA_VISIBLE_DEVICES": "0,1"
        }
       }
      ]
     }
    ],
    "devices": [
     0,
     1
    ],
    "placement": "physical",
    "pools": 1,
    "workers": 1
   },
   "witness_refusal": null
  },
  {
   "fixture": "hashed",
   "lane": "par-graph-agglomerative",
   "witness": {
    "detail": [
     {
      "cooperative": true,
      "devices": [
       0,
       1
      ],
      "workers": [
       {
        "devices": [
         "09bd08531c338345e1be46323ea19f5b",
         "5c4c7be6cdfa9c7ed40b74d56b47de4f"
        ],
        "pid": 66581,
        "visibility": {
         "CUDA_VISIBLE_DEVICES": "0,1"
        }
       }
      ]
     }
    ],
    "devices": [
     0,
     1
    ],
    "placement": "physical",
    "pools": 1,
    "workers": 1
   },
   "witness_refusal": null
  },
  {
   "fixture": "hashed",
   "lane": "par-graph-spectral",
   "witness": {
    "detail": [
     {
      "cooperative": true,
      "devices": [
       0,
       1
      ],
      "workers": [
       {
        "devices": [
         "09bd08531c338345e1be46323ea19f5b",
         "5c4c7be6cdfa9c7ed40b74d56b47de4f"
        ],
        "pid": 66725,
        "visibility": {
         "CUDA_VISIBLE_DEVICES": "0,1"
        }
       }
      ]
     }
    ],
    "devices": [
     0,
     1
    ],
    "placement": "physical",
    "pools": 1,
    "workers": 1
   },
   "witness_refusal": null
  },
  {
   "fixture": "hashed",
   "lane": "par-kernel-ridge",
   "witness": {
    "detail": [
     {
      "cooperative": true,
      "devices": [
       0,
       1
      ],
      "workers": [
       {
        "devices": [
         "09bd08531c338345e1be46323ea19f5b",
         "5c4c7be6cdfa9c7ed40b74d56b47de4f"
        ],
        "pid": 67082,
        "visibility": {
         "CUDA_VISIBLE_DEVICES": "0,1"
        }
       }
      ]
     },
     {
      "cooperative": true,
      "devices": [
       0,
       1
      ],
      "workers": [
       {
        "devices": [
         "09bd08531c338345e1be46323ea19f5b",
         "5c4c7be6cdfa9c7ed40b74d56b47de4f"
        ],
        "pid": 67166,
        "visibility": {
         "CUDA_VISIBLE_DEVICES": "0,1"
        }
       }
      ]
     },
     {
      "cooperative": true,
      "devices": [
       0,
       1
      ],
      "workers": [
       {
        "devices": [
         "09bd08531c338345e1be46323ea19f5b",
         "5c4c7be6cdfa9c7ed40b74d56b47de4f"
        ],
        "pid": 67240,
        "visibility": {
         "CUDA_VISIBLE_DEVICES": "0,1"
        }
       }
      ]
     },
     {
      "cooperative": true,
      "devices": [
       0,
       1
      ],
      "workers": [
       {
        "devices": [
         "09bd08531c338345e1be46323ea19f5b",
         "5c4c7be6cdfa9c7ed40b74d56b47de4f"
        ],
        "pid": 67313,
        "visibility": {
         "CUDA_VISIBLE_DEVICES": "0,1"
        }
       }
      ]
     }
    ],
    "devices": [
     0,
     1
    ],
    "placement": "physical",
    "pools": 4,
    "workers": 4
   },
   "witness_refusal": null
  },
  {
   "fixture": "hashed",
   "lane": "par-ordered",
   "witness": {
    "detail": [
     {
      "cooperative": true,
      "devices": [
       0,
       1
      ],
      "workers": [
       {
        "devices": [
         "09bd08531c338345e1be46323ea19f5b",
         "5c4c7be6cdfa9c7ed40b74d56b47de4f"
        ],
        "pid": 67457,
        "visibility": {
         "CUDA_VISIBLE_DEVICES": "0,1"
        }
       }
      ]
     }
    ],
    "devices": [
     0,
     1
    ],
    "placement": "physical",
    "pools": 1,
    "workers": 1
   },
   "witness_refusal": null
  },
  {
   "fixture": "hashed",
   "lane": "par-queries-knn",
   "witness": {
    "detail": [
     {
      "cooperative": false,
      "devices": [
       0,
       1
      ],
      "workers": [
       {
        "devices": [
         "09bd08531c338345e1be46323ea19f5b"
        ],
        "pid": 67956,
        "visibility": {
         "CUDA_VISIBLE_DEVICES": "0"
        }
       },
       {
        "devices": [
         "5c4c7be6cdfa9c7ed40b74d56b47de4f"
        ],
        "pid": 67957,
        "visibility": {
         "CUDA_VISIBLE_DEVICES": "1"
        }
       }
      ]
     },
     {
      "cooperative": false,
      "devices": [
       0,
       1
      ],
      "workers": [
       {
        "devices": [
         "09bd08531c338345e1be46323ea19f5b"
        ],
        "pid": 68098,
        "visibility": {
         "CUDA_VISIBLE_DEVICES": "0"
        }
       },
       {
        "devices": [
         "5c4c7be6cdfa9c7ed40b74d56b47de4f"
        ],
        "pid": 68099,
        "visibility": {
         "CUDA_VISIBLE_DEVICES": "1"
        }
       }
      ]
     },
     {
      "cooperative": false,
      "devices": [
       0,
       1
      ],
      "workers": [
       {
        "devices": [
         "09bd08531c338345e1be46323ea19f5b"
        ],
        "pid": 68240,
        "visibility": {
         "CUDA_VISIBLE_DEVICES": "0"
        }
       },
       {
        "devices": [
         "5c4c7be6cdfa9c7ed40b74d56b47de4f"
        ],
        "pid": 68241,
        "visibility": {
         "CUDA_VISIBLE_DEVICES": "1"
        }
       }
      ]
     },
     {
      "cooperative": false,
      "devices": [
       0,
       1
      ],
      "workers": [
       {
        "devices": [
         "09bd08531c338345e1be46323ea19f5b"
        ],
        "pid": 68384,
        "visibility": {
         "CUDA_VISIBLE_DEVICES": "0"
        }
       },
       {
        "devices": [
         "5c4c7be6cdfa9c7ed40b74d56b47de4f"
        ],
        "pid": 68385,
        "visibility": {
         "CUDA_VISIBLE_DEVICES": "1"
        }
       }
      ]
     },
     {
      "cooperative": false,
      "devices": [
       0,
       1
      ],
      "workers": [
       {
        "devices": [
         "09bd08531c338345e1be46323ea19f5b"
        ],
        "pid": 68536,
        "visibility": {
         "CUDA_VISIBLE_DEVICES": "0"
        }
       },
       {
        "devices": [
         "5c4c7be6cdfa9c7ed40b74d56b47de4f"
        ],
        "pid": 68537,
        "visibility": {
         "CUDA_VISIBLE_DEVICES": "1"
        }
       }
      ]
     },
     {
      "cooperative": false,
      "devices": [
       0,
       1
      ],
      "workers": [
       {
        "devices": [
         "09bd08531c338345e1be46323ea19f5b"
        ],
        "pid": 68678,
        "visibility": {
         "CUDA_VISIBLE_DEVICES": "0"
        }
       },
       {
        "devices": [
         "5c4c7be6cdfa9c7ed40b74d56b47de4f"
        ],
        "pid": 68679,
        "visibility": {
         "CUDA_VISIBLE_DEVICES": "1"
        }
       }
      ]
     }
    ],
    "devices": [
     0,
     1
    ],
    "placement": "physical",
    "pools": 6,
    "workers": 12
   },
   "witness_refusal": null
  },
  {
   "fixture": "hashed",
   "lane": "par-queries-nn",
   "witness": {
    "detail": [
     {
      "cooperative": false,
      "devices": [
       0,
       1
      ],
      "workers": [
       {
        "devices": [
         "09bd08531c338345e1be46323ea19f5b"
        ],
        "pid": 69118,
        "visibility": {
         "CUDA_VISIBLE_DEVICES": "0"
        }
       },
       {
        "devices": [
         "5c4c7be6cdfa9c7ed40b74d56b47de4f"
        ],
        "pid": 69119,
        "visibility": {
         "CUDA_VISIBLE_DEVICES": "1"
        }
       }
      ]
     },
     {
      "cooperative": false,
      "devices": [
       0,
       1
      ],
      "workers": [
       {
        "devices": [
         "09bd08531c338345e1be46323ea19f5b"
        ],
        "pid": 69260,
        "visibility": {
         "CUDA_VISIBLE_DEVICES": "0"
        }
       },
       {
        "devices": [
         "5c4c7be6cdfa9c7ed40b74d56b47de4f"
        ],
        "pid": 69261,
        "visibility": {
         "CUDA_VISIBLE_DEVICES": "1"
        }
       }
      ]
     },
     {
      "cooperative": false,
      "devices": [
       0,
       1
      ],
      "workers": [
       {
        "devices": [
         "09bd08531c338345e1be46323ea19f5b"
        ],
        "pid": 69402,
        "visibility": {
         "CUDA_VISIBLE_DEVICES": "0"
        }
       },
       {
        "devices": [
         "5c4c7be6cdfa9c7ed40b74d56b47de4f"
        ],
        "pid": 69403,
        "visibility": {
         "CUDA_VISIBLE_DEVICES": "1"
        }
       }
      ]
     },
     {
      "cooperative": false,
      "devices": [
       0,
       1
      ],
      "workers": [
       {
        "devices": [
         "09bd08531c338345e1be46323ea19f5b"
        ],
        "pid": 69544,
        "visibility": {
         "CUDA_VISIBLE_DEVICES": "0"
        }
       },
       {
        "devices": [
         "5c4c7be6cdfa9c7ed40b74d56b47de4f"
        ],
        "pid": 69545,
        "visibility": {
         "CUDA_VISIBLE_DEVICES": "1"
        }
       }
      ]
     }
    ],
    "devices": [
     0,
     1
    ],
    "placement": "physical",
    "pools": 4,
    "workers": 8
   },
   "witness_refusal": null
  },
  {
   "fixture": "hashed",
   "lane": "par-scaler-minmax",
   "witness": {
    "detail": [
     {
      "cooperative": false,
      "devices": [
       0,
       1
      ],
      "workers": [
       {
        "devices": [
         "09bd08531c338345e1be46323ea19f5b"
        ],
        "pid": 69899,
        "visibility": {
         "CUDA_VISIBLE_DEVICES": "0"
        }
       },
       {
        "devices": [
         "5c4c7be6cdfa9c7ed40b74d56b47de4f"
        ],
        "pid": 69900,
        "visibility": {
         "CUDA_VISIBLE_DEVICES": "1"
        }
       }
      ]
     },
     {
      "cooperative": false,
      "devices": [
       0,
       1
      ],
      "workers": [
       {
        "devices": [
         "09bd08531c338345e1be46323ea19f5b"
        ],
        "pid": 70041,
        "visibility": {
         "CUDA_VISIBLE_DEVICES": "0"
        }
       },
       {
        "devices": [
         "5c4c7be6cdfa9c7ed40b74d56b47de4f"
        ],
        "pid": 70042,
        "visibility": {
         "CUDA_VISIBLE_DEVICES": "1"
        }
       }
      ]
     },
     {
      "cooperative": false,
      "devices": [
       0,
       1
      ],
      "workers": [
       {
        "devices": [
         "09bd08531c338345e1be46323ea19f5b"
        ],
        "pid": 70185,
        "visibility": {
         "CUDA_VISIBLE_DEVICES": "0"
        }
       },
       {
        "devices": [
         "5c4c7be6cdfa9c7ed40b74d56b47de4f"
        ],
        "pid": 70186,
        "visibility": {
         "CUDA_VISIBLE_DEVICES": "1"
        }
       }
      ]
     }
    ],
    "devices": [
     0,
     1
    ],
    "placement": "physical",
    "pools": 3,
    "workers": 6
   },
   "witness_refusal": null
  },
  {
   "fixture": "hashed",
   "lane": "par-svm-svr",
   "witness": {
    "detail": [
     {
      "cooperative": true,
      "devices": [
       0,
       1
      ],
      "workers": [
       {
        "devices": [
         "09bd08531c338345e1be46323ea19f5b",
         "5c4c7be6cdfa9c7ed40b74d56b47de4f"
        ],
        "pid": 70479,
        "visibility": {
         "CUDA_VISIBLE_DEVICES": "0,1"
        }
       }
      ]
     },
     {
      "cooperative": true,
      "devices": [
       0,
       1
      ],
      "workers": [
       {
        "devices": [
         "09bd08531c338345e1be46323ea19f5b",
         "5c4c7be6cdfa9c7ed40b74d56b47de4f"
        ],
        "pid": 70552,
        "visibility": {
         "CUDA_VISIBLE_DEVICES": "0,1"
        }
       }
      ]
     }
    ],
    "devices": [
     0,
     1
    ],
    "placement": "physical",
    "pools": 2,
    "workers": 2
   },
   "witness_refusal": null
  }
 ],
 "cells": [
  {
   "fixture": "hashed",
   "lane": "par-boosting",
   "one": "cf3de2636433b65a",
   "one_error": null,
   "part": "train",
   "seconds": 6.637,
   "two": "cf3de2636433b65a",
   "two_error": null,
   "verdict": "IDENTICAL"
  },
  {
   "fixture": "hashed",
   "lane": "par-boosting",
   "one": "548cebaf2b1310eb",
   "one_error": null,
   "part": "infer",
   "seconds": 6.637,
   "two": "548cebaf2b1310eb",
   "two_error": null,
   "verdict": "IDENTICAL"
  },
  {
   "fixture": "hashed",
   "lane": "par-boosting",
   "one": "24d9422c46dcfff9",
   "one_error": null,
   "part": "model",
   "seconds": 6.637,
   "two": "24d9422c46dcfff9",
   "two_error": null,
   "verdict": "IDENTICAL"
  },
  {
   "fixture": "hashed",
   "lane": "par-boosting",
   "one": "8cb251b8df89f2dd",
   "one_error": null,
   "part": "batch",
   "seconds": 6.637,
   "two": "8cb251b8df89f2dd",
   "two_error": null,
   "verdict": "IDENTICAL"
  },
  {
   "fixture": "hashed",
   "lane": "par-boosting",
   "one": "n/a:no-decode-state",
   "one_error": null,
   "part": "stepfull",
   "seconds": 6.637,
   "two": "n/a:no-decode-state",
   "two_error": null,
   "verdict": "N/A"
  },
  {
   "fixture": "hashed",
   "lane": "par-byte-lm",
   "one": "ddb13a422e4d2858",
   "one_error": null,
   "part": "train",
   "seconds": 1.261,
   "two": "ddb13a422e4d2858",
   "two_error": null,
   "verdict": "IDENTICAL"
  },
  {
   "fixture": "hashed",
   "lane": "par-byte-lm",
   "one": "n/a:function",
   "one_error": null,
   "part": "infer",
   "seconds": 1.261,
   "two": "n/a:function",
   "two_error": null,
   "verdict": "N/A"
  },
  {
   "fixture": "hashed",
   "lane": "par-byte-lm",
   "one": "n/a:no-save",
   "one_error": null,
   "part": "model",
   "seconds": 1.261,
   "two": "n/a:no-save",
   "two_error": null,
   "verdict": "N/A"
  },
  {
   "fixture": "hashed",
   "lane": "par-byte-lm",
   "one": "n/a:driver-step (ParallelByteLanguageModelTrainer and its Pooled and Offloaded subclasses have train_step, state_dict, export_gradients and checkpoint only, python/mojolearn/parallel_training.py:89-172; train_step returns per-shard mean losses and one update from the shard-mean gradient, so no output belongs to one sequence, and the shard split is held to the replica trainer by the train column)",
   "one_error": null,
   "part": "batch",
   "seconds": 1.261,
   "two": "n/a:driver-step (ParallelByteLanguageModelTrainer and its Pooled and Offloaded subclasses have train_step, state_dict, export_gradients and checkpoint only, python/mojolearn/parallel_training.py:89-172; train_step returns per-shard mean losses and one update from the shard-mean gradient, so no output belongs to one sequence, and the shard split is held to the replica trainer by the train column)",
   "two_error": null,
   "verdict": "N/A"
  },
  {
   "fixture": "hashed",
   "lane": "par-byte-lm",
   "one": "n/a:driver-lane (the multi-GPU drivers carry no decode state; the single-device twin lane is asked)",
   "one_error": null,
   "part": "stepfull",
   "seconds": 1.261,
   "two": "n/a:driver-lane (the multi-GPU drivers carry no decode state; the single-device twin lane is asked)",
   "two_error": null,
   "verdict": "N/A"
  },
  {
   "fixture": "hashed",
   "lane": "par-causal-lm",
   "one": "37c495fc132ea9db",
   "one_error": null,
   "part": "train",
   "seconds": 9.548,
   "two": "37c495fc132ea9db",
   "two_error": null,
   "verdict": "IDENTICAL"
  },
  {
   "fixture": "hashed",
   "lane": "par-causal-lm",
   "one": "n/a:function",
   "one_error": null,
   "part": "infer",
   "seconds": 9.548,
   "two": "n/a:function",
   "two_error": null,
   "verdict": "N/A"
  },
  {
   "fixture": "hashed",
   "lane": "par-causal-lm",
   "one": "n/a:no-save",
   "one_error": null,
   "part": "model",
   "seconds": 9.548,
   "two": "n/a:no-save",
   "two_error": null,
   "verdict": "N/A"
  },
  {
   "fixture": "hashed",
   "lane": "par-causal-lm",
   "one": "b2dfd7cd9cf444df",
   "one_error": null,
   "part": "batch",
   "seconds": 9.548,
   "two": "b2dfd7cd9cf444df",
   "two_error": null,
   "verdict": "IDENTICAL"
  },
  {
   "fixture": "hashed",
   "lane": "par-causal-lm",
   "one": "n/a:driver-lane (the layer owners hold the state in their own worker processes; the single-device CausalLM twin, hf-causal-lm, carries the prefill-against-decode flag)",
   "one_error": null,
   "part": "stepfull",
   "seconds": 9.548,
   "two": "n/a:driver-lane (the layer owners hold the state in their own worker processes; the single-device CausalLM twin, hf-causal-lm, carries the prefill-against-decode flag)",
   "two_error": null,
   "verdict": "N/A"
  },
  {
   "fixture": "hashed",
   "lane": "par-cholesky",
   "one": "9c76f2d6af73c6d1",
   "one_error": null,
   "part": "train",
   "seconds": 17.822,
   "two": "9c76f2d6af73c6d1",
   "two_error": null,
   "verdict": "IDENTICAL"
  },
  {
   "fixture": "hashed",
   "lane": "par-cholesky",
   "one": "fe97a943d47b6b63",
   "one_error": null,
   "part": "infer",
   "seconds": 17.822,
   "two": "fe97a943d47b6b63",
   "two_error": null,
   "verdict": "IDENTICAL"
  },
  {
   "fixture": "hashed",
   "lane": "par-cholesky",
   "one": "018713a15aa6d5b1",
   "one_error": null,
   "part": "model",
   "seconds": 17.822,
   "two": "018713a15aa6d5b1",
   "two_error": null,
   "verdict": "IDENTICAL"
  },
  {
   "fixture": "hashed",
   "lane": "par-cholesky",
   "one": "ee3fba791d417e34",
   "one_error": null,
   "part": "batch",
   "seconds": 17.822,
   "two": "ee3fba791d417e34",
   "two_error": null,
   "verdict": "IDENTICAL"
  },
  {
   "fixture": "hashed",
   "lane": "par-cholesky",
   "one": "n/a:no-decode-state",
   "one_error": null,
   "part": "stepfull",
   "seconds": 17.822,
   "two": "n/a:no-decode-state",
   "two_error": null,
   "verdict": "N/A"
  },
  {
   "fixture": "hashed",
   "lane": "par-cross-val",
   "one": "a2287c443cf24aa0",
   "one_error": null,
   "part": "train",
   "seconds": 4.194,
   "two": "a2287c443cf24aa0",
   "two_error": null,
   "verdict": "IDENTICAL"
  },
  {
   "fixture": "hashed",
   "lane": "par-cross-val",
   "one": "n/a:function",
   "one_error": null,
   "part": "infer",
   "seconds": 4.194,
   "two": "n/a:function",
   "two_error": null,
   "verdict": "N/A"
  },
  {
   "fixture": "hashed",
   "lane": "par-cross-val",
   "one": "n/a:no-save",
   "one_error": null,
   "part": "model",
   "seconds": 4.194,
   "two": "n/a:no-save",
   "two_error": null,
   "verdict": "N/A"
  },
  {
   "fixture": "hashed",
   "lane": "par-cross-val",
   "one": "n/a:fold-reduction (one score per fold over that fold's whole test block; a call with fewer rows is a different cross-validation, not the same one in a smaller batch)",
   "one_error": null,
   "part": "batch",
   "seconds": 4.194,
   "two": "n/a:fold-reduction (one score per fold over that fold's whole test block; a call with fewer rows is a different cross-validation, not the same one in a smaller batch)",
   "two_error": null,
   "verdict": "N/A"
  },
  {
   "fixture": "hashed",
   "lane": "par-cross-val",
   "one": "n/a:no-decode-state (a cross-validation score and a Gaussian process classifier posterior have no sequence axis and no carried state)",
   "one_error": null,
   "part": "stepfull",
   "seconds": 4.194,
   "two": "n/a:no-decode-state (a cross-validation score and a Gaussian process classifier posterior have no sequence axis and no carried state)",
   "two_error": null,
   "verdict": "N/A"
  },
  {
   "fixture": "hashed",
   "lane": "par-dbscan",
   "one": "d17808b4b9261d5d",
   "one_error": null,
   "part": "train",
   "seconds": 4.922,
   "two": "d17808b4b9261d5d",
   "two_error": null,
   "verdict": "IDENTICAL"
  },
  {
   "fixture": "hashed",
   "lane": "par-dbscan",
   "one": "3a6472714f51d8ab",
   "one_error": null,
   "part": "infer",
   "seconds": 4.922,
   "two": "3a6472714f51d8ab",
   "two_error": null,
   "verdict": "IDENTICAL"
  },
  {
   "fixture": "hashed",
   "lane": "par-dbscan",
   "one": "22074f6988a2878e",
   "one_error": null,
   "part": "model",
   "seconds": 4.922,
   "two": "22074f6988a2878e",
   "two_error": null,
   "verdict": "IDENTICAL"
  },
  {
   "fixture": "hashed",
   "lane": "par-dbscan",
   "one": "a8e67882b424a053",
   "one_error": null,
   "part": "batch",
   "seconds": 4.922,
   "two": "a8e67882b424a053",
   "two_error": null,
   "verdict": "IDENTICAL"
  },
  {
   "fixture": "hashed",
   "lane": "par-dbscan",
   "one": "n/a:no-decode-state",
   "one_error": null,
   "part": "stepfull",
   "seconds": 4.922,
   "two": "n/a:no-decode-state",
   "two_error": null,
   "verdict": "N/A"
  },
  {
   "fixture": "hashed",
   "lane": "par-forecast-holtwinters",
   "one": "a6b51ab4b2179bd4",
   "one_error": null,
   "part": "train",
   "seconds": 35.146,
   "two": "a6b51ab4b2179bd4",
   "two_error": null,
   "verdict": "IDENTICAL"
  },
  {
   "fixture": "hashed",
   "lane": "par-forecast-holtwinters",
   "one": "064801efb15ab008",
   "one_error": null,
   "part": "infer",
   "seconds": 35.146,
   "two": "064801efb15ab008",
   "two_error": null,
   "verdict": "IDENTICAL"
  },
  {
   "fixture": "hashed",
   "lane": "par-forecast-holtwinters",
   "one": "0530ffbeced1027e",
   "one_error": null,
   "part": "model",
   "seconds": 35.146,
   "two": "0530ffbeced1027e",
   "two_error": null,
   "verdict": "IDENTICAL"
  },
  {
   "fixture": "hashed",
   "lane": "par-forecast-holtwinters",
   "one": "df0ed8c8912f42ea",
   "one_error": null,
   "part": "batch",
   "seconds": 35.146,
   "two": "df0ed8c8912f42ea",
   "two_error": null,
   "verdict": "IDENTICAL"
  },
  {
   "fixture": "hashed",
   "lane": "par-forecast-holtwinters",
   "one": "n/a:no-decode-state",
   "one_error": null,
   "part": "stepfull",
   "seconds": 35.146,
   "two": "n/a:no-decode-state",
   "two_error": null,
   "verdict": "N/A"
  },
  {
   "fixture": "hashed",
   "lane": "par-forest-et",
   "one": "4e0a0d9a4670ed5f",
   "one_error": null,
   "part": "train",
   "seconds": 4.355,
   "two": "4e0a0d9a4670ed5f",
   "two_error": null,
   "verdict": "IDENTICAL"
  },
  {
   "fixture": "hashed",
   "lane": "par-forest-et",
   "one": "1ddc98bb1d441cac",
   "one_error": null,
   "part": "infer",
   "seconds": 4.355,
   "two": "1ddc98bb1d441cac",
   "two_error": null,
   "verdict": "IDENTICAL"
  },
  {
   "fixture": "hashed",
   "lane": "par-forest-et",
   "one": "029c99465d40dd66",
   "one_error": null,
   "part": "model",
   "seconds": 4.355,
   "two": "029c99465d40dd66",
   "two_error": null,
   "verdict": "IDENTICAL"
  },
  {
   "fixture": "hashed",
   "lane": "par-forest-et",
   "one": "fe0c97142529574e",
   "one_error": null,
   "part": "batch",
   "seconds": 4.355,
   "two": "fe0c97142529574e",
   "two_error": null,
   "verdict": "IDENTICAL"
  },
  {
   "fixture": "hashed",
   "lane": "par-forest-et",
   "one": "n/a:no-decode-state",
   "one_error": null,
   "part": "stepfull",
   "seconds": 4.355,
   "two": "n/a:no-decode-state",
   "two_error": null,
   "verdict": "N/A"
  },
  {
   "fixture": "hashed",
   "lane": "par-forest-et-clf",
   "one": "eb7aaadcd0843a6d",
   "one_error": null,
   "part": "train",
   "seconds": 4.635,
   "two": "eb7aaadcd0843a6d",
   "two_error": null,
   "verdict": "IDENTICAL"
  },
  {
   "fixture": "hashed",
   "lane": "par-forest-et-clf",
   "one": "122107c8d8ef1916",
   "one_error": null,
   "part": "infer",
   "seconds": 4.635,
   "two": "122107c8d8ef1916",
   "two_error": null,
   "verdict": "IDENTICAL"
  },
  {
   "fixture": "hashed",
   "lane": "par-forest-et-clf",
   "one": "94580dd625aaa11a",
   "one_error": null,
   "part": "model",
   "seconds": 4.635,
   "two": "94580dd625aaa11a",
   "two_error": null,
   "verdict": "IDENTICAL"
  },
  {
   "fixture": "hashed",
   "lane": "par-forest-et-clf",
   "one": "929c4ae2aa814f50",
   "one_error": null,
   "part": "batch",
   "seconds": 4.635,
   "two": "929c4ae2aa814f50",
   "two_error": null,
   "verdict": "IDENTICAL"
  },
  {
   "fixture": "hashed",
   "lane": "par-forest-et-clf",
   "one": "n/a:no-decode-state",
   "one_error": null,
   "part": "stepfull",
   "seconds": 4.635,
   "two": "n/a:no-decode-state",
   "two_error": null,
   "verdict": "N/A"
  },
  {
   "fixture": "hashed",
   "lane": "par-forest-pool",
   "one": "0152e8011badd318",
   "one_error": null,
   "part": "train",
   "seconds": 11.177,
   "two": "0152e8011badd318",
   "two_error": null,
   "verdict": "IDENTICAL"
  },
  {
   "fixture": "hashed",
   "lane": "par-forest-pool",
   "one": "6892d68d02eff4a3",
   "one_error": null,
   "part": "infer",
   "seconds": 11.177,
   "two": "6892d68d02eff4a3",
   "two_error": null,
   "verdict": "IDENTICAL"
  },
  {
   "fixture": "hashed",
   "lane": "par-forest-pool",
   "one": "657ecb0d20635197",
   "one_error": null,
   "part": "model",
   "seconds": 11.177,
   "two": "657ecb0d20635197",
   "two_error": null,
   "verdict": "IDENTICAL"
  },
  {
   "fixture": "hashed",
   "lane": "par-forest-pool",
   "one": "3e6eda11d8bca648",
   "one_error": null,
   "part": "batch",
   "seconds": 11.177,
   "two": "3e6eda11d8bca648",
   "two_error": null,
   "verdict": "IDENTICAL"
  },
  {
   "fixture": "hashed",
   "lane": "par-forest-pool",
   "one": "n/a:no-decode-state",
   "one_error": null,
   "part": "stepfull",
   "seconds": 11.177,
   "two": "n/a:no-decode-state",
   "two_error": null,
   "verdict": "N/A"
  },
  {
   "fixture": "hashed",
   "lane": "par-gmm",
   "one": "355ddbab85cfedb7",
   "one_error": null,
   "part": "train",
   "seconds": 21.322,
   "two": "355ddbab85cfedb7",
   "two_error": null,
   "verdict": "IDENTICAL"
  },
  {
   "fixture": "hashed",
   "lane": "par-gmm",
   "one": "746e33b1645d3636",
   "one_error": null,
   "part": "infer",
   "seconds": 21.322,
   "two": "746e33b1645d3636",
   "two_error": null,
   "verdict": "IDENTICAL"
  },
  {
   "fixture": "hashed",
   "lane": "par-gmm",
   "one": "c48e15de1d19c992",
   "one_error": null,
   "part": "model",
   "seconds": 21.322,
   "two": "c48e15de1d19c992",
   "two_error": null,
   "verdict": "IDENTICAL"
  },
  {
   "fixture": "hashed",
   "lane": "par-gmm",
   "one": "83b733810083373f",
   "one_error": null,
   "part": "batch",
   "seconds": 21.322,
   "two": "83b733810083373f",
   "two_error": null,
   "verdict": "IDENTICAL"
  },
  {
   "fixture": "hashed",
   "lane": "par-gmm",
   "one": "n/a:no-decode-state",
   "one_error": null,
   "part": "stepfull",
   "seconds": 21.322,
   "two": "n/a:no-decode-state",
   "two_error": null,
   "verdict": "N/A"
  },
  {
   "fixture": "hashed",
   "lane": "par-gram-tsvd",
   "one": "7eeaca88b0e6a8de",
   "one_error": null,
   "part": "train",
   "seconds": 3.715,
   "two": "7eeaca88b0e6a8de",
   "two_error": null,
   "verdict": "IDENTICAL"
  },
  {
   "fixture": "hashed",
   "lane": "par-gram-tsvd",
   "one": "a253da0a489ff1d7",
   "one_error": null,
   "part": "infer",
   "seconds": 3.715,
   "two": "a253da0a489ff1d7",
   "two_error": null,
   "verdict": "IDENTICAL"
  },
  {
   "fixture": "hashed",
   "lane": "par-gram-tsvd",
   "one": "9b2cd491dca9241a",
   "one_error": null,
   "part": "model",
   "seconds": 3.715,
   "two": "9b2cd491dca9241a",
   "two_error": null,
   "verdict": "IDENTICAL"
  },
  {
   "fixture": "hashed",
   "lane": "par-gram-tsvd",
   "one": "7712efc6f107037c",
   "one_error": null,
   "part": "batch",
   "seconds": 3.715,
   "two": "7712efc6f107037c",
   "two_error": null,
   "verdict": "IDENTICAL"
  },
  {
   "fixture": "hashed",
   "lane": "par-gram-tsvd",
   "one": "n/a:no-decode-state",
   "one_error": null,
   "part": "stepfull",
   "seconds": 3.715,
   "two": "n/a:no-decode-state",
   "two_error": null,
   "verdict": "N/A"
  },
  {
   "fixture": "hashed",
   "lane": "par-graph-agglomerative",
   "one": "c8df70938834dd47",
   "one_error": null,
   "part": "train",
   "seconds": 3.669,
   "two": "c8df70938834dd47",
   "two_error": null,
   "verdict": "IDENTICAL"
  },
  {
   "fixture": "hashed",
   "lane": "par-graph-agglomerative",
   "one": "26e420cf82c51709",
   "one_error": null,
   "part": "infer",
   "seconds": 3.669,
   "two": "26e420cf82c51709",
   "two_error": null,
   "verdict": "IDENTICAL"
  },
  {
   "fixture": "hashed",
   "lane": "par-graph-agglomerative",
   "one": "a18b7b9941cdcfc6",
   "one_error": null,
   "part": "model",
   "seconds": 3.669,
   "two": "a18b7b9941cdcfc6",
   "two_error": null,
   "verdict": "IDENTICAL"
  },
  {
   "fixture": "hashed",
   "lane": "par-graph-agglomerative",
   "one": "a8e67882b424a053",
   "one_error": null,
   "part": "batch",
   "seconds": 3.669,
   "two": "a8e67882b424a053",
   "two_error": null,
   "verdict": "IDENTICAL"
  },
  {
   "fixture": "hashed",
   "lane": "par-graph-agglomerative",
   "one": "n/a:no-decode-state",
   "one_error": null,
   "part": "stepfull",
   "seconds": 3.669,
   "two": "n/a:no-decode-state",
   "two_error": null,
   "verdict": "N/A"
  },
  {
   "fixture": "hashed",
   "lane": "par-graph-spectral",
   "one": "bd86f78a854d5280",
   "one_error": null,
   "part": "train",
   "seconds": 3.817,
   "two": "bd86f78a854d5280",
   "two_error": null,
   "verdict": "IDENTICAL"
  },
  {
   "fixture": "hashed",
   "lane": "par-graph-spectral",
   "one": "n/a:transductive",
   "one_error": null,
   "part": "infer",
   "seconds": 3.817,
   "two": "n/a:transductive",
   "two_error": null,
   "verdict": "N/A"
  },
  {
   "fixture": "hashed",
   "lane": "par-graph-spectral",
   "one": "n/a:no-save",
   "one_error": null,
   "part": "model",
   "seconds": 3.817,
   "two": "n/a:no-save",
   "two_error": null,
   "verdict": "N/A"
  },
  {
   "fixture": "hashed",
   "lane": "par-graph-spectral",
   "one": "n/a:transductive (the par-graph-spectral lane fits without prediction_data; SpectralClustering.predict is the spectral lane's)",
   "one_error": null,
   "part": "batch",
   "seconds": 3.817,
   "two": "n/a:transductive (the par-graph-spectral lane fits without prediction_data; SpectralClustering.predict is the spectral lane's)",
   "two_error": null,
   "verdict": "N/A"
  },
  {
   "fixture": "hashed",
   "lane": "par-graph-spectral",
   "one": "n/a:no-decode-state",
   "one_error": null,
   "part": "stepfull",
   "seconds": 3.817,
   "two": "n/a:no-decode-state",
   "two_error": null,
   "verdict": "N/A"
  },
  {
   "fixture": "hashed",
   "lane": "par-kernel-ridge",
   "one": "9724eb1fe4ac3ba8",
   "one_error": null,
   "part": "train",
   "seconds": 15.526,
   "two": "9724eb1fe4ac3ba8",
   "two_error": null,
   "verdict": "IDENTICAL"
  },
  {
   "fixture": "hashed",
   "lane": "par-kernel-ridge",
   "one": "0cea735359aaede1",
   "one_error": null,
   "part": "infer",
   "seconds": 15.526,
   "two": "0cea735359aaede1",
   "two_error": null,
   "verdict": "IDENTICAL"
  },
  {
   "fixture": "hashed",
   "lane": "par-kernel-ridge",
   "one": "1f87a429e9107ba1",
   "one_error": null,
   "part": "model",
   "seconds": 15.526,
   "two": "1f87a429e9107ba1",
   "two_error": null,
   "verdict": "IDENTICAL"
  },
  {
   "fixture": "hashed",
   "lane": "par-kernel-ridge",
   "one": "86478e83304fcc7d",
   "one_error": null,
   "part": "batch",
   "seconds": 15.526,
   "two": "86478e83304fcc7d",
   "two_error": null,
   "verdict": "IDENTICAL"
  },
  {
   "fixture": "hashed",
   "lane": "par-kernel-ridge",
   "one": "n/a:no-decode-state",
   "one_error": null,
   "part": "stepfull",
   "seconds": 15.526,
   "two": "n/a:no-decode-state",
   "two_error": null,
   "verdict": "N/A"
  },
  {
   "fixture": "hashed",
   "lane": "par-ordered",
   "one": "457ba1962b5ee0f3",
   "one_error": null,
   "part": "train",
   "seconds": 8.17,
   "two": "457ba1962b5ee0f3",
   "two_error": null,
   "verdict": "IDENTICAL"
  },
  {
   "fixture": "hashed",
   "lane": "par-ordered",
   "one": "f472f8f2e506ce3e",
   "one_error": null,
   "part": "infer",
   "seconds": 8.17,
   "two": "f472f8f2e506ce3e",
   "two_error": null,
   "verdict": "IDENTICAL"
  },
  {
   "fixture": "hashed",
   "lane": "par-ordered",
   "one": "b80eb3b72b5c95c7",
   "one_error": null,
   "part": "model",
   "seconds": 8.17,
   "two": "b80eb3b72b5c95c7",
   "two_error": null,
   "verdict": "IDENTICAL"
  },
  {
   "fixture": "hashed",
   "lane": "par-ordered",
   "one": "cd945653faa71f59",
   "one_error": null,
   "part": "batch",
   "seconds": 8.17,
   "two": "cd945653faa71f59",
   "two_error": null,
   "verdict": "IDENTICAL"
  },
  {
   "fixture": "hashed",
   "lane": "par-ordered",
   "one": "n/a:no-decode-state",
   "one_error": null,
   "part": "stepfull",
   "seconds": 8.17,
   "two": "n/a:no-decode-state",
   "two_error": null,
   "verdict": "N/A"
  },
  {
   "fixture": "hashed",
   "lane": "par-queries-knn",
   "one": "71740d620eebff2c",
   "one_error": null,
   "part": "train",
   "seconds": 23.783,
   "two": "71740d620eebff2c",
   "two_error": null,
   "verdict": "IDENTICAL"
  },
  {
   "fixture": "hashed",
   "lane": "par-queries-knn",
   "one": "7e895e275d390d17",
   "one_error": null,
   "part": "infer",
   "seconds": 23.783,
   "two": "7e895e275d390d17",
   "two_error": null,
   "verdict": "IDENTICAL"
  },
  {
   "fixture": "hashed",
   "lane": "par-queries-knn",
   "one": "e87300eff71e3476",
   "one_error": null,
   "part": "model",
   "seconds": 23.783,
   "two": "e87300eff71e3476",
   "two_error": null,
   "verdict": "IDENTICAL"
  },
  {
   "fixture": "hashed",
   "lane": "par-queries-knn",
   "one": "d8c25f56b005ef3f",
   "one_error": null,
   "part": "batch",
   "seconds": 23.783,
   "two": "d8c25f56b005ef3f",
   "two_error": null,
   "verdict": "IDENTICAL"
  },
  {
   "fixture": "hashed",
   "lane": "par-queries-knn",
   "one": "n/a:no-decode-state",
   "one_error": null,
   "part": "stepfull",
   "seconds": 23.783,
   "two": "n/a:no-decode-state",
   "two_error": null,
   "verdict": "N/A"
  },
  {
   "fixture": "hashed",
   "lane": "par-queries-nn",
   "one": "96db6b5a57d4d248",
   "one_error": null,
   "part": "train",
   "seconds": 15.661,
   "two": "96db6b5a57d4d248",
   "two_error": null,
   "verdict": "IDENTICAL"
  },
  {
   "fixture": "hashed",
   "lane": "par-queries-nn",
   "one": "906e8d5ef7d91305",
   "one_error": null,
   "part": "infer",
   "seconds": 15.661,
   "two": "906e8d5ef7d91305",
   "two_error": null,
   "verdict": "IDENTICAL"
  },
  {
   "fixture": "hashed",
   "lane": "par-queries-nn",
   "one": "924ef8b2b10467f0",
   "one_error": null,
   "part": "model",
   "seconds": 15.661,
   "two": "924ef8b2b10467f0",
   "two_error": null,
   "verdict": "IDENTICAL"
  },
  {
   "fixture": "hashed",
   "lane": "par-queries-nn",
   "one": "1c5e222f1cd206a3",
   "one_error": null,
   "part": "batch",
   "seconds": 15.661,
   "two": "1c5e222f1cd206a3",
   "two_error": null,
   "verdict": "IDENTICAL"
  },
  {
   "fixture": "hashed",
   "lane": "par-queries-nn",
   "one": "n/a:no-decode-state",
   "one_error": null,
   "part": "stepfull",
   "seconds": 15.661,
   "two": "n/a:no-decode-state",
   "two_error": null,
   "verdict": "N/A"
  },
  {
   "fixture": "hashed",
   "lane": "par-scaler-minmax",
   "one": "4260fe8f43ec10b2",
   "one_error": null,
   "part": "train",
   "seconds": 11.84,
   "two": "4260fe8f43ec10b2",
   "two_error": null,
   "verdict": "IDENTICAL"
  },
  {
   "fixture": "hashed",
   "lane": "par-scaler-minmax",
   "one": "b97dad3c566f105a",
   "one_error": null,
   "part": "infer",
   "seconds": 11.84,
   "two": "b97dad3c566f105a",
   "two_error": null,
   "verdict": "IDENTICAL"
  },
  {
   "fixture": "hashed",
   "lane": "par-scaler-minmax",
   "one": "0399ca7b1cb036ad",
   "one_error": null,
   "part": "model",
   "seconds": 11.84,
   "two": "0399ca7b1cb036ad",
   "two_error": null,
   "verdict": "IDENTICAL"
  },
  {
   "fixture": "hashed",
   "lane": "par-scaler-minmax",
   "one": "d39557bdc9e10862",
   "one_error": null,
   "part": "batch",
   "seconds": 11.84,
   "two": "d39557bdc9e10862",
   "two_error": null,
   "verdict": "IDENTICAL"
  },
  {
   "fixture": "hashed",
   "lane": "par-scaler-minmax",
   "one": "n/a:no-decode-state",
   "one_error": null,
   "part": "stepfull",
   "seconds": 11.84,
   "two": "n/a:no-decode-state",
   "two_error": null,
   "verdict": "N/A"
  },
  {
   "fixture": "hashed",
   "lane": "par-svm-svr",
   "one": "cab554d4bdf018d2",
   "one_error": null,
   "part": "train",
   "seconds": 7.635,
   "two": "cab554d4bdf018d2",
   "two_error": null,
   "verdict": "IDENTICAL"
  },
  {
   "fixture": "hashed",
   "lane": "par-svm-svr",
   "one": "6ea59f77ab4b672a",
   "one_error": null,
   "part": "infer",
   "seconds": 7.635,
   "two": "6ea59f77ab4b672a",
   "two_error": null,
   "verdict": "IDENTICAL"
  },
  {
   "fixture": "hashed",
   "lane": "par-svm-svr",
   "one": "b8882cb69c8e01b2",
   "one_error": null,
   "part": "model",
   "seconds": 7.635,
   "two": "b8882cb69c8e01b2",
   "two_error": null,
   "verdict": "IDENTICAL"
  },
  {
   "fixture": "hashed",
   "lane": "par-svm-svr",
   "one": "508e60b4ef6eed4c",
   "one_error": null,
   "part": "batch",
   "seconds": 7.635,
   "two": "508e60b4ef6eed4c",
   "two_error": null,
   "verdict": "IDENTICAL"
  },
  {
   "fixture": "hashed",
   "lane": "par-svm-svr",
   "one": "n/a:no-decode-state",
   "one_error": null,
   "part": "stepfull",
   "seconds": 7.635,
   "two": "n/a:no-decode-state",
   "two_error": null,
   "verdict": "N/A"
  }
 ],
 "compared": 100,
 "counts": {
  "IDENTICAL": 69,
  "N/A": 31
 },
 "devices": [
  0,
  1
 ],
 "elapsed_s": 215.01,
 "fixtures": [
  "hashed"
 ],
 "format": "mojolearn.verify-par.v1",
 "lanes": [
  "par-boosting",
  "par-byte-lm",
  "par-causal-lm",
  "par-cholesky",
  "par-cross-val",
  "par-dbscan",
  "par-forecast-holtwinters",
  "par-forest-et",
  "par-forest-et-clf",
  "par-forest-pool",
  "par-gmm",
  "par-gram-tsvd",
  "par-graph-agglomerative",
  "par-graph-spectral",
  "par-kernel-ridge",
  "par-ordered",
  "par-queries-knn",
  "par-queries-nn",
  "par-scaler-minmax",
  "par-svm-svr"
 ],
 "par_lanes": [
  "par-arima",
  "par-boosting",
  "par-boosting-clf",
  "par-boosting-pointwise",
  "par-boosting-reg",
  "par-border-types",
  "par-byte-lm",
  "par-byte-lm-model-pool",
  "par-byte-lm-offload",
  "par-causal-lm",
  "par-cd",
  "par-cd-elasticnet",
  "par-cholesky",
  "par-cross-val",
  "par-dbscan",
  "par-feature-freq",
  "par-forecast-arima",
  "par-forecast-holtwinters",
  "par-forest",
  "par-forest-et",
  "par-forest-et-clf",
  "par-forest-pool",
  "par-forest-reg",
  "par-gmm",
  "par-gp",
  "par-gpc-fit",
  "par-gpc-predict",
  "par-gram",
  "par-gram-ols",
  "par-gram-pca",
  "par-gram-tsvd",
  "par-graph-agglomerative",
  "par-graph-spectral",
  "par-graph-umap",
  "par-hdbscan",
  "par-holtwinters",
  "par-iforest",
  "par-ivf",
  "par-kernel-ridge",
  "par-kmeans",
  "par-logistic",
  "par-mlp",
  "par-nystroem",
  "par-ordered",
  "par-ordered-rmse",
  "par-queries-kde",
  "par-queries-knn",
  "par-queries-nn",
  "par-queries-radius",
  "par-rbf-sampler",
  "par-reference-knn",
  "par-reference-knn-reg",
  "par-resample",
  "par-samba",
  "par-samba-clip",
  "par-scaler",
  "par-scaler-minmax",
  "par-svm",
  "par-svm-svr"
 ],
 "passed": null,
 "perturbed": false,
 "ran": true,
 "repeats": 1,
 "representative_of": {
  "arima": "par-arima",
  "core": "par-queries-knn",
  "estimators": "par-queries-kde",
  "gbdt": "par-cross-val",
  "gp": "par-gpc-fit",
  "ivf": "par-ivf",
  "kernel_methods": "par-rbf-sampler",
  "neural": "par-causal-lm",
  "parallel drivers": "par-boosting",
  "preprocessing": "par-scaler",
  "rf": "par-forest",
  "training": "par-mlp",
  "trees": "par-forest-et",
  "tsa": "par-forecast-holtwinters"
 },
 "scope": "all",
 "state": "INCOMPLETE",
 "vendor": "cuda",
 "witness": {
  "detail": [
   {
    "cooperative": true,
    "devices": [
     0,
     1
    ],
    "workers": [
     {
      "devices": [
       "09bd08531c338345e1be46323ea19f5b",
       "5c4c7be6cdfa9c7ed40b74d56b47de4f"
      ],
      "pid": 61223,
      "visibility": {
       "CUDA_VISIBLE_DEVICES": "0,1"
      }
     }
    ]
   },
   {
    "cooperative": false,
    "devices": [
     0,
     1
    ],
    "workers": [
     {
      "devices": [
       "09bd08531c338345e1be46323ea19f5b"
      ],
      "pid": 61438,
      "visibility": {
       "CUDA_VISIBLE_DEVICES": "0"
      }
     },
     {
      "devices": [
       "5c4c7be6cdfa9c7ed40b74d56b47de4f"
      ],
      "pid": 61439,
      "visibility": {
       "CUDA_VISIBLE_DEVICES": "1"
      }
     }
    ]
   },
   {
    "cooperative": false,
    "devices": [
     0,
     1
    ],
    "workers": [
     {
      "devices": [
       "09bd08531c338345e1be46323ea19f5b"
      ],
      "pid": 61590,
      "visibility": {
       "CUDA_VISIBLE_DEVICES": "0"
      }
     },
     {
      "devices": [
       "5c4c7be6cdfa9c7ed40b74d56b47de4f"
      ],
      "pid": 61591,
      "visibility": {
       "CUDA_VISIBLE_DEVICES": "1"
      }
     }
    ]
   },
   {
    "cooperative": true,
    "devices": [
     0,
     1
    ],
    "workers": [
     {
      "devices": [
       "09bd08531c338345e1be46323ea19f5b",
       "5c4c7be6cdfa9c7ed40b74d56b47de4f"
      ],
      "pid": 62014,
      "visibility": {
       "CUDA_VISIBLE_DEVICES": "0,1"
      }
     }
    ]
   },
   {
    "cooperative": true,
    "devices": [
     0,
     1
    ],
    "workers": [
     {
      "devices": [
       "09bd08531c338345e1be46323ea19f5b",
       "5c4c7be6cdfa9c7ed40b74d56b47de4f"
      ],
      "pid": 62087,
      "visibility": {
       "CUDA_VISIBLE_DEVICES": "0,1"
      }
     }
    ]
   },
   {
    "cooperative": true,
    "devices": [
     0,
     1
    ],
    "workers": [
     {
      "devices": [
       "09bd08531c338345e1be46323ea19f5b",
       "5c4c7be6cdfa9c7ed40b74d56b47de4f"
      ],
      "pid": 62160,
      "visibility": {
       "CUDA_VISIBLE_DEVICES": "0,1"
      }
     }
    ]
   },
   {
    "cooperative": true,
    "devices": [
     0,
     1
    ],
    "workers": [
     {
      "devices": [
       "09bd08531c338345e1be46323ea19f5b",
       "5c4c7be6cdfa9c7ed40b74d56b47de4f"
      ],
      "pid": 62233,
      "visibility": {
       "CUDA_VISIBLE_DEVICES": "0,1"
      }
     }
    ]
   },
   {
    "cooperative": false,
    "devices": [
     0,
     1
    ],
    "workers": [
     {
      "devices": [
       "09bd08531c338345e1be46323ea19f5b"
      ],
      "pid": 62377,
      "visibility": {
       "CUDA_VISIBLE_DEVICES": "0"
      }
     },
     {
      "devices": [
       "5c4c7be6cdfa9c7ed40b74d56b47de4f"
      ],
      "pid": 62378,
      "visibility": {
       "CUDA_VISIBLE_DEVICES": "1"
      }
     }
    ]
   },
   {
    "cooperative": true,
    "devices": [
     0,
     1
    ],
    "workers": [
     {
      "devices": [
       "09bd08531c338345e1be46323ea19f5b",
       "5c4c7be6cdfa9c7ed40b74d56b47de4f"
      ],
      "pid": 62590,
      "visibility": {
       "CUDA_VISIBLE_DEVICES": "0,1"
      }
     }
    ]
   },
   {
    "cooperative": false,
    "devices": [
     0,
     1
    ],
    "workers": [
     {
      "devices": [
       "09bd08531c338345e1be46323ea19f5b"
      ],
      "pid": 63316,
      "visibility": {
       "CUDA_VISIBLE_DEVICES": "0"
      }
     },
     {
      "devices": [
       "5c4c7be6cdfa9c7ed40b74d56b47de4f"
      ],
      "pid": 63317,
      "visibility": {
       "CUDA_VISIBLE_DEVICES": "1"
      }
     }
    ]
   },
   {
    "cooperative": false,
    "devices": [
     0,
     1
    ],
    "workers": [
     {
      "devices": [
       "09bd08531c338345e1be46323ea19f5b"
      ],
      "pid": 63470,
      "visibility": {
       "CUDA_VISIBLE_DEVICES": "0"
      }
     },
     {
      "devices": [
       "5c4c7be6cdfa9c7ed40b74d56b47de4f"
      ],
      "pid": 63471,
      "visibility": {
       "CUDA_VISIBLE_DEVICES": "1"
      }
     }
    ]
   },
   {
    "cooperative": false,
    "devices": [
     0,
     1
    ],
    "workers": [
     {
      "devices": [
       "09bd08531c338345e1be46323ea19f5b"
      ],
      "pid": 63612,
      "visibility": {
       "CUDA_VISIBLE_DEVICES": "0"
      }
     },
     {
      "devices": [
       "5c4c7be6cdfa9c7ed40b74d56b47de4f"
      ],
      "pid": 63613,
      "visibility": {
       "CUDA_VISIBLE_DEVICES": "1"
      }
     }
    ]
   },
   {
    "cooperative": false,
    "devices": [
     0,
     1
    ],
    "workers": [
     {
      "devices": [
       "09bd08531c338345e1be46323ea19f5b"
      ],
      "pid": 63754,
      "visibility": {
       "CUDA_VISIBLE_DEVICES": "0"
      }
     },
     {
      "devices": [
       "5c4c7be6cdfa9c7ed40b74d56b47de4f"
      ],
      "pid": 63755,
      "visibility": {
       "CUDA_VISIBLE_DEVICES": "1"
      }
     }
    ]
   },
   {
    "cooperative": false,
    "devices": [
     0,
     1
    ],
    "workers": [
     {
      "devices": [
       "09bd08531c338345e1be46323ea19f5b"
      ],
      "pid": 63896,
      "visibility": {
       "CUDA_VISIBLE_DEVICES": "0"
      }
     },
     {
      "devices": [
       "5c4c7be6cdfa9c7ed40b74d56b47de4f"
      ],
      "pid": 63897,
      "visibility": {
       "CUDA_VISIBLE_DEVICES": "1"
      }
     }
    ]
   },
   {
    "cooperative": false,
    "devices": [
     0,
     1
    ],
    "workers": [
     {
      "devices": [
       "09bd08531c338345e1be46323ea19f5b"
      ],
      "pid": 64038,
      "visibility": {
       "CUDA_VISIBLE_DEVICES": "0"
      }
     },
     {
      "devices": [
       "5c4c7be6cdfa9c7ed40b74d56b47de4f"
      ],
      "pid": 64039,
      "visibility": {
       "CUDA_VISIBLE_DEVICES": "1"
      }
     }
    ]
   },
   {
    "cooperative": false,
    "devices": [
     0,
     1
    ],
    "workers": [
     {
      "devices": [
       "09bd08531c338345e1be46323ea19f5b"
      ],
      "pid": 64180,
      "visibility": {
       "CUDA_VISIBLE_DEVICES": "0"
      }
     },
     {
      "devices": [
       "5c4c7be6cdfa9c7ed40b74d56b47de4f"
      ],
      "pid": 64181,
      "visibility": {
       "CUDA_VISIBLE_DEVICES": "1"
      }
     }
    ]
   },
   {
    "cooperative": false,
    "devices": [
     0,
     1
    ],
    "workers": [
     {
      "devices": [
       "09bd08531c338345e1be46323ea19f5b"
      ],
      "pid": 64322,
      "visibility": {
       "CUDA_VISIBLE_DEVICES": "0"
      }
     },
     {
      "devices": [
       "5c4c7be6cdfa9c7ed40b74d56b47de4f"
      ],
      "pid": 64323,
      "visibility": {
       "CUDA_VISIBLE_DEVICES": "1"
      }
     }
    ]
   },
   {
    "cooperative": false,
    "devices": [
     0,
     1
    ],
    "workers": [
     {
      "devices": [
       "09bd08531c338345e1be46323ea19f5b"
      ],
      "pid": 64475,
      "visibility": {
       "CUDA_VISIBLE_DEVICES": "0"
      }
     },
     {
      "devices": [
       "5c4c7be6cdfa9c7ed40b74d56b47de4f"
      ],
      "pid": 64476,
      "visibility": {
       "CUDA_VISIBLE_DEVICES": "1"
      }
     }
    ]
   },
   {
    "cooperative": false,
    "devices": [
     0,
     1
    ],
    "workers": [
     {
      "devices": [
       "09bd08531c338345e1be46323ea19f5b"
      ],
      "pid": 64689,
      "visibility": {
       "CUDA_VISIBLE_DEVICES": "0"
      }
     },
     {
      "devices": [
       "5c4c7be6cdfa9c7ed40b74d56b47de4f"
      ],
      "pid": 64690,
      "visibility": {
       "CUDA_VISIBLE_DEVICES": "1"
      }
     }
    ]
   },
   {
    "cooperative": false,
    "devices": [
     0,
     1
    ],
    "workers": [
     {
      "devices": [
       "09bd08531c338345e1be46323ea19f5b"
      ],
      "pid": 64902,
      "visibility": {
       "CUDA_VISIBLE_DEVICES": "0"
      }
     },
     {
      "devices": [
       "5c4c7be6cdfa9c7ed40b74d56b47de4f"
      ],
      "pid": 64903,
      "visibility": {
       "CUDA_VISIBLE_DEVICES": "1"
      }
     }
    ]
   },
   {
    "cooperative": true,
    "devices": [
     0,
     1
    ],
    "workers": [
     {
      "devices": [
       "09bd08531c338345e1be46323ea19f5b",
       "5c4c7be6cdfa9c7ed40b74d56b47de4f"
      ],
      "pid": 65257,
      "visibility": {
       "CUDA_VISIBLE_DEVICES": "0,1"
      }
     }
    ]
   },
   {
    "cooperative": true,
    "devices": [
     0,
     1
    ],
    "workers": [
     {
      "devices": [
       "09bd08531c338345e1be46323ea19f5b",
       "5c4c7be6cdfa9c7ed40b74d56b47de4f"
      ],
      "pid": 65330,
      "visibility": {
       "CUDA_VISIBLE_DEVICES": "0,1"
      }
     }
    ]
   },
   {
    "cooperative": true,
    "devices": [
     0,
     1
    ],
    "workers": [
     {
      "devices": [
       "09bd08531c338345e1be46323ea19f5b",
       "5c4c7be6cdfa9c7ed40b74d56b47de4f"
      ],
      "pid": 65403,
      "visibility": {
       "CUDA_VISIBLE_DEVICES": "0,1"
      }
     }
    ]
   },
   {
    "cooperative": true,
    "devices": [
     0,
     1
    ],
    "workers": [
     {
      "devices": [
       "09bd08531c338345e1be46323ea19f5b",
       "5c4c7be6cdfa9c7ed40b74d56b47de4f"
      ],
      "pid": 65904,
      "visibility": {
       "CUDA_VISIBLE_DEVICES": "0,1"
      }
     }
    ]
   },
   {
    "cooperative": true,
    "devices": [
     0,
     1
    ],
    "workers": [
     {
      "devices": [
       "09bd08531c338345e1be46323ea19f5b",
       "5c4c7be6cdfa9c7ed40b74d56b47de4f"
      ],
      "pid": 65987,
      "visibility": {
       "CUDA_VISIBLE_DEVICES": "0,1"
      }
     }
    ]
   },
   {
    "cooperative": true,
    "devices": [
     0,
     1
    ],
    "workers": [
     {
      "devices": [
       "09bd08531c338345e1be46323ea19f5b",
       "5c4c7be6cdfa9c7ed40b74d56b47de4f"
      ],
      "pid": 66060,
      "visibility": {
       "CUDA_VISIBLE_DEVICES": "0,1"
      }
     }
    ]
   },
   {
    "cooperative": true,
    "devices": [
     0,
     1
    ],
    "workers": [
     {
      "devices": [
       "09bd08531c338345e1be46323ea19f5b",
       "5c4c7be6cdfa9c7ed40b74d56b47de4f"
      ],
      "pid": 66133,
      "visibility": {
       "CUDA_VISIBLE_DEVICES": "0,1"
      }
     }
    ]
   },
   {
    "cooperative": true,
    "devices": [
     0,
     1
    ],
    "workers": [
     {
      "devices": [
       "09bd08531c338345e1be46323ea19f5b",
       "5c4c7be6cdfa9c7ed40b74d56b47de4f"
      ],
      "pid": 66206,
      "visibility": {
       "CUDA_VISIBLE_DEVICES": "0,1"
      }
     }
    ]
   },
   {
    "cooperative": true,
    "devices": [
     0,
     1
    ],
    "workers": [
     {
      "devices": [
       "09bd08531c338345e1be46323ea19f5b",
       "5c4c7be6cdfa9c7ed40b74d56b47de4f"
      ],
      "pid": 66279,
      "visibility": {
       "CUDA_VISIBLE_DEVICES": "0,1"
      }
     }
    ]
   },
   {
    "cooperative": true,
    "devices": [
     0,
     1
    ],
    "workers": [
     {
      "devices": [
       "09bd08531c338345e1be46323ea19f5b",
       "5c4c7be6cdfa9c7ed40b74d56b47de4f"
      ],
      "pid": 66437,
      "visibility": {
       "CUDA_VISIBLE_DEVICES": "0,1"
      }
     }
    ]
   },
   {
    "cooperative": true,
    "devices": [
     0,
     1
    ],
    "workers": [
     {
      "devices": [
       "09bd08531c338345e1be46323ea19f5b",
       "5c4c7be6cdfa9c7ed40b74d56b47de4f"
      ],
      "pid": 66581,
      "visibility": {
       "CUDA_VISIBLE_DEVICES": "0,1"
      }
     }
    ]
   },
   {
    "cooperative": true,
    "devices": [
     0,
     1
    ],
    "workers": [
     {
      "devices": [
       "09bd08531c338345e1be46323ea19f5b",
       "5c4c7be6cdfa9c7ed40b74d56b47de4f"
      ],
      "pid": 66725,
      "visibility": {
       "CUDA_VISIBLE_DEVICES": "0,1"
      }
     }
    ]
   },
   {
    "cooperative": true,
    "devices": [
     0,
     1
    ],
    "workers": [
     {
      "devices": [
       "09bd08531c338345e1be46323ea19f5b",
       "5c4c7be6cdfa9c7ed40b74d56b47de4f"
      ],
      "pid": 67082,
      "visibility": {
       "CUDA_VISIBLE_DEVICES": "0,1"
      }
     }
    ]
   },
   {
    "cooperative": true,
    "devices": [
     0,
     1
    ],
    "workers": [
     {
      "devices": [
       "09bd08531c338345e1be46323ea19f5b",
       "5c4c7be6cdfa9c7ed40b74d56b47de4f"
      ],
      "pid": 67166,
      "visibility": {
       "CUDA_VISIBLE_DEVICES": "0,1"
      }
     }
    ]
   },
   {
    "cooperative": true,
    "devices": [
     0,
     1
    ],
    "workers": [
     {
      "devices": [
       "09bd08531c338345e1be46323ea19f5b",
       "5c4c7be6cdfa9c7ed40b74d56b47de4f"
      ],
      "pid": 67240,
      "visibility": {
       "CUDA_VISIBLE_DEVICES": "0,1"
      }
     }
    ]
   },
   {
    "cooperative": true,
    "devices": [
     0,
     1
    ],
    "workers": [
     {
      "devices": [
       "09bd08531c338345e1be46323ea19f5b",
       "5c4c7be6cdfa9c7ed40b74d56b47de4f"
      ],
      "pid": 67313,
      "visibility": {
       "CUDA_VISIBLE_DEVICES": "0,1"
      }
     }
    ]
   },
   {
    "cooperative": true,
    "devices": [
     0,
     1
    ],
    "workers": [
     {
      "devices": [
       "09bd08531c338345e1be46323ea19f5b",
       "5c4c7be6cdfa9c7ed40b74d56b47de4f"
      ],
      "pid": 67457,
      "visibility": {
       "CUDA_VISIBLE_DEVICES": "0,1"
      }
     }
    ]
   },
   {
    "cooperative": false,
    "devices": [
     0,
     1
    ],
    "workers": [
     {
      "devices": [
       "09bd08531c338345e1be46323ea19f5b"
      ],
      "pid": 67956,
      "visibility": {
       "CUDA_VISIBLE_DEVICES": "0"
      }
     },
     {
      "devices": [
       "5c4c7be6cdfa9c7ed40b74d56b47de4f"
      ],
      "pid": 67957,
      "visibility": {
       "CUDA_VISIBLE_DEVICES": "1"
      }
     }
    ]
   },
   {
    "cooperative": false,
    "devices": [
     0,
     1
    ],
    "workers": [
     {
      "devices": [
       "09bd08531c338345e1be46323ea19f5b"
      ],
      "pid": 68098,
      "visibility": {
       "CUDA_VISIBLE_DEVICES": "0"
      }
     },
     {
      "devices": [
       "5c4c7be6cdfa9c7ed40b74d56b47de4f"
      ],
      "pid": 68099,
      "visibility": {
       "CUDA_VISIBLE_DEVICES": "1"
      }
     }
    ]
   },
   {
    "cooperative": false,
    "devices": [
     0,
     1
    ],
    "workers": [
     {
      "devices": [
       "09bd08531c338345e1be46323ea19f5b"
      ],
      "pid": 68240,
      "visibility": {
       "CUDA_VISIBLE_DEVICES": "0"
      }
     },
     {
      "devices": [
       "5c4c7be6cdfa9c7ed40b74d56b47de4f"
      ],
      "pid": 68241,
      "visibility": {
       "CUDA_VISIBLE_DEVICES": "1"
      }
     }
    ]
   },
   {
    "cooperative": false,
    "devices": [
     0,
     1
    ],
    "workers": [
     {
      "devices": [
       "09bd08531c338345e1be46323ea19f5b"
      ],
      "pid": 68384,
      "visibility": {
       "CUDA_VISIBLE_DEVICES": "0"
      }
     },
     {
      "devices": [
       "5c4c7be6cdfa9c7ed40b74d56b47de4f"
      ],
      "pid": 68385,
      "visibility": {
       "CUDA_VISIBLE_DEVICES": "1"
      }
     }
    ]
   },
   {
    "cooperative": false,
    "devices": [
     0,
     1
    ],
    "workers": [
     {
      "devices": [
       "09bd08531c338345e1be46323ea19f5b"
      ],
      "pid": 68536,
      "visibility": {
       "CUDA_VISIBLE_DEVICES": "0"
      }
     },
     {
      "devices": [
       "5c4c7be6cdfa9c7ed40b74d56b47de4f"
      ],
      "pid": 68537,
      "visibility": {
       "CUDA_VISIBLE_DEVICES": "1"
      }
     }
    ]
   },
   {
    "cooperative": false,
    "devices": [
     0,
     1
    ],
    "workers": [
     {
      "devices": [
       "09bd08531c338345e1be46323ea19f5b"
      ],
      "pid": 68678,
      "visibility": {
       "CUDA_VISIBLE_DEVICES": "0"
      }
     },
     {
      "devices": [
       "5c4c7be6cdfa9c7ed40b74d56b47de4f"
      ],
      "pid": 68679,
      "visibility": {
       "CUDA_VISIBLE_DEVICES": "1"
      }
     }
    ]
   },
   {
    "cooperative": false,
    "devices": [
     0,
     1
    ],
    "workers": [
     {
      "devices": [
       "09bd08531c338345e1be46323ea19f5b"
      ],
      "pid": 69118,
      "visibility": {
       "CUDA_VISIBLE_DEVICES": "0"
      }
     },
     {
      "devices": [
       "5c4c7be6cdfa9c7ed40b74d56b47de4f"
      ],
      "pid": 69119,
      "visibility": {
       "CUDA_VISIBLE_DEVICES": "1"
      }
     }
    ]
   },
   {
    "cooperative": false,
    "devices": [
     0,
     1
    ],
    "workers": [
     {
      "devices": [
       "09bd08531c338345e1be46323ea19f5b"
      ],
      "pid": 69260,
      "visibility": {
       "CUDA_VISIBLE_DEVICES": "0"
      }
     },
     {
      "devices": [
       "5c4c7be6cdfa9c7ed40b74d56b47de4f"
      ],
      "pid": 69261,
      "visibility": {
       "CUDA_VISIBLE_DEVICES": "1"
      }
     }
    ]
   },
   {
    "cooperative": false,
    "devices": [
     0,
     1
    ],
    "workers": [
     {
      "devices": [
       "09bd08531c338345e1be46323ea19f5b"
      ],
      "pid": 69402,
      "visibility": {
       "CUDA_VISIBLE_DEVICES": "0"
      }
     },
     {
      "devices": [
       "5c4c7be6cdfa9c7ed40b74d56b47de4f"
      ],
      "pid": 69403,
      "visibility": {
       "CUDA_VISIBLE_DEVICES": "1"
      }
     }
    ]
   },
   {
    "cooperative": false,
    "devices": [
     0,
     1
    ],
    "workers": [
     {
      "devices": [
       "09bd08531c338345e1be46323ea19f5b"
      ],
      "pid": 69544,
      "visibility": {
       "CUDA_VISIBLE_DEVICES": "0"
      }
     },
     {
      "devices": [
       "5c4c7be6cdfa9c7ed40b74d56b47de4f"
      ],
      "pid": 69545,
      "visibility": {
       "CUDA_VISIBLE_DEVICES": "1"
      }
     }
    ]
   },
   {
    "cooperative": false,
    "devices": [
     0,
     1
    ],
    "workers": [
     {
      "devices": [
       "09bd08531c338345e1be46323ea19f5b"
      ],
      "pid": 69899,
      "visibility": {
       "CUDA_VISIBLE_DEVICES": "0"
      }
     },
     {
      "devices": [
       "5c4c7be6cdfa9c7ed40b74d56b47de4f"
      ],
      "pid": 69900,
      "visibility": {
       "CUDA_VISIBLE_DEVICES": "1"
      }
     }
    ]
   },
   {
    "cooperative": false,
    "devices": [
     0,
     1
    ],
    "workers": [
     {
      "devices": [
       "09bd08531c338345e1be46323ea19f5b"
      ],
      "pid": 70041,
      "visibility": {
       "CUDA_VISIBLE_DEVICES": "0"
      }
     },
     {
      "devices": [
       "5c4c7be6cdfa9c7ed40b74d56b47de4f"
      ],
      "pid": 70042,
      "visibility": {
       "CUDA_VISIBLE_DEVICES": "1"
      }
     }
    ]
   },
   {
    "cooperative": false,
    "devices": [
     0,
     1
    ],
    "workers": [
     {
      "devices": [
       "09bd08531c338345e1be46323ea19f5b"
      ],
      "pid": 70185,
      "visibility": {
       "CUDA_VISIBLE_DEVICES": "0"
      }
     },
     {
      "devices": [
       "5c4c7be6cdfa9c7ed40b74d56b47de4f"
      ],
      "pid": 70186,
      "visibility": {
       "CUDA_VISIBLE_DEVICES": "1"
      }
     }
    ]
   },
   {
    "cooperative": true,
    "devices": [
     0,
     1
    ],
    "workers": [
     {
      "devices": [
       "09bd08531c338345e1be46323ea19f5b",
       "5c4c7be6cdfa9c7ed40b74d56b47de4f"
      ],
      "pid": 70479,
      "visibility": {
       "CUDA_VISIBLE_DEVICES": "0,1"
      }
     }
    ]
   },
   {
    "cooperative": true,
    "devices": [
     0,
     1
    ],
    "workers": [
     {
      "devices": [
       "09bd08531c338345e1be46323ea19f5b",
       "5c4c7be6cdfa9c7ed40b74d56b47de4f"
      ],
      "pid": 70552,
      "visibility": {
       "CUDA_VISIBLE_DEVICES": "0,1"
      }
     }
    ]
   }
  ],
  "devices": [
   0,
   1
  ],
  "placement": "physical",
  "pools": 52,
  "workers": 79
 },
 "witness_refusal": "par-byte-lm/hashed: the two-device column started NO device pool at all, so it ran on one device and agreeing with the one-device column proves nothing. Either the lane does not shard on this install or the driver fell back silently; both are failures of this check, not passes"
}
