528 external/tcmalloc+/tcmalloc/internal/system_allocator.h:713] Warning: Unable to mbind memory (errno=1, base=0x58cd80000000, nodemask=2)
528 external/tcmalloc+/tcmalloc/internal/system_allocator.h:713] Warning: Unable to mbind memory (errno=1, base=0x733a00000000, nodemask=1)
# vendor=cpu-amd-epyc-7713-64-core-processor commit=7b76dd4a4e045cadd69ed4495493c96bf46b570a (MOJOLEARN_COMMIT) host.cpu_model='AMD EPYC 7713 64-Core Processor' host.column=cpu host.families=['_mojolearn_core_host', '_mojolearn_estimators_host']
# identity_break  mode=identical  2026-09-15 16:53:53  Linux-6.17.0-35-generic-x86_64-with-glibc2.35
# per lane: the train row, then an `infer` row (held-out rows), a `model` row (saved bytes) and a `batch` row (whole batch vs rows alone, a split and prefixes) where the lane has them
| lane                   | base             |
|------------------------|------------------|
| kmeans                 | 1169ffe8848d53a0 |
| kmeans infer           | 2192d61e07429ef3 |
| kmeans batch           | 013600980331b37c |
| ols                    | 36bd85dffcc357af |
| ols infer              | fc9f8772521e8e4a |
| ols model              | 47140965e40975b7 |
| ols batch              | 53124eb72cfd3934 |
| ridge                  | a65c86616b2e64c0 |
| ridge infer            | 00a0c3b1334ce404 |
| ridge model            | 2ced80bce23e5735 |
| ridge batch            | c2732e3cb937a128 |

cells=3 stable=3 moved=0 refused=0
infer: stable=3
model: stable=2 n/a=1
batch: stable=3
n/a: kmeans model n/a:no-save
wrote /root/leg_out/cpu-x86.host-sabotage.json
