Mamba-3 backward, B=2 L=512 d_model=384, median of 4 calls after warm-up (ms)
stage                                       ms   share
m3bwd.s16_s15                           19.844   42.5%
m3bwd.s16.qk_naive                      19.534   41.8%
m3bwd.s17_operands                       3.557    7.6%
m3bwd.angle                              0.638    1.4%
m3bwd.bcnorm                             0.571    1.2%
m3bwd.seg_adt                            0.389    0.8%
m3bwd.s17_state                          0.297    0.6%
m3bwd.block_norm                         0.219    0.5%
m3bwd.proj_b                             0.219    0.5%
m3bwd.proj_a                             0.211    0.5%
m3bwd.qkdot                              0.193    0.4%
m3bwd.s16.v_shared                       0.185    0.4%
m3bwd.reduce                             0.166    0.4%
m3bwd.join_current                       0.114    0.2%
m3bwd.gate_skip                          0.107    0.2%
m3bwd.join_s16_s17                       0.074    0.2%
m3bwd.s15_only                           0.066    0.1%
m3bwd.join_rotary                        0.053    0.1%
m3bwd.dt_partial                         0.051    0.1%
m3bwd.adt_product                        0.050    0.1%
m3bwd.pack_in_proj                       0.038    0.1%
m3bwd.join_two                           0.037    0.1%
m3bwd.rotary_only                        0.036    0.1%
m3bwd.dacs_to_adt                        0.031    0.1%
m3bwd.a_heavy_tail                       0.019    0.0%
total (sum of stages)                   46.698
session counters: {"weight_uploads": 1, "weight_recopies": 0, "weight_reuses": 9, "backward_reuses": 5, "backward_recomputes": 0, "stages_held": 1}
