check arima base ar EQUAL gpu 06acb59b90f5532376a37a4e066b7107937336c342b5bd26c0a892cf43193fc3 host 06acb59b90f5532376a37a4e066b7107937336c342b5bd26c0a892cf43193fc3
check arima base forecast DIFFER gpu 8c2e40bf3752b34194f8c75cdafe52c1f608923ba3852df211980249ee9b74c8 host d3a12198cd327edc5954c91421802b138306462eff0c54c582fa030f4d85a484
check arima base mu EQUAL gpu d7484219f3bb6cbe9767e04609fa61fbeb263c0ba063cdd5289853b338727d36 host d7484219f3bb6cbe9767e04609fa61fbeb263c0ba063cdd5289853b338727d36
check arima base params EQUAL gpu ba8c5928b073146c4a90bf60827d9fdfdc8cc35ed39e9c12624958baec48f343 host ba8c5928b073146c4a90bf60827d9fdfdc8cc35ed39e9c12624958baec48f343
check arima base predict_in_sample DIFFER gpu a7b0d58f28d5cf2affc6e3038ef3be081df0c2f3a7bb8cca32852998c155419e host 79b6e7bc3db917c07b859edff36322dc58dcc18e981130d8e0f46ea0dfae1021
check arima base predict_straddle DIFFER gpu 41c9f349c1d7fb8d54120638cafa14ca76d9240667a3a0312a292cf6be401a2b host edf02ba2f6544d7571bd0afe4a741998d1f1c29d9818675c8151d3998748a4de
check arima base sigma2 EQUAL gpu 4c1ebb2104ed1c1d75f7a8d4efbd12ce1cc00e31ce53d35b1a6ddd59d7288bb6 host 4c1ebb2104ed1c1d75f7a8d4efbd12ce1cc00e31ce53d35b1a6ddd59d7288bb6
check arima base identity_hash DIFFER gpu 9f76be0396a666ca host f912c3f50a60b1e4
check arima denormal ar EQUAL gpu 79a7e357758498ba5a608d2fc3ecf981a308e1d1b76718bd828731c9741927bb host 79a7e357758498ba5a608d2fc3ecf981a308e1d1b76718bd828731c9741927bb
check arima denormal forecast DIFFER gpu 4a88152b8f5e36b21ffea7dc38cca190c069442d5b04eb1fc88fc5d5c945614b host e92a2723dded3c430e9506eabffdf310c60e8b826b5237589dc8b3a698c3558c
check arima denormal mu EQUAL gpu f3433ede932a9a952bc416572ef1dda14509abc56c440d9eb2a70da8018632b9 host f3433ede932a9a952bc416572ef1dda14509abc56c440d9eb2a70da8018632b9
check arima denormal params EQUAL gpu b5b368131e16b4bd6b58570a04cd0ff599f88f91fefe1ea1ed8b1ee3a939f2b3 host b5b368131e16b4bd6b58570a04cd0ff599f88f91fefe1ea1ed8b1ee3a939f2b3
check arima denormal predict_in_sample DIFFER gpu 8961be0e220ffae2d8d4f89831227b501467bfdcb11a2225e44d5780975cdcf1 host b1cb80d244f5635a48089de2ddbed8387e3163bf031359375bea98b29c08c2b2
check arima denormal predict_straddle DIFFER gpu d7f170ca8d32d70296bda85d77a9184841980ea159d186830f3f76817644b80e host 5ce1e752add4279d43e73f1d323a1cf65d4e8da2b6bb2275ee0da1e194a2aaaf
check arima denormal sigma2 EQUAL gpu 93837531bb11a52856ec5d43d8fbcd61ef6e4a290ba056981e689c9dd7d26e2b host 93837531bb11a52856ec5d43d8fbcd61ef6e4a290ba056981e689c9dd7d26e2b
check arima denormal identity_hash DIFFER gpu aab930a9e876ec1e host 11ad4c2ad2f6e9ff
check arima denormal_ftz ar EQUAL gpu 79a7e357758498ba5a608d2fc3ecf981a308e1d1b76718bd828731c9741927bb host 79a7e357758498ba5a608d2fc3ecf981a308e1d1b76718bd828731c9741927bb
check arima denormal_ftz forecast DIFFER gpu 4a88152b8f5e36b21ffea7dc38cca190c069442d5b04eb1fc88fc5d5c945614b host e92a2723dded3c430e9506eabffdf310c60e8b826b5237589dc8b3a698c3558c
check arima denormal_ftz mu EQUAL gpu f3433ede932a9a952bc416572ef1dda14509abc56c440d9eb2a70da8018632b9 host f3433ede932a9a952bc416572ef1dda14509abc56c440d9eb2a70da8018632b9
check arima denormal_ftz params EQUAL gpu b5b368131e16b4bd6b58570a04cd0ff599f88f91fefe1ea1ed8b1ee3a939f2b3 host b5b368131e16b4bd6b58570a04cd0ff599f88f91fefe1ea1ed8b1ee3a939f2b3
check arima denormal_ftz predict_in_sample DIFFER gpu 8961be0e220ffae2d8d4f89831227b501467bfdcb11a2225e44d5780975cdcf1 host b1cb80d244f5635a48089de2ddbed8387e3163bf031359375bea98b29c08c2b2
check arima denormal_ftz predict_straddle DIFFER gpu d7f170ca8d32d70296bda85d77a9184841980ea159d186830f3f76817644b80e host 5ce1e752add4279d43e73f1d323a1cf65d4e8da2b6bb2275ee0da1e194a2aaaf
check arima denormal_ftz sigma2 EQUAL gpu 93837531bb11a52856ec5d43d8fbcd61ef6e4a290ba056981e689c9dd7d26e2b host 93837531bb11a52856ec5d43d8fbcd61ef6e4a290ba056981e689c9dd7d26e2b
check arima denormal_ftz identity_hash DIFFER gpu aab930a9e876ec1e host 11ad4c2ad2f6e9ff
check arima dupes ar EQUAL gpu 06acb59b90f5532376a37a4e066b7107937336c342b5bd26c0a892cf43193fc3 host 06acb59b90f5532376a37a4e066b7107937336c342b5bd26c0a892cf43193fc3
check arima dupes forecast DIFFER gpu 8c2e40bf3752b34194f8c75cdafe52c1f608923ba3852df211980249ee9b74c8 host d3a12198cd327edc5954c91421802b138306462eff0c54c582fa030f4d85a484
check arima dupes mu EQUAL gpu d7484219f3bb6cbe9767e04609fa61fbeb263c0ba063cdd5289853b338727d36 host d7484219f3bb6cbe9767e04609fa61fbeb263c0ba063cdd5289853b338727d36
check arima dupes params EQUAL gpu ba8c5928b073146c4a90bf60827d9fdfdc8cc35ed39e9c12624958baec48f343 host ba8c5928b073146c4a90bf60827d9fdfdc8cc35ed39e9c12624958baec48f343
check arima dupes predict_in_sample DIFFER gpu a7b0d58f28d5cf2affc6e3038ef3be081df0c2f3a7bb8cca32852998c155419e host 79b6e7bc3db917c07b859edff36322dc58dcc18e981130d8e0f46ea0dfae1021
check arima dupes predict_straddle DIFFER gpu 41c9f349c1d7fb8d54120638cafa14ca76d9240667a3a0312a292cf6be401a2b host edf02ba2f6544d7571bd0afe4a741998d1f1c29d9818675c8151d3998748a4de
check arima dupes sigma2 EQUAL gpu 4c1ebb2104ed1c1d75f7a8d4efbd12ce1cc00e31ce53d35b1a6ddd59d7288bb6 host 4c1ebb2104ed1c1d75f7a8d4efbd12ce1cc00e31ce53d35b1a6ddd59d7288bb6
check arima dupes identity_hash DIFFER gpu 9f76be0396a666ca host f912c3f50a60b1e4
check arima hashed ar EQUAL gpu 0077ba95027537dcf321aa3a112bb12e957440cef605a01f2fc060269106c130 host 0077ba95027537dcf321aa3a112bb12e957440cef605a01f2fc060269106c130
check arima hashed forecast DIFFER gpu 61e9eddb27c4b72925b96459122a3a29290f6992a70ee189d16151053e7be3cf host 63c2b696db7fd277d370c410e02b8eb835bf2d8dd3598390aaa7d87fd11e5a88
check arima hashed mu EQUAL gpu e2e44a3b1bd725b767bbdd89f83d50988a8241f324b09d3b757eb2d34554d4ae host e2e44a3b1bd725b767bbdd89f83d50988a8241f324b09d3b757eb2d34554d4ae
check arima hashed params EQUAL gpu 3c893db90b956dacacd68a81fd30bc3154b963e4e600ee90e6aca45ee2e4c644 host 3c893db90b956dacacd68a81fd30bc3154b963e4e600ee90e6aca45ee2e4c644
check arima hashed predict_in_sample DIFFER gpu 05021960abf54b588991c5d2ae080d6d0ef3ab2980438fd363371243f85f8bbe host 53e2de3e6cfc1faf208b13b6641b889930798b08bcb3ad58531a63058e0d1064
check arima hashed predict_straddle DIFFER gpu 7d72fb8a2aaead459d584d2821cd4c02eff275d5c9bf8d0e07e1d7afa0080a54 host b430e760010e9c80d4ebfc3b44ec27b0485f252a416c6a8dc4ac25d390a991d9
check arima hashed sigma2 EQUAL gpu 3c17cbeba1dd46823c74c16361c946c1c7dfb5943bcbf997858728aacf6ffa40 host 3c17cbeba1dd46823c74c16361c946c1c7dfb5943bcbf997858728aacf6ffa40
check arima hashed identity_hash DIFFER gpu 06461dad67cfb784 host 67220511d8c7bc83
check arima negative ar EQUAL gpu 92ec2aa694e56ac6c893d2650d3578d4116ee20d554bc305e9193de9e2e3d9c4 host 92ec2aa694e56ac6c893d2650d3578d4116ee20d554bc305e9193de9e2e3d9c4
check arima negative forecast DIFFER gpu 46a7f632385cdc0b759a98662d0b0a7e481de3b8eda406992657fc2edd9ff63b host 0a6608278a30ef0d20137ab8f944950e7fcb048750f63f1fdaa6ff311479e39e
check arima negative mu EQUAL gpu bc644ddf2ca3fbecd70d2f505dab08d4bd1aa8f115eb73a831b1d378e103b6d1 host bc644ddf2ca3fbecd70d2f505dab08d4bd1aa8f115eb73a831b1d378e103b6d1
check arima negative params EQUAL gpu 36129837d7f81d42d3d0d323ec9a5a5c376758df267171e9d3787b9549e9deb0 host 36129837d7f81d42d3d0d323ec9a5a5c376758df267171e9d3787b9549e9deb0
check arima negative predict_in_sample DIFFER gpu 9701f5f40c4dbab0e0f0862b8b1e216677647e0e2b5381758903083b1416874f host b8a37c95c5042f40ebdf0963f897900456e9c59a577d2c7f29e75dd3e28b7f09
check arima negative predict_straddle DIFFER gpu eda0ae1ed91879f9eb26c15ea04fe5702b398808689a28d38143224cc769a030 host 7abb47e7f57c8627c7f7858d8a64edd825633e042d091eb7f7e432d23bd407d3
check arima negative sigma2 EQUAL gpu e651aa1c5c5afc046ffef04fe3998f6f3e6dabef6b6f5fac8e0bb9a5fdbaac8d host e651aa1c5c5afc046ffef04fe3998f6f3e6dabef6b6f5fac8e0bb9a5fdbaac8d
check arima negative identity_hash DIFFER gpu 4e0defb4e0feb99f host 2a96243e5ec64add
check arima odd ar EQUAL gpu d5ff814696a8100a503e35d28b84a34d6af31a910a57eaaf1ba8a09f994b7ef8 host d5ff814696a8100a503e35d28b84a34d6af31a910a57eaaf1ba8a09f994b7ef8
check arima odd forecast DIFFER gpu d1429142e858fe1c19403035f9ac75a9152960fb28f2f0ba98252f14ce81b9b5 host ef590620cae45ff65327a33c7b0d4479613f4eba8d7f7a438f28ce93488617dd
check arima odd mu EQUAL gpu 9ea17d3c6fe94ed2207841886cb8caec7463a5c7c531d3bc76564eb1e7965fb1 host 9ea17d3c6fe94ed2207841886cb8caec7463a5c7c531d3bc76564eb1e7965fb1
check arima odd params EQUAL gpu 604243873ef3e1ea4a9d4b2f9852d4669bd129a0c970d7fab0f7d170d8a5d18c host 604243873ef3e1ea4a9d4b2f9852d4669bd129a0c970d7fab0f7d170d8a5d18c
check arima odd predict_in_sample DIFFER gpu 17399ac82d761446863cef37d59132178ce03f0b103389b2df301f73dcc772cf host 75f48e35e6dd956b33733cc9a06a4f72cede7367447de93f8f7fc627e58fc08d
check arima odd predict_straddle DIFFER gpu d5e6f8b28c167ea355aeaee3bd3cdc2236c64e91ce4bbd57b9ac2ce21e242691 host d75e6d18f8d1e5cbbac26f68870fb2cc85913793c9db7acc6d2afd0f864ac6ff
check arima odd sigma2 EQUAL gpu 85583adc15ec627707755cbff2f354c7c78af3b0dd93c2390382b7b54d6905f2 host 85583adc15ec627707755cbff2f354c7c78af3b0dd93c2390382b7b54d6905f2
check arima odd identity_hash DIFFER gpu 4aa662dbcc728e65 host 5a32609076d0e6d5
check arima ties ar EQUAL gpu dcaa33522bb53551b6f0657aa169709da398048cb019eb1bca04437bac93f430 host dcaa33522bb53551b6f0657aa169709da398048cb019eb1bca04437bac93f430
check arima ties forecast DIFFER gpu f46c1b184b15c50a4bed608bc8bdea5dd113cbc364581cde86eeaba44d45455f host 84a887e7cf3c77be988519a28a3b21d129d243a1ca8d1a6e96bc8f1928b8a6a1
check arima ties mu EQUAL gpu 43a18aaf84edaaa4fefd6a9fd0d4fe5ba4b1c2e689ebb8f5d5d3dbce5530429b host 43a18aaf84edaaa4fefd6a9fd0d4fe5ba4b1c2e689ebb8f5d5d3dbce5530429b
check arima ties params EQUAL gpu d9030052acc9b44d9715ebb43c8470d1a823c4a18b1199d5c909ee9064842b4a host d9030052acc9b44d9715ebb43c8470d1a823c4a18b1199d5c909ee9064842b4a
check arima ties predict_in_sample DIFFER gpu de1992169be9f69b5313379a0bf16f749508552e55b604905fa11666e60a1827 host 04779469dd008bcbf8a509602bc219c8ad542e370c38a5d83630f7ea0091ade4
check arima ties predict_straddle DIFFER gpu cabece39ca2f85c60b23e47d9e0d52bd9e796e7b946cfa54d6a149db546efbd0 host efe6b64beb0ea9a5c4966085f6f9d8d948108461c59d3dec02f982dfbec140a4
check arima ties sigma2 EQUAL gpu 33036e1e8cf0e7f370980ef37d3e4ff0a16dfdf21c61db97ce5c602704eb9cf1 host 33036e1e8cf0e7f370980ef37d3e4ff0a16dfdf21c61db97ce5c602704eb9cf1
check arima ties identity_hash DIFFER gpu e699bca0934688f0 host c2b0d144cd6a1124
check arima wide ar EQUAL gpu 3f333dec2f7af8499a8da8eb55cc2a21fb5f6563d3dcce7c08e70f54edef0a53 host 3f333dec2f7af8499a8da8eb55cc2a21fb5f6563d3dcce7c08e70f54edef0a53
check arima wide forecast DIFFER gpu f450344e4ab6f5a68e448ecbd33e26c59796b90dcd0c863e8934704a81c76135 host 37c95dc2ff222487b19eac02360c49fc33ec01918c6f435e8fc7ee4fccf10ecd
check arima wide mu EQUAL gpu 3dfb90cc182327af0f08e0a3766c658498a30718f58cabb19b723b5ffb126112 host 3dfb90cc182327af0f08e0a3766c658498a30718f58cabb19b723b5ffb126112
check arima wide params EQUAL gpu 17fcdf5ef808bb5419113c8dedaed46e988884769037b6062220f487b7267f64 host 17fcdf5ef808bb5419113c8dedaed46e988884769037b6062220f487b7267f64
check arima wide predict_in_sample DIFFER gpu 9199e74cf2d8e45d5edd1819055500c8b398ca05a08177cf8f7f48771d950056 host c5367588921b4a8643d126c949d8db779cb8425fefffb2a7f5f29fefd14dfb67
check arima wide predict_straddle DIFFER gpu fe5565a8b002043806515bac43b89793f88698bbe047094cc2803cf54f4e52e6 host 95eb0d1d6ef27aaa65ea44d86b46dbe519f7b94ae3f4abcc2103893357ca129c
check arima wide sigma2 EQUAL gpu 30baed17041c92e6fc195ab81b0111a046bd7571ebaa8e1ce791a20bebf4a41e host 30baed17041c92e6fc195ab81b0111a046bd7571ebaa8e1ce791a20bebf4a41e
check arima wide identity_hash DIFFER gpu 956bebc3f45a1c69 host 5200776920947bbc
check arima-011 base forecast DIFFER gpu 4b06c4f7e006a8770e8673c2f33b2550e5520246a1df0546a273ebc3fd7384ad host 19105125d21efc810e1178fc75cc1cd8bb88f52d4c2c75e7562a0128c2b4fa1c
check arima-011 base ma EQUAL gpu 612d29e310aeeec1fedb08aa4374ba5d919ea8dd50070baff497f07c506f8dfa host 612d29e310aeeec1fedb08aa4374ba5d919ea8dd50070baff497f07c506f8dfa
check arima-011 base params EQUAL gpu 70a1c512524421ba0a262223a0a6f785bacf50b07ddf54937778b25b7ae97e75 host 70a1c512524421ba0a262223a0a6f785bacf50b07ddf54937778b25b7ae97e75
check arima-011 base predict_in_sample DIFFER gpu 8cc6f86b99b129e1c5aa807d1ee158830931a1bc18106118f9596c9f20b8dd55 host 8752f23813defb99564ece62355c7ef73e51a9514beb5f0135ba0ef184e74a5f
check arima-011 base predict_straddle DIFFER gpu 4126afac8caeb4336f1c88a80899a6535f96ffbd0d3a19d9e59fc4eb449be13a host cf70568ac497e13fadd4f34afd0e16510860ba624e96ce677da188374c873af9
check arima-011 base sigma2 EQUAL gpu 10923934f457f589b91a2885269678a88b43f6c235a36424d03ba33705b5166d host 10923934f457f589b91a2885269678a88b43f6c235a36424d03ba33705b5166d
check arima-011 base identity_hash DIFFER gpu 436e34843e2d7277 host 481c3c4fa66c8c0f
check arima-011 denormal forecast DIFFER gpu 46a2adbdb1c7ba6411732855a24ee9b3f5638bd867b482ef97f8f030b119627e host 690f15d15460b84a112a88faf1ff0fbce053c80d8a78e48a3829633cb9217c69
check arima-011 denormal ma EQUAL gpu 1aeeda697cdc02e86873559720dc99782fc96960709dbd1a7ff2d2f576425627 host 1aeeda697cdc02e86873559720dc99782fc96960709dbd1a7ff2d2f576425627
check arima-011 denormal params EQUAL gpu 97deafa22684154385169c4fff17c8bee2d4cc4629bb9289ee133058d88a8a9e host 97deafa22684154385169c4fff17c8bee2d4cc4629bb9289ee133058d88a8a9e
check arima-011 denormal predict_in_sample DIFFER gpu a3d68f0d83b72d4d8f7f2a90aaadf0ecbce8f3730b296f34cc0a2b806f4f224f host 11cdc537750dd507a042eb622154093d6500a2f1c535189cfc9b526c54fde8de
check arima-011 denormal predict_straddle DIFFER gpu 6e22d9cfb9d26b2fa18b2484d5e7e8f9141b3147a9bb0b720663c440a864a11d host 4aba38c728bdb97414e65a9fbc777a182d458a10fc1755d07eeedbc005306c31
check arima-011 denormal sigma2 EQUAL gpu b330c3cf7fe56e49c59b6d3083359a0d16d3995733ce75aee40159fcec3fe359 host b330c3cf7fe56e49c59b6d3083359a0d16d3995733ce75aee40159fcec3fe359
check arima-011 denormal identity_hash DIFFER gpu 395747692aa405a7 host d5f21f1d787cd7cf
check arima-011 denormal_ftz forecast DIFFER gpu 46a2adbdb1c7ba6411732855a24ee9b3f5638bd867b482ef97f8f030b119627e host 690f15d15460b84a112a88faf1ff0fbce053c80d8a78e48a3829633cb9217c69
check arima-011 denormal_ftz ma EQUAL gpu 1aeeda697cdc02e86873559720dc99782fc96960709dbd1a7ff2d2f576425627 host 1aeeda697cdc02e86873559720dc99782fc96960709dbd1a7ff2d2f576425627
check arima-011 denormal_ftz params EQUAL gpu 97deafa22684154385169c4fff17c8bee2d4cc4629bb9289ee133058d88a8a9e host 97deafa22684154385169c4fff17c8bee2d4cc4629bb9289ee133058d88a8a9e
check arima-011 denormal_ftz predict_in_sample DIFFER gpu a3d68f0d83b72d4d8f7f2a90aaadf0ecbce8f3730b296f34cc0a2b806f4f224f host 11cdc537750dd507a042eb622154093d6500a2f1c535189cfc9b526c54fde8de
check arima-011 denormal_ftz predict_straddle DIFFER gpu 6e22d9cfb9d26b2fa18b2484d5e7e8f9141b3147a9bb0b720663c440a864a11d host 4aba38c728bdb97414e65a9fbc777a182d458a10fc1755d07eeedbc005306c31
check arima-011 denormal_ftz sigma2 EQUAL gpu b330c3cf7fe56e49c59b6d3083359a0d16d3995733ce75aee40159fcec3fe359 host b330c3cf7fe56e49c59b6d3083359a0d16d3995733ce75aee40159fcec3fe359
check arima-011 denormal_ftz identity_hash DIFFER gpu 395747692aa405a7 host d5f21f1d787cd7cf
check arima-011 dupes forecast DIFFER gpu 4b06c4f7e006a8770e8673c2f33b2550e5520246a1df0546a273ebc3fd7384ad host 19105125d21efc810e1178fc75cc1cd8bb88f52d4c2c75e7562a0128c2b4fa1c
check arima-011 dupes ma EQUAL gpu 612d29e310aeeec1fedb08aa4374ba5d919ea8dd50070baff497f07c506f8dfa host 612d29e310aeeec1fedb08aa4374ba5d919ea8dd50070baff497f07c506f8dfa
check arima-011 dupes params EQUAL gpu 70a1c512524421ba0a262223a0a6f785bacf50b07ddf54937778b25b7ae97e75 host 70a1c512524421ba0a262223a0a6f785bacf50b07ddf54937778b25b7ae97e75
check arima-011 dupes predict_in_sample DIFFER gpu 8cc6f86b99b129e1c5aa807d1ee158830931a1bc18106118f9596c9f20b8dd55 host 8752f23813defb99564ece62355c7ef73e51a9514beb5f0135ba0ef184e74a5f
check arima-011 dupes predict_straddle DIFFER gpu 4126afac8caeb4336f1c88a80899a6535f96ffbd0d3a19d9e59fc4eb449be13a host cf70568ac497e13fadd4f34afd0e16510860ba624e96ce677da188374c873af9
check arima-011 dupes sigma2 EQUAL gpu 10923934f457f589b91a2885269678a88b43f6c235a36424d03ba33705b5166d host 10923934f457f589b91a2885269678a88b43f6c235a36424d03ba33705b5166d
check arima-011 dupes identity_hash DIFFER gpu 436e34843e2d7277 host 481c3c4fa66c8c0f
check arima-011 hashed forecast DIFFER gpu f8cea0853a81fa132a9f7ed1307cc0ac1d2427ebc8c5fec6e80910e93a068590 host 633e5892ed08e180137d582fb29c1a5d36088e9c373c27d7f0c53ddfdeb044d3
check arima-011 hashed ma EQUAL gpu 5939ff0ad33607438309eee4b8f1628daa1059c4a7bf574f7fa58bc640c91603 host 5939ff0ad33607438309eee4b8f1628daa1059c4a7bf574f7fa58bc640c91603
check arima-011 hashed params EQUAL gpu 9c6a2feaa8aeab89c733c505f5d1dbd30d7b1f3e3c057c8cb23c0d873c0e935c host 9c6a2feaa8aeab89c733c505f5d1dbd30d7b1f3e3c057c8cb23c0d873c0e935c
check arima-011 hashed predict_in_sample DIFFER gpu b1022661275507715fbaf3d59cc4ec04797e7e0ad5dc56e7c7eeaa171d1af093 host 97af3f9a4784ae9b3163ae0ce024cbc07cc346d6ff7dad1104537a1e7cba5909
check arima-011 hashed predict_straddle DIFFER gpu 261b3b0a194cb7a4e75ba5a7e89b4384f479b9b40ba7115b9a4505fbebc6f1a9 host 0f2813ac21aa1b8a68588293ccf7dfd7b7759f9aa80274fd61e6a14672cd649c
check arima-011 hashed sigma2 EQUAL gpu 72b1db496c266e3d8db45ba155f4a8e5eda08ca0c290366437c7838c187e608b host 72b1db496c266e3d8db45ba155f4a8e5eda08ca0c290366437c7838c187e608b
check arima-011 hashed identity_hash DIFFER gpu 7ff4a9e790ef0f8b host f6f2f6f1b84931d4
check arima-011 negative forecast DIFFER gpu 16329322e84504343f777afe7356ae7cd09e1db5a67a804a01f093a4ae7fe66c host 983714ee335afc1c18670ae0ea0273d6c69a2216899dccd4bbe5d083910bf947
check arima-011 negative ma EQUAL gpu 3e697d9dd4334ffa2e875edc92c06a545cec1f11dd5cd438bcdb0fe04ace0a18 host 3e697d9dd4334ffa2e875edc92c06a545cec1f11dd5cd438bcdb0fe04ace0a18
check arima-011 negative params EQUAL gpu 27e442b8cd93e1e2346a8f8ea5814a6c4345301c2d8f3ec8e1688c0f7709b3e7 host 27e442b8cd93e1e2346a8f8ea5814a6c4345301c2d8f3ec8e1688c0f7709b3e7
check arima-011 negative predict_in_sample DIFFER gpu bf59115f5338d21d0d0b007f2e5d5ecf3629b32b9896228dc69bf26a62c96a3a host af798c27d3c74b347835a21d40b92fcd585de1f8416203771c56870945fe1a18
check arima-011 negative predict_straddle DIFFER gpu 6e8e87ed2c44824385f2770b9ab4a5c04c299b8c3fe0559e03230bced7b15749 host caf9d6dff9598f5b66ed9ab8ce4a85051370cfe46217eb39cf59352dfb506c70
check arima-011 negative sigma2 EQUAL gpu 58286201978e7d8933503cb4706026d1435f0278caf2e4d8868643b59cafc6e6 host 58286201978e7d8933503cb4706026d1435f0278caf2e4d8868643b59cafc6e6
check arima-011 negative identity_hash DIFFER gpu 126a57415caeead2 host dd2b2bcbabaa7c1c
check arima-011 odd forecast DIFFER gpu 731d32ba91783845e3372d3586b9756bab46f995aa072a1af217e934b899ac34 host 9f2f78c585d023d9d1eb7ba7afb5521cd8525160b05356137610044d54de32b8
check arima-011 odd ma EQUAL gpu 3354311e4603eb64ca011afecae5220c3813d5b12e57bc19b79a9c186dbfcbbd host 3354311e4603eb64ca011afecae5220c3813d5b12e57bc19b79a9c186dbfcbbd
check arima-011 odd params EQUAL gpu 5430ab4e92ce11b8459234311241f5916f5ab64fa829f6d5bc7477576a17d30c host 5430ab4e92ce11b8459234311241f5916f5ab64fa829f6d5bc7477576a17d30c
check arima-011 odd predict_in_sample DIFFER gpu 3a33f3eafb7651428bc51b268d1a7999800a2eb5e7b0ca2a4199377805794a49 host 829ee59507b9275005c50c257db7b6260c90149b38e4cbcf96344589785114a7
check arima-011 odd predict_straddle DIFFER gpu e8a4f7611b4011a8f66b682e7169ca9be39577842b3f4432d8fdc262429e7eb5 host 5ee0c8f6644999e92565bd222ad2521e97283a43d42c187e05a0eff75ae5b444
check arima-011 odd sigma2 EQUAL gpu 3d8e0f9cad122ebd38d2a5cedcf1ef2ae338f759b5429435316ad8753aafa0b5 host 3d8e0f9cad122ebd38d2a5cedcf1ef2ae338f759b5429435316ad8753aafa0b5
check arima-011 odd identity_hash DIFFER gpu b17ec31edbdbf345 host 2360190b8ffd5703
check arima-011 ties forecast DIFFER gpu 506994770f5e3b1e41a6c96d7cd04577c4abaa605f8ac7c4c35ccf7abe23edcf host 180c26ae8582a352d159a779a18748aaa91383f8fc6df0b2fc775c267b7b37cc
check arima-011 ties ma EQUAL gpu 205b6e9365373f34955d012deafb93bac3a70eaa70282c5f8f139f44019374c3 host 205b6e9365373f34955d012deafb93bac3a70eaa70282c5f8f139f44019374c3
check arima-011 ties params EQUAL gpu 58668083301e410a6dcef148ff358ada604c84b4e9a08b0bc26f4150fb4f2fbe host 58668083301e410a6dcef148ff358ada604c84b4e9a08b0bc26f4150fb4f2fbe
check arima-011 ties predict_in_sample DIFFER gpu 95ac1fd7a4fe3010ffb7392a43923e9e079ad3cc490c810d4182a20a196c416d host dc0435778e0f8c7080671bfc9111efbcb3113d178b17b763e44771f630b9124e
check arima-011 ties predict_straddle DIFFER gpu 841c8767795f1beb92f112904118e7ae743a943ed7616b5f1d5d1d07f425f172 host e724ed4e800ef8807ff6fddb233bf6dd84dd3ad0723ae0462281a637754b81c6
check arima-011 ties sigma2 EQUAL gpu 0d83cda930fe46c29daa860fee7e2aca5464ef66308b2d85ab1e995ab0fda881 host 0d83cda930fe46c29daa860fee7e2aca5464ef66308b2d85ab1e995ab0fda881
check arima-011 ties identity_hash DIFFER gpu b18657cbfbe91ac6 host 104a8f2abe450c48
check arima-011 wide forecast DIFFER gpu ecf64fdb10cbe31a09fa67c8830186b8ab97f042af9be0f61c9bdb9b37b0f8c7 host 81fc351a524a40a3f254d9d0372413ce613664afc86362caf196ce9b01865fef
check arima-011 wide ma EQUAL gpu 2f248b8326fae8d6127dfbc231059ef46a8c202e664a8dfb69384d001461dfe2 host 2f248b8326fae8d6127dfbc231059ef46a8c202e664a8dfb69384d001461dfe2
check arima-011 wide params EQUAL gpu d9ccdc2d29aceb2a9e05bdeb75088e1a6d0ff538468f7c9cd15f70752a49dcbf host d9ccdc2d29aceb2a9e05bdeb75088e1a6d0ff538468f7c9cd15f70752a49dcbf
check arima-011 wide predict_in_sample DIFFER gpu 7c41d450e054fbde3efb0d38ba1428d31ab55068b1df9864e2c15dac026e006e host ac829e3be3e5900928329ccb592798da3a848ab84b8cb47487178cbe366bb356
check arima-011 wide predict_straddle DIFFER gpu d015ce25253f904d86838a517c6c622245831de025931d2b6393bf19cd5fe21a host ce7b135638eefa213948c645b919bc07760c2f21cfd1ecb4c45564caa33f2282
check arima-011 wide sigma2 EQUAL gpu 35850047b1be8ff6f380ff1e2e41bb2a9fb0ac43aa935de32ad952bf0a65aaea host 35850047b1be8ff6f380ff1e2e41bb2a9fb0ac43aa935de32ad952bf0a65aaea
check arima-011 wide identity_hash DIFFER gpu f566c47f48821c72 host 02d9728614aa5f93
check arima-seasonal-c base ar EQUAL gpu 693cd25921518f6f7ae3cced90d8ff94b69aa117162e87b01ba82187880aafea host 693cd25921518f6f7ae3cced90d8ff94b69aa117162e87b01ba82187880aafea
check arima-seasonal-c base forecast DIFFER gpu 0b435ea84ae834a48101cd9f490109bfbc7628dd686f0753e1b8e5dff3f1f36d host 99dabefff00d21d71a48d5ba3f4d224fcd747e9d111b84ca4feadf2178b55c45
check arima-seasonal-c base mu EQUAL gpu 6c8c1aa8481c20a3b1a543577ef4543e05babd9ad84d0f7d0014436a556efd98 host 6c8c1aa8481c20a3b1a543577ef4543e05babd9ad84d0f7d0014436a556efd98
check arima-seasonal-c base params EQUAL gpu 7bab7462710e06cc49386694eb76843a6ce21e698d4c360ed4e4bc318b1b5afa host 7bab7462710e06cc49386694eb76843a6ce21e698d4c360ed4e4bc318b1b5afa
check arima-seasonal-c base predict_in_sample DIFFER gpu fa70ae24fe995b248a48160cf617d8d0f628d770c23e6c839fddae966bfd106e host b525e9dc245df8473596b8c873640afc2603b199484a88f00d46e844a8c52a1c
check arima-seasonal-c base predict_straddle DIFFER gpu 8ca2aad0108de215c968b3030c29a1737979aa0d98b3b300e9f4521c7737df46 host 4249326f0d4991d6b5661a3cf44f8fde21d64404d3fe0242f58157fb0710be73
check arima-seasonal-c base sar EQUAL gpu 4e5d4bb262a929de9dff8abf54c0b04c52bdd45599ae805570c444a65b3044d7 host 4e5d4bb262a929de9dff8abf54c0b04c52bdd45599ae805570c444a65b3044d7
check arima-seasonal-c base sigma2 EQUAL gpu 4c36473b52fa080c5d22b14c02ef9c605c15f2785d9d26c346dc3687b58dafde host 4c36473b52fa080c5d22b14c02ef9c605c15f2785d9d26c346dc3687b58dafde
check arima-seasonal-c base identity_hash DIFFER gpu 51863aef53c592d2 host 20d523e7ff5be475
check arima-seasonal-c denormal ar EQUAL gpu ac19b54f5e708da2322fe49d905d9cec06405c49b52cd268a3af527158f000eb host ac19b54f5e708da2322fe49d905d9cec06405c49b52cd268a3af527158f000eb
check arima-seasonal-c denormal forecast DIFFER gpu b278fc0bca63a461fbd46f154932dd720ded92ea5c26479f3523fc890acfc70e host b2a81c2e9042ecfe15cb8c77b51b362a385c894cbe0a5ad69b306d876f61b211
check arima-seasonal-c denormal mu EQUAL gpu fe7229fe7ef1374d0fc819dc24bbe03c6f08308e5240672d23caee17db247ec0 host fe7229fe7ef1374d0fc819dc24bbe03c6f08308e5240672d23caee17db247ec0
check arima-seasonal-c denormal params EQUAL gpu 31c20e761b0a4603956eada5bb4ad15922e7ff1f3d3e20bbe59a3233c886a935 host 31c20e761b0a4603956eada5bb4ad15922e7ff1f3d3e20bbe59a3233c886a935
check arima-seasonal-c denormal predict_in_sample DIFFER gpu 297fe947f3e2a3916fbf6bfc7a1e47a2c511993574ddab32f27095dea2939152 host 0dbf4126925eaf6618921aecba4ccf72bb2361eeba075ffd6b68ed1e9d70435b
check arima-seasonal-c denormal predict_straddle DIFFER gpu a8bbd550236497d44f0a371798d683f6482f2bb082072d1f8eca5bfca4fdebc0 host a356be829be1f54042ed159b3f923aef6a3680ad7f631f0645d2487a2cfc4c77
check arima-seasonal-c denormal sar EQUAL gpu 309134953b9578bfe657dbd950d72c539d36afdd4449963d7420d28e19899e93 host 309134953b9578bfe657dbd950d72c539d36afdd4449963d7420d28e19899e93
check arima-seasonal-c denormal sigma2 EQUAL gpu b48f99b1bf3ccf4ef0a32f76b4117215339c662fab8721aaa86d31af1f88c809 host b48f99b1bf3ccf4ef0a32f76b4117215339c662fab8721aaa86d31af1f88c809
check arima-seasonal-c denormal identity_hash DIFFER gpu dd8a852ab073617c host 23f0b258d5f933dc
check arima-seasonal-c denormal_ftz ar EQUAL gpu ac19b54f5e708da2322fe49d905d9cec06405c49b52cd268a3af527158f000eb host ac19b54f5e708da2322fe49d905d9cec06405c49b52cd268a3af527158f000eb
check arima-seasonal-c denormal_ftz forecast DIFFER gpu b278fc0bca63a461fbd46f154932dd720ded92ea5c26479f3523fc890acfc70e host b2a81c2e9042ecfe15cb8c77b51b362a385c894cbe0a5ad69b306d876f61b211
check arima-seasonal-c denormal_ftz mu EQUAL gpu fe7229fe7ef1374d0fc819dc24bbe03c6f08308e5240672d23caee17db247ec0 host fe7229fe7ef1374d0fc819dc24bbe03c6f08308e5240672d23caee17db247ec0
check arima-seasonal-c denormal_ftz params EQUAL gpu 31c20e761b0a4603956eada5bb4ad15922e7ff1f3d3e20bbe59a3233c886a935 host 31c20e761b0a4603956eada5bb4ad15922e7ff1f3d3e20bbe59a3233c886a935
check arima-seasonal-c denormal_ftz predict_in_sample DIFFER gpu 297fe947f3e2a3916fbf6bfc7a1e47a2c511993574ddab32f27095dea2939152 host 0dbf4126925eaf6618921aecba4ccf72bb2361eeba075ffd6b68ed1e9d70435b
check arima-seasonal-c denormal_ftz predict_straddle DIFFER gpu a8bbd550236497d44f0a371798d683f6482f2bb082072d1f8eca5bfca4fdebc0 host a356be829be1f54042ed159b3f923aef6a3680ad7f631f0645d2487a2cfc4c77
check arima-seasonal-c denormal_ftz sar EQUAL gpu 309134953b9578bfe657dbd950d72c539d36afdd4449963d7420d28e19899e93 host 309134953b9578bfe657dbd950d72c539d36afdd4449963d7420d28e19899e93
check arima-seasonal-c denormal_ftz sigma2 EQUAL gpu b48f99b1bf3ccf4ef0a32f76b4117215339c662fab8721aaa86d31af1f88c809 host b48f99b1bf3ccf4ef0a32f76b4117215339c662fab8721aaa86d31af1f88c809
check arima-seasonal-c denormal_ftz identity_hash DIFFER gpu dd8a852ab073617c host 23f0b258d5f933dc
check arima-seasonal-c dupes ar EQUAL gpu 693cd25921518f6f7ae3cced90d8ff94b69aa117162e87b01ba82187880aafea host 693cd25921518f6f7ae3cced90d8ff94b69aa117162e87b01ba82187880aafea
check arima-seasonal-c dupes forecast DIFFER gpu 0b435ea84ae834a48101cd9f490109bfbc7628dd686f0753e1b8e5dff3f1f36d host 99dabefff00d21d71a48d5ba3f4d224fcd747e9d111b84ca4feadf2178b55c45
check arima-seasonal-c dupes mu EQUAL gpu 6c8c1aa8481c20a3b1a543577ef4543e05babd9ad84d0f7d0014436a556efd98 host 6c8c1aa8481c20a3b1a543577ef4543e05babd9ad84d0f7d0014436a556efd98
check arima-seasonal-c dupes params EQUAL gpu 7bab7462710e06cc49386694eb76843a6ce21e698d4c360ed4e4bc318b1b5afa host 7bab7462710e06cc49386694eb76843a6ce21e698d4c360ed4e4bc318b1b5afa
check arima-seasonal-c dupes predict_in_sample DIFFER gpu fa70ae24fe995b248a48160cf617d8d0f628d770c23e6c839fddae966bfd106e host b525e9dc245df8473596b8c873640afc2603b199484a88f00d46e844a8c52a1c
check arima-seasonal-c dupes predict_straddle DIFFER gpu 8ca2aad0108de215c968b3030c29a1737979aa0d98b3b300e9f4521c7737df46 host 4249326f0d4991d6b5661a3cf44f8fde21d64404d3fe0242f58157fb0710be73
check arima-seasonal-c dupes sar EQUAL gpu 4e5d4bb262a929de9dff8abf54c0b04c52bdd45599ae805570c444a65b3044d7 host 4e5d4bb262a929de9dff8abf54c0b04c52bdd45599ae805570c444a65b3044d7
check arima-seasonal-c dupes sigma2 EQUAL gpu 4c36473b52fa080c5d22b14c02ef9c605c15f2785d9d26c346dc3687b58dafde host 4c36473b52fa080c5d22b14c02ef9c605c15f2785d9d26c346dc3687b58dafde
check arima-seasonal-c dupes identity_hash DIFFER gpu 51863aef53c592d2 host 20d523e7ff5be475
check arima-seasonal-c hashed ar EQUAL gpu 6369e6f8e9c27bb28298bdb1cb70294398bb228b95ba823641eda53d98b521ec host 6369e6f8e9c27bb28298bdb1cb70294398bb228b95ba823641eda53d98b521ec
check arima-seasonal-c hashed forecast DIFFER gpu 4cd8bfcb1ebfdf84322b229a6d307281f86f4bc8551a38e06967fba3a4af6cce host 6d2a833846e6ceeb2a6ac07b295898aa370e53a8aed13d41ed1045c3efa1408a
check arima-seasonal-c hashed mu EQUAL gpu 13ac1939e76ce3d9fb276e6fb8a51553a9505ae0cb4078a6aed3f98c2ccc4ce3 host 13ac1939e76ce3d9fb276e6fb8a51553a9505ae0cb4078a6aed3f98c2ccc4ce3
check arima-seasonal-c hashed params EQUAL gpu 030740199010ba3d158fd3041176f391b83bf4329c09fc548c55901674038bb2 host 030740199010ba3d158fd3041176f391b83bf4329c09fc548c55901674038bb2
check arima-seasonal-c hashed predict_in_sample DIFFER gpu 9b44eb145c8452dd6d31ad641d7e122313cc38def991a49e56120eef6836313d host 183c745f4342a146545db2ed608b574bf7b6aad6059138f440ee9144f78c0c7f
check arima-seasonal-c hashed predict_straddle DIFFER gpu 7384ecf97902e810c998013bfb24995ea6c575ee907e6374963b601b8bf7cc73 host fa901fa51139d26c133eccfe05405d61267dfc24676069a60f795627a929441c
check arima-seasonal-c hashed sar EQUAL gpu 47640353426340d0d1e26d63964e8e476269db08f314f5eaffce558010c670e0 host 47640353426340d0d1e26d63964e8e476269db08f314f5eaffce558010c670e0
check arima-seasonal-c hashed sigma2 EQUAL gpu 74510727a0a8fa8ac19032aa420554cab22223f04f32821e1940441c4dbfe545 host 74510727a0a8fa8ac19032aa420554cab22223f04f32821e1940441c4dbfe545
check arima-seasonal-c hashed identity_hash DIFFER gpu fa0e863d9ac994d8 host 3a3b0edfbd5aa51c
check arima-seasonal-c negative ar EQUAL gpu bb4e7e0043cbe8ccac66daf37e1d94d9ebb5c7e89a48fb6f3917e762da85fab3 host bb4e7e0043cbe8ccac66daf37e1d94d9ebb5c7e89a48fb6f3917e762da85fab3
check arima-seasonal-c negative forecast DIFFER gpu 120657c4a683898b927ad1f6507ce346dec25938e5c400733f07e8470c7a245f host 3b4f8ced620378f70c62414438255831985b8a333fc552893e4e11298b9896d4
check arima-seasonal-c negative mu EQUAL gpu 4c53ab7e4a61c97d11ef16ae8bae1f70199a07a707f9c45b74c0be4312399d12 host 4c53ab7e4a61c97d11ef16ae8bae1f70199a07a707f9c45b74c0be4312399d12
check arima-seasonal-c negative params EQUAL gpu 2199c2fee0828fadc95a3944a80f14fbe16dc2f62aefd74065e462cf97452fe4 host 2199c2fee0828fadc95a3944a80f14fbe16dc2f62aefd74065e462cf97452fe4
check arima-seasonal-c negative predict_in_sample DIFFER gpu 74f4b7d84eb9330cd0ef8ed1481279a735df3d1a451a3c501180ca369683395e host 6075ece47fbc151b87cf4bf9b6bbfa76de2b9c0b7deefa7e298876d469dce731
check arima-seasonal-c negative predict_straddle DIFFER gpu 73dd49a3e2d0480d91e087098a31adc97e2ab705e2f16d374f9a6fec3e173315 host d210f706dbc03a0d548af0127141027d025594f60b24c472804044ab3e66ef60
check arima-seasonal-c negative sar EQUAL gpu aa81c6c091f69fc1eca5808398e1ec5c73239e9ceeefe41d0ac9e59c2e275514 host aa81c6c091f69fc1eca5808398e1ec5c73239e9ceeefe41d0ac9e59c2e275514
check arima-seasonal-c negative sigma2 EQUAL gpu da349ab955fe227c3726229289f9bf6090bb9ce6c0f08793b5f8f1e6fe4c07ad host da349ab955fe227c3726229289f9bf6090bb9ce6c0f08793b5f8f1e6fe4c07ad
check arima-seasonal-c negative identity_hash DIFFER gpu 6e18078db22d851f host 8a45bf76ba30fc99
check arima-seasonal-c odd ar EQUAL gpu 773396a65d45b19df36108d830104f9b2a906bef19b413de7e5b2c6b4ecfa8fc host 773396a65d45b19df36108d830104f9b2a906bef19b413de7e5b2c6b4ecfa8fc
check arima-seasonal-c odd forecast DIFFER gpu db1c3e97d5c7e7507207cd00c9ec46d35e9d2b3aec81d620bff18c7630683587 host acd3535ee6d2f4f71a7b688cc3f703421adb0f1b3cdeb270e0aeaab22184f354
check arima-seasonal-c odd mu EQUAL gpu bfcadcea66104a2f59ca1a477425a7228cf3cd0fc922547d41751cbcff5076f9 host bfcadcea66104a2f59ca1a477425a7228cf3cd0fc922547d41751cbcff5076f9
check arima-seasonal-c odd params EQUAL gpu 03e08a94833e2aa1574aa6198554b80b1405b89a8d8730b2dc2186c19f4ce164 host 03e08a94833e2aa1574aa6198554b80b1405b89a8d8730b2dc2186c19f4ce164
check arima-seasonal-c odd predict_in_sample DIFFER gpu 3a981f378a8b16195f276a273a4ab8d707ce6f0296506c893484d74f0b819bb0 host 4cb0006e5ae6abdb68d40b2b4ca29ea4d911db663561adbd0fa9ec6e0d690107
check arima-seasonal-c odd predict_straddle DIFFER gpu 2b307520cb816143ddab2438a43c6896b5cc9c7b8ca361a750b02c0343263251 host bdda3658aebe174438e9c189dfb6b5d225cfe28e2f151145b5836b8b9c366336
check arima-seasonal-c odd sar EQUAL gpu 41760855e41cfe8e8acd8899da4e4db613da3147c469ebbfd0b7defa2506c21c host 41760855e41cfe8e8acd8899da4e4db613da3147c469ebbfd0b7defa2506c21c
check arima-seasonal-c odd sigma2 EQUAL gpu b1777373914cf67f217d52b0b19a2f4f4e2f436cf32d446171d830d30c891f92 host b1777373914cf67f217d52b0b19a2f4f4e2f436cf32d446171d830d30c891f92
check arima-seasonal-c odd identity_hash DIFFER gpu f4ef2ece26c02783 host d4a561db3769fdba
check arima-seasonal-c ties ar EQUAL gpu 237c02eaba550039e19fe6f6391dcf78d012d564a839d45ee6c7fd89a8917698 host 237c02eaba550039e19fe6f6391dcf78d012d564a839d45ee6c7fd89a8917698
check arima-seasonal-c ties forecast DIFFER gpu 4b3b984c39a90faec275eee805fbb2f39b62ab39419dc1a0170448f939fdf24b host bb0163c978e84f50d9c425f2ef8dd763af8ca5081a1e58681de60225eecfe543
check arima-seasonal-c ties mu EQUAL gpu 6e494699f88220ff448e028d338aee66f8cab009965d5767bba71f8ba97f6d6c host 6e494699f88220ff448e028d338aee66f8cab009965d5767bba71f8ba97f6d6c
check arima-seasonal-c ties params EQUAL gpu 493dffd6c436652e266aab7e887fb51afddc27557f0262029de9ffb108597ef8 host 493dffd6c436652e266aab7e887fb51afddc27557f0262029de9ffb108597ef8
check arima-seasonal-c ties predict_in_sample DIFFER gpu 440bc321f768b8adb79fb2bd1491f2a596ca1bd36391115724946cf39e3ce546 host e924b5405ea8e9ac020c4db36967772e3ea0c0a61c3ab9e6600457b2cc3e1a35
check arima-seasonal-c ties predict_straddle DIFFER gpu a86fe2515e6d1bec2bd597d72206471a8af76d2d6f7c8294b255fdfb98c54446 host d3b2a7641f72ef0a1566ee5b0329c9c349c05ae05c395afd6385464bbfd11111
check arima-seasonal-c ties sar EQUAL gpu d0e926d9737ed362500cc047ebcfca1bf8181f6f466979bcc95774a6f5e56aa7 host d0e926d9737ed362500cc047ebcfca1bf8181f6f466979bcc95774a6f5e56aa7
check arima-seasonal-c ties sigma2 EQUAL gpu 894b401fe4fb1a7ff6208cf5f4d2f2c491ce35e77406bcfe569399d9dc2e10c7 host 894b401fe4fb1a7ff6208cf5f4d2f2c491ce35e77406bcfe569399d9dc2e10c7
check arima-seasonal-c ties identity_hash DIFFER gpu d75b867e7900df54 host 756c229219f8e754
check arima-seasonal-c wide ar EQUAL gpu 3f333dec2f7af8499a8da8eb55cc2a21fb5f6563d3dcce7c08e70f54edef0a53 host 3f333dec2f7af8499a8da8eb55cc2a21fb5f6563d3dcce7c08e70f54edef0a53
check arima-seasonal-c wide forecast DIFFER gpu 8bb042af766d15e229fe2965fd6daad4d8e844eb0bb56ddd6c99f0714827fca3 host dcf9d6b14e3a21a12680d04afbfc6055128509bdda906a8b5bb70d0173d5e0d8
check arima-seasonal-c wide mu EQUAL gpu 37c5555d43164b2f7b316d1d2a9e60db1e7c00f5b4d9fc09a0d36388254305aa host 37c5555d43164b2f7b316d1d2a9e60db1e7c00f5b4d9fc09a0d36388254305aa
check arima-seasonal-c wide params EQUAL gpu 504918181bf993cd711bac8056d22f4fb8f1d83f348f9a4d6b55f642fac26b15 host 504918181bf993cd711bac8056d22f4fb8f1d83f348f9a4d6b55f642fac26b15
check arima-seasonal-c wide predict_in_sample DIFFER gpu 3f7592d599f0f86dfdd41418d22588f6ab5a76e1c6d74a3df621121887ae43ff host d9cfde38230e342488688adc85b73f927c8830c3bdc882cf82f85690510f09ba
check arima-seasonal-c wide predict_straddle DIFFER gpu 10852f64df164a2a3c2aa332898c0f69bf2c5d1927a280933980ade4e7be81bc host c0137834ba097338171041519bd2d915524ebbc227f3cce8c232da80ea8e7e35
check arima-seasonal-c wide sar EQUAL gpu 9366d9d83e1639cc90daf42ed037664e42e177abdd9688b9cb87c039f2b9182d host 9366d9d83e1639cc90daf42ed037664e42e177abdd9688b9cb87c039f2b9182d
check arima-seasonal-c wide sigma2 EQUAL gpu 30baed17041c92e6fc195ab81b0111a046bd7571ebaa8e1ce791a20bebf4a41e host 30baed17041c92e6fc195ab81b0111a046bd7571ebaa8e1ce791a20bebf4a41e
check arima-seasonal-c wide identity_hash DIFFER gpu a60f83352adc3c98 host e7a6720b2162d095
check pca-full-whiten base inverse_transform DIFFER gpu 698388bed34dc1b3e0272862f4dd3bafbdd9dae0e2c1a92cdc293481f038a431 host cc0f573774a940e4f241461261fe51f6aa9f807f45a6a2e41eb15678a5c54d55
check pca-full-whiten base transform DIFFER gpu 6ec94d2eb7285bcb89652f990303a9ff39dd74be71573ca6d90dc1b6341f4989 host 0ecda597961827d521b1e6a4479a34471d405020eec0bd748a3f7422078ce5f7
check pca-full-whiten base identity_hash DIFFER gpu 3ccd30a2642983c5 host 26fda1a431dc6bc1
check pca-full-whiten denormal inverse_transform DIFFER gpu 2f827dc1b100ab5f0fe2e17cbc7fc8f6f115d876291e791d1d3b1182e8c4f8b3 host b97eeb474586209c2a7f177eb29acbec361f076cb54e1b620ba8d91bfaad70f7
check pca-full-whiten denormal transform DIFFER gpu 6c1373ddc864e4d3d04c62e0d2a0df46103e578b9c5bce376541887c0ce109df host d27d06598eadb55e1f497d39dd3ae12163bbe60f068a04f9c1fc7806432a9516
check pca-full-whiten denormal identity_hash DIFFER gpu b535e39677821151 host 8ac1adc19ea0163d
check pca-full-whiten denormal_ftz inverse_transform DIFFER gpu 2f827dc1b100ab5f0fe2e17cbc7fc8f6f115d876291e791d1d3b1182e8c4f8b3 host b97eeb474586209c2a7f177eb29acbec361f076cb54e1b620ba8d91bfaad70f7
check pca-full-whiten denormal_ftz transform DIFFER gpu 6c1373ddc864e4d3d04c62e0d2a0df46103e578b9c5bce376541887c0ce109df host d27d06598eadb55e1f497d39dd3ae12163bbe60f068a04f9c1fc7806432a9516
check pca-full-whiten denormal_ftz identity_hash DIFFER gpu b535e39677821151 host 8ac1adc19ea0163d
check pca-full-whiten dupes inverse_transform DIFFER gpu 93f572bf41e1ad75755840d6c8bee1b5a093fe2916cc11ec60b5e4a761942a3f host f46c4b25900a8118ea16a9c4074b40d26a546e9c91bafd876860b4370c15ff14
check pca-full-whiten dupes transform DIFFER gpu a8265c03a398e90d5db37510e8aea0261123260d73c28ee1e1030c35e27517ef host 9009bc08d49849bf58921afa48064a060a01108dac9a0989fb710cecf621e8c8
check pca-full-whiten dupes identity_hash DIFFER gpu d43bf917dbd688b3 host bd7ecad38e953404
check pca-full-whiten hashed inverse_transform DIFFER gpu 773008178842ed92d4887e125818314b84b8a9dbffb742755b67d43c407d71cb host ccd5bbdcfe71a8c01b86f57c4f2cd308cfc4ec45cbed2d8e4b64a4403428f1a2
check pca-full-whiten hashed transform DIFFER gpu 28c815ec9298b4b59abe6593da8a48a745d4011cdccca5ab798ffcaedb4e77d5 host a67790d157ea0db2313ae717df22f02ac59ef77ba1712d87689eacc691e5b7c1
check pca-full-whiten hashed identity_hash DIFFER gpu 4bbd98a59bc7b338 host fed0ce9b3226403b
check pca-full-whiten negative inverse_transform DIFFER gpu dd150569432f3a780551dc00f9a88231e715dd1fae25d81e59bf44dfe140ced1 host 7a7e08b410156ff33d0ac1fe165170402c1c976c273283d3cea5833bf665d0e6
check pca-full-whiten negative transform DIFFER gpu 6dcdf66e512e206e6a5b74f2b3112cd18b4fdf1ad0edfcd8247d97c52491dbe3 host 9b99d3614e94c539185612acec7d3086651899954bdfb4eb95441e5c317667cd
check pca-full-whiten negative identity_hash DIFFER gpu 5cbd3f28356522a4 host 5c12a2bc39eff7c4
check pca-full-whiten odd inverse_transform DIFFER gpu dfb8ea17cefd04b720f559458383277d5ba0caba6adcc642be20a62024dd967b host f50762e95b5673a118dc5da09851b65f77d28f7431d5077e07a29d9c0ac651bf
check pca-full-whiten odd transform DIFFER gpu 2c7eb2c24f4e116c81a4224cc0adc9440498dcc0ddbe2b1fae96b5902baa556b host f11cf441e82d1281cc40b4cfa7c5bb2f16323720811e2a5fa01184750f360da7
check pca-full-whiten odd identity_hash DIFFER gpu 9131931086b674f3 host 1e7c252b3f7f32eb
check pca-full-whiten ties inverse_transform DIFFER gpu df69a76aef1f3d36d0d8b0af08a5680008c7bdccf00839fc04105bce8c35c69d host ed7eaf4f81c4c3e130532697e650ad458a7b2b8aa3907c88de8c57b2a74fc5d5
check pca-full-whiten ties transform DIFFER gpu 195cd8ec28c9b5c9434b384058ca01214a0cbed3931770792330e0bfae9d403b host 308496bb5e09bf727d5bde2e4983092f9d9d9ca2cef195a5b6a7b9a6f3f457a0
check pca-full-whiten ties identity_hash DIFFER gpu fedaf5cfb53bfb56 host 385a0811d5cfd1cc
check pca-full-whiten wide inverse_transform DIFFER gpu b4b3e2347a349133f9e3c72c48add6a4ed4efdaf2da715860919333061aa8e3c host cf2b1ef483862841eaca557b7c3baedad3d26b93fdd10de4a31de4df4a8b6c3a
check pca-full-whiten wide transform DIFFER gpu e2aef779b3d3b33037e5ae0b6f2543fa8750329e0af09f5e0233c94d49923372 host d0149261be685efc4aaadb6f6b97620e7ff689cf54bcc3e4d8b2a46e6201bdbe
check pca-full-whiten wide identity_hash DIFFER gpu 189abcd8ba5402d7 host 2bc1a921ab35965f
check umap base transform DIFFER gpu dae4b06758b7f8e89f9b289bba8236e4ffd7de5f23843d4677b69b2662f21df1 host f6dc7723117b9940d744d854c385fe65401c52c57dbe70501485a8126f5284a3
check umap base identity_hash DIFFER gpu 5a4ef62db605973a host 00e50dad8f67fc6d
check umap denormal transform DIFFER gpu 8b69513094334791f27a6257455a09bdca9da588e8058e8f4dd07189b1eff834 host d85b58ffb0b245a47a59cd0be3d490cd545dbf1deda836c3072094237cbe2453
check umap denormal identity_hash DIFFER gpu 278fb3d51d1c9b82 host 1a8a04313780c1e5
check umap denormal_ftz transform DIFFER gpu 8b69513094334791f27a6257455a09bdca9da588e8058e8f4dd07189b1eff834 host d85b58ffb0b245a47a59cd0be3d490cd545dbf1deda836c3072094237cbe2453
check umap denormal_ftz identity_hash DIFFER gpu 278fb3d51d1c9b82 host 1a8a04313780c1e5
check umap dupes transform DIFFER gpu dae4b06758b7f8e89f9b289bba8236e4ffd7de5f23843d4677b69b2662f21df1 host f6dc7723117b9940d744d854c385fe65401c52c57dbe70501485a8126f5284a3
check umap dupes identity_hash DIFFER gpu 5a4ef62db605973a host 00e50dad8f67fc6d
check umap hashed transform DIFFER gpu 255327fe7650d658612f0337f8728a8bbde86a1a12f8f9349bd346820cd67032 host b11525855d29722e21703b11691db376ca4e97ea3118f3dc82910287c39a9b40
check umap hashed identity_hash DIFFER gpu aa9e7249278630e5 host f21d331ed73941f1
check umap negative transform DIFFER gpu e13c0680dabfc96d5ff824b0671e9e4d2050c4cf5f45a215d3e41edd5441af34 host 3c4e0806f60856a2cb0969fe02ee2e797b37da76242e40d9ba99f31451f75c0b
check umap negative identity_hash DIFFER gpu 96a457e7da0684ae host 5b2700db3b469a72
check umap odd transform DIFFER gpu c6ce788066665dc228e0811cd9537a5e6ffbc74fb798bcfa74efc2cab9ec1bde host f8a7b3e3d6fa01dc853529d730cf01c756711e9850878145d24d330d9f281433
check umap odd identity_hash DIFFER gpu 4a46872567fef4d1 host 6b563e503991d29c
check umap ties transform DIFFER gpu 94f414d40e88d389bf9afb59b5e7981b1fd0c0d834b80f78439bef32ae6daa28 host 935a517810b6e9d8220f0a52c1268294933fd7a64d5d3e90af8b661eb67c539a
check umap ties identity_hash DIFFER gpu cfe8cc2494350a30 host f61916e873c31a71
check umap wide transform DIFFER gpu 2718283db7ef2508784311e1bad64e682eb2fe324e869ca54e65336db6e56a2b host b30fd9989b281271a2c39ed3a2f93d9a421f1f6ba293d375ab717fe3f1323ac5
check umap wide identity_hash DIFFER gpu 99d9533a655689c9 host b92b612e726d41b3
gate verdict EXPECTED MISMATCH SEEN (45 fixtures, 0 GPU columns, exit 0)
