# vendor=cpu-amd-epyc-9655-96-core-processor commit=763565275bb976f09f03149ab42884faf72ac451 (MOJOLEARN_COMMIT) host.cpu_model='AMD EPYC 9655 96-Core Processor' host.column=cpu host.families=['_mojolearn_arima_host', '_mojolearn_byte_lm_host', '_mojolearn_core_host', '_mojolearn_embedding_host', '_mojolearn_embedding_infer_host', '_mojolearn_estimators_host', '_mojolearn_forecast_host', '_mojolearn_forest_host', '_mojolearn_gbdt_host', '_mojolearn_gp_host', '_mojolearn_gp_infer_host', '_mojolearn_hdbscan_host', '_mojolearn_hdbscan_infer_host', '_mojolearn_ivf_host', '_mojolearn_ivf_search_host', '_mojolearn_kernel_methods_host', '_mojolearn_linalg_host', '_mojolearn_mamba_host', '_mojolearn_metrics_host', '_mojolearn_mixture_host', '_mojolearn_mixture_infer_host', '_mojolearn_neural_host', '_mojolearn_preprocessing_host', '_mojolearn_resample_host', '_mojolearn_rf_host', '_mojolearn_solver_host', '_mojolearn_svm_host', '_mojolearn_tokenizer_host', '_mojolearn_training_host', '_mojolearn_transformer_host', '_mojolearn_trees_host', '_mojolearn_tsa_host']
# identity_break  mode=identical  2026-09-17 21:39:59  Linux-6.8.0-90-generic-x86_64-with-glibc2.35
# per lane: the train row, then an `infer` row (held-out rows), a `model` row (saved bytes) and a `batch` row (whole batch vs rows alone, a split and prefixes) where the lane has them
| lane                   | base             | ties             | hashed           | wide             | denormal         | denormal_ftz     | dupes            | odd              | negative         |
|------------------------|------------------|------------------|------------------|------------------|------------------|------------------|------------------|------------------|------------------|
# START gp-sample-y-normalize/base repeat=1/train
# DONE gp-sample-y-normalize/base repeat=1/train 0.045s
# START gp-sample-y-normalize/base repeat=1/infer-save-reload
# DONE gp-sample-y-normalize/base repeat=1/infer-save-reload 0.028s
# START gp-sample-y-normalize/base repeat=1/batch
# DONE gp-sample-y-normalize/base repeat=1/batch 0.000s
# START gp-sample-y-normalize/base repeat=1/stepfull
# DONE gp-sample-y-normalize/base repeat=1/stepfull 0.000s
# START gp-sample-y-normalize/base repeat=2/train
# DONE gp-sample-y-normalize/base repeat=2/train 0.044s
# START gp-sample-y-normalize/base repeat=2/infer-save-reload
# DONE gp-sample-y-normalize/base repeat=2/infer-save-reload 0.027s
# START gp-sample-y-normalize/base repeat=2/batch
# DONE gp-sample-y-normalize/base repeat=2/batch 0.000s
# START gp-sample-y-normalize/base repeat=2/stepfull
# DONE gp-sample-y-normalize/base repeat=2/stepfull 0.000s
# CELL gp-sample-y-normalize/base STABLE 0.144s
# START gp-sample-y-normalize/ties repeat=1/train
# DONE gp-sample-y-normalize/ties repeat=1/train 0.047s
# START gp-sample-y-normalize/ties repeat=1/infer-save-reload
# DONE gp-sample-y-normalize/ties repeat=1/infer-save-reload 0.027s
# START gp-sample-y-normalize/ties repeat=1/batch
# DONE gp-sample-y-normalize/ties repeat=1/batch 0.000s
# START gp-sample-y-normalize/ties repeat=1/stepfull
# DONE gp-sample-y-normalize/ties repeat=1/stepfull 0.000s
# START gp-sample-y-normalize/ties repeat=2/train
# DONE gp-sample-y-normalize/ties repeat=2/train 0.046s
# START gp-sample-y-normalize/ties repeat=2/infer-save-reload
# DONE gp-sample-y-normalize/ties repeat=2/infer-save-reload 0.027s
# START gp-sample-y-normalize/ties repeat=2/batch
# DONE gp-sample-y-normalize/ties repeat=2/batch 0.000s
# START gp-sample-y-normalize/ties repeat=2/stepfull
# DONE gp-sample-y-normalize/ties repeat=2/stepfull 0.000s
# CELL gp-sample-y-normalize/ties STABLE 0.148s
# START gp-sample-y-normalize/hashed repeat=1/train
# DONE gp-sample-y-normalize/hashed repeat=1/train 0.044s
# START gp-sample-y-normalize/hashed repeat=1/infer-save-reload
# DONE gp-sample-y-normalize/hashed repeat=1/infer-save-reload 0.026s
# START gp-sample-y-normalize/hashed repeat=1/batch
# DONE gp-sample-y-normalize/hashed repeat=1/batch 0.000s
# START gp-sample-y-normalize/hashed repeat=1/stepfull
# DONE gp-sample-y-normalize/hashed repeat=1/stepfull 0.000s
# START gp-sample-y-normalize/hashed repeat=2/train
# DONE gp-sample-y-normalize/hashed repeat=2/train 0.044s
# START gp-sample-y-normalize/hashed repeat=2/infer-save-reload
# DONE gp-sample-y-normalize/hashed repeat=2/infer-save-reload 0.026s
# START gp-sample-y-normalize/hashed repeat=2/batch
# DONE gp-sample-y-normalize/hashed repeat=2/batch 0.000s
# START gp-sample-y-normalize/hashed repeat=2/stepfull
# DONE gp-sample-y-normalize/hashed repeat=2/stepfull 0.000s
# CELL gp-sample-y-normalize/hashed STABLE 0.141s
# START gp-sample-y-normalize/wide repeat=1/train
# DONE gp-sample-y-normalize/wide repeat=1/train 0.043s
# START gp-sample-y-normalize/wide repeat=1/infer-save-reload
# DONE gp-sample-y-normalize/wide repeat=1/infer-save-reload 0.026s
# START gp-sample-y-normalize/wide repeat=1/batch
# DONE gp-sample-y-normalize/wide repeat=1/batch 0.000s
# START gp-sample-y-normalize/wide repeat=1/stepfull
# DONE gp-sample-y-normalize/wide repeat=1/stepfull 0.000s
# START gp-sample-y-normalize/wide repeat=2/train
# DONE gp-sample-y-normalize/wide repeat=2/train 0.044s
# START gp-sample-y-normalize/wide repeat=2/infer-save-reload
# DONE gp-sample-y-normalize/wide repeat=2/infer-save-reload 0.027s
# START gp-sample-y-normalize/wide repeat=2/batch
# DONE gp-sample-y-normalize/wide repeat=2/batch 0.000s
# START gp-sample-y-normalize/wide repeat=2/stepfull
# DONE gp-sample-y-normalize/wide repeat=2/stepfull 0.000s
# CELL gp-sample-y-normalize/wide STABLE 0.141s
# START gp-sample-y-normalize/denormal repeat=1/train
# DONE gp-sample-y-normalize/denormal repeat=1/train 0.045s
# START gp-sample-y-normalize/denormal repeat=1/infer-save-reload
# DONE gp-sample-y-normalize/denormal repeat=1/infer-save-reload 0.027s
# START gp-sample-y-normalize/denormal repeat=1/batch
# DONE gp-sample-y-normalize/denormal repeat=1/batch 0.000s
# START gp-sample-y-normalize/denormal repeat=1/stepfull
# DONE gp-sample-y-normalize/denormal repeat=1/stepfull 0.000s
# START gp-sample-y-normalize/denormal repeat=2/train
# DONE gp-sample-y-normalize/denormal repeat=2/train 0.045s
# START gp-sample-y-normalize/denormal repeat=2/infer-save-reload
# DONE gp-sample-y-normalize/denormal repeat=2/infer-save-reload 0.027s
# START gp-sample-y-normalize/denormal repeat=2/batch
# DONE gp-sample-y-normalize/denormal repeat=2/batch 0.000s
# START gp-sample-y-normalize/denormal repeat=2/stepfull
# DONE gp-sample-y-normalize/denormal repeat=2/stepfull 0.000s
# CELL gp-sample-y-normalize/denormal STABLE 0.145s
# START gp-sample-y-normalize/denormal_ftz repeat=1/train
# DONE gp-sample-y-normalize/denormal_ftz repeat=1/train 0.046s
# START gp-sample-y-normalize/denormal_ftz repeat=1/infer-save-reload
# DONE gp-sample-y-normalize/denormal_ftz repeat=1/infer-save-reload 0.027s
# START gp-sample-y-normalize/denormal_ftz repeat=1/batch
# DONE gp-sample-y-normalize/denormal_ftz repeat=1/batch 0.000s
# START gp-sample-y-normalize/denormal_ftz repeat=1/stepfull
# DONE gp-sample-y-normalize/denormal_ftz repeat=1/stepfull 0.000s
# START gp-sample-y-normalize/denormal_ftz repeat=2/train
# DONE gp-sample-y-normalize/denormal_ftz repeat=2/train 0.044s
# START gp-sample-y-normalize/denormal_ftz repeat=2/infer-save-reload
# DONE gp-sample-y-normalize/denormal_ftz repeat=2/infer-save-reload 0.027s
# START gp-sample-y-normalize/denormal_ftz repeat=2/batch
# DONE gp-sample-y-normalize/denormal_ftz repeat=2/batch 0.000s
# START gp-sample-y-normalize/denormal_ftz repeat=2/stepfull
# DONE gp-sample-y-normalize/denormal_ftz repeat=2/stepfull 0.000s
# CELL gp-sample-y-normalize/denormal_ftz STABLE 0.145s
# START gp-sample-y-normalize/dupes repeat=1/train
# DONE gp-sample-y-normalize/dupes repeat=1/train 0.044s
# START gp-sample-y-normalize/dupes repeat=1/infer-save-reload
# DONE gp-sample-y-normalize/dupes repeat=1/infer-save-reload 0.026s
# START gp-sample-y-normalize/dupes repeat=1/batch
# DONE gp-sample-y-normalize/dupes repeat=1/batch 0.000s
# START gp-sample-y-normalize/dupes repeat=1/stepfull
# DONE gp-sample-y-normalize/dupes repeat=1/stepfull 0.000s
# START gp-sample-y-normalize/dupes repeat=2/train
# DONE gp-sample-y-normalize/dupes repeat=2/train 0.043s
# START gp-sample-y-normalize/dupes repeat=2/infer-save-reload
# DONE gp-sample-y-normalize/dupes repeat=2/infer-save-reload 0.026s
# START gp-sample-y-normalize/dupes repeat=2/batch
# DONE gp-sample-y-normalize/dupes repeat=2/batch 0.000s
# START gp-sample-y-normalize/dupes repeat=2/stepfull
# DONE gp-sample-y-normalize/dupes repeat=2/stepfull 0.000s
# CELL gp-sample-y-normalize/dupes STABLE 0.140s
# START gp-sample-y-normalize/odd repeat=1/train
# DONE gp-sample-y-normalize/odd repeat=1/train 0.044s
# START gp-sample-y-normalize/odd repeat=1/infer-save-reload
# DONE gp-sample-y-normalize/odd repeat=1/infer-save-reload 0.026s
# START gp-sample-y-normalize/odd repeat=1/batch
# DONE gp-sample-y-normalize/odd repeat=1/batch 0.000s
# START gp-sample-y-normalize/odd repeat=1/stepfull
# DONE gp-sample-y-normalize/odd repeat=1/stepfull 0.000s
# START gp-sample-y-normalize/odd repeat=2/train
# DONE gp-sample-y-normalize/odd repeat=2/train 0.044s
# START gp-sample-y-normalize/odd repeat=2/infer-save-reload
# DONE gp-sample-y-normalize/odd repeat=2/infer-save-reload 0.026s
# START gp-sample-y-normalize/odd repeat=2/batch
# DONE gp-sample-y-normalize/odd repeat=2/batch 0.000s
# START gp-sample-y-normalize/odd repeat=2/stepfull
# DONE gp-sample-y-normalize/odd repeat=2/stepfull 0.000s
# CELL gp-sample-y-normalize/odd STABLE 0.139s
# START gp-sample-y-normalize/negative repeat=1/train
# DONE gp-sample-y-normalize/negative repeat=1/train 0.043s
# START gp-sample-y-normalize/negative repeat=1/infer-save-reload
# DONE gp-sample-y-normalize/negative repeat=1/infer-save-reload 0.026s
# START gp-sample-y-normalize/negative repeat=1/batch
# DONE gp-sample-y-normalize/negative repeat=1/batch 0.000s
# START gp-sample-y-normalize/negative repeat=1/stepfull
# DONE gp-sample-y-normalize/negative repeat=1/stepfull 0.000s
# START gp-sample-y-normalize/negative repeat=2/train
# DONE gp-sample-y-normalize/negative repeat=2/train 0.043s
# START gp-sample-y-normalize/negative repeat=2/infer-save-reload
# DONE gp-sample-y-normalize/negative repeat=2/infer-save-reload 0.026s
# START gp-sample-y-normalize/negative repeat=2/batch
# DONE gp-sample-y-normalize/negative repeat=2/batch 0.000s
# START gp-sample-y-normalize/negative repeat=2/stepfull
# DONE gp-sample-y-normalize/negative repeat=2/stepfull 0.000s
# CELL gp-sample-y-normalize/negative STABLE 0.140s
| gp-sample-y-normalize  | b5ad01b81c59fdf3 | 43811dbad15ad2f0 | 455f431e3dcb0773 | c11bb0e6d158bfe3 | 33512fcfac39fb55 | 33512fcfac39fb55 | 78ae9a8195ece8f9 | b4dd92087d7a5b3a | 0644e14fb6f52191 |
| gp-sample-y-normalize infer | 0c4beaeb3b1aeb90 | 37a77ee22082dc29 | c0c2a3bec4606a09 | 296d00db02a3dc55 | d83e1344b5034607 | d83e1344b5034607 | 64889722931adde7 | 1ed38e7596ec035d | de0542b579ff2843 |
| gp-sample-y-normalize model | 988bc1c3b51246a4 | 4af86e76b34e092c | 78eb0a3ce16ce7c5 | 7aaddfff81162cc0 | 7838eff1539fb489 | 5f20cf42422bf2e9 | db1cd41ce6fd1b37 | 767941378d3c368a | f8b1eb8570f5e01b |

cells=9 stable=9 moved=0 refused=0
infer: stable=9
model: stable=9
batch: n/a=9
stepfull: n/a=9
n/a: gp-sample-y-normalize batch n/a:jointly-correlated (sample_y draws all rows of a call from one joint posterior), gp-sample-y-normalize stepfull n/a:no-decode-state
wrote /root/leg_out/records/gp-sample-y-normalize/gp-sample-y-normalize/cpu-clean.json
