{"event": "setup", "schema": "mojolearn.lm-step-memory-probe.v3", "shape": {"batch": 1, "length": 2048, "d_model": 768, "n_heads": 12, "n_kv": 12, "head_dim": 64, "intermediate": 2048, "n_layers": 12, "vocab_size": 50257}, "profile": "mojolearn.byte-lm.b1-l2048-d768-h12-kv12-hd64-ff2048-v50257-blocks12.fp32.v3", "parameters": 162147840, "n_tensors": 110, "tokens_per_step": 2048, "seed": 93261, "budget_seconds": 300.0, "resident": true, "step_result": "lean", "witness_every_step": false, "witness_source": "export_gradients(named=False) + export_state() once after the last untimed step", "corpus": {"path": "training/corpus/pile_github/input.txt", "sha256": "52a5b4c36ab9119c15505331c10e3b23690377d40fbac3e598c7fafe13a324df", "manifest_sha256": "e3f46ca3870913aabd179647f5ab7e66b829c30c3cbcbf4b2862e2790d94cda5", "bytes": 97124565, "source_url": "https://huggingface.co/datasets/monology/pile-uncopyrighted/resolve/3be90335b66f24456a5d6659d9c8d208c0357119/val.jsonl.zst", "schedule": "step k row b: bytes[(k*batch*length + b*length) % (bytes - length - 1) : +length+1] as int32; targets shifted one byte"}, "attention_arm": "stash_tiled", "attention_arm_source": "binding", "attention_arm_requested": "stash_tiled", "attention_arm_default": "stash_tiled", "attention_arm_is_default": true, "attention_arm_resolved_hd64": "stash_tiled", "attention_arm_trial_build": true, "gemm_arm": null, "gemm_plan": null, "gemm_arm_requested": null, "attention_path_requested": null, "numeric_mode_env": "identical", "runtime": {"binding_file": "/root/mojolearn/python/mojolearn/identical/_mojolearn_byte_lm.so", "binding_sha256": "e9a7561d871ee9d43332c5fc104546c959ab87830f03f00c880317d88770316f", "native_attention_arm": {"arm": "stash_tiled", "default": "stash_tiled", "resolved_hd64": "stash_tiled", "trial_build": true}, "native_numeric_mode": 1, "native_profile": "mojolearn.byte-lm.b2-l32-d32-h4-kv2-ff64-v256-blocks2.fp32.v1", "native_vendor": "hip", "source_scope": "available direct source files; binding SHA identifies the compiled artifact", "source_sha256": {"bindings/_mojolearn_byte_lm.mojo": "0930c3862545730605ef98a5a18965f760273826fd94d9ef44bb5634d254ccc7", "loaded_python_wrapper": "e493bb36ff33f6738838444ffb5b2b77eb093c3c08bfac0f669cc4755f4a8878", "python/mojolearn/_byte_lm_config.py": "440ca11e33cfed741c8a812a8dac74ad4e938ab8e16f84ed2af5b61d3fbe56b8", "python/mojolearn/_byte_lm_impl.py": "e493bb36ff33f6738838444ffb5b2b77eb093c3c08bfac0f669cc4755f4a8878", "python/mojolearn/language_model.py": "ad7fab7986e790cf0962e1cad316f586b1cec474f54c73619b7eb08da9530533", "training/byte_lm.mojo": "1f02bbaf31e13057010c959feacea545dd91b0a41a1bb4c35f7301c3e7426204", "training/byte_lm_config.mojo": "a620c17cff6cbe5f96097609105acf774a732b72aa118d342bfbbe5e084d8606"}, "schema": "small-byte-lm.run-metadata.v1", "qualification": "authored/unqualified", "profile": "mojolearn.byte-lm.b1-l2048-d768-h12-kv12-hd64-ff2048-v50257-blocks12.fp32.v3", "device_state_lifetime": "resident", "step_result": "lean", "last_export_step": 0, "config": {"lr": 0.0010000000474974513, "beta1": 0.8999999761581421, "beta2": 0.9990000128746033, "eps": 9.99999993922529e-09, "weight_decay": 0.009999999776482582, "kind": 2, "momentum": 0.0, "dampening": 0.0, "nesterov": false, "max_norm": 0.0}, "data_schedule": {"batches": "pinned corpus 52a5b4c36ab9119c15505331c10e3b23690377d40fbac3e598c7fafe13a324df", "fixture": "lm step memory probe", "seed": 93261}, "completed_steps": 0, "next_batch_index": 0}, "initial_parameters_sha256": "0e36d8d036d8c4cf9704babd096061006e48071187c793c6ee471e05b449572e", "host_before_first_call": {"vm_rss_bytes": 2747740160, "vm_hwm_bytes": 3395850240, "ru_maxrss_bytes": 3395850240, "boundary": "process host memory (Python + native + pinned staging); not device memory"}, "device_tool": "rocm-smi", "qualification": "complete-step probe at the named shape; not an opponent ratio, not a default gate", "t": 1789147003.2015145}
{"event": "step_start", "step": 1, "first_call_includes_setup": true, "ids_sha256": "7626015c8a8cb90b13e0d44eff53262a36025184a4adfb88591a93ba18857518", "t": 1789147003.201859}
{"event": "step_end", "step": 1, "seconds": 14.939759157000026, "tokens_per_second": 137.08386985879952, "first_call_includes_setup": true, "timing_boundary": "public train_step call; native binding synchronizes the context before publishing outputs; includes host readbacks, validation and gradient copies", "step_result": "lean", "witnessed": false, "witness_export_seconds": null, "loss": 11.12025260925293, "sha256": {"loss": "fb1bfea4e8daa3b31227ff49a404e36a58fe27b98856af4d27a24872b0e9abf2"}, "completed_steps": 1, "host": {"vm_rss_bytes": 2915323904, "vm_hwm_bytes": 8746397696, "ru_maxrss_bytes": 8746397696, "boundary": "process host memory (Python + native + pinned staging); not device memory"}, "device": {"tool": "rocm-smi", "peak_process_bytes": "unavailable", "peak_device_bytes": 189334134784, "device_total_bytes": 205822885888, "sample_interval_seconds": 0.2, "samples_total": 36, "errors_total": 0, "boundary": "vendor tool polled at the interval; peaks shorter than one interval are missed; device-wide used memory includes other processes; torch.cuda allocator statistics do not cover Mojo allocations and are not used"}, "t": 1789147018.1419563}
{"event": "final_witness", "step": 1, "completed_steps": 1, "sha256": {"gradients": "85d053a482668fd958df0e32325fc47f9ba10ec630ff63557c7b79c5bd85b0e3", "parameters": "1b32246046a72ada00e3c8ec04d079beb629d8e314f860bc7106d42c5996a8ca", "m": "8dbf0dfcb08f29687241a6586a7ef8224fde5877a7aeb490b9701d24d5812524", "v": "227d2c36dbd16e9acf0556ec491d8b6431a8e4cc5b235b8d81011996a9bc05be", "flags": "360d579dbd14759b41afdf7fb5e80c0101e15150ae401d59f92a1e32d129f7cb"}, "export_seconds": 13.563536727999917, "source": "export_gradients(named=False) + export_state() once after the last untimed step", "t": 1789147031.7056892}
{"event": "component_timing_step_start", "note": "MOJOLEARN_TRANSFORMER_TIMING=1; not a timing sample", "t": 1789147031.7060814}
timing step.py_tokens 0.3157409998948424 ms
timing step.py_tokens_bytes 8196 bytes
timing step.bind_scalar_admission 0.005922 ms
timing step.upload_inputs 0.269126 ms
timing step.upload_inputs_bytes 16384 bytes
timing step.unpack_weights 1.140966 ms
timing step.unpack_weights_bytes 648591360 bytes
timing step.embedding_forward 0.071459 ms
timing block.norm1 0.581052 ms
timing attn.qkv_proj 6.855121 ms
timing attn.rope_and_cache 0.108687 ms
timing attn.fwd_regime_scan 0.198687 ms
timing attn.fwd_scratch_alloc 0.03147 ms
timing attn.fwd_sstash_kernel 4.505545 ms
timing attn.fwd_corner_flag 0.068787 ms
timing attn.core 4.826411 ms
timing attn.o_proj 2.1761 ms
timing block.attention_total 13.974514 ms
timing block.mlp_and_residuals 11.549635 ms
timing block.norm1 0.618075 ms
timing attn.qkv_proj 6.524654 ms
timing attn.rope_and_cache 0.093637 ms
timing attn.fwd_regime_scan 0.182207 ms
timing attn.fwd_scratch_alloc 0.020248 ms
timing attn.fwd_sstash_kernel 4.493369 ms
timing attn.fwd_corner_flag 0.060777 ms
timing attn.core 4.771498 ms
timing attn.o_proj 2.186695 ms
timing block.attention_total 13.582494 ms
timing block.mlp_and_residuals 11.563769 ms
timing block.norm1 0.579734 ms
timing attn.qkv_proj 6.523159 ms
timing attn.rope_and_cache 0.091779 ms
timing attn.fwd_regime_scan 0.169823 ms
timing attn.fwd_scratch_alloc 0.018138 ms
timing attn.fwd_sstash_kernel 4.516334 ms
timing attn.fwd_corner_flag 0.060905 ms
timing attn.core 4.7807 ms
timing attn.o_proj 2.178219 ms
timing block.attention_total 13.579183 ms
timing block.mlp_and_residuals 11.592619 ms
timing block.norm1 0.594258 ms
timing attn.qkv_proj 6.515093 ms
timing attn.rope_and_cache 0.092748 ms
timing attn.fwd_regime_scan 0.172128 ms
timing attn.fwd_scratch_alloc 0.01876 ms
timing attn.fwd_sstash_kernel 4.51911 ms
timing attn.fwd_corner_flag 0.060989 ms
timing attn.core 4.786526 ms
timing attn.o_proj 2.174339 ms
timing block.attention_total 13.574428 ms
timing block.mlp_and_residuals 11.482144 ms
timing block.norm1 0.602577 ms
timing attn.qkv_proj 6.52819 ms
timing attn.rope_and_cache 0.09166 ms
timing attn.fwd_regime_scan 0.173239 ms
timing attn.fwd_scratch_alloc 0.019201 ms
timing attn.fwd_sstash_kernel 4.51459 ms
timing attn.fwd_corner_flag 0.058372 ms
timing attn.core 4.780684 ms
timing attn.o_proj 2.177022 ms
timing block.attention_total 13.583261 ms
timing block.mlp_and_residuals 11.621672 ms
timing block.norm1 0.595981 ms
timing attn.qkv_proj 6.505339 ms
timing attn.rope_and_cache 0.091813 ms
timing attn.fwd_regime_scan 0.178513 ms
timing attn.fwd_scratch_alloc 0.017666 ms
timing attn.fwd_sstash_kernel 4.511148 ms
timing attn.fwd_corner_flag 0.057956 ms
timing attn.core 4.779293 ms
timing attn.o_proj 2.169495 ms
timing block.attention_total 13.550859 ms
timing block.mlp_and_residuals 11.489489 ms
timing block.norm1 0.585351 ms
timing attn.qkv_proj 6.519697 ms
timing attn.rope_and_cache 0.092371 ms
timing attn.fwd_regime_scan 0.167528 ms
timing attn.fwd_scratch_alloc 0.017519 ms
timing attn.fwd_sstash_kernel 4.500338 ms
timing attn.fwd_corner_flag 0.060456 ms
timing attn.core 4.760774 ms
timing attn.o_proj 2.170308 ms
timing block.attention_total 13.547844 ms
timing block.mlp_and_residuals 11.589673 ms
timing block.norm1 0.600044 ms
timing attn.qkv_proj 6.514137 ms
timing attn.rope_and_cache 0.092235 ms
timing attn.fwd_regime_scan 0.177013 ms
timing attn.fwd_scratch_alloc 0.01906 ms
timing attn.fwd_sstash_kernel 4.512132 ms
timing attn.fwd_corner_flag 0.058168 ms
timing attn.core 4.780489 ms
timing attn.o_proj 2.171288 ms
timing block.attention_total 13.566785 ms
timing block.mlp_and_residuals 11.647099 ms
timing block.norm1 0.58087 ms
timing attn.qkv_proj 6.519344 ms
timing attn.rope_and_cache 0.093315 ms
timing attn.fwd_regime_scan 0.175841 ms
timing attn.fwd_scratch_alloc 0.017784 ms
timing attn.fwd_sstash_kernel 4.494706 ms
timing attn.fwd_corner_flag 0.058728 ms
timing attn.core 4.760903 ms
timing attn.o_proj 2.171872 ms
timing block.attention_total 13.550648 ms
timing block.mlp_and_residuals 11.553695 ms
timing block.norm1 0.583925 ms
timing attn.qkv_proj 6.51627 ms
timing attn.rope_and_cache 0.09041 ms
timing attn.fwd_regime_scan 0.170423 ms
timing attn.fwd_scratch_alloc 0.01812 ms
timing attn.fwd_sstash_kernel 4.480863 ms
timing attn.fwd_corner_flag 0.061114 ms
timing attn.core 4.744752 ms
timing attn.o_proj 2.17794 ms
timing block.attention_total 13.533504 ms
timing block.mlp_and_residuals 11.609282 ms
timing block.norm1 0.601192 ms
timing attn.qkv_proj 6.51835 ms
timing attn.rope_and_cache 0.090443 ms
timing attn.fwd_regime_scan 0.168464 ms
timing attn.fwd_scratch_alloc 0.023238 ms
timing attn.fwd_sstash_kernel 4.498877 ms
timing attn.fwd_corner_flag 0.058333 ms
timing attn.core 4.763107 ms
timing attn.o_proj 2.173214 ms
timing block.attention_total 13.550203 ms
timing block.mlp_and_residuals 11.591703 ms
timing block.norm1 0.590273 ms
timing attn.qkv_proj 6.512907 ms
timing attn.rope_and_cache 0.091052 ms
timing attn.fwd_regime_scan 0.183333 ms
timing attn.fwd_scratch_alloc 0.019112 ms
timing attn.fwd_sstash_kernel 4.482603 ms
timing attn.fwd_corner_flag 0.057831 ms
timing attn.core 4.757264 ms
timing attn.o_proj 2.173324 ms
timing block.attention_total 13.539506 ms
timing block.mlp_and_residuals 11.491795 ms
timing envelope.blocks_forward 309.093467 ms
timing step.head_forward 54.607661 ms
timing step.ce_refuse_scan 0.447086 ms
timing step.ce_refuse_scan_bytes 411705344 bytes
timing step.ce_refuse_scan_download_bytes 8192 bytes
timing step.ce_forward 1.442634 ms
timing step.loss_download 0.039368 ms
timing step.loss_download_bytes 4 bytes
timing step.ce_backward 0.733954 ms
timing step.head_backward_da 153.741335 ms
timing step.head_backward_db 68.303761 ms
timing bwd.before_attention 0.011782 ms
timing attn.bwd_regime_scan 0.231689 ms
timing attn.bwd_scratch_alloc 0.021063 ms
timing attn.bwd_zdot_stash 4.264569 ms
timing attn.bwd_dq_tiled 2.704151 ms
timing attn.bwd_dkdv_tiled 33.781638 ms
timing attn.bwd_corner_flag 0.060593 ms
timing bwd.attention 41.080997 ms
timing bwd.after_attention 26.457357 ms
timing bwd.before_attention 0.012356 ms
timing attn.bwd_regime_scan 0.234952 ms
timing attn.bwd_scratch_alloc 0.018414 ms
timing attn.bwd_zdot_stash 4.200932 ms
timing attn.bwd_dq_tiled 2.676839 ms
timing attn.bwd_dkdv_tiled 33.665505 ms
timing attn.bwd_corner_flag 0.063364 ms
timing bwd.attention 40.876912 ms
timing bwd.after_attention 26.502514 ms
timing bwd.before_attention 0.011848 ms
timing attn.bwd_regime_scan 0.244025 ms
timing attn.bwd_scratch_alloc 0.029191 ms
timing attn.bwd_zdot_stash 4.228628 ms
timing attn.bwd_dq_tiled 2.68197 ms
timing attn.bwd_dkdv_tiled 33.884859 ms
timing attn.bwd_corner_flag 0.065382 ms
timing bwd.attention 41.155224 ms
timing bwd.after_attention 26.465062 ms
timing bwd.before_attention 0.011842 ms
timing attn.bwd_regime_scan 0.242112 ms
timing attn.bwd_scratch_alloc 0.019609 ms
timing attn.bwd_zdot_stash 4.29321 ms
timing attn.bwd_dq_tiled 2.696162 ms
timing attn.bwd_dkdv_tiled 33.633125 ms
timing attn.bwd_corner_flag 0.063492 ms
timing bwd.attention 40.964063 ms
timing bwd.after_attention 26.468265 ms
timing bwd.before_attention 0.011844 ms
timing attn.bwd_regime_scan 0.229314 ms
timing attn.bwd_scratch_alloc 0.020999 ms
timing attn.bwd_zdot_stash 4.237988 ms
timing attn.bwd_dq_tiled 2.669187 ms
timing attn.bwd_dkdv_tiled 33.731476 ms
timing attn.bwd_corner_flag 0.060498 ms
timing bwd.attention 40.966779 ms
timing bwd.after_attention 26.449803 ms
timing bwd.before_attention 0.011998 ms
timing attn.bwd_regime_scan 0.231422 ms
timing attn.bwd_scratch_alloc 0.018438 ms
timing attn.bwd_zdot_stash 4.256984 ms
timing attn.bwd_dq_tiled 2.694951 ms
timing attn.bwd_dkdv_tiled 33.644042 ms
timing attn.bwd_corner_flag 0.060274 ms
timing bwd.attention 40.923894 ms
timing bwd.after_attention 26.505705 ms
timing bwd.before_attention 0.012129 ms
timing attn.bwd_regime_scan 0.235046 ms
timing attn.bwd_scratch_alloc 0.019056 ms
timing attn.bwd_zdot_stash 4.226369 ms
timing attn.bwd_dq_tiled 2.688563 ms
timing attn.bwd_dkdv_tiled 33.620379 ms
timing attn.bwd_corner_flag 0.057155 ms
timing bwd.attention 40.862246 ms
timing bwd.after_attention 26.494342 ms
timing bwd.before_attention 0.011975 ms
timing attn.bwd_regime_scan 0.230975 ms
timing attn.bwd_scratch_alloc 0.018571 ms
timing attn.bwd_zdot_stash 4.244806 ms
timing attn.bwd_dq_tiled 2.671566 ms
timing attn.bwd_dkdv_tiled 33.776246 ms
timing attn.bwd_corner_flag 0.063647 ms
timing bwd.attention 41.023411 ms
timing bwd.after_attention 26.463144 ms
timing bwd.before_attention 0.011948 ms
timing attn.bwd_regime_scan 0.238758 ms
timing attn.bwd_scratch_alloc 0.019176 ms
timing attn.bwd_zdot_stash 4.22311 ms
timing attn.bwd_dq_tiled 2.694358 ms
timing attn.bwd_dkdv_tiled 33.772095 ms
timing attn.bwd_corner_flag 0.059596 ms
timing bwd.attention 41.031402 ms
timing bwd.after_attention 26.554879 ms
timing bwd.before_attention 0.015273 ms
timing attn.bwd_regime_scan 0.236458 ms
timing attn.bwd_scratch_alloc 0.020949 ms
timing attn.bwd_zdot_stash 4.233849 ms
timing attn.bwd_dq_tiled 2.668659 ms
timing attn.bwd_dkdv_tiled 33.739517 ms
timing attn.bwd_corner_flag 0.060261 ms
timing bwd.attention 40.982239 ms
timing bwd.after_attention 26.509154 ms
timing bwd.before_attention 0.01179 ms
timing attn.bwd_regime_scan 0.242922 ms
timing attn.bwd_scratch_alloc 0.020576 ms
timing attn.bwd_zdot_stash 4.244086 ms
timing attn.bwd_dq_tiled 2.677289 ms
timing attn.bwd_dkdv_tiled 33.71034 ms
timing attn.bwd_corner_flag 0.063899 ms
timing bwd.attention 40.976407 ms
timing bwd.after_attention 26.471503 ms
timing bwd.before_attention 0.013918 ms
timing attn.bwd_regime_scan 0.24446 ms
timing attn.bwd_scratch_alloc 0.02034 ms
timing attn.bwd_zdot_stash 4.270283 ms
timing attn.bwd_dq_tiled 2.688313 ms
timing attn.bwd_dkdv_tiled 33.794045 ms
timing attn.bwd_corner_flag 0.062688 ms
timing bwd.attention 41.095526 ms
timing bwd.after_attention 26.455797 ms
timing envelope.blocks_backward 1342.675315 ms
timing step.embedding_backward 7.599949 ms
timing step.pack_grads 1.062894 ms
timing step.pack_grads_bytes 648591360 bytes
timing step.validate_grads_scan 0.601866 ms
timing step.validate_grads_scan_bytes 648591360 bytes
timing step.shadow_copy 1.915286 ms
timing step.shadow_copy_bytes 1945774080 bytes
timing step.opt_refuse_scan 2.459291 ms
timing step.opt_refuse_scan_bytes 2594365440 bytes
timing step.opt_refuse_scan_download_bytes 0 bytes
timing step.optimizer 1.605238 ms
timing step.validate_after_scan 2.509365 ms
timing step.validate_after_scan_bytes 2594365440 bytes
timing step.bind_final_sync 0.00121 ms
timing step.bind_publish 0.005305 ms
timing step.bind_publish_bytes 444 bytes
timing envelope.native_call 1950.6558200000654 ms
timing step.py_flags 0.13480200004778453 ms
timing step.py_flags_bytes 440 bytes
{"event": "component_timing_step_end", "seconds": 1.9513050049999947, "t": 1789147033.657458}
