{"event": "setup", "schema": "mojolearn.lm-step-memory-probe.v3", "shape": {"batch": 1, "length": 2048, "d_model": 768, "n_heads": 12, "n_kv": 12, "head_dim": 64, "intermediate": 2048, "n_layers": 12, "vocab_size": 50257}, "profile": "mojolearn.byte-lm.b1-l2048-d768-h12-kv12-hd64-ff2048-v50257-blocks12.fp32.v3", "parameters": 162147840, "n_tensors": 110, "tokens_per_step": 2048, "seed": 93261, "budget_seconds": 300.0, "resident": true, "step_result": "lean", "witness_every_step": false, "witness_source": "export_gradients(named=False) + export_state() once after the last untimed step", "corpus": {"path": "training/corpus/enwik8/input.txt", "sha256": "2b49720ec4d78c3c9fabaee6e4179a5e997302b3a70029f30f2d582218c024a8", "manifest_sha256": "c65094a4d6a494d2882d972c20138015b4a258b310d662d4be05fb7ba2e9b423", "bytes": 100000000, "source_url": "http://mattmahoney.net/dc/enwik8.zip", "schedule": "step k row b: bytes[(k*batch*length + b*length) % (bytes - length - 1) : +length+1] as int32; targets shifted one byte"}, "attention_arm": "stash_tiled_fgrid_r32_qres_pf_kvsplit", "attention_arm_source": "binding", "attention_arm_requested": "stash_tiled_fgrid_r32_qres_pf_kvsplit", "attention_arm_default": "baseline", "attention_arm_is_default": false, "attention_arm_resolved_hd64": "stash_tiled_fgrid_r32_qres_pf_kvsplit", "attention_arm_trial_build": true, "gemm_arm": null, "gemm_plan": null, "gemm_arm_requested": null, "attention_path_requested": null, "numeric_mode_env": "identical", "runtime": {"binding_file": "/root/mojolearn/python/mojolearn/identical/_mojolearn_byte_lm.so", "binding_sha256": "a4e48179276cf72b6e910cbe84eb71de14d0a950bd5f3d410ff9addb1968f182", "native_attention_arm": {"arm": "stash_tiled_fgrid_r32_qres_pf_kvsplit", "default": "baseline", "resolved_hd64": "stash_tiled_fgrid_r32_qres_pf_kvsplit", "trial_build": true}, "native_numeric_mode": 1, "native_profile": "mojolearn.byte-lm.b2-l32-d32-h4-kv2-ff64-v256-blocks2.fp32.v1", "native_vendor": "hip", "source_scope": "available direct source files; binding SHA identifies the compiled artifact", "source_sha256": {"bindings/_mojolearn_byte_lm.mojo": "0930c3862545730605ef98a5a18965f760273826fd94d9ef44bb5634d254ccc7", "loaded_python_wrapper": "cecb608af66a256d207b1587bdbde09fb7b23488f837a22ac7b0f649f6a5e34f", "python/mojolearn/_byte_lm_config.py": "440ca11e33cfed741c8a812a8dac74ad4e938ab8e16f84ed2af5b61d3fbe56b8", "python/mojolearn/_byte_lm_impl.py": "cecb608af66a256d207b1587bdbde09fb7b23488f837a22ac7b0f649f6a5e34f", "python/mojolearn/language_model.py": "5443f4ef30d859097dee63e380dff801dfd8a088894576348905f3df215e11fd", "training/byte_lm.mojo": "1f02bbaf31e13057010c959feacea545dd91b0a41a1bb4c35f7301c3e7426204", "training/byte_lm_config.mojo": "a620c17cff6cbe5f96097609105acf774a732b72aa118d342bfbbe5e084d8606"}, "schema": "small-byte-lm.run-metadata.v1", "qualification": "authored/unqualified", "profile": "mojolearn.byte-lm.b1-l2048-d768-h12-kv12-hd64-ff2048-v50257-blocks12.fp32.v3", "device_state_lifetime": "resident", "step_result": "lean", "last_export_step": 0, "config": {"lr": 0.0010000000474974513, "beta1": 0.8999999761581421, "beta2": 0.9990000128746033, "eps": 9.99999993922529e-09, "weight_decay": 0.009999999776482582, "kind": 2, "momentum": 0.0, "dampening": 0.0, "nesterov": false, "max_norm": 0.0}, "data_schedule": {"batches": "pinned corpus 2b49720ec4d78c3c9fabaee6e4179a5e997302b3a70029f30f2d582218c024a8", "fixture": "lm step memory probe", "seed": 93261}, "completed_steps": 0, "next_batch_index": 0}, "initial_parameters_sha256": "0e36d8d036d8c4cf9704babd096061006e48071187c793c6ee471e05b449572e", "host_before_first_call": {"vm_rss_bytes": 2748710912, "vm_hwm_bytes": 3397177344, "ru_maxrss_bytes": 3397177344, "boundary": "process host memory (Python + native + pinned staging); not device memory"}, "device_tool": "rocm-smi", "qualification": "complete-step probe at the named shape; not an opponent ratio, not a default gate", "t": 1789150714.7331815}
{"event": "step_start", "step": 1, "first_call_includes_setup": true, "ids_sha256": "c9cfaa8fb1358fb7f7b5a53eebd59b9abd169288153d3a4099b30d6703b5fef3", "t": 1789150714.7334461}
{"event": "step_end", "step": 1, "seconds": 7.171805567000035, "tokens_per_second": 285.5626774690544, "first_call_includes_setup": true, "timing_boundary": "public train_step call; native binding synchronizes the context before publishing outputs; includes host readbacks, validation and gradient copies", "step_result": "lean", "witnessed": false, "witness_export_seconds": null, "loss": 10.903326034545898, "sha256": {"loss": "a39d1a773245b9bb9f5a25aac121f308d875d0f0a5a7d827bc21552112023c71"}, "completed_steps": 1, "host": {"vm_rss_bytes": 2912210944, "vm_hwm_bytes": 8743596032, "ru_maxrss_bytes": 8743596032, "boundary": "process host memory (Python + native + pinned staging); not device memory"}, "device": {"tool": "rocm-smi", "peak_process_bytes": "unavailable", "peak_device_bytes": 20723195904, "device_total_bytes": 274542362624, "sample_interval_seconds": 0.2, "samples_total": 25, "errors_total": 0, "boundary": "vendor tool polled at the interval; peaks shorter than one interval are missed; device-wide used memory includes other processes; torch.cuda allocator statistics do not cover Mojo allocations and are not used"}, "t": 1789150721.90542}
{"event": "final_witness", "step": 1, "completed_steps": 1, "sha256": {"gradients": "01d5fa4ae0299bbbd2de8f47d6d0d1e3c525c57b13cfa0244b130a7d7bb813f7", "parameters": "84f96dc296e50b8cea15b54787e7fbede994b0730ee5d3ed86c620cf539c05c9", "m": "b3fafccc62a0feab9ae135d3053054ea3ea8b131bbb0247959d212e13c727c0c", "v": "ae18e62bdf7a1dab7177ff4af00bf7d185845716e1af365e0bc52e362666a8f6", "flags": "360d579dbd14759b41afdf7fb5e80c0101e15150ae401d59f92a1e32d129f7cb"}, "export_seconds": 6.057699827999954, "source": "export_gradients(named=False) + export_state() once after the last untimed step", "t": 1789150727.9632542}
{"event": "component_timing_step_start", "note": "MOJOLEARN_TRANSFORMER_TIMING=1; not a timing sample", "t": 1789150727.9635117}
timing step.py_tokens 0.15057999996770377 ms
timing step.py_tokens_bytes 8196 bytes
timing step.bind_scalar_admission 0.00317 ms
timing step.upload_inputs 39.599602 ms
timing step.upload_inputs_bytes 16384 bytes
timing step.unpack_weights 1.144587 ms
timing step.unpack_weights_bytes 648591360 bytes
timing step.embedding_forward 0.064301 ms
timing block.norm1 0.686858 ms
timing attn.qkv_proj 3.79118 ms
timing attn.rope_and_cache 0.10787 ms
timing attn.fwd_regime_scan 0.19418 ms
timing attn.fwd_scratch_alloc 0.06659 ms
timing attn.fwd_r2_kernel 2.034515 ms
timing attn.fwd_corner_flag 0.260489 ms
timing attn.core 2.579174 ms
timing attn.o_proj 1.088388 ms
timing block.attention_total 7.571112 ms
timing block.mlp_and_residuals 8.312089 ms
timing block.norm1 0.629259 ms
timing attn.qkv_proj 3.237452 ms
timing attn.rope_and_cache 0.1012 ms
timing attn.fwd_regime_scan 0.18533 ms
timing attn.fwd_scratch_alloc 0.058189 ms
timing attn.fwd_r2_kernel 1.997955 ms
timing attn.fwd_corner_flag 0.264179 ms
timing attn.core 2.522414 ms
timing attn.o_proj 1.094487 ms
timing block.attention_total 6.958923 ms
timing block.mlp_and_residuals 8.24453 ms
timing block.norm1 0.621789 ms
timing attn.qkv_proj 3.260332 ms
timing attn.rope_and_cache 0.110619 ms
timing attn.fwd_regime_scan 0.189969 ms
timing attn.fwd_scratch_alloc 0.055211 ms
timing attn.fwd_r2_kernel 1.995195 ms
timing attn.fwd_corner_flag 0.257569 ms
timing attn.core 2.518423 ms
timing attn.o_proj 1.080189 ms
timing block.attention_total 6.972503 ms
timing block.mlp_and_residuals 8.24875 ms
timing block.norm1 0.609968 ms
timing attn.qkv_proj 3.234442 ms
timing attn.rope_and_cache 0.09868 ms
timing attn.fwd_regime_scan 0.194179 ms
timing attn.fwd_scratch_alloc 0.054931 ms
timing attn.fwd_r2_kernel 1.988055 ms
timing attn.fwd_corner_flag 0.253779 ms
timing attn.core 2.510884 ms
timing attn.o_proj 1.090267 ms
timing block.attention_total 6.937043 ms
timing block.mlp_and_residuals 8.25208 ms
timing block.norm1 0.661789 ms
timing attn.qkv_proj 3.237311 ms
timing attn.rope_and_cache 0.104311 ms
timing attn.fwd_regime_scan 0.19395 ms
timing attn.fwd_scratch_alloc 0.054509 ms
timing attn.fwd_r2_kernel 2.000975 ms
timing attn.fwd_corner_flag 0.25471 ms
timing attn.core 2.523943 ms
timing attn.o_proj 1.088898 ms
timing block.attention_total 6.957443 ms
timing block.mlp_and_residuals 8.159399 ms
timing block.norm1 0.614588 ms
timing attn.qkv_proj 3.220942 ms
timing attn.rope_and_cache 0.09683 ms
timing attn.fwd_regime_scan 0.19014 ms
timing attn.fwd_scratch_alloc 0.05425 ms
timing attn.fwd_r2_kernel 1.993056 ms
timing attn.fwd_corner_flag 0.257308 ms
timing attn.core 2.513964 ms
timing attn.o_proj 1.068018 ms
timing block.attention_total 6.902403 ms
timing block.mlp_and_residuals 8.27168 ms
timing block.norm1 0.611228 ms
timing attn.qkv_proj 3.239321 ms
timing attn.rope_and_cache 0.09968 ms
timing attn.fwd_regime_scan 0.190329 ms
timing attn.fwd_scratch_alloc 0.052479 ms
timing attn.fwd_r2_kernel 2.012465 ms
timing attn.fwd_corner_flag 0.25963 ms
timing attn.core 2.533734 ms
timing attn.o_proj 1.089828 ms
timing block.attention_total 6.965314 ms
timing block.mlp_and_residuals 8.229489 ms
timing block.norm1 0.609288 ms
timing attn.qkv_proj 3.224342 ms
timing attn.rope_and_cache 0.09146 ms
timing attn.fwd_regime_scan 0.18919 ms
timing attn.fwd_scratch_alloc 0.052569 ms
timing attn.fwd_r2_kernel 1.991125 ms
timing attn.fwd_corner_flag 0.25508 ms
timing attn.core 2.506674 ms
timing attn.o_proj 1.070397 ms
timing block.attention_total 6.895133 ms
timing block.mlp_and_residuals 8.22028 ms
timing block.norm1 0.660759 ms
timing attn.qkv_proj 3.239892 ms
timing attn.rope_and_cache 0.098829 ms
timing attn.fwd_regime_scan 0.19123 ms
timing attn.fwd_scratch_alloc 0.05419 ms
timing attn.fwd_r2_kernel 1.993555 ms
timing attn.fwd_corner_flag 0.25225 ms
timing attn.core 2.510575 ms
timing attn.o_proj 1.087967 ms
timing block.attention_total 6.939483 ms
timing block.mlp_and_residuals 8.20602 ms
timing block.norm1 0.616289 ms
timing attn.qkv_proj 3.221612 ms
timing attn.rope_and_cache 0.09833 ms
timing attn.fwd_regime_scan 0.203008 ms
timing attn.fwd_scratch_alloc 0.055011 ms
timing attn.fwd_r2_kernel 1.992735 ms
timing attn.fwd_corner_flag 0.2564 ms
timing attn.core 2.525853 ms
timing attn.o_proj 1.091648 ms
timing block.attention_total 6.940273 ms
timing block.mlp_and_residuals 8.23159 ms
timing block.norm1 104.496966 ms
timing attn.qkv_proj 3.260611 ms
timing attn.rope_and_cache 0.09773 ms
timing attn.fwd_regime_scan 0.189059 ms
timing attn.fwd_scratch_alloc 0.057009 ms
timing attn.fwd_r2_kernel 2.047186 ms
timing attn.fwd_corner_flag 0.25238 ms
timing attn.core 2.566494 ms
timing attn.o_proj 1.078238 ms
timing block.attention_total 7.007064 ms
timing block.mlp_and_residuals 8.338599 ms
timing block.norm1 0.623079 ms
timing attn.qkv_proj 3.238002 ms
timing attn.rope_and_cache 0.10006 ms
timing attn.fwd_regime_scan 0.191589 ms
timing attn.fwd_scratch_alloc 0.05226 ms
timing attn.fwd_r2_kernel 2.007765 ms
timing attn.fwd_corner_flag 0.2607 ms
timing attn.core 2.531583 ms
timing attn.o_proj 1.074908 ms
timing block.attention_total 6.947053 ms
timing block.mlp_and_residuals 8.168011 ms
timing envelope.blocks_forward 294.361537 ms
timing step.head_forward 52.149433 ms
timing step.ce_refuse_scan 0.486398 ms
timing step.ce_refuse_scan_bytes 411705344 bytes
timing step.ce_refuse_scan_download_bytes 8192 bytes
timing step.ce_forward 1.235498 ms
timing step.loss_download 0.0344 ms
timing step.loss_download_bytes 4 bytes
timing step.ce_backward 0.629258 ms
timing step.head_backward_da 58.0547 ms
timing step.head_backward_db 176.255642 ms
timing bwd.before_attention 0.00022 ms
timing attn.bwd_regime_scan 0.28578 ms
timing attn.bwd_scratch_alloc 0.109619 ms
timing attn.bwd_zdot_stash_pf 2.779904 ms
timing attn.bwd_dq_tiled_pf 2.310885 ms
timing attn.bwd_kvsplit_dk_pf 2.045714 ms
timing attn.bwd_kvsplit_dv_pf 2.094795 ms
timing attn.bwd_corner_flag 0.473959 ms
timing bwd.attention 10.125435 ms
timing bwd.after_attention 7.566902 ms
timing bwd.before_attention 0.00024 ms
timing attn.bwd_regime_scan 0.28387 ms
timing attn.bwd_scratch_alloc 0.10692 ms
timing attn.bwd_zdot_stash_pf 2.792783 ms
timing attn.bwd_dq_tiled_pf 2.294974 ms
timing attn.bwd_kvsplit_dk_pf 2.063625 ms
timing attn.bwd_kvsplit_dv_pf 2.093665 ms
timing attn.bwd_corner_flag 0.507049 ms
timing bwd.attention 10.174016 ms
timing bwd.after_attention 7.554662 ms
timing bwd.before_attention 0.00023 ms
timing attn.bwd_regime_scan 0.3165 ms
timing attn.bwd_scratch_alloc 0.095999 ms
timing attn.bwd_zdot_stash_pf 2.806894 ms
timing attn.bwd_dq_tiled_pf 2.284534 ms
timing attn.bwd_kvsplit_dk_pf 2.078555 ms
timing attn.bwd_kvsplit_dv_pf 2.050375 ms
timing attn.bwd_corner_flag 0.448179 ms
timing bwd.attention 10.102316 ms
timing bwd.after_attention 7.507882 ms
timing bwd.before_attention 0.000229 ms
timing attn.bwd_regime_scan 0.27218 ms
timing attn.bwd_scratch_alloc 0.09323 ms
timing attn.bwd_zdot_stash_pf 2.809353 ms
timing attn.bwd_dq_tiled_pf 2.283035 ms
timing attn.bwd_kvsplit_dk_pf 2.065374 ms
timing attn.bwd_kvsplit_dv_pf 2.050925 ms
timing attn.bwd_corner_flag 0.45522 ms
timing bwd.attention 10.049297 ms
timing bwd.after_attention 7.527832 ms
timing bwd.before_attention 0.00022 ms
timing attn.bwd_regime_scan 0.31691 ms
timing attn.bwd_scratch_alloc 0.091919 ms
timing attn.bwd_zdot_stash_pf 2.811943 ms
timing attn.bwd_dq_tiled_pf 2.289305 ms
timing attn.bwd_kvsplit_dk_pf 2.075675 ms
timing attn.bwd_kvsplit_dv_pf 2.038385 ms
timing attn.bwd_corner_flag 0.455978 ms
timing bwd.attention 10.099786 ms
timing bwd.after_attention 7.541781 ms
timing bwd.before_attention 0.00022 ms
timing attn.bwd_regime_scan 0.277538 ms
timing attn.bwd_scratch_alloc 0.09319 ms
timing attn.bwd_zdot_stash_pf 2.790904 ms
timing attn.bwd_dq_tiled_pf 2.288964 ms
timing attn.bwd_kvsplit_dk_pf 2.066815 ms
timing attn.bwd_kvsplit_dv_pf 2.051635 ms
timing attn.bwd_corner_flag 0.466559 ms
timing bwd.attention 10.052075 ms
timing bwd.after_attention 7.515602 ms
timing bwd.before_attention 0.000249 ms
timing attn.bwd_regime_scan 0.319888 ms
timing attn.bwd_scratch_alloc 0.093261 ms
timing attn.bwd_zdot_stash_pf 2.805563 ms
timing attn.bwd_dq_tiled_pf 2.281294 ms
timing attn.bwd_kvsplit_dk_pf 2.072765 ms
timing attn.bwd_kvsplit_dv_pf 2.040256 ms
timing attn.bwd_corner_flag 0.467438 ms
timing bwd.attention 10.101696 ms
timing bwd.after_attention 7.593922 ms
timing bwd.before_attention 0.000229 ms
timing attn.bwd_regime_scan 0.28001 ms
timing attn.bwd_scratch_alloc 0.094249 ms
timing attn.bwd_zdot_stash_pf 2.808234 ms
timing attn.bwd_dq_tiled_pf 2.290845 ms
timing attn.bwd_kvsplit_dk_pf 2.053294 ms
timing attn.bwd_kvsplit_dv_pf 2.085176 ms
timing attn.bwd_corner_flag 0.470579 ms
timing bwd.attention 10.102247 ms
timing bwd.after_attention 7.553602 ms
timing bwd.before_attention 0.00023 ms
timing attn.bwd_regime_scan 0.322359 ms
timing attn.bwd_scratch_alloc 0.093339 ms
timing attn.bwd_zdot_stash_pf 2.812344 ms
timing attn.bwd_dq_tiled_pf 2.304255 ms
timing attn.bwd_kvsplit_dk_pf 2.050805 ms
timing attn.bwd_kvsplit_dv_pf 2.088465 ms
timing attn.bwd_corner_flag 0.464859 ms
timing bwd.attention 10.156516 ms
timing bwd.after_attention 7.578662 ms
timing bwd.before_attention 0.000231 ms
timing attn.bwd_regime_scan 0.271428 ms
timing attn.bwd_scratch_alloc 0.09404 ms
timing attn.bwd_zdot_stash_pf 2.787584 ms
timing attn.bwd_dq_tiled_pf 2.292004 ms
timing attn.bwd_kvsplit_dk_pf 2.058345 ms
timing attn.bwd_kvsplit_dv_pf 2.091625 ms
timing attn.bwd_corner_flag 0.469239 ms
timing bwd.attention 10.083695 ms
timing bwd.after_attention 7.592642 ms
timing bwd.before_attention 0.000229 ms
timing attn.bwd_regime_scan 0.33391 ms
timing attn.bwd_scratch_alloc 0.09328 ms
timing attn.bwd_zdot_stash_pf 2.798493 ms
timing attn.bwd_dq_tiled_pf 2.282414 ms
timing attn.bwd_kvsplit_dk_pf 2.068636 ms
timing attn.bwd_kvsplit_dv_pf 2.049995 ms
timing attn.bwd_corner_flag 0.463518 ms
timing bwd.attention 10.111116 ms
timing bwd.after_attention 7.486133 ms
timing bwd.before_attention 0.00023 ms
timing attn.bwd_regime_scan 0.27408 ms
timing attn.bwd_scratch_alloc 0.091669 ms
timing attn.bwd_zdot_stash_pf 2.820144 ms
timing attn.bwd_dq_tiled_pf 2.300104 ms
timing attn.bwd_kvsplit_dk_pf 2.075305 ms
timing attn.bwd_kvsplit_dv_pf 2.037505 ms
timing attn.bwd_corner_flag 0.468769 ms
timing bwd.attention 10.094047 ms
timing bwd.after_attention 7.552462 ms
timing envelope.blocks_backward 766.821716 ms
timing step.embedding_backward 7.90333 ms
timing step.pack_grads 1.095608 ms
timing step.pack_grads_bytes 648591360 bytes
timing step.validate_grads_scan 0.596099 ms
timing step.validate_grads_scan_bytes 648591360 bytes
timing step.shadow_copy 1.890184 ms
timing step.shadow_copy_bytes 1945774080 bytes
timing step.opt_refuse_scan 2.507274 ms
timing step.opt_refuse_scan_bytes 2594365440 bytes
timing step.opt_refuse_scan_download_bytes 0 bytes
timing step.optimizer 1.314017 ms
timing step.validate_after_scan 2.646923 ms
timing step.validate_after_scan_bytes 2594365440 bytes
timing step.bind_final_sync 0.00103 ms
timing step.bind_publish 0.00326 ms
timing step.bind_publish_bytes 444 bytes
timing envelope.native_call 1408.999117999997 ms
timing step.py_flags 0.12363099995127413 ms
timing step.py_flags_bytes 440 bytes
{"event": "component_timing_step_end", "seconds": 1.4093810260000055, "t": 1789150729.3729205}
