SEAM_PROBE column=amd hwftz=False class_shipped=True rtf_repair=False lanes=shipped,fma,hwftz,swrtf,class,nativefix
SEAM_WORDS 00000000 80000000 00000001 80000001 007fffff 807fffff 00800000 80800000 00800001 80800001 3f000000 bf000000 3f800000 bf800000 3f800001 bf800001 3f7fffff bf7fffff 7f7fffff ff7fffff 4b800001 cb800001 f8ebbac8 0a5b1f87 24ce573a e2547d51 ae90967c 66d7ffab 88f8110e be316515 7e447370 3ed7700f 347c9e22 0c168719 04d8c5a4 263454b3 58519276 9274675d 329c4118 6aa5d197 3c1bc20a 5821c9e1 f08ed9cc a2634abb 648340de f89fb2a5 eed5c3c0 b408641f 7ec762f2 d49d65a9 ac6f72f4 9eb901c3 3a92bc46 1cbc66ed d0279b68 c28547a7 440f20da ec947a71 6acb311c 6a0d99cb 0e39a4ae 0ef7a435 b29c6810 d6669c2f
SEAM_N 262144
SEAM_HASH lane=shipped fnv1a64=62a6b5621e27c707
SEAM_HASH lane=fma fnv1a64=aed7498f99e07f49
SEAM_HASH lane=hwftz fnv1a64=aed7498f99e07f49
SEAM_HASH lane=swrtf fnv1a64=62a6b5621e27c707
SEAM_HASH lane=class fnv1a64=62a6b5621e27c707
SEAM_HASH lane=nativefix fnv1a64=aed7498f99e07f49
SEAM_BOUNDARY a=3f7fffff b=00800000 acc=00000000 shipped=00800000 fma=00800000 hwftz=00800000 swrtf=00800000 class=00800000 nativefix=00800000
SEAM_MISMATCH shipped/swrtf count=0
SEAM_MISMATCH fma/hwftz count=0
SEAM_DIFF shipped/fma i=394 a=3f000000 b=00800000 acc=00000000 shipped=00000000 fma=00400000
SEAM_DIFF shipped/fma i=395 a=bf000000 b=00800000 acc=00000000 shipped=80000000 fma=80400000
SEAM_DIFF shipped/fma i=413 a=be316515 b=00800000 acc=00000000 shipped=80000000 fma=80162ca3
SEAM_DIFF shipped/fma i=415 a=3ed7700f b=00800000 acc=00000000 shipped=00000000 fma=0035dc04
SEAM_DIFF shipped/fma i=416 a=347c9e22 b=00800000 acc=00000000 shipped=00000000 fma=00000002
SEAM_DIFF shipped/fma i=424 a=3c1bc20a b=00800000 acc=00000000 shipped=00000000 fma=00013784
SEAM_DIFF shipped/fma i=431 a=b408641f b=00800000 acc=00000000 shipped=80000000 fma=80000001
SEAM_DIFF shipped/fma i=436 a=3a92bc46 b=00800000 acc=00000000 shipped=00000000 fma=000024af
SEAM_DIFF shipped/fma i=458 a=3f000000 b=80800000 acc=00000000 shipped=80000000 fma=80400000
SEAM_DIFF shipped/fma i=459 a=bf000000 b=80800000 acc=00000000 shipped=00000000 fma=00400000
SEAM_DIFF shipped/fma i=477 a=be316515 b=80800000 acc=00000000 shipped=00000000 fma=00162ca3
SEAM_DIFF shipped/fma i=479 a=3ed7700f b=80800000 acc=00000000 shipped=80000000 fma=8035dc04
SEAM_DIFF shipped/fma i=480 a=347c9e22 b=80800000 acc=00000000 shipped=80000000 fma=80000002
SEAM_DIFF shipped/fma i=488 a=3c1bc20a b=80800000 acc=00000000 shipped=80000000 fma=80013784
SEAM_DIFF shipped/fma i=495 a=b408641f b=80800000 acc=00000000 shipped=00000000 fma=00000001
SEAM_DIFF shipped/fma i=500 a=3a92bc46 b=80800000 acc=00000000 shipped=80000000 fma=800024af
SEAM_DIFF shipped/fma i=522 a=3f000000 b=00800001 acc=00000000 shipped=00000000 fma=00400000
SEAM_DIFF shipped/fma i=523 a=bf000000 b=00800001 acc=00000000 shipped=80000000 fma=80400000
SEAM_DIFF shipped/fma i=541 a=be316515 b=00800001 acc=00000000 shipped=80000000 fma=80162ca3
SEAM_DIFF shipped/fma i=543 a=3ed7700f b=00800001 acc=00000000 shipped=00000000 fma=0035dc04
SEAM_DIFF shipped/fma i=544 a=347c9e22 b=00800001 acc=00000000 shipped=00000000 fma=00000002
SEAM_DIFF shipped/fma i=552 a=3c1bc20a b=00800001 acc=00000000 shipped=00000000 fma=00013784
SEAM_DIFF shipped/fma i=559 a=b408641f b=00800001 acc=00000000 shipped=80000000 fma=80000001
SEAM_DIFF shipped/fma i=564 a=3a92bc46 b=00800001 acc=00000000 shipped=00000000 fma=000024af
SEAM_MISMATCH shipped/fma count=1120
SEAM_DIFF fma/swrtf i=394 a=3f000000 b=00800000 acc=00000000 fma=00400000 swrtf=00000000
SEAM_DIFF fma/swrtf i=395 a=bf000000 b=00800000 acc=00000000 fma=80400000 swrtf=80000000
SEAM_DIFF fma/swrtf i=413 a=be316515 b=00800000 acc=00000000 fma=80162ca3 swrtf=80000000
SEAM_DIFF fma/swrtf i=415 a=3ed7700f b=00800000 acc=00000000 fma=0035dc04 swrtf=00000000
SEAM_DIFF fma/swrtf i=416 a=347c9e22 b=00800000 acc=00000000 fma=00000002 swrtf=00000000
SEAM_DIFF fma/swrtf i=424 a=3c1bc20a b=00800000 acc=00000000 fma=00013784 swrtf=00000000
SEAM_DIFF fma/swrtf i=431 a=b408641f b=00800000 acc=00000000 fma=80000001 swrtf=80000000
SEAM_DIFF fma/swrtf i=436 a=3a92bc46 b=00800000 acc=00000000 fma=000024af swrtf=00000000
SEAM_DIFF fma/swrtf i=458 a=3f000000 b=80800000 acc=00000000 fma=80400000 swrtf=80000000
SEAM_DIFF fma/swrtf i=459 a=bf000000 b=80800000 acc=00000000 fma=00400000 swrtf=00000000
SEAM_DIFF fma/swrtf i=477 a=be316515 b=80800000 acc=00000000 fma=00162ca3 swrtf=00000000
SEAM_DIFF fma/swrtf i=479 a=3ed7700f b=80800000 acc=00000000 fma=8035dc04 swrtf=80000000
SEAM_DIFF fma/swrtf i=480 a=347c9e22 b=80800000 acc=00000000 fma=80000002 swrtf=80000000
SEAM_DIFF fma/swrtf i=488 a=3c1bc20a b=80800000 acc=00000000 fma=80013784 swrtf=80000000
SEAM_DIFF fma/swrtf i=495 a=b408641f b=80800000 acc=00000000 fma=00000001 swrtf=00000000
SEAM_DIFF fma/swrtf i=500 a=3a92bc46 b=80800000 acc=00000000 fma=800024af swrtf=80000000
SEAM_DIFF fma/swrtf i=522 a=3f000000 b=00800001 acc=00000000 fma=00400000 swrtf=00000000
SEAM_DIFF fma/swrtf i=523 a=bf000000 b=00800001 acc=00000000 fma=80400000 swrtf=80000000
SEAM_DIFF fma/swrtf i=541 a=be316515 b=00800001 acc=00000000 fma=80162ca3 swrtf=80000000
SEAM_DIFF fma/swrtf i=543 a=3ed7700f b=00800001 acc=00000000 fma=0035dc04 swrtf=00000000
SEAM_DIFF fma/swrtf i=544 a=347c9e22 b=00800001 acc=00000000 fma=00000002 swrtf=00000000
SEAM_DIFF fma/swrtf i=552 a=3c1bc20a b=00800001 acc=00000000 fma=00013784 swrtf=00000000
SEAM_DIFF fma/swrtf i=559 a=b408641f b=00800001 acc=00000000 fma=80000001 swrtf=80000000
SEAM_DIFF fma/swrtf i=564 a=3a92bc46 b=00800001 acc=00000000 fma=000024af swrtf=00000000
SEAM_MISMATCH fma/swrtf count=1120
SEAM_MISMATCH shipped/class count=0
SEAM_DIFF shipped/nativefix i=394 a=3f000000 b=00800000 acc=00000000 shipped=00000000 nativefix=00400000
SEAM_DIFF shipped/nativefix i=395 a=bf000000 b=00800000 acc=00000000 shipped=80000000 nativefix=80400000
SEAM_DIFF shipped/nativefix i=413 a=be316515 b=00800000 acc=00000000 shipped=80000000 nativefix=80162ca3
SEAM_DIFF shipped/nativefix i=415 a=3ed7700f b=00800000 acc=00000000 shipped=00000000 nativefix=0035dc04
SEAM_DIFF shipped/nativefix i=416 a=347c9e22 b=00800000 acc=00000000 shipped=00000000 nativefix=00000002
SEAM_DIFF shipped/nativefix i=424 a=3c1bc20a b=00800000 acc=00000000 shipped=00000000 nativefix=00013784
SEAM_DIFF shipped/nativefix i=431 a=b408641f b=00800000 acc=00000000 shipped=80000000 nativefix=80000001
SEAM_DIFF shipped/nativefix i=436 a=3a92bc46 b=00800000 acc=00000000 shipped=00000000 nativefix=000024af
SEAM_DIFF shipped/nativefix i=458 a=3f000000 b=80800000 acc=00000000 shipped=80000000 nativefix=80400000
SEAM_DIFF shipped/nativefix i=459 a=bf000000 b=80800000 acc=00000000 shipped=00000000 nativefix=00400000
SEAM_DIFF shipped/nativefix i=477 a=be316515 b=80800000 acc=00000000 shipped=00000000 nativefix=00162ca3
SEAM_DIFF shipped/nativefix i=479 a=3ed7700f b=80800000 acc=00000000 shipped=80000000 nativefix=8035dc04
SEAM_DIFF shipped/nativefix i=480 a=347c9e22 b=80800000 acc=00000000 shipped=80000000 nativefix=80000002
SEAM_DIFF shipped/nativefix i=488 a=3c1bc20a b=80800000 acc=00000000 shipped=80000000 nativefix=80013784
SEAM_DIFF shipped/nativefix i=495 a=b408641f b=80800000 acc=00000000 shipped=00000000 nativefix=00000001
SEAM_DIFF shipped/nativefix i=500 a=3a92bc46 b=80800000 acc=00000000 shipped=80000000 nativefix=800024af
SEAM_DIFF shipped/nativefix i=522 a=3f000000 b=00800001 acc=00000000 shipped=00000000 nativefix=00400000
SEAM_DIFF shipped/nativefix i=523 a=bf000000 b=00800001 acc=00000000 shipped=80000000 nativefix=80400000
SEAM_DIFF shipped/nativefix i=541 a=be316515 b=00800001 acc=00000000 shipped=80000000 nativefix=80162ca3
SEAM_DIFF shipped/nativefix i=543 a=3ed7700f b=00800001 acc=00000000 shipped=00000000 nativefix=0035dc04
SEAM_DIFF shipped/nativefix i=544 a=347c9e22 b=00800001 acc=00000000 shipped=00000000 nativefix=00000002
SEAM_DIFF shipped/nativefix i=552 a=3c1bc20a b=00800001 acc=00000000 shipped=00000000 nativefix=00013784
SEAM_DIFF shipped/nativefix i=559 a=b408641f b=00800001 acc=00000000 shipped=80000000 nativefix=80000001
SEAM_DIFF shipped/nativefix i=564 a=3a92bc46 b=00800001 acc=00000000 shipped=00000000 nativefix=000024af
SEAM_MISMATCH shipped/nativefix count=1120
SEAM_DONE
