
=== 2026-09-29T20:40:14Z /Users/ec2-user/bench-board-cache/venv/bin/python -u /Users/ec2-user/mojolearn-wt/steward-m2pro/tools/classical_two_datasets.py race --lane knn --dataset taxi --data /Users/ec2-user/bench-board-cache/ctd-data/rows-full --out /Users/ec2-user/mojolearn-evidence/bench-board/2026-09-29_m2pro/raw/classical/rows-full --work /Users/ec2-user/mojolearn-evidence/bench-board/2026-09-29_m2pro/work --root /Users/ec2-user/mojolearn-wt/steward-m2pro --arms ours,ours-fast,sklearn-cpu,torch-gpu --rounds 1 --round-seconds 1800 --warmup-seconds 1800 --ours-python /Users/ec2-user/bench-board-cache/venv/bin/python --theirs-python /Users/ec2-user/bench-board-cache/venv/bin/python
CTD-SETTINGS lane=knn dataset=taxi n_neighbors=64 (the cuML benchmark's NearestNeighbors), metric='euclidean', algorithm='brute' (ours, scikit-learn, cuML); torch cdist p=2 plus topk
CTD-MISMATCH lane=knn dataset=taxi seed: no arm has a seed argument (exact search); torch-gpu torch.manual_seed(7)
CTD-MISMATCH lane=knn dataset=taxi query_tile: ours only (tiling, results unchanged); n_jobs=-1: scikit-learn only
BOARD-PARAMS {"arms": {"ours": {"library": "mojolearn", "params": {"algorithm": "brute", "metric": "euclidean", "n_neighbors": 64, "p": 2, "seed": "none (deterministic)"}, "source": "get_params"}, "ours-fast": {"library": "mojolearn", "params": {"algorithm": "brute", "metric": "euclidean", "n_neighbors": 64, "p": 2, "seed": "none (deterministic)"}, "source": "get_params"}, "sklearn-cpu": {"library": "sklearn", "params": {"algorithm": "brute", "leaf_size": 30, "metric": "euclidean", "n_neighbors": 64, "p": 2, "seed": "none (deterministic)"}, "source": "get_params"}, "torch-gpu": {"library": "torch", "params": {"algorithm": "brute", "metric": "euclidean", "n_neighbors": 64, "p": 2, "seed": 7}, "source": "declared"}}, "compared": [{"arm": "ours-fast", "ours": "brute", "param": "algorithm", "same": true, "theirs": "brute"}, {"arm": "ours-fast", "ours": "euclidean", "param": "metric", "same": true, "theirs": "euclidean"}, {"arm": "ours-fast", "ours": 64, "param": "n_neighbors", "same": true, "theirs": 64}, {"arm": "ours-fast", "ours": 2, "param": "p", "same": true, "theirs": 2}, {"arm": "sklearn-cpu", "ours": "brute", "param": "algorithm", "same": true, "theirs": "brute"}, {"arm": "sklearn-cpu", "ours": "euclidean", "param": "metric", "same": true, "theirs": "euclidean"}, {"arm": "sklearn-cpu", "ours": 64, "param": "n_neighbors", "same": true, "theirs": 64}, {"arm": "sklearn-cpu", "ours": 2, "param": "p", "same": true, "theirs": 2}, {"arm": "torch-gpu", "ours": "brute", "param": "algorithm", "same": true, "theirs": "brute"}, {"arm": "torch-gpu", "ours": "euclidean", "param": "metric", "same": true, "theirs": "euclidean"}, {"arm": "torch-gpu", "ours": 64, "param": "n_neighbors", "same": true, "theirs": 64}, {"arm": "torch-gpu", "ours": 2, "param": "p", "same": true, "theirs": 2}], "exceptions": [], "family": "classical", "lane": "knn", "problems": [], "reference": "ours", "seed": 7, "seed_none_deterministic": ["ours", "ours-fast", "sklearn-cpu"], "verdict": "MATCHED"}
CTD-ROUND lane=knn dataset=taxi arm=ours round=0 ms=5946.434 digest=cd7ff95514f7e589
CTD-ROUND lane=knn dataset=taxi arm=ours-fast round=0 ms=2276.367 digest=0d812005475e4f20
CTD-ROUND lane=knn dataset=taxi arm=sklearn-cpu round=0 ms=1014.057 digest=e68c40926627361e
CTD-ROUND lane=knn dataset=taxi arm=torch-gpu round=0 ms=2746.137 digest=2ae530ae19fd51ce
CTD-ROUND lane=knn dataset=taxi arm=ours-fast round=1 ms=809.317 digest=0d812005475e4f20
CTD-ROUND lane=knn dataset=taxi arm=sklearn-cpu round=1 ms=823.055 digest=e68c40926627361e
CTD-ROUND lane=knn dataset=taxi arm=torch-gpu round=1 ms=2417.952 digest=2ae530ae19fd51ce
CTD-ROUND lane=knn dataset=taxi arm=ours round=1 ms=5939.323 digest=cd7ff95514f7e589
CTD lane=knn dataset=taxi arm=ours device=gpu status=ok median_ms=5939.323250000598 min_ms=5939.323250000598 max_ms=5939.323250000598 digest_stable=True quality={"recall_at_k": 0.99975390625, "reference": "float64 NumPy brute force (shortlist 40 plus every arm's ids, exact differences)", "rows_with_repeated_ids": 0}
CTD-SPAN lane=knn dataset=taxi arm=ours input_home=host inside_clock=host_to_device_upload,host_validation,call upload_ms_untimed=- fit_ms_untimed=- pre_clock_fit=true pre_clock_fit_source=declared
CTD lane=knn dataset=taxi arm=ours-fast device=gpu status=ok median_ms=809.3165830068756 min_ms=809.3165830068756 max_ms=809.3165830068756 digest_stable=True quality={"recall_at_k": 0.99975390625, "reference": "float64 NumPy brute force (shortlist 40 plus every arm's ids, exact differences)", "rows_with_repeated_ids": 0}
CTD-SPAN lane=knn dataset=taxi arm=ours-fast input_home=host inside_clock=host_to_device_upload,host_validation,call upload_ms_untimed=- fit_ms_untimed=- pre_clock_fit=true pre_clock_fit_source=declared
CTD lane=knn dataset=taxi arm=sklearn-cpu device=cpu status=ok median_ms=823.0545000114944 min_ms=823.0545000114944 max_ms=823.0545000114944 digest_stable=True quality={"recall_at_k": 1.0, "reference": "float64 NumPy brute force (shortlist 40 plus every arm's ids, exact differences)", "rows_with_repeated_ids": 0}
CTD-SPAN lane=knn dataset=taxi arm=sklearn-cpu input_home=host inside_clock=call upload_ms_untimed=- fit_ms_untimed=- pre_clock_fit=true pre_clock_fit_source=declared
CTD lane=knn dataset=taxi arm=torch-gpu device=gpu status=ok median_ms=2417.9519999888726 min_ms=2417.9519999888726 max_ms=2417.9519999888726 digest_stable=True quality={"recall_at_k": 0.99973828125, "reference": "float64 NumPy brute force (shortlist 40 plus every arm's ids, exact differences)", "rows_with_repeated_ids": 0}
CTD-SPAN lane=knn dataset=taxi arm=torch-gpu input_home=device inside_clock=call upload_ms_untimed=29.633 fit_ms_untimed=- pre_clock_fit=false pre_clock_fit_source=declared
CTD-RATIO lane=knn dataset=taxi ours/ours-fast=7.3387 ours/sklearn-cpu=7.2162 ours/torch-gpu=2.4563 span_asymmetry=torch-gpu:upload_outside_its_clock(29.633_ms)
CTD-SPAN-NOTE lane=knn dataset=taxi the ratios above are NOT like-for-like spans: ours uploads (and validates) inside its clock while these arms do not. The asymmetry is named, not corrected; no work was moved into or out of any clock.
