
=== 2026-09-29T20:38:50Z /Users/ec2-user/bench-board-cache/venv/bin/python -u /Users/ec2-user/mojolearn-wt/steward-m2pro/tools/classical_two_datasets.py race --lane pca --dataset istella --data /Users/ec2-user/bench-board-cache/ctd-data/rows-full --out /Users/ec2-user/mojolearn-evidence/bench-board/2026-09-29_m2pro/raw/classical/rows-full --work /Users/ec2-user/mojolearn-evidence/bench-board/2026-09-29_m2pro/work --root /Users/ec2-user/mojolearn-wt/steward-m2pro --arms ours,ours-fast,sklearn-cpu,torch-gpu --rounds 1 --round-seconds 1800 --warmup-seconds 1800 --ours-python /Users/ec2-user/bench-board-cache/venv/bin/python --theirs-python /Users/ec2-user/bench-board-cache/venv/bin/python --infer
CTD-SETTINGS lane=pca dataset=istella n_components=10 (the cuML benchmark's PCA), whiten=False, random_state=7; ours and scikit-learn svd_solver='covariance_eigh'
CTD-MISMATCH lane=pca dataset=istella svd_solver: cuML has no 'covariance_eigh'; cuml-gpu runs svd_solver='full'
CTD-MISMATCH lane=pca dataset=istella torch-gpu: no estimator; covariance eigh written out, torch.manual_seed(7) (it draws nothing)
CTD-MISMATCH lane=pca dataset=istella random_state is read by none of the covariance solvers; set to 7 on every arm
BOARD-PARAMS {"arms": {"ours": {"library": "mojolearn", "params": {"n_components": 10, "seed": 7, "svd_solver": "covariance_eigh", "tol": 0.0, "whiten": false}, "source": "get_params"}, "ours-fast": {"library": "mojolearn", "params": {"n_components": 10, "seed": 7, "svd_solver": "covariance_eigh", "tol": 0.0, "whiten": false}, "source": "get_params"}, "sklearn-cpu": {"library": "sklearn", "params": {"n_components": 10, "seed": 7, "svd_solver": "covariance_eigh", "tol": 0.0, "whiten": false}, "source": "get_params"}, "torch-gpu": {"library": "torch", "params": {"n_components": 10, "seed": 7, "svd_solver": "covariance_eigh", "whiten": false}, "source": "declared"}}, "compared": [{"arm": "ours-fast", "ours": 10, "param": "n_components", "same": true, "theirs": 10}, {"arm": "ours-fast", "ours": "covariance_eigh", "param": "svd_solver", "same": true, "theirs": "covariance_eigh"}, {"arm": "ours-fast", "ours": 0.0, "param": "tol", "same": true, "theirs": 0.0}, {"arm": "ours-fast", "ours": false, "param": "whiten", "same": true, "theirs": false}, {"arm": "sklearn-cpu", "ours": 10, "param": "n_components", "same": true, "theirs": 10}, {"arm": "sklearn-cpu", "ours": "covariance_eigh", "param": "svd_solver", "same": true, "theirs": "covariance_eigh"}, {"arm": "sklearn-cpu", "ours": 0.0, "param": "tol", "same": true, "theirs": 0.0}, {"arm": "sklearn-cpu", "ours": false, "param": "whiten", "same": true, "theirs": false}, {"arm": "torch-gpu", "ours": 10, "param": "n_components", "same": true, "theirs": 10}, {"arm": "torch-gpu", "ours": "covariance_eigh", "param": "svd_solver", "same": true, "theirs": "covariance_eigh"}, {"arm": "torch-gpu", "ours": false, "param": "whiten", "same": true, "theirs": false}], "exceptions": [], "family": "classical", "lane": "pca", "problems": [], "reference": "ours", "seed": 7, "seed_none_deterministic": [], "verdict": "MATCHED"}
CTD-ROUND lane=pca dataset=istella arm=ours round=0 ms=4214.333 digest=2fac585200315901
CTD-ROUND lane=pca dataset=istella arm=ours-fast round=0 ms=4227.254 digest=06fccbde84ce53dd
CTD-ROUND lane=pca dataset=istella arm=sklearn-cpu round=0 ms=322.459 digest=585dd137cabd7319
CTD-REFUSED lane=pca dataset=istella arm=torch-gpu stage=round0 detail={"error": "NotImplementedError(\"The operator 'aten::_linalg_eigh.eigenvalues' is not currently implemented for the MPS device. If you want this op to be considered for addition please comment on https://github.com/pytorch/pytorch/issues/141287 and mention use-case, that resulted in missing op as well as commit hash cf30153c4c131c8164ee7798e5022d810682e2cb. As a temporary fix, you can set the environment variable `PYTORCH_ENABLE_MPS_FALLBACK=1` to use the CPU as a fallback for this op. WARNING: this will be slower than running natively on MPS.\")", "event": "error", "stage": "round 0"}
CTD-ROUND lane=pca dataset=istella arm=ours-fast round=1 ms=4125.100 digest=06fccbde84ce53dd
CTD-ROUND lane=pca dataset=istella arm=sklearn-cpu round=1 ms=285.170 digest=585dd137cabd7319
CTD-ROUND lane=pca dataset=istella arm=ours round=1 ms=3817.365 digest=2fac585200315901
CTD-INFER-ROUND lane=pca dataset=istella arm=ours round=0 ms=253.943 digest=906dd7950de9b522
CTD-INFER-ROUND lane=pca dataset=istella arm=ours-fast round=0 ms=244.942 digest=591a26121e1e178a
CTD-INFER-ROUND lane=pca dataset=istella arm=sklearn-cpu round=0 ms=119.019 digest=a31cad9d4c7b5106
CTD-INFER-ROUND lane=pca dataset=istella arm=ours-fast round=1 ms=202.931 digest=591a26121e1e178a
CTD-INFER-ROUND lane=pca dataset=istella arm=sklearn-cpu round=1 ms=77.901 digest=a31cad9d4c7b5106
CTD-INFER-ROUND lane=pca dataset=istella arm=ours round=1 ms=223.858 digest=906dd7950de9b522
CTD-INFER lane=pca dataset=istella arm=ours call=transform rows=500000 status=ok median_ms=223.85812501306646 digest_stable=True quality={"transform_max_rel_err_own_fp64": 3.75014958666863e-07}
CTD-INFER lane=pca dataset=istella arm=ours-fast call=transform rows=500000 status=ok median_ms=202.93058300740086 digest_stable=True quality={"bits_equal_vs_ours": false, "max_abs_diff_vs_ours": 62156.501953125, "transform_max_rel_err_own_fp64": 3.7814299177805e-07}
CTD-INFER lane=pca dataset=istella arm=sklearn-cpu call=transform rows=500000 status=ok median_ms=77.9011250124313 digest_stable=True quality={"bits_equal_vs_ours": false, "max_abs_diff_vs_ours": 87980.7880859375, "transform_max_rel_err_own_fp64": 3.839388757293979e-07}
CTD-INFER lane=pca dataset=istella arm=torch-gpu call=transform rows=500000 status=no_fit median_ms=None digest_stable=None quality={}
CTD lane=pca dataset=istella arm=ours device=gpu status=ok median_ms=3817.3647499934305 min_ms=3817.3647499934305 max_ms=3817.3647499934305 digest_stable=True quality={"explained_variance_ratio_sum": 1.0000000601750403}
CTD-SPAN lane=pca dataset=istella arm=ours input_home=host inside_clock=host_to_device_upload,host_validation,call upload_ms_untimed=- fit_ms_untimed=- pre_clock_fit=false pre_clock_fit_source=declared
CTD lane=pca dataset=istella arm=ours-fast device=gpu status=ok median_ms=4125.099625001894 min_ms=4125.099625001894 max_ms=4125.099625001894 digest_stable=True quality={"explained_variance_ratio_sum": 1.0000000563033837}
CTD-SPAN lane=pca dataset=istella arm=ours-fast input_home=host inside_clock=host_to_device_upload,host_validation,call upload_ms_untimed=- fit_ms_untimed=- pre_clock_fit=false pre_clock_fit_source=declared
CTD lane=pca dataset=istella arm=sklearn-cpu device=cpu status=ok median_ms=285.17033299431205 min_ms=285.17033299431205 max_ms=285.17033299431205 digest_stable=True quality={"explained_variance_ratio_sum": 0.9999999491312511}
CTD-SPAN lane=pca dataset=istella arm=sklearn-cpu input_home=host inside_clock=call upload_ms_untimed=- fit_ms_untimed=- pre_clock_fit=false pre_clock_fit_source=declared
CTD lane=pca dataset=istella arm=torch-gpu device=gpu status=error median_ms=None min_ms=None max_ms=None digest_stable=None quality={}
CTD-SPAN lane=pca dataset=istella arm=torch-gpu input_home=device inside_clock=call upload_ms_untimed=82.361 fit_ms_untimed=- pre_clock_fit=false pre_clock_fit_source=declared
CTD-RATIO lane=pca dataset=istella ours/ours-fast=0.9254 ours/sklearn-cpu=13.3863 span_asymmetry=none
