Mamba-3 backward, B=8 L=512 d_model=768, median of 3 calls after warm-up (ms)
stage                                       ms   share
m3bwd.s16_s15                          174.355   78.0%
m3bwd.s17_operands                      19.019    8.5%
m3bwd.angle                             12.352    5.5%
m3bwd.qkdot                              2.851    1.3%
m3bwd.seg_adt                            2.498    1.1%
m3bwd.s17_state                          2.269    1.0%
m3bwd.proj_b                             1.703    0.8%
m3bwd.proj_a                             1.523    0.7%
m3bwd.join_current                       1.218    0.5%
m3bwd.gate_skip                          1.160    0.5%
m3bwd.bcnorm                             1.077    0.5%
m3bwd.join_s16_s17                       0.726    0.3%
m3bwd.join_rotary                        0.660    0.3%
m3bwd.s15_only                           0.537    0.2%
m3bwd.block_norm                         0.513    0.2%
m3bwd.rotary_only                        0.447    0.2%
m3bwd.reduce                             0.203    0.1%
m3bwd.pack_in_proj                       0.181    0.1%
m3bwd.dt_partial                         0.051    0.0%
m3bwd.adt_product                        0.043    0.0%
m3bwd.dacs_to_adt                        0.039    0.0%
m3bwd.join_two                           0.030    0.0%
m3bwd.a_heavy_tail                       0.016    0.0%
total (sum of stages)                  223.471
session counters: {"weight_uploads": 1, "weight_recopies": 0, "weight_reuses": 7, "backward_reuses": 4, "backward_recomputes": 0, "stages_held": 1}
