4151 external/tcmalloc+/tcmalloc/internal/system_allocator.h:713] Warning: Unable to mbind memory (errno=1, base=0x59ee40000000, nodemask=2)
KNN_REF_HEADER mode IDENTICAL column nvidia index 400000 queries 128 features 32 k 15 rounds 7 fixture dyadic-v1 selector 1 transpose 1 register_tile 1 index_tile 65536
KNN_REF_WARMUP request 0 3.467989
KNN_REF_WARMUP request 1 2.807617
KNN_REF_ROUND request 1 2.801879
KNN_REF_ROUND request 2 2.801225
KNN_REF_ROUND request 3 2.800384
KNN_REF_ROUND request 4 2.803579
KNN_REF_ROUND request 5 2.804464
KNN_REF_ROUND request 6 2.800728
KNN_REF_ROUND request 7 2.801776
KNN_REF_WARMUP device 0 1.811819
KNN_REF_WARMUP device 1 1.810321
KNN_REF_ROUND device 1 1.811558
KNN_REF_ROUND device 2 1.811824
KNN_REF_ROUND device 3 1.809995
KNN_REF_ROUND device 4 1.809574
KNN_REF_ROUND device 5 1.810962
KNN_REF_ROUND device 6 1.810726
KNN_REF_ROUND device 7 1.811152
KNN_REF_DEVICE_VS_REQUEST mismatched_cells 0
KNN_REF_FINGERPRINT index_fnv1a64 386436464195007773 distance_bits_xor 4411461
KNN_REF_ROW0 0 147075 1075752738
KNN_REF_ROW0 1 347872 1075802578
KNN_REF_ROW0 2 280582 1075899932
KNN_REF_ROW0 3 255546 1076098936
KNN_REF_ROW0 4 158380 1076157127
KNN_REF_ROW0 5 151319 1076280807
KNN_REF_ROW0 6 252972 1076309764
KNN_REF_ROW0 7 194725 1076394742
KNN_REF_ROW0 8 125716 1076423977
KNN_REF_ROW0 9 351008 1076424580
KNN_REF_ROW0 10 322815 1076439373
KNN_REF_ROW0 11 301998 1076456634
KNN_REF_ROW0 12 77158 1076475919
KNN_REF_ROW0 13 158980 1076482935
KNN_REF_ROW0 14 335466 1076512547
KNN_REF_RESULT index 400000 queries 128 k 15 features 32 request_median_ms 2.801776 device_median_ms 1.810962 rounds 7 query_tile 128 index_tile 65536
KNN REFERENCE PRICE PASS
