3926 external/tcmalloc+/tcmalloc/internal/system_allocator.h:713] Warning: Unable to mbind memory (errno=1, base=0x1b44c0000000, nodemask=2)
KNN_REF_HEADER mode IDENTICAL column nvidia index 100000 queries 128 features 32 k 10 rounds 7 fixture dyadic-v1 selector 1 transpose 1 register_tile 1 index_tile 65536
KNN_REF_WARMUP request 0 1.333879
KNN_REF_WARMUP request 1 0.729359
KNN_REF_ROUND request 1 0.726523
KNN_REF_ROUND request 2 0.724323
KNN_REF_ROUND request 3 0.720721
KNN_REF_ROUND request 4 0.719885
KNN_REF_ROUND request 5 0.719032
KNN_REF_ROUND request 6 0.729121
KNN_REF_ROUND request 7 0.719115
KNN_REF_WARMUP device 0 0.427075
KNN_REF_WARMUP device 1 0.427951
KNN_REF_ROUND device 1 0.428187
KNN_REF_ROUND device 2 0.429107
KNN_REF_ROUND device 3 0.426889
KNN_REF_ROUND device 4 0.429826
KNN_REF_ROUND device 5 0.42883
KNN_REF_ROUND device 6 0.43026
KNN_REF_ROUND device 7 0.428199
KNN_REF_DEVICE_VS_REQUEST mismatched_cells 0
KNN_REF_FINGERPRINT index_fnv1a64 2891358422301281908 distance_bits_xor 7996266
KNN_REF_ROW0 0 77158 1076475919
KNN_REF_ROW0 1 41527 1076618074
KNN_REF_ROW0 2 78928 1076623538
KNN_REF_ROW0 3 517 1076814954
KNN_REF_ROW0 4 78974 1076826702
KNN_REF_ROW0 5 28076 1076925698
KNN_REF_ROW0 6 63922 1077035638
KNN_REF_ROW0 7 45923 1077045289
KNN_REF_ROW0 8 73338 1077053711
KNN_REF_ROW0 9 33848 1077079711
KNN_REF_RESULT index 100000 queries 128 k 10 features 32 request_median_ms 0.720721 device_median_ms 0.42883 rounds 7 query_tile 128 index_tile 65536
KNN REFERENCE PRICE PASS
