/root/mojolearn/bindings/_mojolearn_trees.mojo:109:7: warning: positional `__getitem__` is deprecated, use `unsafe_offset=` instead
    op[0] = 0
    ~~^~~
<unknown>:0: note: '__getitem__' declared here
/root/mojolearn/bindings/_mojolearn_trees.mojo:117:15: warning: positional `__getitem__` is deprecated, use `unsafe_offset=` instead
            cp[total + i] = node.colid
            ~~^~~~~~~~~~~
<unknown>:0: note: '__getitem__' declared here
/root/mojolearn/bindings/_mojolearn_trees.mojo:118:15: warning: positional `__getitem__` is deprecated, use `unsafe_offset=` instead
            tp[total + i] = node.quesval
            ~~^~~~~~~~~~~
<unknown>:0: note: '__getitem__' declared here
/root/mojolearn/bindings/_mojolearn_trees.mojo:119:15: warning: positional `__getitem__` is deprecated, use `unsafe_offset=` instead
            lp[total + i] = node.left_child_id
            ~~^~~~~~~~~~~
<unknown>:0: note: '__getitem__' declared here
/root/mojolearn/bindings/_mojolearn_trees.mojo:123:11: warning: positional `__getitem__` is deprecated, use `unsafe_offset=` instead
        op[t + 1] = Int32(total)
        ~~^~~~~~~
<unknown>:0: note: '__getitem__' declared here
/root/mojolearn/bindings/_mojolearn_trees.mojo:160:21: warning: positional `__getitem__` is deprecated, use `unsafe_offset=` instead
        out.append(p[i])
                   ~^~~
<unknown>:0: note: '__getitem__' declared here
/root/mojolearn/bindings/_mojolearn_trees.mojo:165:4: warning: doc string summary should end with a period '.', exclamation mark '!', question mark '?', or backtick '`', but this ends with ':'
"""`params` for both fit entry points, in this exact order -- the wrapper
   ^
/root/mojolearn/bindings/_mojolearn_trees.mojo:473:35: warning: positional `__getitem__` is deprecated, use `unsafe_offset=` instead
            var lo = Int(offsets_p[t])
                         ~~~~~~~~~^~~
<unknown>:0: note: '__getitem__' declared here
/root/mojolearn/bindings/_mojolearn_trees.mojo:474:35: warning: positional `__getitem__` is deprecated, use `unsafe_offset=` instead
            var hi = Int(offsets_p[t + 1])
                         ~~~~~~~~~^~~~~~~
<unknown>:0: note: '__getitem__' declared here
/root/mojolearn/bindings/_mojolearn_trees.mojo:484:32: warning: positional `__getitem__` is deprecated, use `unsafe_offset=` instead
                        colid_p[i], quesval_p[i], 0.0, left_p[i], 0
                        ~~~~~~~^~~
<unknown>:0: note: '__getitem__' declared here
/root/mojolearn/bindings/_mojolearn_trees.mojo:484:46: warning: positional `__getitem__` is deprecated, use `unsafe_offset=` instead
                        colid_p[i], quesval_p[i], 0.0, left_p[i], 0
                                    ~~~~~~~~~^~~
<unknown>:0: note: '__getitem__' declared here
/root/mojolearn/bindings/_mojolearn_trees.mojo:484:62: warning: positional `__getitem__` is deprecated, use `unsafe_offset=` instead
                        colid_p[i], quesval_p[i], 0.0, left_p[i], 0
                                                       ~~~~~~^~~
<unknown>:0: note: '__getitem__' declared here
/root/mojolearn/bindings/_mojolearn_trees.mojo:488:42: warning: positional `__getitem__` is deprecated, use `unsafe_offset=` instead
                    vleaf.append(leaves_p[i * num_outputs + k])
                                 ~~~~~~~~^~~~~~~~~~~~~~~~~~~~~
<unknown>:0: note: '__getitem__' declared here
/root/mojolearn/bindings/_mojolearn_trees.mojo:498:26: warning: positional `__getitem__` is deprecated, use `unsafe_offset=` instead
            row.append(xp[i])
                       ~~^~~
<unknown>:0: note: '__getitem__' declared here
/root/mojolearn/bindings/_mojolearn_trees.mojo:502:19: warning: positional `__getitem__` is deprecated, use `unsafe_offset=` instead
                op[r * num_outputs + k] = vote[k]
                ~~^~~~~~~~~~~~~~~~~~~~~
<unknown>:0: note: '__getitem__' declared here
/root/mojolearn/bindings/_mojolearn_trees.mojo:535:30: warning: positional `__getitem__` is deprecated, use `unsafe_offset=` instead
    var nodes = Int(offsets_p[trees])
                    ~~~~~~~~~^~~~~~~
<unknown>:0: note: '__getitem__' declared here
/root/mojolearn/bindings/_mojolearn_trees.mojo:546:37: warning: positional `__getitem__` is deprecated, use `unsafe_offset=` instead
            offsets.append(offsets_p[i])
                           ~~~~~~~~~^~~
<unknown>:0: note: '__getitem__' declared here
/root/mojolearn/bindings/_mojolearn_trees.mojo:548:37: warning: positional `__getitem__` is deprecated, use `unsafe_offset=` instead
            columns.append(columns_p[i])
                           ~~~~~~~~~^~~
<unknown>:0: note: '__getitem__' declared here
/root/mojolearn/bindings/_mojolearn_trees.mojo:549:43: warning: positional `__getitem__` is deprecated, use `unsafe_offset=` instead
            thresholds.append(thresholds_p[i])
                              ~~~~~~~~~~~~^~~
<unknown>:0: note: '__getitem__' declared here
/root/mojolearn/bindings/_mojolearn_trees.mojo:550:31: warning: positional `__getitem__` is deprecated, use `unsafe_offset=` instead
            left.append(left_p[i])
                        ~~~~~~^~~
<unknown>:0: note: '__getitem__' declared here
/root/mojolearn/bindings/_mojolearn_trees.mojo:552:35: warning: positional `__getitem__` is deprecated, use `unsafe_offset=` instead
            leaves.append(leaves_p[i])
                          ~~~~~~~~^~~
<unknown>:0: note: '__getitem__' declared here
/root/mojolearn/bindings/_mojolearn_trees.mojo:554:25: warning: positional `__getitem__` is deprecated, use `unsafe_offset=` instead
            x.append(x_p[i])
                     ~~~^~~
<unknown>:0: note: '__getitem__' declared here
/root/mojolearn/bindings/_mojolearn_trees.mojo:561:18: warning: positional `__getitem__` is deprecated, use `unsafe_offset=` instead
            out_p[i] = result[i]
            ~~~~~^~~
<unknown>:0: note: '__getitem__' declared here
Imported from /root/mojolearn/bindings/_mojolearn_trees.mojo:35:
/root/mojolearn/bindings/forest_inference_binding.mojo:43:23: warning: positional `__getitem__` is deprecated, use `unsafe_offset=` instead
    var nodes = Int(op[trees])
                    ~~^~~~~~~
<unknown>:0: note: '__getitem__' declared here
Imported from /root/mojolearn/bindings/_mojolearn_trees.mojo:35:
/root/mojolearn/bindings/forest_inference_binding.mojo:52:26: warning: positional `__getitem__` is deprecated, use `unsafe_offset=` instead
        offsets.append(op[i])
                       ~~^~~
<unknown>:0: note: '__getitem__' declared here
Imported from /root/mojolearn/bindings/_mojolearn_trees.mojo:35:
/root/mojolearn/bindings/forest_inference_binding.mojo:54:26: warning: positional `__getitem__` is deprecated, use `unsafe_offset=` instead
        columns.append(cp[i])
                       ~~^~~
<unknown>:0: note: '__getitem__' declared here
Imported from /root/mojolearn/bindings/_mojolearn_trees.mojo:35:
/root/mojolearn/bindings/forest_inference_binding.mojo:55:29: warning: positional `__getitem__` is deprecated, use `unsafe_offset=` instead
        thresholds.append(tp[i])
                          ~~^~~
<unknown>:0: note: '__getitem__' declared here
Imported from /root/mojolearn/bindings/_mojolearn_trees.mojo:35:
/root/mojolearn/bindings/forest_inference_binding.mojo:56:23: warning: positional `__getitem__` is deprecated, use `unsafe_offset=` instead
        left.append(lp[i])
                    ~~^~~
<unknown>:0: note: '__getitem__' declared here
Imported from /root/mojolearn/bindings/_mojolearn_trees.mojo:35:
/root/mojolearn/bindings/forest_inference_binding.mojo:58:25: warning: positional `__getitem__` is deprecated, use `unsafe_offset=` instead
        leaves.append(vp[i])
                      ~~^~~
<unknown>:0: note: '__getitem__' declared here
Imported from /root/mojolearn/bindings/_mojolearn_trees.mojo:35:
/root/mojolearn/bindings/forest_inference_binding.mojo:78:20: warning: positional `__getitem__` is deprecated, use `unsafe_offset=` instead
        x.append(xp[i])
                 ~~^~~
<unknown>:0: note: '__getitem__' declared here
Imported from /root/mojolearn/bindings/_mojolearn_trees.mojo:35:
/root/mojolearn/bindings/forest_inference_binding.mojo:81:11: warning: positional `__getitem__` is deprecated, use `unsafe_offset=` instead
        op[i] = result[i]
        ~~^~~
<unknown>:0: note: '__getitem__' declared here
Imported from /root/mojolearn/bindings/_mojolearn_trees.mojo:68:
/root/mojolearn/bindings/forest_export_binding.mojo:93:33: warning: '__add__' is deprecated, use 'unsafe_offset' instead
        memcpy(dest=destination + offset, src=values.unsafe_ptr(), count=len(values))
                    ~~~~~~~~~~~~^~~~~~~~
<unknown>:0: note: '__add__' declared here
Imported from /root/mojolearn/bindings/_mojolearn_trees.mojo:68:
/root/mojolearn/bindings/forest_export_binding.mojo:93:9: warning: 'memcpy' is deprecated, use 'unsafe_memcpy' instead
        memcpy(dest=destination + offset, src=values.unsafe_ptr(), count=len(values))
        ^~~~~~
        unsafe_memcpy
<unknown>:0: note: 'memcpy' declared here
Imported from /root/mojolearn/bindings/_mojolearn_trees.mojo:62:
Imported from ./extratrees/impl/randomforest/randomforest.mojo:95:
./extratrees/impl/decisiontree/batched_levelalgo/builder.mojo:2027:9: warning: 'memcpy' is deprecated, use 'unsafe_memcpy' instead
        memcpy(dest=h_data.unsafe_ptr(), src=source, count=count)
        ^~~~~~
        unsafe_memcpy
<unknown>:0: note: 'memcpy' declared here
Imported from /root/mojolearn/bindings/_mojolearn_trees.mojo:62:
Imported from ./extratrees/impl/randomforest/randomforest.mojo:95:
./extratrees/impl/decisiontree/batched_levelalgo/builder.mojo:2029:9: warning: 'memcpy' is deprecated, use 'unsafe_memcpy' instead
        memcpy(dest=h_data.unsafe_ptr(), src=x_col_major.unsafe_ptr(), count=count)
        ^~~~~~
        unsafe_memcpy
<unknown>:0: note: 'memcpy' declared here
Imported from /root/mojolearn/bindings/_mojolearn_trees.mojo:62:
Imported from ./extratrees/impl/randomforest/randomforest.mojo:95:
./extratrees/impl/decisiontree/batched_levelalgo/builder.mojo:2030:5: warning: 'memcpy' is deprecated, use 'unsafe_memcpy' instead
    memcpy(dest=h_labels.unsafe_ptr(), src=class_ids.unsafe_ptr(), count=Int(n_rows))
    ^~~~~~
    unsafe_memcpy
<unknown>:0: note: 'memcpy' declared here
Imported from /root/mojolearn/bindings/_mojolearn_trees.mojo:62:
Imported from ./extratrees/impl/randomforest/randomforest.mojo:95:
Imported from ./extratrees/impl/decisiontree/batched_levelalgo/builder.mojo:78:
./core/identity_trace.mojo:376:14: warning: 'UnsafePointer' is deprecated, use 'Pointer' instead
        ptr: UnsafePointer[Scalar[dt], o],
             ^~~~~~~~~~~~~
             Pointer
<unknown>:0: note: 'UnsafePointer' declared here
Imported from /root/mojolearn/bindings/_mojolearn_trees.mojo:62:
Imported from ./extratrees/impl/randomforest/randomforest.mojo:95:
Imported from ./extratrees/impl/decisiontree/batched_levelalgo/builder.mojo:78:
./core/identity_trace.mojo:248:14: warning: 'UnsafePointer' is deprecated, use 'Pointer' instead
        raw: UnsafePointer[UInt8, o],
             ^~~~~~~~~~~~~
             Pointer
<unknown>:0: note: 'UnsafePointer' declared here
Imported from /root/mojolearn/bindings/_mojolearn_trees.mojo:62:
Imported from ./extratrees/impl/randomforest/randomforest.mojo:95:
Imported from ./extratrees/impl/decisiontree/batched_levelalgo/builder.mojo:78:
./core/identity_trace.mojo:362:14: warning: 'bitcast' is deprecated, use 'unsafe_bitcast' instead
            p.bitcast[UInt8](),
            ~^~~~~~~~
              unsafe_bitcast
<unknown>:0: note: 'bitcast' declared here
Imported from /root/mojolearn/bindings/_mojolearn_trees.mojo:62:
Imported from ./extratrees/impl/randomforest/randomforest.mojo:95:
Imported from ./extratrees/impl/decisiontree/batched_levelalgo/builder.mojo:78:
./core/identity_trace.mojo:386:16: warning: 'bitcast' is deprecated, use 'unsafe_bitcast' instead
            ptr.bitcast[UInt8](),
            ~~~^~~~~~~~
                unsafe_bitcast
<unknown>:0: note: 'bitcast' declared here
Imported from /root/mojolearn/bindings/_mojolearn_trees.mojo:62:
Imported from ./extratrees/impl/randomforest/randomforest.mojo:95:
Imported from ./extratrees/impl/decisiontree/batched_levelalgo/builder.mojo:78:
./core/identity_trace.mojo:103:22: warning: 'UnsafePointer' is deprecated, use 'Pointer' instead
](seed: UInt64, ptr: UnsafePointer[UInt8, o], n: Int) -> UInt64:
                     ^~~~~~~~~~~~~
                     Pointer
<unknown>:0: note: 'UnsafePointer' declared here
Imported from /root/mojolearn/bindings/_mojolearn_trees.mojo:40:
./core/forest_inference.mojo:171:5: warning: '@parameter for' is deprecated; use 'comptime for'
    @parameter
    ^~~~~~~~~~
    comptime 
Imported from /root/mojolearn/bindings/_mojolearn_trees.mojo:40:
./core/forest_inference.mojo:178:13: warning: '@parameter for' is deprecated; use 'comptime for'
            @parameter
            ^~~~~~~~~~
            comptime 
Imported from /root/mojolearn/bindings/_mojolearn_trees.mojo:40:
./core/forest_inference.mojo:184:5: warning: '@parameter for' is deprecated; use 'comptime for'
    @parameter
    ^~~~~~~~~~
    comptime 
Imported from /root/mojolearn/bindings/_mojolearn_trees.mojo:40:
./core/forest_inference.mojo:191:13: warning: '@parameter for' is deprecated; use 'comptime for'
            @parameter
            ^~~~~~~~~~
            comptime 
Imported from /root/mojolearn/bindings/_mojolearn_trees.mojo:40:
./core/forest_inference.mojo:197:9: warning: '@parameter for' is deprecated; use 'comptime for'
        @parameter
        ^~~~~~~~~~
        comptime 
Imported from /root/mojolearn/bindings/_mojolearn_trees.mojo:62:
Imported from ./extratrees/impl/randomforest/randomforest.mojo:95:
./extratrees/impl/decisiontree/batched_levelalgo/builder.mojo:2787:24: warning: 'bitcast' is deprecated, use 'unsafe_bitcast' instead
            var sb = sp.bitcast[UInt8]()
                     ~~^~~~~~~~
                        unsafe_bitcast
<unknown>:0: note: 'bitcast' declared here
Imported from /root/mojolearn/bindings/_mojolearn_trees.mojo:62:
Imported from ./extratrees/impl/randomforest/randomforest.mojo:95:
./extratrees/impl/decisiontree/batched_levelalgo/builder.mojo:2788:24: warning: 'bitcast' is deprecated, use 'unsafe_bitcast' instead
            var hb = hp.bitcast[UInt8]()
                     ~~^~~~~~~~
                        unsafe_bitcast
<unknown>:0: note: 'bitcast' declared here
Imported from /root/mojolearn/bindings/_mojolearn_trees.mojo:62:
Imported from ./extratrees/impl/randomforest/randomforest.mojo:95:
./extratrees/impl/decisiontree/batched_levelalgo/builder.mojo:2808:9: warning: 'memcpy' is deprecated, use 'unsafe_memcpy' instead
        memcpy(dest=hp, src=sp, count=n)
        ^~~~~~
        unsafe_memcpy
<unknown>:0: note: 'memcpy' declared here
built python/mojolearn/_mojolearn_trees.so (gate SKIPPED by MOJOLEARN_SKIP_BUILD_GATE)
