owed gbdt-categorical-ctr-tables/base train: production 9aef0c9ccfa6907c sabotage 72cde7b15ef5f221 MOVED
owed gbdt-categorical-ctr-tables/denormal train: production 9aef0c9ccfa6907c sabotage 72cde7b15ef5f221 MOVED
owed gbdt-categorical-ctr-tables/denormal_ftz train: production 9aef0c9ccfa6907c sabotage 72cde7b15ef5f221 MOVED
owed gbdt-categorical-ctr-tables/dupes train: production 25b392f853af49bc sabotage e64ee54180696fd6 MOVED
owed gbdt-categorical-ctr-tables/hashed train: production 3dfceb762e69749f sabotage 521699a11c6857c8 MOVED
owed gbdt-categorical-ctr-tables/negative train: production 1bc75b82705d1b39 sabotage 8e4be8f9d9c80e8c MOVED
owed gbdt-categorical-ctr-tables/odd train: production 2b3fac1172a1b684 sabotage 1968fe7962279797 MOVED
owed gbdt-categorical-ctr-tables/ties train: production 24ff7d7c24861171 sabotage ac535fdcf35626e6 MOVED
owed gbdt-categorical-ctr-tables/wide train: production 852e96ce7e62df7c sabotage 5abc2bd57c1f327f MOVED
owed gbdt-tensor-ctr-tables/base train: production 7cc167fbb56c972e sabotage 81ff1ddfff5a6b06 MOVED
owed gbdt-tensor-ctr-tables/denormal train: production 1489a9f5968cb79d sabotage 9b7bcee964e863b3 MOVED
owed gbdt-tensor-ctr-tables/denormal_ftz train: production 1489a9f5968cb79d sabotage 9b7bcee964e863b3 MOVED
owed gbdt-tensor-ctr-tables/dupes train: production a972ee33b2bbafec sabotage e723b7a89b149745 MOVED
owed gbdt-tensor-ctr-tables/hashed train: production 1da6ad28d961ad35 sabotage 886790f32217e0a8 MOVED
owed gbdt-tensor-ctr-tables/negative train: production 0619163e8b8f3fc5 sabotage a190d1ac61776a6b MOVED
owed gbdt-tensor-ctr-tables/odd train: production 7377ac4d24ab4fc7 sabotage 069c6d393252a0a6 MOVED
owed gbdt-tensor-ctr-tables/ties train: production a57c449ae1a19b4e sabotage c65d72201a6fde9b MOVED
owed gbdt-tensor-ctr-tables/wide train: production 89d3d2eb687d4002 sabotage 7f93b9536fb45179 MOVED
owed gmm-random-init-sample/base train: production e8402fa2c29319b0 sabotage 74f318e0c93c671e MOVED
owed gmm-random-init-sample/denormal train: production 53c4c0b31627c1f7 sabotage d415c3559b4974c4 MOVED
owed gmm-random-init-sample/denormal_ftz train: production 53c4c0b31627c1f7 sabotage d415c3559b4974c4 MOVED
owed gmm-random-init-sample/dupes train: production e8402fa2c29319b0 sabotage 74f318e0c93c671e MOVED
owed gmm-random-init-sample/hashed train: production 1bbe32185de06c3e sabotage 08fb92ea494ae627 MOVED
owed gmm-random-init-sample/negative train: production d97bf04817203928 sabotage ad9c34f803053f22 MOVED
owed gmm-random-init-sample/odd train: production 71ed1c1caf8e6874 sabotage 1a3780f08d9f6ea4 MOVED
owed gmm-random-init-sample/ties train: production 101197bb7831587c sabotage f9270e76271f8235 MOVED
owed gmm-random-init-sample/wide train: production ff8d9198a4228ebd sabotage 77b73d5b6cb14cba MOVED
owed gmm-sample/base train: production 2995412dbe6ede62 sabotage f4fa11eaa3bc615f MOVED
owed gmm-sample/denormal train: production b0719a23f1750cd0 sabotage e155b6a710ec7cb6 MOVED
owed gmm-sample/denormal_ftz train: production b0719a23f1750cd0 sabotage e155b6a710ec7cb6 MOVED
owed gmm-sample/dupes train: production 2995412dbe6ede62 sabotage f4fa11eaa3bc615f MOVED
owed gmm-sample/hashed train: production c6652f13c1885399 sabotage e51e461b4129c7f2 MOVED
owed gmm-sample/negative train: production eff16f2b59cea1fe sabotage f854fbaface33f85 MOVED
owed gmm-sample/odd train: production 2a8e73e4b6764522 sabotage a8ff8280e31b34c3 MOVED
owed gmm-sample/ties train: production 4f5c80e0a98f2fb7 sabotage f692f3474a33be61 MOVED
owed gmm-sample/wide train: production 0473d696da7318bd sabotage 194c524cc9d1b2b2 MOVED
owed gp-sample-y-normalize/base train: production b5ad01b81c59fdf3 sabotage 24c44714c0bfdc6d MOVED
owed gp-sample-y-normalize/denormal train: production 33512fcfac39fb55 sabotage 92637b32697fc263 MOVED
owed gp-sample-y-normalize/denormal_ftz train: production 33512fcfac39fb55 sabotage 92637b32697fc263 MOVED
owed gp-sample-y-normalize/dupes train: production 78ae9a8195ece8f9 sabotage 1dc07c929ff949b0 MOVED
owed gp-sample-y-normalize/hashed train: production 455f431e3dcb0773 sabotage f2469eee30c6234d MOVED
owed gp-sample-y-normalize/negative train: production 0644e14fb6f52191 sabotage 21ed9a6c18c4cb1a MOVED
owed gp-sample-y-normalize/odd train: production b4dd92087d7a5b3a sabotage f7358f4658b17ce7 MOVED
owed gp-sample-y-normalize/ties train: production 43811dbad15ad2f0 sabotage eca685cc01bf16e1 MOVED
owed gp-sample-y-normalize/wide train: production c11bb0e6d158bfe3 sabotage 2f9c09fb42347cb0 MOVED
owed gp-sample-y/base train: production d698872d7e33df6e sabotage 82c5d5c45a0b1c4c MOVED
owed gp-sample-y/denormal train: production 37e844812b3bd076 sabotage 8bdc4f536645721b MOVED
owed gp-sample-y/denormal_ftz train: production 37e844812b3bd076 sabotage 8bdc4f536645721b MOVED
owed gp-sample-y/dupes train: production 05aaa44e678259a6 sabotage 7f2067db1b4538d5 MOVED
owed gp-sample-y/hashed train: production 1f0e45838e5c52d2 sabotage f3146e81af7d6eb6 MOVED
owed gp-sample-y/negative train: production 55e0efee90db4801 sabotage 4b33a5084d1db7b4 MOVED
owed gp-sample-y/odd train: production 23fab759980d7acc sabotage 849c51fb1f1d7c96 MOVED
owed gp-sample-y/ties train: production 15f827dc671917f0 sabotage 036c0a0f1ed44ae5 MOVED
owed gp-sample-y/wide train: production ce0c19926bcf9dbf sabotage 59446f9972b8537f MOVED
owed tokenizer/base train: production 08b10bbc6f4b565b sabotage 74458a3ecb971805 MOVED
owed tokenizer/denormal train: production c55a5605e8de64b8 sabotage d322d18fab348b21 MOVED
owed tokenizer/denormal_ftz train: production 8b9f4a27b574806e sabotage 4f403b1e5e237dea MOVED
owed tokenizer/dupes train: production 46adf25a7982a9a6 sabotage 6b30a6941eef4198 MOVED
owed tokenizer/hashed train: production e61f50aae6c6dbd9 sabotage 898febe78a80327a MOVED
owed tokenizer/negative train: production cd7e602ad066e3d5 sabotage 5262bf205be38975 MOVED
owed tokenizer/odd train: production 08b10bbc6f4b565b sabotage 74458a3ecb971805 MOVED
owed tokenizer/ties train: production 94eb3bf4446a414a sabotage 0f4aff7c9f453e85 MOVED
owed tokenizer/wide train: production 30fd2b8c5fdcf9e1 sabotage d8f676c80c02e0ac MOVED
owed gbdt-categorical-ctr-tables/base infer: production a624d9f200295ebd sabotage 6ca674d84461ffb0 MOVED
owed gbdt-categorical-ctr-tables/base batch: production d37a90de0b078e27 sabotage 1031a2dfc55c782f MOVED
owed gbdt-categorical-ctr-tables/denormal infer: production a624d9f200295ebd sabotage 6ca674d84461ffb0 MOVED
owed gbdt-categorical-ctr-tables/denormal batch: production d37a90de0b078e27 sabotage 1031a2dfc55c782f MOVED
owed gbdt-categorical-ctr-tables/denormal_ftz infer: production a624d9f200295ebd sabotage 6ca674d84461ffb0 MOVED
owed gbdt-categorical-ctr-tables/denormal_ftz batch: production d37a90de0b078e27 sabotage 1031a2dfc55c782f MOVED
owed gbdt-categorical-ctr-tables/dupes infer: production ae3a773120cd3c33 sabotage ff2642bcab355330 MOVED
owed gbdt-categorical-ctr-tables/dupes batch: production a171156aa53e5e8b sabotage 8536c85e6dc84095 MOVED
owed gbdt-categorical-ctr-tables/hashed infer: production db7c89907a783122 sabotage 35b0346dbd88b991 MOVED
owed gbdt-categorical-ctr-tables/hashed batch: production cd07fda7956d86ab sabotage e8f695a166b8a1e1 MOVED
owed gbdt-categorical-ctr-tables/negative infer: production ad6465f38360fd0c sabotage 10eed27c5066a7c0 MOVED
owed gbdt-categorical-ctr-tables/negative batch: production ca5eabccae08c416 sabotage a80e4efcd4b3ffc6 MOVED
owed gbdt-categorical-ctr-tables/odd infer: production d0a5ab298e3f354c sabotage 3767f04f91ad7b5e MOVED
owed gbdt-categorical-ctr-tables/odd batch: production 8a24ba90ab6fff7f sabotage 004761944c569ee1 MOVED
owed gbdt-categorical-ctr-tables/ties infer: production ba5bb1e19090253b sabotage ce0017bfa23417e6 MOVED
owed gbdt-categorical-ctr-tables/ties batch: production da78c16224627804 sabotage 701a4a12b42c58c4 MOVED
owed gbdt-categorical-ctr-tables/wide infer: production a942bfe94df4d9db sabotage f4986a5da4456128 MOVED
owed gbdt-categorical-ctr-tables/wide batch: production b9b2a1559aa6e945 sabotage f079f5c5d7970630 MOVED
owed gbdt-tensor-ctr-tables/base infer: production 18c29c1d0b000438 sabotage 36e6f556a3ce2399 MOVED
owed gbdt-tensor-ctr-tables/base batch: production c14b5f2874153914 sabotage acdd0381685f59cd MOVED
owed gbdt-tensor-ctr-tables/denormal infer: production 39133503b753ec5d sabotage c4257d96aa186c96 MOVED
owed gbdt-tensor-ctr-tables/denormal batch: production ddf0cf2c0e19ff1d sabotage ca603f46475fb8b8 MOVED
owed gbdt-tensor-ctr-tables/denormal_ftz infer: production 39133503b753ec5d sabotage c4257d96aa186c96 MOVED
owed gbdt-tensor-ctr-tables/denormal_ftz batch: production ddf0cf2c0e19ff1d sabotage ca603f46475fb8b8 MOVED
owed gbdt-tensor-ctr-tables/dupes infer: production 431c16487b4df475 sabotage cb6085cb88139ee5 MOVED
owed gbdt-tensor-ctr-tables/dupes batch: production 577fb834656d49e9 sabotage 9371e00b8f59f6f8 MOVED
owed gbdt-tensor-ctr-tables/hashed infer: production 19da48b6c3ba9d2c sabotage 7f10ec57b6cfcadc MOVED
owed gbdt-tensor-ctr-tables/hashed batch: production 23554a4fe59a1961 sabotage bf4292e2b0e998c0 MOVED
owed gbdt-tensor-ctr-tables/negative infer: production 4fbfc6dcd6ae0bc5 sabotage 961748c162b8f30a MOVED
owed gbdt-tensor-ctr-tables/negative batch: production af1429b2866dde66 sabotage 2d916680cb81263c MOVED
owed gbdt-tensor-ctr-tables/odd infer: production b6a857464e3fc541 sabotage 1dd476d8f443121b MOVED
owed gbdt-tensor-ctr-tables/odd batch: production 3de632fb4d411bcf sabotage c3f0a65408341852 MOVED
owed gbdt-tensor-ctr-tables/ties infer: production 1659c6bbc45fd69d sabotage cff255aadabb8f0c MOVED
owed gbdt-tensor-ctr-tables/ties batch: production c648d9eb03bb1455 sabotage c79adc440339285f MOVED
owed gbdt-tensor-ctr-tables/wide infer: production 3073c208310a28ff sabotage 254f632e36ea9b9a MOVED
owed gbdt-tensor-ctr-tables/wide batch: production 1ca38d2db239a5c8 sabotage ac742405bc369629 MOVED
owed gmm-random-init-sample/base infer: production a460febf045cb5ed sabotage f372e7ac219fef07 MOVED
owed gmm-random-init-sample/base model: production de637910417c0f6a sabotage b80752b4e03f2a05 MOVED
owed gmm-random-init-sample/denormal infer: production aaa5ba26b5120d24 sabotage e1d85ce914e4ff1b MOVED
owed gmm-random-init-sample/denormal model: production 7215e09b22afc315 sabotage 2356cce2069d11e1 MOVED
owed gmm-random-init-sample/denormal_ftz infer: production aaa5ba26b5120d24 sabotage e1d85ce914e4ff1b MOVED
owed gmm-random-init-sample/denormal_ftz model: production 7215e09b22afc315 sabotage 2356cce2069d11e1 MOVED
owed gmm-random-init-sample/dupes infer: production a460febf045cb5ed sabotage f372e7ac219fef07 MOVED
owed gmm-random-init-sample/dupes model: production de637910417c0f6a sabotage b80752b4e03f2a05 MOVED
owed gmm-random-init-sample/hashed infer: production 03db205033c0af3e sabotage 88939d0bc90bbf37 MOVED
owed gmm-random-init-sample/hashed model: production 29f02d6785e39944 sabotage e6a5247054b65336 MOVED
owed gmm-random-init-sample/negative infer: production 3d34dcff3bce8426 sabotage 91f6887cdcdb4711 MOVED
owed gmm-random-init-sample/negative model: production ac301e8ebc5eac1d sabotage 7ec8721370ff1f09 MOVED
owed gmm-random-init-sample/odd infer: production 0360f4cd3fa1dc5a sabotage f65fcee4d715fa3a MOVED
owed gmm-random-init-sample/odd model: production a0ac5c07569f6749 sabotage 701f92bbf61d420d MOVED
owed gmm-random-init-sample/ties infer: production c9f89c3987186292 sabotage b4ad372be861cccc MOVED
owed gmm-random-init-sample/ties model: production 4bf7497302af00ff sabotage ab683ed7badb9157 MOVED
owed gmm-random-init-sample/wide infer: production 96b674083abf4f30 sabotage c63b072f4faf1472 MOVED
owed gmm-random-init-sample/wide model: production 3d9bbe884dc72d8c sabotage ab70e0ef0a4b765b MOVED
owed gmm-sample/base infer: production e3cad76ce9a060d0 sabotage d95cffab4f81fec5 MOVED
owed gmm-sample/base model: production c4a997dc3ae320a2 sabotage 0c00d2ed45b423bc MOVED
owed gmm-sample/denormal infer: production e50606c37c34da5a sabotage 005e2b431846e8f1 MOVED
owed gmm-sample/denormal model: production 8b5297c12a121af0 sabotage 91ded1d8fd8ff6a2 MOVED
owed gmm-sample/denormal_ftz infer: production e50606c37c34da5a sabotage 005e2b431846e8f1 MOVED
owed gmm-sample/denormal_ftz model: production 8b5297c12a121af0 sabotage 91ded1d8fd8ff6a2 MOVED
owed gmm-sample/dupes infer: production e3cad76ce9a060d0 sabotage d95cffab4f81fec5 MOVED
owed gmm-sample/dupes model: production c4a997dc3ae320a2 sabotage 0c00d2ed45b423bc MOVED
owed gmm-sample/hashed infer: production 142ecc9ea938b11f sabotage 018736aa2fd7a210 MOVED
owed gmm-sample/hashed model: production c48e15de1d19c992 sabotage 26e717942ca2cbe9 MOVED
owed gmm-sample/negative infer: production 3a34ddfeecac9dc9 sabotage 7640fc0458524a00 MOVED
owed gmm-sample/negative model: production 089dc6043d91ad45 sabotage caab3817b78e8176 MOVED
owed gmm-sample/odd infer: production e0258bef7ebd4e21 sabotage 858302e69a1a82ad MOVED
owed gmm-sample/odd model: production 3789c99cf21ba8fd sabotage e9bd98d555b0f0e4 MOVED
owed gmm-sample/ties infer: production aa785d8205811e0f sabotage 9b8cc401aad0696d MOVED
owed gmm-sample/ties model: production fa63a34d1b2e5088 sabotage e3567019afdcf8b2 MOVED
owed gmm-sample/wide infer: production db69f4fbabda0294 sabotage 156389771f6ef3a9 MOVED
owed gmm-sample/wide model: production e388ab98305cfc62 sabotage 0e6389be58245ab3 MOVED
owed gp-sample-y-normalize/base infer: production 0c4beaeb3b1aeb90 sabotage 6b82af601b0adc8b MOVED
owed gp-sample-y-normalize/base model: production 988bc1c3b51246a4 sabotage 64f422e68cba83a8 MOVED
owed gp-sample-y-normalize/denormal infer: production d83e1344b5034607 sabotage 4dfea0e75d850c9b MOVED
owed gp-sample-y-normalize/denormal model: production 7838eff1539fb489 sabotage da9e8f2cffd8b0bb MOVED
owed gp-sample-y-normalize/denormal_ftz infer: production d83e1344b5034607 sabotage 4dfea0e75d850c9b MOVED
owed gp-sample-y-normalize/denormal_ftz model: production 5f20cf42422bf2e9 sabotage 2850ba9637228ae0 MOVED
owed gp-sample-y-normalize/dupes infer: production 64889722931adde7 sabotage bdb29f021c93dcf9 MOVED
owed gp-sample-y-normalize/dupes model: production db1cd41ce6fd1b37 sabotage 8ba30f3abc84b63a MOVED
owed gp-sample-y-normalize/hashed infer: production c0c2a3bec4606a09 sabotage b7f350a61edb3e85 MOVED
owed gp-sample-y-normalize/hashed model: production 78eb0a3ce16ce7c5 sabotage a2bbc10e60c068ff MOVED
owed gp-sample-y-normalize/negative infer: production de0542b579ff2843 sabotage 9ec234c851663079 MOVED
owed gp-sample-y-normalize/negative model: production f8b1eb8570f5e01b sabotage e9b9bab47138c567 MOVED
owed gp-sample-y-normalize/odd infer: production 1ed38e7596ec035d sabotage 883ddedd7af0d531 MOVED
owed gp-sample-y-normalize/odd model: production 767941378d3c368a sabotage 95fd91308ef63851 MOVED
owed gp-sample-y-normalize/ties infer: production 37a77ee22082dc29 sabotage e027031ed45b0a8a MOVED
owed gp-sample-y-normalize/ties model: production 4af86e76b34e092c sabotage 288018b455b2130a MOVED
owed gp-sample-y-normalize/wide infer: production 296d00db02a3dc55 sabotage 22fea7e857d40dcb MOVED
owed gp-sample-y-normalize/wide model: production 7aaddfff81162cc0 sabotage fd59489103228fc1 MOVED
owed gp-sample-y/base infer: production b7cef1a89e642972 sabotage 9462337d24b65264 MOVED
owed gp-sample-y/base model: production 8f4a54a0bd816175 sabotage f7db3402cc8897cf MOVED
owed gp-sample-y/denormal infer: production 41aae3173e5800f3 sabotage 966f537e0f7d5d87 MOVED
owed gp-sample-y/denormal model: production e2e8bcc686c2be72 sabotage 5f4c402cdb4b13d1 MOVED
owed gp-sample-y/denormal_ftz infer: production 41aae3173e5800f3 sabotage 966f537e0f7d5d87 MOVED
owed gp-sample-y/denormal_ftz model: production 4dbb90dfe4b757ae sabotage 75aea66abbcc0057 MOVED
owed gp-sample-y/dupes infer: production 1ecf65597b149dc3 sabotage cc109f64c5ee81de MOVED
owed gp-sample-y/dupes model: production 0eca938df7a74371 sabotage 7d0455dd26768cfd MOVED
owed gp-sample-y/hashed infer: production 1512a8f232028314 sabotage a9b65ada50af2e08 MOVED
owed gp-sample-y/hashed model: production e313387e268603e1 sabotage 64b9a4917ddd4713 MOVED
owed gp-sample-y/negative infer: production 4adb5317401462a1 sabotage 7be986534146333e MOVED
owed gp-sample-y/negative model: production adc071acad296182 sabotage 888eb631876e352b MOVED
owed gp-sample-y/odd infer: production 88b3eef5cfb3f1e8 sabotage e054b835c9e607cf MOVED
owed gp-sample-y/odd model: production b5496b305f465a2e sabotage 7b48474a01cf1c39 MOVED
owed gp-sample-y/ties infer: production 0811d434a92222cc sabotage bfa8c2511f846320 MOVED
owed gp-sample-y/ties model: production 5a2f8a826a1aab15 sabotage 395663fc6ff27a49 MOVED
owed gp-sample-y/wide infer: production eb0dc965d1fb9854 sabotage 8cd47b3598650d83 MOVED
owed gp-sample-y/wide model: production 6de1e70ad300db07 sabotage 661aef3fd227e293 MOVED
owed tokenizer/base infer: production 1939b74da0333639 sabotage 4bec413bce4c1597 MOVED
owed tokenizer/base batch: production 6e235476cc31241f sabotage 54dbcc73f9b214e0 MOVED
owed tokenizer/denormal infer: production e881084e86e9c718 sabotage b667c4cb1f0b2319 MOVED
owed tokenizer/denormal batch: production 52a4b46c6638283e sabotage d2aeb5e86d087908 MOVED
owed tokenizer/denormal_ftz infer: production 0ce2094be5609967 sabotage 68693a34296e6a1d MOVED
owed tokenizer/denormal_ftz batch: production ed742c6961610923 sabotage a8effeeb8268bdc3 MOVED
owed tokenizer/dupes infer: production 5315d2de648bc57b sabotage 7c980118bc464c5c MOVED
owed tokenizer/dupes batch: production b3db5e08a72d5afc sabotage 225efd6e83196894 MOVED
owed tokenizer/hashed infer: production 471b06ab4e24044f sabotage 26a404942548a5ff MOVED
owed tokenizer/hashed batch: production 0a2474e3f79bd1c9 sabotage a6171c088a42aba2 MOVED
owed tokenizer/negative infer: production 2188bf1646406ed2 sabotage 82628ed3422d8ad5 MOVED
owed tokenizer/negative batch: production b680bde5e6e8d3c8 sabotage 12d5dea685216316 MOVED
owed tokenizer/odd infer: production 1939b74da0333639 sabotage 4bec413bce4c1597 MOVED
owed tokenizer/odd batch: production 428ccb5ef4e44ab4 sabotage 4da32467a812901e MOVED
owed tokenizer/ties infer: production 3b5edfe0d355b03e sabotage b4997614d6879154 MOVED
owed tokenizer/ties batch: production 48f42ce5bfd939ae sabotage 4e17f982ec8a49e1 MOVED
owed tokenizer/wide infer: production c4af8e403d8a4ff5 sabotage 2f27a19f8fea5b93 MOVED
owed tokenizer/wide batch: production 023683c8a469bd0b sabotage 3fba878431b331fa MOVED
owed verdict OK (189 of 189 owed cell part(s) moved, 0 failure(s))
