2906 external/tcmalloc+/tcmalloc/internal/system_allocator.h:713] Warning: Unable to mbind memory (errno=1, base=0x7869c0000000, nodemask=2)
{"event": "setup", "schema": "mojolearn.lm-step-memory-probe.v3", "shape": {"batch": 1, "length": 2048, "d_model": 768, "n_heads": 12, "n_kv": 12, "head_dim": 64, "intermediate": 2048, "n_layers": 12, "vocab_size": 50257}, "profile": "mojolearn.byte-lm.b1-l2048-d768-h12-kv12-hd64-ff2048-v50257-blocks12.fp32.v3", "parameters": 162147840, "n_tensors": 110, "tokens_per_step": 2048, "seed": 93261, "budget_seconds": 300.0, "resident": true, "step_result": "lean", "witness_every_step": false, "witness_source": "export_gradients(named=False) + export_state() once after the last untimed step", "corpus": {"path": "training/corpus/enwik8/input.txt", "sha256": "2b49720ec4d78c3c9fabaee6e4179a5e997302b3a70029f30f2d582218c024a8", "manifest_sha256": "c65094a4d6a494d2882d972c20138015b4a258b310d662d4be05fb7ba2e9b423", "bytes": 100000000, "source_url": "http://mattmahoney.net/dc/enwik8.zip", "schedule": "step k row b: bytes[(k*batch*length + b*length) % (bytes - length - 1) : +length+1] as int32; targets shifted one byte"}, "attention_arm": "stash_tiled", "gemm_arm": null, "attention_arm_requested": "stash_tiled", "gemm_arm_requested": null, "attention_path_requested": null, "numeric_mode_env": "identical", "runtime": {"binding_file": "/root/mojolearn/python/mojolearn/identical/_mojolearn_byte_lm.so", "binding_sha256": "6f877758448e32f57ebf46963ac50ebb3c1253cf073e324408e2d2a941f21a13", "native_numeric_mode": 1, "native_profile": "mojolearn.byte-lm.b2-l32-d32-h4-kv2-ff64-v256-blocks2.fp32.v1", "native_vendor": "cuda", "source_scope": "available direct source files; binding SHA identifies the compiled artifact", "source_sha256": {"bindings/_mojolearn_byte_lm.mojo": "e10db165cfc590da558325ef892ea076e2ea6d4a0c57b3f684dc240c0d1d8852", "loaded_python_wrapper": "768d45912dff00d1079b6cdd01bb74c38d1bcf1d2db96f8236f0d59938ff5697", "python/mojolearn/_byte_lm_config.py": "440ca11e33cfed741c8a812a8dac74ad4e938ab8e16f84ed2af5b61d3fbe56b8", "python/mojolearn/_byte_lm_impl.py": "768d45912dff00d1079b6cdd01bb74c38d1bcf1d2db96f8236f0d59938ff5697", "python/mojolearn/language_model.py": "ad7fab7986e790cf0962e1cad316f586b1cec474f54c73619b7eb08da9530533", "training/byte_lm.mojo": "1f02bbaf31e13057010c959feacea545dd91b0a41a1bb4c35f7301c3e7426204", "training/byte_lm_config.mojo": "a620c17cff6cbe5f96097609105acf774a732b72aa118d342bfbbe5e084d8606"}, "schema": "small-byte-lm.run-metadata.v1", "qualification": "authored/unqualified", "profile": "mojolearn.byte-lm.b1-l2048-d768-h12-kv12-hd64-ff2048-v50257-blocks12.fp32.v3", "device_state_lifetime": "resident", "step_result": "lean", "last_export_step": 0, "config": {"lr": 0.0010000000474974513, "beta1": 0.8999999761581421, "beta2": 0.9990000128746033, "eps": 9.99999993922529e-09, "weight_decay": 0.009999999776482582, "kind": 2, "momentum": 0.0, "dampening": 0.0, "nesterov": false, "max_norm": 0.0}, "data_schedule": {"batches": "pinned corpus 2b49720ec4d78c3c9fabaee6e4179a5e997302b3a70029f30f2d582218c024a8", "fixture": "lm step memory probe", "seed": 93261}, "completed_steps": 0, "next_batch_index": 0}, "initial_parameters_sha256": "0e36d8d036d8c4cf9704babd096061006e48071187c793c6ee471e05b449572e", "host_before_first_call": {"vm_rss_bytes": 2749952000, "vm_hwm_bytes": 3396734976, "ru_maxrss_bytes": 3396734976, "boundary": "process host memory (Python + native + pinned staging); not device memory"}, "device_tool": "nvidia-smi", "qualification": "complete-step probe at the named shape; not an opponent ratio, not a default gate", "t": 1789136609.5287807}
{"event": "step_start", "step": 1, "first_call_includes_setup": true, "ids_sha256": "c9cfaa8fb1358fb7f7b5a53eebd59b9abd169288153d3a4099b30d6703b5fef3", "t": 1789136609.5291152}
2906 external/tcmalloc+/tcmalloc/internal/system_allocator.h:713] Warning: Unable to mbind memory (errno=1, base=0x786a00000000, nodemask=2)
2906 external/tcmalloc+/tcmalloc/internal/system_allocator.h:713] Warning: Unable to mbind memory (errno=1, base=0x786a40000000, nodemask=2)
{"event": "step_end", "step": 1, "seconds": 11.57211110368371, "tokens_per_second": 176.97721544931133, "first_call_includes_setup": true, "timing_boundary": "public train_step call; native binding synchronizes the context before publishing outputs; includes host readbacks, validation and gradient copies", "step_result": "lean", "witnessed": false, "witness_export_seconds": null, "loss": 10.903326034545898, "sha256": {"loss": "a39d1a773245b9bb9f5a25aac121f308d875d0f0a5a7d827bc21552112023c71"}, "completed_steps": 1, "host": {"vm_rss_bytes": 2362294272, "vm_hwm_bytes": 8192094208, "ru_maxrss_bytes": 8192094208, "boundary": "process host memory (Python + native + pinned staging); not device memory"}, "device": {"tool": "nvidia-smi", "peak_process_bytes": 14541651968, "peak_device_bytes": 14553186304, "device_total_bytes": 85520809984, "sample_interval_seconds": 0.2, "samples_total": 30, "errors_total": 0, "boundary": "vendor tool polled at the interval; peaks shorter than one interval are missed; device-wide used memory includes other processes; torch.cuda allocator statistics do not cover Mojo allocations and are not used"}, "t": 1789136621.101516}
{"event": "final_witness", "step": 1, "completed_steps": 1, "sha256": {"gradients": "01d5fa4ae0299bbbd2de8f47d6d0d1e3c525c57b13cfa0244b130a7d7bb813f7", "parameters": "84f96dc296e50b8cea15b54787e7fbede994b0730ee5d3ed86c620cf539c05c9", "m": "b3fafccc62a0feab9ae135d3053054ea3ea8b131bbb0247959d212e13c727c0c", "v": "ae18e62bdf7a1dab7177ff4af00bf7d185845716e1af365e0bc52e362666a8f6", "flags": "360d579dbd14759b41afdf7fb5e80c0101e15150ae401d59f92a1e32d129f7cb"}, "export_seconds": 12.476797591894865, "source": "export_gradients(named=False) + export_state() once after the last untimed step", "t": 1789136633.5787656}
{"event": "component_timing_step_start", "note": "MOJOLEARN_TRANSFORMER_TIMING=1; not a timing sample", "t": 1789136633.5792837}
timing step.py_tokens 0.2314634621143341 ms
timing step.py_tokens_bytes 8196 bytes
timing step.bind_scalar_admission 0.005213 ms
timing step.upload_inputs 0.106732 ms
timing step.upload_inputs_bytes 16384 bytes
timing step.unpack_weights 1.127336 ms
timing step.unpack_weights_bytes 648591360 bytes
timing step.embedding_forward 0.041029 ms
timing block.norm1 0.294668 ms
timing attn.qkv_proj 0.829681 ms
timing attn.rope_and_cache 0.120092 ms
timing attn.fwd_regime_scan 0.070202 ms
timing attn.fwd_scratch_alloc 0.012838 ms
timing attn.fwd_sstash_kernel 3.073777 ms
timing attn.fwd_corner_flag 0.013802 ms
timing attn.core 3.176928 ms
timing attn.o_proj 0.285311 ms
timing block.attention_total 4.416366 ms
timing block.mlp_and_residuals 2.19866 ms
timing block.norm1 0.29039 ms
timing attn.qkv_proj 0.819082 ms
timing attn.rope_and_cache 0.098933 ms
timing attn.fwd_regime_scan 0.064394 ms
timing attn.fwd_scratch_alloc 0.006912 ms
timing attn.fwd_sstash_kernel 3.071901 ms
timing attn.fwd_corner_flag 0.011863 ms
timing attn.core 3.158457 ms
timing attn.o_proj 0.28482 ms
timing block.attention_total 4.364395 ms
timing block.mlp_and_residuals 2.185999 ms
timing block.norm1 0.286673 ms
timing attn.qkv_proj 0.817175 ms
timing attn.rope_and_cache 0.100502 ms
timing attn.fwd_regime_scan 0.064609 ms
timing attn.fwd_scratch_alloc 0.006781 ms
timing attn.fwd_sstash_kernel 3.071958 ms
timing attn.fwd_corner_flag 0.0116 ms
timing attn.core 3.158236 ms
timing attn.o_proj 0.284446 ms
timing block.attention_total 4.363445 ms
timing block.mlp_and_residuals 2.195278 ms
timing block.norm1 0.288375 ms
timing attn.qkv_proj 0.821452 ms
timing attn.rope_and_cache 0.098647 ms
timing attn.fwd_regime_scan 0.064541 ms
timing attn.fwd_scratch_alloc 0.006948 ms
timing attn.fwd_sstash_kernel 3.06561 ms
timing attn.fwd_corner_flag 0.012229 ms
timing attn.core 3.152393 ms
timing attn.o_proj 0.283986 ms
timing block.attention_total 4.359044 ms
timing block.mlp_and_residuals 2.191026 ms
timing block.norm1 0.293673 ms
timing attn.qkv_proj 0.823366 ms
timing attn.rope_and_cache 0.099662 ms
timing attn.fwd_regime_scan 0.065438 ms
timing attn.fwd_scratch_alloc 0.006594 ms
timing attn.fwd_sstash_kernel 3.089912 ms
timing attn.fwd_corner_flag 0.022681 ms
timing attn.core 3.187785 ms
timing attn.o_proj 0.284461 ms
timing block.attention_total 4.397777 ms
timing block.mlp_and_residuals 2.181191 ms
timing block.norm1 0.284796 ms
timing attn.qkv_proj 0.818471 ms
timing attn.rope_and_cache 0.099101 ms
timing attn.fwd_regime_scan 0.065275 ms
timing attn.fwd_scratch_alloc 0.006504 ms
timing attn.fwd_sstash_kernel 3.093661 ms
timing attn.fwd_corner_flag 0.011944 ms
timing attn.core 3.180368 ms
timing attn.o_proj 0.284592 ms
timing block.attention_total 4.38553 ms
timing block.mlp_and_residuals 2.186501 ms
timing block.norm1 0.285432 ms
timing attn.qkv_proj 0.816381 ms
timing attn.rope_and_cache 0.099937 ms
timing attn.fwd_regime_scan 0.065325 ms
timing attn.fwd_scratch_alloc 0.007363 ms
timing attn.fwd_sstash_kernel 3.079027 ms
timing attn.fwd_corner_flag 0.013583 ms
timing attn.core 3.16818 ms
timing attn.o_proj 0.288295 ms
timing block.attention_total 4.375786 ms
timing block.mlp_and_residuals 2.17715 ms
timing block.norm1 0.279128 ms
timing attn.qkv_proj 0.818645 ms
timing attn.rope_and_cache 0.099891 ms
timing attn.fwd_regime_scan 0.064509 ms
timing attn.fwd_scratch_alloc 0.006796 ms
timing attn.fwd_sstash_kernel 3.085918 ms
timing attn.fwd_corner_flag 0.011884 ms
timing attn.core 3.171925 ms
timing attn.o_proj 0.289347 ms
timing block.attention_total 4.38272 ms
timing block.mlp_and_residuals 2.187185 ms
timing block.norm1 0.287998 ms
timing attn.qkv_proj 0.820478 ms
timing attn.rope_and_cache 0.09967 ms
timing attn.fwd_regime_scan 0.064203 ms
timing attn.fwd_scratch_alloc 0.006556 ms
timing attn.fwd_sstash_kernel 3.082334 ms
timing attn.fwd_corner_flag 0.01262 ms
timing attn.core 3.168831 ms
timing attn.o_proj 0.285122 ms
timing block.attention_total 4.377164 ms
timing block.mlp_and_residuals 2.181362 ms
timing block.norm1 0.287365 ms
timing attn.qkv_proj 0.823015 ms
timing attn.rope_and_cache 0.098487 ms
timing attn.fwd_regime_scan 0.065031 ms
timing attn.fwd_scratch_alloc 0.006552 ms
timing attn.fwd_sstash_kernel 3.084448 ms
timing attn.fwd_corner_flag 0.011587 ms
timing attn.core 3.170567 ms
timing attn.o_proj 0.284762 ms
timing block.attention_total 4.379295 ms
timing block.mlp_and_residuals 2.194767 ms
timing block.norm1 0.291637 ms
timing attn.qkv_proj 0.818068 ms
timing attn.rope_and_cache 0.099791 ms
timing attn.fwd_regime_scan 0.064384 ms
timing attn.fwd_scratch_alloc 0.006601 ms
timing attn.fwd_sstash_kernel 3.085646 ms
timing attn.fwd_corner_flag 0.072681 ms
timing attn.core 3.23382 ms
timing attn.o_proj 0.302406 ms
timing block.attention_total 4.457296 ms
timing block.mlp_and_residuals 2.20879 ms
timing block.norm1 0.297293 ms
timing attn.qkv_proj 0.823042 ms
timing attn.rope_and_cache 0.122459 ms
timing attn.fwd_regime_scan 0.067806 ms
timing attn.fwd_scratch_alloc 0.014865 ms
timing attn.fwd_sstash_kernel 3.07581 ms
timing attn.fwd_corner_flag 0.012023 ms
timing attn.core 3.174414 ms
timing attn.o_proj 0.286276 ms
timing block.attention_total 4.408795 ms
timing block.mlp_and_residuals 2.184243 ms
timing envelope.blocks_forward 82.450192 ms
timing step.head_forward 13.889008 ms
timing step.ce_refuse_scan 0.373362 ms
timing step.ce_refuse_scan_bytes 411705344 bytes
timing step.ce_refuse_scan_download_bytes 8192 bytes
timing step.ce_forward 1.704228 ms
timing step.loss_download 0.012714 ms
timing step.loss_download_bytes 4 bytes
timing step.ce_backward 0.982453 ms
timing step.head_backward_da 18.385018 ms
timing step.head_backward_db 14.0061 ms
timing bwd.before_attention 0.000539 ms
timing attn.bwd_regime_scan 0.094961 ms
timing attn.bwd_scratch_alloc 0.007992 ms
timing attn.bwd_zdot_stash 7.484625 ms
timing attn.bwd_dq_tiled 1.287477 ms
timing attn.bwd_dkdv_tiled 1.571531 ms
timing attn.bwd_corner_flag 0.013299 ms
timing bwd.attention 10.465808 ms
timing bwd.after_attention 3.3599 ms
timing bwd.before_attention 0.000562 ms
timing attn.bwd_regime_scan 0.093135 ms
timing attn.bwd_scratch_alloc 0.006676 ms
timing attn.bwd_zdot_stash 7.4908 ms
timing attn.bwd_dq_tiled 1.275648 ms
timing attn.bwd_dkdv_tiled 1.539463 ms
timing attn.bwd_corner_flag 0.017954 ms
timing bwd.attention 10.427636 ms
timing bwd.after_attention 3.347486 ms
timing bwd.before_attention 0.000548 ms
timing attn.bwd_regime_scan 0.093907 ms
timing attn.bwd_scratch_alloc 0.006776 ms
timing attn.bwd_zdot_stash 7.47685 ms
timing attn.bwd_dq_tiled 1.283254 ms
timing attn.bwd_dkdv_tiled 1.593927 ms
timing attn.bwd_corner_flag 0.012837 ms
timing bwd.attention 10.471436 ms
timing bwd.after_attention 3.347804 ms
timing bwd.before_attention 0.000518 ms
timing attn.bwd_regime_scan 0.094033 ms
timing attn.bwd_scratch_alloc 0.006743 ms
timing attn.bwd_zdot_stash 7.492724 ms
timing attn.bwd_dq_tiled 1.279756 ms
timing attn.bwd_dkdv_tiled 1.5748 ms
timing attn.bwd_corner_flag 0.012375 ms
timing bwd.attention 10.464036 ms
timing bwd.after_attention 3.344561 ms
timing bwd.before_attention 0.000539 ms
timing attn.bwd_regime_scan 0.093796 ms
timing attn.bwd_scratch_alloc 0.006547 ms
timing attn.bwd_zdot_stash 7.488195 ms
timing attn.bwd_dq_tiled 1.265221 ms
timing attn.bwd_dkdv_tiled 1.484058 ms
timing attn.bwd_corner_flag 0.012561 ms
timing bwd.attention 10.354101 ms
timing bwd.after_attention 3.346809 ms
timing bwd.before_attention 0.000525 ms
timing attn.bwd_regime_scan 0.093188 ms
timing attn.bwd_scratch_alloc 0.006747 ms
timing attn.bwd_zdot_stash 7.488731 ms
timing attn.bwd_dq_tiled 1.286049 ms
timing attn.bwd_dkdv_tiled 1.581453 ms
timing attn.bwd_corner_flag 0.012586 ms
timing bwd.attention 10.472498 ms
timing bwd.after_attention 3.347015 ms
timing bwd.before_attention 0.000565 ms
timing attn.bwd_regime_scan 0.093401 ms
timing attn.bwd_scratch_alloc 0.006436 ms
timing attn.bwd_zdot_stash 7.484527 ms
timing attn.bwd_dq_tiled 1.294292 ms
timing attn.bwd_dkdv_tiled 1.566374 ms
timing attn.bwd_corner_flag 0.012755 ms
timing bwd.attention 10.461454 ms
timing bwd.after_attention 3.345758 ms
timing bwd.before_attention 0.000561 ms
timing attn.bwd_regime_scan 0.09296 ms
timing attn.bwd_scratch_alloc 0.006891 ms
timing attn.bwd_zdot_stash 7.475175 ms
timing attn.bwd_dq_tiled 1.284551 ms
timing attn.bwd_dkdv_tiled 1.591062 ms
timing attn.bwd_corner_flag 0.012722 ms
timing bwd.attention 10.4674 ms
timing bwd.after_attention 3.347593 ms
timing bwd.before_attention 0.000529 ms
timing attn.bwd_regime_scan 0.094464 ms
timing attn.bwd_scratch_alloc 0.006377 ms
timing attn.bwd_zdot_stash 7.480322 ms
timing attn.bwd_dq_tiled 1.273806 ms
timing attn.bwd_dkdv_tiled 1.572157 ms
timing attn.bwd_corner_flag 0.012619 ms
timing bwd.attention 10.443955 ms
timing bwd.after_attention 3.345128 ms
timing bwd.before_attention 0.000551 ms
timing attn.bwd_regime_scan 0.100402 ms
timing attn.bwd_scratch_alloc 0.007139 ms
timing attn.bwd_zdot_stash 7.461938 ms
timing attn.bwd_dq_tiled 1.295533 ms
timing attn.bwd_dkdv_tiled 1.627242 ms
timing attn.bwd_corner_flag 0.013211 ms
timing bwd.attention 10.509049 ms
timing bwd.after_attention 3.349238 ms
timing bwd.before_attention 0.000561 ms
timing attn.bwd_regime_scan 0.095031 ms
timing attn.bwd_scratch_alloc 0.006546 ms
timing attn.bwd_zdot_stash 7.490824 ms
timing attn.bwd_dq_tiled 1.299399 ms
timing attn.bwd_dkdv_tiled 1.589083 ms
timing attn.bwd_corner_flag 0.012538 ms
timing bwd.attention 10.497068 ms
timing bwd.after_attention 3.345777 ms
timing bwd.before_attention 0.000553 ms
timing attn.bwd_regime_scan 0.094864 ms
timing attn.bwd_scratch_alloc 0.006851 ms
timing attn.bwd_zdot_stash 7.475909 ms
timing attn.bwd_dq_tiled 1.28637 ms
timing attn.bwd_dkdv_tiled 1.519385 ms
timing attn.bwd_corner_flag 0.012403 ms
timing bwd.attention 10.400081 ms
timing bwd.after_attention 3.350279 ms
timing envelope.blocks_backward 234.406154 ms
timing step.embedding_backward 2.520496 ms
timing step.pack_grads 1.103526 ms
timing step.pack_grads_bytes 648591360 bytes
timing step.validate_grads_scan 0.550658 ms
timing step.validate_grads_scan_bytes 648591360 bytes
timing step.shadow_copy 2.304515 ms
timing step.shadow_copy_bytes 1945774080 bytes
timing step.opt_refuse_scan 2.132518 ms
timing step.opt_refuse_scan_bytes 2594365440 bytes
timing step.opt_refuse_scan_download_bytes 0 bytes
timing step.optimizer 1.701895 ms
timing step.validate_after_scan 2.132938 ms
timing step.validate_after_scan_bytes 2594365440 bytes
timing step.bind_final_sync 0.000787 ms
timing step.bind_publish 0.005786 ms
timing step.bind_publish_bytes 444 bytes
timing envelope.native_call 380.20285591483116 ms
timing step.py_flags 0.2032928168773651 ms
timing step.py_flags_bytes 440 bytes
{"event": "component_timing_step_end", "seconds": 0.38078082725405693, "t": 1789136633.960334}
