{"event": "setup", "schema": "mojolearn.lm-step-memory-probe.v3", "shape": {"batch": 1, "length": 2048, "d_model": 768, "n_heads": 12, "n_kv": 12, "head_dim": 64, "intermediate": 2048, "n_layers": 12, "vocab_size": 50257}, "profile": "mojolearn.byte-lm.b1-l2048-d768-h12-kv12-hd64-ff2048-v50257-blocks12.fp32.v3", "parameters": 162147840, "n_tensors": 110, "tokens_per_step": 2048, "seed": 93261, "budget_seconds": 300.0, "resident": true, "step_result": "lean", "witness_every_step": false, "witness_source": "export_gradients(named=False) + export_state() once after the last untimed step", "corpus": {"path": "training/corpus/enwik8/input.txt", "sha256": "2b49720ec4d78c3c9fabaee6e4179a5e997302b3a70029f30f2d582218c024a8", "manifest_sha256": "c65094a4d6a494d2882d972c20138015b4a258b310d662d4be05fb7ba2e9b423", "bytes": 100000000, "source_url": "http://mattmahoney.net/dc/enwik8.zip", "schedule": "step k row b: bytes[(k*batch*length + b*length) % (bytes - length - 1) : +length+1] as int32; targets shifted one byte"}, "attention_arm": null, "gemm_arm": "ksplit", "attention_arm_requested": null, "gemm_arm_requested": "ksplit", "attention_path_requested": null, "numeric_mode_env": "identical", "runtime": {"binding_file": "/root/mojolearn/python/mojolearn/identical/_mojolearn_byte_lm.so", "binding_sha256": "3a1853e88672f7dc729067a0ad889f53046a9990509eecd47b28877184865794", "native_numeric_mode": 1, "native_profile": "mojolearn.byte-lm.b2-l32-d32-h4-kv2-ff64-v256-blocks2.fp32.v1", "native_vendor": "hip", "source_scope": "available direct source files; binding SHA identifies the compiled artifact", "source_sha256": {"bindings/_mojolearn_byte_lm.mojo": "e10db165cfc590da558325ef892ea076e2ea6d4a0c57b3f684dc240c0d1d8852", "loaded_python_wrapper": "768d45912dff00d1079b6cdd01bb74c38d1bcf1d2db96f8236f0d59938ff5697", "python/mojolearn/_byte_lm_config.py": "440ca11e33cfed741c8a812a8dac74ad4e938ab8e16f84ed2af5b61d3fbe56b8", "python/mojolearn/_byte_lm_impl.py": "768d45912dff00d1079b6cdd01bb74c38d1bcf1d2db96f8236f0d59938ff5697", "python/mojolearn/language_model.py": "ad7fab7986e790cf0962e1cad316f586b1cec474f54c73619b7eb08da9530533", "training/byte_lm.mojo": "1f02bbaf31e13057010c959feacea545dd91b0a41a1bb4c35f7301c3e7426204", "training/byte_lm_config.mojo": "a620c17cff6cbe5f96097609105acf774a732b72aa118d342bfbbe5e084d8606"}, "schema": "small-byte-lm.run-metadata.v1", "qualification": "authored/unqualified", "profile": "mojolearn.byte-lm.b1-l2048-d768-h12-kv12-hd64-ff2048-v50257-blocks12.fp32.v3", "device_state_lifetime": "resident", "step_result": "lean", "last_export_step": 0, "config": {"lr": 0.0010000000474974513, "beta1": 0.8999999761581421, "beta2": 0.9990000128746033, "eps": 9.99999993922529e-09, "weight_decay": 0.009999999776482582, "kind": 2, "momentum": 0.0, "dampening": 0.0, "nesterov": false, "max_norm": 0.0}, "data_schedule": {"batches": "pinned corpus 2b49720ec4d78c3c9fabaee6e4179a5e997302b3a70029f30f2d582218c024a8", "fixture": "lm step memory probe", "seed": 93261}, "completed_steps": 0, "next_batch_index": 0}, "initial_parameters_sha256": "0e36d8d036d8c4cf9704babd096061006e48071187c793c6ee471e05b449572e", "host_before_first_call": {"vm_rss_bytes": 2747572224, "vm_hwm_bytes": 3395887104, "ru_maxrss_bytes": 3395887104, "boundary": "process host memory (Python + native + pinned staging); not device memory"}, "device_tool": "rocm-smi", "qualification": "complete-step probe at the named shape; not an opponent ratio, not a default gate", "t": 1789146012.0396216}
{"event": "step_start", "step": 1, "first_call_includes_setup": true, "ids_sha256": "c9cfaa8fb1358fb7f7b5a53eebd59b9abd169288153d3a4099b30d6703b5fef3", "t": 1789146012.0399206}
{"event": "step_end", "step": 1, "seconds": 14.26885246400002, "tokens_per_second": 143.52941171457593, "first_call_includes_setup": true, "timing_boundary": "public train_step call; native binding synchronizes the context before publishing outputs; includes host readbacks, validation and gradient copies", "step_result": "lean", "witnessed": false, "witness_export_seconds": null, "loss": 10.903326034545898, "sha256": {"loss": "a39d1a773245b9bb9f5a25aac121f308d875d0f0a5a7d827bc21552112023c71"}, "completed_steps": 1, "host": {"vm_rss_bytes": 2915450880, "vm_hwm_bytes": 8746520576, "ru_maxrss_bytes": 8746520576, "boundary": "process host memory (Python + native + pinned staging); not device memory"}, "device": {"tool": "rocm-smi", "peak_process_bytes": "unavailable", "peak_device_bytes": 192744284160, "device_total_bytes": 205822885888, "sample_interval_seconds": 0.2, "samples_total": 32, "errors_total": 0, "boundary": "vendor tool polled at the interval; peaks shorter than one interval are missed; device-wide used memory includes other processes; torch.cuda allocator statistics do not cover Mojo allocations and are not used"}, "t": 1789146026.3089774}
{"event": "final_witness", "step": 1, "completed_steps": 1, "sha256": {"gradients": "01d5fa4ae0299bbbd2de8f47d6d0d1e3c525c57b13cfa0244b130a7d7bb813f7", "parameters": "84f96dc296e50b8cea15b54787e7fbede994b0730ee5d3ed86c620cf539c05c9", "m": "b3fafccc62a0feab9ae135d3053054ea3ea8b131bbb0247959d212e13c727c0c", "v": "ae18e62bdf7a1dab7177ff4af00bf7d185845716e1af365e0bc52e362666a8f6", "flags": "360d579dbd14759b41afdf7fb5e80c0101e15150ae401d59f92a1e32d129f7cb"}, "export_seconds": 13.13929289500004, "source": "export_gradients(named=False) + export_state() once after the last untimed step", "t": 1789146039.4484797}
{"event": "component_timing_step_start", "note": "MOJOLEARN_TRANSFORMER_TIMING=1; not a timing sample", "t": 1789146039.4487443}
timing step.py_tokens 0.2058359999637105 ms
timing step.py_tokens_bytes 8196 bytes
timing step.bind_scalar_admission 0.008661 ms
timing step.upload_inputs 0.171377 ms
timing step.upload_inputs_bytes 16384 bytes
timing step.unpack_weights 1.152797 ms
timing step.unpack_weights_bytes 648591360 bytes
timing step.embedding_forward 0.077646 ms
timing block.norm1 0.543327 ms
timing attn.qkv_proj 3.052997 ms
timing attn.rope_and_cache 0.100593 ms
timing attn.core 4.887234 ms
timing attn.o_proj 0.883593 ms
timing block.attention_total 8.930715 ms
timing block.mlp_and_residuals 8.219174 ms
timing block.norm1 0.596137 ms
timing attn.qkv_proj 2.623648 ms
timing attn.rope_and_cache 0.089943 ms
timing attn.core 4.732228 ms
timing attn.o_proj 0.884599 ms
timing block.attention_total 8.336331 ms
timing block.mlp_and_residuals 8.167907 ms
timing block.norm1 0.5925 ms
timing attn.qkv_proj 2.581817 ms
timing attn.rope_and_cache 0.089555 ms
timing attn.core 4.753466 ms
timing attn.o_proj 0.883068 ms
timing block.attention_total 8.31289 ms
timing block.mlp_and_residuals 8.161419 ms
timing block.norm1 0.584827 ms
timing attn.qkv_proj 2.597611 ms
timing attn.rope_and_cache 0.08915 ms
timing attn.core 4.746825 ms
timing attn.o_proj 0.877795 ms
timing block.attention_total 8.316169 ms
timing block.mlp_and_residuals 8.086693 ms
timing block.norm1 0.588604 ms
timing attn.qkv_proj 2.591143 ms
timing attn.rope_and_cache 0.088921 ms
timing attn.core 4.755381 ms
timing attn.o_proj 0.878769 ms
timing block.attention_total 8.318862 ms
timing block.mlp_and_residuals 8.097624 ms
timing block.norm1 0.592664 ms
timing attn.qkv_proj 2.584347 ms
timing attn.rope_and_cache 0.089321 ms
timing attn.core 4.761898 ms
timing attn.o_proj 0.882565 ms
timing block.attention_total 8.3293 ms
timing block.mlp_and_residuals 8.201786 ms
timing block.norm1 0.579247 ms
timing attn.qkv_proj 2.600379 ms
timing attn.rope_and_cache 0.089391 ms
timing attn.core 4.747964 ms
timing attn.o_proj 0.883589 ms
timing block.attention_total 8.326397 ms
timing block.mlp_and_residuals 8.210962 ms
timing block.norm1 0.588523 ms
timing attn.qkv_proj 2.587402 ms
timing attn.rope_and_cache 0.091092 ms
timing attn.core 4.711503 ms
timing attn.o_proj 0.889146 ms
timing block.attention_total 8.284082 ms
timing block.mlp_and_residuals 8.15205 ms
timing block.norm1 0.581687 ms
timing attn.qkv_proj 2.57857 ms
timing attn.rope_and_cache 0.09008 ms
timing attn.core 4.715046 ms
timing attn.o_proj 0.875447 ms
timing block.attention_total 8.26417 ms
timing block.mlp_and_residuals 8.098144 ms
timing block.norm1 0.579038 ms
timing attn.qkv_proj 2.594793 ms
timing attn.rope_and_cache 0.100457 ms
timing attn.core 4.748419 ms
timing attn.o_proj 0.874292 ms
timing block.attention_total 8.322627 ms
timing block.mlp_and_residuals 8.143095 ms
timing block.norm1 0.592653 ms
timing attn.qkv_proj 2.61286 ms
timing attn.rope_and_cache 0.088764 ms
timing attn.core 4.723799 ms
timing attn.o_proj 0.884599 ms
timing block.attention_total 8.314552 ms
timing block.mlp_and_residuals 8.200094 ms
timing block.norm1 0.591548 ms
timing attn.qkv_proj 2.608024 ms
timing attn.rope_and_cache 0.088809 ms
timing attn.core 4.731221 ms
timing attn.o_proj 0.893561 ms
timing block.attention_total 8.326421 ms
timing block.mlp_and_residuals 8.141853 ms
timing envelope.blocks_forward 205.330095 ms
timing step.head_forward 55.516673 ms
timing step.ce_refuse_scan 0.444602 ms
timing step.ce_refuse_scan_bytes 411705344 bytes
timing step.ce_refuse_scan_download_bytes 8192 bytes
timing step.ce_forward 1.443254 ms
timing step.loss_download 0.037919 ms
timing step.loss_download_bytes 4 bytes
timing step.ce_backward 0.713551 ms
timing step.head_backward_da 57.7453 ms
timing step.head_backward_db 69.017861 ms
timing bwd.before_attention 0.012404 ms
timing bwd.attention 40.873658 ms
timing bwd.after_attention 6.355595 ms
timing bwd.before_attention 0.011844 ms
timing bwd.attention 40.973265 ms
timing bwd.after_attention 6.353582 ms
timing bwd.before_attention 0.012336 ms
timing bwd.attention 40.773851 ms
timing bwd.after_attention 6.330047 ms
timing bwd.before_attention 0.012287 ms
timing bwd.attention 40.799379 ms
timing bwd.after_attention 6.36102 ms
timing bwd.before_attention 0.011674 ms
timing bwd.attention 40.925083 ms
timing bwd.after_attention 6.333511 ms
timing bwd.before_attention 0.012247 ms
timing bwd.attention 41.005008 ms
timing bwd.after_attention 6.321238 ms
timing bwd.before_attention 0.011507 ms
timing bwd.attention 41.009439 ms
timing bwd.after_attention 6.330161 ms
timing bwd.before_attention 0.011749 ms
timing bwd.attention 40.870413 ms
timing bwd.after_attention 6.43249 ms
timing bwd.before_attention 0.012482 ms
timing bwd.attention 40.826802 ms
timing bwd.after_attention 6.354801 ms
timing bwd.before_attention 0.011489 ms
timing bwd.attention 40.993105 ms
timing bwd.after_attention 6.364379 ms
timing bwd.before_attention 0.011989 ms
timing bwd.attention 40.90981 ms
timing bwd.after_attention 6.325886 ms
timing bwd.before_attention 0.016458 ms
timing bwd.attention 40.948299 ms
timing bwd.after_attention 6.333839 ms
timing envelope.blocks_backward 789.187831 ms
timing step.embedding_backward 8.106632 ms
timing step.pack_grads 1.043816 ms
timing step.pack_grads_bytes 648591360 bytes
timing step.validate_grads_scan 0.596597 ms
timing step.validate_grads_scan_bytes 648591360 bytes
timing step.shadow_copy 1.885032 ms
timing step.shadow_copy_bytes 1945774080 bytes
timing step.opt_refuse_scan 2.456018 ms
timing step.opt_refuse_scan_bytes 2594365440 bytes
timing step.opt_refuse_scan_download_bytes 0 bytes
timing step.optimizer 1.613394 ms
timing step.validate_after_scan 2.565211 ms
timing step.validate_after_scan_bytes 2594365440 bytes
timing step.bind_final_sync 0.001313 ms
timing step.bind_publish 0.004918 ms
timing step.bind_publish_bytes 444 bytes
timing envelope.native_call 1199.3779750000613 ms
timing step.py_flags 0.11903699999038508 ms
timing step.py_flags_bytes 440 bytes
{"event": "component_timing_step_end", "seconds": 1.199834747000068, "t": 1789146040.6486974}
