✨ Pixi task (mamba-grad-m3-l65 in skgpu): oracle=/tmp/mojolearn-mamba3-l65-grad && actual=/tmp/mojolearn-mamba3-l65-actual && mkdir -p $oracle $actual && find $oracle -maxdepth 1 -type f -delete && find $actual -maxdepth 1 -type f -delete && python tools/mamba_gradient_oracle.py --family mamba3 --case m3_base_b1_l65_d64 --out $oracle && MOJOLEARN_MAMBA3_GRAD_CASE=m3_base_b1_l65_d64 MOJOLEARN_MAMBA_GRAD_DUMP=$actual tools/with_identical_mode.sh mojo run -I . mamba/checks/mamba3_backward_tail_dump.mojo && python tools/mamba_gradient_oracle.py --compare $oracle $actual --require-public-prefill
wrote mamba3/m3_base_b1_l65_d64 gradients to /tmp/mojolearn-mamba3-l65-grad
finite-difference worst relative-scale error: 1.587e-09
2177 external/tcmalloc+/tcmalloc/internal/system_allocator.h:713] Warning: Unable to mbind memory (errno=1, base=0x319780000000, nodemask=1)
Imported from /root/mojolearn/mamba/checks/mamba3_backward_tail_dump.mojo:10:
/root/mojolearn/core/identity_trace.mojo:248:14: warning: 'UnsafePointer' is deprecated, use 'Pointer' instead
        raw: UnsafePointer[UInt8, o],
             ^~~~~~~~~~~~~
             Pointer
<unknown>:0: note: 'UnsafePointer' declared here
Imported from /root/mojolearn/mamba/checks/mamba3_backward_tail_dump.mojo:10:
/root/mojolearn/core/identity_trace.mojo:362:14: warning: 'bitcast' is deprecated, use 'unsafe_bitcast' instead
            p.bitcast[UInt8](),
            ~^~~~~~~~
              unsafe_bitcast
<unknown>:0: note: 'bitcast' declared here
Imported from /root/mojolearn/mamba/checks/mamba3_backward_tail_dump.mojo:10:
/root/mojolearn/core/identity_trace.mojo:103:22: warning: 'UnsafePointer' is deprecated, use 'Pointer' instead
](seed: UInt64, ptr: UnsafePointer[UInt8, o], n: Int) -> UInt64:
                     ^~~~~~~~~~~~~
                     Pointer
<unknown>:0: note: 'UnsafePointer' declared here
Imported from /root/mojolearn/mamba/checks/mamba3_backward_tail_dump.mojo:10:
/root/mojolearn/core/identity_trace.mojo:376:14: warning: 'UnsafePointer' is deprecated, use 'Pointer' instead
        ptr: UnsafePointer[Scalar[dt], o],
             ^~~~~~~~~~~~~
             Pointer
<unknown>:0: note: 'UnsafePointer' declared here
Imported from /root/mojolearn/mamba/checks/mamba3_backward_tail_dump.mojo:10:
/root/mojolearn/core/identity_trace.mojo:386:16: warning: 'bitcast' is deprecated, use 'unsafe_bitcast' instead
            ptr.bitcast[UInt8](),
            ~~~^~~~~~~~
                unsafe_bitcast
<unknown>:0: note: 'bitcast' declared here
Mamba gradient comparison FAILED
  dump public-prefill leaves: None, expected ['x', 'block_norm.weight', 'in_proj.weight', 'dt_bias', 'B_norm.weight', 'C_norm.weight', 'B_bias', 'C_bias', 'D', 'out_proj.weight']
  B_bias: dump manifest does not name gradient
  B_norm.weight: dump manifest does not name gradient
  C_bias: dump manifest does not name gradient
  C_norm.weight: dump manifest does not name gradient
  D: dump manifest does not name gradient
  block_norm.weight: dump manifest does not name gradient
  dt_bias: dump manifest does not name gradient
  in_proj.weight: dump manifest does not name gradient
  out_proj.weight: dump manifest does not name gradient
  x: dump manifest does not name gradient
