3040 external/tcmalloc+/tcmalloc/internal/system_allocator.h:713] Warning: Unable to mbind memory (errno=1, base=0x7b0e40000000, nodemask=2)
# vendor=cpu-amd-epyc-7713-64-core-processor commit=1d7fc53fe9ee5406bd42b4641324fb864ccba6de (MOJOLEARN_COMMIT) host.cpu_model='AMD EPYC 7713 64-Core Processor' host.column=cpu host.families=['_mojolearn_byte_lm_host', '_mojolearn_core_host', '_mojolearn_estimators_host', '_mojolearn_gbdt_host', '_mojolearn_gp_host', '_mojolearn_gp_infer_host', '_mojolearn_ivf_host', '_mojolearn_ivf_search_host', '_mojolearn_linalg_host', '_mojolearn_mamba_host', '_mojolearn_metrics_host', '_mojolearn_mixture_host', '_mojolearn_mixture_infer_host', '_mojolearn_neural_host', '_mojolearn_svm_host', '_mojolearn_training_host', '_mojolearn_transformer_host']
# identity_break  mode=identical  2026-09-17 20:54:28  Linux-6.17.0-35-generic-x86_64-with-glibc2.35
# per lane: the train row, then an `infer` row (held-out rows), a `model` row (saved bytes) and a `batch` row (whole batch vs rows alone, a split and prefixes) where the lane has them
| lane                   | base             | ties             | hashed           | wide             | denormal         | denormal_ftz     | dupes            | odd              | negative         |
|------------------------|------------------|------------------|------------------|------------------|------------------|------------------|------------------|------------------|------------------|
# START gp-sample-y/base repeat=1/train
# DONE gp-sample-y/base repeat=1/train 0.090s
# START gp-sample-y/base repeat=1/infer-save-reload
# DONE gp-sample-y/base repeat=1/infer-save-reload 0.055s
# START gp-sample-y/base repeat=1/batch
# DONE gp-sample-y/base repeat=1/batch 0.001s
# START gp-sample-y/base repeat=1/stepfull
# DONE gp-sample-y/base repeat=1/stepfull 0.000s
# START gp-sample-y/base repeat=2/train
# DONE gp-sample-y/base repeat=2/train 0.088s
# START gp-sample-y/base repeat=2/infer-save-reload
# DONE gp-sample-y/base repeat=2/infer-save-reload 0.053s
# START gp-sample-y/base repeat=2/batch
# DONE gp-sample-y/base repeat=2/batch 0.000s
# START gp-sample-y/base repeat=2/stepfull
# DONE gp-sample-y/base repeat=2/stepfull 0.000s
# CELL gp-sample-y/base STABLE 0.289s
# START gp-sample-y/ties repeat=1/train
# DONE gp-sample-y/ties repeat=1/train 0.093s
# START gp-sample-y/ties repeat=1/infer-save-reload
# DONE gp-sample-y/ties repeat=1/infer-save-reload 0.055s
# START gp-sample-y/ties repeat=1/batch
# DONE gp-sample-y/ties repeat=1/batch 0.000s
# START gp-sample-y/ties repeat=1/stepfull
# DONE gp-sample-y/ties repeat=1/stepfull 0.000s
# START gp-sample-y/ties repeat=2/train
# DONE gp-sample-y/ties repeat=2/train 0.093s
# START gp-sample-y/ties repeat=2/infer-save-reload
# DONE gp-sample-y/ties repeat=2/infer-save-reload 0.054s
# START gp-sample-y/ties repeat=2/batch
# DONE gp-sample-y/ties repeat=2/batch 0.000s
# START gp-sample-y/ties repeat=2/stepfull
# DONE gp-sample-y/ties repeat=2/stepfull 0.000s
# CELL gp-sample-y/ties STABLE 0.296s
# START gp-sample-y/hashed repeat=1/train
# DONE gp-sample-y/hashed repeat=1/train 0.090s
# START gp-sample-y/hashed repeat=1/infer-save-reload
# DONE gp-sample-y/hashed repeat=1/infer-save-reload 0.052s
# START gp-sample-y/hashed repeat=1/batch
# DONE gp-sample-y/hashed repeat=1/batch 0.000s
# START gp-sample-y/hashed repeat=1/stepfull
# DONE gp-sample-y/hashed repeat=1/stepfull 0.000s
# START gp-sample-y/hashed repeat=2/train
# DONE gp-sample-y/hashed repeat=2/train 0.090s
# START gp-sample-y/hashed repeat=2/infer-save-reload
# DONE gp-sample-y/hashed repeat=2/infer-save-reload 0.057s
# START gp-sample-y/hashed repeat=2/batch
# DONE gp-sample-y/hashed repeat=2/batch 0.000s
# START gp-sample-y/hashed repeat=2/stepfull
# DONE gp-sample-y/hashed repeat=2/stepfull 0.000s
# CELL gp-sample-y/hashed STABLE 0.290s
# START gp-sample-y/wide repeat=1/train
# DONE gp-sample-y/wide repeat=1/train 0.094s
# START gp-sample-y/wide repeat=1/infer-save-reload
# DONE gp-sample-y/wide repeat=1/infer-save-reload 0.056s
# START gp-sample-y/wide repeat=1/batch
# DONE gp-sample-y/wide repeat=1/batch 0.000s
# START gp-sample-y/wide repeat=1/stepfull
# DONE gp-sample-y/wide repeat=1/stepfull 0.000s
# START gp-sample-y/wide repeat=2/train
# DONE gp-sample-y/wide repeat=2/train 0.090s
# START gp-sample-y/wide repeat=2/infer-save-reload
# DONE gp-sample-y/wide repeat=2/infer-save-reload 0.053s
# START gp-sample-y/wide repeat=2/batch
# DONE gp-sample-y/wide repeat=2/batch 0.000s
# START gp-sample-y/wide repeat=2/stepfull
# DONE gp-sample-y/wide repeat=2/stepfull 0.000s
# CELL gp-sample-y/wide STABLE 0.295s
# START gp-sample-y/denormal repeat=1/train
# DONE gp-sample-y/denormal repeat=1/train 0.088s
# START gp-sample-y/denormal repeat=1/infer-save-reload
# DONE gp-sample-y/denormal repeat=1/infer-save-reload 0.061s
# START gp-sample-y/denormal repeat=1/batch
# DONE gp-sample-y/denormal repeat=1/batch 0.002s
# START gp-sample-y/denormal repeat=1/stepfull
# DONE gp-sample-y/denormal repeat=1/stepfull 0.000s
# START gp-sample-y/denormal repeat=2/train
# DONE gp-sample-y/denormal repeat=2/train 0.089s
# START gp-sample-y/denormal repeat=2/infer-save-reload
# DONE gp-sample-y/denormal repeat=2/infer-save-reload 0.052s
# START gp-sample-y/denormal repeat=2/batch
# DONE gp-sample-y/denormal repeat=2/batch 0.001s
# START gp-sample-y/denormal repeat=2/stepfull
# DONE gp-sample-y/denormal repeat=2/stepfull 0.000s
# CELL gp-sample-y/denormal STABLE 0.294s
# START gp-sample-y/denormal_ftz repeat=1/train
# DONE gp-sample-y/denormal_ftz repeat=1/train 0.089s
# START gp-sample-y/denormal_ftz repeat=1/infer-save-reload
# DONE gp-sample-y/denormal_ftz repeat=1/infer-save-reload 0.053s
# START gp-sample-y/denormal_ftz repeat=1/batch
# DONE gp-sample-y/denormal_ftz repeat=1/batch 0.000s
# START gp-sample-y/denormal_ftz repeat=1/stepfull
# DONE gp-sample-y/denormal_ftz repeat=1/stepfull 0.000s
# START gp-sample-y/denormal_ftz repeat=2/train
# DONE gp-sample-y/denormal_ftz repeat=2/train 0.088s
# START gp-sample-y/denormal_ftz repeat=2/infer-save-reload
# DONE gp-sample-y/denormal_ftz repeat=2/infer-save-reload 0.052s
# START gp-sample-y/denormal_ftz repeat=2/batch
# DONE gp-sample-y/denormal_ftz repeat=2/batch 0.000s
# START gp-sample-y/denormal_ftz repeat=2/stepfull
# DONE gp-sample-y/denormal_ftz repeat=2/stepfull 0.000s
# CELL gp-sample-y/denormal_ftz STABLE 0.283s
# START gp-sample-y/dupes repeat=1/train
# DONE gp-sample-y/dupes repeat=1/train 0.089s
# START gp-sample-y/dupes repeat=1/infer-save-reload
# DONE gp-sample-y/dupes repeat=1/infer-save-reload 0.052s
# START gp-sample-y/dupes repeat=1/batch
# DONE gp-sample-y/dupes repeat=1/batch 0.000s
# START gp-sample-y/dupes repeat=1/stepfull
# DONE gp-sample-y/dupes repeat=1/stepfull 0.000s
# START gp-sample-y/dupes repeat=2/train
# DONE gp-sample-y/dupes repeat=2/train 0.089s
# START gp-sample-y/dupes repeat=2/infer-save-reload
# DONE gp-sample-y/dupes repeat=2/infer-save-reload 0.052s
# START gp-sample-y/dupes repeat=2/batch
# DONE gp-sample-y/dupes repeat=2/batch 0.000s
# START gp-sample-y/dupes repeat=2/stepfull
# DONE gp-sample-y/dupes repeat=2/stepfull 0.000s
# CELL gp-sample-y/dupes STABLE 0.284s
# START gp-sample-y/odd repeat=1/train
# DONE gp-sample-y/odd repeat=1/train 0.089s
# START gp-sample-y/odd repeat=1/infer-save-reload
# DONE gp-sample-y/odd repeat=1/infer-save-reload 0.053s
# START gp-sample-y/odd repeat=1/batch
# DONE gp-sample-y/odd repeat=1/batch 0.000s
# START gp-sample-y/odd repeat=1/stepfull
# DONE gp-sample-y/odd repeat=1/stepfull 0.000s
# START gp-sample-y/odd repeat=2/train
# DONE gp-sample-y/odd repeat=2/train 0.088s
# START gp-sample-y/odd repeat=2/infer-save-reload
# DONE gp-sample-y/odd repeat=2/infer-save-reload 0.052s
# START gp-sample-y/odd repeat=2/batch
# DONE gp-sample-y/odd repeat=2/batch 0.000s
# START gp-sample-y/odd repeat=2/stepfull
# DONE gp-sample-y/odd repeat=2/stepfull 0.000s
# CELL gp-sample-y/odd STABLE 0.284s
# START gp-sample-y/negative repeat=1/train
# DONE gp-sample-y/negative repeat=1/train 0.089s
# START gp-sample-y/negative repeat=1/infer-save-reload
# DONE gp-sample-y/negative repeat=1/infer-save-reload 0.053s
# START gp-sample-y/negative repeat=1/batch
# DONE gp-sample-y/negative repeat=1/batch 0.000s
# START gp-sample-y/negative repeat=1/stepfull
# DONE gp-sample-y/negative repeat=1/stepfull 0.000s
# START gp-sample-y/negative repeat=2/train
# DONE gp-sample-y/negative repeat=2/train 0.089s
# START gp-sample-y/negative repeat=2/infer-save-reload
# DONE gp-sample-y/negative repeat=2/infer-save-reload 0.055s
# START gp-sample-y/negative repeat=2/batch
# DONE gp-sample-y/negative repeat=2/batch 0.000s
# START gp-sample-y/negative repeat=2/stepfull
# DONE gp-sample-y/negative repeat=2/stepfull 0.000s
# CELL gp-sample-y/negative STABLE 0.286s
| gp-sample-y            | d698872d7e33df6e | 15f827dc671917f0 | 1f0e45838e5c52d2 | ce0c19926bcf9dbf | 37e844812b3bd076 | 37e844812b3bd076 | 05aaa44e678259a6 | 23fab759980d7acc | 55e0efee90db4801 |
| gp-sample-y infer      | b7cef1a89e642972 | 0811d434a92222cc | 1512a8f232028314 | eb0dc965d1fb9854 | 41aae3173e5800f3 | 41aae3173e5800f3 | 1ecf65597b149dc3 | 88b3eef5cfb3f1e8 | 4adb5317401462a1 |
| gp-sample-y model      | 8f4a54a0bd816175 | 5a2f8a826a1aab15 | e313387e268603e1 | 6de1e70ad300db07 | e2e8bcc686c2be72 | 4dbb90dfe4b757ae | 0eca938df7a74371 | b5496b305f465a2e | adc071acad296182 |

cells=9 stable=9 moved=0 refused=0
infer: stable=9
model: stable=9
batch: n/a=9
stepfull: n/a=9
n/a: gp-sample-y batch n/a:jointly-correlated (sample_y draws all rows of a call from one joint posterior), gp-sample-y stepfull n/a:no-decode-state
wrote /root/leg_out/records/gp-sample-y/gp-sample-y/cpu-clean.json
