FSPEED-NOTE lane=gbdt-depthwise arms=ours metric=devices delta=1.000000 reason=devices=gpu (auto); on a GPU vendor's box the vendors' CPU arms do not run, so a lane whose only opponent is a CPU library has NO legal opponent here and says so
5048 external/tcmalloc+/tcmalloc/internal/system_allocator.h:713] Warning: Unable to mbind memory (errno=1, base=0x1ada80000000, nodemask=2)
FSPEED-REFUSED lane=gbdt-depthwise arm=catboost-cpu reason=GPU-PATH-ONLY: catboost-cpu is a CPU arm and this box has an accelerator. On NVIDIA and AMD we compare against the vendor's GPU path only; their CPU path is the MacBook's.
FSPEED-REFUSED lane=gbdt-depthwise arm=xgboost-cpu reason=GPU-PATH-ONLY: xgboost-cpu is a CPU arm and this box has an accelerator. On NVIDIA and AMD we compare against the vendor's GPU path only; their CPU path is the MacBook's.
FSPEED-HEADER family=forest lane=gbdt-depthwise arm=ours mode=FAST device=NVIDIA_H100_80GB_HBM3 rounds=5 size=shipped
FSPEED-HEADER family=forest lane=gbdt-depthwise arm=catboost-gpu mode=FAST device=NVIDIA_H100_80GB_HBM3 rounds=5 size=shipped
FSPEED-HEADER family=forest lane=gbdt-depthwise arm=xgboost-gpu mode=FAST device=NVIDIA_H100_80GB_HBM3 rounds=5 size=shipped
FSPEED-WARMUP lane=gbdt-depthwise arm=ours shape=higgs-1000000x28 ms=2118.277
FSPEED-WARMUP lane=gbdt-depthwise arm=catboost-gpu shape=higgs-1000000x28 ms=1067.975
FSPEED-WARMUP lane=gbdt-depthwise arm=xgboost-gpu shape=higgs-1000000x28 ms=789.405
FSPEED lane=gbdt-depthwise arm=ours shape=higgs-1000000x28 round=1 ms=1575.482 hash=5c8a3b9152929448
FSPEED lane=gbdt-depthwise arm=catboost-gpu shape=higgs-1000000x28 round=1 ms=1169.260 hash=22dd4973d55244d6
FSPEED lane=gbdt-depthwise arm=xgboost-gpu shape=higgs-1000000x28 round=1 ms=617.262 hash=13505f62978a068d
5048 external/tcmalloc+/tcmalloc/internal/system_allocator.h:713] Warning: Unable to mbind memory (errno=1, base=0x32a440000000, nodemask=1)
FSPEED lane=gbdt-depthwise arm=ours shape=higgs-1000000x28 round=2 ms=1274.462 hash=94b765fedfa8edf1
FSPEED lane=gbdt-depthwise arm=catboost-gpu shape=higgs-1000000x28 round=2 ms=1265.924 hash=9663054649773a3e
FSPEED lane=gbdt-depthwise arm=xgboost-gpu shape=higgs-1000000x28 round=2 ms=666.679 hash=13505f62978a068d
FSPEED lane=gbdt-depthwise arm=ours shape=higgs-1000000x28 round=3 ms=1239.658 hash=94b765fedfa8edf1
FSPEED lane=gbdt-depthwise arm=catboost-gpu shape=higgs-1000000x28 round=3 ms=1187.748 hash=67e041fedbd71cbb
FSPEED lane=gbdt-depthwise arm=xgboost-gpu shape=higgs-1000000x28 round=3 ms=655.607 hash=13505f62978a068d
FSPEED lane=gbdt-depthwise arm=ours shape=higgs-1000000x28 round=4 ms=1189.037 hash=5c8a3b9152929448
FSPEED lane=gbdt-depthwise arm=catboost-gpu shape=higgs-1000000x28 round=4 ms=1236.208 hash=34bcd06eecb9b26d
FSPEED lane=gbdt-depthwise arm=xgboost-gpu shape=higgs-1000000x28 round=4 ms=599.050 hash=13505f62978a068d
FSPEED lane=gbdt-depthwise arm=ours shape=higgs-1000000x28 round=5 ms=1176.462 hash=de96fdd76bf5774c
FSPEED lane=gbdt-depthwise arm=catboost-gpu shape=higgs-1000000x28 round=5 ms=1232.534 hash=04e2604155270b2d
FSPEED lane=gbdt-depthwise arm=xgboost-gpu shape=higgs-1000000x28 round=5 ms=598.199 hash=13505f62978a068d
FSPEED-ACC lane=gbdt-depthwise arm=ours metric=logloss value=0.525307
FSPEED-ACC lane=gbdt-depthwise arm=ours metric=auc value=0.813564
FSPEED-ACC lane=gbdt-depthwise arm=catboost-gpu metric=logloss value=0.524702
FSPEED-ACC lane=gbdt-depthwise arm=catboost-gpu metric=auc value=0.814064
FSPEED-ACC lane=gbdt-depthwise arm=xgboost-gpu metric=logloss value=0.526563
FSPEED-ACC lane=gbdt-depthwise arm=xgboost-gpu metric=auc value=0.812395
