!! MOJOLEARN_GPU_ARCHS=sm_120 (--target-accelerator); read the architecture back out of the built .so
698 external/tcmalloc+/tcmalloc/internal/system_allocator.h:713] Warning: Unable to mbind memory (errno=1, base=0x3158c0000000, nodemask=1)
/root/mojolearn/bindings/_mojolearn_training.mojo:396:8: warning: doc string summary should begin with a capital letter or non-alpha character, but this begins with 'p'
    """params=[rows,cols]; all three borrowed buffers hold rows*cols f32.
       ^
/root/mojolearn/bindings/_mojolearn_training.mojo:419:8: warning: doc string summary should begin with a capital letter or non-alpha character, but this begins with 'p'
    """params=[rows,cols]; borrow rows*cols input and cols output f32.
       ^
/root/mojolearn/bindings/_mojolearn_training.mojo:471:8: warning: doc string summary should begin with a capital letter or non-alpha character, but this begins with 'a'
    """addresses = [y (n_positions*width f32, written), w (vocab*width f32),
       ^
/root/mojolearn/bindings/_mojolearn_training.mojo:491:8: warning: doc string summary should begin with a capital letter or non-alpha character, but this begins with 'a'
    """addresses = [dw (vocab*width f32, written), dy (n_positions*width f32),
       ^
/root/mojolearn/bindings/_mojolearn_training.mojo:511:8: warning: doc string summary should begin with a capital letter or non-alpha character, but this begins with 'a'
    """addresses = [y (m*dm f32, written), x (m*dm f32), w (dm f32)];
       ^
/root/mojolearn/bindings/_mojolearn_training.mojo:530:8: warning: doc string summary should begin with a capital letter or non-alpha character, but this begins with 'a'
    """addresses = [dx (m*dm f32, written), dw (dm f32, written), dy (m*dm
       ^
/root/mojolearn/bindings/_mojolearn_training.mojo:569:8: warning: doc string summary should begin with a capital letter or non-alpha character, but this begins with 'a'
    """addresses = [da (m*k, written), dw (n*k, written), dc (m*n), a (m*k),
       ^
/root/mojolearn/bindings/_mojolearn_training.mojo:621:8: warning: doc string summary should begin with a capital letter or non-alpha character, but this begins with 'a'
    """addresses = [out (n f32, written), inp (n f32 for the dropout kinds,
       ^
Imported from /root/mojolearn/bindings/_mojolearn_training.mojo:73:
./training/optimizer_multi_gpu.mojo:90:78: warning: '__add__' is deprecated, use 'unsafe_offset' instead
            rebind[MutPointer[Float32, MutUntrackedOrigin]](info.unsafe_ptr()+1),
                                                            ~~~~~~~~~~~~~~~~~^~
<unknown>:0: note: '__add__' declared here
Imported from /root/mojolearn/bindings/_mojolearn_training.mojo:73:
./training/optimizer_multi_gpu.mojo:107:38: warning: positional `__getitem__` is deprecated, use `unsafe_offset=` instead
                flags.append(init_ptr[j])
                             ~~~~~~~~^~~
<unknown>:0: note: '__getitem__' declared here
Imported from /root/mojolearn/bindings/_mojolearn_training.mojo:73:
./training/optimizer_multi_gpu.mojo:122:27: warning: positional `__getitem__` is deprecated, use `unsafe_offset=` instead
            var first = sp[rank].first
                        ~~^~~~~~
<unknown>:0: note: '__getitem__' declared here
Imported from /root/mojolearn/bindings/_mojolearn_training.mojo:73:
./training/optimizer_multi_gpu.mojo:124:49: warning: positional `__getitem__` is deprecated, use `unsafe_offset=` instead
            _ = identical_optimizer_step_host(cp[rank],pp+first,gp+first,mp+first,vp+first,
                                              ~~^~~~~~
<unknown>:0: note: '__getitem__' declared here
Imported from /root/mojolearn/bindings/_mojolearn_training.mojo:73:
./training/optimizer_multi_gpu.mojo:124:58: warning: '__add__' is deprecated, use 'unsafe_offset' instead
            _ = identical_optimizer_step_host(cp[rank],pp+first,gp+first,mp+first,vp+first,
                                                       ~~^~~~~~
<unknown>:0: note: '__add__' declared here
Imported from /root/mojolearn/bindings/_mojolearn_training.mojo:73:
./training/optimizer_multi_gpu.mojo:124:67: warning: '__add__' is deprecated, use 'unsafe_offset' instead
            _ = identical_optimizer_step_host(cp[rank],pp+first,gp+first,mp+first,vp+first,
                                                                ~~^~~~~~
<unknown>:0: note: '__add__' declared here
Imported from /root/mojolearn/bindings/_mojolearn_training.mojo:73:
./training/optimizer_multi_gpu.mojo:124:76: warning: '__add__' is deprecated, use 'unsafe_offset' instead
            _ = identical_optimizer_step_host(cp[rank],pp+first,gp+first,mp+first,vp+first,
                                                                         ~~^~~~~~
<unknown>:0: note: '__add__' declared here
Imported from /root/mojolearn/bindings/_mojolearn_training.mojo:73:
./training/optimizer_multi_gpu.mojo:124:85: warning: '__add__' is deprecated, use 'unsafe_offset' instead
            _ = identical_optimizer_step_host(cp[rank],pp+first,gp+first,mp+first,vp+first,
                                                                                  ~~^~~~~~
<unknown>:0: note: '__add__' declared here
Imported from /root/mojolearn/bindings/_mojolearn_training.mojo:73:
./training/optimizer_multi_gpu.mojo:125:65: warning: positional `__getitem__` is deprecated, use `unsafe_offset=` instead
                rebind[MutPointer[Int32, MutUntrackedOrigin]](sp[rank].offsets.unsafe_ptr()),
                                                              ~~^~~~~~
<unknown>:0: note: '__getitem__' declared here
Imported from /root/mojolearn/bindings/_mojolearn_training.mojo:73:
./training/optimizer_multi_gpu.mojo:126:65: warning: positional `__getitem__` is deprecated, use `unsafe_offset=` instead
                rebind[MutPointer[Int32, MutUntrackedOrigin]](sp[rank].flags.unsafe_ptr()),
                                                              ~~^~~~~~
<unknown>:0: note: '__getitem__' declared here
Imported from /root/mojolearn/bindings/_mojolearn_training.mojo:73:
./training/optimizer_multi_gpu.mojo:128:23: warning: positional `__getitem__` is deprecated, use `unsafe_offset=` instead
                len(sp[rank].flags),kind,t,nesterov,lr,beta1,beta2,eps,
                    ~~^~~~~~
<unknown>:0: note: '__getitem__' declared here
Imported from /root/mojolearn/bindings/_mojolearn_training.mojo:73:
./training/optimizer_multi_gpu.mojo:132:15: warning: positional `__getitem__` is deprecated, use `unsafe_offset=` instead
            fp[rank] = 1
            ~~^~~~~~
<unknown>:0: note: '__getitem__' declared here
Imported from /root/mojolearn/bindings/_mojolearn_training.mojo:73:
./training/optimizer_multi_gpu.mojo:156:17: warning: positional `__getitem__` is deprecated, use `unsafe_offset=` instead
        init_ptr[j] = flags_out[j]
        ~~~~~~~~^~~
<unknown>:0: note: '__getitem__' declared here
Imported from /root/mojolearn/bindings/_mojolearn_training.mojo:75:
Imported from ./training/estimator.mojo:98:
./training/checks/loss.mojo:519:8: warning: positional `__getitem__` is deprecated, use `unsafe_offset=` instead
    red[tid] = value
    ~~~^~~~~
<unknown>:0: note: '__getitem__' declared here
Imported from /root/mojolearn/bindings/_mojolearn_training.mojo:75:
Imported from ./training/estimator.mojo:98:
./training/checks/loss.mojo:524:28: warning: positional `__getitem__` is deprecated, use `unsafe_offset=` instead
            var other = red[tid + step]
                        ~~~^~~~~~~~~~~~
<unknown>:0: note: '__getitem__' declared here
Imported from /root/mojolearn/bindings/_mojolearn_training.mojo:75:
Imported from ./training/estimator.mojo:98:
./training/checks/loss.mojo:528:31: warning: positional `__getitem__` is deprecated, use `unsafe_offset=` instead
                if other > red[tid]:
                           ~~~^~~~~
<unknown>:0: note: '__getitem__' declared here
Imported from /root/mojolearn/bindings/_mojolearn_training.mojo:75:
Imported from ./training/estimator.mojo:98:
./training/checks/loss.mojo:529:24: warning: positional `__getitem__` is deprecated, use `unsafe_offset=` instead
                    red[tid] = other
                    ~~~^~~~~
<unknown>:0: note: '__getitem__' declared here
Imported from /root/mojolearn/bindings/_mojolearn_training.mojo:75:
Imported from ./training/estimator.mojo:98:
./training/checks/loss.mojo:531:20: warning: positional `__getitem__` is deprecated, use `unsafe_offset=` instead
                red[tid] = identical_fmax(red[tid], other)
                ~~~^~~~~
<unknown>:0: note: '__getitem__' declared here
Imported from /root/mojolearn/bindings/_mojolearn_training.mojo:75:
Imported from ./training/estimator.mojo:98:
./training/checks/loss.mojo:531:46: warning: positional `__getitem__` is deprecated, use `unsafe_offset=` instead
                red[tid] = identical_fmax(red[tid], other)
                                          ~~~^~~~~
<unknown>:0: note: '__getitem__' declared here
Imported from /root/mojolearn/bindings/_mojolearn_training.mojo:75:
Imported from ./training/estimator.mojo:98:
./training/checks/loss.mojo:534:20: warning: positional `__getitem__` is deprecated, use `unsafe_offset=` instead
    var total = red[0]
                ~~~^~~
<unknown>:0: note: '__getitem__' declared here
Imported from /root/mojolearn/bindings/_mojolearn_training.mojo:85:
Imported from ./training/samba_ops.mojo:33:
/root/mojolearn/./gemm/checks/gemm_identical.mojo:5298:14: warning: 'store' is deprecated, use 'unsafe_store' instead
          as_.store[alignment=ALIGN](pgw * APAGE + ga[0] * ASTRIDE + ga[1] * RPT, pga)
          ~~~^~~~~~
              unsafe_store
<unknown>:0: note: 'store' declared here
Imported from /root/mojolearn/bindings/_mojolearn_training.mojo:85:
Imported from ./training/samba_ops.mojo:33:
/root/mojolearn/./gemm/checks/gemm_identical.mojo:5299:14: warning: 'store' is deprecated, use 'unsafe_store' instead
          bs_.store[alignment=ALIGN](pgw * BPAGE + gb[0] * BSTRIDE + gb[1] * CPT, pgb)
          ~~~^~~~~~
              unsafe_store
<unknown>:0: note: 'store' declared here
Imported from /root/mojolearn/bindings/_mojolearn_training.mojo:85:
Imported from ./training/samba_ops.mojo:33:
/root/mojolearn/./gemm/checks/gemm_identical.mojo:5347:26: warning: 'load' is deprecated, use 'unsafe_load' instead
            var ra1 = as_.load[width=RPT, alignment=ALIGN](abase)
                      ~~~^~~~~
                          unsafe_load
<unknown>:0: note: 'load' declared here
Imported from /root/mojolearn/bindings/_mojolearn_training.mojo:85:
Imported from ./training/samba_ops.mojo:33:
/root/mojolearn/./gemm/checks/gemm_identical.mojo:5348:26: warning: 'load' is deprecated, use 'unsafe_load' instead
            var rb1 = bs_.load[width=CPT, alignment=ALIGN](bbase)
                      ~~~^~~~~
                          unsafe_load
<unknown>:0: note: 'load' declared here
Imported from /root/mojolearn/bindings/_mojolearn_training.mojo:85:
Imported from ./training/samba_ops.mojo:33:
/root/mojolearn/./gemm/checks/gemm_identical.mojo:5357:29: warning: 'load' is deprecated, use 'unsafe_load' instead
                var ra = as_.load[width=RPT, alignment=ALIGN](abase + c0 * RPT)
                         ~~~^~~~~
                             unsafe_load
<unknown>:0: note: 'load' declared here
Imported from /root/mojolearn/bindings/_mojolearn_training.mojo:85:
Imported from ./training/samba_ops.mojo:33:
/root/mojolearn/./gemm/checks/gemm_identical.mojo:5358:29: warning: 'load' is deprecated, use 'unsafe_load' instead
                var rb = bs_.load[width=CPT, alignment=ALIGN](bbase + c0 * CPT)
                         ~~~^~~~~
                             unsafe_load
<unknown>:0: note: 'load' declared here
Imported from /root/mojolearn/bindings/_mojolearn_training.mojo:85:
Imported from ./training/samba_ops.mojo:33:
/root/mojolearn/./gemm/checks/gemm_identical.mojo:5381:30: warning: 'load' is deprecated, use 'unsafe_load' instead
                var ra2 = as_.load[width=RPT, alignment=ALIGN](abase + cc * RPT)
                          ~~~^~~~~
                              unsafe_load
<unknown>:0: note: 'load' declared here
Imported from /root/mojolearn/bindings/_mojolearn_training.mojo:85:
Imported from ./training/samba_ops.mojo:33:
/root/mojolearn/./gemm/checks/gemm_identical.mojo:5382:30: warning: 'load' is deprecated, use 'unsafe_load' instead
                var rb2 = bs_.load[width=CPT, alignment=ALIGN](bbase + cc * CPT)
                          ~~~^~~~~
                              unsafe_load
<unknown>:0: note: 'load' declared here
/root/mojolearn/bindings/_mojolearn_training.mojo:225:19: warning: assignment to 'n_total' was never used; assign to '_' instead?
    var n_total = 0
                  ^
/root/mojolearn/bindings/_mojolearn_training.mojo:279:19: warning: assignment to 'n_total' was never used; assign to '_' instead?
    var n_total = 0
                  ^
/root/mojolearn/bindings/_mojolearn_training.mojo:355:17: warning: assignment to 'count' was never used; assign to '_' instead?
    var count = 0
                ^
/root/mojolearn/bindings/_mojolearn_training.mojo:385:17: warning: assignment to 'count' was never used; assign to '_' instead?
    var count = 0
                ^
/root/mojolearn/bindings/_mojolearn_training.mojo:409:17: warning: assignment to 'count' was never used; assign to '_' instead?
    var count = 0
                ^
/root/mojolearn/bindings/_mojolearn_training.mojo:430:17: warning: assignment to 'count' was never used; assign to '_' instead?
    var count = 0
                ^
/root/mojolearn/bindings/_mojolearn_training.mojo:478:17: warning: assignment to 'count' was never used; assign to '_' instead?
    var count = 0
                ^
/root/mojolearn/bindings/_mojolearn_training.mojo:498:17: warning: assignment to 'count' was never used; assign to '_' instead?
    var count = 0
                ^
/root/mojolearn/bindings/_mojolearn_training.mojo:518:17: warning: assignment to 'count' was never used; assign to '_' instead?
    var count = 0
                ^
/root/mojolearn/bindings/_mojolearn_training.mojo:537:17: warning: assignment to 'count' was never used; assign to '_' instead?
    var count = 0
                ^
/root/mojolearn/bindings/_mojolearn_training.mojo:557:17: warning: assignment to 'count' was never used; assign to '_' instead?
    var count = 0
                ^
/root/mojolearn/bindings/_mojolearn_training.mojo:576:17: warning: assignment to 'count' was never used; assign to '_' instead?
    var count = 0
                ^
/root/mojolearn/bindings/_mojolearn_training.mojo:598:17: warning: assignment to 'count' was never used; assign to '_' instead?
    var count = 0
                ^
/root/mojolearn/bindings/_mojolearn_training.mojo:636:17: warning: assignment to 'count' was never used; assign to '_' instead?
    var count = 0
                ^
Included from /root/mojolearn/bindings/_mojolearn_training.mojo:75:
Included from ./training/estimator.mojo:111:
./training/checks/optimizer.mojo:579:20: warning: assignment to 'm' was never used; assign to '_' instead?
    var m = Float32(0.0)
                   ^
Included from /root/mojolearn/bindings/_mojolearn_training.mojo:75:
Included from ./training/estimator.mojo:111:
./training/checks/optimizer.mojo:589:20: warning: assignment to 'v' was never used; assign to '_' instead?
    var v = Float32(0.0)
                   ^
Included from /root/mojolearn/bindings/_mojolearn_training.mojo:75:
Included from ./training/estimator.mojo:111:
./training/checks/optimizer.mojo:609:21: warning: assignment to 'dn' was never used; assign to '_' instead?
    var dn = Float32(0.0)
                    ^
Included from /root/mojolearn/bindings/_mojolearn_training.mojo:75:
Included from ./training/estimator.mojo:111:
./training/checks/optimizer.mojo:610:20: warning: assignment to 'q' was never used; assign to '_' instead?
    var q = Float32(0.0)
                   ^
Included from /root/mojolearn/bindings/_mojolearn_training.mojo:75:
Included from ./training/estimator.mojo:111:
./training/checks/optimizer.mojo:657:24: warning: assignment to 'p_out' was never used; assign to '_' instead?
    var p_out = Float32(0.0)
                       ^
built python/mojolearn/identical/_mojolearn_training.so (gate skipped: non-Darwin or MOJOLEARN_SKIP_BUILD_GATE)
