1515 external/tcmalloc+/tcmalloc/internal/system_allocator.h:713] Warning: Unable to mbind memory (errno=1, base=0x31fa80000000, nodemask=1)
KNN_REF_HEADER mode IDENTICAL column nvidia index 400000 queries 4000 features 32 k 10 rounds 15 fixture dyadic-v1 selector 1 transpose 1 register_tile 1 metadata_forced 0 metadata_default_capable 0 index_tile 65536
KNN_REF_WARMUP request 0 27.38578
KNN_REF_WARMUP request 1 26.518096
KNN_REF_ROUND request 1 26.51042
KNN_REF_ROUND request 2 26.585717
KNN_REF_ROUND request 3 26.661871
KNN_REF_ROUND request 4 26.859633
KNN_REF_ROUND request 5 26.685852
KNN_REF_ROUND request 6 26.660822
KNN_REF_ROUND request 7 26.646339
KNN_REF_ROUND request 8 26.669677
KNN_REF_ROUND request 9 26.736482
KNN_REF_ROUND request 10 26.688791
KNN_REF_ROUND request 11 26.676151
KNN_REF_ROUND request 12 26.683037
KNN_REF_ROUND request 13 26.658138
KNN_REF_ROUND request 14 26.65618
KNN_REF_ROUND request 15 26.659657
KNN_REF_WARMUP device 0 25.558214
KNN_REF_WARMUP device 1 25.556078
KNN_REF_ROUND device 1 25.545751
KNN_REF_ROUND device 2 25.546048
KNN_REF_ROUND device 3 25.531409
KNN_REF_ROUND device 4 25.528415
KNN_REF_ROUND device 5 25.521503
KNN_REF_ROUND device 6 25.538397
KNN_REF_ROUND device 7 25.549992
KNN_REF_ROUND device 8 25.540995
KNN_REF_ROUND device 9 25.53923
KNN_REF_ROUND device 10 25.540726
KNN_REF_ROUND device 11 25.537682
KNN_REF_ROUND device 12 25.528909
KNN_REF_ROUND device 13 25.52581
KNN_REF_ROUND device 14 25.535311
KNN_REF_ROUND device 15 25.547248
KNN_REF_DEVICE_VS_REQUEST mismatched_cells 0
KNN_REF_FINGERPRINT index_fnv1a64 14071077154797861403 distance_bits_xor 708282
KNN_REF_ROW0 0 147075 1075752738
KNN_REF_ROW0 1 347872 1075802578
KNN_REF_ROW0 2 280582 1075899932
KNN_REF_ROW0 3 255546 1076098936
KNN_REF_ROW0 4 158380 1076157127
KNN_REF_ROW0 5 151319 1076280807
KNN_REF_ROW0 6 252972 1076309764
KNN_REF_ROW0 7 194725 1076394742
KNN_REF_ROW0 8 125716 1076423977
KNN_REF_ROW0 9 351008 1076424580
KNN_REF_DUMP_FULL /root/knn-request/default-k10.bin 40000
KNN_REF_RESULT index 400000 queries 4000 k 10 features 32 request_median_ms 26.661871 device_median_ms 25.538397 rounds 15 query_tile 512 index_tile 65536
KNN REFERENCE PRICE PASS
