989 external/tcmalloc+/tcmalloc/internal/system_allocator.h:713] Warning: Unable to mbind memory (errno=1, base=0x5a1900000000, nodemask=2)
KNN_REF_HEADER mode IDENTICAL column nvidia index 400000 queries 4000 features 32 k 15 rounds 31 fixture dyadic-v1 selector 1 transpose 1 register_tile 1 metadata_forced 0 metadata_default_capable 0 index_tile 65536
KNN_REF_WARMUP request 0 arm 0 33.739037
KNN_REF_WARMUP request 0 arm 1 31.556862
KNN_REF_WARMUP request 1 arm 1 31.132694
KNN_REF_WARMUP request 1 arm 0 32.494215
KNN_REF_ROUND request 1 arm 0 32.313984
KNN_REF_ROUND request 1 arm 1 31.143628
KNN_REF_ROUND request 2 arm 1 31.131248
KNN_REF_ROUND request 2 arm 0 32.115973
KNN_REF_ROUND request 3 arm 0 32.101322
KNN_REF_ROUND request 3 arm 1 31.128847
KNN_REF_ROUND request 4 arm 1 31.15301
KNN_REF_ROUND request 4 arm 0 32.301863
KNN_REF_ROUND request 5 arm 0 32.144073
KNN_REF_ROUND request 5 arm 1 31.195771
KNN_REF_ROUND request 6 arm 1 31.157231
KNN_REF_ROUND request 6 arm 0 32.13612
KNN_REF_ROUND request 7 arm 0 32.851475
KNN_REF_ROUND request 7 arm 1 31.128087
KNN_REF_ROUND request 8 arm 1 31.109691
KNN_REF_ROUND request 8 arm 0 32.236304
KNN_REF_ROUND request 9 arm 0 32.220142
KNN_REF_ROUND request 9 arm 1 31.162087
KNN_REF_ROUND request 10 arm 1 31.313425
KNN_REF_ROUND request 10 arm 0 32.152489
KNN_REF_ROUND request 11 arm 0 32.091289
KNN_REF_ROUND request 11 arm 1 31.212238
KNN_REF_ROUND request 12 arm 1 31.216805
KNN_REF_ROUND request 12 arm 0 32.16209
KNN_REF_ROUND request 13 arm 0 32.153455
KNN_REF_ROUND request 13 arm 1 31.114275
KNN_REF_ROUND request 14 arm 1 31.105683
KNN_REF_ROUND request 14 arm 0 32.351674
KNN_REF_ROUND request 15 arm 0 32.165392
KNN_REF_ROUND request 15 arm 1 31.196369
KNN_REF_ROUND request 16 arm 1 31.144521
KNN_REF_ROUND request 16 arm 0 32.130649
KNN_REF_ROUND request 17 arm 0 32.11044
KNN_REF_ROUND request 17 arm 1 31.124034
KNN_REF_ROUND request 18 arm 1 31.24262
KNN_REF_ROUND request 18 arm 0 32.178893
KNN_REF_ROUND request 19 arm 0 32.145916
KNN_REF_ROUND request 19 arm 1 31.411796
KNN_REF_ROUND request 20 arm 1 31.259928
KNN_REF_ROUND request 20 arm 0 32.130176
KNN_REF_ROUND request 21 arm 0 32.631574
KNN_REF_ROUND request 21 arm 1 31.326365
KNN_REF_ROUND request 22 arm 1 31.147619
KNN_REF_ROUND request 22 arm 0 32.164616
KNN_REF_ROUND request 23 arm 0 32.217992
KNN_REF_ROUND request 23 arm 1 31.119622
KNN_REF_ROUND request 24 arm 1 31.31886
KNN_REF_ROUND request 24 arm 0 32.219372
KNN_REF_ROUND request 25 arm 0 32.16287
KNN_REF_ROUND request 25 arm 1 32.101659
KNN_REF_ROUND request 26 arm 1 31.298647
KNN_REF_ROUND request 26 arm 0 32.099522
KNN_REF_ROUND request 27 arm 0 32.115926
KNN_REF_ROUND request 27 arm 1 31.147237
KNN_REF_ROUND request 28 arm 1 31.149189
KNN_REF_ROUND request 28 arm 0 32.119693
KNN_REF_ROUND request 29 arm 0 32.114032
KNN_REF_ROUND request 29 arm 1 31.102095
KNN_REF_ROUND request 30 arm 1 31.114557
KNN_REF_ROUND request 30 arm 0 32.164596
KNN_REF_ROUND request 31 arm 0 32.141949
KNN_REF_ROUND request 31 arm 1 31.140488
FULL_OUTPUT_BITS_MATCH 60000 per arm per round
