1102 external/tcmalloc+/tcmalloc/internal/system_allocator.h:713] Warning: Unable to mbind memory (errno=1, base=0x59e500000000, nodemask=2)
KNN_REF_HEADER mode IDENTICAL column nvidia index 400000 queries 4000 features 32 k 10 rounds 31 fixture dyadic-v1 selector 1 transpose 1 register_tile 1 metadata_forced 0 metadata_default_capable 0 index_tile 65536
KNN_REF_WARMUP request 0 arm 0 28.646118
KNN_REF_WARMUP request 0 arm 1 26.78676
KNN_REF_WARMUP request 1 arm 1 26.84951
KNN_REF_WARMUP request 1 arm 0 27.866886
KNN_REF_ROUND request 1 arm 0 27.704771
KNN_REF_ROUND request 1 arm 1 26.709068
KNN_REF_ROUND request 2 arm 1 26.812479
KNN_REF_ROUND request 2 arm 0 27.719023
KNN_REF_ROUND request 3 arm 0 27.719551
KNN_REF_ROUND request 3 arm 1 28.03295
KNN_REF_ROUND request 4 arm 1 26.726812
KNN_REF_ROUND request 4 arm 0 27.688567
KNN_REF_ROUND request 5 arm 0 27.715057
KNN_REF_ROUND request 5 arm 1 26.820025
KNN_REF_ROUND request 6 arm 1 26.735258
KNN_REF_ROUND request 6 arm 0 27.723401
KNN_REF_ROUND request 7 arm 0 27.792685
KNN_REF_ROUND request 7 arm 1 27.003227
KNN_REF_ROUND request 8 arm 1 26.687048
KNN_REF_ROUND request 8 arm 0 27.692534
KNN_REF_ROUND request 9 arm 0 27.778772
KNN_REF_ROUND request 9 arm 1 26.889228
KNN_REF_ROUND request 10 arm 1 26.731655
KNN_REF_ROUND request 10 arm 0 27.695621
KNN_REF_ROUND request 11 arm 0 27.722058
KNN_REF_ROUND request 11 arm 1 26.700447
KNN_REF_ROUND request 12 arm 1 26.685828
KNN_REF_ROUND request 12 arm 0 27.752102
KNN_REF_ROUND request 13 arm 0 27.778992
KNN_REF_ROUND request 13 arm 1 26.71935
KNN_REF_ROUND request 14 arm 1 26.707795
KNN_REF_ROUND request 14 arm 0 27.950513
KNN_REF_ROUND request 15 arm 0 27.69927
KNN_REF_ROUND request 15 arm 1 26.676511
KNN_REF_ROUND request 16 arm 1 26.724839
KNN_REF_ROUND request 16 arm 0 27.745652
KNN_REF_ROUND request 17 arm 0 27.719005
KNN_REF_ROUND request 17 arm 1 26.751444
KNN_REF_ROUND request 18 arm 1 26.737937
KNN_REF_ROUND request 18 arm 0 27.821118
KNN_REF_ROUND request 19 arm 0 27.704599
KNN_REF_ROUND request 19 arm 1 26.744546
KNN_REF_ROUND request 20 arm 1 26.801224
KNN_REF_ROUND request 20 arm 0 27.732666
KNN_REF_ROUND request 21 arm 0 27.722316
KNN_REF_ROUND request 21 arm 1 26.70871
KNN_REF_ROUND request 22 arm 1 26.773549
KNN_REF_ROUND request 22 arm 0 27.688569
KNN_REF_ROUND request 23 arm 0 27.692145
KNN_REF_ROUND request 23 arm 1 26.829941
KNN_REF_ROUND request 24 arm 1 26.738253
KNN_REF_ROUND request 24 arm 0 27.733306
KNN_REF_ROUND request 25 arm 0 27.700464
KNN_REF_ROUND request 25 arm 1 26.95477
KNN_REF_ROUND request 26 arm 1 26.70705
KNN_REF_ROUND request 26 arm 0 27.684523
KNN_REF_ROUND request 27 arm 0 28.21367
KNN_REF_ROUND request 27 arm 1 26.773431
KNN_REF_ROUND request 28 arm 1 26.727498
KNN_REF_ROUND request 28 arm 0 27.714325
KNN_REF_ROUND request 29 arm 0 27.725964
KNN_REF_ROUND request 29 arm 1 26.699409
KNN_REF_ROUND request 30 arm 1 26.699706
KNN_REF_ROUND request 30 arm 0 27.711285
KNN_REF_ROUND request 31 arm 0 27.763517
KNN_REF_ROUND request 31 arm 1 26.740955
FULL_OUTPUT_BITS_MATCH 40000 per arm per round
