stage walls of the last policy call (23.2 ms ticked):
  hblk.m3.in_proj                  4.74 ms   20.4%
  hblk.m3.chunk_attention          4.17 ms   18.0%
  hblk.m3.inter_chunk              3.89 ms   16.8%
  hblk.m3.out_proj                 2.61 ms   11.3%
  hblk.m3.rotation                 2.28 ms    9.8%
  hblk.m3.working_seq              1.12 ms    4.8%
  hblk.m3.reports_buffer           0.77 ms    3.3%
  hblk.m3.angle                    0.56 ms    2.4%
  hblk.m3.decay                    0.53 ms    2.3%
  hblk.m3.qkdot                    0.51 ms    2.2%
  hblk.m3.kscale                   0.51 ms    2.2%
  hblk.m3.bc_norm                  0.34 ms    1.5%
  hblk.m3.residual                 0.33 ms    1.4%
  hblk.m3.a_dt                     0.33 ms    1.4%
  hblk.m3.norm                     0.21 ms    0.9%
  hblk.m3.adt_sigma                0.10 ms    0.4%
  hblk.m3.gamma_scale              0.10 ms    0.4%
  hblk.m3.cumsum                   0.08 ms    0.3%
  hblk.m3.pending                  0.00 ms    0.0%
mamba3: one thread 199.0 ms, policy 20.4 ms, ratio 9.77x, 786432 floats, sha256 one 62e3661f915836ba policy 62e3661f915836ba
HOST_THREADS_AB PASS mamba3
