stage walls of the last policy call (6.6 ms ticked):
  hblk.m3.in_proj                  1.07 ms   16.1%
  hblk.m3.inter_chunk              1.00 ms   15.1%
  hblk.m3.chunk_attention          0.94 ms   14.2%
  hblk.m3.out_proj                 0.67 ms   10.0%
  hblk.m3.rotation                 0.50 ms    7.6%
  hblk.m3.kscale                   0.38 ms    5.7%
  hblk.m3.qkdot                    0.37 ms    5.5%
  hblk.m3.reports_buffer           0.33 ms    5.0%
  hblk.m3.working_seq              0.29 ms    4.3%
  hblk.m3.gamma_scale              0.25 ms    3.7%
  hblk.m3.a_dt                     0.22 ms    3.4%
  hblk.m3.angle                    0.17 ms    2.6%
  hblk.m3.decay                    0.12 ms    1.8%
  hblk.m3.norm                     0.10 ms    1.4%
  hblk.m3.bc_norm                  0.09 ms    1.4%
  hblk.m3.adt_sigma                0.08 ms    1.2%
  hblk.m3.residual                 0.04 ms    0.6%
  hblk.m3.cumsum                   0.02 ms    0.2%
  hblk.m3.pending                  0.00 ms    0.1%
mamba3: one thread 50.3 ms, policy 10.4 ms, ratio 4.84x, 196608 floats, sha256 one 94bd23787c50a4da policy 94bd23787c50a4da
HOST_THREADS_AB PASS mamba3
