
=== build classicalspeed ===

=== pass 1: bindings/build.sh ===
./neighbors/estimator.mojo:985:9: warning: ref 'i' was never used, remove it?
    for i in range(n_outputs):
        ^
built python/mojolearn/identical/_mojolearn.so (gate SKIPPED by MOJOLEARN_SKIP_BUILD_GATE)

=== pass 1: bindings/build_arima.sh ===
/root/mojolearn/bindings/_mojolearn_arima.mojo:366:19: warning: assignment to 'written' was never used; assign to '_' instead?
    var written = 0
                  ^
built python/mojolearn/identical/_mojolearn_arima.so (gate skipped: non-Darwin or MOJOLEARN_SKIP_BUILD_GATE)

=== pass 1: bindings/build_byte_lm.sh ===
byte LM: one explicit sm_NN or gfxNNN target required

=== pass 1: bindings/build_estimators.sh ===
./glm/impl/glm/qn/qn_solvers.mojo:458:15: warning: assignment to 'ret' was never used; assign to '_' instead?
    var ret = OPT_MAX_ITERS_REACHED
              ^
built python/mojolearn/identical/_mojolearn_estimators.so (gate skipped: non-Darwin or MOJOLEARN_SKIP_BUILD_GATE)

=== pass 1: bindings/build_gbdt.sh ===
./gbdt/methods/pointwise_optimization_subsets.mojo:481:24: warning: assignment to 'adapt_blocks' was never used; assign to '_' instead?
        adapt_blocks = 1
                       ^
built python/mojolearn/identical/_mojolearn_gbdt.so (gate SKIPPED by MOJOLEARN_SKIP_BUILD_GATE)

=== pass 1: bindings/build_gp.sh ===
/root/mojolearn/bindings/_mojolearn_gp.mojo:585:21: warning: assignment to 'n_clamped' was never used; assign to '_' instead?
    var n_clamped = 0
                    ^
built python/mojolearn/identical/_mojolearn_gp.so (gate skipped: non-Darwin or MOJOLEARN_SKIP_BUILD_GATE)

=== pass 1: bindings/build_linalg.sh ===
1500 external/tcmalloc+/tcmalloc/internal/system_allocator.h:713] Warning: Unable to mbind memory (errno=1, base=0x30c500000000, nodemask=1)
built python/mojolearn/identical/_mojolearn_linalg.so (gate skipped: non-Darwin or MOJOLEARN_SKIP_BUILD_GATE)

=== pass 1: bindings/build_mamba.sh ===
/root/mojolearn/bindings/_mojolearn_mamba.mojo:944:19: warning: assignment to 'out_len' was never used; assign to '_' instead?
    var out_len = 0
                  ^
built python/mojolearn/identical/_mojolearn_mamba.so (gate skipped: non-Darwin or MOJOLEARN_SKIP_BUILD_GATE)

=== pass 1: bindings/build_metrics.sh ===
/root/mojolearn/./cluster/impl/cluster/detail/min_cluster_distance_compute.mojo:198:50: warning: assignment to 'centroid_batch' was never used; assign to '_' instead?
    var centroid_batch = get_centroids_batch_size(batch_centroids, n_clusters)
                                                 ^
built python/mojolearn/identical/_mojolearn_metrics.so (gate skipped: non-Darwin or MOJOLEARN_SKIP_BUILD_GATE)

=== pass 1: bindings/build_rf.sh ===
/root/mojolearn/bindings/_mojolearn_rf.mojo:584:17: warning: assignment to 'wrote' was never used; assign to '_' instead?
    var wrote = 0
                ^
built python/mojolearn/identical/_mojolearn_rf.so (gate SKIPPED by MOJOLEARN_SKIP_BUILD_GATE)

=== pass 1: bindings/build_solver.sh ===
/root/mojolearn/bindings/_mojolearn_solver.mojo:204:18: warning: assignment to 'rounds' was never used; assign to '_' instead?
    var rounds = 0
                 ^
built python/mojolearn/identical/_mojolearn_solver.so (gate skipped: non-Darwin or MOJOLEARN_SKIP_BUILD_GATE)

=== pass 1: bindings/build_svm.sh ===
/root/mojolearn/bindings/_mojolearn_svm.mojo:520:27: warning: assignment to 'res' was never used; assign to '_' instead?
    var res = IFRunOutputs()
                          ^
built python/mojolearn/identical/_mojolearn_svm.so (gate skipped: non-Darwin or MOJOLEARN_SKIP_BUILD_GATE)

=== pass 1: bindings/build_training.sh ===
./training/checks/optimizer.mojo:638:24: warning: assignment to 'p_out' was never used; assign to '_' instead?
    var p_out = Float32(0.0)
                       ^
built python/mojolearn/identical/_mojolearn_training.so (gate skipped: non-Darwin or MOJOLEARN_SKIP_BUILD_GATE)

=== pass 1: bindings/build_transformer.sh ===
/root/mojolearn/bindings/_mojolearn_transformer.mojo:433:19: warning: assignment to 'out_len' was never used; assign to '_' instead?
    var out_len = 0
                  ^
built python/mojolearn/identical/_mojolearn_transformer.so (gate skipped: non-Darwin or MOJOLEARN_SKIP_BUILD_GATE)

=== pass 1: bindings/build_trees.sh ===
                     ^~~~~~~~~~~~~
                     Pointer
<unknown>:0: note: 'UnsafePointer' declared here
built python/mojolearn/identical/_mojolearn_trees.so (gate SKIPPED by MOJOLEARN_SKIP_BUILD_GATE)

=== pass 1: bindings/build_tsa.sh ===
/root/mojolearn/bindings/_mojolearn_tsa.mojo:267:17: warning: assignment to 'count' was never used; assign to '_' instead?
    var count = 0
                ^
built python/mojolearn/identical/_mojolearn_tsa.so (gate skipped: non-Darwin or MOJOLEARN_SKIP_BUILD_GATE)

=== pass 2: bindings/build.sh ===
./neighbors/estimator.mojo:985:9: warning: ref 'i' was never used, remove it?
    for i in range(n_outputs):
        ^
built python/mojolearn/identical/_mojolearn.so (gate SKIPPED by MOJOLEARN_SKIP_BUILD_GATE)

=== pass 2: bindings/build_arima.sh ===
/root/mojolearn/bindings/_mojolearn_arima.mojo:366:19: warning: assignment to 'written' was never used; assign to '_' instead?
    var written = 0
                  ^
built python/mojolearn/identical/_mojolearn_arima.so (gate skipped: non-Darwin or MOJOLEARN_SKIP_BUILD_GATE)

=== pass 2: bindings/build_byte_lm.sh ===
byte LM: one explicit sm_NN or gfxNNN target required

=== pass 2: bindings/build_estimators.sh ===
./glm/impl/glm/qn/qn_solvers.mojo:458:15: warning: assignment to 'ret' was never used; assign to '_' instead?
    var ret = OPT_MAX_ITERS_REACHED
              ^
built python/mojolearn/identical/_mojolearn_estimators.so (gate skipped: non-Darwin or MOJOLEARN_SKIP_BUILD_GATE)

=== pass 2: bindings/build_gbdt.sh ===
./gbdt/methods/pointwise_optimization_subsets.mojo:481:24: warning: assignment to 'adapt_blocks' was never used; assign to '_' instead?
        adapt_blocks = 1
                       ^
built python/mojolearn/identical/_mojolearn_gbdt.so (gate SKIPPED by MOJOLEARN_SKIP_BUILD_GATE)

=== pass 2: bindings/build_gp.sh ===
/root/mojolearn/bindings/_mojolearn_gp.mojo:585:21: warning: assignment to 'n_clamped' was never used; assign to '_' instead?
    var n_clamped = 0
                    ^
built python/mojolearn/identical/_mojolearn_gp.so (gate skipped: non-Darwin or MOJOLEARN_SKIP_BUILD_GATE)

=== pass 2: bindings/build_linalg.sh ===
2589 external/tcmalloc+/tcmalloc/internal/system_allocator.h:713] Warning: Unable to mbind memory (errno=1, base=0x38e680000000, nodemask=2)
built python/mojolearn/identical/_mojolearn_linalg.so (gate skipped: non-Darwin or MOJOLEARN_SKIP_BUILD_GATE)

=== pass 2: bindings/build_mamba.sh ===
/root/mojolearn/bindings/_mojolearn_mamba.mojo:944:19: warning: assignment to 'out_len' was never used; assign to '_' instead?
    var out_len = 0
                  ^
built python/mojolearn/identical/_mojolearn_mamba.so (gate skipped: non-Darwin or MOJOLEARN_SKIP_BUILD_GATE)

=== pass 2: bindings/build_metrics.sh ===
/root/mojolearn/./cluster/impl/cluster/detail/min_cluster_distance_compute.mojo:198:50: warning: assignment to 'centroid_batch' was never used; assign to '_' instead?
    var centroid_batch = get_centroids_batch_size(batch_centroids, n_clusters)
                                                 ^
built python/mojolearn/identical/_mojolearn_metrics.so (gate skipped: non-Darwin or MOJOLEARN_SKIP_BUILD_GATE)

=== pass 2: bindings/build_rf.sh ===
/root/mojolearn/bindings/_mojolearn_rf.mojo:584:17: warning: assignment to 'wrote' was never used; assign to '_' instead?
    var wrote = 0
                ^
built python/mojolearn/identical/_mojolearn_rf.so (gate SKIPPED by MOJOLEARN_SKIP_BUILD_GATE)

=== pass 2: bindings/build_solver.sh ===
/root/mojolearn/bindings/_mojolearn_solver.mojo:204:18: warning: assignment to 'rounds' was never used; assign to '_' instead?
    var rounds = 0
                 ^
built python/mojolearn/identical/_mojolearn_solver.so (gate skipped: non-Darwin or MOJOLEARN_SKIP_BUILD_GATE)

=== pass 2: bindings/build_svm.sh ===
/root/mojolearn/bindings/_mojolearn_svm.mojo:520:27: warning: assignment to 'res' was never used; assign to '_' instead?
    var res = IFRunOutputs()
                          ^
built python/mojolearn/identical/_mojolearn_svm.so (gate skipped: non-Darwin or MOJOLEARN_SKIP_BUILD_GATE)

=== pass 2: bindings/build_training.sh ===
./training/checks/optimizer.mojo:638:24: warning: assignment to 'p_out' was never used; assign to '_' instead?
    var p_out = Float32(0.0)
                       ^
built python/mojolearn/identical/_mojolearn_training.so (gate skipped: non-Darwin or MOJOLEARN_SKIP_BUILD_GATE)

=== pass 2: bindings/build_transformer.sh ===
/root/mojolearn/bindings/_mojolearn_transformer.mojo:433:19: warning: assignment to 'out_len' was never used; assign to '_' instead?
    var out_len = 0
                  ^
built python/mojolearn/identical/_mojolearn_transformer.so (gate skipped: non-Darwin or MOJOLEARN_SKIP_BUILD_GATE)

=== pass 2: bindings/build_trees.sh ===
                     ^~~~~~~~~~~~~
                     Pointer
<unknown>:0: note: 'UnsafePointer' declared here
built python/mojolearn/identical/_mojolearn_trees.so (gate SKIPPED by MOJOLEARN_SKIP_BUILD_GATE)

=== pass 2: bindings/build_tsa.sh ===
/root/mojolearn/bindings/_mojolearn_tsa.mojo:267:17: warning: assignment to 'count' was never used; assign to '_' instead?
    var count = 0
                ^
built python/mojolearn/identical/_mojolearn_tsa.so (gate skipped: non-Darwin or MOJOLEARN_SKIP_BUILD_GATE)
3205 external/tcmalloc+/tcmalloc/internal/system_allocator.h:713] Warning: Unable to mbind memory (errno=1, base=0x1bc640000000, nodemask=2)
mojolearn imports OK /root/mojolearn/python/mojolearn/__init__.py

=== classical.krr.ours-native.log :: /root/gemm_leg_out/bin_classicalspeed ===
FSPEED lane=krr arm=ours shape=RBF.16x5 round=3 ms=0.278782 hash=d6fa0944de7bc32e
FSPEED lane=krr arm=ours shape=RBF.16x5 round=4 ms=0.279783 hash=d6fa0944de7bc32e
FSPEED lane=krr arm=ours shape=RBF.16x5 round=5 ms=0.27942 hash=d6fa0944de7bc32e

=== classical.krr.ours.log :: python3 bench/speed/classical_py_speed_arm.py --lane krr --rounds 5 ===
FSPEED-REFUSED lane=krr arm=ours reason=NO-PYTHON-SURFACE: looked for mojolearn.KernelRidge; kernel_methods/ has no Python class; the Mojo driver covers it

=== classical.krr.vendor.log :: python3 tools/speed_cuml_arm.py ===
FSPEED lane=krr arm=cuml-gpu shape=RBF.16x5 round=3 ms=2.175349 hash=bf101d3b60c2f648
FSPEED lane=krr arm=cuml-gpu shape=RBF.16x5 round=4 ms=2.139009 hash=bf101d3b60c2f648
FSPEED lane=krr arm=cuml-gpu shape=RBF.16x5 round=5 ms=2.249543 hash=bf101d3b60c2f648

=== classical.krr.vendor-deterministic.log :: python3 tools/speed_cuml_arm.py ===
/root/mojolearn/tools/speed_cuml_arm.py:215: RuntimeWarning: overflow encountered in scalar multiply
  + np.uint64(salt + 1) * np.uint64(M3))
FSPEED-REFUSED lane=krr arm=cuml-gpu-deterministic reason=NOT-DOCUMENTED: cuML's KernelRidge documentation states nothing about determinism (https://docs.nvidia.com/cuml/latest/api/generated/cuml.kernel_ridge.KernelRidge/)

=== classical.nystroem.ours-native.log :: /root/gemm_leg_out/bin_classicalspeed ===
FSPEED lane=nystroem arm=ours shape=RBF.16x5q8 round=3 ms=0.442771 hash=041f42458f4bfcdd
FSPEED lane=nystroem arm=ours shape=RBF.16x5q8 round=4 ms=0.433281 hash=041f42458f4bfcdd
FSPEED lane=nystroem arm=ours shape=RBF.16x5q8 round=5 ms=0.434768 hash=041f42458f4bfcdd

=== classical.nystroem.ours.log :: python3 bench/speed/classical_py_speed_arm.py --lane nystroem --rounds 5 ===
FSPEED-REFUSED lane=nystroem arm=ours reason=NO-PYTHON-SURFACE: looked for mojolearn.Nystroem; kernel_methods/ has no Python class; the Mojo driver covers it

=== classical.nystroem.vendor.log :: python3 tools/speed_cuml_arm.py ===
FSPEED-NOTE lane=nystroem arm=sklearn-cpu size=large fixture_source=mojo-dump shape=RBF.16x5q8
FSPEED-NOTE lane=nystroem arm=sklearn-cpu hash=- : the BASIS SAMPLE differs. Ours permutes with a pinned Philox stream and theirs with numpy RandomState, so the two fit different rows. The WORK is the same (sample q rows, form q x q, eigendecompose, scale, cross kernel, matmul) and that is what is being timed
FSPEED-REFUSED lane=nystroem arm=sklearn-cpu reason=GPU-PATH-ONLY: this box is a GPU vendor's box and sklearn-cpu is their CPU path. On NVIDIA and AMD we compare against the vendor's GPU arm only; the CPU arm is the MacBook's. This lane therefore has no legal opponent here, which is a fact about the vendor's GPU coverage and not a failure of this run.

=== classical.nystroem.vendor-deterministic.log :: python3 tools/speed_cuml_arm.py ===
  + np.uint64(salt + 1) * np.uint64(M3))
FSPEED-REFUSED lane=nystroem arm=cuml-gpu-deterministic reason=NOT-OFFERED: RAPIDS ships no Nystroem, so there is no GPU arm and no deterministic sibling of one; the CPU fallback arm is seeded by random_state in its default configuration and is GPU-PATH-ONLY refused on a GPU vendor's box (https://docs.nvidia.com/cuml/latest/api/)
FSPEED-REFUSED lane=nystroem arm=sklearn-cpu-deterministic reason=NOT-APPLICABLE: the sklearn-cpu arm passes random_state in its default configuration already and is a CPU library; there is no separate deterministic configuration to time

=== classical.rbfsampler.ours-native.log :: /root/gemm_leg_out/bin_classicalspeed ===
FSPEED lane=rbfsampler arm=ours shape=3x5q8 round=3 ms=0.142532 hash=036ddba36fbef48a
FSPEED lane=rbfsampler arm=ours shape=3x5q8 round=4 ms=0.139906 hash=036ddba36fbef48a
FSPEED lane=rbfsampler arm=ours shape=3x5q8 round=5 ms=0.139358 hash=036ddba36fbef48a

=== classical.rbfsampler.ours.log :: python3 bench/speed/classical_py_speed_arm.py --lane rbfsampler --rounds 5 ===
FSPEED-REFUSED lane=rbfsampler arm=ours reason=NO-PYTHON-SURFACE: looked for mojolearn.RBFSampler; kernel_methods/ has no Python class; the Mojo driver covers it

=== classical.rbfsampler.vendor.log :: python3 tools/speed_cuml_arm.py ===
FSPEED-NOTE lane=rbfsampler arm=sklearn-cpu size=large fixture_source=mojo-dump shape=3x5q8
FSPEED-NOTE lane=rbfsampler arm=sklearn-cpu hash=- : the random draws differ (a pinned Philox stream against numpy RandomState.normal). Both arms draw a d x q weight matrix and a q offset, then one matmul and one cosine over 3 rows
FSPEED-REFUSED lane=rbfsampler arm=sklearn-cpu reason=GPU-PATH-ONLY: this box is a GPU vendor's box and sklearn-cpu is their CPU path. On NVIDIA and AMD we compare against the vendor's GPU arm only; the CPU arm is the MacBook's. This lane therefore has no legal opponent here, which is a fact about the vendor's GPU coverage and not a failure of this run.

=== classical.rbfsampler.vendor-deterministic.log :: python3 tools/speed_cuml_arm.py ===
  + np.uint64(salt + 1) * np.uint64(M3))
FSPEED-REFUSED lane=rbfsampler arm=cuml-gpu-deterministic reason=NOT-OFFERED: RAPIDS ships no RBFSampler / random Fourier features, so there is no GPU arm and no deterministic sibling of one; the CPU fallback arm is seeded by random_state in its default configuration and is GPU-PATH-ONLY refused on a GPU vendor's box (https://docs.nvidia.com/cuml/latest/api/)
FSPEED-REFUSED lane=rbfsampler arm=sklearn-cpu-deterministic reason=NOT-APPLICABLE: the sklearn-cpu arm passes random_state in its default configuration already and is a CPU library; there is no separate deterministic configuration to time

=== classical.resample.ours-native.log :: /root/gemm_leg_out/bin_classicalspeed ===
FSPEED lane=resample arm=ours shape=200x2r10000 round=3 ms=0.552121 hash=93ad5474c7560c74
FSPEED lane=resample arm=ours shape=200x2r10000 round=4 ms=0.774474 hash=93ad5474c7560c74
FSPEED lane=resample arm=ours shape=200x2r10000 round=5 ms=0.552944 hash=93ad5474c7560c74

=== classical.resample.ours.log :: python3 bench/speed/classical_py_speed_arm.py --lane resample --rounds 5 ===
FSPEED-REFUSED lane=resample arm=ours reason=NO-PYTHON-SURFACE: looked for a bootstrap in mojolearn (resample/ has no Python door); the Mojo driver covers resample/

=== classical.resample.vendor.log :: python3 tools/speed_cuml_arm.py ===
FSPEED-NOTE lane=resample arm=scipy-cpu statistic=mean of column 0, method=percentile, n_resamples=10000, confidence_level passed explicitly. Our bootstrap_host resamples ROWS of the two-column sample (SciPy's paired=True shape) and computes the mean of column 0, which is what this arm does
FSPEED-NOTE lane=resample arm=scipy-cpu with_bca_diagnostics is False on our side, so neither arm computes a jackknife
FSPEED-REFUSED lane=resample arm=scipy-cpu reason=GPU-PATH-ONLY: this box is a GPU vendor's box and scipy-cpu is their CPU path. On NVIDIA and AMD we compare against the vendor's GPU arm only; the CPU arm is the MacBook's. This lane therefore has no legal opponent here, which is a fact about the vendor's GPU coverage and not a failure of this run.

=== classical.resample.vendor-deterministic.log :: python3 tools/speed_cuml_arm.py ===
  + np.uint64(salt + 1) * np.uint64(M3))
FSPEED-REFUSED lane=resample arm=cuml-gpu-deterministic reason=NOT-OFFERED: RAPIDS ships no bootstrap, so there is no GPU arm and no deterministic sibling of one; the CPU fallback arm is seeded by random_state in its default configuration and is GPU-PATH-ONLY refused on a GPU vendor's box (https://docs.nvidia.com/cuml/latest/api/)
FSPEED-REFUSED lane=resample arm=scipy-cpu-deterministic reason=NOT-APPLICABLE: the scipy-cpu arm passes random_state in its default configuration already and is a CPU library; there is no separate deterministic configuration to time

=== classical.spectral.ours-native.log :: /root/gemm_leg_out/bin_classicalspeed ===
FSPEED lane=spectral arm=ours shape=48x4c3 round=3 ms=6.921124 hash=70a8ae00210daf65
FSPEED lane=spectral arm=ours shape=48x4c3 round=4 ms=6.964765 hash=70a8ae00210daf65
FSPEED lane=spectral arm=ours shape=48x4c3 round=5 ms=7.000637 hash=70a8ae00210daf65

=== classical.spectral.ours.log :: python3 bench/speed/classical_py_speed_arm.py --lane spectral --rounds 5 ===
FSPEED lane=spectral arm=ours shape=48x4c3 round=3 ms=7.125059 hash=6a7962c9fd5122e9
FSPEED lane=spectral arm=ours shape=48x4c3 round=4 ms=7.155413 hash=6a7962c9fd5122e9
FSPEED lane=spectral arm=ours shape=48x4c3 round=5 ms=7.204373 hash=6a7962c9fd5122e9

=== classical.spectral.vendor.log :: python3 tools/speed_cuml_arm.py ===
FSPEED-NOTE lane=spectral arm=sklearn-cpu affinity=nearest_neighbors with the same n_neighbors, same n_clusters, same n_components, same n_init: both arms build a kNN affinity, take a Lanczos eigendecomposition of the normalized Laplacian and run k-means on the embedding. The eigensolvers are two Lanczos implementations (ours restarts, theirs is ARPACK)
FSPEED-NOTE lane=spectral arm=sklearn-cpu hash=- : cluster label NUMBERING is arbitrary in both and the two are at best a permutation of each other
FSPEED-REFUSED lane=spectral arm=sklearn-cpu reason=GPU-PATH-ONLY: this box is a GPU vendor's box and sklearn-cpu is their CPU path. On NVIDIA and AMD we compare against the vendor's GPU arm only; the CPU arm is the MacBook's. This lane therefore has no legal opponent here, which is a fact about the vendor's GPU coverage and not a failure of this run.

=== classical.spectral.vendor-deterministic.log :: python3 tools/speed_cuml_arm.py ===
  + np.uint64(salt + 1) * np.uint64(M3))
FSPEED-REFUSED lane=spectral arm=cuml-gpu-deterministic reason=NOT-OFFERED: RAPIDS ships no SpectralClustering estimator, so there is no GPU arm and no deterministic sibling of one; the CPU fallback arm is seeded by random_state in its default configuration and is GPU-PATH-ONLY refused on a GPU vendor's box (https://docs.nvidia.com/cuml/latest/api/)
FSPEED-REFUSED lane=spectral arm=sklearn-cpu-deterministic reason=NOT-APPLICABLE: the sklearn-cpu arm passes random_state in its default configuration already and is a CPU library; there is no separate deterministic configuration to time

=== classical.holtwinters.ours-native.log :: /root/gemm_leg_out/bin_classicalspeed ===
FSPEED lane=holtwinters arm=ours shape=7x72f12 round=3 ms=11.48196 hash=25e61b3f9e5dc512
FSPEED lane=holtwinters arm=ours shape=7x72f12 round=4 ms=11.474531 hash=25e61b3f9e5dc512
FSPEED lane=holtwinters arm=ours shape=7x72f12 round=5 ms=11.480616 hash=25e61b3f9e5dc512

=== classical.holtwinters.ours.log :: python3 bench/speed/classical_py_speed_arm.py --lane holtwinters --rounds 5 ===
FSPEED lane=holtwinters arm=ours shape=7x72f12 round=3 ms=11.555199 hash=7db9467bab1f6628
FSPEED lane=holtwinters arm=ours shape=7x72f12 round=4 ms=11.540022 hash=7db9467bab1f6628
FSPEED lane=holtwinters arm=ours shape=7x72f12 round=5 ms=11.536559 hash=7db9467bab1f6628

=== classical.holtwinters.vendor.log :: python3 tools/speed_cuml_arm.py ===
FSPEED lane=holtwinters arm=cuml-gpu shape=7x72f12 round=3 ms=8.192395 hash=97c0d626da007a91
FSPEED lane=holtwinters arm=cuml-gpu shape=7x72f12 round=4 ms=8.210319 hash=97c0d626da007a91
FSPEED lane=holtwinters arm=cuml-gpu shape=7x72f12 round=5 ms=8.157055 hash=97c0d626da007a91

=== classical.holtwinters.vendor-deterministic.log :: python3 tools/speed_cuml_arm.py ===
/root/mojolearn/tools/speed_cuml_arm.py:215: RuntimeWarning: overflow encountered in scalar multiply
  + np.uint64(salt + 1) * np.uint64(M3))
FSPEED-REFUSED lane=holtwinters arm=cuml-gpu-deterministic reason=NOT-DOCUMENTED: cuML's ExponentialSmoothing documentation states nothing about determinism (https://docs.nvidia.com/cuml/latest/api/generated/cuml.tsa.ExponentialSmoothing/)

=== classical.kpss.ours-native.log :: /root/gemm_leg_out/bin_classicalspeed ===
FSPEED lane=kpss arm=ours shape=8x520 round=3 ms=0.133029 hash=736cbc0b2d9adc07
FSPEED lane=kpss arm=ours shape=8x520 round=4 ms=0.133708 hash=736cbc0b2d9adc07
FSPEED lane=kpss arm=ours shape=8x520 round=5 ms=0.132967 hash=736cbc0b2d9adc07

=== classical.kpss.ours.log :: python3 bench/speed/classical_py_speed_arm.py --lane kpss --rounds 5 ===
FSPEED lane=kpss arm=ours shape=8x520 round=3 ms=0.210994 hash=4f5ec958e2e698a6
FSPEED lane=kpss arm=ours shape=8x520 round=4 ms=0.208186 hash=4f5ec958e2e698a6
FSPEED lane=kpss arm=ours shape=8x520 round=5 ms=0.206838 hash=4f5ec958e2e698a6

=== classical.kpss.vendor.log :: python3 tools/speed_cuml_arm.py ===
FSPEED lane=kpss arm=cuml-gpu shape=8x520 round=3 ms=0.462626 hash=7270ce3a3ef261c5
FSPEED lane=kpss arm=cuml-gpu shape=8x520 round=4 ms=0.439976 hash=7270ce3a3ef261c5
FSPEED lane=kpss arm=cuml-gpu shape=8x520 round=5 ms=0.434737 hash=7270ce3a3ef261c5

=== classical.kpss.vendor-deterministic.log :: python3 tools/speed_cuml_arm.py ===
/root/mojolearn/tools/speed_cuml_arm.py:215: RuntimeWarning: overflow encountered in scalar multiply
  + np.uint64(salt + 1) * np.uint64(M3))
FSPEED-REFUSED lane=kpss arm=cuml-gpu-deterministic reason=NOT-DOCUMENTED: cuML's API reference has no page for kpss_test; the cuml.tsa page names it only in "cuml.tsa is deprecated in cuML 26.08 and will be removed in the cuML 26.12 release. This includes ... cuml.tsa.stationarity.kpss_test ..." and states nothing about determinism (https://docs.nvidia.com/cuml/latest/api/cuml.tsa/)
