Mamba-3 backward, B=2 L=512 d_model=384, median of 4 calls after warm-up (ms)
stage                                       ms   share
m3bwd.s16_s15                            9.217   22.1%
m3bwd.s17_operands                       8.702   20.8%
m3bwd.s16.qk_regs                        8.547   20.5%
m3bwd.s17.tail_shared                    7.272   17.4%
m3bwd.s17.operands_shared                1.395    3.3%
m3bwd.seg_adt                            0.971    2.3%
m3bwd.angle                              0.803    1.9%
m3bwd.s17_state                          0.710    1.7%
m3bwd.bcnorm                             0.684    1.6%
m3bwd.s16.v_shared                       0.513    1.2%
m3bwd.proj_a                             0.460    1.1%
m3bwd.proj_b                             0.422    1.0%
m3bwd.qkdot                              0.418    1.0%
m3bwd.block_norm                         0.276    0.7%
m3bwd.join_current                       0.233    0.6%
m3bwd.gate_skip                          0.232    0.6%
m3bwd.join_s16_s17                       0.188    0.4%
m3bwd.reduce                             0.156    0.4%
m3bwd.s15_only                           0.132    0.3%
m3bwd.join_rotary                        0.120    0.3%
m3bwd.rotary_only                        0.078    0.2%
m3bwd.pack_in_proj                       0.064    0.2%
m3bwd.dt_partial                         0.054    0.1%
m3bwd.adt_product                        0.053    0.1%
m3bwd.dacs_to_adt                        0.032    0.1%
m3bwd.join_two                           0.027    0.1%
m3bwd.a_heavy_tail                       0.018    0.0%
total (sum of stages)                   41.778
session counters: {"weight_uploads": 1, "weight_recopies": 0, "weight_reuses": 9, "backward_reuses": 5, "backward_recomputes": 0, "stages_held": 1}
