4713 external/tcmalloc+/tcmalloc/internal/system_allocator.h:713] Warning: Unable to mbind memory (errno=1, base=0x7b9040000000, nodemask=2)
{"event": "setup", "schema": "mojolearn.lm-step-memory-probe.v3", "shape": {"batch": 1, "length": 2048, "d_model": 768, "n_heads": 12, "n_kv": 12, "head_dim": 64, "intermediate": 2048, "n_layers": 12, "vocab_size": 50257}, "profile": "mojolearn.byte-lm.b1-l2048-d768-h12-kv12-hd64-ff2048-v50257-blocks12.fp32.v3", "parameters": 162147840, "n_tensors": 110, "tokens_per_step": 2048, "seed": 93261, "budget_seconds": 300.0, "resident": true, "step_result": "lean", "witness_every_step": false, "witness_source": "export_gradients(named=False) + export_state() once after the last untimed step", "corpus": {"path": "training/corpus/enwik8/input.txt", "sha256": "2b49720ec4d78c3c9fabaee6e4179a5e997302b3a70029f30f2d582218c024a8", "manifest_sha256": "c65094a4d6a494d2882d972c20138015b4a258b310d662d4be05fb7ba2e9b423", "bytes": 100000000, "source_url": "http://mattmahoney.net/dc/enwik8.zip", "schedule": "step k row b: bytes[(k*batch*length + b*length) % (bytes - length - 1) : +length+1] as int32; targets shifted one byte"}, "attention_arm": "stash_tiled_fgrid_r32_qres_pf", "attention_arm_source": "binding", "attention_arm_requested": "stash_tiled_fgrid_r32_qres_pf", "attention_arm_default": "stash_tiled_fgrid_r32_qres_pf", "attention_arm_is_default": true, "attention_arm_resolved_hd64": "stash_tiled_fgrid_r32_qres_pf", "attention_arm_trial_build": true, "gemm_arm": null, "gemm_plan": null, "gemm_arm_requested": null, "attention_path_requested": null, "numeric_mode_env": "identical", "runtime": {"binding_file": "/root/mojolearn/python/mojolearn/identical/_mojolearn_byte_lm.so", "binding_sha256": "d68181c1bb824d06b84c0dee09c1debd4d9dc1c854dd604f7b79dd029eb836ce", "native_attention_arm": {"arm": "stash_tiled_fgrid_r32_qres_pf", "default": "stash_tiled_fgrid_r32_qres_pf", "resolved_hd64": "stash_tiled_fgrid_r32_qres_pf", "trial_build": true}, "native_numeric_mode": 1, "native_profile": "mojolearn.byte-lm.b2-l32-d32-h4-kv2-ff64-v256-blocks2.fp32.v1", "native_vendor": "cuda", "source_scope": "available direct source files; binding SHA identifies the compiled artifact", "source_sha256": {"bindings/_mojolearn_byte_lm.mojo": "0930c3862545730605ef98a5a18965f760273826fd94d9ef44bb5634d254ccc7", "loaded_python_wrapper": "e493bb36ff33f6738838444ffb5b2b77eb093c3c08bfac0f669cc4755f4a8878", "python/mojolearn/_byte_lm_config.py": "440ca11e33cfed741c8a812a8dac74ad4e938ab8e16f84ed2af5b61d3fbe56b8", "python/mojolearn/_byte_lm_impl.py": "e493bb36ff33f6738838444ffb5b2b77eb093c3c08bfac0f669cc4755f4a8878", "python/mojolearn/language_model.py": "ad7fab7986e790cf0962e1cad316f586b1cec474f54c73619b7eb08da9530533", "training/byte_lm.mojo": "1f02bbaf31e13057010c959feacea545dd91b0a41a1bb4c35f7301c3e7426204", "training/byte_lm_config.mojo": "a620c17cff6cbe5f96097609105acf774a732b72aa118d342bfbbe5e084d8606"}, "schema": "small-byte-lm.run-metadata.v1", "qualification": "authored/unqualified", "profile": "mojolearn.byte-lm.b1-l2048-d768-h12-kv12-hd64-ff2048-v50257-blocks12.fp32.v3", "device_state_lifetime": "resident", "step_result": "lean", "last_export_step": 0, "config": {"lr": 0.0010000000474974513, "beta1": 0.8999999761581421, "beta2": 0.9990000128746033, "eps": 9.99999993922529e-09, "weight_decay": 0.009999999776482582, "kind": 2, "momentum": 0.0, "dampening": 0.0, "nesterov": false, "max_norm": 0.0}, "data_schedule": {"batches": "pinned corpus 2b49720ec4d78c3c9fabaee6e4179a5e997302b3a70029f30f2d582218c024a8", "fixture": "lm step memory probe", "seed": 93261}, "completed_steps": 0, "next_batch_index": 0}, "initial_parameters_sha256": "0e36d8d036d8c4cf9704babd096061006e48071187c793c6ee471e05b449572e", "host_before_first_call": {"vm_rss_bytes": 2750267392, "vm_hwm_bytes": 3396878336, "ru_maxrss_bytes": 3396878336, "boundary": "process host memory (Python + native + pinned staging); not device memory"}, "device_tool": "nvidia-smi", "qualification": "complete-step probe at the named shape; not an opponent ratio, not a default gate", "t": 1789145768.6322243}
{"event": "step_start", "step": 1, "first_call_includes_setup": true, "ids_sha256": "c9cfaa8fb1358fb7f7b5a53eebd59b9abd169288153d3a4099b30d6703b5fef3", "t": 1789145768.6326377}
4713 external/tcmalloc+/tcmalloc/internal/system_allocator.h:713] Warning: Unable to mbind memory (errno=1, base=0x7b9080000000, nodemask=2)
4713 external/tcmalloc+/tcmalloc/internal/system_allocator.h:713] Warning: Unable to mbind memory (errno=1, base=0x7b90c0000000, nodemask=2)
{"event": "step_end", "step": 1, "seconds": 13.435795033350587, "tokens_per_second": 152.42864266062523, "first_call_includes_setup": true, "timing_boundary": "public train_step call; native binding synchronizes the context before publishing outputs; includes host readbacks, validation and gradient copies", "step_result": "lean", "witnessed": false, "witness_export_seconds": null, "loss": 10.903326034545898, "sha256": {"loss": "a39d1a773245b9bb9f5a25aac121f308d875d0f0a5a7d827bc21552112023c71"}, "completed_steps": 1, "host": {"vm_rss_bytes": 2364735488, "vm_hwm_bytes": 8188407808, "ru_maxrss_bytes": 8188407808, "boundary": "process host memory (Python + native + pinned staging); not device memory"}, "device": {"tool": "nvidia-smi", "peak_process_bytes": "unavailable", "peak_device_bytes": 14553186304, "device_total_bytes": 85520809984, "sample_interval_seconds": 0.2, "samples_total": 38, "errors_total": 0, "boundary": "vendor tool polled at the interval; peaks shorter than one interval are missed; device-wide used memory includes other processes; torch.cuda allocator statistics do not cover Mojo allocations and are not used"}, "t": 1789145782.0687904}
{"event": "final_witness", "step": 1, "completed_steps": 1, "sha256": {"gradients": "01d5fa4ae0299bbbd2de8f47d6d0d1e3c525c57b13cfa0244b130a7d7bb813f7", "parameters": "84f96dc296e50b8cea15b54787e7fbede994b0730ee5d3ed86c620cf539c05c9", "m": "b3fafccc62a0feab9ae135d3053054ea3ea8b131bbb0247959d212e13c727c0c", "v": "ae18e62bdf7a1dab7177ff4af00bf7d185845716e1af365e0bc52e362666a8f6", "flags": "360d579dbd14759b41afdf7fb5e80c0101e15150ae401d59f92a1e32d129f7cb"}, "export_seconds": 13.712902123108506, "source": "export_gradients(named=False) + export_state() once after the last untimed step", "t": 1789145795.7819784}
{"event": "component_timing_step_start", "note": "MOJOLEARN_TRANSFORMER_TIMING=1; not a timing sample", "t": 1789145795.7825623}
timing step.py_tokens 0.2740807831287384 ms
timing step.py_tokens_bytes 8196 bytes
timing step.bind_scalar_admission 0.007688 ms
timing step.upload_inputs 0.117275 ms
timing step.upload_inputs_bytes 16384 bytes
timing step.unpack_weights 1.134502 ms
timing step.unpack_weights_bytes 648591360 bytes
timing step.embedding_forward 0.052812 ms
timing block.norm1 0.317216 ms
timing attn.qkv_proj 0.812776 ms
timing attn.rope_and_cache 0.127757 ms
timing attn.fwd_regime_scan 0.100633 ms
timing attn.fwd_scratch_alloc 0.017913 ms
timing attn.fwd_r2_kernel 1.750037 ms
timing attn.fwd_corner_flag 0.023244 ms
timing attn.core 1.901545 ms
timing attn.o_proj 0.273408 ms
timing block.attention_total 3.123271 ms
timing block.mlp_and_residuals 2.058548 ms
timing block.norm1 0.308404 ms
timing attn.qkv_proj 0.801799 ms
timing attn.rope_and_cache 0.107667 ms
timing attn.fwd_regime_scan 0.092887 ms
timing attn.fwd_scratch_alloc 0.010708 ms
timing attn.fwd_r2_kernel 1.725765 ms
timing attn.fwd_corner_flag 0.02286 ms
timing attn.core 1.858901 ms
timing attn.o_proj 0.274305 ms
timing block.attention_total 3.047538 ms
timing block.mlp_and_residuals 2.031097 ms
timing block.norm1 0.305071 ms
timing attn.qkv_proj 0.812427 ms
timing attn.rope_and_cache 0.104642 ms
timing attn.fwd_regime_scan 0.093142 ms
timing attn.fwd_scratch_alloc 0.010457 ms
timing attn.fwd_r2_kernel 1.753327 ms
timing attn.fwd_corner_flag 0.022244 ms
timing attn.core 1.889236 ms
timing attn.o_proj 0.273555 ms
timing block.attention_total 3.085312 ms
timing block.mlp_and_residuals 2.036319 ms
timing block.norm1 0.307013 ms
timing attn.qkv_proj 0.802313 ms
timing attn.rope_and_cache 0.107598 ms
timing attn.fwd_regime_scan 0.093074 ms
timing attn.fwd_scratch_alloc 0.02019 ms
timing attn.fwd_r2_kernel 1.724069 ms
timing attn.fwd_corner_flag 0.026324 ms
timing attn.core 1.869511 ms
timing attn.o_proj 0.274487 ms
timing block.attention_total 3.058877 ms
timing block.mlp_and_residuals 2.036939 ms
timing block.norm1 0.310454 ms
timing attn.qkv_proj 0.803082 ms
timing attn.rope_and_cache 0.105763 ms
timing attn.fwd_regime_scan 0.095658 ms
timing attn.fwd_scratch_alloc 0.012874 ms
timing attn.fwd_r2_kernel 1.740541 ms
timing attn.fwd_corner_flag 0.02437 ms
timing attn.core 1.879211 ms
timing attn.o_proj 0.273954 ms
timing block.attention_total 3.068383 ms
timing block.mlp_and_residuals 2.030026 ms
timing block.norm1 0.306227 ms
timing attn.qkv_proj 0.803334 ms
timing attn.rope_and_cache 0.10675 ms
timing attn.fwd_regime_scan 0.09323 ms
timing attn.fwd_scratch_alloc 0.010318 ms
timing attn.fwd_r2_kernel 1.710615 ms
timing attn.fwd_corner_flag 0.022442 ms
timing attn.core 1.842254 ms
timing attn.o_proj 0.27328 ms
timing block.attention_total 3.030443 ms
timing block.mlp_and_residuals 2.033443 ms
timing block.norm1 0.304214 ms
timing attn.qkv_proj 0.800757 ms
timing attn.rope_and_cache 0.109263 ms
timing attn.fwd_regime_scan 0.091455 ms
timing attn.fwd_scratch_alloc 0.010716 ms
timing attn.fwd_r2_kernel 1.738822 ms
timing attn.fwd_corner_flag 0.02321 ms
timing attn.core 1.869845 ms
timing attn.o_proj 0.273174 ms
timing block.attention_total 3.057632 ms
timing block.mlp_and_residuals 2.027826 ms
timing block.norm1 0.296885 ms
timing attn.qkv_proj 0.803377 ms
timing attn.rope_and_cache 0.10697 ms
timing attn.fwd_regime_scan 0.0931 ms
timing attn.fwd_scratch_alloc 0.010743 ms
timing attn.fwd_r2_kernel 1.714223 ms
timing attn.fwd_corner_flag 0.023085 ms
timing attn.core 1.846839 ms
timing attn.o_proj 0.275124 ms
timing block.attention_total 3.037975 ms
timing block.mlp_and_residuals 2.033556 ms
timing block.norm1 0.307389 ms
timing attn.qkv_proj 0.802896 ms
timing attn.rope_and_cache 0.106292 ms
timing attn.fwd_regime_scan 0.093011 ms
timing attn.fwd_scratch_alloc 0.010532 ms
timing attn.fwd_r2_kernel 1.74174 ms
timing attn.fwd_corner_flag 0.022092 ms
timing attn.core 1.872852 ms
timing attn.o_proj 0.273986 ms
timing block.attention_total 3.060549 ms
timing block.mlp_and_residuals 2.037332 ms
timing block.norm1 0.308475 ms
timing attn.qkv_proj 0.802 ms
timing attn.rope_and_cache 0.103788 ms
timing attn.fwd_regime_scan 0.098106 ms
timing attn.fwd_scratch_alloc 0.011308 ms
timing attn.fwd_r2_kernel 1.750158 ms
timing attn.fwd_corner_flag 0.022053 ms
timing attn.core 1.887106 ms
timing attn.o_proj 0.273093 ms
timing block.attention_total 3.071786 ms
timing block.mlp_and_residuals 2.041611 ms
timing block.norm1 0.309427 ms
timing attn.qkv_proj 0.802279 ms
timing attn.rope_and_cache 0.106298 ms
timing attn.fwd_regime_scan 0.092223 ms
timing attn.fwd_scratch_alloc 0.010587 ms
timing attn.fwd_r2_kernel 1.721256 ms
timing attn.fwd_corner_flag 0.022466 ms
timing attn.core 1.852004 ms
timing attn.o_proj 0.273759 ms
timing block.attention_total 3.03887 ms
timing block.mlp_and_residuals 2.037006 ms
timing block.norm1 0.30876 ms
timing attn.qkv_proj 0.802898 ms
timing attn.rope_and_cache 0.105973 ms
timing attn.fwd_regime_scan 0.092494 ms
timing attn.fwd_scratch_alloc 0.010512 ms
timing attn.fwd_r2_kernel 1.741747 ms
timing attn.fwd_corner_flag 0.022625 ms
timing attn.core 1.872839 ms
timing attn.o_proj 0.273277 ms
timing block.attention_total 3.059675 ms
timing block.mlp_and_residuals 2.0325 ms
timing envelope.blocks_forward 64.929587 ms
timing step.head_forward 13.815107 ms
timing step.ce_refuse_scan 0.381874 ms
timing step.ce_refuse_scan_bytes 411705344 bytes
timing step.ce_refuse_scan_download_bytes 8192 bytes
timing step.ce_forward 1.697494 ms
timing step.loss_download 0.019135 ms
timing step.loss_download_bytes 4 bytes
timing step.ce_backward 0.980769 ms
timing step.head_backward_da 14.321018 ms
timing step.head_backward_db 13.961792 ms
timing bwd.before_attention 0.002918 ms
timing attn.bwd_regime_scan 0.131493 ms
timing attn.bwd_scratch_alloc 0.01514 ms
timing attn.bwd_zdot_stash_pf 5.511186 ms
timing attn.bwd_dq_tiled_pf 1.051269 ms
timing attn.bwd_dkdv_tiled_pf 1.00526 ms
timing attn.bwd_corner_flag 0.026494 ms
timing bwd.attention 7.749431 ms
timing bwd.after_attention 1.94254 ms
timing bwd.before_attention 0.002887 ms
timing attn.bwd_regime_scan 0.128845 ms
timing attn.bwd_scratch_alloc 0.011734 ms
timing attn.bwd_zdot_stash_pf 5.526391 ms
timing attn.bwd_dq_tiled_pf 1.039147 ms
timing attn.bwd_dkdv_tiled_pf 1.046072 ms
timing attn.bwd_corner_flag 0.025606 ms
timing bwd.attention 7.784765 ms
timing bwd.after_attention 1.932613 ms
timing bwd.before_attention 0.00288 ms
timing attn.bwd_regime_scan 0.12853 ms
timing attn.bwd_scratch_alloc 0.011256 ms
timing attn.bwd_zdot_stash_pf 5.514363 ms
timing attn.bwd_dq_tiled_pf 1.051674 ms
timing attn.bwd_dkdv_tiled_pf 1.032244 ms
timing attn.bwd_corner_flag 0.025767 ms
timing bwd.attention 7.771732 ms
timing bwd.after_attention 1.921578 ms
timing bwd.before_attention 0.00293 ms
timing attn.bwd_regime_scan 0.130908 ms
timing attn.bwd_scratch_alloc 0.01193 ms
timing attn.bwd_zdot_stash_pf 5.529245 ms
timing attn.bwd_dq_tiled_pf 1.041504 ms
timing attn.bwd_dkdv_tiled_pf 1.017875 ms
timing attn.bwd_corner_flag 0.025549 ms
timing bwd.attention 7.764383 ms
timing bwd.after_attention 1.924556 ms
timing bwd.before_attention 0.002883 ms
timing attn.bwd_regime_scan 0.131108 ms
timing attn.bwd_scratch_alloc 0.01154 ms
timing attn.bwd_zdot_stash_pf 5.514084 ms
timing attn.bwd_dq_tiled_pf 1.040604 ms
timing attn.bwd_dkdv_tiled_pf 1.048302 ms
timing attn.bwd_corner_flag 0.025372 ms
timing bwd.attention 7.777914 ms
timing bwd.after_attention 1.921605 ms
timing bwd.before_attention 0.002917 ms
timing attn.bwd_regime_scan 0.128728 ms
timing attn.bwd_scratch_alloc 0.011038 ms
timing attn.bwd_zdot_stash_pf 5.518005 ms
timing attn.bwd_dq_tiled_pf 1.046907 ms
timing attn.bwd_dkdv_tiled_pf 1.030682 ms
timing attn.bwd_corner_flag 0.025675 ms
timing bwd.attention 7.768215 ms
timing bwd.after_attention 1.921759 ms
timing bwd.before_attention 0.002878 ms
timing attn.bwd_regime_scan 0.132089 ms
timing attn.bwd_scratch_alloc 0.011175 ms
timing attn.bwd_zdot_stash_pf 5.516799 ms
timing attn.bwd_dq_tiled_pf 1.036863 ms
timing attn.bwd_dkdv_tiled_pf 1.009082 ms
timing attn.bwd_corner_flag 0.025441 ms
timing bwd.attention 7.739229 ms
timing bwd.after_attention 1.920864 ms
timing bwd.before_attention 0.002908 ms
timing attn.bwd_regime_scan 0.127869 ms
timing attn.bwd_scratch_alloc 0.010747 ms
timing attn.bwd_zdot_stash_pf 5.51374 ms
timing attn.bwd_dq_tiled_pf 1.04206 ms
timing attn.bwd_dkdv_tiled_pf 1.044218 ms
timing attn.bwd_corner_flag 0.026082 ms
timing bwd.attention 7.771518 ms
timing bwd.after_attention 1.920934 ms
timing bwd.before_attention 0.002858 ms
timing attn.bwd_regime_scan 0.128847 ms
timing attn.bwd_scratch_alloc 0.010735 ms
timing attn.bwd_zdot_stash_pf 5.526357 ms
timing attn.bwd_dq_tiled_pf 1.050513 ms
timing attn.bwd_dkdv_tiled_pf 1.050923 ms
timing attn.bwd_corner_flag 0.025312 ms
timing bwd.attention 7.799274 ms
timing bwd.after_attention 1.923613 ms
timing bwd.before_attention 0.002872 ms
timing attn.bwd_regime_scan 0.139912 ms
timing attn.bwd_scratch_alloc 0.011162 ms
timing attn.bwd_zdot_stash_pf 5.503308 ms
timing attn.bwd_dq_tiled_pf 1.043804 ms
timing attn.bwd_dkdv_tiled_pf 1.014154 ms
timing attn.bwd_corner_flag 0.028006 ms
timing bwd.attention 7.747525 ms
timing bwd.after_attention 1.923741 ms
timing bwd.before_attention 0.002888 ms
timing attn.bwd_regime_scan 0.12898 ms
timing attn.bwd_scratch_alloc 0.011419 ms
timing attn.bwd_zdot_stash_pf 5.520459 ms
timing attn.bwd_dq_tiled_pf 1.049667 ms
timing attn.bwd_dkdv_tiled_pf 1.025723 ms
timing attn.bwd_corner_flag 0.026208 ms
timing bwd.attention 7.769599 ms
timing bwd.after_attention 1.925007 ms
timing bwd.before_attention 0.002911 ms
timing attn.bwd_regime_scan 0.129616 ms
timing attn.bwd_scratch_alloc 0.010832 ms
timing attn.bwd_zdot_stash_pf 5.527424 ms
timing attn.bwd_dq_tiled_pf 1.040156 ms
timing attn.bwd_dkdv_tiled_pf 1.029326 ms
timing attn.bwd_corner_flag 0.025329 ms
timing bwd.attention 7.76939 ms
timing bwd.after_attention 1.929191 ms
timing envelope.blocks_backward 169.213136 ms
timing step.embedding_backward 2.515565 ms
timing step.pack_grads 1.095343 ms
timing step.pack_grads_bytes 648591360 bytes
timing step.validate_grads_scan 0.54938 ms
timing step.validate_grads_scan_bytes 648591360 bytes
timing step.shadow_copy 2.307898 ms
timing step.shadow_copy_bytes 1945774080 bytes
timing step.opt_refuse_scan 2.166009 ms
timing step.opt_refuse_scan_bytes 2594365440 bytes
timing step.opt_refuse_scan_download_bytes 0 bytes
timing step.optimizer 1.706916 ms
timing step.validate_after_scan 2.140362 ms
timing step.validate_after_scan_bytes 2594365440 bytes
timing step.bind_final_sync 0.001973 ms
timing step.bind_publish 0.004125 ms
timing step.bind_publish_bytes 444 bytes
timing envelope.native_call 293.4369910508394 ms
timing step.py_flags 0.1505427062511444 ms
timing step.py_flags_bytes 440 bytes
{"event": "component_timing_step_end", "seconds": 0.2940239477902651, "t": 1789145796.0766578}
