FSPEED-NOTE lane=gbdt-depthwise arms=cpu,gpu,opencl metric=devices delta=3.000000 reason=AMD box: CPU arms run for libraries with no AMD GPU path, on all cores (ENGINEERING_RULES.md section 10); every arm name carries its device
FSPEED-NOTE lane=gbdt-depthwise arms=ours metric=devices delta=3.000000 reason=devices=cpu,gpu,opencl (explicit); AMD box: an opponent with an AMD GPU path runs on the GPU, one without runs on this box's CPU on all cores (ENGINEERING_RULES.md section 10); the arm name says which
FSPEED-IMPORT-ORDER lane=gbdt-depthwise first=opponents
BENCH_BINDING arm=ours requested=identical resolved=identical compiled=identical vendor=hip path=/root/mojolearn/python/mojolearn/identical/_mojolearn_gbdt.so
FSPEED-SCALE stage=before rows=1000000 features=220 input_mib=839.2 large_candidate=true
FSPEED-REMINDER stage=before Optimize for large datasets; confirm representative feature/class counts, tree depth and memory pressure before making speed/default decisions.
FSPEED-HEADER family=forest lane=gbdt-depthwise arm=ours mode=IDENTICAL device=AMD_Instinct_Mi325X_VF rounds=5 size=shipped
FSPEED-HEADER family=forest lane=gbdt-depthwise arm=catboost-cpu mode=IDENTICAL device=AMD_Instinct_Mi325X_VF rounds=5 size=shipped
FSPEED-HEADER family=forest lane=gbdt-depthwise arm=xgboost-gpu mode=IDENTICAL device=AMD_Instinct_Mi325X_VF rounds=5 size=shipped
FSPEED-WARMUP lane=gbdt-depthwise arm=ours shape=istella-1000000x220 ms=2367.201
FSPEED-WARMUP lane=gbdt-depthwise arm=catboost-cpu shape=istella-1000000x220 ms=6718.970
FSPEED-WARMUP lane=gbdt-depthwise arm=xgboost-gpu shape=istella-1000000x220 ms=1642.759
FSPEED-ORDER lane=gbdt-depthwise round=1 arms=ours,catboost-cpu,xgboost-gpu
FSPEED lane=gbdt-depthwise arm=ours shape=istella-1000000x220 round=1 ms=1999.580 hash=9a05b34e3a728082
FSPEED lane=gbdt-depthwise arm=catboost-cpu shape=istella-1000000x220 round=1 ms=6644.817 hash=0df4b2a25d5c9de2
FSPEED lane=gbdt-depthwise arm=xgboost-gpu shape=istella-1000000x220 round=1 ms=1569.851 hash=4d80a2001a82f486
FSPEED-ORDER lane=gbdt-depthwise round=2 arms=ours,catboost-cpu,xgboost-gpu
FSPEED lane=gbdt-depthwise arm=ours shape=istella-1000000x220 round=2 ms=1978.922 hash=0278b8ab824a9602
FSPEED lane=gbdt-depthwise arm=catboost-cpu shape=istella-1000000x220 round=2 ms=6662.520 hash=0df4b2a25d5c9de2
FSPEED lane=gbdt-depthwise arm=xgboost-gpu shape=istella-1000000x220 round=2 ms=1568.721 hash=4d80a2001a82f486
FSPEED-ORDER lane=gbdt-depthwise round=3 arms=ours,catboost-cpu,xgboost-gpu
FSPEED lane=gbdt-depthwise arm=ours shape=istella-1000000x220 round=3 ms=1982.172 hash=d4f6befba3a4c776
FSPEED lane=gbdt-depthwise arm=catboost-cpu shape=istella-1000000x220 round=3 ms=6739.558 hash=0df4b2a25d5c9de2
FSPEED lane=gbdt-depthwise arm=xgboost-gpu shape=istella-1000000x220 round=3 ms=1596.952 hash=4d80a2001a82f486
FSPEED-ORDER lane=gbdt-depthwise round=4 arms=ours,catboost-cpu,xgboost-gpu
FSPEED lane=gbdt-depthwise arm=ours shape=istella-1000000x220 round=4 ms=2007.419 hash=b9d19799b8dc1909
FSPEED lane=gbdt-depthwise arm=catboost-cpu shape=istella-1000000x220 round=4 ms=6671.000 hash=0df4b2a25d5c9de2
FSPEED lane=gbdt-depthwise arm=xgboost-gpu shape=istella-1000000x220 round=4 ms=1582.204 hash=4d80a2001a82f486
FSPEED-ORDER lane=gbdt-depthwise round=5 arms=ours,catboost-cpu,xgboost-gpu
FSPEED lane=gbdt-depthwise arm=ours shape=istella-1000000x220 round=5 ms=1986.635 hash=c7ed2fe2e3336ff2
FSPEED lane=gbdt-depthwise arm=catboost-cpu shape=istella-1000000x220 round=5 ms=6677.174 hash=0df4b2a25d5c9de2
FSPEED lane=gbdt-depthwise arm=xgboost-gpu shape=istella-1000000x220 round=5 ms=1574.901 hash=4d80a2001a82f486
FSPEED-ACC lane=gbdt-depthwise arm=ours metric=logloss value=0.133018
FSPEED-ACC lane=gbdt-depthwise arm=ours metric=auc value=0.969407
FSPEED-ACC lane=gbdt-depthwise arm=catboost-cpu metric=logloss value=0.128097
FSPEED-ACC lane=gbdt-depthwise arm=catboost-cpu metric=auc value=0.971895
FSPEED-ACC lane=gbdt-depthwise arm=xgboost-gpu metric=logloss value=0.124822
FSPEED-ACC lane=gbdt-depthwise arm=xgboost-gpu metric=auc value=0.973880
FSPEED-SCALE stage=after rows=1000000 features=220 input_mib=839.2 large_candidate=true
FSPEED-REMINDER stage=after Optimize for large datasets; confirm representative feature/class counts, tree depth and memory pressure before making speed/default decisions.
