1154 external/tcmalloc+/tcmalloc/internal/system_allocator.h:713] Warning: Unable to mbind memory (errno=1, base=0x100cc0000000, nodemask=1)
== dispatcher vs the untuned plan, BITS and TIME ==
   OK  gram.32x32x1M [SPLITK(leaf kernel -> global workspace -> level-wise threadgroup fold) -> TILE 16x16 KS=32 (256 thr, 1-D grid, no swizzle)]  m=32 n=32 k=1000000  BITS MATCH  untuned=49.96992933333333ms dispatch=85.54872766666666ms  speedup=0.5841107249196845x
   OK  gram.32x32x64K [SPLITK(leaf kernel -> global workspace -> level-wise threadgroup fold) -> TILE 16x16 KS=32 (256 thr, 1-D grid, no swizzle)]  m=32 n=32 k=65536  BITS MATCH  untuned=0.940828ms dispatch=4.292593666666667ms  speedup=0.21917471651366022x
   OK  gram.128sq.x100003 [TILE 16x16 KS=32 (256 thr, 1-D grid, no swizzle) -> TILE 16x16 KS=32 (256 thr, 1-D grid, no swizzle)]  m=128 n=128 k=100003  BITS MATCH  untuned=8.629519333333333ms dispatch=8.629423ms  speedup=1.0000111633574265x
   OK  ols.step1.16x16x64K [SPLITK(leaf kernel -> global workspace -> level-wise threadgroup fold) -> TILE 16x16 KS=32 (256 thr, 1-D grid, no swizzle)]  m=16 n=16 k=65536  BITS MATCH  untuned=0.18113133333333334ms dispatch=4.108287ms  speedup=0.044089259911328824x
   OK  pca.transform.8192x4x4 [TILE 32x8 KS=16 (256 thr, 1-D grid, reversed tiles) -> TILE 16x16 KS=32 (256 thr, 1-D grid, no swizzle)]  m=8192 n=4 k=4  BITS MATCH  untuned=0.011693333333333333ms dispatch=0.012679ms  speedup=0.9222599048295081x
   OK  pca.transform.wide.8192x64x128 [TILE 16x16 KS=32 (256 thr, 1-D grid, no swizzle) -> TILE 16x16 KS=32 (256 thr, 1-D grid, no swizzle)]  m=8192 n=64 k=128  BITS MATCH  untuned=0.087934ms dispatch=0.086722ms  speedup=1.0139756924425176x
   OK  kmeans.dist.4096x64x64 [TILE 16x16 KS=32 (256 thr, 1-D grid, no swizzle) -> TILE 16x16 KS=32 (256 thr, 1-D grid, no swizzle)]  m=4096 n=64 k=64  BITS MATCH  untuned=0.032447666666666666ms dispatch=0.032094333333333336ms  speedup=1.0110092124258694x
   OK  ols.predict.gemv.64Kx16 [TILE 32x8 KS=16 (256 thr, 1-D grid, reversed tiles) -> TILE 16x16 KS=32 (256 thr, 1-D grid, no swizzle)]  m=65536 n=1 k=16  BITS MATCH  untuned=0.029630333333333335ms dispatch=0.05055766666666667ms  speedup=0.586070032240412x
   OK  llama8b.qkv.t1 [SPLITK(leaf kernel -> global workspace -> level-wise threadgroup fold) -> TILE 16x16 KS=32 (256 thr, 1-D grid, no swizzle)]  m=1 n=4096 k=4096  BITS MATCH  untuned=0.154728ms dispatch=0.37791433333333335ms  speedup=0.40942612214584784x
   OK  llama8b.qkv.t8 [TILE 8x32 KS=32 (256 thr, 2-D grid, no swizzle) -> TILE 16x16 KS=32 (256 thr, 1-D grid, no swizzle)]  m=8 n=4096 k=4096  BITS MATCH  untuned=0.43667066666666665ms dispatch=0.36816ms  speedup=1.1860893814283644x
   OK  llama8b.qkv.t512 [TILE 16x16 KS=32 (256 thr, 1-D grid, no swizzle) -> TILE 16x16 KS=32 (256 thr, 1-D grid, no swizzle)]  m=512 n=4096 k=4096  BITS MATCH  untuned=8.513342666666667ms dispatch=8.519487333333334ms  speedup=0.9992787515931122x
   OK  llama8b.mlp_up.t1 [TILE 8x32 KS=32 (256 thr, 2-D grid, no swizzle) -> TILE 16x16 KS=32 (256 thr, 1-D grid, no swizzle)]  m=1 n=14336 k=4096  BITS MATCH  untuned=0.7060213333333333ms dispatch=1.0436183333333333ms  speedup=0.6765129653081985x
   OK  llama8b.mlp_up.t8 [TILE 8x32 KS=32 (256 thr, 2-D grid, no swizzle) -> TILE 16x16 KS=32 (256 thr, 1-D grid, no swizzle)]  m=8 n=14336 k=4096  BITS MATCH  untuned=0.7301416666666667ms dispatch=1.0515726666666667ms  speedup=0.6943330592465x
   OK  llama8b.mlp_up.t512 [TILE 16x16 KS=32 (256 thr, 1-D grid, no swizzle) -> TILE 16x16 KS=32 (256 thr, 1-D grid, no swizzle)]  m=512 n=14336 k=4096  BITS MATCH  untuned=29.199924ms dispatch=29.199498333333334ms  speedup=1.0000145778760239x
   OK  llama8b.mlp_down.t1 [SPLITK(leaf kernel -> global workspace -> level-wise threadgroup fold) -> TILE 16x16 KS=32 (256 thr, 1-D grid, no swizzle)]  m=1 n=4096 k=14336  BITS MATCH  untuned=0.493226ms dispatch=1.2937006666666666ms  speedup=0.38125202584214485x
   OK  llama8b.mlp_down.t8 [TILE 8x32 KS=32 (256 thr, 2-D grid, no swizzle) -> TILE 16x16 KS=32 (256 thr, 1-D grid, no swizzle)]  m=8 n=4096 k=14336  BITS MATCH  untuned=1.5076103333333333ms dispatch=1.267821ms  speedup=1.1891350067031017x
   OK  llama8b.mlp_down.t512 [TILE 16x16 KS=32 (256 thr, 1-D grid, no swizzle) -> TILE 16x16 KS=32 (256 thr, 1-D grid, no swizzle)]  m=512 n=4096 k=14336  BITS MATCH  untuned=29.673581333333335ms dispatch=29.676490333333334ms  speedup=0.999901976279293x
   OK  llama8b.lm_head.t1 [TILE 8x32 KS=32 (256 thr, 2-D grid, no swizzle) -> TILE 16x16 KS=32 (256 thr, 1-D grid, no swizzle)]  m=1 n=128256 k=4096  BITS MATCH  untuned=4.536133ms dispatch=8.200221666666666ms  speedup=0.5531719975862442x
   OK  llama8b.lm_head.t8 [TILE 8x32 KS=32 (256 thr, 2-D grid, no swizzle) -> TILE 16x16 KS=32 (256 thr, 1-D grid, no swizzle)]  m=8 n=128256 k=4096  BITS MATCH  untuned=4.628436ms dispatch=8.235633ms  speedup=0.5620012450773365x
   OK  llama8b.lm_head.t512 [TILE 16x16 KS=32 (256 thr, 1-D grid, no swizzle) -> TILE 16x16 KS=32 (256 thr, 1-D grid, no swizzle)]  m=64 n=128256 k=4096  BITS MATCH  untuned=32.56622566666667ms dispatch=32.56236066666666ms  speedup=1.0001186953255499x

   20 match, 0 MOVED, 0 refused.
