# vendor=nvidia-nvidia-rtx-2000-ada-gene-sm_89 commit=de2333109583b504395efb1265249aa1c02251b0 (commit.txt)
# identity_break  mode=identical  2026-09-16 16:19:47  Linux-6.8.0-138-generic-x86_64-with-glibc2.35
# per lane: the train row, then an `infer` row (held-out rows), a `model` row (saved bytes) and a `batch` row (whole batch vs rows alone, a split and prefixes) where the lane has them
| lane                   | base             | ties             | hashed           | wide             | denormal         | denormal_ftz     | dupes            | odd              | negative         |
|------------------------|------------------|------------------|------------------|------------------|------------------|------------------|------------------|------------------|------------------|
| dbscan                 | 64df251bd00de81b | b7535355c1581603 | d17808b4b9261d5d | d17808b4b9261d5d | 9c0b3563fc16b652 | 9c0b3563fc16b652 | 64df251bd00de81b | 54d129f45630ea84 | bb6bd31e075693e9 |
| dbscan infer           | e6e720fcb54b180e | 63990f64c63d296b | 3a6472714f51d8ab | 3a6472714f51d8ab | 3a6472714f51d8ab | 3a6472714f51d8ab | e6e720fcb54b180e | 22e3872de99d04f6 | 3a6472714f51d8ab |
| dbscan model           | c36812c6260e7ee6 | 7c766eb707695149 | 22074f6988a2878e | 12450128a5b4be8b | af8f5b102930fc66 | ea374d169392e62d | c36812c6260e7ee6 | 8f762291a36100db | 6211d942d0c33fa2 |
| dbscan batch           | f7e7d24690d3107e | be9e40c554329827 | a8e67882b424a053 | a8e67882b424a053 | a8e67882b424a053 | a8e67882b424a053 | f7e7d24690d3107e | ca397a1032011cd9 | a8e67882b424a053 |
| agglomerative          | ad11b976bfbfc20b | 7dea8a094150b8a9 | 196c79a60c16166c | 24b2baa4533fb568 | b05982504c7e8646 | b05982504c7e8646 | ad11b976bfbfc20b | c747a33eff11bbe1 | 795f9975eb5ed985 |
| agglomerative infer    | 3a6472714f51d8ab | d161892b4ef55128 | 26e420cf82c51709 | 3a6472714f51d8ab | 2b2d3f329eec69f7 | 2b2d3f329eec69f7 | 3a6472714f51d8ab | 3a6472714f51d8ab | 3a6472714f51d8ab |
| agglomerative model    | 9bb9f86300c44f5f | 64a8cd1101ec17ba | a18b7b9941cdcfc6 | 921238d7a4940b9c | 0749a7721feb2709 | 60f83b3658dd10ab | 9bb9f86300c44f5f | dc518a35765a3b5c | 573732d2cc0397a8 |
| agglomerative batch    | a8e67882b424a053 | a8e67882b424a053 | a8e67882b424a053 | a8e67882b424a053 | a2740d2ed4d74812 | a2740d2ed4d74812 | a8e67882b424a053 | a8e67882b424a053 | a8e67882b424a053 |
| spectral               | 112c7b0d7556a6ff | 3976be59c005d8f8 | 63111a283f247f0c | a65623b09f32292e | 96081e4016bb85b3 | 96081e4016bb85b3 | 112c7b0d7556a6ff | c8c26f83355366a6 | 0ae906c32d701fe3 |
| spectral infer         | a7f3488317ff571e | 3a3fc8018ebcbca3 | 0227830c9fd1fe3e | 586e97f6021ef95f | 2afcfda3fa76f90f | 2afcfda3fa76f90f | a7f3488317ff571e | 39fdef517641e388 | 9125742811a1c301 |
| spectral model         | 3e34622ced4d3c60 | ad1e356159f986fd | dbca01a677a6db83 | a985160042099a54 | 508b97806e7b4642 | dbaf9dde2a1654b4 | 3e34622ced4d3c60 | 5b584f9ad9a4334f | f530608624dd3f0b |
| spectral batch         | fedcfcc1f97d1520 | fa770a3b846ea54d | 62a05c74d9804ffb | 1669b42120ecc80a | a34a571fd486b72b | a34a571fd486b72b | fedcfcc1f97d1520 | 3b67216c0796907b | bf7af370b26728ba |
| dbscan-brute-l1        | 0e71495be68d20c8 | b7535355c1581603 | eeb466d17ea9bfdc | d17808b4b9261d5d | 21d5ea1c72f42a78 | 21d5ea1c72f42a78 | 0e71495be68d20c8 | 4b20175965069a15 | 06e83e9f6128fb04 |
| dbscan-brute-l1 infer  | 291d58b2feb4ae4e | 63990f64c63d296b | d1549d3aba82ee07 | 3a6472714f51d8ab | 3a6472714f51d8ab | 3a6472714f51d8ab | 291d58b2feb4ae4e | 1bec30ca0af7cd26 | d1fc6b1b88e17ea6 |
| dbscan-brute-l1 model  | 619ee7c70d1194cb | d68a5069f692910e | 348e1dd4f2d4f25e | 0a40d6dc52184ff0 | 8506a36c8f053030 | 2355a0495915c885 | 619ee7c70d1194cb | de8d884e6f24a87b | bce417cc6e526ff3 |
| dbscan-brute-l1 batch  | df8d83ccb3f26700 | be9e40c554329827 | 829b11013d9ad8d2 | a8e67882b424a053 | a8e67882b424a053 | a8e67882b424a053 | df8d83ccb3f26700 | e01e7d990906951f | f7e7d24690d3107e |
| dbscan-weighted        | 3aa7f30692765cf2 | 525addc009cffb40 | d17808b4b9261d5d | d17808b4b9261d5d | d3c48a5338826d18 | d3c48a5338826d18 | 3aa7f30692765cf2 | 6a9b77cffd9e2493 | bb6bd31e075693e9 |
| dbscan-weighted infer  | 29d206737766caf0 | 9c8a2ca10937b6b1 | 3a6472714f51d8ab | 3a6472714f51d8ab | 3a6472714f51d8ab | 3a6472714f51d8ab | 29d206737766caf0 | 22e3872de99d04f6 | 3a6472714f51d8ab |
| dbscan-weighted model  | 0db3aac99393d616 | cca8baca73f60bac | 22074f6988a2878e | 12450128a5b4be8b | 0c1ef67464dfa955 | 64b59d15319ec18c | 0db3aac99393d616 | 2c5e1b04c08b5d97 | fd44ca1342fbd3c5 |
| dbscan-weighted batch  | f7e7d24690d3107e | 1b1361f65f9b5250 | a8e67882b424a053 | a8e67882b424a053 | a8e67882b424a053 | a8e67882b424a053 | f7e7d24690d3107e | ca397a1032011cd9 | a8e67882b424a053 |
| spectral-precomputed   | 8df6d51dbff9ddaf | 32ed236da838cb22 | fafd67318e66c8e9 | ebeb9c5c4008a66d | 134d1fdd8654374a | 134d1fdd8654374a | 8df6d51dbff9ddaf | bbe40df82c9e623a | 6231ccf8fca2283f |
| spectral-precomputed infer | bb2835f47f32e74d | 77b660ca4b2a42e2 | 3aed3a887e2b0c41 | c0ba56eeb5dcea34 | 7cd8401e0437ce89 | 7cd8401e0437ce89 | bb2835f47f32e74d | dce8f63e8bca9703 | 423f584e1c5cce33 |
| spectral-precomputed model | 6b04b89cfa623e45 | ea7aeb5dfe06471c | 57673edfae833da5 | 710be55734b0c960 | 0df4233607620b15 | 0df4233607620b15 | 6b04b89cfa623e45 | c9fda73cee1e07c0 | 8ff2c152fc6fba9f |
| spectral-precomputed batch | 403839d9afb03ede | eba1461e59f20122 | f37e31ace943997d | 73a372dffb458803 | 600fc84e875132a6 | 600fc84e875132a6 | 403839d9afb03ede | b7fdd3972dd692b3 | 43d927a591f2c6fa |

cells=54 stable=54 moved=0 refused=0
infer: stable=54
model: stable=54
batch: stable=54
wrote /root/gemm_leg_out/saved-model-gaps/nvidia-nvidia-rtx-2000-ada-gene-sm_89.json
