# vendor=cpu-amd-epyc-9655-96-core-processor commit=763565275bb976f09f03149ab42884faf72ac451 (MOJOLEARN_COMMIT) host.cpu_model='AMD EPYC 9655 96-Core Processor' host.column=cpu host.families=['_mojolearn_arima_host', '_mojolearn_byte_lm_host', '_mojolearn_core_host', '_mojolearn_embedding_host', '_mojolearn_embedding_infer_host', '_mojolearn_estimators_host', '_mojolearn_forecast_host', '_mojolearn_forest_host', '_mojolearn_gbdt_host', '_mojolearn_gp_host', '_mojolearn_gp_infer_host', '_mojolearn_hdbscan_host', '_mojolearn_hdbscan_infer_host', '_mojolearn_ivf_host', '_mojolearn_ivf_search_host', '_mojolearn_kernel_methods_host', '_mojolearn_linalg_host', '_mojolearn_mamba_host', '_mojolearn_metrics_host', '_mojolearn_mixture_host', '_mojolearn_mixture_infer_host', '_mojolearn_neural_host', '_mojolearn_preprocessing_host', '_mojolearn_resample_host', '_mojolearn_rf_host', '_mojolearn_solver_host', '_mojolearn_svm_host', '_mojolearn_tokenizer_host', '_mojolearn_training_host', '_mojolearn_transformer_host', '_mojolearn_trees_host', '_mojolearn_tsa_host']
# identity_break  mode=identical  2026-09-17 21:46:27  Linux-6.8.0-90-generic-x86_64-with-glibc2.35
# per lane: the train row, then an `infer` row (held-out rows), a `model` row (saved bytes) and a `batch` row (whole batch vs rows alone, a split and prefixes) where the lane has them
| lane                   | base             | ties             | hashed           | wide             | denormal         | denormal_ftz     | dupes            | odd              | negative         |
|------------------------|------------------|------------------|------------------|------------------|------------------|------------------|------------------|------------------|------------------|
# START logistic-elasticnet/base repeat=1/train
# DONE logistic-elasticnet/base repeat=1/train 0.239s
# START logistic-elasticnet/base repeat=1/infer-save-reload
# DONE logistic-elasticnet/base repeat=1/infer-save-reload 0.003s
# START logistic-elasticnet/base repeat=1/batch
# DONE logistic-elasticnet/base repeat=1/batch 0.003s
# START logistic-elasticnet/base repeat=1/stepfull
# DONE logistic-elasticnet/base repeat=1/stepfull 0.000s
# START logistic-elasticnet/base repeat=2/train
# DONE logistic-elasticnet/base repeat=2/train 0.232s
# START logistic-elasticnet/base repeat=2/infer-save-reload
# DONE logistic-elasticnet/base repeat=2/infer-save-reload 0.001s
# START logistic-elasticnet/base repeat=2/batch
# DONE logistic-elasticnet/base repeat=2/batch 0.002s
# START logistic-elasticnet/base repeat=2/stepfull
# DONE logistic-elasticnet/base repeat=2/stepfull 0.000s
# CELL logistic-elasticnet/base STABLE 0.481s
# START logistic-elasticnet/ties repeat=1/train
# DONE logistic-elasticnet/ties repeat=1/train 0.331s
# START logistic-elasticnet/ties repeat=1/infer-save-reload
# DONE logistic-elasticnet/ties repeat=1/infer-save-reload 0.002s
# START logistic-elasticnet/ties repeat=1/batch
# DONE logistic-elasticnet/ties repeat=1/batch 0.002s
# START logistic-elasticnet/ties repeat=1/stepfull
# DONE logistic-elasticnet/ties repeat=1/stepfull 0.000s
# START logistic-elasticnet/ties repeat=2/train
# DONE logistic-elasticnet/ties repeat=2/train 0.336s
# START logistic-elasticnet/ties repeat=2/infer-save-reload
# DONE logistic-elasticnet/ties repeat=2/infer-save-reload 0.002s
# START logistic-elasticnet/ties repeat=2/batch
# DONE logistic-elasticnet/ties repeat=2/batch 0.002s
# START logistic-elasticnet/ties repeat=2/stepfull
# DONE logistic-elasticnet/ties repeat=2/stepfull 0.000s
# CELL logistic-elasticnet/ties STABLE 0.676s
# START logistic-elasticnet/hashed repeat=1/train
# DONE logistic-elasticnet/hashed repeat=1/train 0.230s
# START logistic-elasticnet/hashed repeat=1/infer-save-reload
# DONE logistic-elasticnet/hashed repeat=1/infer-save-reload 0.002s
# START logistic-elasticnet/hashed repeat=1/batch
# DONE logistic-elasticnet/hashed repeat=1/batch 0.002s
# START logistic-elasticnet/hashed repeat=1/stepfull
# DONE logistic-elasticnet/hashed repeat=1/stepfull 0.000s
# START logistic-elasticnet/hashed repeat=2/train
# DONE logistic-elasticnet/hashed repeat=2/train 0.231s
# START logistic-elasticnet/hashed repeat=2/infer-save-reload
# DONE logistic-elasticnet/hashed repeat=2/infer-save-reload 0.001s
# START logistic-elasticnet/hashed repeat=2/batch
# DONE logistic-elasticnet/hashed repeat=2/batch 0.002s
# START logistic-elasticnet/hashed repeat=2/stepfull
# DONE logistic-elasticnet/hashed repeat=2/stepfull 0.000s
# CELL logistic-elasticnet/hashed STABLE 0.469s
# START logistic-elasticnet/wide repeat=1/train
# DONE logistic-elasticnet/wide repeat=1/train 0.562s
# START logistic-elasticnet/wide repeat=1/infer-save-reload
# DONE logistic-elasticnet/wide repeat=1/infer-save-reload 0.001s
# START logistic-elasticnet/wide repeat=1/batch
# DONE logistic-elasticnet/wide repeat=1/batch 0.002s
# START logistic-elasticnet/wide repeat=1/stepfull
# DONE logistic-elasticnet/wide repeat=1/stepfull 0.000s
# START logistic-elasticnet/wide repeat=2/train
# DONE logistic-elasticnet/wide repeat=2/train 0.562s
# START logistic-elasticnet/wide repeat=2/infer-save-reload
# DONE logistic-elasticnet/wide repeat=2/infer-save-reload 0.001s
# START logistic-elasticnet/wide repeat=2/batch
# DONE logistic-elasticnet/wide repeat=2/batch 0.002s
# START logistic-elasticnet/wide repeat=2/stepfull
# DONE logistic-elasticnet/wide repeat=2/stepfull 0.000s
# CELL logistic-elasticnet/wide STABLE 1.133s
# START logistic-elasticnet/denormal repeat=1/train
# DONE logistic-elasticnet/denormal repeat=1/train 0.231s
# START logistic-elasticnet/denormal repeat=1/infer-save-reload
# DONE logistic-elasticnet/denormal repeat=1/infer-save-reload 0.001s
# START logistic-elasticnet/denormal repeat=1/batch
# DONE logistic-elasticnet/denormal repeat=1/batch 0.002s
# START logistic-elasticnet/denormal repeat=1/stepfull
# DONE logistic-elasticnet/denormal repeat=1/stepfull 0.000s
# START logistic-elasticnet/denormal repeat=2/train
# DONE logistic-elasticnet/denormal repeat=2/train 0.204s
# START logistic-elasticnet/denormal repeat=2/infer-save-reload
# DONE logistic-elasticnet/denormal repeat=2/infer-save-reload 0.001s
# START logistic-elasticnet/denormal repeat=2/batch
# DONE logistic-elasticnet/denormal repeat=2/batch 0.002s
# START logistic-elasticnet/denormal repeat=2/stepfull
# DONE logistic-elasticnet/denormal repeat=2/stepfull 0.000s
# CELL logistic-elasticnet/denormal STABLE 0.443s
# START logistic-elasticnet/denormal_ftz repeat=1/train
# DONE logistic-elasticnet/denormal_ftz repeat=1/train 0.213s
# START logistic-elasticnet/denormal_ftz repeat=1/infer-save-reload
# DONE logistic-elasticnet/denormal_ftz repeat=1/infer-save-reload 0.001s
# START logistic-elasticnet/denormal_ftz repeat=1/batch
# DONE logistic-elasticnet/denormal_ftz repeat=1/batch 0.002s
# START logistic-elasticnet/denormal_ftz repeat=1/stepfull
# DONE logistic-elasticnet/denormal_ftz repeat=1/stepfull 0.000s
# START logistic-elasticnet/denormal_ftz repeat=2/train
# DONE logistic-elasticnet/denormal_ftz repeat=2/train 0.214s
# START logistic-elasticnet/denormal_ftz repeat=2/infer-save-reload
# DONE logistic-elasticnet/denormal_ftz repeat=2/infer-save-reload 0.001s
# START logistic-elasticnet/denormal_ftz repeat=2/batch
# DONE logistic-elasticnet/denormal_ftz repeat=2/batch 0.002s
# START logistic-elasticnet/denormal_ftz repeat=2/stepfull
# DONE logistic-elasticnet/denormal_ftz repeat=2/stepfull 0.000s
# CELL logistic-elasticnet/denormal_ftz STABLE 0.435s
# START logistic-elasticnet/dupes repeat=1/train
# DONE logistic-elasticnet/dupes repeat=1/train 0.334s
# START logistic-elasticnet/dupes repeat=1/infer-save-reload
# DONE logistic-elasticnet/dupes repeat=1/infer-save-reload 0.002s
# START logistic-elasticnet/dupes repeat=1/batch
# DONE logistic-elasticnet/dupes repeat=1/batch 0.002s
# START logistic-elasticnet/dupes repeat=1/stepfull
# DONE logistic-elasticnet/dupes repeat=1/stepfull 0.000s
# START logistic-elasticnet/dupes repeat=2/train
# DONE logistic-elasticnet/dupes repeat=2/train 0.306s
# START logistic-elasticnet/dupes repeat=2/infer-save-reload
# DONE logistic-elasticnet/dupes repeat=2/infer-save-reload 0.001s
# START logistic-elasticnet/dupes repeat=2/batch
# DONE logistic-elasticnet/dupes repeat=2/batch 0.002s
# START logistic-elasticnet/dupes repeat=2/stepfull
# DONE logistic-elasticnet/dupes repeat=2/stepfull 0.000s
# CELL logistic-elasticnet/dupes STABLE 0.648s
# START logistic-elasticnet/odd repeat=1/train
# DONE logistic-elasticnet/odd repeat=1/train 0.116s
# START logistic-elasticnet/odd repeat=1/infer-save-reload
# DONE logistic-elasticnet/odd repeat=1/infer-save-reload 0.001s
# START logistic-elasticnet/odd repeat=1/batch
# DONE logistic-elasticnet/odd repeat=1/batch 0.002s
# START logistic-elasticnet/odd repeat=1/stepfull
# DONE logistic-elasticnet/odd repeat=1/stepfull 0.000s
# START logistic-elasticnet/odd repeat=2/train
# DONE logistic-elasticnet/odd repeat=2/train 0.118s
# START logistic-elasticnet/odd repeat=2/infer-save-reload
# DONE logistic-elasticnet/odd repeat=2/infer-save-reload 0.002s
# START logistic-elasticnet/odd repeat=2/batch
# DONE logistic-elasticnet/odd repeat=2/batch 0.002s
# START logistic-elasticnet/odd repeat=2/stepfull
# DONE logistic-elasticnet/odd repeat=2/stepfull 0.000s
# CELL logistic-elasticnet/odd STABLE 0.241s
# START logistic-elasticnet/negative repeat=1/train
# DONE logistic-elasticnet/negative repeat=1/train 0.249s
# START logistic-elasticnet/negative repeat=1/infer-save-reload
# DONE logistic-elasticnet/negative repeat=1/infer-save-reload 0.002s
# START logistic-elasticnet/negative repeat=1/batch
# DONE logistic-elasticnet/negative repeat=1/batch 0.002s
# START logistic-elasticnet/negative repeat=1/stepfull
# DONE logistic-elasticnet/negative repeat=1/stepfull 0.000s
# START logistic-elasticnet/negative repeat=2/train
# DONE logistic-elasticnet/negative repeat=2/train 0.271s
# START logistic-elasticnet/negative repeat=2/infer-save-reload
# DONE logistic-elasticnet/negative repeat=2/infer-save-reload 0.002s
# START logistic-elasticnet/negative repeat=2/batch
# DONE logistic-elasticnet/negative repeat=2/batch 0.002s
# START logistic-elasticnet/negative repeat=2/stepfull
# DONE logistic-elasticnet/negative repeat=2/stepfull 0.000s
# CELL logistic-elasticnet/negative STABLE 0.527s
| logistic-elasticnet    | f1b6afc79ec9a732 | 3ac009cf51bbfc22 | fac47689b245cacf | 820e8cdc997ca597 | 463704b7964d029b | 463704b7964d029b | 655cae92ee16010c | 505daee93b69e39b | b715e0c2555f7a9d |
| logistic-elasticnet infer | 9f1155a605f040c0 | 594d4c67b58ab035 | 19278ed7cc59c6ed | b15650d6c8358950 | 599a49e75c89f7c9 | 599a49e75c89f7c9 | 729ce97b9c8d6778 | e74c8bdccc6c09da | 4839430b2cae13f5 |
| logistic-elasticnet model | 73fe4bd24408bcab | 45de976894e9cb22 | c915fed3b7695996 | 9e3700b81a90643b | 3fa7b7aad37adc8e | 3fa7b7aad37adc8e | 992009e25ed680cb | 590e377320ec5bcd | 9a34d9d8af568fb1 |
| logistic-elasticnet batch | 0ed7ff5ccbeb29c5 | d74dae59b6d8174e | 3f8980c8200c4e8c | 924ad94032a10c3d | d75ae7702a40a860 | d75ae7702a40a860 | f5b9c0dabe2ab6ec | 979a1bec9d63cd4e | 96172672135fef73 |

cells=9 stable=9 moved=0 refused=0
infer: stable=9
model: stable=9
batch: stable=9
stepfull: n/a=9
n/a: logistic-elasticnet stepfull n/a:no-decode-state
wrote /root/leg_out/records/logistic-elasticnet/logistic-elasticnet/cpu-sabotage.json
