3049 external/tcmalloc+/tcmalloc/internal/system_allocator.h:713] Warning: Unable to mbind memory (errno=1, base=0x709f80000000, nodemask=1)
=== attention step price, mode IDENTICAL, column nvidia, generator shape B1_L2048_nh12_nkv12_hd64_win0 (a file: kind carries its own shape)
trial_hook=True phase_timers_built=False
DEFAULT column=nvidia arm=stash_tiled_fgrid_r32_qres_pf_estash_dres_kvgrid_r32 source=kernel_matrix.attn_default_arm_for baseline_is_default=True candidate_is_default=True baseline_requested=stash_tiled_fgrid_r32_qres_pf_estash_dres_kvgrid_r32 candidate_requested=stash_tiled_fgrid_r32_qres_pf_estash_dres_kvgrid_r32
baseline=stash_tiled_fgrid_r32_qres_pf_estash_dres_kvgrid_r32 candidate=stash_tiled_fgrid_r32_qres_pf_estash_dres_kvgrid_r32 rounds=7 warmups=2
PATH baseline arm=stash_tiled_fgrid_r32_qres_pf_estash_dres_kvgrid_r32 is_default=True resolved_hd64=stash_tiled_fgrid_r32_qres_pf_estash_dres_kvgrid_r32 zdot_rows=- fwd_rows=32 preflush=True reach_bit=sabotage_new kv_keys=32 kv_split=False zsched=- estash=estash_dres
PATH candidate arm=stash_tiled_fgrid_r32_qres_pf_estash_dres_kvgrid_r32 is_default=True resolved_hd64=stash_tiled_fgrid_r32_qres_pf_estash_dres_kvgrid_r32 zdot_rows=- fwd_rows=32 preflush=True reach_bit=sabotage_new kv_keys=32 kv_split=False zsched=- estash=estash_dres
RESOURCES_DEVICE column=nvidia source_counts=per_thread_hd64
RESOURCES_BEGIN label=zdot_stash_pf rows=4 keys_per_iteration=32 accumulators_per_thread=2 operand_registers_per_thread=4 thread_local_floats=64 page_bytes=17696 allocations=4 threads_per_block=256
RESOURCES label=zdot_stash_pf regs=134
RESOURCES label=zdot_stash_pf local=0
RESOURCES label=zdot_stash_pf shared=17696
RESOURCES label=zdot_stash_pf const=0
RESOURCES label=zdot_stash_pf max_threads=384
RESOURCES label=zdot_stash_pf blocks_per_sm_256=1
RESOURCES_BEGIN label=zdot_zdefer_pf rows=4 keys_per_iteration=32 accumulators_per_thread=2 operand_registers_per_thread=4 thread_local_floats=64 page_bytes=17696 allocations=4 threads_per_block=256
RESOURCES label=zdot_zdefer_pf regs=152
RESOURCES label=zdot_zdefer_pf local=0
RESOURCES label=zdot_zdefer_pf shared=17696
RESOURCES label=zdot_zdefer_pf const=0
RESOURCES label=zdot_zdefer_pf max_threads=384
RESOURCES label=zdot_zdefer_pf blocks_per_sm_256=1
RESOURCES_BEGIN label=zdot_zlag_pf rows=4 keys_per_iteration=32 accumulators_per_thread=2 operand_registers_per_thread=4 thread_local_floats=64 page_bytes=17696 allocations=4 threads_per_block=256
RESOURCES label=zdot_zlag_pf regs=165
RESOURCES label=zdot_zlag_pf local=0
RESOURCES label=zdot_zlag_pf shared=17696
RESOURCES label=zdot_zlag_pf const=0
RESOURCES label=zdot_zlag_pf max_threads=384
RESOURCES label=zdot_zlag_pf blocks_per_sm_256=1
RESOURCES_BEGIN label=zdot_estash_pf rows=8 keys_per_iteration=32 accumulators_per_thread=1 operand_registers_per_thread=3 thread_local_floats=64 page_bytes=10432 allocations=2 threads_per_block=256
RESOURCES label=zdot_estash_pf regs=125
RESOURCES label=zdot_estash_pf local=0
RESOURCES label=zdot_estash_pf shared=10432
RESOURCES label=zdot_estash_pf const=0
RESOURCES label=zdot_estash_pf max_threads=512
RESOURCES label=zdot_estash_pf blocks_per_sm_256=2
RESOURCES_BEGIN label=zdot_estash_dres_pf rows=8 keys_per_iteration=32 accumulators_per_thread=1 operand_registers_per_thread=3 thread_local_floats=0 page_bytes=12480 allocations=2 threads_per_block=256
RESOURCES label=zdot_estash_dres_pf regs=64
RESOURCES label=zdot_estash_dres_pf local=0
RESOURCES label=zdot_estash_dres_pf shared=12480
RESOURCES label=zdot_estash_dres_pf const=0
RESOURCES label=zdot_estash_dres_pf max_threads=1024
RESOURCES label=zdot_estash_dres_pf blocks_per_sm_256=4
RESOURCES_BEGIN label=fwd_r2_r32_qres_pf rows=32 keys_per_iteration=32 qres=True preflush=True accumulators_per_thread=11 operand_registers_per_thread=8 thread_local_floats=0 page_bytes=15232 allocations=1 threads_per_block=256
RESOURCES label=fwd_r2_r32_qres_pf regs=100
RESOURCES label=fwd_r2_r32_qres_pf local=0
RESOURCES label=fwd_r2_r32_qres_pf shared=15232
RESOURCES label=fwd_r2_r32_qres_pf const=0
RESOURCES label=fwd_r2_r32_qres_pf max_threads=512
RESOURCES label=fwd_r2_r32_qres_pf blocks_per_sm_256=2
RESOURCES_BEGIN label=fwd_r2_r32_qres rows=32 keys_per_iteration=32 qres=True preflush=False accumulators_per_thread=11 operand_registers_per_thread=8 thread_local_floats=0 page_bytes=15232 allocations=1 threads_per_block=256
RESOURCES label=fwd_r2_r32_qres regs=102
RESOURCES label=fwd_r2_r32_qres local=0
RESOURCES label=fwd_r2_r32_qres shared=15232
RESOURCES label=fwd_r2_r32_qres const=0
RESOURCES label=fwd_r2_r32_qres max_threads=512
RESOURCES label=fwd_r2_r32_qres blocks_per_sm_256=2
RESOURCES_BEGIN label=fwd_r2_r32_pf rows=32 keys_per_iteration=32 qres=False preflush=True accumulators_per_thread=11 operand_registers_per_thread=8 thread_local_floats=0 page_bytes=12672 allocations=1 threads_per_block=256
RESOURCES label=fwd_r2_r32_pf regs=96
RESOURCES label=fwd_r2_r32_pf local=0
RESOURCES label=fwd_r2_r32_pf shared=12672
RESOURCES label=fwd_r2_r32_pf const=0
RESOURCES label=fwd_r2_r32_pf max_threads=640
RESOURCES label=fwd_r2_r32_pf blocks_per_sm_256=2
RESOURCES_BEGIN label=fwd_r2_r32 rows=32 keys_per_iteration=32 qres=False preflush=False accumulators_per_thread=11 operand_registers_per_thread=8 thread_local_floats=0 page_bytes=12672 allocations=1 threads_per_block=256
RESOURCES label=fwd_r2_r32 regs=96
RESOURCES label=fwd_r2_r32 local=0
RESOURCES label=fwd_r2_r32 shared=12672
RESOURCES label=fwd_r2_r32 const=0
RESOURCES label=fwd_r2_r32 max_threads=640
RESOURCES label=fwd_r2_r32 blocks_per_sm_256=2
RESOURCES_BEGIN label=fwd_r2_r64_pf rows=64 keys_per_iteration=32 qres=False preflush=True accumulators_per_thread=21 operand_registers_per_thread=14 thread_local_floats=0 page_bytes=17152 allocations=1 threads_per_block=256
RESOURCES label=fwd_r2_r64_pf regs=166
RESOURCES label=fwd_r2_r64_pf local=0
RESOURCES label=fwd_r2_r64_pf shared=17152
RESOURCES label=fwd_r2_r64_pf const=0
RESOURCES label=fwd_r2_r64_pf max_threads=384
RESOURCES label=fwd_r2_r64_pf blocks_per_sm_256=1
RESOURCES_BEGIN label=fwd_r2_r64 rows=64 keys_per_iteration=32 qres=False preflush=False accumulators_per_thread=21 operand_registers_per_thread=14 thread_local_floats=0 page_bytes=17152 allocations=1 threads_per_block=256
RESOURCES label=fwd_r2_r64 regs=166
RESOURCES label=fwd_r2_r64 local=0
RESOURCES label=fwd_r2_r64 shared=17152
RESOURCES label=fwd_r2_r64 const=0
RESOURCES label=fwd_r2_r64 max_threads=384
RESOURCES label=fwd_r2_r64 blocks_per_sm_256=1
RESOURCES_BEGIN label=dq_tiled_pf rows=64 keys_per_tile=16 accumulators_per_thread=16 operand_registers_per_thread=5 thread_local_floats=0 page_bytes=8448 allocations=3 threads_per_block=256
RESOURCES label=dq_tiled_pf regs=118
RESOURCES label=dq_tiled_pf local=0
RESOURCES label=dq_tiled_pf shared=8448
RESOURCES label=dq_tiled_pf const=0
RESOURCES label=dq_tiled_pf max_threads=512
RESOURCES label=dq_tiled_pf blocks_per_sm_256=2
RESOURCES_BEGIN label=dkdv_recompute keys=4 queries_per_iteration=32 accumulators_per_thread=3 operand_registers_per_thread=4 thread_local_floats=64 page_bytes=17696 allocations=4 threads_per_block=256
RESOURCES label=dkdv_recompute regs=135
RESOURCES label=dkdv_recompute local=0
RESOURCES label=dkdv_recompute shared=17696
RESOURCES label=dkdv_recompute const=0
RESOURCES label=dkdv_recompute max_threads=384
RESOURCES label=dkdv_recompute blocks_per_sm_256=1
RESOURCES_BEGIN label=dkdv_tiled keys=64 queries_per_tile=16 accumulators_per_thread=32 operand_registers_per_thread=10 thread_local_floats=0 page_bytes=16384 allocations=4 threads_per_block=256
RESOURCES label=dkdv_tiled regs=106
RESOURCES label=dkdv_tiled local=0
RESOURCES label=dkdv_tiled shared=16384
RESOURCES label=dkdv_tiled const=0
RESOURCES label=dkdv_tiled max_threads=512
RESOURCES label=dkdv_tiled blocks_per_sm_256=2
RESOURCES_BEGIN label=dkdv_tiled_pf keys=64 queries_per_tile=16 accumulators_per_thread=32 operand_registers_per_thread=10 thread_local_floats=0 page_bytes=16384 allocations=4 threads_per_block=256
RESOURCES label=dkdv_tiled_pf regs=106
RESOURCES label=dkdv_tiled_pf local=0
RESOURCES label=dkdv_tiled_pf shared=16384
RESOURCES label=dkdv_tiled_pf const=0
RESOURCES label=dkdv_tiled_pf max_threads=512
RESOURCES label=dkdv_tiled_pf blocks_per_sm_256=2
RESOURCES_BEGIN label=kvgrid_r64 keys=64 queries_per_tile=16 accumulators_per_thread=32 operand_registers_per_thread=10 thread_local_floats=0 page_bytes=16384 allocations=4 threads_per_block=256
RESOURCES label=kvgrid_r64 regs=106
RESOURCES label=kvgrid_r64 local=0
RESOURCES label=kvgrid_r64 shared=16384
RESOURCES label=kvgrid_r64 const=0
RESOURCES label=kvgrid_r64 max_threads=512
RESOURCES label=kvgrid_r64 blocks_per_sm_256=2
RESOURCES_BEGIN label=kvgrid_r32 keys=32 queries_per_tile=16 accumulators_per_thread=16 operand_registers_per_thread=10 thread_local_floats=0 page_bytes=12288 allocations=4 threads_per_block=256
RESOURCES label=kvgrid_r32 regs=63
RESOURCES label=kvgrid_r32 local=0
RESOURCES label=kvgrid_r32 shared=12288
RESOURCES label=kvgrid_r32 const=0
RESOURCES label=kvgrid_r32 max_threads=1024
RESOURCES label=kvgrid_r32 blocks_per_sm_256=4
RESOURCES_BEGIN label=kvsplit_r64_fold keys=64 queries_per_tile=16 accumulators_per_thread=16 operand_registers_per_thread=5 thread_local_floats=0 page_bytes=8192 allocations=2 threads_per_block=256
RESOURCES label=kvsplit_r64_fold regs=79
RESOURCES label=kvsplit_r64_fold local=0
RESOURCES label=kvsplit_r64_fold shared=8192
RESOURCES label=kvsplit_r64_fold const=0
RESOURCES label=kvsplit_r64_fold max_threads=768
RESOURCES label=kvsplit_r64_fold blocks_per_sm_256=3
RESOURCES_BEGIN label=kvsplit_r32_fold keys=32 queries_per_tile=16 accumulators_per_thread=8 operand_registers_per_thread=5 thread_local_floats=0 page_bytes=6144 allocations=2 threads_per_block=256
RESOURCES label=kvsplit_r32_fold regs=48
RESOURCES label=kvsplit_r32_fold local=0
RESOURCES label=kvsplit_r32_fold shared=6144
RESOURCES label=kvsplit_r32_fold const=0
RESOURCES label=kvsplit_r32_fold max_threads=1024
RESOURCES label=kvsplit_r32_fold blocks_per_sm_256=5
RESOURCES_DONE
--- kind file:operands-enwik8
shape=B1_L2048_nh12_nkv12_hd64_win0 visible_cells=25178112 S=2048 key_lo=0 pos0=0
RAN file:operands-enwik8 stash_tiled_fgrid_r32_qres_pf_estash_dres_kvgrid_r32 forward=fwd_sstash_fgrid_r32_qres_pf backward=bwd_stash_tiled_pf_estash_dres_kvgrid_r32
DIGEST file:operands-enwik8 stash_tiled_fgrid_r32_qres_pf_estash_dres_kvgrid_r32 ctx 5f01fc3a9bcec9c9 amax d89905a2e4307303 denom 195b4567d81c06fc zdot 8300ce7d2f4755d5 dq e0625e227bed3164 dk 27853f72872d8fc9 dv 95007640dca74d09
DIGEST file:operands-enwik8 eager ctx 5f01fc3a9bcec9c9 amax d89905a2e4307303 denom 195b4567d81c06fc zdot 8300ce7d2f4755d5 dq e0625e227bed3164 dk 27853f72872d8fc9 dv 95007640dca74d09
BITS file:operands-enwik8 stash_tiled_fgrid_r32_qres_pf_estash_dres_kvgrid_r32_vs_eager ctx MATCH 0 of 1572864
BITS file:operands-enwik8 stash_tiled_fgrid_r32_qres_pf_estash_dres_kvgrid_r32_vs_eager amax MATCH 0 of 24576
BITS file:operands-enwik8 stash_tiled_fgrid_r32_qres_pf_estash_dres_kvgrid_r32_vs_eager denom MATCH 0 of 24576
BITS file:operands-enwik8 stash_tiled_fgrid_r32_qres_pf_estash_dres_kvgrid_r32_vs_eager zdot MATCH 0 of 24576
BITS file:operands-enwik8 stash_tiled_fgrid_r32_qres_pf_estash_dres_kvgrid_r32_vs_eager dq MATCH 0 of 1572864
BITS file:operands-enwik8 stash_tiled_fgrid_r32_qres_pf_estash_dres_kvgrid_r32_vs_eager dk MATCH 0 of 1572864
BITS file:operands-enwik8 stash_tiled_fgrid_r32_qres_pf_estash_dres_kvgrid_r32_vs_eager dv MATCH 0 of 1572864
RAN file:operands-enwik8 stash_tiled_fgrid_r32_qres_pf_estash_dres_kvgrid_r32 forward=fwd_sstash_fgrid_r32_qres_pf backward=bwd_stash_tiled_pf_estash_dres_kvgrid_r32
DIGEST file:operands-enwik8 stash_tiled_fgrid_r32_qres_pf_estash_dres_kvgrid_r32 ctx 5f01fc3a9bcec9c9 amax d89905a2e4307303 denom 195b4567d81c06fc zdot 8300ce7d2f4755d5 dq e0625e227bed3164 dk 27853f72872d8fc9 dv 95007640dca74d09
BITS file:operands-enwik8 stash_tiled_fgrid_r32_qres_pf_estash_dres_kvgrid_r32_vs_stash_tiled_fgrid_r32_qres_pf_estash_dres_kvgrid_r32 ctx MATCH 0 of 1572864
BITS file:operands-enwik8 stash_tiled_fgrid_r32_qres_pf_estash_dres_kvgrid_r32_vs_stash_tiled_fgrid_r32_qres_pf_estash_dres_kvgrid_r32 amax MATCH 0 of 24576
BITS file:operands-enwik8 stash_tiled_fgrid_r32_qres_pf_estash_dres_kvgrid_r32_vs_stash_tiled_fgrid_r32_qres_pf_estash_dres_kvgrid_r32 denom MATCH 0 of 24576
BITS file:operands-enwik8 stash_tiled_fgrid_r32_qres_pf_estash_dres_kvgrid_r32_vs_stash_tiled_fgrid_r32_qres_pf_estash_dres_kvgrid_r32 zdot MATCH 0 of 24576
BITS file:operands-enwik8 stash_tiled_fgrid_r32_qres_pf_estash_dres_kvgrid_r32_vs_stash_tiled_fgrid_r32_qres_pf_estash_dres_kvgrid_r32 dq MATCH 0 of 1572864
BITS file:operands-enwik8 stash_tiled_fgrid_r32_qres_pf_estash_dres_kvgrid_r32_vs_stash_tiled_fgrid_r32_qres_pf_estash_dres_kvgrid_r32 dk MATCH 0 of 1572864
BITS file:operands-enwik8 stash_tiled_fgrid_r32_qres_pf_estash_dres_kvgrid_r32_vs_stash_tiled_fgrid_r32_qres_pf_estash_dres_kvgrid_r32 dv MATCH 0 of 1572864
RAN file:operands-enwik8 stash_tiled_fgrid_r32_qres_pf_estash_dres_kvgrid_r32+sabotage_new forward=fwd_sstash_fgrid_r32_qres_pf backward=bwd_stash_tiled_pf_estash_dres_kvgrid_r32
BITS file:operands-enwik8 stash_tiled_fgrid_r32_qres_pf_estash_dres_kvgrid_r32+sabotage_new_vs_stash_tiled_fgrid_r32_qres_pf_estash_dres_kvgrid_r32 ctx MOVED 857282 of 1572864
BITS file:operands-enwik8 stash_tiled_fgrid_r32_qres_pf_estash_dres_kvgrid_r32+sabotage_new_vs_stash_tiled_fgrid_r32_qres_pf_estash_dres_kvgrid_r32 amax MOVED 16316 of 24576
BITS file:operands-enwik8 stash_tiled_fgrid_r32_qres_pf_estash_dres_kvgrid_r32+sabotage_new_vs_stash_tiled_fgrid_r32_qres_pf_estash_dres_kvgrid_r32 denom MOVED 12712 of 24576
BITS file:operands-enwik8 stash_tiled_fgrid_r32_qres_pf_estash_dres_kvgrid_r32+sabotage_new_vs_stash_tiled_fgrid_r32_qres_pf_estash_dres_kvgrid_r32 zdot MOVED 16744 of 24576
BITS file:operands-enwik8 stash_tiled_fgrid_r32_qres_pf_estash_dres_kvgrid_r32+sabotage_new_vs_stash_tiled_fgrid_r32_qres_pf_estash_dres_kvgrid_r32 dq MOVED 1364715 of 1572864
BITS file:operands-enwik8 stash_tiled_fgrid_r32_qres_pf_estash_dres_kvgrid_r32+sabotage_new_vs_stash_tiled_fgrid_r32_qres_pf_estash_dres_kvgrid_r32 dk MOVED 1439572 of 1572864
BITS file:operands-enwik8 stash_tiled_fgrid_r32_qres_pf_estash_dres_kvgrid_r32+sabotage_new_vs_stash_tiled_fgrid_r32_qres_pf_estash_dres_kvgrid_r32 dv MOVED 1113223 of 1572864
RAN file:operands-enwik8 stash_tiled_fgrid_r32_qres_pf_estash_dres_kvgrid_r32 forward and stash_tiled_fgrid_r32_qres_pf_estash_dres_kvgrid_r32+sabotage_new backward forward=fwd_sstash_fgrid_r32_qres_pf backward=bwd_stash_tiled_pf_estash_dres_kvgrid_r32
BITS file:operands-enwik8 stash_tiled_fgrid_r32_qres_pf_estash_dres_kvgrid_r32+sabotage_new_backward_only_vs_stash_tiled_fgrid_r32_qres_pf_estash_dres_kvgrid_r32 ctx MATCH 0 of 1572864
BITS file:operands-enwik8 stash_tiled_fgrid_r32_qres_pf_estash_dres_kvgrid_r32+sabotage_new_backward_only_vs_stash_tiled_fgrid_r32_qres_pf_estash_dres_kvgrid_r32 amax MATCH 0 of 24576
BITS file:operands-enwik8 stash_tiled_fgrid_r32_qres_pf_estash_dres_kvgrid_r32+sabotage_new_backward_only_vs_stash_tiled_fgrid_r32_qres_pf_estash_dres_kvgrid_r32 denom MATCH 0 of 24576
BITS file:operands-enwik8 stash_tiled_fgrid_r32_qres_pf_estash_dres_kvgrid_r32+sabotage_new_backward_only_vs_stash_tiled_fgrid_r32_qres_pf_estash_dres_kvgrid_r32 zdot MOVED 12288 of 24576
BITS file:operands-enwik8 stash_tiled_fgrid_r32_qres_pf_estash_dres_kvgrid_r32+sabotage_new_backward_only_vs_stash_tiled_fgrid_r32_qres_pf_estash_dres_kvgrid_r32 dq MOVED 691987 of 1572864
BITS file:operands-enwik8 stash_tiled_fgrid_r32_qres_pf_estash_dres_kvgrid_r32+sabotage_new_backward_only_vs_stash_tiled_fgrid_r32_qres_pf_estash_dres_kvgrid_r32 dk MOVED 1370321 of 1572864
BITS file:operands-enwik8 stash_tiled_fgrid_r32_qres_pf_estash_dres_kvgrid_r32+sabotage_new_backward_only_vs_stash_tiled_fgrid_r32_qres_pf_estash_dres_kvgrid_r32 dv MATCH 0 of 1572864
REACH_ES file:operands-enwik8 stash_tiled_fgrid_r32_qres_pf_estash_dres_kvgrid_r32 sabotage_flipped_cells=2074596 reach_bit=stash_tiled_fgrid_r32_qres_pf_estash_dres_kvgrid_r32+sabotage_new backward_only=True forward_moved=0 zdot_moved_even_rows=12288 zdot_moved_odd_rows=0 dv_moved=0
REACH_E file:operands-enwik8 stash_tiled_fgrid_r32_qres_pf_estash_dres_kvgrid_r32 backward_status=0 kept_cells=50331648 dv_moved=1572864 zdot_moved=24576 dq_moved=1572864 forward_moved=0
RAN file:operands-enwik8 stash_tiled_fgrid_r32_qres_pf_estash_dres_kvgrid_r32+sabotage_kv forward=fwd_sstash_fgrid_r32_qres_pf backward=bwd_stash_tiled_pf_estash_dres_kvgrid_r32
BITS file:operands-enwik8 stash_tiled_fgrid_r32_qres_pf_estash_dres_kvgrid_r32+sabotage_kv_vs_stash_tiled_fgrid_r32_qres_pf_estash_dres_kvgrid_r32 ctx MATCH 0 of 1572864
BITS file:operands-enwik8 stash_tiled_fgrid_r32_qres_pf_estash_dres_kvgrid_r32+sabotage_kv_vs_stash_tiled_fgrid_r32_qres_pf_estash_dres_kvgrid_r32 amax MATCH 0 of 24576
BITS file:operands-enwik8 stash_tiled_fgrid_r32_qres_pf_estash_dres_kvgrid_r32+sabotage_kv_vs_stash_tiled_fgrid_r32_qres_pf_estash_dres_kvgrid_r32 denom MATCH 0 of 24576
BITS file:operands-enwik8 stash_tiled_fgrid_r32_qres_pf_estash_dres_kvgrid_r32+sabotage_kv_vs_stash_tiled_fgrid_r32_qres_pf_estash_dres_kvgrid_r32 zdot MATCH 0 of 24576
BITS file:operands-enwik8 stash_tiled_fgrid_r32_qres_pf_estash_dres_kvgrid_r32+sabotage_kv_vs_stash_tiled_fgrid_r32_qres_pf_estash_dres_kvgrid_r32 dq MATCH 0 of 1572864
BITS file:operands-enwik8 stash_tiled_fgrid_r32_qres_pf_estash_dres_kvgrid_r32+sabotage_kv_vs_stash_tiled_fgrid_r32_qres_pf_estash_dres_kvgrid_r32 dk MOVED 1303215 of 1572864
BITS file:operands-enwik8 stash_tiled_fgrid_r32_qres_pf_estash_dres_kvgrid_r32+sabotage_kv_vs_stash_tiled_fgrid_r32_qres_pf_estash_dres_kvgrid_r32 dv MOVED 1159315 of 1572864
REACH_KV file:operands-enwik8 stash_tiled_fgrid_r32_qres_pf_estash_dres_kvgrid_r32 sabotage_flipped_cells=2462530 reach_bit=stash_tiled_fgrid_r32_qres_pf_estash_dres_kvgrid_r32+sabotage_kv dk_moved=1303215 dv_moved=1159315 zdot_moved=0 dq_moved=0 forward_moved=0
RAN file:operands-enwik8 stash_tiled_fgrid_r32_qres_pf_estash_dres_kvgrid_r32 (restore) forward=fwd_sstash_fgrid_r32_qres_pf backward=bwd_stash_tiled_pf_estash_dres_kvgrid_r32
BITS file:operands-enwik8 stash_tiled_fgrid_r32_qres_pf_estash_dres_kvgrid_r32_restored_vs_stash_tiled_fgrid_r32_qres_pf_estash_dres_kvgrid_r32 ctx MATCH 0 of 1572864
BITS file:operands-enwik8 stash_tiled_fgrid_r32_qres_pf_estash_dres_kvgrid_r32_restored_vs_stash_tiled_fgrid_r32_qres_pf_estash_dres_kvgrid_r32 amax MATCH 0 of 24576
BITS file:operands-enwik8 stash_tiled_fgrid_r32_qres_pf_estash_dres_kvgrid_r32_restored_vs_stash_tiled_fgrid_r32_qres_pf_estash_dres_kvgrid_r32 denom MATCH 0 of 24576
BITS file:operands-enwik8 stash_tiled_fgrid_r32_qres_pf_estash_dres_kvgrid_r32_restored_vs_stash_tiled_fgrid_r32_qres_pf_estash_dres_kvgrid_r32 zdot MATCH 0 of 24576
BITS file:operands-enwik8 stash_tiled_fgrid_r32_qres_pf_estash_dres_kvgrid_r32_restored_vs_stash_tiled_fgrid_r32_qres_pf_estash_dres_kvgrid_r32 dq MATCH 0 of 1572864
BITS file:operands-enwik8 stash_tiled_fgrid_r32_qres_pf_estash_dres_kvgrid_r32_restored_vs_stash_tiled_fgrid_r32_qres_pf_estash_dres_kvgrid_r32 dk MATCH 0 of 1572864
BITS file:operands-enwik8 stash_tiled_fgrid_r32_qres_pf_estash_dres_kvgrid_r32_restored_vs_stash_tiled_fgrid_r32_qres_pf_estash_dres_kvgrid_r32 dv MATCH 0 of 1572864
REACH file:operands-enwik8 stash_tiled_fgrid_r32_qres_pf_estash_dres_kvgrid_r32 sabotage_flipped_cells=4820564 clean_restored=True reach_bit=stash_tiled_fgrid_r32_qres_pf_estash_dres_kvgrid_r32+sabotage_new forward_moved=886310 backward_moved=3934254 amax_denom_moved=29028 ctx_moved_columns_16_up=644351 zdot_moved=16744 dv_moved=1113223 zdot_moved_even_rows=10095 zdot_moved_odd_rows=6649
PRICE attention stash_tiled_fgrid_r32_qres_pf_estash_dres_kvgrid_r32 fwd file:operands-enwik8 1.861961 ms
PRICE attention stash_tiled_fgrid_r32_qres_pf_estash_dres_kvgrid_r32 fwdbwd file:operands-enwik8 5.071252 ms
PRICE attention stash_tiled_fgrid_r32_qres_pf_estash_dres_kvgrid_r32 fwd file:operands-enwik8 1.85962 ms
PRICE attention stash_tiled_fgrid_r32_qres_pf_estash_dres_kvgrid_r32 fwdbwd file:operands-enwik8 5.130134 ms
PRICE attention stash_tiled_fgrid_r32_qres_pf_estash_dres_kvgrid_r32 fwd file:operands-enwik8 1.847671 ms
PRICE attention stash_tiled_fgrid_r32_qres_pf_estash_dres_kvgrid_r32 fwdbwd file:operands-enwik8 5.089304 ms
PRICE attention stash_tiled_fgrid_r32_qres_pf_estash_dres_kvgrid_r32 fwd file:operands-enwik8 1.861606 ms
PRICE attention stash_tiled_fgrid_r32_qres_pf_estash_dres_kvgrid_r32 fwdbwd file:operands-enwik8 5.082204 ms
PRICE attention stash_tiled_fgrid_r32_qres_pf_estash_dres_kvgrid_r32 fwd file:operands-enwik8 1.865352 ms
PRICE attention stash_tiled_fgrid_r32_qres_pf_estash_dres_kvgrid_r32 fwdbwd file:operands-enwik8 5.148905 ms
PRICE attention stash_tiled_fgrid_r32_qres_pf_estash_dres_kvgrid_r32 fwd file:operands-enwik8 1.838342 ms
PRICE attention stash_tiled_fgrid_r32_qres_pf_estash_dres_kvgrid_r32 fwdbwd file:operands-enwik8 5.153122 ms
PRICE attention stash_tiled_fgrid_r32_qres_pf_estash_dres_kvgrid_r32 fwd file:operands-enwik8 1.88611 ms
PRICE attention stash_tiled_fgrid_r32_qres_pf_estash_dres_kvgrid_r32 fwdbwd file:operands-enwik8 5.11348 ms
PRICE attention stash_tiled_fgrid_r32_qres_pf_estash_dres_kvgrid_r32 fwd file:operands-enwik8 1.851084 ms
PRICE attention stash_tiled_fgrid_r32_qres_pf_estash_dres_kvgrid_r32 fwdbwd file:operands-enwik8 5.152744 ms
PRICE attention stash_tiled_fgrid_r32_qres_pf_estash_dres_kvgrid_r32 fwd file:operands-enwik8 1.865829 ms
PRICE attention stash_tiled_fgrid_r32_qres_pf_estash_dres_kvgrid_r32 fwdbwd file:operands-enwik8 5.1474 ms
PRICE attention stash_tiled_fgrid_r32_qres_pf_estash_dres_kvgrid_r32 fwd file:operands-enwik8 1.856962 ms
PRICE attention stash_tiled_fgrid_r32_qres_pf_estash_dres_kvgrid_r32 fwdbwd file:operands-enwik8 5.114802 ms
PRICE attention stash_tiled_fgrid_r32_qres_pf_estash_dres_kvgrid_r32 fwd file:operands-enwik8 1.882731 ms
PRICE attention stash_tiled_fgrid_r32_qres_pf_estash_dres_kvgrid_r32 fwdbwd file:operands-enwik8 5.130936 ms
PRICE attention stash_tiled_fgrid_r32_qres_pf_estash_dres_kvgrid_r32 fwd file:operands-enwik8 1.846228 ms
PRICE attention stash_tiled_fgrid_r32_qres_pf_estash_dres_kvgrid_r32 fwdbwd file:operands-enwik8 5.110967 ms
PRICE attention stash_tiled_fgrid_r32_qres_pf_estash_dres_kvgrid_r32 fwd file:operands-enwik8 1.843604 ms
PRICE attention stash_tiled_fgrid_r32_qres_pf_estash_dres_kvgrid_r32 fwdbwd file:operands-enwik8 5.174484 ms
PRICE attention stash_tiled_fgrid_r32_qres_pf_estash_dres_kvgrid_r32 fwd file:operands-enwik8 1.841045 ms
PRICE attention stash_tiled_fgrid_r32_qres_pf_estash_dres_kvgrid_r32 fwdbwd file:operands-enwik8 5.146332 ms
TABLE kind=file:operands-enwik8 shape=B1_L2048_nh12_nkv12_hd64_win0 column=nvidia default_arm=stash_tiled_fgrid_r32_qres_pf_estash_dres_kvgrid_r32 visible_cells=25178112 (useful flops: fwd 4*cells*hd, bwd 10*cells*hd; executed multiplier of the shipped kernels: fwd dots 3 of 2 contractions, bwd dots 6 of 5)
TABLE arm | fwd median ms | fwd useful TFLOP/s | fwd+bwd median ms | bwd (derived) ms | bwd useful TFLOP/s | fwd ratio | fwd+bwd ratio
TABLE stash_tiled_fgrid_r32_qres_pf_estash_dres_kvgrid_r32 | 1.861606 | 3.4623849901644066 | 5.1474 | 3.285794 | 4.904139358705993 | 1.0 | 1.0
TABLE stash_tiled_fgrid_r32_qres_pf_estash_dres_kvgrid_r32 | 1.856962 | 3.471043926585466 | 5.130134 | 3.2731719999999997 | 4.923050692111506 | 1.0025008589298003 | 1.0033656040953316
--- kind file:operands-pilegithub
shape=B1_L2048_nh12_nkv12_hd64_win0 visible_cells=25178112 S=2048 key_lo=0 pos0=0
RAN file:operands-pilegithub stash_tiled_fgrid_r32_qres_pf_estash_dres_kvgrid_r32 forward=fwd_sstash_fgrid_r32_qres_pf backward=bwd_stash_tiled_pf_estash_dres_kvgrid_r32
DIGEST file:operands-pilegithub stash_tiled_fgrid_r32_qres_pf_estash_dres_kvgrid_r32 ctx 2a3a48d476868ddf amax c87795424c4ce74a denom 3b946f3ab306552a zdot 18417cee822a4690 dq dce688e9f43ba511 dk b7bdacf0394a4c64 dv 36950bfa379abbf6
DIGEST file:operands-pilegithub eager ctx 2a3a48d476868ddf amax c87795424c4ce74a denom 3b946f3ab306552a zdot 18417cee822a4690 dq dce688e9f43ba511 dk b7bdacf0394a4c64 dv 36950bfa379abbf6
BITS file:operands-pilegithub stash_tiled_fgrid_r32_qres_pf_estash_dres_kvgrid_r32_vs_eager ctx MATCH 0 of 1572864
BITS file:operands-pilegithub stash_tiled_fgrid_r32_qres_pf_estash_dres_kvgrid_r32_vs_eager amax MATCH 0 of 24576
BITS file:operands-pilegithub stash_tiled_fgrid_r32_qres_pf_estash_dres_kvgrid_r32_vs_eager denom MATCH 0 of 24576
BITS file:operands-pilegithub stash_tiled_fgrid_r32_qres_pf_estash_dres_kvgrid_r32_vs_eager zdot MATCH 0 of 24576
BITS file:operands-pilegithub stash_tiled_fgrid_r32_qres_pf_estash_dres_kvgrid_r32_vs_eager dq MATCH 0 of 1572864
BITS file:operands-pilegithub stash_tiled_fgrid_r32_qres_pf_estash_dres_kvgrid_r32_vs_eager dk MATCH 0 of 1572864
BITS file:operands-pilegithub stash_tiled_fgrid_r32_qres_pf_estash_dres_kvgrid_r32_vs_eager dv MATCH 0 of 1572864
RAN file:operands-pilegithub stash_tiled_fgrid_r32_qres_pf_estash_dres_kvgrid_r32 forward=fwd_sstash_fgrid_r32_qres_pf backward=bwd_stash_tiled_pf_estash_dres_kvgrid_r32
DIGEST file:operands-pilegithub stash_tiled_fgrid_r32_qres_pf_estash_dres_kvgrid_r32 ctx 2a3a48d476868ddf amax c87795424c4ce74a denom 3b946f3ab306552a zdot 18417cee822a4690 dq dce688e9f43ba511 dk b7bdacf0394a4c64 dv 36950bfa379abbf6
BITS file:operands-pilegithub stash_tiled_fgrid_r32_qres_pf_estash_dres_kvgrid_r32_vs_stash_tiled_fgrid_r32_qres_pf_estash_dres_kvgrid_r32 ctx MATCH 0 of 1572864
BITS file:operands-pilegithub stash_tiled_fgrid_r32_qres_pf_estash_dres_kvgrid_r32_vs_stash_tiled_fgrid_r32_qres_pf_estash_dres_kvgrid_r32 amax MATCH 0 of 24576
BITS file:operands-pilegithub stash_tiled_fgrid_r32_qres_pf_estash_dres_kvgrid_r32_vs_stash_tiled_fgrid_r32_qres_pf_estash_dres_kvgrid_r32 denom MATCH 0 of 24576
BITS file:operands-pilegithub stash_tiled_fgrid_r32_qres_pf_estash_dres_kvgrid_r32_vs_stash_tiled_fgrid_r32_qres_pf_estash_dres_kvgrid_r32 zdot MATCH 0 of 24576
BITS file:operands-pilegithub stash_tiled_fgrid_r32_qres_pf_estash_dres_kvgrid_r32_vs_stash_tiled_fgrid_r32_qres_pf_estash_dres_kvgrid_r32 dq MATCH 0 of 1572864
BITS file:operands-pilegithub stash_tiled_fgrid_r32_qres_pf_estash_dres_kvgrid_r32_vs_stash_tiled_fgrid_r32_qres_pf_estash_dres_kvgrid_r32 dk MATCH 0 of 1572864
BITS file:operands-pilegithub stash_tiled_fgrid_r32_qres_pf_estash_dres_kvgrid_r32_vs_stash_tiled_fgrid_r32_qres_pf_estash_dres_kvgrid_r32 dv MATCH 0 of 1572864
RAN file:operands-pilegithub stash_tiled_fgrid_r32_qres_pf_estash_dres_kvgrid_r32+sabotage_new forward=fwd_sstash_fgrid_r32_qres_pf backward=bwd_stash_tiled_pf_estash_dres_kvgrid_r32
BITS file:operands-pilegithub stash_tiled_fgrid_r32_qres_pf_estash_dres_kvgrid_r32+sabotage_new_vs_stash_tiled_fgrid_r32_qres_pf_estash_dres_kvgrid_r32 ctx MOVED 849951 of 1572864
BITS file:operands-pilegithub stash_tiled_fgrid_r32_qres_pf_estash_dres_kvgrid_r32+sabotage_new_vs_stash_tiled_fgrid_r32_qres_pf_estash_dres_kvgrid_r32 amax MOVED 16133 of 24576
BITS file:operands-pilegithub stash_tiled_fgrid_r32_qres_pf_estash_dres_kvgrid_r32+sabotage_new_vs_stash_tiled_fgrid_r32_qres_pf_estash_dres_kvgrid_r32 denom MOVED 12833 of 24576
BITS file:operands-pilegithub stash_tiled_fgrid_r32_qres_pf_estash_dres_kvgrid_r32+sabotage_new_vs_stash_tiled_fgrid_r32_qres_pf_estash_dres_kvgrid_r32 zdot MOVED 16836 of 24576
BITS file:operands-pilegithub stash_tiled_fgrid_r32_qres_pf_estash_dres_kvgrid_r32+sabotage_new_vs_stash_tiled_fgrid_r32_qres_pf_estash_dres_kvgrid_r32 dq MOVED 1360017 of 1572864
BITS file:operands-pilegithub stash_tiled_fgrid_r32_qres_pf_estash_dres_kvgrid_r32+sabotage_new_vs_stash_tiled_fgrid_r32_qres_pf_estash_dres_kvgrid_r32 dk MOVED 1434637 of 1572864
BITS file:operands-pilegithub stash_tiled_fgrid_r32_qres_pf_estash_dres_kvgrid_r32+sabotage_new_vs_stash_tiled_fgrid_r32_qres_pf_estash_dres_kvgrid_r32 dv MOVED 1085989 of 1572864
RAN file:operands-pilegithub stash_tiled_fgrid_r32_qres_pf_estash_dres_kvgrid_r32 forward and stash_tiled_fgrid_r32_qres_pf_estash_dres_kvgrid_r32+sabotage_new backward forward=fwd_sstash_fgrid_r32_qres_pf backward=bwd_stash_tiled_pf_estash_dres_kvgrid_r32
BITS file:operands-pilegithub stash_tiled_fgrid_r32_qres_pf_estash_dres_kvgrid_r32+sabotage_new_backward_only_vs_stash_tiled_fgrid_r32_qres_pf_estash_dres_kvgrid_r32 ctx MATCH 0 of 1572864
BITS file:operands-pilegithub stash_tiled_fgrid_r32_qres_pf_estash_dres_kvgrid_r32+sabotage_new_backward_only_vs_stash_tiled_fgrid_r32_qres_pf_estash_dres_kvgrid_r32 amax MATCH 0 of 24576
BITS file:operands-pilegithub stash_tiled_fgrid_r32_qres_pf_estash_dres_kvgrid_r32+sabotage_new_backward_only_vs_stash_tiled_fgrid_r32_qres_pf_estash_dres_kvgrid_r32 denom MATCH 0 of 24576
BITS file:operands-pilegithub stash_tiled_fgrid_r32_qres_pf_estash_dres_kvgrid_r32+sabotage_new_backward_only_vs_stash_tiled_fgrid_r32_qres_pf_estash_dres_kvgrid_r32 zdot MOVED 12288 of 24576
BITS file:operands-pilegithub stash_tiled_fgrid_r32_qres_pf_estash_dres_kvgrid_r32+sabotage_new_backward_only_vs_stash_tiled_fgrid_r32_qres_pf_estash_dres_kvgrid_r32 dq MOVED 687828 of 1572864
BITS file:operands-pilegithub stash_tiled_fgrid_r32_qres_pf_estash_dres_kvgrid_r32+sabotage_new_backward_only_vs_stash_tiled_fgrid_r32_qres_pf_estash_dres_kvgrid_r32 dk MOVED 1363192 of 1572864
BITS file:operands-pilegithub stash_tiled_fgrid_r32_qres_pf_estash_dres_kvgrid_r32+sabotage_new_backward_only_vs_stash_tiled_fgrid_r32_qres_pf_estash_dres_kvgrid_r32 dv MATCH 0 of 1572864
REACH_ES file:operands-pilegithub stash_tiled_fgrid_r32_qres_pf_estash_dres_kvgrid_r32 sabotage_flipped_cells=2063308 reach_bit=stash_tiled_fgrid_r32_qres_pf_estash_dres_kvgrid_r32+sabotage_new backward_only=True forward_moved=0 zdot_moved_even_rows=12288 zdot_moved_odd_rows=0 dv_moved=0
REACH_E file:operands-pilegithub stash_tiled_fgrid_r32_qres_pf_estash_dres_kvgrid_r32 backward_status=0 kept_cells=50331648 dv_moved=1572864 zdot_moved=24576 dq_moved=1572864 forward_moved=0
RAN file:operands-pilegithub stash_tiled_fgrid_r32_qres_pf_estash_dres_kvgrid_r32+sabotage_kv forward=fwd_sstash_fgrid_r32_qres_pf backward=bwd_stash_tiled_pf_estash_dres_kvgrid_r32
BITS file:operands-pilegithub stash_tiled_fgrid_r32_qres_pf_estash_dres_kvgrid_r32+sabotage_kv_vs_stash_tiled_fgrid_r32_qres_pf_estash_dres_kvgrid_r32 ctx MATCH 0 of 1572864
BITS file:operands-pilegithub stash_tiled_fgrid_r32_qres_pf_estash_dres_kvgrid_r32+sabotage_kv_vs_stash_tiled_fgrid_r32_qres_pf_estash_dres_kvgrid_r32 amax MATCH 0 of 24576
BITS file:operands-pilegithub stash_tiled_fgrid_r32_qres_pf_estash_dres_kvgrid_r32+sabotage_kv_vs_stash_tiled_fgrid_r32_qres_pf_estash_dres_kvgrid_r32 denom MATCH 0 of 24576
BITS file:operands-pilegithub stash_tiled_fgrid_r32_qres_pf_estash_dres_kvgrid_r32+sabotage_kv_vs_stash_tiled_fgrid_r32_qres_pf_estash_dres_kvgrid_r32 zdot MATCH 0 of 24576
BITS file:operands-pilegithub stash_tiled_fgrid_r32_qres_pf_estash_dres_kvgrid_r32+sabotage_kv_vs_stash_tiled_fgrid_r32_qres_pf_estash_dres_kvgrid_r32 dq MATCH 0 of 1572864
BITS file:operands-pilegithub stash_tiled_fgrid_r32_qres_pf_estash_dres_kvgrid_r32+sabotage_kv_vs_stash_tiled_fgrid_r32_qres_pf_estash_dres_kvgrid_r32 dk MOVED 1300949 of 1572864
BITS file:operands-pilegithub stash_tiled_fgrid_r32_qres_pf_estash_dres_kvgrid_r32+sabotage_kv_vs_stash_tiled_fgrid_r32_qres_pf_estash_dres_kvgrid_r32 dv MOVED 1141578 of 1572864
REACH_KV file:operands-pilegithub stash_tiled_fgrid_r32_qres_pf_estash_dres_kvgrid_r32 sabotage_flipped_cells=2442527 reach_bit=stash_tiled_fgrid_r32_qres_pf_estash_dres_kvgrid_r32+sabotage_kv dk_moved=1300949 dv_moved=1141578 zdot_moved=0 dq_moved=0 forward_moved=0
RAN file:operands-pilegithub stash_tiled_fgrid_r32_qres_pf_estash_dres_kvgrid_r32 (restore) forward=fwd_sstash_fgrid_r32_qres_pf backward=bwd_stash_tiled_pf_estash_dres_kvgrid_r32
BITS file:operands-pilegithub stash_tiled_fgrid_r32_qres_pf_estash_dres_kvgrid_r32_restored_vs_stash_tiled_fgrid_r32_qres_pf_estash_dres_kvgrid_r32 ctx MATCH 0 of 1572864
BITS file:operands-pilegithub stash_tiled_fgrid_r32_qres_pf_estash_dres_kvgrid_r32_restored_vs_stash_tiled_fgrid_r32_qres_pf_estash_dres_kvgrid_r32 amax MATCH 0 of 24576
BITS file:operands-pilegithub stash_tiled_fgrid_r32_qres_pf_estash_dres_kvgrid_r32_restored_vs_stash_tiled_fgrid_r32_qres_pf_estash_dres_kvgrid_r32 denom MATCH 0 of 24576
BITS file:operands-pilegithub stash_tiled_fgrid_r32_qres_pf_estash_dres_kvgrid_r32_restored_vs_stash_tiled_fgrid_r32_qres_pf_estash_dres_kvgrid_r32 zdot MATCH 0 of 24576
BITS file:operands-pilegithub stash_tiled_fgrid_r32_qres_pf_estash_dres_kvgrid_r32_restored_vs_stash_tiled_fgrid_r32_qres_pf_estash_dres_kvgrid_r32 dq MATCH 0 of 1572864
BITS file:operands-pilegithub stash_tiled_fgrid_r32_qres_pf_estash_dres_kvgrid_r32_restored_vs_stash_tiled_fgrid_r32_qres_pf_estash_dres_kvgrid_r32 dk MATCH 0 of 1572864
BITS file:operands-pilegithub stash_tiled_fgrid_r32_qres_pf_estash_dres_kvgrid_r32_restored_vs_stash_tiled_fgrid_r32_qres_pf_estash_dres_kvgrid_r32 dv MATCH 0 of 1572864
REACH file:operands-pilegithub stash_tiled_fgrid_r32_qres_pf_estash_dres_kvgrid_r32 sabotage_flipped_cells=4776396 clean_restored=True reach_bit=stash_tiled_fgrid_r32_qres_pf_estash_dres_kvgrid_r32+sabotage_new forward_moved=878917 backward_moved=3897479 amax_denom_moved=28966 ctx_moved_columns_16_up=637501 zdot_moved=16836 dv_moved=1085989 zdot_moved_even_rows=10192 zdot_moved_odd_rows=6644
PRICE attention stash_tiled_fgrid_r32_qres_pf_estash_dres_kvgrid_r32 fwd file:operands-pilegithub 1.864521 ms
PRICE attention stash_tiled_fgrid_r32_qres_pf_estash_dres_kvgrid_r32 fwdbwd file:operands-pilegithub 5.1969 ms
PRICE attention stash_tiled_fgrid_r32_qres_pf_estash_dres_kvgrid_r32 fwd file:operands-pilegithub 1.872452 ms
PRICE attention stash_tiled_fgrid_r32_qres_pf_estash_dres_kvgrid_r32 fwdbwd file:operands-pilegithub 5.168377 ms
PRICE attention stash_tiled_fgrid_r32_qres_pf_estash_dres_kvgrid_r32 fwd file:operands-pilegithub 1.869838 ms
PRICE attention stash_tiled_fgrid_r32_qres_pf_estash_dres_kvgrid_r32 fwdbwd file:operands-pilegithub 5.152507 ms
PRICE attention stash_tiled_fgrid_r32_qres_pf_estash_dres_kvgrid_r32 fwd file:operands-pilegithub 1.843074 ms
PRICE attention stash_tiled_fgrid_r32_qres_pf_estash_dres_kvgrid_r32 fwdbwd file:operands-pilegithub 5.150346 ms
PRICE attention stash_tiled_fgrid_r32_qres_pf_estash_dres_kvgrid_r32 fwd file:operands-pilegithub 1.871035 ms
PRICE attention stash_tiled_fgrid_r32_qres_pf_estash_dres_kvgrid_r32 fwdbwd file:operands-pilegithub 5.14524 ms
PRICE attention stash_tiled_fgrid_r32_qres_pf_estash_dres_kvgrid_r32 fwd file:operands-pilegithub 1.860727 ms
PRICE attention stash_tiled_fgrid_r32_qres_pf_estash_dres_kvgrid_r32 fwdbwd file:operands-pilegithub 5.13912 ms
PRICE attention stash_tiled_fgrid_r32_qres_pf_estash_dres_kvgrid_r32 fwd file:operands-pilegithub 1.852628 ms
PRICE attention stash_tiled_fgrid_r32_qres_pf_estash_dres_kvgrid_r32 fwdbwd file:operands-pilegithub 5.197295 ms
PRICE attention stash_tiled_fgrid_r32_qres_pf_estash_dres_kvgrid_r32 fwd file:operands-pilegithub 1.857322 ms
PRICE attention stash_tiled_fgrid_r32_qres_pf_estash_dres_kvgrid_r32 fwdbwd file:operands-pilegithub 5.182051 ms
PRICE attention stash_tiled_fgrid_r32_qres_pf_estash_dres_kvgrid_r32 fwd file:operands-pilegithub 1.853668 ms
PRICE attention stash_tiled_fgrid_r32_qres_pf_estash_dres_kvgrid_r32 fwdbwd file:operands-pilegithub 5.146714 ms
PRICE attention stash_tiled_fgrid_r32_qres_pf_estash_dres_kvgrid_r32 fwd file:operands-pilegithub 1.864803 ms
PRICE attention stash_tiled_fgrid_r32_qres_pf_estash_dres_kvgrid_r32 fwdbwd file:operands-pilegithub 5.119782 ms
PRICE attention stash_tiled_fgrid_r32_qres_pf_estash_dres_kvgrid_r32 fwd file:operands-pilegithub 1.869212 ms
PRICE attention stash_tiled_fgrid_r32_qres_pf_estash_dres_kvgrid_r32 fwdbwd file:operands-pilegithub 5.131294 ms
PRICE attention stash_tiled_fgrid_r32_qres_pf_estash_dres_kvgrid_r32 fwd file:operands-pilegithub 1.859618 ms
PRICE attention stash_tiled_fgrid_r32_qres_pf_estash_dres_kvgrid_r32 fwdbwd file:operands-pilegithub 5.104916 ms
PRICE attention stash_tiled_fgrid_r32_qres_pf_estash_dres_kvgrid_r32 fwd file:operands-pilegithub 1.870028 ms
PRICE attention stash_tiled_fgrid_r32_qres_pf_estash_dres_kvgrid_r32 fwdbwd file:operands-pilegithub 5.120652 ms
PRICE attention stash_tiled_fgrid_r32_qres_pf_estash_dres_kvgrid_r32 fwd file:operands-pilegithub 1.893019 ms
PRICE attention stash_tiled_fgrid_r32_qres_pf_estash_dres_kvgrid_r32 fwdbwd file:operands-pilegithub 5.127844 ms
TABLE kind=file:operands-pilegithub shape=B1_L2048_nh12_nkv12_hd64_win0 column=nvidia default_arm=stash_tiled_fgrid_r32_qres_pf_estash_dres_kvgrid_r32 visible_cells=25178112 (useful flops: fwd 4*cells*hd, bwd 10*cells*hd; executed multiplier of the shipped kernels: fwd dots 3 of 2 contractions, bwd dots 6 of 5)
TABLE arm | fwd median ms | fwd useful TFLOP/s | fwd+bwd median ms | bwd (derived) ms | bwd useful TFLOP/s | fwd ratio | fwd+bwd ratio
TABLE stash_tiled_fgrid_r32_qres_pf_estash_dres_kvgrid_r32 | 1.859618 | 3.466086406993264 | 5.146714 | 3.287096 | 4.902196857043421 | 1.0 | 1.0
TABLE stash_tiled_fgrid_r32_qres_pf_estash_dres_kvgrid_r32 | 1.869212 | 3.448296218941458 | 5.13912 | 3.269908 | 4.927964847940676 | 0.9948673558697462 | 1.0014776848954685
attention_step_price: PASS (stash_tiled_fgrid_r32_qres_pf_estash_dres_kvgrid_r32 vs stash_tiled_fgrid_r32_qres_pf_estash_dres_kvgrid_r32)
