# ivf_flat build: n_rows=40000 dim=220 n_lists=1024 metric=L2Expanded kmeans_n_iters=20 kmeans_trainset_fraction=1.0 seed=7
# format: mojolearn-identity-trace v1
0	ivf.quantizer.fit.x_norm	f32	40000	6fcf6f06c4dcecc4
1	ivf.quantizer.restart00.init.par.fit.x_norm	f32	16454	39641c099b5561db
2	ivf.quantizer.restart00.init.par.restart00.init.centroids	f32	225280	d6bfad374f4bfe3e
3	ivf.quantizer.restart00.init.par.restart00.iter01.centroid_norm	f32	1024	13b763b0cbd343af
4	ivf.quantizer.restart00.init.par.restart00.iter01.labels	u32	16454	628749cccf9c3595
5	ivf.quantizer.restart00.init.par.restart00.iter01.min_dist	f32	16454	08effc9f61412d0a
6	ivf.quantizer.restart00.init.par.restart00.iter01.sums_i32	i32	225280	4fdf792f8d0c34e0
7	ivf.quantizer.restart00.init.par.restart00.iter01.weight_i32	i32	1024	f27061ef1d21eb9c
8	ivf.quantizer.restart00.init.par.restart00.iter01.new_centroids	f32	225280	c779ab898c5eae9b
9	ivf.quantizer.restart00.init.par.restart00.iter01.shift	f32	1	ab9b942647ac7f2d
10	ivf.quantizer.restart00.init.par.restart00.iter02.centroid_norm	f32	1024	5cd36573e3f239b3
11	ivf.quantizer.restart00.init.par.restart00.iter02.labels	u32	16454	ff5d5cb5ae6e2e67
12	ivf.quantizer.restart00.init.par.restart00.iter02.min_dist	f32	16454	e7af0ae093f40939
13	ivf.quantizer.restart00.init.par.restart00.iter02.sums_i32	i32	225280	7b512c3412123a5c
14	ivf.quantizer.restart00.init.par.restart00.iter02.weight_i32	i32	1024	868dd426bd0a35ed
15	ivf.quantizer.restart00.init.par.restart00.iter02.new_centroids	f32	225280	5afe9fd629c97866
16	ivf.quantizer.restart00.init.par.restart00.iter02.shift	f32	1	88d560bb63ba1142
17	ivf.quantizer.restart00.init.par.restart00.iter03.centroid_norm	f32	1024	c7efba9b6578f6b6
18	ivf.quantizer.restart00.init.par.restart00.iter03.labels	u32	16454	a70a27a161b2ee0a
19	ivf.quantizer.restart00.init.par.restart00.iter03.min_dist	f32	16454	c6130a0d6aabcc66
20	ivf.quantizer.restart00.init.par.restart00.iter03.sums_i32	i32	225280	ce780f88b403c316
21	ivf.quantizer.restart00.init.par.restart00.iter03.weight_i32	i32	1024	d2b207ffec416e65
22	ivf.quantizer.restart00.init.par.restart00.iter03.new_centroids	f32	225280	cb35bfbd927e97ff
23	ivf.quantizer.restart00.init.par.restart00.iter03.shift	f32	1	cfbfce7ecfc20af8
24	ivf.quantizer.restart00.init.par.restart00.iter04.centroid_norm	f32	1024	5e88a0126c0c2393
25	ivf.quantizer.restart00.init.par.restart00.iter04.labels	u32	16454	fb231e5615748ffd
26	ivf.quantizer.restart00.init.par.restart00.iter04.min_dist	f32	16454	3e701c58f47d6efb
27	ivf.quantizer.restart00.init.par.restart00.iter04.sums_i32	i32	225280	3ae7929a1996d74a
28	ivf.quantizer.restart00.init.par.restart00.iter04.weight_i32	i32	1024	06851126cfe2458a
29	ivf.quantizer.restart00.init.par.restart00.iter04.new_centroids	f32	225280	7422c0b2ab891e90
30	ivf.quantizer.restart00.init.par.restart00.iter04.shift	f32	1	c9bb8f8a81649ad6
31	ivf.quantizer.restart00.init.par.restart00.iter05.centroid_norm	f32	1024	43cf89570db9e673
32	ivf.quantizer.restart00.init.par.restart00.iter05.labels	u32	16454	a955229ca16bed44
33	ivf.quantizer.restart00.init.par.restart00.iter05.min_dist	f32	16454	31b26030c06593b3
34	ivf.quantizer.restart00.init.par.restart00.iter05.sums_i32	i32	225280	28aa31c8ae32a820
35	ivf.quantizer.restart00.init.par.restart00.iter05.weight_i32	i32	1024	f3aff8bc4888d2d3
36	ivf.quantizer.restart00.init.par.restart00.iter05.new_centroids	f32	225280	b3be9c1efda3d2b8
37	ivf.quantizer.restart00.init.par.restart00.iter05.shift	f32	1	566a25ec4fe9cece
38	ivf.quantizer.restart00.init.par.restart00.iter06.centroid_norm	f32	1024	e2d7d43490bc395e
39	ivf.quantizer.restart00.init.par.restart00.iter06.labels	u32	16454	4d3cd6e9db91805c
40	ivf.quantizer.restart00.init.par.restart00.iter06.min_dist	f32	16454	16115dd794c73805
41	ivf.quantizer.restart00.init.par.restart00.iter06.sums_i32	i32	225280	a962cc8eaab8d0e6
42	ivf.quantizer.restart00.init.par.restart00.iter06.weight_i32	i32	1024	455583e52f399686
43	ivf.quantizer.restart00.init.par.restart00.iter06.new_centroids	f32	225280	bec11d6e21c70bb9
44	ivf.quantizer.restart00.init.par.restart00.iter06.shift	f32	1	bf943e7938db8d2d
45	ivf.quantizer.restart00.init.par.restart00.iter07.centroid_norm	f32	1024	575cc5e1c434d6a5
46	ivf.quantizer.restart00.init.par.restart00.iter07.labels	u32	16454	914cd1bb09c8775c
47	ivf.quantizer.restart00.init.par.restart00.iter07.min_dist	f32	16454	3dc2325990e91c89
48	ivf.quantizer.restart00.init.par.restart00.iter07.sums_i32	i32	225280	a5d16c4f9f3f5913
49	ivf.quantizer.restart00.init.par.restart00.iter07.weight_i32	i32	1024	50637c6cf5d77ea1
50	ivf.quantizer.restart00.init.par.restart00.iter07.new_centroids	f32	225280	4576069496a91c70
51	ivf.quantizer.restart00.init.par.restart00.iter07.shift	f32	1	83ced1386b8cbc8e
52	ivf.quantizer.restart00.init.par.restart00.iter08.centroid_norm	f32	1024	ce4af8ae37e69887
53	ivf.quantizer.restart00.init.par.restart00.iter08.labels	u32	16454	f83d20f0c68f3483
54	ivf.quantizer.restart00.init.par.restart00.iter08.min_dist	f32	16454	9816b98962d2ed8d
55	ivf.quantizer.restart00.init.par.restart00.iter08.sums_i32	i32	225280	46669f8696865080
56	ivf.quantizer.restart00.init.par.restart00.iter08.weight_i32	i32	1024	302a18caf1b3f88f
57	ivf.quantizer.restart00.init.par.restart00.iter08.new_centroids	f32	225280	57681cc5faf58a4f
58	ivf.quantizer.restart00.init.par.restart00.iter08.shift	f32	1	1ab4caa88d12c68b
59	ivf.quantizer.restart00.init.par.restart00.iter09.centroid_norm	f32	1024	46c65c37f1da6ddc
60	ivf.quantizer.restart00.init.par.restart00.iter09.labels	u32	16454	96ba0f2396a5d53a
61	ivf.quantizer.restart00.init.par.restart00.iter09.min_dist	f32	16454	69cfa041b5060062
62	ivf.quantizer.restart00.init.par.restart00.iter09.sums_i32	i32	225280	f16793f3776e1b10
63	ivf.quantizer.restart00.init.par.restart00.iter09.weight_i32	i32	1024	86621c977ec3d58f
64	ivf.quantizer.restart00.init.par.restart00.iter09.new_centroids	f32	225280	0528b55c7f98a6c1
65	ivf.quantizer.restart00.init.par.restart00.iter09.shift	f32	1	9a7df5345802c29f
66	ivf.quantizer.restart00.init.par.restart00.iter10.centroid_norm	f32	1024	3e84206d3a0577c8
67	ivf.quantizer.restart00.init.par.restart00.iter10.labels	u32	16454	790045161f23313a
68	ivf.quantizer.restart00.init.par.restart00.iter10.min_dist	f32	16454	a8aa469230616e3f
69	ivf.quantizer.restart00.init.par.restart00.iter10.sums_i32	i32	225280	6726cd5d26146c71
70	ivf.quantizer.restart00.init.par.restart00.iter10.weight_i32	i32	1024	ccf7ecaa8080476b
71	ivf.quantizer.restart00.init.par.restart00.iter10.new_centroids	f32	225280	39f5722f8aa50fa1
72	ivf.quantizer.restart00.init.par.restart00.iter10.shift	f32	1	224db9f040277fce
73	ivf.quantizer.restart00.init.par.restart00.iter11.centroid_norm	f32	1024	97e1dcc7c4bdbb3c
74	ivf.quantizer.restart00.init.par.restart00.iter11.labels	u32	16454	0d7505100138d2f4
75	ivf.quantizer.restart00.init.par.restart00.iter11.min_dist	f32	16454	829d4495088709a6
76	ivf.quantizer.restart00.init.par.restart00.iter11.sums_i32	i32	225280	4ffd4040ac7be99d
77	ivf.quantizer.restart00.init.par.restart00.iter11.weight_i32	i32	1024	d97d742b56d0d0ec
78	ivf.quantizer.restart00.init.par.restart00.iter11.new_centroids	f32	225280	a8964830f550f37a
79	ivf.quantizer.restart00.init.par.restart00.iter11.shift	f32	1	0fce60c708cb94ce
80	ivf.quantizer.restart00.init.par.restart00.iter12.centroid_norm	f32	1024	1222231f22787a4f
81	ivf.quantizer.restart00.init.par.restart00.iter12.labels	u32	16454	1fd8ec19ac39349f
82	ivf.quantizer.restart00.init.par.restart00.iter12.min_dist	f32	16454	ef756845ed617486
83	ivf.quantizer.restart00.init.par.restart00.iter12.sums_i32	i32	225280	f67597ddc939a0ca
84	ivf.quantizer.restart00.init.par.restart00.iter12.weight_i32	i32	1024	320f97cc80ce8f5b
85	ivf.quantizer.restart00.init.par.restart00.iter12.new_centroids	f32	225280	f9164b03f5e060e5
86	ivf.quantizer.restart00.init.par.restart00.iter12.shift	f32	1	63f93a1ea9d7b3cc
87	ivf.quantizer.restart00.init.par.restart00.iter13.centroid_norm	f32	1024	4ba4d6f0bb806ae0
88	ivf.quantizer.restart00.init.par.restart00.iter13.labels	u32	16454	312ef1fa1ffa38a2
89	ivf.quantizer.restart00.init.par.restart00.iter13.min_dist	f32	16454	b934ebec82c96e13
90	ivf.quantizer.restart00.init.par.restart00.iter13.sums_i32	i32	225280	fe6d63b98a0e472c
91	ivf.quantizer.restart00.init.par.restart00.iter13.weight_i32	i32	1024	5705d307f68d2654
92	ivf.quantizer.restart00.init.par.restart00.iter13.new_centroids	f32	225280	6acf823c3bd9d754
93	ivf.quantizer.restart00.init.par.restart00.iter13.shift	f32	1	534c2ad0766c9315
94	ivf.quantizer.restart00.init.par.restart00.iter14.centroid_norm	f32	1024	70c1599eba9d5f3a
95	ivf.quantizer.restart00.init.par.restart00.iter14.labels	u32	16454	144014787889305d
96	ivf.quantizer.restart00.init.par.restart00.iter14.min_dist	f32	16454	a317a32eb996afcd
97	ivf.quantizer.restart00.init.par.restart00.iter14.sums_i32	i32	225280	695b4df58d04a14c
98	ivf.quantizer.restart00.init.par.restart00.iter14.weight_i32	i32	1024	0a914c5ba86375d9
99	ivf.quantizer.restart00.init.par.restart00.iter14.new_centroids	f32	225280	a38c9f2be76136e4
100	ivf.quantizer.restart00.init.par.restart00.iter14.shift	f32	1	ca2ba7446925486c
101	ivf.quantizer.restart00.init.par.restart00.iter15.centroid_norm	f32	1024	3fffa41a6378e342
102	ivf.quantizer.restart00.init.par.restart00.iter15.labels	u32	16454	b7aca1f7249b0d64
103	ivf.quantizer.restart00.init.par.restart00.iter15.min_dist	f32	16454	891deaa13306b5c8
104	ivf.quantizer.restart00.init.par.restart00.iter15.sums_i32	i32	225280	e44e3ac5a5a65df5
105	ivf.quantizer.restart00.init.par.restart00.iter15.weight_i32	i32	1024	67a142af85890630
106	ivf.quantizer.restart00.init.par.restart00.iter15.new_centroids	f32	225280	02103251e34724bf
107	ivf.quantizer.restart00.init.par.restart00.iter15.shift	f32	1	5d48f328348a52f3
108	ivf.quantizer.restart00.init.par.restart00.iter16.centroid_norm	f32	1024	e59d26994a3b4b04
109	ivf.quantizer.restart00.init.par.restart00.iter16.labels	u32	16454	c857d74751132fd1
110	ivf.quantizer.restart00.init.par.restart00.iter16.min_dist	f32	16454	36350bb33753bb58
111	ivf.quantizer.restart00.init.par.restart00.iter16.sums_i32	i32	225280	ef2266f07bf17422
112	ivf.quantizer.restart00.init.par.restart00.iter16.weight_i32	i32	1024	9a7b21bb137d5756
113	ivf.quantizer.restart00.init.par.restart00.iter16.new_centroids	f32	225280	ac6a94948d50d2be
114	ivf.quantizer.restart00.init.par.restart00.iter16.shift	f32	1	279d1635f3ac2490
115	ivf.quantizer.restart00.init.par.restart00.iter17.centroid_norm	f32	1024	3014bfc53d8f0adf
116	ivf.quantizer.restart00.init.par.restart00.iter17.labels	u32	16454	cfc077537d34a2b1
117	ivf.quantizer.restart00.init.par.restart00.iter17.min_dist	f32	16454	8a8d4528893e932f
118	ivf.quantizer.restart00.init.par.restart00.iter17.sums_i32	i32	225280	1fa749bf9dc52a35
119	ivf.quantizer.restart00.init.par.restart00.iter17.weight_i32	i32	1024	25395589e33f13cf
120	ivf.quantizer.restart00.init.par.restart00.iter17.new_centroids	f32	225280	c7be17c20f673a4f
121	ivf.quantizer.restart00.init.par.restart00.iter17.shift	f32	1	3341f9bf415991d8
122	ivf.quantizer.restart00.init.par.restart00.iter18.centroid_norm	f32	1024	764cf23dfc305026
123	ivf.quantizer.restart00.init.par.restart00.iter18.labels	u32	16454	d8edaf1869506a70
124	ivf.quantizer.restart00.init.par.restart00.iter18.min_dist	f32	16454	05cdd899fa993621
125	ivf.quantizer.restart00.init.par.restart00.iter18.sums_i32	i32	225280	95282fb47e1fe357
126	ivf.quantizer.restart00.init.par.restart00.iter18.weight_i32	i32	1024	674c88ef35c993b1
127	ivf.quantizer.restart00.init.par.restart00.iter18.new_centroids	f32	225280	b960bccb868709c8
128	ivf.quantizer.restart00.init.par.restart00.iter18.shift	f32	1	452c8c513cdf961b
129	ivf.quantizer.restart00.init.par.restart00.iter19.centroid_norm	f32	1024	6f6a318720ba4797
130	ivf.quantizer.restart00.init.par.restart00.iter19.labels	u32	16454	aac3798970620a8f
131	ivf.quantizer.restart00.init.par.restart00.iter19.min_dist	f32	16454	e42b4993a8ca8d9e
132	ivf.quantizer.restart00.init.par.restart00.iter19.sums_i32	i32	225280	997040e6ade74aba
133	ivf.quantizer.restart00.init.par.restart00.iter19.weight_i32	i32	1024	62c97d14d0c09fbe
134	ivf.quantizer.restart00.init.par.restart00.iter19.new_centroids	f32	225280	58b6c07d2a51fd66
135	ivf.quantizer.restart00.init.par.restart00.iter19.shift	f32	1	c995b24be74bf0fb
136	ivf.quantizer.restart00.init.par.restart00.iter20.centroid_norm	f32	1024	306426f3e7858f88
137	ivf.quantizer.restart00.init.par.restart00.iter20.labels	u32	16454	860822891933c176
138	ivf.quantizer.restart00.init.par.restart00.iter20.min_dist	f32	16454	f1c24dd08e2af5f8
139	ivf.quantizer.restart00.init.par.restart00.iter20.sums_i32	i32	225280	26a715af22e5d7b4
140	ivf.quantizer.restart00.init.par.restart00.iter20.weight_i32	i32	1024	b6f769a521fe6207
141	ivf.quantizer.restart00.init.par.restart00.iter20.new_centroids	f32	225280	1b3531dbb536e410
142	ivf.quantizer.restart00.init.par.restart00.iter20.shift	f32	1	2bbc186ae21220cc
143	ivf.quantizer.restart00.init.par.restart00.iter21.centroid_norm	f32	1024	87fd670065f8e40f
144	ivf.quantizer.restart00.init.par.restart00.iter21.labels	u32	16454	3bacddb4c09cf7eb
145	ivf.quantizer.restart00.init.par.restart00.iter21.min_dist	f32	16454	8b2286fa19ace415
146	ivf.quantizer.restart00.init.par.restart00.iter21.sums_i32	i32	225280	0689d1702531ada2
147	ivf.quantizer.restart00.init.par.restart00.iter21.weight_i32	i32	1024	8b4b37284625256f
148	ivf.quantizer.restart00.init.par.restart00.iter21.new_centroids	f32	225280	2c12009953e1966a
149	ivf.quantizer.restart00.init.par.restart00.iter21.shift	f32	1	6cd74e24ad4d39c2
150	ivf.quantizer.restart00.init.par.restart00.iter22.centroid_norm	f32	1024	a3d25b6f090ebc86
151	ivf.quantizer.restart00.init.par.restart00.iter22.labels	u32	16454	cee4afb7c81a933f
152	ivf.quantizer.restart00.init.par.restart00.iter22.min_dist	f32	16454	67b4f9355fbe3c7a
153	ivf.quantizer.restart00.init.par.restart00.iter22.sums_i32	i32	225280	7caddba18789ebd7
154	ivf.quantizer.restart00.init.par.restart00.iter22.weight_i32	i32	1024	4474fd4b651db02f
155	ivf.quantizer.restart00.init.par.restart00.iter22.new_centroids	f32	225280	b7ea3c4b7723c046
156	ivf.quantizer.restart00.init.par.restart00.iter22.shift	f32	1	0610503933ab25c3
157	ivf.quantizer.restart00.init.par.restart00.iter23.centroid_norm	f32	1024	0fe9f81937896eb0
158	ivf.quantizer.restart00.init.par.restart00.iter23.labels	u32	16454	8b36e45a55bf85f2
159	ivf.quantizer.restart00.init.par.restart00.iter23.min_dist	f32	16454	7a469f191dc74de2
160	ivf.quantizer.restart00.init.par.restart00.iter23.sums_i32	i32	225280	20bbc2ceaa126225
161	ivf.quantizer.restart00.init.par.restart00.iter23.weight_i32	i32	1024	ea44e6fca0f3c04f
162	ivf.quantizer.restart00.init.par.restart00.iter23.new_centroids	f32	225280	d86d61cffc9d96de
163	ivf.quantizer.restart00.init.par.restart00.iter23.shift	f32	1	975a389a8566aa4a
164	ivf.quantizer.restart00.init.par.restart00.iter24.centroid_norm	f32	1024	8845b39cb53cfabc
165	ivf.quantizer.restart00.init.par.restart00.iter24.labels	u32	16454	0e812b8040986a45
166	ivf.quantizer.restart00.init.par.restart00.iter24.min_dist	f32	16454	572ae4a4bc1c8c99
167	ivf.quantizer.restart00.init.par.restart00.iter24.sums_i32	i32	225280	68ee51e2c0104bf9
168	ivf.quantizer.restart00.init.par.restart00.iter24.weight_i32	i32	1024	8a122fddf834484f
169	ivf.quantizer.restart00.init.par.restart00.iter24.new_centroids	f32	225280	841dcda51d3cce21
170	ivf.quantizer.restart00.init.par.restart00.iter24.shift	f32	1	cb05381801b89d37
171	ivf.quantizer.restart00.init.par.restart00.iter25.centroid_norm	f32	1024	ecd6620e91276bfc
172	ivf.quantizer.restart00.init.par.restart00.iter25.labels	u32	16454	50641a5d6a76f812
173	ivf.quantizer.restart00.init.par.restart00.iter25.min_dist	f32	16454	1fc13a2d89a3fada
174	ivf.quantizer.restart00.init.par.restart00.iter25.sums_i32	i32	225280	6a733b0b5142b5aa
175	ivf.quantizer.restart00.init.par.restart00.iter25.weight_i32	i32	1024	04121451fd791b6d
176	ivf.quantizer.restart00.init.par.restart00.iter25.new_centroids	f32	225280	7aa4d104886e1ee3
177	ivf.quantizer.restart00.init.par.restart00.iter25.shift	f32	1	1cf0acaf3e66c82f
178	ivf.quantizer.restart00.init.par.restart00.iter26.centroid_norm	f32	1024	23342eca93112c6c
179	ivf.quantizer.restart00.init.par.restart00.iter26.labels	u32	16454	d153fe05436a4ab0
180	ivf.quantizer.restart00.init.par.restart00.iter26.min_dist	f32	16454	afba30b8305d7366
181	ivf.quantizer.restart00.init.par.restart00.iter26.sums_i32	i32	225280	5e149b0fce7b5704
182	ivf.quantizer.restart00.init.par.restart00.iter26.weight_i32	i32	1024	03e17e3a10e571c4
183	ivf.quantizer.restart00.init.par.restart00.iter26.new_centroids	f32	225280	ac0530758108687f
184	ivf.quantizer.restart00.init.par.restart00.iter26.shift	f32	1	5ebe975f7c4d050d
185	ivf.quantizer.restart00.init.par.restart00.iter27.centroid_norm	f32	1024	2ce0717b02464f17
186	ivf.quantizer.restart00.init.par.restart00.iter27.labels	u32	16454	d4703cf761577219
187	ivf.quantizer.restart00.init.par.restart00.iter27.min_dist	f32	16454	54d5fd2f3fccec3d
188	ivf.quantizer.restart00.init.par.restart00.iter27.sums_i32	i32	225280	ee0761490dda4ca5
189	ivf.quantizer.restart00.init.par.restart00.iter27.weight_i32	i32	1024	c88579e74384a044
190	ivf.quantizer.restart00.init.par.restart00.iter27.new_centroids	f32	225280	3d8a8b253cf2a5bf
191	ivf.quantizer.restart00.init.par.restart00.iter27.shift	f32	1	ca5c0776d0bba17e
192	ivf.quantizer.restart00.init.par.restart00.iter28.centroid_norm	f32	1024	f2a66b341d3f744c
193	ivf.quantizer.restart00.init.par.restart00.iter28.labels	u32	16454	f58788168ec11280
194	ivf.quantizer.restart00.init.par.restart00.iter28.min_dist	f32	16454	520af31c47b21455
195	ivf.quantizer.restart00.init.par.restart00.iter28.sums_i32	i32	225280	28a15403ca1dd87f
196	ivf.quantizer.restart00.init.par.restart00.iter28.weight_i32	i32	1024	9d983e2f4843f69d
197	ivf.quantizer.restart00.init.par.restart00.iter28.new_centroids	f32	225280	a89606c5ef2e70b9
198	ivf.quantizer.restart00.init.par.restart00.iter28.shift	f32	1	5beefc15679b81cf
199	ivf.quantizer.restart00.init.par.restart00.iter29.centroid_norm	f32	1024	3bea9c9f5a04b5a2
200	ivf.quantizer.restart00.init.par.restart00.iter29.labels	u32	16454	fafc07275eb35dd2
201	ivf.quantizer.restart00.init.par.restart00.iter29.min_dist	f32	16454	b9e9e2c95e436974
202	ivf.quantizer.restart00.init.par.restart00.iter29.sums_i32	i32	225280	0298bc2d94e13264
203	ivf.quantizer.restart00.init.par.restart00.iter29.weight_i32	i32	1024	d3e7f468a57f1f3d
204	ivf.quantizer.restart00.init.par.restart00.iter29.new_centroids	f32	225280	c6306d1c9177ca95
205	ivf.quantizer.restart00.init.par.restart00.iter29.shift	f32	1	eb5a2f239fd3072a
206	ivf.quantizer.restart00.init.par.restart00.iter30.centroid_norm	f32	1024	5a828c3051c01690
207	ivf.quantizer.restart00.init.par.restart00.iter30.labels	u32	16454	fafc07275eb35dd2
208	ivf.quantizer.restart00.init.par.restart00.iter30.min_dist	f32	16454	ad610025b247d4d8
209	ivf.quantizer.restart00.init.par.restart00.iter30.sums_i32	i32	225280	0298bc2d94e13264
210	ivf.quantizer.restart00.init.par.restart00.iter30.weight_i32	i32	1024	d3e7f468a57f1f3d
211	ivf.quantizer.restart00.init.par.restart00.iter30.new_centroids	f32	225280	c6306d1c9177ca95
212	ivf.quantizer.restart00.init.par.restart00.iter30.shift	f32	1	4d25767f9dce13f5
213	ivf.quantizer.restart00.init.par.restart00.final.labels	u32	16454	fafc07275eb35dd2
214	ivf.quantizer.restart00.init.par.restart00.final.centroids	f32	225280	c6306d1c9177ca95
215	ivf.quantizer.restart00.init.par.restart00.final.inertia	f32	1	c451c3f9ed29b7c3
216	ivf.quantizer.restart00.init.par.fit.centroids	f32	225280	c6306d1c9177ca95
217	ivf.quantizer.restart00.init.par.fit.labels	u32	16454	fafc07275eb35dd2
218	ivf.quantizer.restart00.init.centroids	f32	225280	c6306d1c9177ca95
219	ivf.quantizer.restart00.iter01.centroid_norm	f32	1024	5a828c3051c01690
220	ivf.quantizer.restart00.iter01.labels	u32	40000	0af452c1f036c681
221	ivf.quantizer.restart00.iter01.min_dist	f32	40000	4bb4c4594aa47c68
222	ivf.quantizer.restart00.iter01.sums_i32	i32	225280	f101e9c666aef290
223	ivf.quantizer.restart00.iter01.weight_i32	i32	1024	ab280b892993af16
224	ivf.quantizer.restart00.iter01.new_centroids	f32	225280	810e5dad91679899
225	ivf.quantizer.restart00.iter01.shift	f32	1	f5ff52a05c1a742b
226	ivf.quantizer.restart00.iter02.centroid_norm	f32	1024	9c06aab22ea34fd3
227	ivf.quantizer.restart00.iter02.labels	u32	40000	1dbe8ec583719de7
228	ivf.quantizer.restart00.iter02.min_dist	f32	40000	d5529cc1572b602a
229	ivf.quantizer.restart00.iter02.sums_i32	i32	225280	5acc843013b450f0
230	ivf.quantizer.restart00.iter02.weight_i32	i32	1024	e0d4f96f5864fc7e
231	ivf.quantizer.restart00.iter02.new_centroids	f32	225280	19b3222fcd620973
232	ivf.quantizer.restart00.iter02.shift	f32	1	72522e6e99f73268
233	ivf.quantizer.restart00.iter03.centroid_norm	f32	1024	999c897b19ad0753
234	ivf.quantizer.restart00.iter03.labels	u32	40000	67fbdbaf4b582a4f
235	ivf.quantizer.restart00.iter03.min_dist	f32	40000	9e6f319c42bf9e42
236	ivf.quantizer.restart00.iter03.sums_i32	i32	225280	5af69b723f1b2cfd
237	ivf.quantizer.restart00.iter03.weight_i32	i32	1024	1be978d9ed3d6a52
238	ivf.quantizer.restart00.iter03.new_centroids	f32	225280	26583e1fd483d792
239	ivf.quantizer.restart00.iter03.shift	f32	1	aafb83e669c33056
240	ivf.quantizer.restart00.iter04.centroid_norm	f32	1024	5e06154eeae22318
241	ivf.quantizer.restart00.iter04.labels	u32	40000	fb2dd49a09766438
242	ivf.quantizer.restart00.iter04.min_dist	f32	40000	04151af7d50efb61
243	ivf.quantizer.restart00.iter04.sums_i32	i32	225280	4981dcf59ecd2b3e
244	ivf.quantizer.restart00.iter04.weight_i32	i32	1024	da556b04df696056
245	ivf.quantizer.restart00.iter04.new_centroids	f32	225280	60adc704f04bc48d
246	ivf.quantizer.restart00.iter04.shift	f32	1	b53d0f8f7224e479
247	ivf.quantizer.restart00.iter05.centroid_norm	f32	1024	d5d283b80f5b159f
248	ivf.quantizer.restart00.iter05.labels	u32	40000	0ba55fffcc3ec509
249	ivf.quantizer.restart00.iter05.min_dist	f32	40000	8a2c3793bcb8e7f3
250	ivf.quantizer.restart00.iter05.sums_i32	i32	225280	371aaaa3c0c07541
251	ivf.quantizer.restart00.iter05.weight_i32	i32	1024	cb062f8dc48eb78e
252	ivf.quantizer.restart00.iter05.new_centroids	f32	225280	0c73d4b65969e0c7
253	ivf.quantizer.restart00.iter05.shift	f32	1	e4cea1fdb8cccfd9
254	ivf.quantizer.restart00.iter06.centroid_norm	f32	1024	615002635caeb171
255	ivf.quantizer.restart00.iter06.labels	u32	40000	53adb6b29fa78825
256	ivf.quantizer.restart00.iter06.min_dist	f32	40000	949a561099110649
257	ivf.quantizer.restart00.iter06.sums_i32	i32	225280	0879bfd9492b0e57
258	ivf.quantizer.restart00.iter06.weight_i32	i32	1024	805b00323bebf8f6
259	ivf.quantizer.restart00.iter06.new_centroids	f32	225280	b7d2dc23fcd53722
260	ivf.quantizer.restart00.iter06.shift	f32	1	7251ecd349c0042d
261	ivf.quantizer.restart00.iter07.centroid_norm	f32	1024	20d0a9433feacfff
262	ivf.quantizer.restart00.iter07.labels	u32	40000	8ca7655ec55b863c
263	ivf.quantizer.restart00.iter07.min_dist	f32	40000	c5e01d89ba0f3936
264	ivf.quantizer.restart00.iter07.sums_i32	i32	225280	1e2f98de16e8eba6
265	ivf.quantizer.restart00.iter07.weight_i32	i32	1024	b1c29cbd6d4f7cc0
266	ivf.quantizer.restart00.iter07.new_centroids	f32	225280	48167c243ef65d1f
267	ivf.quantizer.restart00.iter07.shift	f32	1	a45afa7279a86902
268	ivf.quantizer.restart00.iter08.centroid_norm	f32	1024	7e3d5949df8aa638
269	ivf.quantizer.restart00.iter08.labels	u32	40000	f92a3e34b0256e01
270	ivf.quantizer.restart00.iter08.min_dist	f32	40000	42641b4df4ca590d
271	ivf.quantizer.restart00.iter08.sums_i32	i32	225280	497884826f654598
272	ivf.quantizer.restart00.iter08.weight_i32	i32	1024	1bed55fab1816327
273	ivf.quantizer.restart00.iter08.new_centroids	f32	225280	a4bd44654a01e688
274	ivf.quantizer.restart00.iter08.shift	f32	1	ab6fe4803a168db1
275	ivf.quantizer.restart00.iter09.centroid_norm	f32	1024	02786b87e8503251
276	ivf.quantizer.restart00.iter09.labels	u32	40000	e06f8585b54b4315
277	ivf.quantizer.restart00.iter09.min_dist	f32	40000	8d07c7bad43d21ef
278	ivf.quantizer.restart00.iter09.sums_i32	i32	225280	48e13347a0a3e55e
279	ivf.quantizer.restart00.iter09.weight_i32	i32	1024	5ab13070b62b45f7
280	ivf.quantizer.restart00.iter09.new_centroids	f32	225280	fd00177107ea482f
281	ivf.quantizer.restart00.iter09.shift	f32	1	7ff4de3b2b0f1828
282	ivf.quantizer.restart00.iter10.centroid_norm	f32	1024	7f107bb7db6a588c
283	ivf.quantizer.restart00.iter10.labels	u32	40000	912ac1e3a521bb1c
284	ivf.quantizer.restart00.iter10.min_dist	f32	40000	0a23203c07e4630f
285	ivf.quantizer.restart00.iter10.sums_i32	i32	225280	a441b0625384bc59
286	ivf.quantizer.restart00.iter10.weight_i32	i32	1024	90aca7de0502405c
287	ivf.quantizer.restart00.iter10.new_centroids	f32	225280	b7115adb2d94f829
288	ivf.quantizer.restart00.iter10.shift	f32	1	3a561f7f92bb1fbc
289	ivf.quantizer.restart00.iter11.centroid_norm	f32	1024	af54c67a43a0c782
290	ivf.quantizer.restart00.iter11.labels	u32	40000	a6e9a60d82d4cb40
291	ivf.quantizer.restart00.iter11.min_dist	f32	40000	4ef2ffe97b551e76
292	ivf.quantizer.restart00.iter11.sums_i32	i32	225280	88b47e46d7997f73
293	ivf.quantizer.restart00.iter11.weight_i32	i32	1024	127f1f1a983e58e7
294	ivf.quantizer.restart00.iter11.new_centroids	f32	225280	6431e2cc2de80fb2
295	ivf.quantizer.restart00.iter11.shift	f32	1	00abf6dd734413f0
296	ivf.quantizer.restart00.iter12.centroid_norm	f32	1024	537403d21004d55a
297	ivf.quantizer.restart00.iter12.labels	u32	40000	f0c530b31bf1b473
298	ivf.quantizer.restart00.iter12.min_dist	f32	40000	22b076409f02d1af
299	ivf.quantizer.restart00.iter12.sums_i32	i32	225280	a1867cc746af410d
300	ivf.quantizer.restart00.iter12.weight_i32	i32	1024	d88de58d78acbe20
301	ivf.quantizer.restart00.iter12.new_centroids	f32	225280	f0bbd13e58acbb27
302	ivf.quantizer.restart00.iter12.shift	f32	1	827445f29030ea6e
303	ivf.quantizer.restart00.iter13.centroid_norm	f32	1024	727d1fa5824d3f86
304	ivf.quantizer.restart00.iter13.labels	u32	40000	6205cdb5a25cc373
305	ivf.quantizer.restart00.iter13.min_dist	f32	40000	b153e8cd2a310b93
306	ivf.quantizer.restart00.iter13.sums_i32	i32	225280	ac7f9fdb7f0cc3af
307	ivf.quantizer.restart00.iter13.weight_i32	i32	1024	f71f6bd0cb299228
308	ivf.quantizer.restart00.iter13.new_centroids	f32	225280	afd0604d227cd295
309	ivf.quantizer.restart00.iter13.shift	f32	1	c5e49a6493835cc3
310	ivf.quantizer.restart00.iter14.centroid_norm	f32	1024	e78da715852469f1
311	ivf.quantizer.restart00.iter14.labels	u32	40000	eb2de365dfae641d
312	ivf.quantizer.restart00.iter14.min_dist	f32	40000	d7be6ea39b3af755
313	ivf.quantizer.restart00.iter14.sums_i32	i32	225280	59fdf6dba399663e
314	ivf.quantizer.restart00.iter14.weight_i32	i32	1024	990f3cf2608259a6
315	ivf.quantizer.restart00.iter14.new_centroids	f32	225280	03352561be762081
316	ivf.quantizer.restart00.iter14.shift	f32	1	bfe710194831e0cc
317	ivf.quantizer.restart00.iter15.centroid_norm	f32	1024	e84ce8d3dfea122c
318	ivf.quantizer.restart00.iter15.labels	u32	40000	1d3557784a1ba49f
319	ivf.quantizer.restart00.iter15.min_dist	f32	40000	9487f564e1102e8c
320	ivf.quantizer.restart00.iter15.sums_i32	i32	225280	cfa62c6eb1ba00e2
321	ivf.quantizer.restart00.iter15.weight_i32	i32	1024	f7e52ab65e65f1cb
322	ivf.quantizer.restart00.iter15.new_centroids	f32	225280	987e247f3e12b609
323	ivf.quantizer.restart00.iter15.shift	f32	1	cbadb90ec46b7ef6
324	ivf.quantizer.restart00.iter16.centroid_norm	f32	1024	c2583d7fffb4e113
325	ivf.quantizer.restart00.iter16.labels	u32	40000	1d4b93de6670af1f
326	ivf.quantizer.restart00.iter16.min_dist	f32	40000	e2b2d17aa855ed76
327	ivf.quantizer.restart00.iter16.sums_i32	i32	225280	c012a2c15b0e1962
328	ivf.quantizer.restart00.iter16.weight_i32	i32	1024	3d3cb9ee41b2474b
329	ivf.quantizer.restart00.iter16.new_centroids	f32	225280	996de82e082c7699
330	ivf.quantizer.restart00.iter16.shift	f32	1	fe0f2ce25736baa6
331	ivf.quantizer.restart00.iter17.centroid_norm	f32	1024	bd81f8db2362b9b9
332	ivf.quantizer.restart00.iter17.labels	u32	40000	a933d8b4e64ed555
333	ivf.quantizer.restart00.iter17.min_dist	f32	40000	cf33f2ae02d41309
334	ivf.quantizer.restart00.iter17.sums_i32	i32	225280	ead130071662ab4c
335	ivf.quantizer.restart00.iter17.weight_i32	i32	1024	d657e7d703ef3e92
336	ivf.quantizer.restart00.iter17.new_centroids	f32	225280	c048a8e23de5aa61
337	ivf.quantizer.restart00.iter17.shift	f32	1	d1297bd7fe5a9ea7
338	ivf.quantizer.restart00.iter18.centroid_norm	f32	1024	40216cfab2f25105
339	ivf.quantizer.restart00.iter18.labels	u32	40000	43d01710adf3552e
340	ivf.quantizer.restart00.iter18.min_dist	f32	40000	939b285a4d066b13
341	ivf.quantizer.restart00.iter18.sums_i32	i32	225280	2be26dc6a16d0b62
342	ivf.quantizer.restart00.iter18.weight_i32	i32	1024	d2f2903a3748baa4
343	ivf.quantizer.restart00.iter18.new_centroids	f32	225280	839ea1d4497a449b
344	ivf.quantizer.restart00.iter18.shift	f32	1	b2b6b529a800bcbe
345	ivf.quantizer.restart00.iter19.centroid_norm	f32	1024	27cfde02a8870a6e
346	ivf.quantizer.restart00.iter19.labels	u32	40000	52703b61e51f1a6f
347	ivf.quantizer.restart00.iter19.min_dist	f32	40000	fa0939839a84ae79
348	ivf.quantizer.restart00.iter19.sums_i32	i32	225280	a7bb6b5cc9ee2db4
349	ivf.quantizer.restart00.iter19.weight_i32	i32	1024	5dedf24365515b3e
350	ivf.quantizer.restart00.iter19.new_centroids	f32	225280	ea327bba13ab1bff
351	ivf.quantizer.restart00.iter19.shift	f32	1	9c2a75a69bca1e8e
352	ivf.quantizer.restart00.iter20.centroid_norm	f32	1024	e14d6e3079906f5e
353	ivf.quantizer.restart00.iter20.labels	u32	40000	bf105ead3a7edb8c
354	ivf.quantizer.restart00.iter20.min_dist	f32	40000	d8b894c0740d17de
355	ivf.quantizer.restart00.iter20.sums_i32	i32	225280	d57b2d91a754fca3
356	ivf.quantizer.restart00.iter20.weight_i32	i32	1024	7d0b4d4be9cd7aa4
357	ivf.quantizer.restart00.iter20.new_centroids	f32	225280	838741dcef128f4a
358	ivf.quantizer.restart00.iter20.shift	f32	1	e47a6a93ce9d7046
359	ivf.quantizer.restart00.final.labels	u32	40000	1b06352fc9a70436
360	ivf.quantizer.restart00.final.centroids	f32	225280	838741dcef128f4a
361	ivf.quantizer.restart00.final.inertia	f32	1	22a6464c1a6ff1a3
362	ivf.quantizer.fit.centroids	f32	225280	838741dcef128f4a
363	ivf.quantizer.fit.labels	u32	40000	1b06352fc9a70436
364	ivf.centers	f32	225280	838741dcef128f4a
365	ivf.center_norms	f32	1024	cf00d97090d40497
366	ivf.assign	u32	40000	1b06352fc9a70436
367	ivf.list_offsets	i32	1025	86ec327044bca660
368	ivf.list_indices	i32	40000	a8b4d400caef7cd5
369	ivf.list_data	f32	8800000	e7bd7280fc966001
# ivf_flat search: n_queries=400 dim=220 n_lists=1024 n_probes=32 k=10 n_rows=40000 metric=L2Expanded
# format: mojolearn-identity-trace v1
0	ivf.query_norm	f32	400	658936def756600a
1	ivf.coarse_dist	f32	409600	485968b864e69c79
2	ivf.probe_dist	f32	12800	67507310b280342a
3	ivf.probe_lists	i32	12800	b9c418c7a186f085
4	ivf.cand_counts	i32	400	d2fec698586ca5b5
5	ivf.cand_idx	i32	2575184	03659c4e8c9e862c
6	ivf.cand_dist	f32	2575184	b05d9262a6174dae
7	ivf.out_dist	f32	4000	91f7f966fcac32ed
8	ivf.out_idx	i32	4000	093d01fa87ca5946
