Imported from /root/mojolearn/svm/svc_main.mojo:43:
Imported from /root/mojolearn/svm/checks/svc_check.mojo:104:
/root/mojolearn/svm/impl/smosolver.mojo:320:29: warning: 'bitcast' is deprecated, use 'unsafe_bitcast' instead
    var p = tmp.unsafe_ptr().bitcast[UInt8]()
            ~~~~~~~~~~~~~~~~^~~~~~~~
                             unsafe_bitcast
<unknown>:0: note: 'bitcast' declared here
Imported from /root/mojolearn/svm/svc_main.mojo:41:
/root/mojolearn/core/identity_trace.mojo:103:22: warning: 'UnsafePointer' is deprecated, use 'Pointer' instead
](seed: UInt64, ptr: UnsafePointer[UInt8, o], n: Int) -> UInt64:
                     ^~~~~~~~~~~~~
                     Pointer
<unknown>:0: note: 'UnsafePointer' declared here
Imported from /root/mojolearn/svm/svc_main.mojo:41:
/root/mojolearn/core/identity_trace.mojo:248:14: warning: 'UnsafePointer' is deprecated, use 'Pointer' instead
        raw: UnsafePointer[UInt8, o],
             ^~~~~~~~~~~~~
             Pointer
<unknown>:0: note: 'UnsafePointer' declared here
Imported from /root/mojolearn/svm/svc_main.mojo:41:
/root/mojolearn/core/identity_trace.mojo:362:14: warning: 'bitcast' is deprecated, use 'unsafe_bitcast' instead
            p.bitcast[UInt8](),
            ~^~~~~~~~
              unsafe_bitcast
<unknown>:0: note: 'bitcast' declared here
Imported from /root/mojolearn/svm/svc_main.mojo:41:
/root/mojolearn/core/identity_trace.mojo:376:14: warning: 'UnsafePointer' is deprecated, use 'Pointer' instead
        ptr: UnsafePointer[Scalar[dt], o],
             ^~~~~~~~~~~~~
             Pointer
<unknown>:0: note: 'UnsafePointer' declared here
Imported from /root/mojolearn/svm/svc_main.mojo:43:
Imported from /root/mojolearn/svm/checks/svc_check.mojo:101:
/root/mojolearn/svm/impl/smoblocksolve.mojo:198:11: warning: positional `__getitem__` is deprecated, use `unsafe_offset=` instead
        Kd[tid] = kernel.unsafe_load(tid + tid * n_ws)
        ~~^~~~~
<unknown>:0: note: '__getitem__' declared here
Imported from /root/mojolearn/svm/svc_main.mojo:43:
Imported from /root/mojolearn/svm/checks/svc_check.mojo:101:
/root/mojolearn/svm/impl/smoblocksolve.mojo:202:15: warning: positional `__getitem__` is deprecated, use `unsafe_offset=` instead
        sh_tmp[0] = Float32(0.0)
        ~~~~~~^~~
<unknown>:0: note: '__getitem__' declared here
Imported from /root/mojolearn/svm/svc_main.mojo:43:
Imported from /root/mojolearn/svm/checks/svc_check.mojo:101:
/root/mojolearn/svm/impl/smoblocksolve.mojo:203:15: warning: positional `__getitem__` is deprecated, use `unsafe_offset=` instead
        sh_tmp[1] = Float32(0.0)
        ~~~~~~^~~
<unknown>:0: note: '__getitem__' declared here
Imported from /root/mojolearn/svm/svc_main.mojo:43:
Imported from /root/mojolearn/svm/checks/svc_check.mojo:101:
/root/mojolearn/svm/impl/smoblocksolve.mojo:262:27: warning: positional `__getitem__` is deprecated, use `unsafe_offset=` instead
                    sh_tmp[0] = Float32(tid)
                    ~~~~~~^~~
<unknown>:0: note: '__getitem__' declared here
Imported from /root/mojolearn/svm/svc_main.mojo:43:
Imported from /root/mojolearn/svm/checks/svc_check.mojo:101:
/root/mojolearn/svm/impl/smoblocksolve.mojo:264:31: warning: positional `__getitem__` is deprecated, use `unsafe_offset=` instead
                u = Int(sh_tmp[0])
                        ~~~~~~^~~
<unknown>:0: note: '__getitem__' declared here
Imported from /root/mojolearn/svm/svc_main.mojo:43:
Imported from /root/mojolearn/svm/checks/svc_check.mojo:101:
/root/mojolearn/svm/impl/smoblocksolve.mojo:297:36: warning: positional `__getitem__` is deprecated, use `unsafe_offset=` instead
            var eta_ui = ftz(ftz(Kd[tid] + Kd[u]) - ftz(Float32(2.0) * Kui))
                                 ~~^~~~~
<unknown>:0: note: '__getitem__' declared here
Imported from /root/mojolearn/svm/svc_main.mojo:43:
Imported from /root/mojolearn/svm/checks/svc_check.mojo:101:
/root/mojolearn/svm/impl/smoblocksolve.mojo:297:46: warning: positional `__getitem__` is deprecated, use `unsafe_offset=` instead
            var eta_ui = ftz(ftz(Kd[tid] + Kd[u]) - ftz(Float32(2.0) * Kui))
                                           ~~^~~
<unknown>:0: note: '__getitem__' declared here
Imported from /root/mojolearn/svm/svc_main.mojo:43:
Imported from /root/mojolearn/svm/checks/svc_check.mojo:101:
/root/mojolearn/svm/impl/smoblocksolve.mojo:323:23: warning: positional `__getitem__` is deprecated, use `unsafe_offset=` instead
                sh_tmp[0] = Float32(tid)
                ~~~~~~^~~
<unknown>:0: note: '__getitem__' declared here
Imported from /root/mojolearn/svm/svc_main.mojo:43:
Imported from /root/mojolearn/svm/checks/svc_check.mojo:101:
/root/mojolearn/svm/impl/smoblocksolve.mojo:325:27: warning: positional `__getitem__` is deprecated, use `unsafe_offset=` instead
            l = Int(sh_tmp[0])
                    ~~~~~~^~~
<unknown>:0: note: '__getitem__' declared here
Imported from /root/mojolearn/svm/svc_main.mojo:43:
Imported from /root/mojolearn/svm/checks/svc_check.mojo:101:
/root/mojolearn/svm/impl/smoblocksolve.mojo:333:19: warning: positional `__getitem__` is deprecated, use `unsafe_offset=` instead
            sh_tmp[0] = C - a if y > Float32(0.0) else a
            ~~~~~~^~~
<unknown>:0: note: '__getitem__' declared here
Imported from /root/mojolearn/svm/svc_main.mojo:43:
Imported from /root/mojolearn/svm/checks/svc_check.mojo:101:
/root/mojolearn/svm/impl/smoblocksolve.mojo:337:36: warning: positional `__getitem__` is deprecated, use `unsafe_offset=` instead
            var eta_ul = ftz(ftz(Kd[u] + Kd[l]) - ftz(Float32(2.0) * Kui))
                                 ~~^~~
<unknown>:0: note: '__getitem__' declared here
Imported from /root/mojolearn/svm/svc_main.mojo:43:
Imported from /root/mojolearn/svm/checks/svc_check.mojo:101:
/root/mojolearn/svm/impl/smoblocksolve.mojo:337:44: warning: positional `__getitem__` is deprecated, use `unsafe_offset=` instead
            var eta_ul = ftz(ftz(Kd[u] + Kd[l]) - ftz(Float32(2.0) * Kui))
                                         ~~^~~
<unknown>:0: note: '__getitem__' declared here
Imported from /root/mojolearn/svm/svc_main.mojo:43:
Imported from /root/mojolearn/svm/checks/svc_check.mojo:101:
/root/mojolearn/svm/impl/smoblocksolve.mojo:341:19: warning: positional `__getitem__` is deprecated, use `unsafe_offset=` instead
            sh_tmp[1] = tmp_l if tmp_l < q_l else q_l
            ~~~~~~^~~
<unknown>:0: note: '__getitem__' declared here
Imported from /root/mojolearn/svm/svc_main.mojo:43:
Imported from /root/mojolearn/svm/checks/svc_check.mojo:101:
/root/mojolearn/svm/impl/smoblocksolve.mojo:343:27: warning: positional `__getitem__` is deprecated, use `unsafe_offset=` instead
        var tmp_u = sh_tmp[0]
                    ~~~~~~^~~
<unknown>:0: note: '__getitem__' declared here
Imported from /root/mojolearn/svm/svc_main.mojo:43:
Imported from /root/mojolearn/svm/checks/svc_check.mojo:101:
/root/mojolearn/svm/impl/smoblocksolve.mojo:344:28: warning: positional `__getitem__` is deprecated, use `unsafe_offset=` instead
        var tmp_l2 = sh_tmp[1]
                     ~~~~~~^~~
<unknown>:0: note: '__getitem__' declared here
Imported from /root/mojolearn/svm/svc_main.mojo:41:
/root/mojolearn/core/identity_trace.mojo:386:16: warning: 'bitcast' is deprecated, use 'unsafe_bitcast' instead
            ptr.bitcast[UInt8](),
            ~~~^~~~~~~~
                unsafe_bitcast
<unknown>:0: note: 'bitcast' declared here
Imported from /root/mojolearn/svm/svc_main.mojo:43:
Imported from /root/mojolearn/svm/checks/svc_check.mojo:101:
Imported from /root/mojolearn/svm/impl/smoblocksolve.mojo:100:
/root/mojolearn/svm/checks/pinned_argreduce.mojo:85:9: warning: positional `__getitem__` is deprecated, use `unsafe_offset=` instead
    vals[tid] = value
    ~~~~^~~~~
<unknown>:0: note: '__getitem__' declared here
Imported from /root/mojolearn/svm/svc_main.mojo:43:
Imported from /root/mojolearn/svm/checks/svc_check.mojo:101:
Imported from /root/mojolearn/svm/impl/smoblocksolve.mojo:100:
/root/mojolearn/svm/checks/pinned_argreduce.mojo:86:9: warning: positional `__getitem__` is deprecated, use `unsafe_offset=` instead
    keys[tid] = key
    ~~~~^~~~~
<unknown>:0: note: '__getitem__' declared here
Imported from /root/mojolearn/svm/svc_main.mojo:43:
Imported from /root/mojolearn/svm/checks/svc_check.mojo:101:
Imported from /root/mojolearn/svm/impl/smoblocksolve.mojo:100:
/root/mojolearn/svm/checks/pinned_argreduce.mojo:91:26: warning: positional `__getitem__` is deprecated, use `unsafe_offset=` instead
            var ov = vals[tid + step]
                     ~~~~^~~~~~~~~~~~
<unknown>:0: note: '__getitem__' declared here
Imported from /root/mojolearn/svm/svc_main.mojo:43:
Imported from /root/mojolearn/svm/checks/svc_check.mojo:101:
Imported from /root/mojolearn/svm/impl/smoblocksolve.mojo:100:
/root/mojolearn/svm/checks/pinned_argreduce.mojo:92:26: warning: positional `__getitem__` is deprecated, use `unsafe_offset=` instead
            var ok = keys[tid + step]
                     ~~~~^~~~~~~~~~~~
<unknown>:0: note: '__getitem__' declared here
Imported from /root/mojolearn/svm/svc_main.mojo:43:
Imported from /root/mojolearn/svm/checks/svc_check.mojo:101:
Imported from /root/mojolearn/svm/impl/smoblocksolve.mojo:100:
/root/mojolearn/svm/checks/pinned_argreduce.mojo:93:26: warning: positional `__getitem__` is deprecated, use `unsafe_offset=` instead
            var mv = vals[tid]
                     ~~~~^~~~~
<unknown>:0: note: '__getitem__' declared here
Imported from /root/mojolearn/svm/svc_main.mojo:43:
Imported from /root/mojolearn/svm/checks/svc_check.mojo:101:
Imported from /root/mojolearn/svm/impl/smoblocksolve.mojo:100:
/root/mojolearn/svm/checks/pinned_argreduce.mojo:94:26: warning: positional `__getitem__` is deprecated, use `unsafe_offset=` instead
            var mk = keys[tid]
                     ~~~~^~~~~
<unknown>:0: note: '__getitem__' declared here
Imported from /root/mojolearn/svm/svc_main.mojo:43:
Imported from /root/mojolearn/svm/checks/svc_check.mojo:101:
Imported from /root/mojolearn/svm/impl/smoblocksolve.mojo:100:
/root/mojolearn/svm/checks/pinned_argreduce.mojo:101:21: warning: positional `__getitem__` is deprecated, use `unsafe_offset=` instead
                vals[tid] = ov
                ~~~~^~~~~
<unknown>:0: note: '__getitem__' declared here
Imported from /root/mojolearn/svm/svc_main.mojo:43:
Imported from /root/mojolearn/svm/checks/svc_check.mojo:101:
Imported from /root/mojolearn/svm/impl/smoblocksolve.mojo:100:
/root/mojolearn/svm/checks/pinned_argreduce.mojo:102:21: warning: positional `__getitem__` is deprecated, use `unsafe_offset=` instead
                keys[tid] = ok
                ~~~~^~~~~
<unknown>:0: note: '__getitem__' declared here
Imported from /root/mojolearn/svm/svc_main.mojo:43:
Imported from /root/mojolearn/svm/checks/svc_check.mojo:101:
Imported from /root/mojolearn/svm/impl/smoblocksolve.mojo:100:
/root/mojolearn/svm/checks/pinned_argreduce.mojo:105:18: warning: positional `__getitem__` is deprecated, use `unsafe_offset=` instead
    var rv = vals[0]
             ~~~~^~~
<unknown>:0: note: '__getitem__' declared here
Imported from /root/mojolearn/svm/svc_main.mojo:43:
Imported from /root/mojolearn/svm/checks/svc_check.mojo:101:
Imported from /root/mojolearn/svm/impl/smoblocksolve.mojo:100:
/root/mojolearn/svm/checks/pinned_argreduce.mojo:106:18: warning: positional `__getitem__` is deprecated, use `unsafe_offset=` instead
    var rk = keys[0]
             ~~~~^~~
<unknown>:0: note: '__getitem__' declared here
Imported from /root/mojolearn/svm/svc_main.mojo:43:
Imported from /root/mojolearn/svm/checks/svc_check.mojo:101:
Imported from /root/mojolearn/svm/impl/smoblocksolve.mojo:100:
/root/mojolearn/svm/checks/pinned_argreduce.mojo:127:9: warning: positional `__getitem__` is deprecated, use `unsafe_offset=` instead
    vals[tid] = value
    ~~~~^~~~~
<unknown>:0: note: '__getitem__' declared here
Imported from /root/mojolearn/svm/svc_main.mojo:43:
Imported from /root/mojolearn/svm/checks/svc_check.mojo:101:
Imported from /root/mojolearn/svm/impl/smoblocksolve.mojo:100:
/root/mojolearn/svm/checks/pinned_argreduce.mojo:128:9: warning: positional `__getitem__` is deprecated, use `unsafe_offset=` instead
    keys[tid] = key
    ~~~~^~~~~
<unknown>:0: note: '__getitem__' declared here
Imported from /root/mojolearn/svm/svc_main.mojo:43:
Imported from /root/mojolearn/svm/checks/svc_check.mojo:101:
Imported from /root/mojolearn/svm/impl/smoblocksolve.mojo:100:
/root/mojolearn/svm/checks/pinned_argreduce.mojo:133:26: warning: positional `__getitem__` is deprecated, use `unsafe_offset=` instead
            var ov = vals[tid + step]
                     ~~~~^~~~~~~~~~~~
<unknown>:0: note: '__getitem__' declared here
Imported from /root/mojolearn/svm/svc_main.mojo:43:
Imported from /root/mojolearn/svm/checks/svc_check.mojo:101:
Imported from /root/mojolearn/svm/impl/smoblocksolve.mojo:100:
/root/mojolearn/svm/checks/pinned_argreduce.mojo:134:26: warning: positional `__getitem__` is deprecated, use `unsafe_offset=` instead
            var ok = keys[tid + step]
                     ~~~~^~~~~~~~~~~~
<unknown>:0: note: '__getitem__' declared here
Imported from /root/mojolearn/svm/svc_main.mojo:43:
Imported from /root/mojolearn/svm/checks/svc_check.mojo:101:
Imported from /root/mojolearn/svm/impl/smoblocksolve.mojo:100:
/root/mojolearn/svm/checks/pinned_argreduce.mojo:135:26: warning: positional `__getitem__` is deprecated, use `unsafe_offset=` instead
            var mv = vals[tid]
                     ~~~~^~~~~
<unknown>:0: note: '__getitem__' declared here
Imported from /root/mojolearn/svm/svc_main.mojo:43:
Imported from /root/mojolearn/svm/checks/svc_check.mojo:101:
Imported from /root/mojolearn/svm/impl/smoblocksolve.mojo:100:
/root/mojolearn/svm/checks/pinned_argreduce.mojo:136:26: warning: positional `__getitem__` is deprecated, use `unsafe_offset=` instead
            var mk = keys[tid]
                     ~~~~^~~~~
<unknown>:0: note: '__getitem__' declared here
Imported from /root/mojolearn/svm/svc_main.mojo:43:
Imported from /root/mojolearn/svm/checks/svc_check.mojo:101:
Imported from /root/mojolearn/svm/impl/smoblocksolve.mojo:100:
/root/mojolearn/svm/checks/pinned_argreduce.mojo:143:21: warning: positional `__getitem__` is deprecated, use `unsafe_offset=` instead
                vals[tid] = ov
                ~~~~^~~~~
<unknown>:0: note: '__getitem__' declared here
Imported from /root/mojolearn/svm/svc_main.mojo:43:
Imported from /root/mojolearn/svm/checks/svc_check.mojo:101:
Imported from /root/mojolearn/svm/impl/smoblocksolve.mojo:100:
/root/mojolearn/svm/checks/pinned_argreduce.mojo:144:21: warning: positional `__getitem__` is deprecated, use `unsafe_offset=` instead
                keys[tid] = ok
                ~~~~^~~~~
<unknown>:0: note: '__getitem__' declared here
Imported from /root/mojolearn/svm/svc_main.mojo:43:
Imported from /root/mojolearn/svm/checks/svc_check.mojo:101:
Imported from /root/mojolearn/svm/impl/smoblocksolve.mojo:100:
/root/mojolearn/svm/checks/pinned_argreduce.mojo:147:18: warning: positional `__getitem__` is deprecated, use `unsafe_offset=` instead
    var rv = vals[0]
             ~~~~^~~
<unknown>:0: note: '__getitem__' declared here
Imported from /root/mojolearn/svm/svc_main.mojo:43:
Imported from /root/mojolearn/svm/checks/svc_check.mojo:101:
Imported from /root/mojolearn/svm/impl/smoblocksolve.mojo:100:
/root/mojolearn/svm/checks/pinned_argreduce.mojo:148:18: warning: positional `__getitem__` is deprecated, use `unsafe_offset=` instead
    var rk = keys[0]
             ~~~~^~~
<unknown>:0: note: '__getitem__' declared here
Imported from /root/mojolearn/svm/svc_main.mojo:43:
Imported from /root/mojolearn/svm/checks/svc_check.mojo:101:
Imported from /root/mojolearn/svm/impl/smoblocksolve.mojo:100:
/root/mojolearn/svm/checks/pinned_argreduce.mojo:217:17: warning: positional `__getitem__` is deprecated, use `unsafe_offset=` instead
            slot[0] = t
            ~~~~^~~
<unknown>:0: note: '__getitem__' declared here
Imported from /root/mojolearn/svm/svc_main.mojo:43:
Imported from /root/mojolearn/svm/checks/svc_check.mojo:101:
Imported from /root/mojolearn/svm/impl/smoblocksolve.mojo:100:
/root/mojolearn/svm/checks/pinned_argreduce.mojo:219:23: warning: positional `__getitem__` is deprecated, use `unsafe_offset=` instead
        var win = slot[0]
                  ~~~~^~~
<unknown>:0: note: '__getitem__' declared here
Imported from /root/mojolearn/svm/svc_main.mojo:43:
Imported from /root/mojolearn/svm/checks/svc_check.mojo:101:
Imported from /root/mojolearn/svm/impl/smoblocksolve.mojo:100:
/root/mojolearn/svm/checks/pinned_argreduce.mojo:245:17: warning: positional `__getitem__` is deprecated, use `unsafe_offset=` instead
            vals[w] = v
            ~~~~^~~
<unknown>:0: note: '__getitem__' declared here
Imported from /root/mojolearn/svm/svc_main.mojo:43:
Imported from /root/mojolearn/svm/checks/svc_check.mojo:101:
Imported from /root/mojolearn/svm/impl/smoblocksolve.mojo:100:
/root/mojolearn/svm/checks/pinned_argreduce.mojo:246:17: warning: positional `__getitem__` is deprecated, use `unsafe_offset=` instead
            keys[w] = k
            ~~~~^~~
<unknown>:0: note: '__getitem__' declared here
Imported from /root/mojolearn/svm/svc_main.mojo:43:
Imported from /root/mojolearn/svm/checks/svc_check.mojo:101:
Imported from /root/mojolearn/svm/impl/smoblocksolve.mojo:100:
/root/mojolearn/svm/checks/pinned_argreduce.mojo:247:17: warning: positional `__getitem__` is deprecated, use `unsafe_offset=` instead
            tids[w] = t
            ~~~~^~~
<unknown>:0: note: '__getitem__' declared here
Imported from /root/mojolearn/svm/svc_main.mojo:43:
Imported from /root/mojolearn/svm/checks/svc_check.mojo:101:
Imported from /root/mojolearn/svm/impl/smoblocksolve.mojo:100:
/root/mojolearn/svm/checks/pinned_argreduce.mojo:249:22: warning: positional `__getitem__` is deprecated, use `unsafe_offset=` instead
        var rv = vals[0]
                 ~~~~^~~
<unknown>:0: note: '__getitem__' declared here
Imported from /root/mojolearn/svm/svc_main.mojo:43:
Imported from /root/mojolearn/svm/checks/svc_check.mojo:101:
Imported from /root/mojolearn/svm/impl/smoblocksolve.mojo:100:
/root/mojolearn/svm/checks/pinned_argreduce.mojo:250:22: warning: positional `__getitem__` is deprecated, use `unsafe_offset=` instead
        var rk = keys[0]
                 ~~~~^~~
<unknown>:0: note: '__getitem__' declared here
Imported from /root/mojolearn/svm/svc_main.mojo:43:
Imported from /root/mojolearn/svm/checks/svc_check.mojo:101:
Imported from /root/mojolearn/svm/impl/smoblocksolve.mojo:100:
/root/mojolearn/svm/checks/pinned_argreduce.mojo:251:22: warning: positional `__getitem__` is deprecated, use `unsafe_offset=` instead
        var rt = tids[0]
                 ~~~~^~~
<unknown>:0: note: '__getitem__' declared here
Imported from /root/mojolearn/svm/svc_main.mojo:43:
Imported from /root/mojolearn/svm/checks/svc_check.mojo:101:
Imported from /root/mojolearn/svm/impl/smoblocksolve.mojo:100:
/root/mojolearn/svm/checks/pinned_argreduce.mojo:253:26: warning: positional `__getitem__` is deprecated, use `unsafe_offset=` instead
            var ov = vals[i]
                     ~~~~^~~
<unknown>:0: note: '__getitem__' declared here
Imported from /root/mojolearn/svm/svc_main.mojo:43:
Imported from /root/mojolearn/svm/checks/svc_check.mojo:101:
Imported from /root/mojolearn/svm/impl/smoblocksolve.mojo:100:
/root/mojolearn/svm/checks/pinned_argreduce.mojo:254:26: warning: positional `__getitem__` is deprecated, use `unsafe_offset=` instead
            var ok = keys[i]
                     ~~~~^~~
<unknown>:0: note: '__getitem__' declared here
Imported from /root/mojolearn/svm/svc_main.mojo:43:
Imported from /root/mojolearn/svm/checks/svc_check.mojo:101:
Imported from /root/mojolearn/svm/impl/smoblocksolve.mojo:100:
/root/mojolearn/svm/checks/pinned_argreduce.mojo:258:26: warning: positional `__getitem__` is deprecated, use `unsafe_offset=` instead
                rt = tids[i]
                     ~~~~^~~
<unknown>:0: note: '__getitem__' declared here
Imported from /root/mojolearn/svm/svc_main.mojo:43:
Imported from /root/mojolearn/svm/checks/svc_check.mojo:101:
Imported from /root/mojolearn/svm/impl/smoblocksolve.mojo:100:
/root/mojolearn/svm/checks/pinned_argreduce.mojo:304:8: warning: positional `__getitem__` is deprecated, use `unsafe_offset=` instead
    mnv[tid] = vmin
    ~~~^~~~~
<unknown>:0: note: '__getitem__' declared here
Imported from /root/mojolearn/svm/svc_main.mojo:43:
Imported from /root/mojolearn/svm/checks/svc_check.mojo:101:
Imported from /root/mojolearn/svm/impl/smoblocksolve.mojo:100:
/root/mojolearn/svm/checks/pinned_argreduce.mojo:305:8: warning: positional `__getitem__` is deprecated, use `unsafe_offset=` instead
    mnk[tid] = key
    ~~~^~~~~
<unknown>:0: note: '__getitem__' declared here
Imported from /root/mojolearn/svm/svc_main.mojo:43:
Imported from /root/mojolearn/svm/checks/svc_check.mojo:101:
Imported from /root/mojolearn/svm/impl/smoblocksolve.mojo:100:
/root/mojolearn/svm/checks/pinned_argreduce.mojo:306:8: warning: positional `__getitem__` is deprecated, use `unsafe_offset=` instead
    mnt[tid] = Int32(tid)
    ~~~^~~~~
<unknown>:0: note: '__getitem__' declared here
Imported from /root/mojolearn/svm/svc_main.mojo:43:
Imported from /root/mojolearn/svm/checks/svc_check.mojo:101:
Imported from /root/mojolearn/svm/impl/smoblocksolve.mojo:100:
/root/mojolearn/svm/checks/pinned_argreduce.mojo:307:8: warning: positional `__getitem__` is deprecated, use `unsafe_offset=` instead
    mxv[tid] = vmax
    ~~~^~~~~
<unknown>:0: note: '__getitem__' declared here
Imported from /root/mojolearn/svm/svc_main.mojo:43:
Imported from /root/mojolearn/svm/checks/svc_check.mojo:101:
Imported from /root/mojolearn/svm/impl/smoblocksolve.mojo:100:
/root/mojolearn/svm/checks/pinned_argreduce.mojo:308:8: warning: positional `__getitem__` is deprecated, use `unsafe_offset=` instead
    mxk[tid] = key
    ~~~^~~~~
<unknown>:0: note: '__getitem__' declared here
Imported from /root/mojolearn/svm/svc_main.mojo:43:
Imported from /root/mojolearn/svm/checks/svc_check.mojo:101:
Imported from /root/mojolearn/svm/impl/smoblocksolve.mojo:100:
/root/mojolearn/svm/checks/pinned_argreduce.mojo:313:25: warning: positional `__getitem__` is deprecated, use `unsafe_offset=` instead
            var ov = mnv[tid + step]
                     ~~~^~~~~~~~~~~~
<unknown>:0: note: '__getitem__' declared here
Imported from /root/mojolearn/svm/svc_main.mojo:43:
Imported from /root/mojolearn/svm/checks/svc_check.mojo:101:
Imported from /root/mojolearn/svm/impl/smoblocksolve.mojo:100:
/root/mojolearn/svm/checks/pinned_argreduce.mojo:314:25: warning: positional `__getitem__` is deprecated, use `unsafe_offset=` instead
            var ok = mnk[tid + step]
                     ~~~^~~~~~~~~~~~
<unknown>:0: note: '__getitem__' declared here
Imported from /root/mojolearn/svm/svc_main.mojo:43:
Imported from /root/mojolearn/svm/checks/svc_check.mojo:101:
Imported from /root/mojolearn/svm/impl/smoblocksolve.mojo:100:
/root/mojolearn/svm/checks/pinned_argreduce.mojo:315:46: warning: positional `__getitem__` is deprecated, use `unsafe_offset=` instead
            if _arg_better[False](ov, ok, mnv[tid], mnk[tid]):
                                          ~~~^~~~~
<unknown>:0: note: '__getitem__' declared here
Imported from /root/mojolearn/svm/svc_main.mojo:43:
Imported from /root/mojolearn/svm/checks/svc_check.mojo:101:
Imported from /root/mojolearn/svm/impl/smoblocksolve.mojo:100:
/root/mojolearn/svm/checks/pinned_argreduce.mojo:315:56: warning: positional `__getitem__` is deprecated, use `unsafe_offset=` instead
            if _arg_better[False](ov, ok, mnv[tid], mnk[tid]):
                                                    ~~~^~~~~
<unknown>:0: note: '__getitem__' declared here
Imported from /root/mojolearn/svm/svc_main.mojo:43:
Imported from /root/mojolearn/svm/checks/svc_check.mojo:101:
Imported from /root/mojolearn/svm/impl/smoblocksolve.mojo:100:
/root/mojolearn/svm/checks/pinned_argreduce.mojo:316:20: warning: positional `__getitem__` is deprecated, use `unsafe_offset=` instead
                mnv[tid] = ov
                ~~~^~~~~
<unknown>:0: note: '__getitem__' declared here
Imported from /root/mojolearn/svm/svc_main.mojo:43:
Imported from /root/mojolearn/svm/checks/svc_check.mojo:101:
Imported from /root/mojolearn/svm/impl/smoblocksolve.mojo:100:
/root/mojolearn/svm/checks/pinned_argreduce.mojo:317:20: warning: positional `__getitem__` is deprecated, use `unsafe_offset=` instead
                mnk[tid] = ok
                ~~~^~~~~
<unknown>:0: note: '__getitem__' declared here
Imported from /root/mojolearn/svm/svc_main.mojo:43:
Imported from /root/mojolearn/svm/checks/svc_check.mojo:101:
Imported from /root/mojolearn/svm/impl/smoblocksolve.mojo:100:
/root/mojolearn/svm/checks/pinned_argreduce.mojo:318:20: warning: positional `__getitem__` is deprecated, use `unsafe_offset=` instead
                mnt[tid] = mnt[tid + step]
                ~~~^~~~~
<unknown>:0: note: '__getitem__' declared here
Imported from /root/mojolearn/svm/svc_main.mojo:43:
Imported from /root/mojolearn/svm/checks/svc_check.mojo:101:
Imported from /root/mojolearn/svm/impl/smoblocksolve.mojo:100:
/root/mojolearn/svm/checks/pinned_argreduce.mojo:318:31: warning: positional `__getitem__` is deprecated, use `unsafe_offset=` instead
                mnt[tid] = mnt[tid + step]
                           ~~~^~~~~~~~~~~~
<unknown>:0: note: '__getitem__' declared here
Imported from /root/mojolearn/svm/svc_main.mojo:43:
Imported from /root/mojolearn/svm/checks/svc_check.mojo:101:
Imported from /root/mojolearn/svm/impl/smoblocksolve.mojo:100:
/root/mojolearn/svm/checks/pinned_argreduce.mojo:319:25: warning: positional `__getitem__` is deprecated, use `unsafe_offset=` instead
            var xv = mxv[tid + step]
                     ~~~^~~~~~~~~~~~
<unknown>:0: note: '__getitem__' declared here
Imported from /root/mojolearn/svm/svc_main.mojo:43:
Imported from /root/mojolearn/svm/checks/svc_check.mojo:101:
Imported from /root/mojolearn/svm/impl/smoblocksolve.mojo:100:
/root/mojolearn/svm/checks/pinned_argreduce.mojo:320:25: warning: positional `__getitem__` is deprecated, use `unsafe_offset=` instead
            var xk = mxk[tid + step]
                     ~~~^~~~~~~~~~~~
<unknown>:0: note: '__getitem__' declared here
Imported from /root/mojolearn/svm/svc_main.mojo:43:
Imported from /root/mojolearn/svm/checks/svc_check.mojo:101:
Imported from /root/mojolearn/svm/impl/smoblocksolve.mojo:100:
/root/mojolearn/svm/checks/pinned_argreduce.mojo:321:45: warning: positional `__getitem__` is deprecated, use `unsafe_offset=` instead
            if _arg_better[True](xv, xk, mxv[tid], mxk[tid]):
                                         ~~~^~~~~
<unknown>:0: note: '__getitem__' declared here
Imported from /root/mojolearn/svm/svc_main.mojo:43:
Imported from /root/mojolearn/svm/checks/svc_check.mojo:101:
Imported from /root/mojolearn/svm/impl/smoblocksolve.mojo:100:
/root/mojolearn/svm/checks/pinned_argreduce.mojo:321:55: warning: positional `__getitem__` is deprecated, use `unsafe_offset=` instead
            if _arg_better[True](xv, xk, mxv[tid], mxk[tid]):
                                                   ~~~^~~~~
<unknown>:0: note: '__getitem__' declared here
Imported from /root/mojolearn/svm/svc_main.mojo:43:
Imported from /root/mojolearn/svm/checks/svc_check.mojo:101:
Imported from /root/mojolearn/svm/impl/smoblocksolve.mojo:100:
/root/mojolearn/svm/checks/pinned_argreduce.mojo:322:20: warning: positional `__getitem__` is deprecated, use `unsafe_offset=` instead
                mxv[tid] = xv
                ~~~^~~~~
<unknown>:0: note: '__getitem__' declared here
Imported from /root/mojolearn/svm/svc_main.mojo:43:
Imported from /root/mojolearn/svm/checks/svc_check.mojo:101:
Imported from /root/mojolearn/svm/impl/smoblocksolve.mojo:100:
/root/mojolearn/svm/checks/pinned_argreduce.mojo:323:20: warning: positional `__getitem__` is deprecated, use `unsafe_offset=` instead
                mxk[tid] = xk
                ~~~^~~~~
<unknown>:0: note: '__getitem__' declared here
Imported from /root/mojolearn/svm/svc_main.mojo:43:
Imported from /root/mojolearn/svm/checks/svc_check.mojo:101:
Imported from /root/mojolearn/svm/impl/smoblocksolve.mojo:100:
/root/mojolearn/svm/checks/pinned_argreduce.mojo:326:17: warning: positional `__getitem__` is deprecated, use `unsafe_offset=` instead
    var r0 = mnv[0]
             ~~~^~~
<unknown>:0: note: '__getitem__' declared here
Imported from /root/mojolearn/svm/svc_main.mojo:43:
Imported from /root/mojolearn/svm/checks/svc_check.mojo:101:
Imported from /root/mojolearn/svm/impl/smoblocksolve.mojo:100:
/root/mojolearn/svm/checks/pinned_argreduce.mojo:327:17: warning: positional `__getitem__` is deprecated, use `unsafe_offset=` instead
    var r1 = mnt[0]
             ~~~^~~
<unknown>:0: note: '__getitem__' declared here
Imported from /root/mojolearn/svm/svc_main.mojo:43:
Imported from /root/mojolearn/svm/checks/svc_check.mojo:101:
Imported from /root/mojolearn/svm/impl/smoblocksolve.mojo:100:
/root/mojolearn/svm/checks/pinned_argreduce.mojo:328:17: warning: positional `__getitem__` is deprecated, use `unsafe_offset=` instead
    var r2 = mxv[0]
             ~~~^~~
<unknown>:0: note: '__getitem__' declared here
Imported from /root/mojolearn/svm/svc_main.mojo:43:
Imported from /root/mojolearn/svm/checks/svc_check.mojo:101:
Imported from /root/mojolearn/svm/impl/smoblocksolve.mojo:100:
/root/mojolearn/svm/checks/pinned_argreduce.mojo:349:9: warning: positional `__getitem__` is deprecated, use `unsafe_offset=` instead
    vals[tid] = value
    ~~~~^~~~~
<unknown>:0: note: '__getitem__' declared here
Imported from /root/mojolearn/svm/svc_main.mojo:43:
Imported from /root/mojolearn/svm/checks/svc_check.mojo:101:
Imported from /root/mojolearn/svm/impl/smoblocksolve.mojo:100:
/root/mojolearn/svm/checks/pinned_argreduce.mojo:350:9: warning: positional `__getitem__` is deprecated, use `unsafe_offset=` instead
    keys[tid] = key
    ~~~~^~~~~
<unknown>:0: note: '__getitem__' declared here
Imported from /root/mojolearn/svm/svc_main.mojo:43:
Imported from /root/mojolearn/svm/checks/svc_check.mojo:101:
Imported from /root/mojolearn/svm/impl/smoblocksolve.mojo:100:
/root/mojolearn/svm/checks/pinned_argreduce.mojo:351:9: warning: positional `__getitem__` is deprecated, use `unsafe_offset=` instead
    tids[tid] = Int32(tid)
    ~~~~^~~~~
<unknown>:0: note: '__getitem__' declared here
Imported from /root/mojolearn/svm/svc_main.mojo:43:
Imported from /root/mojolearn/svm/checks/svc_check.mojo:101:
Imported from /root/mojolearn/svm/impl/smoblocksolve.mojo:100:
/root/mojolearn/svm/checks/pinned_argreduce.mojo:356:26: warning: positional `__getitem__` is deprecated, use `unsafe_offset=` instead
            var ov = vals[tid + step]
                     ~~~~^~~~~~~~~~~~
<unknown>:0: note: '__getitem__' declared here
Imported from /root/mojolearn/svm/svc_main.mojo:43:
Imported from /root/mojolearn/svm/checks/svc_check.mojo:101:
Imported from /root/mojolearn/svm/impl/smoblocksolve.mojo:100:
/root/mojolearn/svm/checks/pinned_argreduce.mojo:357:26: warning: positional `__getitem__` is deprecated, use `unsafe_offset=` instead
            var ok = keys[tid + step]
                     ~~~~^~~~~~~~~~~~
<unknown>:0: note: '__getitem__' declared here
Imported from /root/mojolearn/svm/svc_main.mojo:43:
Imported from /root/mojolearn/svm/checks/svc_check.mojo:101:
Imported from /root/mojolearn/svm/impl/smoblocksolve.mojo:100:
/root/mojolearn/svm/checks/pinned_argreduce.mojo:358:45: warning: positional `__getitem__` is deprecated, use `unsafe_offset=` instead
            if _arg_better[MAX](ov, ok, vals[tid], keys[tid]):
                                        ~~~~^~~~~
<unknown>:0: note: '__getitem__' declared here
Imported from /root/mojolearn/svm/svc_main.mojo:43:
Imported from /root/mojolearn/svm/checks/svc_check.mojo:101:
Imported from /root/mojolearn/svm/impl/smoblocksolve.mojo:100:
/root/mojolearn/svm/checks/pinned_argreduce.mojo:358:56: warning: positional `__getitem__` is deprecated, use `unsafe_offset=` instead
            if _arg_better[MAX](ov, ok, vals[tid], keys[tid]):
                                                   ~~~~^~~~~
<unknown>:0: note: '__getitem__' declared here
Imported from /root/mojolearn/svm/svc_main.mojo:43:
Imported from /root/mojolearn/svm/checks/svc_check.mojo:101:
Imported from /root/mojolearn/svm/impl/smoblocksolve.mojo:100:
/root/mojolearn/svm/checks/pinned_argreduce.mojo:359:21: warning: positional `__getitem__` is deprecated, use `unsafe_offset=` instead
                vals[tid] = ov
                ~~~~^~~~~
<unknown>:0: note: '__getitem__' declared here
Imported from /root/mojolearn/svm/svc_main.mojo:43:
Imported from /root/mojolearn/svm/checks/svc_check.mojo:101:
Imported from /root/mojolearn/svm/impl/smoblocksolve.mojo:100:
/root/mojolearn/svm/checks/pinned_argreduce.mojo:360:21: warning: positional `__getitem__` is deprecated, use `unsafe_offset=` instead
                keys[tid] = ok
                ~~~~^~~~~
<unknown>:0: note: '__getitem__' declared here
Imported from /root/mojolearn/svm/svc_main.mojo:43:
Imported from /root/mojolearn/svm/checks/svc_check.mojo:101:
Imported from /root/mojolearn/svm/impl/smoblocksolve.mojo:100:
/root/mojolearn/svm/checks/pinned_argreduce.mojo:361:21: warning: positional `__getitem__` is deprecated, use `unsafe_offset=` instead
                tids[tid] = tids[tid + step]
                ~~~~^~~~~
<unknown>:0: note: '__getitem__' declared here
Imported from /root/mojolearn/svm/svc_main.mojo:43:
Imported from /root/mojolearn/svm/checks/svc_check.mojo:101:
Imported from /root/mojolearn/svm/impl/smoblocksolve.mojo:100:
/root/mojolearn/svm/checks/pinned_argreduce.mojo:361:33: warning: positional `__getitem__` is deprecated, use `unsafe_offset=` instead
                tids[tid] = tids[tid + step]
                            ~~~~^~~~~~~~~~~~
<unknown>:0: note: '__getitem__' declared here
Imported from /root/mojolearn/svm/svc_main.mojo:43:
Imported from /root/mojolearn/svm/checks/svc_check.mojo:101:
Imported from /root/mojolearn/svm/impl/smoblocksolve.mojo:100:
/root/mojolearn/svm/checks/pinned_argreduce.mojo:364:18: warning: positional `__getitem__` is deprecated, use `unsafe_offset=` instead
    var rv = vals[0]
             ~~~~^~~
<unknown>:0: note: '__getitem__' declared here
Imported from /root/mojolearn/svm/svc_main.mojo:43:
Imported from /root/mojolearn/svm/checks/svc_check.mojo:101:
Imported from /root/mojolearn/svm/impl/smoblocksolve.mojo:100:
/root/mojolearn/svm/checks/pinned_argreduce.mojo:365:18: warning: positional `__getitem__` is deprecated, use `unsafe_offset=` instead
    var rk = keys[0]
             ~~~~^~~
<unknown>:0: note: '__getitem__' declared here
Imported from /root/mojolearn/svm/svc_main.mojo:43:
Imported from /root/mojolearn/svm/checks/svc_check.mojo:101:
Imported from /root/mojolearn/svm/impl/smoblocksolve.mojo:100:
/root/mojolearn/svm/checks/pinned_argreduce.mojo:366:18: warning: positional `__getitem__` is deprecated, use `unsafe_offset=` instead
    var rt = tids[0]
             ~~~~^~~
<unknown>:0: note: '__getitem__' declared here
Imported from /root/mojolearn/svm/svc_main.mojo:43:
Imported from /root/mojolearn/svm/checks/svc_check.mojo:101:
Imported from /root/mojolearn/svm/impl/smoblocksolve.mojo:100:
/root/mojolearn/svm/checks/pinned_argreduce.mojo:408:8: warning: positional `__getitem__` is deprecated, use `unsafe_offset=` instead
    mnv[tid] = vmin
    ~~~^~~~~
<unknown>:0: note: '__getitem__' declared here
Imported from /root/mojolearn/svm/svc_main.mojo:43:
Imported from /root/mojolearn/svm/checks/svc_check.mojo:101:
Imported from /root/mojolearn/svm/impl/smoblocksolve.mojo:100:
/root/mojolearn/svm/checks/pinned_argreduce.mojo:409:8: warning: positional `__getitem__` is deprecated, use `unsafe_offset=` instead
    mnk[tid] = key
    ~~~^~~~~
<unknown>:0: note: '__getitem__' declared here
Imported from /root/mojolearn/svm/svc_main.mojo:43:
Imported from /root/mojolearn/svm/checks/svc_check.mojo:101:
Imported from /root/mojolearn/svm/impl/smoblocksolve.mojo:100:
/root/mojolearn/svm/checks/pinned_argreduce.mojo:410:8: warning: positional `__getitem__` is deprecated, use `unsafe_offset=` instead
    mnt[tid] = Int32(tid)
    ~~~^~~~~
<unknown>:0: note: '__getitem__' declared here
Imported from /root/mojolearn/svm/svc_main.mojo:43:
Imported from /root/mojolearn/svm/checks/svc_check.mojo:101:
Imported from /root/mojolearn/svm/impl/smoblocksolve.mojo:100:
/root/mojolearn/svm/checks/pinned_argreduce.mojo:411:8: warning: positional `__getitem__` is deprecated, use `unsafe_offset=` instead
    mxv[tid] = vmax
    ~~~^~~~~
<unknown>:0: note: '__getitem__' declared here
Imported from /root/mojolearn/svm/svc_main.mojo:43:
Imported from /root/mojolearn/svm/checks/svc_check.mojo:101:
Imported from /root/mojolearn/svm/impl/smoblocksolve.mojo:100:
/root/mojolearn/svm/checks/pinned_argreduce.mojo:412:8: warning: positional `__getitem__` is deprecated, use `unsafe_offset=` instead
    mxk[tid] = key
    ~~~^~~~~
<unknown>:0: note: '__getitem__' declared here
Imported from /root/mojolearn/svm/svc_main.mojo:43:
Imported from /root/mojolearn/svm/checks/svc_check.mojo:101:
Imported from /root/mojolearn/svm/impl/smoblocksolve.mojo:100:
/root/mojolearn/svm/checks/pinned_argreduce.mojo:418:25: warning: positional `__getitem__` is deprecated, use `unsafe_offset=` instead
            var mv = mnv[tid]
                     ~~~^~~~~
<unknown>:0: note: '__getitem__' declared here
Imported from /root/mojolearn/svm/svc_main.mojo:43:
Imported from /root/mojolearn/svm/checks/svc_check.mojo:101:
Imported from /root/mojolearn/svm/impl/smoblocksolve.mojo:100:
/root/mojolearn/svm/checks/pinned_argreduce.mojo:419:25: warning: positional `__getitem__` is deprecated, use `unsafe_offset=` instead
            var mk = mnk[tid]
                     ~~~^~~~~
<unknown>:0: note: '__getitem__' declared here
Imported from /root/mojolearn/svm/svc_main.mojo:43:
Imported from /root/mojolearn/svm/checks/svc_check.mojo:101:
Imported from /root/mojolearn/svm/impl/smoblocksolve.mojo:100:
/root/mojolearn/svm/checks/pinned_argreduce.mojo:420:25: warning: positional `__getitem__` is deprecated, use `unsafe_offset=` instead
            var mt = mnt[tid]
                     ~~~^~~~~
<unknown>:0: note: '__getitem__' declared here
Imported from /root/mojolearn/svm/svc_main.mojo:43:
Imported from /root/mojolearn/svm/checks/svc_check.mojo:101:
Imported from /root/mojolearn/svm/impl/smoblocksolve.mojo:100:
/root/mojolearn/svm/checks/pinned_argreduce.mojo:421:25: warning: positional `__getitem__` is deprecated, use `unsafe_offset=` instead
            var xv = mxv[tid]
                     ~~~^~~~~
<unknown>:0: note: '__getitem__' declared here
Imported from /root/mojolearn/svm/svc_main.mojo:43:
Imported from /root/mojolearn/svm/checks/svc_check.mojo:101:
Imported from /root/mojolearn/svm/impl/smoblocksolve.mojo:100:
/root/mojolearn/svm/checks/pinned_argreduce.mojo:422:25: warning: positional `__getitem__` is deprecated, use `unsafe_offset=` instead
            var xk = mxk[tid]
                     ~~~^~~~~
<unknown>:0: note: '__getitem__' declared here
Imported from /root/mojolearn/svm/svc_main.mojo:43:
Imported from /root/mojolearn/svm/checks/svc_check.mojo:101:
Imported from /root/mojolearn/svm/impl/smoblocksolve.mojo:100:
/root/mojolearn/svm/checks/pinned_argreduce.mojo:428:29: warning: positional `__getitem__` is deprecated, use `unsafe_offset=` instead
                var ov = mnv[o]
                         ~~~^~~
<unknown>:0: note: '__getitem__' declared here
Imported from /root/mojolearn/svm/svc_main.mojo:43:
Imported from /root/mojolearn/svm/checks/svc_check.mojo:101:
Imported from /root/mojolearn/svm/impl/smoblocksolve.mojo:100:
/root/mojolearn/svm/checks/pinned_argreduce.mojo:429:29: warning: positional `__getitem__` is deprecated, use `unsafe_offset=` instead
                var ok = mnk[o]
                         ~~~^~~
<unknown>:0: note: '__getitem__' declared here
Imported from /root/mojolearn/svm/svc_main.mojo:43:
Imported from /root/mojolearn/svm/checks/svc_check.mojo:101:
Imported from /root/mojolearn/svm/impl/smoblocksolve.mojo:100:
/root/mojolearn/svm/checks/pinned_argreduce.mojo:433:29: warning: positional `__getitem__` is deprecated, use `unsafe_offset=` instead
                    mt = mnt[o]
                         ~~~^~~
<unknown>:0: note: '__getitem__' declared here
Imported from /root/mojolearn/svm/svc_main.mojo:43:
Imported from /root/mojolearn/svm/checks/svc_check.mojo:101:
Imported from /root/mojolearn/svm/impl/smoblocksolve.mojo:100:
/root/mojolearn/svm/checks/pinned_argreduce.mojo:434:30: warning: positional `__getitem__` is deprecated, use `unsafe_offset=` instead
                var oxv = mxv[o]
                          ~~~^~~
<unknown>:0: note: '__getitem__' declared here
Imported from /root/mojolearn/svm/svc_main.mojo:43:
Imported from /root/mojolearn/svm/checks/svc_check.mojo:101:
Imported from /root/mojolearn/svm/impl/smoblocksolve.mojo:100:
/root/mojolearn/svm/checks/pinned_argreduce.mojo:435:30: warning: positional `__getitem__` is deprecated, use `unsafe_offset=` instead
                var oxk = mxk[o]
                          ~~~^~~
<unknown>:0: note: '__getitem__' declared here
Imported from /root/mojolearn/svm/svc_main.mojo:43:
Imported from /root/mojolearn/svm/checks/svc_check.mojo:101:
Imported from /root/mojolearn/svm/impl/smoblocksolve.mojo:100:
/root/mojolearn/svm/checks/pinned_argreduce.mojo:440:16: warning: positional `__getitem__` is deprecated, use `unsafe_offset=` instead
            mnv[tid] = mv
            ~~~^~~~~
<unknown>:0: note: '__getitem__' declared here
Imported from /root/mojolearn/svm/svc_main.mojo:43:
Imported from /root/mojolearn/svm/checks/svc_check.mojo:101:
Imported from /root/mojolearn/svm/impl/smoblocksolve.mojo:100:
/root/mojolearn/svm/checks/pinned_argreduce.mojo:441:16: warning: positional `__getitem__` is deprecated, use `unsafe_offset=` instead
            mnk[tid] = mk
            ~~~^~~~~
<unknown>:0: note: '__getitem__' declared here
Imported from /root/mojolearn/svm/svc_main.mojo:43:
Imported from /root/mojolearn/svm/checks/svc_check.mojo:101:
Imported from /root/mojolearn/svm/impl/smoblocksolve.mojo:100:
/root/mojolearn/svm/checks/pinned_argreduce.mojo:442:16: warning: positional `__getitem__` is deprecated, use `unsafe_offset=` instead
            mnt[tid] = mt
            ~~~^~~~~
<unknown>:0: note: '__getitem__' declared here
Imported from /root/mojolearn/svm/svc_main.mojo:43:
Imported from /root/mojolearn/svm/checks/svc_check.mojo:101:
Imported from /root/mojolearn/svm/impl/smoblocksolve.mojo:100:
/root/mojolearn/svm/checks/pinned_argreduce.mojo:443:16: warning: positional `__getitem__` is deprecated, use `unsafe_offset=` instead
            mxv[tid] = xv
            ~~~^~~~~
<unknown>:0: note: '__getitem__' declared here
Imported from /root/mojolearn/svm/svc_main.mojo:43:
Imported from /root/mojolearn/svm/checks/svc_check.mojo:101:
Imported from /root/mojolearn/svm/impl/smoblocksolve.mojo:100:
/root/mojolearn/svm/checks/pinned_argreduce.mojo:444:16: warning: positional `__getitem__` is deprecated, use `unsafe_offset=` instead
            mxk[tid] = xk
            ~~~^~~~~
<unknown>:0: note: '__getitem__' declared here
Imported from /root/mojolearn/svm/svc_main.mojo:43:
Imported from /root/mojolearn/svm/checks/svc_check.mojo:101:
Imported from /root/mojolearn/svm/impl/smoblocksolve.mojo:100:
/root/mojolearn/svm/checks/pinned_argreduce.mojo:447:17: warning: positional `__getitem__` is deprecated, use `unsafe_offset=` instead
    var r0 = mnv[0]
             ~~~^~~
<unknown>:0: note: '__getitem__' declared here
Imported from /root/mojolearn/svm/svc_main.mojo:43:
Imported from /root/mojolearn/svm/checks/svc_check.mojo:101:
Imported from /root/mojolearn/svm/impl/smoblocksolve.mojo:100:
/root/mojolearn/svm/checks/pinned_argreduce.mojo:448:17: warning: positional `__getitem__` is deprecated, use `unsafe_offset=` instead
    var r1 = mnt[0]
             ~~~^~~
<unknown>:0: note: '__getitem__' declared here
Imported from /root/mojolearn/svm/svc_main.mojo:43:
Imported from /root/mojolearn/svm/checks/svc_check.mojo:101:
Imported from /root/mojolearn/svm/impl/smoblocksolve.mojo:100:
/root/mojolearn/svm/checks/pinned_argreduce.mojo:449:17: warning: positional `__getitem__` is deprecated, use `unsafe_offset=` instead
    var r2 = mxv[0]
             ~~~^~~
<unknown>:0: note: '__getitem__' declared here
Imported from /root/mojolearn/svm/svc_main.mojo:43:
Imported from /root/mojolearn/svm/checks/svc_check.mojo:101:
Imported from /root/mojolearn/svm/impl/smoblocksolve.mojo:100:
/root/mojolearn/svm/checks/pinned_argreduce.mojo:471:9: warning: positional `__getitem__` is deprecated, use `unsafe_offset=` instead
    vals[tid] = value
    ~~~~^~~~~
<unknown>:0: note: '__getitem__' declared here
Imported from /root/mojolearn/svm/svc_main.mojo:43:
Imported from /root/mojolearn/svm/checks/svc_check.mojo:101:
Imported from /root/mojolearn/svm/impl/smoblocksolve.mojo:100:
/root/mojolearn/svm/checks/pinned_argreduce.mojo:472:9: warning: positional `__getitem__` is deprecated, use `unsafe_offset=` instead
    keys[tid] = key
    ~~~~^~~~~
<unknown>:0: note: '__getitem__' declared here
Imported from /root/mojolearn/svm/svc_main.mojo:43:
Imported from /root/mojolearn/svm/checks/svc_check.mojo:101:
Imported from /root/mojolearn/svm/impl/smoblocksolve.mojo:100:
/root/mojolearn/svm/checks/pinned_argreduce.mojo:473:9: warning: positional `__getitem__` is deprecated, use `unsafe_offset=` instead
    tids[tid] = Int32(tid)
    ~~~~^~~~~
<unknown>:0: note: '__getitem__' declared here
Imported from /root/mojolearn/svm/svc_main.mojo:43:
Imported from /root/mojolearn/svm/checks/svc_check.mojo:101:
Imported from /root/mojolearn/svm/impl/smoblocksolve.mojo:100:
/root/mojolearn/svm/checks/pinned_argreduce.mojo:479:26: warning: positional `__getitem__` is deprecated, use `unsafe_offset=` instead
            var mv = vals[tid]
                     ~~~~^~~~~
<unknown>:0: note: '__getitem__' declared here
Imported from /root/mojolearn/svm/svc_main.mojo:43:
Imported from /root/mojolearn/svm/checks/svc_check.mojo:101:
Imported from /root/mojolearn/svm/impl/smoblocksolve.mojo:100:
/root/mojolearn/svm/checks/pinned_argreduce.mojo:480:26: warning: positional `__getitem__` is deprecated, use `unsafe_offset=` instead
            var mk = keys[tid]
                     ~~~~^~~~~
<unknown>:0: note: '__getitem__' declared here
Imported from /root/mojolearn/svm/svc_main.mojo:43:
Imported from /root/mojolearn/svm/checks/svc_check.mojo:101:
Imported from /root/mojolearn/svm/impl/smoblocksolve.mojo:100:
/root/mojolearn/svm/checks/pinned_argreduce.mojo:481:26: warning: positional `__getitem__` is deprecated, use `unsafe_offset=` instead
            var mt = tids[tid]
                     ~~~~^~~~~
<unknown>:0: note: '__getitem__' declared here
Imported from /root/mojolearn/svm/svc_main.mojo:43:
Imported from /root/mojolearn/svm/checks/svc_check.mojo:101:
Imported from /root/mojolearn/svm/impl/smoblocksolve.mojo:100:
/root/mojolearn/svm/checks/pinned_argreduce.mojo:487:30: warning: positional `__getitem__` is deprecated, use `unsafe_offset=` instead
                var ov = vals[o]
                         ~~~~^~~
<unknown>:0: note: '__getitem__' declared here
Imported from /root/mojolearn/svm/svc_main.mojo:43:
Imported from /root/mojolearn/svm/checks/svc_check.mojo:101:
Imported from /root/mojolearn/svm/impl/smoblocksolve.mojo:100:
/root/mojolearn/svm/checks/pinned_argreduce.mojo:488:30: warning: positional `__getitem__` is deprecated, use `unsafe_offset=` instead
                var ok = keys[o]
                         ~~~~^~~
<unknown>:0: note: '__getitem__' declared here
Imported from /root/mojolearn/svm/svc_main.mojo:43:
Imported from /root/mojolearn/svm/checks/svc_check.mojo:101:
Imported from /root/mojolearn/svm/impl/smoblocksolve.mojo:100:
/root/mojolearn/svm/checks/pinned_argreduce.mojo:492:30: warning: positional `__getitem__` is deprecated, use `unsafe_offset=` instead
                    mt = tids[o]
                         ~~~~^~~
<unknown>:0: note: '__getitem__' declared here
Imported from /root/mojolearn/svm/svc_main.mojo:43:
Imported from /root/mojolearn/svm/checks/svc_check.mojo:101:
Imported from /root/mojolearn/svm/impl/smoblocksolve.mojo:100:
/root/mojolearn/svm/checks/pinned_argreduce.mojo:494:17: warning: positional `__getitem__` is deprecated, use `unsafe_offset=` instead
            vals[tid] = mv
            ~~~~^~~~~
<unknown>:0: note: '__getitem__' declared here
Imported from /root/mojolearn/svm/svc_main.mojo:43:
Imported from /root/mojolearn/svm/checks/svc_check.mojo:101:
Imported from /root/mojolearn/svm/impl/smoblocksolve.mojo:100:
/root/mojolearn/svm/checks/pinned_argreduce.mojo:495:17: warning: positional `__getitem__` is deprecated, use `unsafe_offset=` instead
            keys[tid] = mk
            ~~~~^~~~~
<unknown>:0: note: '__getitem__' declared here
Imported from /root/mojolearn/svm/svc_main.mojo:43:
Imported from /root/mojolearn/svm/checks/svc_check.mojo:101:
Imported from /root/mojolearn/svm/impl/smoblocksolve.mojo:100:
/root/mojolearn/svm/checks/pinned_argreduce.mojo:496:17: warning: positional `__getitem__` is deprecated, use `unsafe_offset=` instead
            tids[tid] = mt
            ~~~~^~~~~
<unknown>:0: note: '__getitem__' declared here
Imported from /root/mojolearn/svm/svc_main.mojo:43:
Imported from /root/mojolearn/svm/checks/svc_check.mojo:101:
Imported from /root/mojolearn/svm/impl/smoblocksolve.mojo:100:
/root/mojolearn/svm/checks/pinned_argreduce.mojo:499:18: warning: positional `__getitem__` is deprecated, use `unsafe_offset=` instead
    var rv = vals[0]
             ~~~~^~~
<unknown>:0: note: '__getitem__' declared here
Imported from /root/mojolearn/svm/svc_main.mojo:43:
Imported from /root/mojolearn/svm/checks/svc_check.mojo:101:
Imported from /root/mojolearn/svm/impl/smoblocksolve.mojo:100:
/root/mojolearn/svm/checks/pinned_argreduce.mojo:500:18: warning: positional `__getitem__` is deprecated, use `unsafe_offset=` instead
    var rk = keys[0]
             ~~~~^~~
<unknown>:0: note: '__getitem__' declared here
Imported from /root/mojolearn/svm/svc_main.mojo:43:
Imported from /root/mojolearn/svm/checks/svc_check.mojo:101:
Imported from /root/mojolearn/svm/impl/smoblocksolve.mojo:100:
/root/mojolearn/svm/checks/pinned_argreduce.mojo:501:18: warning: positional `__getitem__` is deprecated, use `unsafe_offset=` instead
    var rt = tids[0]
             ~~~~^~~
<unknown>:0: note: '__getitem__' declared here
Imported from /root/mojolearn/svm/svc_main.mojo:43:
Imported from /root/mojolearn/svm/checks/svc_check.mojo:101:
Imported from /root/mojolearn/svm/impl/smoblocksolve.mojo:100:
/root/mojolearn/svm/checks/pinned_argreduce.mojo:561:17: warning: positional `__getitem__` is deprecated, use `unsafe_offset=` instead
            vals[w] = v
            ~~~~^~~
<unknown>:0: note: '__getitem__' declared here
Imported from /root/mojolearn/svm/svc_main.mojo:43:
Imported from /root/mojolearn/svm/checks/svc_check.mojo:101:
Imported from /root/mojolearn/svm/impl/smoblocksolve.mojo:100:
/root/mojolearn/svm/checks/pinned_argreduce.mojo:562:17: warning: positional `__getitem__` is deprecated, use `unsafe_offset=` instead
            keys[w] = k
            ~~~~^~~
<unknown>:0: note: '__getitem__' declared here
Imported from /root/mojolearn/svm/svc_main.mojo:43:
Imported from /root/mojolearn/svm/checks/svc_check.mojo:101:
Imported from /root/mojolearn/svm/impl/smoblocksolve.mojo:100:
/root/mojolearn/svm/checks/pinned_argreduce.mojo:563:17: warning: positional `__getitem__` is deprecated, use `unsafe_offset=` instead
            tids[w] = t
            ~~~~^~~
<unknown>:0: note: '__getitem__' declared here
Imported from /root/mojolearn/svm/svc_main.mojo:43:
Imported from /root/mojolearn/svm/checks/svc_check.mojo:101:
Imported from /root/mojolearn/svm/impl/smoblocksolve.mojo:100:
/root/mojolearn/svm/checks/pinned_argreduce.mojo:569:22: warning: positional `__getitem__` is deprecated, use `unsafe_offset=` instead
            rv = vals[0]
                 ~~~~^~~
<unknown>:0: note: '__getitem__' declared here
Imported from /root/mojolearn/svm/svc_main.mojo:43:
Imported from /root/mojolearn/svm/checks/svc_check.mojo:101:
Imported from /root/mojolearn/svm/impl/smoblocksolve.mojo:100:
/root/mojolearn/svm/checks/pinned_argreduce.mojo:570:22: warning: positional `__getitem__` is deprecated, use `unsafe_offset=` instead
            rk = keys[0]
                 ~~~~^~~
<unknown>:0: note: '__getitem__' declared here
Imported from /root/mojolearn/svm/svc_main.mojo:43:
Imported from /root/mojolearn/svm/checks/svc_check.mojo:101:
Imported from /root/mojolearn/svm/impl/smoblocksolve.mojo:100:
/root/mojolearn/svm/checks/pinned_argreduce.mojo:571:22: warning: positional `__getitem__` is deprecated, use `unsafe_offset=` instead
            rt = tids[0]
                 ~~~~^~~
<unknown>:0: note: '__getitem__' declared here
Imported from /root/mojolearn/svm/svc_main.mojo:43:
Imported from /root/mojolearn/svm/checks/svc_check.mojo:101:
Imported from /root/mojolearn/svm/impl/smoblocksolve.mojo:100:
/root/mojolearn/svm/checks/pinned_argreduce.mojo:573:30: warning: positional `__getitem__` is deprecated, use `unsafe_offset=` instead
                var ov = vals[i]
                         ~~~~^~~
<unknown>:0: note: '__getitem__' declared here
Imported from /root/mojolearn/svm/svc_main.mojo:43:
Imported from /root/mojolearn/svm/checks/svc_check.mojo:101:
Imported from /root/mojolearn/svm/impl/smoblocksolve.mojo:100:
/root/mojolearn/svm/checks/pinned_argreduce.mojo:574:30: warning: positional `__getitem__` is deprecated, use `unsafe_offset=` instead
                var ok = keys[i]
                         ~~~~^~~
<unknown>:0: note: '__getitem__' declared here
Imported from /root/mojolearn/svm/svc_main.mojo:43:
Imported from /root/mojolearn/svm/checks/svc_check.mojo:101:
Imported from /root/mojolearn/svm/impl/smoblocksolve.mojo:100:
/root/mojolearn/svm/checks/pinned_argreduce.mojo:578:30: warning: positional `__getitem__` is deprecated, use `unsafe_offset=` instead
                    rt = tids[i]
                         ~~~~^~~
<unknown>:0: note: '__getitem__' declared here
Imported from /root/mojolearn/svm/svc_main.mojo:43:
Imported from /root/mojolearn/svm/checks/svc_check.mojo:101:
Imported from /root/mojolearn/svm/impl/smoblocksolve.mojo:100:
/root/mojolearn/svm/checks/pinned_argreduce.mojo:607:9: warning: positional `__getitem__` is deprecated, use `unsafe_offset=` instead
    vals[tid] = value
    ~~~~^~~~~
<unknown>:0: note: '__getitem__' declared here
Imported from /root/mojolearn/svm/svc_main.mojo:43:
Imported from /root/mojolearn/svm/checks/svc_check.mojo:101:
Imported from /root/mojolearn/svm/impl/smoblocksolve.mojo:100:
/root/mojolearn/svm/checks/pinned_argreduce.mojo:612:26: warning: positional `__getitem__` is deprecated, use `unsafe_offset=` instead
            var ov = vals[tid + step]
                     ~~~~^~~~~~~~~~~~
<unknown>:0: note: '__getitem__' declared here
Imported from /root/mojolearn/svm/svc_main.mojo:43:
Imported from /root/mojolearn/svm/checks/svc_check.mojo:101:
Imported from /root/mojolearn/svm/impl/smoblocksolve.mojo:100:
/root/mojolearn/svm/checks/pinned_argreduce.mojo:613:25: warning: positional `__getitem__` is deprecated, use `unsafe_offset=` instead
            if ov > vals[tid]:
                    ~~~~^~~~~
<unknown>:0: note: '__getitem__' declared here
Imported from /root/mojolearn/svm/svc_main.mojo:43:
Imported from /root/mojolearn/svm/checks/svc_check.mojo:101:
Imported from /root/mojolearn/svm/impl/smoblocksolve.mojo:100:
/root/mojolearn/svm/checks/pinned_argreduce.mojo:614:21: warning: positional `__getitem__` is deprecated, use `unsafe_offset=` instead
                vals[tid] = ov
                ~~~~^~~~~
<unknown>:0: note: '__getitem__' declared here
Imported from /root/mojolearn/svm/svc_main.mojo:43:
Imported from /root/mojolearn/svm/checks/svc_check.mojo:101:
Imported from /root/mojolearn/svm/impl/smoblocksolve.mojo:100:
/root/mojolearn/svm/checks/pinned_argreduce.mojo:617:18: warning: positional `__getitem__` is deprecated, use `unsafe_offset=` instead
    var rv = vals[0]
             ~~~~^~~
<unknown>:0: note: '__getitem__' declared here
Imported from /root/mojolearn/svm/svc_main.mojo:43:
Imported from /root/mojolearn/svm/checks/svc_check.mojo:101:
Imported from /root/mojolearn/svm/impl/smoblocksolve.mojo:100:
/root/mojolearn/svm/checks/pinned_argreduce.mojo:638:9: warning: positional `__getitem__` is deprecated, use `unsafe_offset=` instead
    vals[tid] = value
    ~~~~^~~~~
<unknown>:0: note: '__getitem__' declared here
Imported from /root/mojolearn/svm/svc_main.mojo:43:
Imported from /root/mojolearn/svm/checks/svc_check.mojo:101:
Imported from /root/mojolearn/svm/impl/smoblocksolve.mojo:100:
/root/mojolearn/svm/checks/pinned_argreduce.mojo:643:26: warning: positional `__getitem__` is deprecated, use `unsafe_offset=` instead
            var ov = vals[tid + step]
                     ~~~~^~~~~~~~~~~~
<unknown>:0: note: '__getitem__' declared here
Imported from /root/mojolearn/svm/svc_main.mojo:43:
Imported from /root/mojolearn/svm/checks/svc_check.mojo:101:
Imported from /root/mojolearn/svm/impl/smoblocksolve.mojo:100:
/root/mojolearn/svm/checks/pinned_argreduce.mojo:644:26: warning: positional `__getitem__` is deprecated, use `unsafe_offset=` instead
            var mv = vals[tid]
                     ~~~~^~~~~
<unknown>:0: note: '__getitem__' declared here
Imported from /root/mojolearn/svm/svc_main.mojo:43:
Imported from /root/mojolearn/svm/checks/svc_check.mojo:101:
Imported from /root/mojolearn/svm/impl/smoblocksolve.mojo:100:
/root/mojolearn/svm/checks/pinned_argreduce.mojo:646:21: warning: positional `__getitem__` is deprecated, use `unsafe_offset=` instead
                vals[tid] = max(ov, mv)
                ~~~~^~~~~
<unknown>:0: note: '__getitem__' declared here
Imported from /root/mojolearn/svm/svc_main.mojo:43:
Imported from /root/mojolearn/svm/checks/svc_check.mojo:101:
Imported from /root/mojolearn/svm/impl/smoblocksolve.mojo:100:
/root/mojolearn/svm/checks/pinned_argreduce.mojo:648:21: warning: positional `__getitem__` is deprecated, use `unsafe_offset=` instead
                vals[tid] = max(mv, ov)
                ~~~~^~~~~
<unknown>:0: note: '__getitem__' declared here
Imported from /root/mojolearn/svm/svc_main.mojo:43:
Imported from /root/mojolearn/svm/checks/svc_check.mojo:101:
Imported from /root/mojolearn/svm/impl/smoblocksolve.mojo:100:
/root/mojolearn/svm/checks/pinned_argreduce.mojo:651:18: warning: positional `__getitem__` is deprecated, use `unsafe_offset=` instead
    var rv = vals[0]
             ~~~~^~~
<unknown>:0: note: '__getitem__' declared here
Included from /root/mojolearn/svm/svc_main.mojo:43:
Included from /root/mojolearn/svm/checks/svc_check.mojo:88:
/root/mojolearn/svm/checks/smo_oracle.mojo:305:31: warning: assignment to 'idx_of' was never used; assign to '_' instead?
        var idx_of = List[Int]()
                              ^
Included from /root/mojolearn/svm/svc_main.mojo:43:
/root/mojolearn/svm/checks/svc_check.mojo:256:13: warning: ref 'rep' was never used, remove it?
        for rep in range(2):
            ^
Included from /root/mojolearn/svm/svc_main.mojo:43:
/root/mojolearn/svm/checks/svc_check.mojo:2262:25: warning: assignment to 'msg' was never used; assign to '_' instead?
        var msg = String("")
                        ^
== svm/svc_main.mojo [IDENTICAL] all ==
C-SVC certified Apple M4, NVIDIA H100 and AMD MI325X at a0a0eee (E3 round 13, 2026-08-28); SVR gated 2026-08-31 (fea6becc, 44 of 44) and not yet in a cross-vendor round.
  F1.blobs [IDENTICAL] oracle f32: n_support=5 outer=4 inner=11 b=0.09479656/0x3dc224b3 kkt_gap=0.00087659806/0x3a65cb80 acc=1.0
PASS oracle_kkt_and_accuracy F1.blobs [IDENTICAL]
  F2.xor [IDENTICAL] oracle f32: n_support=16 outer=5 inner=141 b=-0.006553972/0xbbd6c2b4 kkt_gap=0.0009943345/0x3a825454 acc=1.0
PASS oracle_kkt_and_accuracy F2.xor [IDENTICAL]
  F3.dup [IDENTICAL] oracle f32: n_support=54 outer=6 inner=233 b=0.112782255/0x3de6fa62 kkt_gap=0.00085660815/0x3a608e00 acc=0.9890625
    (n > n_ws: the global gap is REPORTED; the stop rule is on the working set)
PASS oracle_kkt_and_accuracy F3.dup [IDENTICAL]
  F4.c_small [IDENTICAL] oracle f32: n_support=196 outer=5 inner=103 b=0.04327399/0x3d314011 kkt_gap=0.00057798996/0x3a178440 acc=1.0
PASS oracle_kkt_and_accuracy F4.c_small [IDENTICAL]
  F5.c_large [IDENTICAL] oracle f32: n_support=7 outer=4 inner=123 b=-0.007706914/0xbbfc8a48 kkt_gap=0.0006855838/0x3a33b8c0 acc=1.0
PASS oracle_kkt_and_accuracy F5.c_large [IDENTICAL]
  F6.big [IDENTICAL] oracle f32: n_support=266 outer=6 inner=658 b=0.017735064/0x3c914920 kkt_gap=0.00094624795/0x3a780da0 acc=0.9293333333333333
    (n > n_ws: the global gap is REPORTED; the stop rule is on the working set)
PASS oracle_kkt_and_accuracy F6.big [IDENTICAL]
  F7.wide_k [IDENTICAL] oracle f32: n_support=36 outer=5 inner=78 b=0.012158405/0x3c47340c kkt_gap=0.0009647887/0x3a7ce9e0 acc=1.0
PASS oracle_kkt_and_accuracy F7.wide_k [IDENTICAL]
  F1.blobs objective: first=-0.060615616797514024 last=-0.06084910122044715 worst relative rise=0.0
PASS oracle_objective_decreases F1.blobs [IDENTICAL]
  F2.xor objective: first=-45.35821694576063 last=-45.5463596796525 worst relative rise=0.0
PASS oracle_objective_decreases F2.xor [IDENTICAL]
  F1.blobs f32 vs f64 reference: n_sv 5 vs 5 (only32=0, only64=0) b 0.09479656 vs 0.09453905005398823 max|decision diff|=0.0014264799119627636 outer 4 vs 4
PASS oracle_f32_matches_f64_reference F1.blobs [IDENTICAL]
  DEVIATION 630 measurement: rbf float32 vs their double-exp spelling: cells=57600 differing=5294 max_ulp=1
PASS rbf_float_vs_double_reference (DEVIATION 630) [IDENTICAL]
  R1.line [IDENTICAL] SVR oracle: n_train=400 n_ws=400 n_support=5 outer=5 inner=71 b=0.014828538/0x3c72f365 kkt_gap(independent)=0.0008691916615251039 max|f_ref-f|=1.4857905750176315e-07 R2=0.9968667633223183
PASS svr_kkt R1.line [IDENTICAL]
  R1.line [IDENTICAL] eps-insensitive dual W: first=-0.9805905269516819 last=-1.0130940054942819 over 5 outer iterations; worst relative rise=0.0 at 0
PASS svr_objective_decreases R1.line [IDENTICAL]
  R1.line [IDENTICAL] eps tube: epsilon=0.1 gap=0.0008691916615251039 bound=0.10086919166152511 (+slack 0.003400188207626343); rows with BOTH multipliers zero=195 of 200 (folded-zero-but-bound=0); worst |residual| among them=0.09960079193115234 at row 180
PASS svr_eps_tube R1.line [IDENTICAL]
  R1.line [IDENTICAL] fold-order collisions: worst working set is iteration 0, holding 400 of 400 domain points over 200 rows; 200 rows appear TWICE (ws_idx % n_rows collides, and fold_order_for's docstring says they cannot); the order is TOTAL and ascending in (index, position); collisions ASSERTED
PASS svr_fold_order_collisions R1.line [IDENTICAL]
  R1.line [IDENTICAL] sabotage reach: update_f blocks=1 (FOLD_ROTATE needs > 1), max nnz=8 (needs >= 2) -> FOLD_ROTATE INERT | ws sort runs=no -> WS_TIE INERT | f-bit ties at iter 0: upper=0 lower=0 -> ARG_TIE_HIGH INERT | kernel=linear -> STD_EXP INERT
    FMAX_NOKEY / FMAX_HWMAX / FMAX_HWMAX_SWAP: PREDICTED BIT-INERT on every regression fixture. f_max feeds only `diff = f_max - f_u`, so a tie among equal values cannot move a recorded bit, and the one tie whose members differ in bits (+0.0 vs -0.0, R6) is subtracted from a non-zero f_u. The planted Z fixture is the arm that bites.
PASS svr_sabotage_reach R1.line [IDENTICAL]
  R2.rbf [IDENTICAL] SVR oracle: n_train=320 n_ws=320 n_support=21 outer=4 inner=130 b=-0.0073914146/0xbbf233ae kkt_gap(independent)=0.000809021753256145 max|f_ref-f|=1.2709567703828029e-07 R2=0.9856009738213161
PASS svr_kkt R2.rbf [IDENTICAL]
  R2.rbf [IDENTICAL] eps-insensitive dual W: first=-0.6917223887895974 last=-0.7205342991831296 over 4 outer iterations; worst relative rise=0.0 at 0
PASS svr_objective_decreases R2.rbf [IDENTICAL]
  R2.rbf [IDENTICAL] fold-order collisions: worst working set is iteration 0, holding 320 of 320 domain points over 160 rows; 160 rows appear TWICE (ws_idx % n_rows collides, and fold_order_for's docstring says they cannot); the order is TOTAL and ascending in (index, position); collisions ASSERTED
PASS svr_fold_order_collisions R2.rbf [IDENTICAL]
  R2.rbf [IDENTICAL] sabotage reach: update_f blocks=1 (FOLD_ROTATE needs > 1), max nnz=25 (needs >= 2) -> FOLD_ROTATE INERT | ws sort runs=no -> WS_TIE INERT | f-bit ties at iter 0: upper=0 lower=0 -> ARG_TIE_HIGH INERT | kernel=rbf -> STD_EXP REACHED
    FMAX_NOKEY / FMAX_HWMAX / FMAX_HWMAX_SWAP: PREDICTED BIT-INERT on every regression fixture. f_max feeds only `diff = f_max - f_u`, so a tie among equal values cannot move a recorded bit, and the one tie whose members differ in bits (+0.0 vs -0.0, R6) is subtracted from a non-zero f_u. The planted Z fixture is the arm that bites.
PASS svr_sabotage_reach R2.rbf [IDENTICAL]
  R3.tube [IDENTICAL] SVR oracle: n_train=480 n_ws=480 n_support=99 outer=4 inner=420 b=0.017480599/0x3c8f3379 kkt_gap(independent)=0.0008342415433032491 max|f_ref-f|=2.4105851565980885e-06 R2=0.012714616530549505
PASS svr_kkt R3.tube [IDENTICAL]
  R3.tube [IDENTICAL] eps-insensitive dual W: first=-8.591281740644366 last=-8.602221415705209 over 4 outer iterations; worst relative rise=0.0 at 0
PASS svr_objective_decreases R3.tube [IDENTICAL]
  R3.tube [IDENTICAL] eps tube: epsilon=0.3 gap=0.0008342415433032491 bound=0.30083424154330324 (+slack 0.0014990234375000001); rows with BOTH multipliers zero=141 of 240 (folded-zero-but-bound=0); worst |residual| among them=0.294128255918622 at row 127
PASS svr_eps_tube R3.tube [IDENTICAL]
  R3.tube [IDENTICAL] fold-order collisions: worst working set is iteration 0, holding 480 of 480 domain points over 240 rows; 240 rows appear TWICE (ws_idx % n_rows collides, and fold_order_for's docstring says they cannot); the order is TOTAL and ascending in (index, position); collisions ASSERTED
PASS svr_fold_order_collisions R3.tube [IDENTICAL]
  R3.tube [IDENTICAL] sabotage reach: update_f blocks=1 (FOLD_ROTATE needs > 1), max nnz=99 (needs >= 2) -> FOLD_ROTATE INERT | ws sort runs=no -> WS_TIE INERT | f-bit ties at iter 0: upper=3 lower=3 -> ARG_TIE_HIGH REACHED | kernel=linear -> STD_EXP INERT
    FMAX_NOKEY / FMAX_HWMAX / FMAX_HWMAX_SWAP: PREDICTED BIT-INERT on every regression fixture. f_max feeds only `diff = f_max - f_u`, so a tie among equal values cannot move a recorded bit, and the one tie whose members differ in bits (+0.0 vs -0.0, R6) is subtracted from a non-zero f_u. The planted Z fixture is the arm that bites.
PASS svr_sabotage_reach R3.tube [IDENTICAL]
  R4.dup [IDENTICAL] SVR oracle: n_train=600 n_ws=600 n_support=6 outer=4 inner=74 b=-0.001039649/0xba8844d5 kkt_gap(independent)=0.0009526643487394182 max|f_ref-f|=2.6834464383895806e-07 R2=0.9977898557939973
PASS svr_kkt R4.dup [IDENTICAL]
  R4.dup [IDENTICAL] fold-order collisions: worst working set is iteration 0, holding 600 of 600 domain points over 300 rows; 300 rows appear TWICE (ws_idx % n_rows collides, and fold_order_for's docstring says they cannot); the order is TOTAL and ascending in (index, position); collisions ASSERTED
PASS svr_fold_order_collisions R4.dup [IDENTICAL]
  R4.dup [IDENTICAL] sabotage reach: update_f blocks=2 (FOLD_ROTATE needs > 1), max nnz=10 (needs >= 2) -> FOLD_ROTATE REACHED | ws sort runs=no -> WS_TIE INERT | f-bit ties at iter 0: upper=150 lower=150 -> ARG_TIE_HIGH REACHED | kernel=linear -> STD_EXP INERT
    FMAX_NOKEY / FMAX_HWMAX / FMAX_HWMAX_SWAP: PREDICTED BIT-INERT on every regression fixture. f_max feeds only `diff = f_max - f_u`, so a tie among equal values cannot move a recorded bit, and the one tie whose members differ in bits (+0.0 vs -0.0, R6) is subtracted from a non-zero f_u. The planted Z fixture is the arm that bites.
PASS svr_sabotage_reach R4.dup [IDENTICAL]
  R5.big [IDENTICAL] SVR oracle: n_train=2060 n_ws=1024 n_support=4 outer=4 inner=173 b=-0.002838986/0xbb3a0e48 kkt_gap(independent)=0.0008088276136956063 max|f_ref-f|=1.0013384676987869e-07 R2=0.9949198818608166
    (2n > n_ws or the outer-iteration budget is capped: the global gap is REPORTED; the stop rule is on the working set)
PASS svr_kkt R5.big [IDENTICAL]
  R5.big [IDENTICAL] fold-order collisions: worst working set is iteration 2, holding 1024 of 2060 domain points over 1030 rows; 139 rows appear TWICE (ws_idx % n_rows collides, and fold_order_for's docstring says they cannot); the order is TOTAL and ascending in (index, position); collisions REPORTED (n >= SMO_WS_SIZE: not provable from the shapes)
PASS svr_fold_order_collisions R5.big [IDENTICAL]
  R5.big [IDENTICAL] sabotage reach: update_f blocks=5 (FOLD_ROTATE needs > 1), max nnz=7 (needs >= 2) -> FOLD_ROTATE REACHED | ws sort runs=yes -> WS_TIE INERT | f-bit ties at iter 0: upper=0 lower=0 -> ARG_TIE_HIGH INERT | kernel=linear -> STD_EXP INERT
    FMAX_NOKEY / FMAX_HWMAX / FMAX_HWMAX_SWAP: PREDICTED BIT-INERT on every regression fixture. f_max feeds only `diff = f_max - f_u`, so a tie among equal values cannot move a recorded bit, and the one tie whose members differ in bits (+0.0 vs -0.0, R6) is subtracted from a non-zero f_u. The planted Z fixture is the arm that bites.
PASS svr_sabotage_reach R5.big [IDENTICAL]
  R6.zero [IDENTICAL] SVR oracle: n_train=1200 n_ws=1024 n_support=600 outer=4 inner=2258 b=0.49416503/0x3efd0333 kkt_gap(independent)=0.0008185315555353512 max|f_ref-f|=1.1999494594405746e-05 R2=-0.0033976238586770346
    (2n > n_ws or the outer-iteration budget is capped: the global gap is REPORTED; the stop rule is on the working set)
PASS svr_kkt R6.zero [IDENTICAL]
  R6.zero [IDENTICAL] fold-order collisions: worst working set is iteration 2, holding 1024 of 1200 domain points over 600 rows; 511 rows appear TWICE (ws_idx % n_rows collides, and fold_order_for's docstring says they cannot); the order is TOTAL and ascending in (index, position); collisions ASSERTED
PASS svr_fold_order_collisions R6.zero [IDENTICAL]
  R6.zero [IDENTICAL] sabotage reach: update_f blocks=3 (FOLD_ROTATE needs > 1), max nnz=605 (needs >= 2) -> FOLD_ROTATE REACHED | ws sort runs=yes -> WS_TIE REACHED | f-bit ties at iter 0: upper=48 lower=47 -> ARG_TIE_HIGH REACHED | kernel=linear -> STD_EXP INERT
    FMAX_NOKEY / FMAX_HWMAX / FMAX_HWMAX_SWAP: PREDICTED BIT-INERT on every regression fixture. f_max feeds only `diff = f_max - f_u`, so a tie among equal values cannot move a recorded bit, and the one tie whose members differ in bits (+0.0 vs -0.0, R6) is subtracted from a non-zero f_u. The planted Z fixture is the arm that bites.
PASS svr_sabotage_reach R6.zero [IDENTICAL]
  R6.zero [IDENTICAL] signed zeros in SvrInit's f: +0.0 x 39, -0.0 x 13 (every -0.0 in the second half: yes); f_max over the lower set = -0.0/0x80000000 tied by 13 x +0.0 and 13 x -0.0; the selected ws0 (1024 entries) holds 13 x +0.0 and 13 x -0.0
    REACHED: the twiddle keys and the radix sort (-0.0 -> 0x7fffffff sorts strictly before +0.0 -> 0x80000000), the f_max argmax tie (DEVIATION 635), svm.init.f and every svm.iterNNN.f hash.
    NOT REACHED, recorded deliberately: the `diff` bits. diff = f_max - f_u and (+-0) - c is one float for every non-zero c; f_u is a zero only if every target is zero. The planted Z fixture remains the only thing that moves diff by a zero's sign.
PASS svr_signed_zero_from_ordinary_input R6.zero [IDENTICAL]
  refusals by name: 9 (cache_size, svmType=NU_SVR, epsilon on C_SVC, negative epsilon on SVR, POLYNOMIAL, TANH, PRECOMPUTED, sample_weight, multiclass)
PASS refusals_by_name [IDENTICAL]
  F1.blobs [IDENTICAL] device vs oracle: IDENTICAL  outer=4 n_support=5 b=0.09479656/0x3dc224b3
  F2.xor [IDENTICAL] device vs oracle: IDENTICAL  outer=5 n_support=16 b=-0.006553972/0xbbd6c2b4
  F3.dup [IDENTICAL] device vs oracle: IDENTICAL  outer=6 n_support=54 b=0.112782255/0x3de6fa62
  F4.c_small [IDENTICAL] device vs oracle: IDENTICAL  outer=5 n_support=196 b=0.04327399/0x3d314011
  F5.c_large [IDENTICAL] device vs oracle: IDENTICAL  outer=4 n_support=7 b=-0.007706914/0xbbfc8a48
  F6.big [IDENTICAL] device vs oracle: IDENTICAL  outer=6 n_support=266 b=0.017735064/0x3c914920
  F7.wide_k [IDENTICAL] device vs oracle: IDENTICAL  outer=5 n_support=36 b=0.012158405/0x3c47340c
PASS device_matches_oracle (7 fixtures) [IDENTICAL]
  F3.dup ws sequence: 6 outer iterations, first divergence at none; equal-f duplicate pairs in final f: 640 of 640
PASS ws_sequence_is_pure_in_f_and_index (DEVIATION 631, F3.dup) [IDENTICAL]
  F2.xor [IDENTICAL] launch invariance over 7 arms: INVARIANT  (outer=5)
  F6.big [IDENTICAL] launch invariance over 7 arms: INVARIANT  (outer=6)
  F7.wide_k [IDENTICAL] launch invariance over 7 arms: INVARIANT  (outer=5)
PASS device_is_launch_invariant (F2, F6, F7 x 7 arms) [IDENTICAL]
  card: two traced fits (different launches) first divergence: none
PASS card_is_emitted [IDENTICAL]
  Z.order_A [IDENTICAL] block=32 device diff=-0.0/0x80000000 n_iter=0 | oracle diff=-0.0/0x80000000 n_iter=0 | expected diff bits 0x80000000 OK
  Z.order_A [IDENTICAL] block=1024 device diff=-0.0/0x80000000 n_iter=0 | oracle diff=-0.0/0x80000000 n_iter=0 | expected diff bits 0x80000000 OK
  Z.order_B [IDENTICAL] block=32 device diff=0.0/0x0 n_iter=0 | oracle diff=0.0/0x0 n_iter=0 | expected diff bits 0x0 OK
  Z.order_B [IDENTICAL] block=1024 device diff=0.0/0x0 n_iter=0 | oracle diff=0.0/0x0 n_iter=0 | expected diff bits 0x0 OK
PASS block_solve_signed_zero_tie (row 39, DEVIATIONS 633/635, Z x 2 orders x 2 blocks) [IDENTICAL]
  NaN refusals by name (DEVIATION 636): 8 (X NaN, X inf, labels, C, tol, gamma inf, gamma < 0, predict X)
  overflow fixture (linear, |x| ~ 1.5e19, K = +inf everywhere) [IDENTICAL]: RAISED: SMO error: NaN found during fitting. This might be caused by floating point overflow. In such case using fp64 could help. Alternatively, try gamma='scale' kernel parameter. (DEVIATION 637: NaN in alpha or f after outer iteration 0, before its record)
PASS nan_never_recorded (row 39 FACT 2, DEVIATIONS 636/637) [IDENTICAL]
  R1.line [IDENTICAL] SVR device vs oracle: IDENTICAL  outer=5 n_support=5 b=0.014828538/0x3c72f365
  R2.rbf [IDENTICAL] SVR device vs oracle: IDENTICAL  outer=4 n_support=21 b=-0.0073914146/0xbbf233ae
  R3.tube [IDENTICAL] SVR device vs oracle: IDENTICAL  outer=4 n_support=99 b=0.017480599/0x3c8f3379
  R4.dup [IDENTICAL] SVR device vs oracle: IDENTICAL  outer=4 n_support=6 b=-0.001039649/0xba8844d5
  R5.big [IDENTICAL] SVR device vs oracle: IDENTICAL  outer=4 n_support=4 b=-0.002838986/0xbb3a0e48
  R6.zero [IDENTICAL] SVR device vs oracle: IDENTICAL  outer=4 n_support=600 b=0.49416503/0x3efd0333
PASS svr_device_matches_oracle (6 regression fixtures) [IDENTICAL]
  R4.dup [IDENTICAL] SVR launch invariance over 5 arms: INVARIANT  (outer=4)
  R6.zero [IDENTICAL] SVR launch invariance over 5 arms: INVARIANT  (outer=4)
PASS svr_device_is_launch_invariant (R4, R6 x 5 arms) [IDENTICAL]
== svm/svc_main.mojo [IDENTICAL] 44/44 gates passed ==
