13913 external/tcmalloc+/tcmalloc/internal/system_allocator.h:713] Warning: Unable to mbind memory (errno=1, base=0x513ec0000000, nodemask=1)
13913 external/tcmalloc+/tcmalloc/internal/system_allocator.h:713] Warning: Unable to mbind memory (errno=1, base=0x790bc0000000, nodemask=2)
{"event": "setup", "schema": "mojolearn.lm-step-memory-probe.v3", "shape": {"batch": 1, "length": 2048, "d_model": 768, "n_heads": 12, "n_kv": 12, "head_dim": 64, "intermediate": 2048, "n_layers": 12, "vocab_size": 50257}, "profile": "mojolearn.byte-lm.b1-l2048-d768-h12-kv12-hd64-ff2048-v50257-blocks12.fp32.v3", "parameters": 162147840, "n_tensors": 110, "tokens_per_step": 2048, "seed": 93261, "budget_seconds": 300.0, "resident": true, "step_result": "lean", "witness_every_step": false, "witness_source": "export_gradients(named=False) + export_state() once after the last untimed step", "corpus": {"path": "training/corpus/pile_github/input.txt", "sha256": "52a5b4c36ab9119c15505331c10e3b23690377d40fbac3e598c7fafe13a324df", "manifest_sha256": "e3f46ca3870913aabd179647f5ab7e66b829c30c3cbcbf4b2862e2790d94cda5", "bytes": 97124565, "source_url": "https://huggingface.co/datasets/monology/pile-uncopyrighted/resolve/3be90335b66f24456a5d6659d9c8d208c0357119/val.jsonl.zst", "schedule": "step k row b: bytes[(k*batch*length + b*length) % (bytes - length - 1) : +length+1] as int32; targets shifted one byte"}, "attention_arm": "stash_tiled_fgrid_r32_qres_pf", "attention_arm_source": "binding", "attention_arm_requested": "stash_tiled_fgrid_r32_qres_pf", "attention_arm_default": "stash_tiled_fgrid_r32_qres_pf", "attention_arm_is_default": true, "attention_arm_resolved_hd64": "stash_tiled_fgrid_r32_qres_pf", "attention_arm_trial_build": true, "gemm_arm": null, "gemm_plan": null, "gemm_arm_requested": null, "attention_path_requested": null, "numeric_mode_env": "identical", "runtime": {"binding_file": "/root/mojolearn/python/mojolearn/identical/_mojolearn_byte_lm.so", "binding_sha256": "b97e875138d605776d687b984f10492e1e3c51cd176b17e613303c0c666389f3", "native_attention_arm": {"arm": "stash_tiled_fgrid_r32_qres_pf", "default": "stash_tiled_fgrid_r32_qres_pf", "resolved_hd64": "stash_tiled_fgrid_r32_qres_pf", "trial_build": true}, "native_numeric_mode": 1, "native_profile": "mojolearn.byte-lm.b2-l32-d32-h4-kv2-ff64-v256-blocks2.fp32.v1", "native_vendor": "hip", "source_scope": "available direct source files; binding SHA identifies the compiled artifact", "source_sha256": {"bindings/_mojolearn_byte_lm.mojo": "0930c3862545730605ef98a5a18965f760273826fd94d9ef44bb5634d254ccc7", "loaded_python_wrapper": "e493bb36ff33f6738838444ffb5b2b77eb093c3c08bfac0f669cc4755f4a8878", "python/mojolearn/_byte_lm_config.py": "440ca11e33cfed741c8a812a8dac74ad4e938ab8e16f84ed2af5b61d3fbe56b8", "python/mojolearn/_byte_lm_impl.py": "e493bb36ff33f6738838444ffb5b2b77eb093c3c08bfac0f669cc4755f4a8878", "python/mojolearn/language_model.py": "ad7fab7986e790cf0962e1cad316f586b1cec474f54c73619b7eb08da9530533", "training/byte_lm.mojo": "1f02bbaf31e13057010c959feacea545dd91b0a41a1bb4c35f7301c3e7426204", "training/byte_lm_config.mojo": "a620c17cff6cbe5f96097609105acf774a732b72aa118d342bfbbe5e084d8606"}, "schema": "small-byte-lm.run-metadata.v1", "qualification": "authored/unqualified", "profile": "mojolearn.byte-lm.b1-l2048-d768-h12-kv12-hd64-ff2048-v50257-blocks12.fp32.v3", "device_state_lifetime": "resident", "step_result": "lean", "last_export_step": 0, "config": {"lr": 0.0010000000474974513, "beta1": 0.8999999761581421, "beta2": 0.9990000128746033, "eps": 9.99999993922529e-09, "weight_decay": 0.009999999776482582, "kind": 2, "momentum": 0.0, "dampening": 0.0, "nesterov": false, "max_norm": 0.0}, "data_schedule": {"batches": "pinned corpus 52a5b4c36ab9119c15505331c10e3b23690377d40fbac3e598c7fafe13a324df", "fixture": "lm step memory probe", "seed": 93261}, "completed_steps": 0, "next_batch_index": 0}, "initial_parameters_sha256": "0e36d8d036d8c4cf9704babd096061006e48071187c793c6ee471e05b449572e", "host_before_first_call": {"vm_rss_bytes": 2774982656, "vm_hwm_bytes": 3420762112, "ru_maxrss_bytes": 3420762112, "boundary": "process host memory (Python + native + pinned staging); not device memory"}, "device_tool": "rocm-smi", "qualification": "complete-step probe at the named shape; not an opponent ratio, not a default gate", "t": 1789148269.6116517}
{"event": "step_start", "step": 1, "first_call_includes_setup": true, "ids_sha256": "7626015c8a8cb90b13e0d44eff53262a36025184a4adfb88591a93ba18857518", "t": 1789148269.6124275}
13913 external/tcmalloc+/tcmalloc/internal/system_allocator.h:713] Warning: Unable to mbind memory (errno=1, base=0x790c00000000, nodemask=2)
13913 external/tcmalloc+/tcmalloc/internal/system_allocator.h:713] Warning: Unable to mbind memory (errno=1, base=0x790c40000000, nodemask=2)
{"event": "step_end", "step": 1, "seconds": 12.174001366000084, "tokens_per_second": 168.22735092832465, "first_call_includes_setup": true, "timing_boundary": "public train_step call; native binding synchronizes the context before publishing outputs; includes host readbacks, validation and gradient copies", "step_result": "lean", "witnessed": false, "witness_export_seconds": null, "loss": 11.12025260925293, "sha256": {"loss": "fb1bfea4e8daa3b31227ff49a404e36a58fe27b98856af4d27a24872b0e9abf2"}, "completed_steps": 1, "host": {"vm_rss_bytes": 2943459328, "vm_hwm_bytes": 8771129344, "ru_maxrss_bytes": 8771129344, "boundary": "process host memory (Python + native + pinned staging); not device memory"}, "device": {"tool": "rocm-smi", "peak_process_bytes": "unavailable", "peak_device_bytes": 191403335680, "device_total_bytes": 206141652992, "sample_interval_seconds": 0.2, "samples_total": 28, "errors_total": 0, "boundary": "vendor tool polled at the interval; peaks shorter than one interval are missed; device-wide used memory includes other processes; torch.cuda allocator statistics do not cover Mojo allocations and are not used"}, "t": 1789148281.7872024}
{"event": "final_witness", "step": 1, "completed_steps": 1, "sha256": {"gradients": "85d053a482668fd958df0e32325fc47f9ba10ec630ff63557c7b79c5bd85b0e3", "parameters": "1b32246046a72ada00e3c8ec04d079beb629d8e314f860bc7106d42c5996a8ca", "m": "8dbf0dfcb08f29687241a6586a7ef8224fde5877a7aeb490b9701d24d5812524", "v": "227d2c36dbd16e9acf0556ec491d8b6431a8e4cc5b235b8d81011996a9bc05be", "flags": "360d579dbd14759b41afdf7fb5e80c0101e15150ae401d59f92a1e32d129f7cb"}, "export_seconds": 10.86306058900118, "source": "export_gradients(named=False) + export_state() once after the last untimed step", "t": 1789148292.6506405}
{"event": "component_timing_step_start", "note": "MOJOLEARN_TRANSFORMER_TIMING=1; not a timing sample", "t": 1789148292.6514106}
timing step.py_tokens 0.39695200030109845 ms
timing step.py_tokens_bytes 8196 bytes
timing step.bind_scalar_admission 0.004507 ms
timing step.upload_inputs 0.239667 ms
timing step.upload_inputs_bytes 16384 bytes
timing step.unpack_weights 1.196957 ms
timing step.unpack_weights_bytes 648591360 bytes
timing step.embedding_forward 0.080239 ms
timing block.norm1 0.591863 ms
timing attn.qkv_proj 5.826084 ms
timing attn.rope_and_cache 0.124246 ms
timing attn.fwd_regime_scan 0.208582 ms
timing attn.fwd_scratch_alloc 0.050215 ms
timing attn.fwd_r2_kernel 2.060685 ms
timing attn.fwd_corner_flag 0.07395 ms
timing attn.core 2.417898 ms
timing attn.o_proj 1.804443 ms
timing block.attention_total 10.188344 ms
timing block.mlp_and_residuals 15.367154 ms
timing block.norm1 0.606875 ms
timing attn.qkv_proj 5.268582 ms
timing attn.rope_and_cache 0.115132 ms
timing attn.fwd_regime_scan 0.204465 ms
timing attn.fwd_scratch_alloc 0.023686 ms
timing attn.fwd_r2_kernel 2.026184 ms
timing attn.fwd_corner_flag 0.069173 ms
timing attn.core 2.346452 ms
timing attn.o_proj 1.754198 ms
timing block.attention_total 9.500709 ms
timing block.mlp_and_residuals 15.371209 ms
timing block.norm1 0.614647 ms
timing attn.qkv_proj 5.260009 ms
timing attn.rope_and_cache 0.10661 ms
timing attn.fwd_regime_scan 0.196443 ms
timing attn.fwd_scratch_alloc 0.023115 ms
timing attn.fwd_r2_kernel 2.035728 ms
timing attn.fwd_corner_flag 0.06746 ms
timing attn.core 2.345189 ms
timing attn.o_proj 1.765285 ms
timing block.attention_total 9.51502 ms
timing block.mlp_and_residuals 15.395616 ms
timing block.norm1 0.601317 ms
timing attn.qkv_proj 5.267622 ms
timing attn.rope_and_cache 0.119027 ms
timing attn.fwd_regime_scan 0.195261 ms
timing attn.fwd_scratch_alloc 0.022714 ms
timing attn.fwd_r2_kernel 2.033014 ms
timing attn.fwd_corner_flag 0.069774 ms
timing attn.core 2.344399 ms
timing attn.o_proj 1.749581 ms
timing block.attention_total 9.491886 ms
timing block.mlp_and_residuals 15.369767 ms
timing block.norm1 0.608488 ms
timing attn.qkv_proj 5.251106 ms
timing attn.rope_and_cache 0.108141 ms
timing attn.fwd_regime_scan 0.203875 ms
timing attn.fwd_scratch_alloc 0.025708 ms
timing attn.fwd_r2_kernel 2.032734 ms
timing attn.fwd_corner_flag 0.068071 ms
timing attn.core 2.351019 ms
timing attn.o_proj 1.759596 ms
timing block.attention_total 9.489743 ms
timing block.mlp_and_residuals 15.287163 ms
timing block.norm1 0.607277 ms
timing attn.qkv_proj 5.238047 ms
timing attn.rope_and_cache 0.109514 ms
timing attn.fwd_regime_scan 0.196202 ms
timing attn.fwd_scratch_alloc 0.022474 ms
timing attn.fwd_r2_kernel 2.06404 ms
timing attn.fwd_corner_flag 0.070586 ms
timing attn.core 2.376206 ms
timing attn.o_proj 1.768319 ms
timing block.attention_total 9.500898 ms
timing block.mlp_and_residuals 15.359482 ms
timing block.norm1 0.608688 ms
timing attn.qkv_proj 5.253369 ms
timing attn.rope_and_cache 0.111627 ms
timing attn.fwd_regime_scan 0.196363 ms
timing attn.fwd_scratch_alloc 0.022103 ms
timing attn.fwd_r2_kernel 2.037 ms
timing attn.fwd_corner_flag 0.070105 ms
timing attn.core 2.348695 ms
timing attn.o_proj 1.753797 ms
timing block.attention_total 9.477444 ms
timing block.mlp_and_residuals 15.314645 ms
timing block.norm1 0.60271 ms
timing attn.qkv_proj 5.253019 ms
timing attn.rope_and_cache 0.107761 ms
timing attn.fwd_regime_scan 0.19448 ms
timing attn.fwd_scratch_alloc 0.025388 ms
timing attn.fwd_r2_kernel 2.047616 ms
timing attn.fwd_corner_flag 0.066779 ms
timing attn.core 2.356867 ms
timing attn.o_proj 1.778755 ms
timing block.attention_total 9.505786 ms
timing block.mlp_and_residuals 123.376562 ms
timing block.norm1 0.621077 ms
timing attn.qkv_proj 5.276424 ms
timing attn.rope_and_cache 0.121001 ms
timing attn.fwd_regime_scan 0.199417 ms
timing attn.fwd_scratch_alloc 0.02651 ms
timing attn.fwd_r2_kernel 2.048337 ms
timing attn.fwd_corner_flag 0.068081 ms
timing attn.core 2.368354 ms
timing attn.o_proj 1.767488 ms
timing block.attention_total 9.545615 ms
timing block.mlp_and_residuals 15.332202 ms
timing block.norm1 0.618553 ms
timing attn.qkv_proj 5.247832 ms
timing attn.rope_and_cache 0.116514 ms
timing attn.fwd_regime_scan 0.19382 ms
timing attn.fwd_scratch_alloc 0.025117 ms
timing attn.fwd_r2_kernel 2.033425 ms
timing attn.fwd_corner_flag 0.066759 ms
timing attn.core 2.342195 ms
timing attn.o_proj 1.75547 ms
timing block.attention_total 9.470684 ms
timing block.mlp_and_residuals 15.330488 ms
timing block.norm1 0.600226 ms
timing attn.qkv_proj 5.261823 ms
timing attn.rope_and_cache 0.112808 ms
timing attn.fwd_regime_scan 0.193278 ms
timing attn.fwd_scratch_alloc 0.024026 ms
timing attn.fwd_r2_kernel 2.041837 ms
timing attn.fwd_corner_flag 0.071076 ms
timing attn.core 2.354043 ms
timing attn.o_proj 1.778184 ms
timing block.attention_total 9.519416 ms
timing block.mlp_and_residuals 15.34443 ms
timing block.norm1 0.615639 ms
timing attn.qkv_proj 5.271928 ms
timing attn.rope_and_cache 0.108241 ms
timing attn.fwd_regime_scan 0.198276 ms
timing attn.fwd_scratch_alloc 0.021862 ms
timing attn.fwd_r2_kernel 2.025103 ms
timing attn.fwd_corner_flag 0.068572 ms
timing attn.core 2.335997 ms
timing attn.o_proj 1.759535 ms
timing block.attention_total 9.484554 ms
timing block.mlp_and_residuals 15.308436 ms
timing envelope.blocks_forward 414.381157 ms
timing step.head_forward 106.015463 ms
timing step.ce_refuse_scan 0.497533 ms
timing step.ce_refuse_scan_bytes 411705344 bytes
timing step.ce_refuse_scan_download_bytes 8192 bytes
timing step.ce_forward 1.470234 ms
timing step.loss_download 0.053029 ms
timing step.loss_download_bytes 4 bytes
timing step.ce_backward 0.760064 ms
timing step.head_backward_da 218.886749 ms
timing step.head_backward_db 115.190966 ms
timing bwd.before_attention 0.0134 ms
timing attn.bwd_regime_scan 0.275982 ms
timing attn.bwd_scratch_alloc 0.035362 ms
timing attn.bwd_zdot_stash_pf 2.891876 ms
timing attn.bwd_dq_tiled_pf 2.485099 ms
timing attn.bwd_dkdv_tiled_pf 135.764029 ms
timing attn.bwd_corner_flag 0.134801 ms
timing bwd.attention 141.638596 ms
timing bwd.after_attention 12.160517 ms
timing bwd.before_attention 0.015583 ms
timing attn.bwd_regime_scan 0.272036 ms
timing attn.bwd_scratch_alloc 0.026349 ms
timing attn.bwd_zdot_stash_pf 2.832768 ms
timing attn.bwd_dq_tiled_pf 2.47908 ms
timing attn.bwd_dkdv_tiled_pf 25.828395 ms
timing attn.bwd_corner_flag 0.104386 ms
timing bwd.attention 31.586709 ms
timing bwd.after_attention 12.127479 ms
timing bwd.before_attention 0.014171 ms
timing attn.bwd_regime_scan 0.272036 ms
timing attn.bwd_scratch_alloc 0.02641 ms
timing attn.bwd_zdot_stash_pf 2.877033 ms
timing attn.bwd_dq_tiled_pf 2.497488 ms
timing attn.bwd_dkdv_tiled_pf 25.848865 ms
timing attn.bwd_corner_flag 0.101111 ms
timing bwd.attention 31.669823 ms
timing bwd.after_attention 12.117093 ms
timing bwd.before_attention 0.012809 ms
timing attn.bwd_regime_scan 0.272016 ms
timing attn.bwd_scratch_alloc 0.02692 ms
timing attn.bwd_zdot_stash_pf 2.850885 ms
timing attn.bwd_dq_tiled_pf 2.486921 ms
timing attn.bwd_dkdv_tiled_pf 126.568496 ms
timing attn.bwd_corner_flag 0.145768 ms
timing bwd.attention 132.399969 ms
timing bwd.after_attention 12.150973 ms
timing bwd.before_attention 0.01305 ms
timing attn.bwd_regime_scan 0.282522 ms
timing attn.bwd_scratch_alloc 0.027251 ms
timing attn.bwd_zdot_stash_pf 2.862962 ms
timing attn.bwd_dq_tiled_pf 2.494653 ms
timing attn.bwd_dkdv_tiled_pf 25.920293 ms
timing attn.bwd_corner_flag 0.102412 ms
timing bwd.attention 31.736923 ms
timing bwd.after_attention 12.119887 ms
timing bwd.before_attention 0.013961 ms
timing attn.bwd_regime_scan 0.270083 ms
timing attn.bwd_scratch_alloc 0.027632 ms
timing attn.bwd_zdot_stash_pf 2.851705 ms
timing attn.bwd_dq_tiled_pf 2.497197 ms
timing attn.bwd_dkdv_tiled_pf 25.820233 ms
timing attn.bwd_corner_flag 0.104577 ms
timing bwd.attention 31.615512 ms
timing bwd.after_attention 12.118425 ms
timing bwd.before_attention 0.014181 ms
timing attn.bwd_regime_scan 0.28163 ms
timing attn.bwd_scratch_alloc 0.027812 ms
timing attn.bwd_zdot_stash_pf 2.87503 ms
timing attn.bwd_dq_tiled_pf 2.491328 ms
timing attn.bwd_dkdv_tiled_pf 25.961064 ms
timing attn.bwd_corner_flag 0.098326 ms
timing bwd.attention 31.784724 ms
timing bwd.after_attention 115.375042 ms
timing bwd.before_attention 0.014582 ms
timing attn.bwd_regime_scan 0.285956 ms
timing attn.bwd_scratch_alloc 0.027702 ms
timing attn.bwd_zdot_stash_pf 2.838706 ms
timing attn.bwd_dq_tiled_pf 2.487242 ms
timing attn.bwd_dkdv_tiled_pf 25.877428 ms
timing attn.bwd_corner_flag 0.102453 ms
timing bwd.attention 31.665336 ms
timing bwd.after_attention 12.112857 ms
timing bwd.before_attention 0.014282 ms
timing attn.bwd_regime_scan 0.273528 ms
timing attn.bwd_scratch_alloc 0.02641 ms
timing attn.bwd_zdot_stash_pf 2.858516 ms
timing attn.bwd_dq_tiled_pf 2.502754 ms
timing attn.bwd_dkdv_tiled_pf 25.793233 ms
timing attn.bwd_corner_flag 0.103675 ms
timing bwd.attention 31.605566 ms
timing bwd.after_attention 12.113028 ms
timing bwd.before_attention 0.014131 ms
timing attn.bwd_regime_scan 0.270433 ms
timing attn.bwd_scratch_alloc 0.026179 ms
timing attn.bwd_zdot_stash_pf 2.852257 ms
timing attn.bwd_dq_tiled_pf 2.486711 ms
timing attn.bwd_dkdv_tiled_pf 25.982736 ms
timing attn.bwd_corner_flag 0.097585 ms
timing bwd.attention 31.764454 ms
timing bwd.after_attention 12.112607 ms
timing bwd.before_attention 0.01329 ms
timing attn.bwd_regime_scan 0.274269 ms
timing attn.bwd_scratch_alloc 0.028382 ms
timing attn.bwd_zdot_stash_pf 2.831576 ms
timing attn.bwd_dq_tiled_pf 2.500161 ms
timing attn.bwd_dkdv_tiled_pf 25.939822 ms
timing attn.bwd_corner_flag 0.106879 ms
timing bwd.attention 31.737935 ms
timing bwd.after_attention 12.119476 ms
timing bwd.before_attention 0.013069 ms
timing attn.bwd_regime_scan 0.273348 ms
timing attn.bwd_scratch_alloc 0.028372 ms
timing attn.bwd_zdot_stash_pf 2.856062 ms
timing attn.bwd_dq_tiled_pf 2.498038 ms
timing attn.bwd_dkdv_tiled_pf 25.881885 ms
timing attn.bwd_corner_flag 0.105127 ms
timing bwd.attention 31.705366 ms
timing bwd.after_attention 12.070503 ms
timing envelope.blocks_backward 1350.012075 ms
timing step.embedding_backward 8.104946 ms
timing step.pack_grads 1.143877 ms
timing step.pack_grads_bytes 648591360 bytes
timing step.validate_grads_scan 0.613055 ms
timing step.validate_grads_scan_bytes 648591360 bytes
timing step.shadow_copy 1.853927 ms
timing step.shadow_copy_bytes 1945774080 bytes
timing step.opt_refuse_scan 2.497447 ms
timing step.opt_refuse_scan_bytes 2594365440 bytes
timing step.opt_refuse_scan_download_bytes 0 bytes
timing step.optimizer 1.714519 ms
timing step.validate_after_scan 2.858966 ms
timing step.validate_after_scan_bytes 2594365440 bytes
timing step.bind_final_sync 0.001412 ms
timing step.bind_publish 0.007081 ms
timing step.bind_publish_bytes 444 bytes
timing envelope.native_call 2228.050125999289 ms
timing step.py_flags 0.16366400086553767 ms
timing step.py_flags_bytes 440 bytes
{"event": "component_timing_step_end", "seconds": 2.2287808359997143, "t": 1789148294.8803408}
