745 external/tcmalloc+/tcmalloc/internal/system_allocator.h:713] Warning: Unable to mbind memory (errno=1, base=0x19ba00000000, nodemask=2)
=== attention step price, mode IDENTICAL, column nvidia, generator shape B1_L1536_nh12_nkv12_hd64_win0 (a file: kind carries its own shape)
trial_hook=True phase_timers_built=False
DEFAULT column=nvidia arm=stash_tiled_fgrid_r32_qres_pf_estash_dres_kvgrid_r32_bswz source=kernel_matrix.attn_default_arm_for baseline_is_default=True candidate_is_default=True baseline_requested=default candidate_requested=default
baseline=stash_tiled_fgrid_r32_qres_pf_estash_dres_kvgrid_r32_bswz candidate=stash_tiled_fgrid_r32_qres_pf_estash_dres_kvgrid_r32_bswz rounds=15 warmups=4
PATH baseline arm=stash_tiled_fgrid_r32_qres_pf_estash_dres_kvgrid_r32_bswz is_default=True resolved_hd64=stash_tiled_fgrid_r32_qres_pf_estash_dres_kvgrid_r32_bswz zdot_rows=- fwd_rows=32 preflush=True reach_bit=sabotage_new kv_keys=32 kv_split=False zsched=- estash=estash_dres bswz=bswz
PATH candidate arm=stash_tiled_fgrid_r32_qres_pf_estash_dres_kvgrid_r32_bswz is_default=True resolved_hd64=stash_tiled_fgrid_r32_qres_pf_estash_dres_kvgrid_r32_bswz zdot_rows=- fwd_rows=32 preflush=True reach_bit=sabotage_new kv_keys=32 kv_split=False zsched=- estash=estash_dres bswz=bswz
--- kind hashed
shape=B1_L1536_nh12_nkv12_hd64_win0 visible_cells=14164992 S=1536 key_lo=0 pos0=0
RAN hashed stash_tiled_fgrid_r32_qres_pf_estash_dres_kvgrid_r32_bswz forward=fwd_sstash_fgrid_r32_qres_pf backward=bwd_stash_tiled_pf_estash_dres_kvgrid_r32_bswz
DIGEST hashed stash_tiled_fgrid_r32_qres_pf_estash_dres_kvgrid_r32_bswz ctx 8cec02c06c585381 amax 41ffa4a5c89bf469 denom ac360f2fe5b0bc52 zdot 9a052b2a58559e76 dq aaf5a7b5dd68e3e0 dk 4e9bcd7210d5c669 dv 08d9e2e78552cfb0
DIGEST hashed eager ctx 8cec02c06c585381 amax 41ffa4a5c89bf469 denom ac360f2fe5b0bc52 zdot 9a052b2a58559e76 dq aaf5a7b5dd68e3e0 dk 4e9bcd7210d5c669 dv 08d9e2e78552cfb0
BITS hashed stash_tiled_fgrid_r32_qres_pf_estash_dres_kvgrid_r32_bswz_vs_eager ctx MATCH 0 of 1179648
BITS hashed stash_tiled_fgrid_r32_qres_pf_estash_dres_kvgrid_r32_bswz_vs_eager amax MATCH 0 of 18432
BITS hashed stash_tiled_fgrid_r32_qres_pf_estash_dres_kvgrid_r32_bswz_vs_eager denom MATCH 0 of 18432
BITS hashed stash_tiled_fgrid_r32_qres_pf_estash_dres_kvgrid_r32_bswz_vs_eager zdot MATCH 0 of 18432
BITS hashed stash_tiled_fgrid_r32_qres_pf_estash_dres_kvgrid_r32_bswz_vs_eager dq MATCH 0 of 1179648
BITS hashed stash_tiled_fgrid_r32_qres_pf_estash_dres_kvgrid_r32_bswz_vs_eager dk MATCH 0 of 1179648
BITS hashed stash_tiled_fgrid_r32_qres_pf_estash_dres_kvgrid_r32_bswz_vs_eager dv MATCH 0 of 1179648
RAN hashed stash_tiled_fgrid_r32_qres_pf_estash_dres_kvgrid_r32_bswz forward=fwd_sstash_fgrid_r32_qres_pf backward=bwd_stash_tiled_pf_estash_dres_kvgrid_r32_bswz
DIGEST hashed stash_tiled_fgrid_r32_qres_pf_estash_dres_kvgrid_r32_bswz ctx 8cec02c06c585381 amax 41ffa4a5c89bf469 denom ac360f2fe5b0bc52 zdot 9a052b2a58559e76 dq aaf5a7b5dd68e3e0 dk 4e9bcd7210d5c669 dv 08d9e2e78552cfb0
BITS hashed stash_tiled_fgrid_r32_qres_pf_estash_dres_kvgrid_r32_bswz_vs_stash_tiled_fgrid_r32_qres_pf_estash_dres_kvgrid_r32_bswz ctx MATCH 0 of 1179648
BITS hashed stash_tiled_fgrid_r32_qres_pf_estash_dres_kvgrid_r32_bswz_vs_stash_tiled_fgrid_r32_qres_pf_estash_dres_kvgrid_r32_bswz amax MATCH 0 of 18432
BITS hashed stash_tiled_fgrid_r32_qres_pf_estash_dres_kvgrid_r32_bswz_vs_stash_tiled_fgrid_r32_qres_pf_estash_dres_kvgrid_r32_bswz denom MATCH 0 of 18432
BITS hashed stash_tiled_fgrid_r32_qres_pf_estash_dres_kvgrid_r32_bswz_vs_stash_tiled_fgrid_r32_qres_pf_estash_dres_kvgrid_r32_bswz zdot MATCH 0 of 18432
BITS hashed stash_tiled_fgrid_r32_qres_pf_estash_dres_kvgrid_r32_bswz_vs_stash_tiled_fgrid_r32_qres_pf_estash_dres_kvgrid_r32_bswz dq MATCH 0 of 1179648
BITS hashed stash_tiled_fgrid_r32_qres_pf_estash_dres_kvgrid_r32_bswz_vs_stash_tiled_fgrid_r32_qres_pf_estash_dres_kvgrid_r32_bswz dk MATCH 0 of 1179648
BITS hashed stash_tiled_fgrid_r32_qres_pf_estash_dres_kvgrid_r32_bswz_vs_stash_tiled_fgrid_r32_qres_pf_estash_dres_kvgrid_r32_bswz dv MATCH 0 of 1179648
PRICE attention stash_tiled_fgrid_r32_qres_pf_estash_dres_kvgrid_r32_bswz fwd hashed 0.598589 ms
PRICE attention stash_tiled_fgrid_r32_qres_pf_estash_dres_kvgrid_r32_bswz fwdbwd hashed 2.280304 ms
PRICE attention stash_tiled_fgrid_r32_qres_pf_estash_dres_kvgrid_r32_bswz fwd hashed 0.594423 ms
PRICE attention stash_tiled_fgrid_r32_qres_pf_estash_dres_kvgrid_r32_bswz fwdbwd hashed 2.276339 ms
PRICE attention stash_tiled_fgrid_r32_qres_pf_estash_dres_kvgrid_r32_bswz fwd hashed 0.596485 ms
PRICE attention stash_tiled_fgrid_r32_qres_pf_estash_dres_kvgrid_r32_bswz fwdbwd hashed 2.273334 ms
PRICE attention stash_tiled_fgrid_r32_qres_pf_estash_dres_kvgrid_r32_bswz fwd hashed 0.591658 ms
PRICE attention stash_tiled_fgrid_r32_qres_pf_estash_dres_kvgrid_r32_bswz fwdbwd hashed 2.281196 ms
PRICE attention stash_tiled_fgrid_r32_qres_pf_estash_dres_kvgrid_r32_bswz fwd hashed 0.595003 ms
PRICE attention stash_tiled_fgrid_r32_qres_pf_estash_dres_kvgrid_r32_bswz fwdbwd hashed 2.274155 ms
PRICE attention stash_tiled_fgrid_r32_qres_pf_estash_dres_kvgrid_r32_bswz fwd hashed 0.593932 ms
PRICE attention stash_tiled_fgrid_r32_qres_pf_estash_dres_kvgrid_r32_bswz fwdbwd hashed 2.278492 ms
PRICE attention stash_tiled_fgrid_r32_qres_pf_estash_dres_kvgrid_r32_bswz fwd hashed 0.600412 ms
PRICE attention stash_tiled_fgrid_r32_qres_pf_estash_dres_kvgrid_r32_bswz fwdbwd hashed 2.278833 ms
PRICE attention stash_tiled_fgrid_r32_qres_pf_estash_dres_kvgrid_r32_bswz fwd hashed 0.597758 ms
PRICE attention stash_tiled_fgrid_r32_qres_pf_estash_dres_kvgrid_r32_bswz fwdbwd hashed 2.285763 ms
PRICE attention stash_tiled_fgrid_r32_qres_pf_estash_dres_kvgrid_r32_bswz fwd hashed 0.595814 ms
PRICE attention stash_tiled_fgrid_r32_qres_pf_estash_dres_kvgrid_r32_bswz fwdbwd hashed 2.279594 ms
PRICE attention stash_tiled_fgrid_r32_qres_pf_estash_dres_kvgrid_r32_bswz fwd hashed 0.596486 ms
PRICE attention stash_tiled_fgrid_r32_qres_pf_estash_dres_kvgrid_r32_bswz fwdbwd hashed 2.28392 ms
PRICE attention stash_tiled_fgrid_r32_qres_pf_estash_dres_kvgrid_r32_bswz fwd hashed 0.596306 ms
PRICE attention stash_tiled_fgrid_r32_qres_pf_estash_dres_kvgrid_r32_bswz fwdbwd hashed 2.288007 ms
PRICE attention stash_tiled_fgrid_r32_qres_pf_estash_dres_kvgrid_r32_bswz fwd hashed 0.601233 ms
PRICE attention stash_tiled_fgrid_r32_qres_pf_estash_dres_kvgrid_r32_bswz fwdbwd hashed 2.278742 ms
PRICE attention stash_tiled_fgrid_r32_qres_pf_estash_dres_kvgrid_r32_bswz fwd hashed 0.594412 ms
PRICE attention stash_tiled_fgrid_r32_qres_pf_estash_dres_kvgrid_r32_bswz fwdbwd hashed 2.284531 ms
PRICE attention stash_tiled_fgrid_r32_qres_pf_estash_dres_kvgrid_r32_bswz fwd hashed 0.600853 ms
PRICE attention stash_tiled_fgrid_r32_qres_pf_estash_dres_kvgrid_r32_bswz fwdbwd hashed 2.280565 ms
PRICE attention stash_tiled_fgrid_r32_qres_pf_estash_dres_kvgrid_r32_bswz fwd hashed 0.59325 ms
PRICE attention stash_tiled_fgrid_r32_qres_pf_estash_dres_kvgrid_r32_bswz fwdbwd hashed 2.278392 ms
PRICE attention stash_tiled_fgrid_r32_qres_pf_estash_dres_kvgrid_r32_bswz fwd hashed 0.597498 ms
PRICE attention stash_tiled_fgrid_r32_qres_pf_estash_dres_kvgrid_r32_bswz fwdbwd hashed 2.276389 ms
PRICE attention stash_tiled_fgrid_r32_qres_pf_estash_dres_kvgrid_r32_bswz fwd hashed 0.594603 ms
PRICE attention stash_tiled_fgrid_r32_qres_pf_estash_dres_kvgrid_r32_bswz fwdbwd hashed 2.288326 ms
PRICE attention stash_tiled_fgrid_r32_qres_pf_estash_dres_kvgrid_r32_bswz fwd hashed 0.596075 ms
PRICE attention stash_tiled_fgrid_r32_qres_pf_estash_dres_kvgrid_r32_bswz fwdbwd hashed 2.286714 ms
PRICE attention stash_tiled_fgrid_r32_qres_pf_estash_dres_kvgrid_r32_bswz fwd hashed 0.597457 ms
PRICE attention stash_tiled_fgrid_r32_qres_pf_estash_dres_kvgrid_r32_bswz fwdbwd hashed 2.292142 ms
PRICE attention stash_tiled_fgrid_r32_qres_pf_estash_dres_kvgrid_r32_bswz fwd hashed 0.59945 ms
PRICE attention stash_tiled_fgrid_r32_qres_pf_estash_dres_kvgrid_r32_bswz fwdbwd hashed 2.285532 ms
PRICE attention stash_tiled_fgrid_r32_qres_pf_estash_dres_kvgrid_r32_bswz fwd hashed 0.59943 ms
PRICE attention stash_tiled_fgrid_r32_qres_pf_estash_dres_kvgrid_r32_bswz fwdbwd hashed 2.288067 ms
PRICE attention stash_tiled_fgrid_r32_qres_pf_estash_dres_kvgrid_r32_bswz fwd hashed 0.600322 ms
PRICE attention stash_tiled_fgrid_r32_qres_pf_estash_dres_kvgrid_r32_bswz fwdbwd hashed 2.29047 ms
PRICE attention stash_tiled_fgrid_r32_qres_pf_estash_dres_kvgrid_r32_bswz fwd hashed 0.600492 ms
PRICE attention stash_tiled_fgrid_r32_qres_pf_estash_dres_kvgrid_r32_bswz fwdbwd hashed 2.293725 ms
PRICE attention stash_tiled_fgrid_r32_qres_pf_estash_dres_kvgrid_r32_bswz fwd hashed 0.600181 ms
PRICE attention stash_tiled_fgrid_r32_qres_pf_estash_dres_kvgrid_r32_bswz fwdbwd hashed 2.284571 ms
PRICE attention stash_tiled_fgrid_r32_qres_pf_estash_dres_kvgrid_r32_bswz fwd hashed 0.602385 ms
PRICE attention stash_tiled_fgrid_r32_qres_pf_estash_dres_kvgrid_r32_bswz fwdbwd hashed 2.28405 ms
PRICE attention stash_tiled_fgrid_r32_qres_pf_estash_dres_kvgrid_r32_bswz fwd hashed 0.604588 ms
PRICE attention stash_tiled_fgrid_r32_qres_pf_estash_dres_kvgrid_r32_bswz fwdbwd hashed 2.287015 ms
PRICE attention stash_tiled_fgrid_r32_qres_pf_estash_dres_kvgrid_r32_bswz fwd hashed 0.597116 ms
PRICE attention stash_tiled_fgrid_r32_qres_pf_estash_dres_kvgrid_r32_bswz fwdbwd hashed 2.286994 ms
PRICE attention stash_tiled_fgrid_r32_qres_pf_estash_dres_kvgrid_r32_bswz fwd hashed 0.597608 ms
PRICE attention stash_tiled_fgrid_r32_qres_pf_estash_dres_kvgrid_r32_bswz fwdbwd hashed 2.287756 ms
PRICE attention stash_tiled_fgrid_r32_qres_pf_estash_dres_kvgrid_r32_bswz fwd hashed 0.599119 ms
PRICE attention stash_tiled_fgrid_r32_qres_pf_estash_dres_kvgrid_r32_bswz fwdbwd hashed 2.294446 ms
PRICE attention stash_tiled_fgrid_r32_qres_pf_estash_dres_kvgrid_r32_bswz fwd hashed 0.604278 ms
PRICE attention stash_tiled_fgrid_r32_qres_pf_estash_dres_kvgrid_r32_bswz fwdbwd hashed 2.288447 ms
TABLE kind=hashed shape=B1_L1536_nh12_nkv12_hd64_win0 column=nvidia default_arm=stash_tiled_fgrid_r32_qres_pf_estash_dres_kvgrid_r32_bswz visible_cells=14164992 (useful flops: fwd 4*cells*hd, bwd 10*cells*hd; executed multiplier of the shipped kernels: fwd dots 3 of 2 contractions, bwd dots 6 of 5)
TABLE arm | fwd median ms | fwd useful TFLOP/s | fwd+bwd median ms | bwd (derived) ms | bwd useful TFLOP/s | fwd ratio | fwd+bwd ratio
TABLE stash_tiled_fgrid_r32_qres_pf_estash_dres_kvgrid_r32_bswz | 0.597758 | 6.066398027295327 | 2.284531 | 1.6867729999999999 | 5.3745197960840025 | 1.0 | 1.0
TABLE stash_tiled_fgrid_r32_qres_pf_estash_dres_kvgrid_r32_bswz | 0.597116 | 6.072920424172188 | 2.286714 | 1.689598 | 5.36553362397446 | 1.0010751679740622 | 0.9990453550378403
attention_step_price: PASS (stash_tiled_fgrid_r32_qres_pf_estash_dres_kvgrid_r32_bswz vs stash_tiled_fgrid_r32_qres_pf_estash_dres_kvgrid_r32_bswz)
