777 external/tcmalloc+/tcmalloc/internal/system_allocator.h:713] Warning: Unable to mbind memory (errno=1, base=0x197c80000000, nodemask=2)
=== attention step price, mode IDENTICAL, column nvidia, generator shape B1_L2048_nh12_nkv12_hd64_win512 (a file: kind carries its own shape)
trial_hook=True phase_timers_built=False
DEFAULT column=nvidia arm=stash_tiled_fgrid_r32_qres_pf_estash_dres_kvgrid_r32_bswz source=kernel_matrix.attn_default_arm_for baseline_is_default=True candidate_is_default=True baseline_requested=default candidate_requested=default
baseline=stash_tiled_fgrid_r32_qres_pf_estash_dres_kvgrid_r32_bswz candidate=stash_tiled_fgrid_r32_qres_pf_estash_dres_kvgrid_r32_bswz rounds=15 warmups=4
PATH baseline arm=stash_tiled_fgrid_r32_qres_pf_estash_dres_kvgrid_r32_bswz is_default=True resolved_hd64=stash_tiled_fgrid_r32_qres_pf_estash_dres_kvgrid_r32_bswz zdot_rows=- fwd_rows=32 preflush=True reach_bit=sabotage_new kv_keys=32 kv_split=False zsched=- estash=estash_dres bswz=bswz
PATH candidate arm=stash_tiled_fgrid_r32_qres_pf_estash_dres_kvgrid_r32_bswz is_default=True resolved_hd64=stash_tiled_fgrid_r32_qres_pf_estash_dres_kvgrid_r32_bswz zdot_rows=- fwd_rows=32 preflush=True reach_bit=sabotage_new kv_keys=32 kv_split=False zsched=- estash=estash_dres bswz=bswz
--- kind hashed
shape=B1_L2048_nh12_nkv12_hd64_win512 visible_cells=11013120 S=2048 key_lo=0 pos0=0
RAN hashed stash_tiled_fgrid_r32_qres_pf_estash_dres_kvgrid_r32_bswz forward=fwd_sstash_fgrid_r32_qres_pf backward=bwd_stash_tiled_pf_estash_dres_kvgrid_r32_bswz
DIGEST hashed stash_tiled_fgrid_r32_qres_pf_estash_dres_kvgrid_r32_bswz ctx 0632c019ab1a5fc6 amax 7718ca748785db44 denom 3ce93b2ebdced525 zdot 5ccdf84928d62ac1 dq 9ec373f2237e4ec3 dk 2fb4646b51b15787 dv cebeb336e65b0822
DIGEST hashed eager ctx 0632c019ab1a5fc6 amax 7718ca748785db44 denom 3ce93b2ebdced525 zdot 5ccdf84928d62ac1 dq 9ec373f2237e4ec3 dk 2fb4646b51b15787 dv cebeb336e65b0822
BITS hashed stash_tiled_fgrid_r32_qres_pf_estash_dres_kvgrid_r32_bswz_vs_eager ctx MATCH 0 of 1572864
BITS hashed stash_tiled_fgrid_r32_qres_pf_estash_dres_kvgrid_r32_bswz_vs_eager amax MATCH 0 of 24576
BITS hashed stash_tiled_fgrid_r32_qres_pf_estash_dres_kvgrid_r32_bswz_vs_eager denom MATCH 0 of 24576
BITS hashed stash_tiled_fgrid_r32_qres_pf_estash_dres_kvgrid_r32_bswz_vs_eager zdot MATCH 0 of 24576
BITS hashed stash_tiled_fgrid_r32_qres_pf_estash_dres_kvgrid_r32_bswz_vs_eager dq MATCH 0 of 1572864
BITS hashed stash_tiled_fgrid_r32_qres_pf_estash_dres_kvgrid_r32_bswz_vs_eager dk MATCH 0 of 1572864
BITS hashed stash_tiled_fgrid_r32_qres_pf_estash_dres_kvgrid_r32_bswz_vs_eager dv MATCH 0 of 1572864
RAN hashed stash_tiled_fgrid_r32_qres_pf_estash_dres_kvgrid_r32_bswz forward=fwd_sstash_fgrid_r32_qres_pf backward=bwd_stash_tiled_pf_estash_dres_kvgrid_r32_bswz
DIGEST hashed stash_tiled_fgrid_r32_qres_pf_estash_dres_kvgrid_r32_bswz ctx 0632c019ab1a5fc6 amax 7718ca748785db44 denom 3ce93b2ebdced525 zdot 5ccdf84928d62ac1 dq 9ec373f2237e4ec3 dk 2fb4646b51b15787 dv cebeb336e65b0822
BITS hashed stash_tiled_fgrid_r32_qres_pf_estash_dres_kvgrid_r32_bswz_vs_stash_tiled_fgrid_r32_qres_pf_estash_dres_kvgrid_r32_bswz ctx MATCH 0 of 1572864
BITS hashed stash_tiled_fgrid_r32_qres_pf_estash_dres_kvgrid_r32_bswz_vs_stash_tiled_fgrid_r32_qres_pf_estash_dres_kvgrid_r32_bswz amax MATCH 0 of 24576
BITS hashed stash_tiled_fgrid_r32_qres_pf_estash_dres_kvgrid_r32_bswz_vs_stash_tiled_fgrid_r32_qres_pf_estash_dres_kvgrid_r32_bswz denom MATCH 0 of 24576
BITS hashed stash_tiled_fgrid_r32_qres_pf_estash_dres_kvgrid_r32_bswz_vs_stash_tiled_fgrid_r32_qres_pf_estash_dres_kvgrid_r32_bswz zdot MATCH 0 of 24576
BITS hashed stash_tiled_fgrid_r32_qres_pf_estash_dres_kvgrid_r32_bswz_vs_stash_tiled_fgrid_r32_qres_pf_estash_dres_kvgrid_r32_bswz dq MATCH 0 of 1572864
BITS hashed stash_tiled_fgrid_r32_qres_pf_estash_dres_kvgrid_r32_bswz_vs_stash_tiled_fgrid_r32_qres_pf_estash_dres_kvgrid_r32_bswz dk MATCH 0 of 1572864
BITS hashed stash_tiled_fgrid_r32_qres_pf_estash_dres_kvgrid_r32_bswz_vs_stash_tiled_fgrid_r32_qres_pf_estash_dres_kvgrid_r32_bswz dv MATCH 0 of 1572864
PRICE attention stash_tiled_fgrid_r32_qres_pf_estash_dres_kvgrid_r32_bswz fwd hashed 0.583737 ms
PRICE attention stash_tiled_fgrid_r32_qres_pf_estash_dres_kvgrid_r32_bswz fwdbwd hashed 1.807355 ms
PRICE attention stash_tiled_fgrid_r32_qres_pf_estash_dres_kvgrid_r32_bswz fwd hashed 0.586281 ms
PRICE attention stash_tiled_fgrid_r32_qres_pf_estash_dres_kvgrid_r32_bswz fwdbwd hashed 1.802287 ms
PRICE attention stash_tiled_fgrid_r32_qres_pf_estash_dres_kvgrid_r32_bswz fwd hashed 0.583977 ms
PRICE attention stash_tiled_fgrid_r32_qres_pf_estash_dres_kvgrid_r32_bswz fwdbwd hashed 1.799322 ms
PRICE attention stash_tiled_fgrid_r32_qres_pf_estash_dres_kvgrid_r32_bswz fwd hashed 0.583797 ms
PRICE attention stash_tiled_fgrid_r32_qres_pf_estash_dres_kvgrid_r32_bswz fwdbwd hashed 1.796979 ms
PRICE attention stash_tiled_fgrid_r32_qres_pf_estash_dres_kvgrid_r32_bswz fwd hashed 0.585399 ms
PRICE attention stash_tiled_fgrid_r32_qres_pf_estash_dres_kvgrid_r32_bswz fwdbwd hashed 1.802297 ms
PRICE attention stash_tiled_fgrid_r32_qres_pf_estash_dres_kvgrid_r32_bswz fwd hashed 0.584318 ms
PRICE attention stash_tiled_fgrid_r32_qres_pf_estash_dres_kvgrid_r32_bswz fwdbwd hashed 1.800674 ms
PRICE attention stash_tiled_fgrid_r32_qres_pf_estash_dres_kvgrid_r32_bswz fwd hashed 0.582525 ms
PRICE attention stash_tiled_fgrid_r32_qres_pf_estash_dres_kvgrid_r32_bswz fwdbwd hashed 1.805812 ms
PRICE attention stash_tiled_fgrid_r32_qres_pf_estash_dres_kvgrid_r32_bswz fwd hashed 0.582154 ms
PRICE attention stash_tiled_fgrid_r32_qres_pf_estash_dres_kvgrid_r32_bswz fwdbwd hashed 1.800975 ms
PRICE attention stash_tiled_fgrid_r32_qres_pf_estash_dres_kvgrid_r32_bswz fwd hashed 0.585219 ms
PRICE attention stash_tiled_fgrid_r32_qres_pf_estash_dres_kvgrid_r32_bswz fwdbwd hashed 1.806263 ms
PRICE attention stash_tiled_fgrid_r32_qres_pf_estash_dres_kvgrid_r32_bswz fwd hashed 0.582415 ms
PRICE attention stash_tiled_fgrid_r32_qres_pf_estash_dres_kvgrid_r32_bswz fwdbwd hashed 1.807875 ms
PRICE attention stash_tiled_fgrid_r32_qres_pf_estash_dres_kvgrid_r32_bswz fwd hashed 0.582865 ms
PRICE attention stash_tiled_fgrid_r32_qres_pf_estash_dres_kvgrid_r32_bswz fwdbwd hashed 1.801546 ms
PRICE attention stash_tiled_fgrid_r32_qres_pf_estash_dres_kvgrid_r32_bswz fwd hashed 0.585198 ms
PRICE attention stash_tiled_fgrid_r32_qres_pf_estash_dres_kvgrid_r32_bswz fwdbwd hashed 1.799623 ms
PRICE attention stash_tiled_fgrid_r32_qres_pf_estash_dres_kvgrid_r32_bswz fwd hashed 0.586972 ms
PRICE attention stash_tiled_fgrid_r32_qres_pf_estash_dres_kvgrid_r32_bswz fwdbwd hashed 1.801556 ms
PRICE attention stash_tiled_fgrid_r32_qres_pf_estash_dres_kvgrid_r32_bswz fwd hashed 0.583987 ms
PRICE attention stash_tiled_fgrid_r32_qres_pf_estash_dres_kvgrid_r32_bswz fwdbwd hashed 1.797951 ms
PRICE attention stash_tiled_fgrid_r32_qres_pf_estash_dres_kvgrid_r32_bswz fwd hashed 0.583145 ms
PRICE attention stash_tiled_fgrid_r32_qres_pf_estash_dres_kvgrid_r32_bswz fwdbwd hashed 1.80426 ms
PRICE attention stash_tiled_fgrid_r32_qres_pf_estash_dres_kvgrid_r32_bswz fwd hashed 0.581884 ms
PRICE attention stash_tiled_fgrid_r32_qres_pf_estash_dres_kvgrid_r32_bswz fwdbwd hashed 1.801175 ms
PRICE attention stash_tiled_fgrid_r32_qres_pf_estash_dres_kvgrid_r32_bswz fwd hashed 0.584308 ms
PRICE attention stash_tiled_fgrid_r32_qres_pf_estash_dres_kvgrid_r32_bswz fwdbwd hashed 1.826584 ms
PRICE attention stash_tiled_fgrid_r32_qres_pf_estash_dres_kvgrid_r32_bswz fwd hashed 0.585369 ms
PRICE attention stash_tiled_fgrid_r32_qres_pf_estash_dres_kvgrid_r32_bswz fwdbwd hashed 1.800834 ms
PRICE attention stash_tiled_fgrid_r32_qres_pf_estash_dres_kvgrid_r32_bswz fwd hashed 0.584127 ms
PRICE attention stash_tiled_fgrid_r32_qres_pf_estash_dres_kvgrid_r32_bswz fwdbwd hashed 1.806183 ms
PRICE attention stash_tiled_fgrid_r32_qres_pf_estash_dres_kvgrid_r32_bswz fwd hashed 0.584048 ms
PRICE attention stash_tiled_fgrid_r32_qres_pf_estash_dres_kvgrid_r32_bswz fwdbwd hashed 1.803368 ms
PRICE attention stash_tiled_fgrid_r32_qres_pf_estash_dres_kvgrid_r32_bswz fwd hashed 0.583336 ms
PRICE attention stash_tiled_fgrid_r32_qres_pf_estash_dres_kvgrid_r32_bswz fwdbwd hashed 1.794104 ms
PRICE attention stash_tiled_fgrid_r32_qres_pf_estash_dres_kvgrid_r32_bswz fwd hashed 0.587513 ms
PRICE attention stash_tiled_fgrid_r32_qres_pf_estash_dres_kvgrid_r32_bswz fwdbwd hashed 1.799423 ms
PRICE attention stash_tiled_fgrid_r32_qres_pf_estash_dres_kvgrid_r32_bswz fwd hashed 0.583076 ms
PRICE attention stash_tiled_fgrid_r32_qres_pf_estash_dres_kvgrid_r32_bswz fwdbwd hashed 1.80487 ms
PRICE attention stash_tiled_fgrid_r32_qres_pf_estash_dres_kvgrid_r32_bswz fwd hashed 0.583065 ms
PRICE attention stash_tiled_fgrid_r32_qres_pf_estash_dres_kvgrid_r32_bswz fwdbwd hashed 1.805221 ms
PRICE attention stash_tiled_fgrid_r32_qres_pf_estash_dres_kvgrid_r32_bswz fwd hashed 0.586661 ms
PRICE attention stash_tiled_fgrid_r32_qres_pf_estash_dres_kvgrid_r32_bswz fwdbwd hashed 1.810078 ms
PRICE attention stash_tiled_fgrid_r32_qres_pf_estash_dres_kvgrid_r32_bswz fwd hashed 0.587843 ms
PRICE attention stash_tiled_fgrid_r32_qres_pf_estash_dres_kvgrid_r32_bswz fwdbwd hashed 1.796318 ms
PRICE attention stash_tiled_fgrid_r32_qres_pf_estash_dres_kvgrid_r32_bswz fwd hashed 0.584487 ms
PRICE attention stash_tiled_fgrid_r32_qres_pf_estash_dres_kvgrid_r32_bswz fwdbwd hashed 1.795556 ms
PRICE attention stash_tiled_fgrid_r32_qres_pf_estash_dres_kvgrid_r32_bswz fwd hashed 0.584609 ms
PRICE attention stash_tiled_fgrid_r32_qres_pf_estash_dres_kvgrid_r32_bswz fwdbwd hashed 1.802217 ms
PRICE attention stash_tiled_fgrid_r32_qres_pf_estash_dres_kvgrid_r32_bswz fwd hashed 0.587722 ms
PRICE attention stash_tiled_fgrid_r32_qres_pf_estash_dres_kvgrid_r32_bswz fwdbwd hashed 1.799502 ms
PRICE attention stash_tiled_fgrid_r32_qres_pf_estash_dres_kvgrid_r32_bswz fwd hashed 0.585359 ms
PRICE attention stash_tiled_fgrid_r32_qres_pf_estash_dres_kvgrid_r32_bswz fwdbwd hashed 1.809558 ms
TABLE kind=hashed shape=B1_L2048_nh12_nkv12_hd64_win512 column=nvidia default_arm=stash_tiled_fgrid_r32_qres_pf_estash_dres_kvgrid_r32_bswz visible_cells=11013120 (useful flops: fwd 4*cells*hd, bwd 10*cells*hd; executed multiplier of the shipped kernels: fwd dots 3 of 2 contractions, bwd dots 6 of 5)
TABLE arm | fwd median ms | fwd useful TFLOP/s | fwd+bwd median ms | bwd (derived) ms | bwd useful TFLOP/s | fwd ratio | fwd+bwd ratio
TABLE stash_tiled_fgrid_r32_qres_pf_estash_dres_kvgrid_r32_bswz | 0.584308 | 4.82512428376815 | 1.802217 | 1.217909 | 5.787293467738558 | 1.0 | 1.0
TABLE stash_tiled_fgrid_r32_qres_pf_estash_dres_kvgrid_r32_bswz | 0.584127 | 4.826619416667951 | 1.801546 | 1.217419 | 5.789622800367006 | 1.0003098641220147 | 1.0003724578778448
attention_step_price: PASS (stash_tiled_fgrid_r32_qres_pf_estash_dres_kvgrid_r32_bswz vs stash_tiled_fgrid_r32_qres_pf_estash_dres_kvgrid_r32_bswz)
