10958 external/tcmalloc+/tcmalloc/internal/system_allocator.h:713] Warning: Unable to mbind memory (errno=1, base=0x51f980000000, nodemask=1)
{"event": "setup", "schema": "mojolearn.lm-step-memory-probe.v3", "shape": {"batch": 1, "length": 2048, "d_model": 768, "n_heads": 12, "n_kv": 12, "head_dim": 64, "intermediate": 2048, "n_layers": 12, "vocab_size": 50257}, "profile": "mojolearn.byte-lm.b1-l2048-d768-h12-kv12-hd64-ff2048-v50257-blocks12.fp32.v3", "parameters": 162147840, "n_tensors": 110, "tokens_per_step": 2048, "seed": 93261, "budget_seconds": 300.0, "resident": true, "step_result": "lean", "witness_every_step": false, "witness_source": "export_gradients(named=False) + export_state() once after the last untimed step", "corpus": {"path": "training/corpus/pile_github/input.txt", "sha256": "52a5b4c36ab9119c15505331c10e3b23690377d40fbac3e598c7fafe13a324df", "manifest_sha256": "e3f46ca3870913aabd179647f5ab7e66b829c30c3cbcbf4b2862e2790d94cda5", "bytes": 97124565, "source_url": "https://huggingface.co/datasets/monology/pile-uncopyrighted/resolve/3be90335b66f24456a5d6659d9c8d208c0357119/val.jsonl.zst", "schedule": "step k row b: bytes[(k*batch*length + b*length) % (bytes - length - 1) : +length+1] as int32; targets shifted one byte"}, "attention_arm": "stash_tiled_fgrid_r32_qres_pf_estash_dres_kvgrid_r32", "attention_arm_source": "binding", "attention_arm_requested": "stash_tiled_fgrid_r32_qres_pf_estash_dres_kvgrid_r32", "attention_arm_default": "stash_tiled_fgrid_r32_qres_pf_kvgrid_r32", "attention_arm_is_default": false, "attention_arm_resolved_hd64": "stash_tiled_fgrid_r32_qres_pf_estash_dres_kvgrid_r32", "attention_arm_trial_build": true, "gemm_arm": null, "gemm_plan": null, "gemm_arm_requested": null, "attention_path_requested": null, "numeric_mode_env": "identical", "runtime": {"binding_file": "/root/mojolearn/python/mojolearn/identical/_mojolearn_byte_lm.so", "binding_sha256": "ceab2ccb7efb7c5406c85a8a6817e41367f400d7cd56a1ad0a07b5db6edb7aa3", "native_attention_arm": {"arm": "stash_tiled_fgrid_r32_qres_pf_estash_dres_kvgrid_r32", "default": "stash_tiled_fgrid_r32_qres_pf_kvgrid_r32", "resolved_hd64": "stash_tiled_fgrid_r32_qres_pf_estash_dres_kvgrid_r32", "trial_build": true}, "native_numeric_mode": 1, "native_profile": "mojolearn.byte-lm.b2-l32-d32-h4-kv2-ff64-v256-blocks2.fp32.v1", "native_vendor": "cuda", "source_scope": "available direct source files; binding SHA identifies the compiled artifact", "source_sha256": {"bindings/_mojolearn_byte_lm.mojo": "786418d31745f38bd877751b665ef4a89fbf0cbdae575abb72577cf5ee93d450", "loaded_python_wrapper": "cecb608af66a256d207b1587bdbde09fb7b23488f837a22ac7b0f649f6a5e34f", "python/mojolearn/_byte_lm_config.py": "440ca11e33cfed741c8a812a8dac74ad4e938ab8e16f84ed2af5b61d3fbe56b8", "python/mojolearn/_byte_lm_impl.py": "cecb608af66a256d207b1587bdbde09fb7b23488f837a22ac7b0f649f6a5e34f", "python/mojolearn/language_model.py": "5443f4ef30d859097dee63e380dff801dfd8a088894576348905f3df215e11fd", "training/byte_lm.mojo": "8daf77ec323a458e0aa8ede1c00973f5c1b03257a34c32ebb73112d245156712", "training/byte_lm_config.mojo": "a620c17cff6cbe5f96097609105acf774a732b72aa118d342bfbbe5e084d8606"}, "schema": "small-byte-lm.run-metadata.v1", "qualification": "authored/unqualified", "profile": "mojolearn.byte-lm.b1-l2048-d768-h12-kv12-hd64-ff2048-v50257-blocks12.fp32.v3", "device_state_lifetime": "resident", "step_result": "lean", "last_export_step": 0, "config": {"lr": 0.0010000000474974513, "beta1": 0.8999999761581421, "beta2": 0.9990000128746033, "eps": 9.99999993922529e-09, "weight_decay": 0.009999999776482582, "kind": 2, "momentum": 0.0, "dampening": 0.0, "nesterov": false, "max_norm": 0.0}, "data_schedule": {"batches": "pinned corpus 52a5b4c36ab9119c15505331c10e3b23690377d40fbac3e598c7fafe13a324df", "fixture": "lm step memory probe", "seed": 93261}, "completed_steps": 0, "next_batch_index": 0}, "initial_parameters_sha256": "0e36d8d036d8c4cf9704babd096061006e48071187c793c6ee471e05b449572e", "host_before_first_call": {"vm_rss_bytes": 2775375872, "vm_hwm_bytes": 3422535680, "ru_maxrss_bytes": 3422535680, "boundary": "process host memory (Python + native + pinned staging); not device memory"}, "device_tool": "nvidia-smi", "qualification": "complete-step probe at the named shape; not an opponent ratio, not a default gate", "t": 1789164940.121762}
{"event": "step_start", "step": 1, "first_call_includes_setup": true, "ids_sha256": "7626015c8a8cb90b13e0d44eff53262a36025184a4adfb88591a93ba18857518", "t": 1789164940.122115}
10958 external/tcmalloc+/tcmalloc/internal/system_allocator.h:713] Warning: Unable to mbind memory (errno=1, base=0x7aa300000000, nodemask=2)
10958 external/tcmalloc+/tcmalloc/internal/system_allocator.h:713] Warning: Unable to mbind memory (errno=1, base=0x7aa340000000, nodemask=2)
10958 external/tcmalloc+/tcmalloc/internal/system_allocator.h:713] Warning: Unable to mbind memory (errno=1, base=0x7aa380000000, nodemask=2)
{"event": "step_end", "step": 1, "seconds": 12.156095433980227, "tokens_per_second": 168.47514986392557, "first_call_includes_setup": true, "timing_boundary": "public train_step call; native binding synchronizes the context before publishing outputs; includes host readbacks, validation and gradient copies", "step_result": "lean", "witnessed": false, "witness_export_seconds": null, "loss": 11.12025260925293, "sha256": {"loss": "fb1bfea4e8daa3b31227ff49a404e36a58fe27b98856af4d27a24872b0e9abf2"}, "completed_steps": 1, "host": {"vm_rss_bytes": 2388811776, "vm_hwm_bytes": 8216289280, "ru_maxrss_bytes": 8216289280, "boundary": "process host memory (Python + native + pinned staging); not device memory"}, "device": {"tool": "nvidia-smi", "peak_process_bytes": 15615393792, "peak_device_bytes": 14821621760, "device_total_bytes": 85520809984, "sample_interval_seconds": 0.2, "samples_total": 32, "errors_total": 0, "boundary": "vendor tool polled at the interval; peaks shorter than one interval are missed; device-wide used memory includes other processes; torch.cuda allocator statistics do not cover Mojo allocations and are not used"}, "t": 1789164952.2789352}
{"event": "final_witness", "step": 1, "completed_steps": 1, "sha256": {"gradients": "85d053a482668fd958df0e32325fc47f9ba10ec630ff63557c7b79c5bd85b0e3", "parameters": "1b32246046a72ada00e3c8ec04d079beb629d8e314f860bc7106d42c5996a8ca", "m": "8dbf0dfcb08f29687241a6586a7ef8224fde5877a7aeb490b9701d24d5812524", "v": "227d2c36dbd16e9acf0556ec491d8b6431a8e4cc5b235b8d81011996a9bc05be", "flags": "360d579dbd14759b41afdf7fb5e80c0101e15150ae401d59f92a1e32d129f7cb"}, "export_seconds": 11.765810085460544, "source": "export_gradients(named=False) + export_state() once after the last untimed step", "t": 1789164964.0452874}
{"event": "component_timing_step_start", "timing_step": 1, "note": "MOJOLEARN_TRANSFORMER_TIMING=1; not a timing sample", "t": 1789164964.046324}
timing step.py_tokens 0.3744540736079216 ms
timing step.py_tokens_bytes 8196 bytes
timing step.bind_scalar_admission 0.008241 ms
timing step.upload_inputs 0.16663 ms
timing step.upload_inputs_bytes 16384 bytes
timing step.unpack_weights 1.152741 ms
timing step.unpack_weights_bytes 648591360 bytes
timing step.embedding_forward 0.054847 ms
timing block.norm1 0.333354 ms
timing attn.qkv_proj 0.812799 ms
timing attn.rope_and_cache 0.127268 ms
timing attn.fwd_regime_scan 0.098303 ms
timing attn.fwd_r2_keep_kernel 1.776883 ms
timing attn.fwd_corner_flag 0.02701 ms
timing attn.core 1.914515 ms
timing attn.o_proj 0.274995 ms
timing block.attention_total 3.13604 ms
timing block.mlp_and_residuals 2.053288 ms
timing block.norm1 0.306447 ms
timing attn.qkv_proj 0.799097 ms
timing attn.rope_and_cache 0.105511 ms
timing attn.fwd_regime_scan 0.095251 ms
timing attn.fwd_r2_keep_kernel 1.757056 ms
timing attn.fwd_corner_flag 0.020487 ms
timing attn.core 1.878989 ms
timing attn.o_proj 0.272769 ms
timing block.attention_total 3.061775 ms
timing block.mlp_and_residuals 2.028877 ms
timing block.norm1 0.302834 ms
timing attn.qkv_proj 0.801146 ms
timing attn.rope_and_cache 0.10612 ms
timing attn.fwd_regime_scan 0.090234 ms
timing attn.fwd_r2_keep_kernel 1.742439 ms
timing attn.fwd_corner_flag 0.019789 ms
timing attn.core 1.857781 ms
timing attn.o_proj 0.283955 ms
timing block.attention_total 3.052866 ms
timing block.mlp_and_residuals 2.033242 ms
timing block.norm1 0.305646 ms
timing attn.qkv_proj 0.799733 ms
timing attn.rope_and_cache 0.109247 ms
timing attn.fwd_regime_scan 0.09217 ms
timing attn.fwd_r2_keep_kernel 1.750167 ms
timing attn.fwd_corner_flag 0.021529 ms
timing attn.core 1.869193 ms
timing attn.o_proj 0.271768 ms
timing block.attention_total 3.053715 ms
timing block.mlp_and_residuals 2.033649 ms
timing block.norm1 0.310539 ms
timing attn.qkv_proj 0.801552 ms
timing attn.rope_and_cache 0.105867 ms
timing attn.fwd_regime_scan 0.091503 ms
timing attn.fwd_r2_keep_kernel 1.764597 ms
timing attn.fwd_corner_flag 0.019605 ms
timing attn.core 1.88083 ms
timing attn.o_proj 0.272507 ms
timing block.attention_total 3.06525 ms
timing block.mlp_and_residuals 2.023845 ms
timing block.norm1 0.299916 ms
timing attn.qkv_proj 0.800258 ms
timing attn.rope_and_cache 0.10462 ms
timing attn.fwd_regime_scan 0.09119 ms
timing attn.fwd_r2_keep_kernel 1.701498 ms
timing attn.fwd_corner_flag 0.019016 ms
timing attn.core 1.816771 ms
timing attn.o_proj 0.272767 ms
timing block.attention_total 2.998157 ms
timing block.mlp_and_residuals 2.031667 ms
timing block.norm1 0.30209 ms
timing attn.qkv_proj 0.806437 ms
timing attn.rope_and_cache 0.10701 ms
timing attn.fwd_regime_scan 0.090817 ms
timing attn.fwd_r2_keep_kernel 1.717879 ms
timing attn.fwd_corner_flag 0.020064 ms
timing attn.core 1.833868 ms
timing attn.o_proj 0.272881 ms
timing block.attention_total 3.024433 ms
timing block.mlp_and_residuals 2.033092 ms
timing block.norm1 0.302896 ms
timing attn.qkv_proj 0.799649 ms
timing attn.rope_and_cache 0.106118 ms
timing attn.fwd_regime_scan 0.091515 ms
timing attn.fwd_r2_keep_kernel 1.735814 ms
timing attn.fwd_corner_flag 0.020161 ms
timing attn.core 1.85277 ms
timing attn.o_proj 0.273082 ms
timing block.attention_total 3.036013 ms
timing block.mlp_and_residuals 2.028763 ms
timing block.norm1 0.30523 ms
timing attn.qkv_proj 0.801807 ms
timing attn.rope_and_cache 0.106516 ms
timing attn.fwd_regime_scan 0.09176 ms
timing attn.fwd_r2_keep_kernel 1.740003 ms
timing attn.fwd_corner_flag 0.020366 ms
timing attn.core 1.857497 ms
timing attn.o_proj 0.274795 ms
timing block.attention_total 3.0448 ms
timing block.mlp_and_residuals 2.02629 ms
timing block.norm1 0.304262 ms
timing attn.qkv_proj 0.800846 ms
timing attn.rope_and_cache 0.101297 ms
timing attn.fwd_regime_scan 0.096114 ms
timing attn.fwd_r2_keep_kernel 1.742987 ms
timing attn.fwd_corner_flag 0.019973 ms
timing attn.core 1.864187 ms
timing attn.o_proj 0.272524 ms
timing block.attention_total 3.045295 ms
timing block.mlp_and_residuals 2.035308 ms
timing block.norm1 0.308036 ms
timing attn.qkv_proj 0.80238 ms
timing attn.rope_and_cache 0.112442 ms
timing attn.fwd_regime_scan 0.089472 ms
timing attn.fwd_r2_keep_kernel 1.767729 ms
timing attn.fwd_corner_flag 0.020713 ms
timing attn.core 1.882879 ms
timing attn.o_proj 0.27317 ms
timing block.attention_total 3.074757 ms
timing block.mlp_and_residuals 2.032284 ms
timing block.norm1 0.307202 ms
timing attn.qkv_proj 0.800526 ms
timing attn.rope_and_cache 0.102877 ms
timing attn.fwd_regime_scan 0.0905 ms
timing attn.fwd_r2_keep_kernel 1.765515 ms
timing attn.fwd_corner_flag 0.019765 ms
timing attn.core 1.88066 ms
timing attn.o_proj 0.272752 ms
timing block.attention_total 3.060498 ms
timing block.mlp_and_residuals 2.024347 ms
timing envelope.blocks_forward 64.789995 ms
timing step.head_forward 13.800322 ms
timing step.ce_refuse_scan 0.382191 ms
timing step.ce_refuse_scan_bytes 411705344 bytes
timing step.ce_refuse_scan_download_bytes 8192 bytes
timing step.ce_forward 1.696233 ms
timing step.loss_download 0.018047 ms
timing step.loss_download_bytes 4 bytes
timing step.ce_backward 0.980021 ms
timing step.head_backward_da 14.313982 ms
timing step.head_backward_db 13.939412 ms
timing bwd.before_attention 0.002835 ms
timing attn.bwd_regime_scan 0.127486 ms
timing attn.bwd_scratch_alloc 0.013483 ms
timing attn.bwd_zdot_estash_dres_pf 1.229229 ms
timing attn.bwd_dq_tiled_pf 1.048453 ms
timing attn.bwd_kvgrid_dkdv_pf 0.807056 ms
timing attn.bwd_corner_flag 0.025886 ms
timing bwd.attention 3.261508 ms
timing bwd.after_attention 1.936913 ms
timing bwd.before_attention 0.002844 ms
timing attn.bwd_regime_scan 0.126859 ms
timing attn.bwd_scratch_alloc 0.01067 ms
timing attn.bwd_zdot_estash_dres_pf 1.250497 ms
timing attn.bwd_dq_tiled_pf 1.038748 ms
timing attn.bwd_kvgrid_dkdv_pf 0.792188 ms
timing attn.bwd_corner_flag 0.025136 ms
timing bwd.attention 3.251083 ms
timing bwd.after_attention 1.931843 ms
timing bwd.before_attention 0.002811 ms
timing attn.bwd_regime_scan 0.132628 ms
timing attn.bwd_scratch_alloc 0.010289 ms
timing attn.bwd_zdot_estash_dres_pf 1.224756 ms
timing attn.bwd_dq_tiled_pf 1.046027 ms
timing attn.bwd_kvgrid_dkdv_pf 0.856371 ms
timing attn.bwd_corner_flag 0.025528 ms
timing bwd.attention 3.302439 ms
timing bwd.after_attention 1.917412 ms
timing bwd.before_attention 0.002881 ms
timing attn.bwd_regime_scan 0.126872 ms
timing attn.bwd_scratch_alloc 0.010158 ms
timing attn.bwd_zdot_estash_dres_pf 1.251387 ms
timing attn.bwd_dq_tiled_pf 1.041657 ms
timing attn.bwd_kvgrid_dkdv_pf 0.868386 ms
timing attn.bwd_corner_flag 0.024709 ms
timing bwd.attention 3.329838 ms
timing bwd.after_attention 1.918293 ms
timing bwd.before_attention 0.002781 ms
timing attn.bwd_regime_scan 0.126184 ms
timing attn.bwd_scratch_alloc 0.010174 ms
timing attn.bwd_zdot_estash_dres_pf 1.22117 ms
timing attn.bwd_dq_tiled_pf 1.044167 ms
timing attn.bwd_kvgrid_dkdv_pf 0.862511 ms
timing attn.bwd_corner_flag 0.024844 ms
timing bwd.attention 3.295493 ms
timing bwd.after_attention 1.924115 ms
timing bwd.before_attention 0.002787 ms
timing attn.bwd_regime_scan 0.125689 ms
timing attn.bwd_scratch_alloc 0.010077 ms
timing attn.bwd_zdot_estash_dres_pf 1.214928 ms
timing attn.bwd_dq_tiled_pf 1.043677 ms
timing attn.bwd_kvgrid_dkdv_pf 0.856254 ms
timing attn.bwd_corner_flag 0.023749 ms
timing bwd.attention 3.281595 ms
timing bwd.after_attention 1.91883 ms
timing bwd.before_attention 0.002804 ms
timing attn.bwd_regime_scan 0.125097 ms
timing attn.bwd_scratch_alloc 0.010166 ms
timing attn.bwd_zdot_estash_dres_pf 1.243196 ms
timing attn.bwd_dq_tiled_pf 1.043821 ms
timing attn.bwd_kvgrid_dkdv_pf 0.807291 ms
timing attn.bwd_corner_flag 0.024904 ms
timing bwd.attention 3.26141 ms
timing bwd.after_attention 1.919636 ms
timing bwd.before_attention 0.002792 ms
timing attn.bwd_regime_scan 0.127123 ms
timing attn.bwd_scratch_alloc 0.01005 ms
timing attn.bwd_zdot_estash_dres_pf 1.237217 ms
timing attn.bwd_dq_tiled_pf 1.042978 ms
timing attn.bwd_kvgrid_dkdv_pf 0.820425 ms
timing attn.bwd_corner_flag 0.025116 ms
timing bwd.attention 3.269315 ms
timing bwd.after_attention 1.922162 ms
timing bwd.before_attention 0.002754 ms
timing attn.bwd_regime_scan 0.1264 ms
timing attn.bwd_scratch_alloc 0.010223 ms
timing attn.bwd_zdot_estash_dres_pf 1.25862 ms
timing attn.bwd_dq_tiled_pf 1.041478 ms
timing attn.bwd_kvgrid_dkdv_pf 0.841128 ms
timing attn.bwd_corner_flag 0.024964 ms
timing bwd.attention 3.309058 ms
timing bwd.after_attention 1.919435 ms
timing bwd.before_attention 0.002797 ms
timing attn.bwd_regime_scan 0.126315 ms
timing attn.bwd_scratch_alloc 0.010187 ms
timing attn.bwd_zdot_estash_dres_pf 1.200755 ms
timing attn.bwd_dq_tiled_pf 1.045259 ms
timing attn.bwd_kvgrid_dkdv_pf 0.87112 ms
timing attn.bwd_corner_flag 0.026111 ms
timing bwd.attention 3.286397 ms
timing bwd.after_attention 1.918665 ms
timing bwd.before_attention 0.002764 ms
timing attn.bwd_regime_scan 0.125542 ms
timing attn.bwd_scratch_alloc 0.010015 ms
timing attn.bwd_zdot_estash_dres_pf 1.251856 ms
timing attn.bwd_dq_tiled_pf 1.043937 ms
timing attn.bwd_kvgrid_dkdv_pf 0.825503 ms
timing attn.bwd_corner_flag 0.023718 ms
timing bwd.attention 3.287006 ms
timing bwd.after_attention 1.920698 ms
timing bwd.before_attention 0.00287 ms
timing attn.bwd_regime_scan 0.127408 ms
timing attn.bwd_scratch_alloc 0.010371 ms
timing attn.bwd_zdot_estash_dres_pf 1.265735 ms
timing attn.bwd_dq_tiled_pf 1.042501 ms
timing attn.bwd_kvgrid_dkdv_pf 0.804316 ms
timing attn.bwd_corner_flag 0.024985 ms
timing bwd.attention 3.285881 ms
timing bwd.after_attention 1.920835 ms
timing envelope.blocks_backward 115.328876 ms
timing step.embedding_backward 2.509312 ms
timing step.pack_grads 1.111497 ms
timing step.pack_grads_bytes 648591360 bytes
timing step.validate_grads_scan 0.551234 ms
timing step.validate_grads_scan_bytes 648591360 bytes
timing step.shadow_copy 2.306514 ms
timing step.shadow_copy_bytes 1945774080 bytes
timing step.opt_refuse_scan 2.162748 ms
timing step.opt_refuse_scan_bytes 2594365440 bytes
timing step.opt_refuse_scan_download_bytes 0 bytes
timing step.optimizer 1.69484 ms
timing step.validate_after_scan 2.138182 ms
timing step.validate_after_scan_bytes 2594365440 bytes
timing step.bind_final_sync 0.001848 ms
timing step.bind_publish 0.004742 ms
timing step.bind_publish_bytes 444 bytes
timing envelope.native_call 239.54593390226364 ms
timing step.py_flags 0.12864358723163605 ms
timing step.py_flags_bytes 440 bytes
{"event": "component_timing_step_end", "timing_step": 1, "seconds": 0.2402316126972437, "loss": 8.354198455810547, "t": 1789164964.2868352}
