05:37:11 byte-lm-lifetime: start, root=/root/mojolearn out=/root/gemm_leg_out/byte-lm-lifetime deadline=120s
05:37:11 byte-lm-lifetime: GPU arch sm_89
05:40:19 byte-lm-lifetime: build exit 0 after 188s
numeric_mode 1
vendor cuda
profile mojolearn.byte-lm.b2-l32-d32-h4-kv2-ff64-v256-blocks2.fp32.v1
file /root/mojolearn/python/mojolearn/identical/_mojolearn_byte_lm.so
keeper_readback True
keeper_active_at_import False
05:41:56 byte-lm-lifetime: native stack preload built with /usr/bin/cc
05:42:48 byte-lm-lifetime: harness exit 1 after 52s
== stateless_x1 (deadline 120s)
   passed exit=0 wall=3.5s
== stateless_x2 (deadline 120s)
   passed exit=0 wall=2.5s
== stateless_then_resident (deadline 120s)
   passed exit=0 wall=2.5s
== resident_x2 (deadline 120s)
   passed exit=0 wall=2.5s
== resident_then_stateless (deadline 120s)
   passed exit=0 wall=2.5s
== resident_close_reopen (deadline 120s)
   passed exit=0 wall=2.5s
== restore_then_step (deadline 120s)
   passed exit=0 wall=2.5s
== failure_recovery (deadline 120s)
   passed exit=0 wall=2.5s
== resident_mismatch_recovery (deadline 120s)
   failed exit=1 wall=2.5s
== stateless_x2_default_profile (deadline 120s)
   passed exit=0 wall=2.5s
== stateless_x2_gc_pause (deadline 120s)
   passed exit=0 wall=5.6s
== stateless_x2_launch_blocking (deadline 120s)
   passed exit=0 wall=2.5s
== control_kmeans_x2 (deadline 120s)
   passed exit=0 wall=2.6s
== control_extratrees_x2 (deadline 120s)
   passed exit=0 wall=2.7s
== control_kmeans_then_bytelm (deadline 120s)
   passed exit=0 wall=2.6s
== stateless_x2_keep_context (deadline 120s)
   passed exit=0 wall=2.4s
== resident_close_reopen_keep_context (deadline 120s)
   passed exit=0 wall=2.4s
== stateless_x2_sync_teardown (deadline 120s)
   passed exit=0 wall=2.5s
== stateless_x2_teardown_with_gil (deadline 120s)
   passed exit=0 wall=2.4s
{"failed": ["resident_mismatch_recovery"], "hung": [], "passed": ["stateless_x1", "stateless_x2", "stateless_then_resident", "resident_x2", "resident_then_stateless", "resident_close_reopen", "restore_then_step", "failure_recovery", "stateless_x2_default_profile", "stateless_x2_gc_pause", "stateless_x2_launch_blocking", "control_kmeans_x2", "control_extratrees_x2", "control_kmeans_then_bytelm", "stateless_x2_keep_context", "resident_close_reopen_keep_context", "stateless_x2_sync_teardown", "stateless_x2_teardown_with_gil"]}
control_extratrees_x2            passed   exit=0 wall=2.7s
control_kmeans_then_bytelm       passed   exit=0 wall=2.6s
control_kmeans_x2                passed   exit=0 wall=2.6s
failure_recovery                 passed   exit=0 wall=2.5s
resident_close_reopen            passed   exit=0 wall=2.5s
resident_close_reopen_keep_context passed   exit=0 wall=2.4s
resident_mismatch_recovery       failed   exit=1 wall=2.5s
resident_then_stateless          passed   exit=0 wall=2.5s
resident_x2                      passed   exit=0 wall=2.5s
restore_then_step                passed   exit=0 wall=2.5s
stateless_then_resident          passed   exit=0 wall=2.5s
stateless_x1                     passed   exit=0 wall=3.5s
stateless_x2                     passed   exit=0 wall=2.5s
stateless_x2_default_profile     passed   exit=0 wall=2.5s
stateless_x2_gc_pause            passed   exit=0 wall=5.6s
stateless_x2_keep_context        passed   exit=0 wall=2.4s
stateless_x2_launch_blocking     passed   exit=0 wall=2.5s
stateless_x2_sync_teardown       passed   exit=0 wall=2.5s
stateless_x2_teardown_with_gil   passed   exit=0 wall=2.4s
first_step_equality cases: ['stateless_x1', 'stateless_x2', 'stateless_then_resident', 'resident_x2', 'resident_then_stateless', 'resident_close_reopen', 'restore_then_step', 'failure_recovery', 'resident_mismatch_recovery', 'stateless_x2_gc_pause', 'stateless_x2_launch_blocking', 'control_kmeans_then_bytelm', 'stateless_x2_keep_context', 'resident_close_reopen_keep_context', 'stateless_x2_sync_teardown', 'stateless_x2_teardown_with_gil'] NOT bit-equal fields: none
second_step_equality cases: ['stateless_x2', 'resident_x2', 'resident_close_reopen', 'restore_then_step', 'stateless_x2_gc_pause', 'stateless_x2_launch_blocking', 'stateless_x2_keep_context', 'resident_close_reopen_keep_context', 'stateless_x2_sync_teardown', 'stateless_x2_teardown_with_gil'] NOT bit-equal fields: none
control_extratrees_x2 fit1 == fit2: True
control_kmeans_x2 fit1 == fit2: True
resident_close_reopen_keep_context keeper_active: True env: 1
stateless_x2_keep_context keeper_active: True env: 1
stateless_x2_sync_teardown variant reached: True env: 1
stateless_x2_teardown_with_gil variant reached: True env: 1
hung: [] failed: ['resident_mismatch_recovery']
05:42:48 byte-lm-lifetime: done, total 337s
