vendor=nvidia
payload=speed
family=gemmseq
lanes=gemm transformer attention mlp rmsnorm mamba selective_scan
commit=a8d838ea6216817cecbd011a0b014c5b7a644546
rounds=5
size=shipped
dataset=
rows_ladder=
arm_budget=600
work_timeout=3000
started=2026-08-28T08:07:57Z
device=NVIDIA_H100_80GB_HBM3
pip_exit einops=0
mamba_wheel_urls=https://github.com/state-spaces/mamba/releases/download/v2.3.0/mamba_ssm-2.3.0%2Bcu12torch2.4cxx11abiFALSE-cp311-cp311-linux_aarch64.whl https://github.com/Dao-AILab/causal-conv1d/releases/download/v1.5.4/causal_conv1d-1.5.4%2Bcu12torch2.4cxx11abiFALSE-cp311-cp311-linux_x86_64.whl 
mamba_wheel_exit mamba_ssm-2.3.0%2Bcu12to=1
mamba_wheel_exit causal_conv1d-1.5.4%2Bcu=0
mamba_ssm_works=NO
mamba_ssm_probe_says=ModuleNotFoundError: No module named 'mamba_ssm'
build_exit gemmspeed=0
build_exit seqspeed=0
arm_exit gemm.gemm.ours.log=0
arm_exit seq.transformer.ours.log=0
arm_exit seq.attention.ours.log=0
arm_exit seq.mlp.ours.log=0
arm_exit seq.rmsnorm.ours.log=0
arm_exit seq.mamba.ours.log=0
arm_exit seq.selective_scan.ours.log=0
arm_exit verify.transformer_block.fast.log=0
arm_exit verify.mamba_block.fast.log=1
arm_exit verify.transformer_block.identical.log=0
arm_exit verify.mamba_block.identical.log=0
arm_exit gemm.gemm.cublas.log=0
arm_exit seq.transformer.torch.log=0
arm_exit seq.attention.torch.log=0
arm_exit seq.mlp.torch.log=0
arm_exit seq.rmsnorm.torch.log=0
arm_exit seq.mamba.torch.log=0
arm_exit seq.selective_scan.torch.log=0
fspeed_lines=2139
fspeed_rounds=925
fspeed_refused=35
ours_headers_fast=7
ours_headers_identical=0
finished=2026-08-28T08:16:14Z
REMOTE_BODY_DONE
