== bench/gemm_step_price_main.mojo [IDENTICAL] arm=shipped trial=True column=1 rounds=7 warmups=2 controls=False ==
DEFAULT gemm column=1 block_parallelism_row=0 ksplit_default=off trial_ksplit_S=0 shipped=[shipped DEFAULT TUNED 128x128 reg8x8 KS=16 fold=16 local tpb=256 hwftz=False (1-D grid, no swizzle) (ksplit default off: block parallelism row 0)]
CLASS_FLUSH enabled=False
PLANLABEL arm=shipped label=shipped: default=tuned128 (block parallelism row 0)
timing=host-synchronized median ms; raw samples below; the BITS pass is not a warmup
TABLE call | op | m x n x k | per step | shipped plan (ran) | arm geometry | shipped launched blocks | arm blocks | shipped median ms | arm median ms | ratio | arm launched blocks | group leaves | shipped group leaves
BITS proj_fwd EQUAL cells=1572864 digest=0xdd3c876b6b377944
SAMPLE proj_fwd round=0 arm_first=False shipped_ns=19221000 arm_ns=19236000
SAMPLE proj_fwd round=1 arm_first=True shipped_ns=18156000 arm_ns=18514000
SAMPLE proj_fwd round=2 arm_first=False shipped_ns=18444000 arm_ns=18122000
SAMPLE proj_fwd round=3 arm_first=True shipped_ns=18141000 arm_ns=18505000
SAMPLE proj_fwd round=4 arm_first=False shipped_ns=18207000 arm_ns=18224000
SAMPLE proj_fwd round=5 arm_first=True shipped_ns=18280000 arm_ns=18139000
SAMPLE proj_fwd round=6 arm_first=False shipped_ns=18325000 arm_ns=18032000
PRICE gemm shipped proj_fwd shipped_ms=18.28 arm_ms=18.224 ratio=0.9969365426695842 shipped_tflops=0.13216187658643325 arm_tflops=0.13256799297629498 shipped_launched_blocks=96 shipped_group_leaves=0 arm_launched_blocks=96 group_leaves=0 choose_plan=[TUNED 128x128 reg8x8 KS=16 fold=16 local tpb=256 hwftz=False (1-D grid, no swizzle)] shipped_plan=[TUNED 128x128 reg8x8 KS=16 fold=16 local tpb=256 hwftz=False (1-D grid, no swizzle) (ksplit default off: block parallelism row 0)] geometry=[shipped DEFAULT TUNED 128x128 reg8x8 KS=16 fold=16 local tpb=256 hwftz=False (1-D grid, no swizzle) (ksplit default off: block parallelism row 0)]
TABLE proj_fwd | NT | 2048 x 768 x 768 | 48 | TUNED 128x128 reg8x8 KS=16 fold=16 local tpb=256 hwftz=False (1-D grid, no swizzle) (ksplit default off: block parallelism row 0) | shipped DEFAULT TUNED 128x128 reg8x8 KS=16 fold=16 local tpb=256 hwftz=False (1-D grid, no swizzle) (ksplit default off: block parallelism row 0) | 96 | 96 | 18.28 | 18.224 | 0.9969365426695842 | 96 | 0 | 0
BITS proj_dA EQUAL cells=1572864 digest=0x4a06fac1f8e83213
SAMPLE proj_dA round=0 arm_first=False shipped_ns=20667000 arm_ns=21139000
SAMPLE proj_dA round=1 arm_first=True shipped_ns=19833000 arm_ns=21926000
SAMPLE proj_dA round=2 arm_first=False shipped_ns=20448000 arm_ns=19371000
SAMPLE proj_dA round=3 arm_first=True shipped_ns=21377000 arm_ns=19715000
SAMPLE proj_dA round=4 arm_first=False shipped_ns=20548000 arm_ns=20047000
SAMPLE proj_dA round=5 arm_first=True shipped_ns=20413000 arm_ns=20066000
SAMPLE proj_dA round=6 arm_first=False shipped_ns=20660000 arm_ns=20154000
PRICE gemm shipped proj_dA shipped_ms=20.548 arm_ms=20.066 ratio=0.9765427292193888 shipped_tflops=0.11757441619622348 arm_tflops=0.12039863968902621 shipped_launched_blocks=96 shipped_group_leaves=0 arm_launched_blocks=96 group_leaves=0 choose_plan=[TUNED 128x128 reg8x8 KS=16 fold=16 local tpb=256 hwftz=False (1-D grid, no swizzle)] shipped_plan=[TUNED 128x128 reg8x8 KS=16 fold=16 local tpb=256 hwftz=False (1-D grid, no swizzle) (ksplit default off: block parallelism row 0)] geometry=[shipped DEFAULT TUNED 128x128 reg8x8 KS=16 fold=16 local tpb=256 hwftz=False (1-D grid, no swizzle) (ksplit default off: block parallelism row 0)]
TABLE proj_dA | NN | 2048 x 768 x 768 | 48 | TUNED 128x128 reg8x8 KS=16 fold=16 local tpb=256 hwftz=False (1-D grid, no swizzle) (ksplit default off: block parallelism row 0) | shipped DEFAULT TUNED 128x128 reg8x8 KS=16 fold=16 local tpb=256 hwftz=False (1-D grid, no swizzle) (ksplit default off: block parallelism row 0) | 96 | 96 | 20.548 | 20.066 | 0.9765427292193888 | 96 | 0 | 0
BITS proj_dB EQUAL cells=589824 digest=0x1da75dd594f0934a
SAMPLE proj_dB round=0 arm_first=False shipped_ns=21544000 arm_ns=23221000
SAMPLE proj_dB round=1 arm_first=True shipped_ns=21983000 arm_ns=21230000
SAMPLE proj_dB round=2 arm_first=False shipped_ns=22151000 arm_ns=21810000
SAMPLE proj_dB round=3 arm_first=True shipped_ns=22662000 arm_ns=21428000
SAMPLE proj_dB round=4 arm_first=False shipped_ns=22089000 arm_ns=22273000
SAMPLE proj_dB round=5 arm_first=True shipped_ns=22686000 arm_ns=22638000
SAMPLE proj_dB round=6 arm_first=False shipped_ns=22438000 arm_ns=21889000
PRICE gemm shipped proj_dB shipped_ms=22.151 arm_ms=21.889 ratio=0.9881720915534287 shipped_tflops=0.10906591594058959 arm_tflops=0.11037137850061675 shipped_launched_blocks=36 shipped_group_leaves=0 arm_launched_blocks=36 group_leaves=0 choose_plan=[TUNED 128x128 reg8x8 KS=16 fold=16 local tpb=256 hwftz=False (1-D grid, no swizzle)] shipped_plan=[TUNED 128x128 reg8x8 KS=16 fold=16 local tpb=256 hwftz=False (1-D grid, no swizzle) (ksplit default off: block parallelism row 0)] geometry=[shipped DEFAULT TUNED 128x128 reg8x8 KS=16 fold=16 local tpb=256 hwftz=False (1-D grid, no swizzle) (ksplit default off: block parallelism row 0)]
TABLE proj_dB | TN | 768 x 768 x 2048 | 48 | TUNED 128x128 reg8x8 KS=16 fold=16 local tpb=256 hwftz=False (1-D grid, no swizzle) (ksplit default off: block parallelism row 0) | shipped DEFAULT TUNED 128x128 reg8x8 KS=16 fold=16 local tpb=256 hwftz=False (1-D grid, no swizzle) (ksplit default off: block parallelism row 0) | 36 | 36 | 22.151 | 21.889 | 0.9881720915534287 | 36 | 0 | 0
BITS gateup_fwd EQUAL cells=4194304 digest=0xe05cc5aa93a62891
SAMPLE gateup_fwd round=0 arm_first=False shipped_ns=46966000 arm_ns=47112000
SAMPLE gateup_fwd round=1 arm_first=True shipped_ns=49091000 arm_ns=50704000
SAMPLE gateup_fwd round=2 arm_first=False shipped_ns=48862000 arm_ns=48882000
SAMPLE gateup_fwd round=3 arm_first=True shipped_ns=48533000 arm_ns=48662000
SAMPLE gateup_fwd round=4 arm_first=False shipped_ns=48496000 arm_ns=48783000
SAMPLE gateup_fwd round=5 arm_first=True shipped_ns=49368000 arm_ns=48131000
SAMPLE gateup_fwd round=6 arm_first=False shipped_ns=50985000 arm_ns=51126000
PRICE gemm shipped gateup_fwd shipped_ms=48.862 arm_ms=48.783 ratio=0.9983832016700094 shipped_tflops=0.13184992313044902 arm_tflops=0.13206344308468113 shipped_launched_blocks=256 shipped_group_leaves=0 arm_launched_blocks=256 group_leaves=0 choose_plan=[TUNED 128x128 reg8x8 KS=16 fold=16 local tpb=256 hwftz=False (1-D grid, no swizzle)] shipped_plan=[TUNED 128x128 reg8x8 KS=16 fold=16 local tpb=256 hwftz=False (1-D grid, no swizzle) (ksplit default off: block parallelism row 0)] geometry=[shipped DEFAULT TUNED 128x128 reg8x8 KS=16 fold=16 local tpb=256 hwftz=False (1-D grid, no swizzle) (ksplit default off: block parallelism row 0)]
TABLE gateup_fwd | NT | 2048 x 2048 x 768 | 24 | TUNED 128x128 reg8x8 KS=16 fold=16 local tpb=256 hwftz=False (1-D grid, no swizzle) (ksplit default off: block parallelism row 0) | shipped DEFAULT TUNED 128x128 reg8x8 KS=16 fold=16 local tpb=256 hwftz=False (1-D grid, no swizzle) (ksplit default off: block parallelism row 0) | 256 | 256 | 48.862 | 48.783 | 0.9983832016700094 | 256 | 0 | 0
BITS gateup_dA EQUAL cells=1572864 digest=0x46dcce99fe75e276
SAMPLE gateup_dA round=0 arm_first=False shipped_ns=56886000 arm_ns=54236000
SAMPLE gateup_dA round=1 arm_first=True shipped_ns=55137000 arm_ns=55860000
SAMPLE gateup_dA round=2 arm_first=False shipped_ns=56505000 arm_ns=56534000
SAMPLE gateup_dA round=3 arm_first=True shipped_ns=53985000 arm_ns=56998000
SAMPLE gateup_dA round=4 arm_first=False shipped_ns=54078000 arm_ns=58484000
SAMPLE gateup_dA round=5 arm_first=True shipped_ns=53100000 arm_ns=52680000
SAMPLE gateup_dA round=6 arm_first=False shipped_ns=53017000 arm_ns=53195000
PRICE gemm shipped gateup_dA shipped_ms=54.078 arm_ms=55.86 ratio=1.0329524020858758 shipped_tflops=0.11913256673693554 arm_tflops=0.11533209709989259 shipped_launched_blocks=96 shipped_group_leaves=0 arm_launched_blocks=96 group_leaves=0 choose_plan=[TUNED 128x128 reg8x8 KS=16 fold=16 local tpb=256 hwftz=False (1-D grid, no swizzle)] shipped_plan=[TUNED 128x128 reg8x8 KS=16 fold=16 local tpb=256 hwftz=False (1-D grid, no swizzle) (ksplit default off: block parallelism row 0)] geometry=[shipped DEFAULT TUNED 128x128 reg8x8 KS=16 fold=16 local tpb=256 hwftz=False (1-D grid, no swizzle) (ksplit default off: block parallelism row 0)]
TABLE gateup_dA | NN | 2048 x 768 x 2048 | 24 | TUNED 128x128 reg8x8 KS=16 fold=16 local tpb=256 hwftz=False (1-D grid, no swizzle) (ksplit default off: block parallelism row 0) | shipped DEFAULT TUNED 128x128 reg8x8 KS=16 fold=16 local tpb=256 hwftz=False (1-D grid, no swizzle) (ksplit default off: block parallelism row 0) | 96 | 96 | 54.078 | 55.86 | 1.0329524020858758 | 96 | 0 | 0
BITS gateup_dB EQUAL cells=1572864 digest=0xb0d0047e75bc15a7
SAMPLE gateup_dB round=0 arm_first=False shipped_ns=50716000 arm_ns=51526000
SAMPLE gateup_dB round=1 arm_first=True shipped_ns=50789000 arm_ns=51188000
SAMPLE gateup_dB round=2 arm_first=False shipped_ns=51852000 arm_ns=52403000
SAMPLE gateup_dB round=3 arm_first=True shipped_ns=54360000 arm_ns=52122000
SAMPLE gateup_dB round=4 arm_first=False shipped_ns=55598000 arm_ns=57808000
SAMPLE gateup_dB round=5 arm_first=True shipped_ns=53898000 arm_ns=56794000
SAMPLE gateup_dB round=6 arm_first=False shipped_ns=53915000 arm_ns=53257000
PRICE gemm shipped gateup_dB shipped_ms=53.898 arm_ms=52.403 ratio=0.9722624216111915 shipped_tflops=0.11953042680618947 arm_tflops=0.12294049852107704 shipped_launched_blocks=96 shipped_group_leaves=0 arm_launched_blocks=96 group_leaves=0 choose_plan=[TUNED 128x128 reg8x8 KS=16 fold=16 local tpb=256 hwftz=False (1-D grid, no swizzle)] shipped_plan=[TUNED 128x128 reg8x8 KS=16 fold=16 local tpb=256 hwftz=False (1-D grid, no swizzle) (ksplit default off: block parallelism row 0)] geometry=[shipped DEFAULT TUNED 128x128 reg8x8 KS=16 fold=16 local tpb=256 hwftz=False (1-D grid, no swizzle) (ksplit default off: block parallelism row 0)]
TABLE gateup_dB | TN | 2048 x 768 x 2048 | 24 | TUNED 128x128 reg8x8 KS=16 fold=16 local tpb=256 hwftz=False (1-D grid, no swizzle) (ksplit default off: block parallelism row 0) | shipped DEFAULT TUNED 128x128 reg8x8 KS=16 fold=16 local tpb=256 hwftz=False (1-D grid, no swizzle) (ksplit default off: block parallelism row 0) | 96 | 96 | 53.898 | 52.403 | 0.9722624216111915 | 96 | 0 | 0
BITS down_fwd EQUAL cells=1572864 digest=0x63592259bcb93a54
SAMPLE down_fwd round=0 arm_first=False shipped_ns=51503000 arm_ns=51381000
SAMPLE down_fwd round=1 arm_first=True shipped_ns=49829000 arm_ns=50655000
SAMPLE down_fwd round=2 arm_first=False shipped_ns=50169000 arm_ns=49354000
SAMPLE down_fwd round=3 arm_first=True shipped_ns=52178000 arm_ns=49982000
SAMPLE down_fwd round=4 arm_first=False shipped_ns=53474000 arm_ns=51432000
SAMPLE down_fwd round=5 arm_first=True shipped_ns=53088000 arm_ns=54093000
SAMPLE down_fwd round=6 arm_first=False shipped_ns=53445000 arm_ns=53711000
PRICE gemm shipped down_fwd shipped_ms=52.178 arm_ms=51.381 ratio=0.9847253631798843 shipped_tflops=0.12347063789336502 arm_tflops=0.12538586138845098 shipped_launched_blocks=96 shipped_group_leaves=0 arm_launched_blocks=96 group_leaves=0 choose_plan=[TUNED 128x128 reg8x8 KS=16 fold=16 local tpb=256 hwftz=False (1-D grid, no swizzle)] shipped_plan=[TUNED 128x128 reg8x8 KS=16 fold=16 local tpb=256 hwftz=False (1-D grid, no swizzle) (ksplit default off: block parallelism row 0)] geometry=[shipped DEFAULT TUNED 128x128 reg8x8 KS=16 fold=16 local tpb=256 hwftz=False (1-D grid, no swizzle) (ksplit default off: block parallelism row 0)]
TABLE down_fwd | NT | 2048 x 768 x 2048 | 12 | TUNED 128x128 reg8x8 KS=16 fold=16 local tpb=256 hwftz=False (1-D grid, no swizzle) (ksplit default off: block parallelism row 0) | shipped DEFAULT TUNED 128x128 reg8x8 KS=16 fold=16 local tpb=256 hwftz=False (1-D grid, no swizzle) (ksplit default off: block parallelism row 0) | 96 | 96 | 52.178 | 51.381 | 0.9847253631798843 | 96 | 0 | 0
BITS down_dA EQUAL cells=4194304 digest=0x5b61bc9fe00905
SAMPLE down_dA round=0 arm_first=False shipped_ns=58452000 arm_ns=59774000
SAMPLE down_dA round=1 arm_first=True shipped_ns=57720000 arm_ns=57835000
SAMPLE down_dA round=2 arm_first=False shipped_ns=56228000 arm_ns=57984000
SAMPLE down_dA round=3 arm_first=True shipped_ns=58773000 arm_ns=55803000
SAMPLE down_dA round=4 arm_first=False shipped_ns=56840000 arm_ns=56275000
SAMPLE down_dA round=5 arm_first=True shipped_ns=57428000 arm_ns=59669000
SAMPLE down_dA round=6 arm_first=False shipped_ns=56509000 arm_ns=53674000
PRICE gemm shipped down_dA shipped_ms=57.428 arm_ms=57.835 ratio=1.0070871351953752 shipped_tflops=0.11218309786167027 arm_tflops=0.11139363610270597 shipped_launched_blocks=256 shipped_group_leaves=0 arm_launched_blocks=256 group_leaves=0 choose_plan=[TUNED 128x128 reg8x8 KS=16 fold=16 local tpb=256 hwftz=False (1-D grid, no swizzle)] shipped_plan=[TUNED 128x128 reg8x8 KS=16 fold=16 local tpb=256 hwftz=False (1-D grid, no swizzle) (ksplit default off: block parallelism row 0)] geometry=[shipped DEFAULT TUNED 128x128 reg8x8 KS=16 fold=16 local tpb=256 hwftz=False (1-D grid, no swizzle) (ksplit default off: block parallelism row 0)]
TABLE down_dA | NN | 2048 x 2048 x 768 | 12 | TUNED 128x128 reg8x8 KS=16 fold=16 local tpb=256 hwftz=False (1-D grid, no swizzle) (ksplit default off: block parallelism row 0) | shipped DEFAULT TUNED 128x128 reg8x8 KS=16 fold=16 local tpb=256 hwftz=False (1-D grid, no swizzle) (ksplit default off: block parallelism row 0) | 256 | 256 | 57.428 | 57.835 | 1.0070871351953752 | 256 | 0 | 0
BITS down_dB EQUAL cells=1572864 digest=0xa58e713f45edd8ed
SAMPLE down_dB round=0 arm_first=False shipped_ns=53123000 arm_ns=54093000
SAMPLE down_dB round=1 arm_first=True shipped_ns=53626000 arm_ns=54351000
SAMPLE down_dB round=2 arm_first=False shipped_ns=53749000 arm_ns=54375000
SAMPLE down_dB round=3 arm_first=True shipped_ns=55791000 arm_ns=55106000
SAMPLE down_dB round=4 arm_first=False shipped_ns=55023000 arm_ns=53573000
SAMPLE down_dB round=5 arm_first=True shipped_ns=54483000 arm_ns=55919000
SAMPLE down_dB round=6 arm_first=False shipped_ns=54297000 arm_ns=54033000
PRICE gemm shipped down_dB shipped_ms=54.297 arm_ms=54.351 ratio=1.000994530084535 shipped_tflops=0.1186520607768385 arm_tflops=0.11853417497378153 shipped_launched_blocks=96 shipped_group_leaves=0 arm_launched_blocks=96 group_leaves=0 choose_plan=[TUNED 128x128 reg8x8 KS=16 fold=16 local tpb=256 hwftz=False (1-D grid, no swizzle)] shipped_plan=[TUNED 128x128 reg8x8 KS=16 fold=16 local tpb=256 hwftz=False (1-D grid, no swizzle) (ksplit default off: block parallelism row 0)] geometry=[shipped DEFAULT TUNED 128x128 reg8x8 KS=16 fold=16 local tpb=256 hwftz=False (1-D grid, no swizzle) (ksplit default off: block parallelism row 0)]
TABLE down_dB | TN | 768 x 2048 x 2048 | 12 | TUNED 128x128 reg8x8 KS=16 fold=16 local tpb=256 hwftz=False (1-D grid, no swizzle) (ksplit default off: block parallelism row 0) | shipped DEFAULT TUNED 128x128 reg8x8 KS=16 fold=16 local tpb=256 hwftz=False (1-D grid, no swizzle) (ksplit default off: block parallelism row 0) | 96 | 96 | 54.297 | 54.351 | 1.000994530084535 | 96 | 0 | 0
BITS head_fwd EQUAL cells=102926336 digest=0xe1e8e917ef51cb67
SAMPLE head_fwd round=0 arm_first=False shipped_ns=1164808000 arm_ns=1144433000
SAMPLE head_fwd round=1 arm_first=True shipped_ns=1192525000 arm_ns=1156147000
SAMPLE head_fwd round=2 arm_first=False shipped_ns=1260142000 arm_ns=1209562000
SAMPLE head_fwd round=3 arm_first=True shipped_ns=1172085000 arm_ns=1172750000
SAMPLE head_fwd round=4 arm_first=False shipped_ns=1190132000 arm_ns=1198657000
SAMPLE head_fwd round=5 arm_first=True shipped_ns=1188775000 arm_ns=1185826000
SAMPLE head_fwd round=6 arm_first=False shipped_ns=1199023000 arm_ns=1185630000
PRICE gemm shipped head_fwd shipped_ms=1190.132 arm_ms=1185.63 ratio=0.996217226324475 shipped_tflops=0.13283808190688093 arm_tflops=0.13334248635409024 shipped_launched_blocks=6288 shipped_group_leaves=0 arm_launched_blocks=6288 group_leaves=0 choose_plan=[TUNED 128x128 reg8x8 KS=16 fold=16 local tpb=256 hwftz=False (1-D grid, no swizzle)] shipped_plan=[TUNED 128x128 reg8x8 KS=16 fold=16 local tpb=256 hwftz=False (1-D grid, no swizzle) (ksplit default off: block parallelism row 0)] geometry=[shipped DEFAULT TUNED 128x128 reg8x8 KS=16 fold=16 local tpb=256 hwftz=False (1-D grid, no swizzle) (ksplit default off: block parallelism row 0)]
TABLE head_fwd | NT | 2048 x 50257 x 768 | 1 | TUNED 128x128 reg8x8 KS=16 fold=16 local tpb=256 hwftz=False (1-D grid, no swizzle) (ksplit default off: block parallelism row 0) | shipped DEFAULT TUNED 128x128 reg8x8 KS=16 fold=16 local tpb=256 hwftz=False (1-D grid, no swizzle) (ksplit default off: block parallelism row 0) | 6288 | 6288 | 1190.132 | 1185.63 | 0.996217226324475 | 6288 | 0 | 0
BITS head_dA EQUAL cells=1572864 digest=0x287761cb23fe7292
SAMPLE head_dA round=0 arm_first=False shipped_ns=1313679000 arm_ns=1250355000
SAMPLE head_dA round=1 arm_first=True shipped_ns=1398588000 arm_ns=1318205000
SAMPLE head_dA round=2 arm_first=False shipped_ns=1270333000 arm_ns=1302958000
SAMPLE head_dA round=3 arm_first=True shipped_ns=1279889000 arm_ns=1281894000
SAMPLE head_dA round=4 arm_first=False shipped_ns=1283709000 arm_ns=1328749000
SAMPLE head_dA round=5 arm_first=True shipped_ns=1276484000 arm_ns=1274930000
SAMPLE head_dA round=6 arm_first=False shipped_ns=1272774000 arm_ns=1270476000
PRICE gemm shipped head_dA shipped_ms=1279.889 arm_ms=1281.894 ratio=1.0015665420985727 shipped_tflops=0.1235223149007453 arm_tflops=0.12332911465066534 shipped_launched_blocks=96 shipped_group_leaves=0 arm_launched_blocks=96 group_leaves=0 choose_plan=[TUNED 128x128 reg8x8 KS=16 fold=16 local tpb=256 hwftz=False (1-D grid, no swizzle)] shipped_plan=[TUNED 128x128 reg8x8 KS=16 fold=16 local tpb=256 hwftz=False (1-D grid, no swizzle) (ksplit default off: block parallelism row 0)] geometry=[shipped DEFAULT TUNED 128x128 reg8x8 KS=16 fold=16 local tpb=256 hwftz=False (1-D grid, no swizzle) (ksplit default off: block parallelism row 0)]
TABLE head_dA | NN | 2048 x 768 x 50257 | 1 | TUNED 128x128 reg8x8 KS=16 fold=16 local tpb=256 hwftz=False (1-D grid, no swizzle) (ksplit default off: block parallelism row 0) | shipped DEFAULT TUNED 128x128 reg8x8 KS=16 fold=16 local tpb=256 hwftz=False (1-D grid, no swizzle) (ksplit default off: block parallelism row 0) | 96 | 96 | 1279.889 | 1281.894 | 1.0015665420985727 | 96 | 0 | 0
BITS head_dB EQUAL cells=38597376 digest=0x48cf871761b383a8
SAMPLE head_dB round=0 arm_first=False shipped_ns=1366896000 arm_ns=1265054000
SAMPLE head_dB round=1 arm_first=True shipped_ns=1289971000 arm_ns=1335656000
SAMPLE head_dB round=2 arm_first=False shipped_ns=1323526000 arm_ns=1355910000
SAMPLE head_dB round=3 arm_first=True shipped_ns=1409665000 arm_ns=1347334000
SAMPLE head_dB round=4 arm_first=False shipped_ns=1345785000 arm_ns=1368774000
SAMPLE head_dB round=5 arm_first=True shipped_ns=1263403000 arm_ns=1356639000
SAMPLE head_dB round=6 arm_first=False shipped_ns=1326156000 arm_ns=1376551000
PRICE gemm shipped head_dB shipped_ms=1326.156 arm_ms=1355.91 ratio=1.0224362744654476 shipped_tflops=0.11921286190764888 arm_tflops=0.11659686269442662 shipped_launched_blocks=2358 shipped_group_leaves=0 arm_launched_blocks=2358 group_leaves=0 choose_plan=[TUNED 128x128 reg8x8 KS=16 fold=16 local tpb=256 hwftz=False (1-D grid, no swizzle)] shipped_plan=[TUNED 128x128 reg8x8 KS=16 fold=16 local tpb=256 hwftz=False (1-D grid, no swizzle) (ksplit default off: block parallelism row 0)] geometry=[shipped DEFAULT TUNED 128x128 reg8x8 KS=16 fold=16 local tpb=256 hwftz=False (1-D grid, no swizzle) (ksplit default off: block parallelism row 0)]
TABLE head_dB | TN | 50257 x 768 x 2048 | 1 | TUNED 128x128 reg8x8 KS=16 fold=16 local tpb=256 hwftz=False (1-D grid, no swizzle) (ksplit default off: block parallelism row 0) | shipped DEFAULT TUNED 128x128 reg8x8 KS=16 fold=16 local tpb=256 hwftz=False (1-D grid, no swizzle) (ksplit default off: block parallelism row 0) | 2358 | 2358 | 1326.156 | 1355.91 | 1.0224362744654476 | 2358 | 0 | 0
STEP gemm arm=shipped ratio=0.9991823587332606 shipped_ms=12454.117000000002 arm_ms=12443.934000000001 calls=12 moved=0 (per-call medians weighted by per-step counts; a GEMM sum, not a step time)
