== bench/gemm_step_price_main.mojo [IDENTICAL] arm=shipped trial=True column=1 rounds=11 warmups=2 controls=False ==
DEFAULT gemm column=1 block_parallelism_row=0 ksplit_default=off trial_ksplit_S=0 shipped=[shipped DEFAULT TUNED 128x128 reg8x8 KS=16 fold=16 local tpb=256 hwftz=False (1-D grid, no swizzle) (ksplit default off: block parallelism row 0)]
CLASS_FLUSH enabled=False
PLANLABEL arm=shipped label=shipped: default=tuned128 (block parallelism row 0)
timing=host-synchronized median ms; raw samples below; the BITS pass is not a warmup
TABLE call | op | m x n x k | per step | shipped plan (ran) | arm geometry | shipped launched blocks | arm blocks | shipped median ms | arm median ms | ratio | arm launched blocks | group leaves | shipped group leaves
BITS proj_fwd EQUAL cells=1572864 digest=0xdd3c876b6b377944
SAMPLE proj_fwd round=0 arm_first=False shipped_ns=17333000 arm_ns=17472000
SAMPLE proj_fwd round=1 arm_first=True shipped_ns=17331000 arm_ns=17372000
SAMPLE proj_fwd round=2 arm_first=False shipped_ns=17297000 arm_ns=17393000
SAMPLE proj_fwd round=3 arm_first=True shipped_ns=17273000 arm_ns=17337000
SAMPLE proj_fwd round=4 arm_first=False shipped_ns=17394000 arm_ns=17663000
SAMPLE proj_fwd round=5 arm_first=True shipped_ns=19095000 arm_ns=17327000
SAMPLE proj_fwd round=6 arm_first=False shipped_ns=17791000 arm_ns=17904000
SAMPLE proj_fwd round=7 arm_first=True shipped_ns=17688000 arm_ns=18038000
SAMPLE proj_fwd round=8 arm_first=False shipped_ns=17805000 arm_ns=17757000
SAMPLE proj_fwd round=9 arm_first=True shipped_ns=17550000 arm_ns=17904000
SAMPLE proj_fwd round=10 arm_first=False shipped_ns=17848000 arm_ns=17727000
PRICE gemm shipped proj_fwd shipped_ms=17.55 arm_ms=17.663 ratio=1.0064387464387463 shipped_tflops=0.1376592082051282 arm_tflops=0.13677852595821774 shipped_launched_blocks=96 shipped_group_leaves=0 arm_launched_blocks=96 group_leaves=0 choose_plan=[TUNED 128x128 reg8x8 KS=16 fold=16 local tpb=256 hwftz=False (1-D grid, no swizzle)] shipped_plan=[TUNED 128x128 reg8x8 KS=16 fold=16 local tpb=256 hwftz=False (1-D grid, no swizzle) (ksplit default off: block parallelism row 0)] geometry=[shipped DEFAULT TUNED 128x128 reg8x8 KS=16 fold=16 local tpb=256 hwftz=False (1-D grid, no swizzle) (ksplit default off: block parallelism row 0)]
TABLE proj_fwd | NT | 2048 x 768 x 768 | 48 | TUNED 128x128 reg8x8 KS=16 fold=16 local tpb=256 hwftz=False (1-D grid, no swizzle) (ksplit default off: block parallelism row 0) | shipped DEFAULT TUNED 128x128 reg8x8 KS=16 fold=16 local tpb=256 hwftz=False (1-D grid, no swizzle) (ksplit default off: block parallelism row 0) | 96 | 96 | 17.55 | 17.663 | 1.0064387464387463 | 96 | 0 | 0
BITS proj_dA EQUAL cells=1572864 digest=0x4a06fac1f8e83213
SAMPLE proj_dA round=0 arm_first=False shipped_ns=17907000 arm_ns=18494000
SAMPLE proj_dA round=1 arm_first=True shipped_ns=18110000 arm_ns=18135000
SAMPLE proj_dA round=2 arm_first=False shipped_ns=17913000 arm_ns=18148000
SAMPLE proj_dA round=3 arm_first=True shipped_ns=18884000 arm_ns=18213000
SAMPLE proj_dA round=4 arm_first=False shipped_ns=18449000 arm_ns=18337000
SAMPLE proj_dA round=5 arm_first=True shipped_ns=18236000 arm_ns=18170000
SAMPLE proj_dA round=6 arm_first=False shipped_ns=18442000 arm_ns=18508000
SAMPLE proj_dA round=7 arm_first=True shipped_ns=18281000 arm_ns=18455000
SAMPLE proj_dA round=8 arm_first=False shipped_ns=18442000 arm_ns=18677000
SAMPLE proj_dA round=9 arm_first=True shipped_ns=18677000 arm_ns=18841000
SAMPLE proj_dA round=10 arm_first=False shipped_ns=18754000 arm_ns=18681000
PRICE gemm shipped proj_dA shipped_ms=18.442 arm_ms=18.455 ratio=1.0007049126992733 shipped_tflops=0.13100092744821604 arm_tflops=0.13090864827959903 shipped_launched_blocks=96 shipped_group_leaves=0 arm_launched_blocks=96 group_leaves=0 choose_plan=[TUNED 128x128 reg8x8 KS=16 fold=16 local tpb=256 hwftz=False (1-D grid, no swizzle)] shipped_plan=[TUNED 128x128 reg8x8 KS=16 fold=16 local tpb=256 hwftz=False (1-D grid, no swizzle) (ksplit default off: block parallelism row 0)] geometry=[shipped DEFAULT TUNED 128x128 reg8x8 KS=16 fold=16 local tpb=256 hwftz=False (1-D grid, no swizzle) (ksplit default off: block parallelism row 0)]
TABLE proj_dA | NN | 2048 x 768 x 768 | 48 | TUNED 128x128 reg8x8 KS=16 fold=16 local tpb=256 hwftz=False (1-D grid, no swizzle) (ksplit default off: block parallelism row 0) | shipped DEFAULT TUNED 128x128 reg8x8 KS=16 fold=16 local tpb=256 hwftz=False (1-D grid, no swizzle) (ksplit default off: block parallelism row 0) | 96 | 96 | 18.442 | 18.455 | 1.0007049126992733 | 96 | 0 | 0
BITS proj_dB EQUAL cells=589824 digest=0x1da75dd594f0934a
SAMPLE proj_dB round=0 arm_first=False shipped_ns=18143000 arm_ns=18345000
SAMPLE proj_dB round=1 arm_first=True shipped_ns=17903000 arm_ns=20076000
SAMPLE proj_dB round=2 arm_first=False shipped_ns=17528000 arm_ns=17731000
SAMPLE proj_dB round=3 arm_first=True shipped_ns=17938000 arm_ns=17826000
SAMPLE proj_dB round=4 arm_first=False shipped_ns=17948000 arm_ns=18602000
SAMPLE proj_dB round=5 arm_first=True shipped_ns=17981000 arm_ns=18026000
SAMPLE proj_dB round=6 arm_first=False shipped_ns=18155000 arm_ns=17961000
SAMPLE proj_dB round=7 arm_first=True shipped_ns=18255000 arm_ns=18055000
SAMPLE proj_dB round=8 arm_first=False shipped_ns=18351000 arm_ns=18423000
SAMPLE proj_dB round=9 arm_first=True shipped_ns=18724000 arm_ns=18405000
SAMPLE proj_dB round=10 arm_first=False shipped_ns=18931000 arm_ns=18516000
PRICE gemm shipped proj_dB shipped_ms=18.143 arm_ms=18.345 ratio=1.0111337706002315 shipped_tflops=0.13315984699333075 arm_tflops=0.1316936006541292 shipped_launched_blocks=36 shipped_group_leaves=0 arm_launched_blocks=36 group_leaves=0 choose_plan=[TUNED 128x128 reg8x8 KS=16 fold=16 local tpb=256 hwftz=False (1-D grid, no swizzle)] shipped_plan=[TUNED 128x128 reg8x8 KS=16 fold=16 local tpb=256 hwftz=False (1-D grid, no swizzle) (ksplit default off: block parallelism row 0)] geometry=[shipped DEFAULT TUNED 128x128 reg8x8 KS=16 fold=16 local tpb=256 hwftz=False (1-D grid, no swizzle) (ksplit default off: block parallelism row 0)]
TABLE proj_dB | TN | 768 x 768 x 2048 | 48 | TUNED 128x128 reg8x8 KS=16 fold=16 local tpb=256 hwftz=False (1-D grid, no swizzle) (ksplit default off: block parallelism row 0) | shipped DEFAULT TUNED 128x128 reg8x8 KS=16 fold=16 local tpb=256 hwftz=False (1-D grid, no swizzle) (ksplit default off: block parallelism row 0) | 36 | 36 | 18.143 | 18.345 | 1.0111337706002315 | 36 | 0 | 0
BITS gateup_fwd EQUAL cells=4194304 digest=0xe05cc5aa93a62891
SAMPLE gateup_fwd round=0 arm_first=False shipped_ns=45615000 arm_ns=46128000
SAMPLE gateup_fwd round=1 arm_first=True shipped_ns=46536000 arm_ns=45835000
SAMPLE gateup_fwd round=2 arm_first=False shipped_ns=46297000 arm_ns=45983000
SAMPLE gateup_fwd round=3 arm_first=True shipped_ns=46658000 arm_ns=47321000
SAMPLE gateup_fwd round=4 arm_first=False shipped_ns=47905000 arm_ns=48395000
SAMPLE gateup_fwd round=5 arm_first=True shipped_ns=48169000 arm_ns=47715000
SAMPLE gateup_fwd round=6 arm_first=False shipped_ns=49168000 arm_ns=49236000
SAMPLE gateup_fwd round=7 arm_first=True shipped_ns=49612000 arm_ns=50029000
SAMPLE gateup_fwd round=8 arm_first=False shipped_ns=50109000 arm_ns=49866000
SAMPLE gateup_fwd round=9 arm_first=True shipped_ns=50699000 arm_ns=50310000
SAMPLE gateup_fwd round=10 arm_first=False shipped_ns=49991000 arm_ns=50714000
PRICE gemm shipped gateup_fwd shipped_ms=48.169 arm_ms=48.395 ratio=1.0046918142373726 shipped_tflops=0.13374682771076835 arm_tflops=0.1331222428763302 shipped_launched_blocks=256 shipped_group_leaves=0 arm_launched_blocks=256 group_leaves=0 choose_plan=[TUNED 128x128 reg8x8 KS=16 fold=16 local tpb=256 hwftz=False (1-D grid, no swizzle)] shipped_plan=[TUNED 128x128 reg8x8 KS=16 fold=16 local tpb=256 hwftz=False (1-D grid, no swizzle) (ksplit default off: block parallelism row 0)] geometry=[shipped DEFAULT TUNED 128x128 reg8x8 KS=16 fold=16 local tpb=256 hwftz=False (1-D grid, no swizzle) (ksplit default off: block parallelism row 0)]
TABLE gateup_fwd | NT | 2048 x 2048 x 768 | 24 | TUNED 128x128 reg8x8 KS=16 fold=16 local tpb=256 hwftz=False (1-D grid, no swizzle) (ksplit default off: block parallelism row 0) | shipped DEFAULT TUNED 128x128 reg8x8 KS=16 fold=16 local tpb=256 hwftz=False (1-D grid, no swizzle) (ksplit default off: block parallelism row 0) | 256 | 256 | 48.169 | 48.395 | 1.0046918142373726 | 256 | 0 | 0
BITS gateup_dA EQUAL cells=1572864 digest=0x46dcce99fe75e276
SAMPLE gateup_dA round=0 arm_first=False shipped_ns=51045000 arm_ns=51601000
SAMPLE gateup_dA round=1 arm_first=True shipped_ns=51318000 arm_ns=51399000
SAMPLE gateup_dA round=2 arm_first=False shipped_ns=50981000 arm_ns=51900000
SAMPLE gateup_dA round=3 arm_first=True shipped_ns=52193000 arm_ns=52122000
SAMPLE gateup_dA round=4 arm_first=False shipped_ns=52605000 arm_ns=53259000
SAMPLE gateup_dA round=5 arm_first=True shipped_ns=53922000 arm_ns=53338000
SAMPLE gateup_dA round=6 arm_first=False shipped_ns=53312000 arm_ns=54117000
SAMPLE gateup_dA round=7 arm_first=True shipped_ns=53199000 arm_ns=54351000
SAMPLE gateup_dA round=8 arm_first=False shipped_ns=53358000 arm_ns=53826000
SAMPLE gateup_dA round=9 arm_first=True shipped_ns=54356000 arm_ns=55483000
SAMPLE gateup_dA round=10 arm_first=False shipped_ns=53571000 arm_ns=53210000
PRICE gemm shipped gateup_dA shipped_ms=53.199 arm_ms=53.259 ratio=1.0011278407488864 shipped_tflops=0.12110097828906559 arm_tflops=0.12096454954092266 shipped_launched_blocks=96 shipped_group_leaves=0 arm_launched_blocks=96 group_leaves=0 choose_plan=[TUNED 128x128 reg8x8 KS=16 fold=16 local tpb=256 hwftz=False (1-D grid, no swizzle)] shipped_plan=[TUNED 128x128 reg8x8 KS=16 fold=16 local tpb=256 hwftz=False (1-D grid, no swizzle) (ksplit default off: block parallelism row 0)] geometry=[shipped DEFAULT TUNED 128x128 reg8x8 KS=16 fold=16 local tpb=256 hwftz=False (1-D grid, no swizzle) (ksplit default off: block parallelism row 0)]
TABLE gateup_dA | NN | 2048 x 768 x 2048 | 24 | TUNED 128x128 reg8x8 KS=16 fold=16 local tpb=256 hwftz=False (1-D grid, no swizzle) (ksplit default off: block parallelism row 0) | shipped DEFAULT TUNED 128x128 reg8x8 KS=16 fold=16 local tpb=256 hwftz=False (1-D grid, no swizzle) (ksplit default off: block parallelism row 0) | 96 | 96 | 53.199 | 53.259 | 1.0011278407488864 | 96 | 0 | 0
BITS gateup_dB EQUAL cells=1572864 digest=0xb0d0047e75bc15a7
SAMPLE gateup_dB round=0 arm_first=False shipped_ns=53140000 arm_ns=53546000
SAMPLE gateup_dB round=1 arm_first=True shipped_ns=53861000 arm_ns=52690000
SAMPLE gateup_dB round=2 arm_first=False shipped_ns=53141000 arm_ns=53066000
SAMPLE gateup_dB round=3 arm_first=True shipped_ns=53582000 arm_ns=52793000
SAMPLE gateup_dB round=4 arm_first=False shipped_ns=54029000 arm_ns=53168000
SAMPLE gateup_dB round=5 arm_first=True shipped_ns=54100000 arm_ns=54202000
SAMPLE gateup_dB round=6 arm_first=False shipped_ns=54343000 arm_ns=54186000
SAMPLE gateup_dB round=7 arm_first=True shipped_ns=54060000 arm_ns=56829000
SAMPLE gateup_dB round=8 arm_first=False shipped_ns=54847000 arm_ns=56150000
SAMPLE gateup_dB round=9 arm_first=True shipped_ns=54378000 arm_ns=54646000
SAMPLE gateup_dB round=10 arm_first=False shipped_ns=55089000 arm_ns=56013000
PRICE gemm shipped gateup_dB shipped_ms=54.06 arm_ms=54.186 ratio=1.0023307436182018 shipped_tflops=0.11917223351831299 arm_tflops=0.11889511947735577 shipped_launched_blocks=96 shipped_group_leaves=0 arm_launched_blocks=96 group_leaves=0 choose_plan=[TUNED 128x128 reg8x8 KS=16 fold=16 local tpb=256 hwftz=False (1-D grid, no swizzle)] shipped_plan=[TUNED 128x128 reg8x8 KS=16 fold=16 local tpb=256 hwftz=False (1-D grid, no swizzle) (ksplit default off: block parallelism row 0)] geometry=[shipped DEFAULT TUNED 128x128 reg8x8 KS=16 fold=16 local tpb=256 hwftz=False (1-D grid, no swizzle) (ksplit default off: block parallelism row 0)]
TABLE gateup_dB | TN | 2048 x 768 x 2048 | 24 | TUNED 128x128 reg8x8 KS=16 fold=16 local tpb=256 hwftz=False (1-D grid, no swizzle) (ksplit default off: block parallelism row 0) | shipped DEFAULT TUNED 128x128 reg8x8 KS=16 fold=16 local tpb=256 hwftz=False (1-D grid, no swizzle) (ksplit default off: block parallelism row 0) | 96 | 96 | 54.06 | 54.186 | 1.0023307436182018 | 96 | 0 | 0
BITS down_fwd EQUAL cells=1572864 digest=0x63592259bcb93a54
SAMPLE down_fwd round=0 arm_first=False shipped_ns=47290000 arm_ns=47787000
SAMPLE down_fwd round=1 arm_first=True shipped_ns=48190000 arm_ns=49711000
SAMPLE down_fwd round=2 arm_first=False shipped_ns=48983000 arm_ns=50147000
SAMPLE down_fwd round=3 arm_first=True shipped_ns=51545000 arm_ns=51621000
SAMPLE down_fwd round=4 arm_first=False shipped_ns=53465000 arm_ns=49865000
SAMPLE down_fwd round=5 arm_first=True shipped_ns=49932000 arm_ns=51462000
SAMPLE down_fwd round=6 arm_first=False shipped_ns=51649000 arm_ns=50554000
SAMPLE down_fwd round=7 arm_first=True shipped_ns=50636000 arm_ns=50670000
SAMPLE down_fwd round=8 arm_first=False shipped_ns=50605000 arm_ns=50587000
SAMPLE down_fwd round=9 arm_first=True shipped_ns=50120000 arm_ns=50944000
SAMPLE down_fwd round=10 arm_first=False shipped_ns=50111000 arm_ns=50239000
PRICE gemm shipped down_fwd shipped_ms=50.12 arm_ms=50.554 ratio=1.008659217877095 shipped_tflops=0.12854052162809257 arm_tflops=0.12743701673458085 shipped_launched_blocks=96 shipped_group_leaves=0 arm_launched_blocks=96 group_leaves=0 choose_plan=[TUNED 128x128 reg8x8 KS=16 fold=16 local tpb=256 hwftz=False (1-D grid, no swizzle)] shipped_plan=[TUNED 128x128 reg8x8 KS=16 fold=16 local tpb=256 hwftz=False (1-D grid, no swizzle) (ksplit default off: block parallelism row 0)] geometry=[shipped DEFAULT TUNED 128x128 reg8x8 KS=16 fold=16 local tpb=256 hwftz=False (1-D grid, no swizzle) (ksplit default off: block parallelism row 0)]
TABLE down_fwd | NT | 2048 x 768 x 2048 | 12 | TUNED 128x128 reg8x8 KS=16 fold=16 local tpb=256 hwftz=False (1-D grid, no swizzle) (ksplit default off: block parallelism row 0) | shipped DEFAULT TUNED 128x128 reg8x8 KS=16 fold=16 local tpb=256 hwftz=False (1-D grid, no swizzle) (ksplit default off: block parallelism row 0) | 96 | 96 | 50.12 | 50.554 | 1.008659217877095 | 96 | 0 | 0
BITS down_dA EQUAL cells=4194304 digest=0x5b61bc9fe00905
SAMPLE down_dA round=0 arm_first=False shipped_ns=49346000 arm_ns=48620000
SAMPLE down_dA round=1 arm_first=True shipped_ns=49618000 arm_ns=49112000
SAMPLE down_dA round=2 arm_first=False shipped_ns=50027000 arm_ns=49180000
SAMPLE down_dA round=3 arm_first=True shipped_ns=49979000 arm_ns=49698000
SAMPLE down_dA round=4 arm_first=False shipped_ns=52963000 arm_ns=52263000
SAMPLE down_dA round=5 arm_first=True shipped_ns=50768000 arm_ns=51136000
SAMPLE down_dA round=6 arm_first=False shipped_ns=51932000 arm_ns=52663000
SAMPLE down_dA round=7 arm_first=True shipped_ns=54557000 arm_ns=56677000
SAMPLE down_dA round=8 arm_first=False shipped_ns=53248000 arm_ns=53111000
SAMPLE down_dA round=9 arm_first=True shipped_ns=52665000 arm_ns=52840000
SAMPLE down_dA round=10 arm_first=False shipped_ns=53139000 arm_ns=53018000
PRICE gemm shipped down_dA shipped_ms=51.932 arm_ms=52.263 ratio=1.006373719479319 shipped_tflops=0.12405551382577217 arm_tflops=0.12326982653119797 shipped_launched_blocks=256 shipped_group_leaves=0 arm_launched_blocks=256 group_leaves=0 choose_plan=[TUNED 128x128 reg8x8 KS=16 fold=16 local tpb=256 hwftz=False (1-D grid, no swizzle)] shipped_plan=[TUNED 128x128 reg8x8 KS=16 fold=16 local tpb=256 hwftz=False (1-D grid, no swizzle) (ksplit default off: block parallelism row 0)] geometry=[shipped DEFAULT TUNED 128x128 reg8x8 KS=16 fold=16 local tpb=256 hwftz=False (1-D grid, no swizzle) (ksplit default off: block parallelism row 0)]
TABLE down_dA | NN | 2048 x 2048 x 768 | 12 | TUNED 128x128 reg8x8 KS=16 fold=16 local tpb=256 hwftz=False (1-D grid, no swizzle) (ksplit default off: block parallelism row 0) | shipped DEFAULT TUNED 128x128 reg8x8 KS=16 fold=16 local tpb=256 hwftz=False (1-D grid, no swizzle) (ksplit default off: block parallelism row 0) | 256 | 256 | 51.932 | 52.263 | 1.006373719479319 | 256 | 0 | 0
BITS down_dB EQUAL cells=1572864 digest=0xa58e713f45edd8ed
SAMPLE down_dB round=0 arm_first=False shipped_ns=52875000 arm_ns=61279000
SAMPLE down_dB round=1 arm_first=True shipped_ns=51060000 arm_ns=53076000
SAMPLE down_dB round=2 arm_first=False shipped_ns=52085000 arm_ns=52984000
SAMPLE down_dB round=3 arm_first=True shipped_ns=52428000 arm_ns=56062000
SAMPLE down_dB round=4 arm_first=False shipped_ns=52222000 arm_ns=52812000
SAMPLE down_dB round=5 arm_first=True shipped_ns=53261000 arm_ns=53055000
SAMPLE down_dB round=6 arm_first=False shipped_ns=52759000 arm_ns=53955000
SAMPLE down_dB round=7 arm_first=True shipped_ns=55702000 arm_ns=53995000
SAMPLE down_dB round=8 arm_first=False shipped_ns=54106000 arm_ns=53885000
SAMPLE down_dB round=9 arm_first=True shipped_ns=53978000 arm_ns=53888000
SAMPLE down_dB round=10 arm_first=False shipped_ns=54618000 arm_ns=55049000
PRICE gemm shipped down_dB shipped_ms=52.875 arm_ms=53.888 ratio=1.019158392434988 shipped_tflops=0.12184304385815603 arm_tflops=0.1195526080760095 shipped_launched_blocks=96 shipped_group_leaves=0 arm_launched_blocks=96 group_leaves=0 choose_plan=[TUNED 128x128 reg8x8 KS=16 fold=16 local tpb=256 hwftz=False (1-D grid, no swizzle)] shipped_plan=[TUNED 128x128 reg8x8 KS=16 fold=16 local tpb=256 hwftz=False (1-D grid, no swizzle) (ksplit default off: block parallelism row 0)] geometry=[shipped DEFAULT TUNED 128x128 reg8x8 KS=16 fold=16 local tpb=256 hwftz=False (1-D grid, no swizzle) (ksplit default off: block parallelism row 0)]
TABLE down_dB | TN | 768 x 2048 x 2048 | 12 | TUNED 128x128 reg8x8 KS=16 fold=16 local tpb=256 hwftz=False (1-D grid, no swizzle) (ksplit default off: block parallelism row 0) | shipped DEFAULT TUNED 128x128 reg8x8 KS=16 fold=16 local tpb=256 hwftz=False (1-D grid, no swizzle) (ksplit default off: block parallelism row 0) | 96 | 96 | 52.875 | 53.888 | 1.019158392434988 | 96 | 0 | 0
BITS head_fwd EQUAL cells=102926336 digest=0xe1e8e917ef51cb67
SAMPLE head_fwd round=0 arm_first=False shipped_ns=1142857000 arm_ns=1136596000
SAMPLE head_fwd round=1 arm_first=True shipped_ns=1103685000 arm_ns=1142383000
SAMPLE head_fwd round=2 arm_first=False shipped_ns=1134496000 arm_ns=1148508000
SAMPLE head_fwd round=3 arm_first=True shipped_ns=1158466000 arm_ns=1178690000
SAMPLE head_fwd round=4 arm_first=False shipped_ns=1204993000 arm_ns=1193795000
SAMPLE head_fwd round=5 arm_first=True shipped_ns=1149038000 arm_ns=1145150000
SAMPLE head_fwd round=6 arm_first=False shipped_ns=1174116000 arm_ns=1189982000
SAMPLE head_fwd round=7 arm_first=True shipped_ns=1158004000 arm_ns=1179466000
SAMPLE head_fwd round=8 arm_first=False shipped_ns=1145180000 arm_ns=1162988000
SAMPLE head_fwd round=9 arm_first=True shipped_ns=1150384000 arm_ns=1175733000
SAMPLE head_fwd round=10 arm_first=False shipped_ns=1132929000 arm_ns=1146886000
PRICE gemm shipped head_fwd shipped_ms=1149.038 arm_ms=1162.988 ratio=1.0121405906506138 shipped_tflops=0.13758888052092272 arm_tflops=0.13593850675673352 shipped_launched_blocks=6288 shipped_group_leaves=0 arm_launched_blocks=6288 group_leaves=0 choose_plan=[TUNED 128x128 reg8x8 KS=16 fold=16 local tpb=256 hwftz=False (1-D grid, no swizzle)] shipped_plan=[TUNED 128x128 reg8x8 KS=16 fold=16 local tpb=256 hwftz=False (1-D grid, no swizzle) (ksplit default off: block parallelism row 0)] geometry=[shipped DEFAULT TUNED 128x128 reg8x8 KS=16 fold=16 local tpb=256 hwftz=False (1-D grid, no swizzle) (ksplit default off: block parallelism row 0)]
TABLE head_fwd | NT | 2048 x 50257 x 768 | 1 | TUNED 128x128 reg8x8 KS=16 fold=16 local tpb=256 hwftz=False (1-D grid, no swizzle) (ksplit default off: block parallelism row 0) | shipped DEFAULT TUNED 128x128 reg8x8 KS=16 fold=16 local tpb=256 hwftz=False (1-D grid, no swizzle) (ksplit default off: block parallelism row 0) | 6288 | 6288 | 1149.038 | 1162.988 | 1.0121405906506138 | 6288 | 0 | 0
BITS head_dA EQUAL cells=1572864 digest=0x287761cb23fe7292
SAMPLE head_dA round=0 arm_first=False shipped_ns=1253089000 arm_ns=1279420000
SAMPLE head_dA round=1 arm_first=True shipped_ns=1294224000 arm_ns=1258136000
SAMPLE head_dA round=2 arm_first=False shipped_ns=1293053000 arm_ns=1279685000
SAMPLE head_dA round=3 arm_first=True shipped_ns=1323226000 arm_ns=1312692000
SAMPLE head_dA round=4 arm_first=False shipped_ns=1304320000 arm_ns=1282529000
SAMPLE head_dA round=5 arm_first=True shipped_ns=1315054000 arm_ns=1308862000
SAMPLE head_dA round=6 arm_first=False shipped_ns=1336217000 arm_ns=1247204000
SAMPLE head_dA round=7 arm_first=True shipped_ns=1265568000 arm_ns=1259271000
SAMPLE head_dA round=8 arm_first=False shipped_ns=1290145000 arm_ns=1327191000
SAMPLE head_dA round=9 arm_first=True shipped_ns=1272943000 arm_ns=1315826000
SAMPLE head_dA round=10 arm_first=False shipped_ns=1292136000 arm_ns=1295608000
PRICE gemm shipped head_dA shipped_ms=1293.053 arm_ms=1282.529 ratio=0.991861122475258 shipped_tflops=0.12226478891120472 arm_tflops=0.12326805249316 shipped_launched_blocks=96 shipped_group_leaves=0 arm_launched_blocks=96 group_leaves=0 choose_plan=[TUNED 128x128 reg8x8 KS=16 fold=16 local tpb=256 hwftz=False (1-D grid, no swizzle)] shipped_plan=[TUNED 128x128 reg8x8 KS=16 fold=16 local tpb=256 hwftz=False (1-D grid, no swizzle) (ksplit default off: block parallelism row 0)] geometry=[shipped DEFAULT TUNED 128x128 reg8x8 KS=16 fold=16 local tpb=256 hwftz=False (1-D grid, no swizzle) (ksplit default off: block parallelism row 0)]
TABLE head_dA | NN | 2048 x 768 x 50257 | 1 | TUNED 128x128 reg8x8 KS=16 fold=16 local tpb=256 hwftz=False (1-D grid, no swizzle) (ksplit default off: block parallelism row 0) | shipped DEFAULT TUNED 128x128 reg8x8 KS=16 fold=16 local tpb=256 hwftz=False (1-D grid, no swizzle) (ksplit default off: block parallelism row 0) | 96 | 96 | 1293.053 | 1282.529 | 0.991861122475258 | 96 | 0 | 0
BITS head_dB EQUAL cells=38597376 digest=0x48cf871761b383a8
SAMPLE head_dB round=0 arm_first=False shipped_ns=1274105000 arm_ns=1276272000
SAMPLE head_dB round=1 arm_first=True shipped_ns=1274070000 arm_ns=1280568000
SAMPLE head_dB round=2 arm_first=False shipped_ns=1279832000 arm_ns=1312126000
SAMPLE head_dB round=3 arm_first=True shipped_ns=1252057000 arm_ns=1285555000
SAMPLE head_dB round=4 arm_first=False shipped_ns=1322200000 arm_ns=1333938000
SAMPLE head_dB round=5 arm_first=True shipped_ns=1310106000 arm_ns=1331266000
SAMPLE head_dB round=6 arm_first=False shipped_ns=1443773000 arm_ns=1410666000
SAMPLE head_dB round=7 arm_first=True shipped_ns=1226576000 arm_ns=1268362000
SAMPLE head_dB round=8 arm_first=False shipped_ns=1254445000 arm_ns=1284043000
SAMPLE head_dB round=9 arm_first=True shipped_ns=1302873000 arm_ns=1269160000
SAMPLE head_dB round=10 arm_first=False shipped_ns=1290010000 arm_ns=1310317000
PRICE gemm shipped head_dB shipped_ms=1279.832 arm_ms=1285.555 ratio=1.0044716806580862 shipped_tflops=0.12352781622587965 arm_tflops=0.12297789833651614 shipped_launched_blocks=2358 shipped_group_leaves=0 arm_launched_blocks=2358 group_leaves=0 choose_plan=[TUNED 128x128 reg8x8 KS=16 fold=16 local tpb=256 hwftz=False (1-D grid, no swizzle)] shipped_plan=[TUNED 128x128 reg8x8 KS=16 fold=16 local tpb=256 hwftz=False (1-D grid, no swizzle) (ksplit default off: block parallelism row 0)] geometry=[shipped DEFAULT TUNED 128x128 reg8x8 KS=16 fold=16 local tpb=256 hwftz=False (1-D grid, no swizzle) (ksplit default off: block parallelism row 0)]
TABLE head_dB | TN | 50257 x 768 x 2048 | 1 | TUNED 128x128 reg8x8 KS=16 fold=16 local tpb=256 hwftz=False (1-D grid, no swizzle) (ksplit default off: block parallelism row 0) | shipped DEFAULT TUNED 128x128 reg8x8 KS=16 fold=16 local tpb=256 hwftz=False (1-D grid, no swizzle) (ksplit default off: block parallelism row 0) | 2358 | 2358 | 1279.832 | 1285.555 | 1.0044716806580862 | 2358 | 0 | 0
STEP gemm arm=shipped ratio=1.0047118343474983 shipped_ms=11909.799 arm_ms=11965.916000000001 calls=12 moved=0 (per-call medians weighted by per-step counts; a GEMM sum, not a step time)
