
=== 2026-09-29T15:49:27Z /Users/ec2-user/bench-board-cache/venv/bin/python -u /Users/ec2-user/mojolearn-wt/steward-m3ultra-b/bench/speed/forest_speed_arm.py --lane iforest --dataset taxi --devices cpu --arms sklearn-iforest-cpu --ours-ab 'numeric_mode='"'"'fast'"'"'' --mem --infer
FSPEED-CTR-TRACE lane=iforest MOJOLEARN_CTR_TRACE=1 (the fit prints its CTR config split and prep marker; DEVIATION 2634 is observable)
FSPEED-NOTE lane=iforest arms=* metric=auc delta=0.763285 reason=proxy AUC: anomaly score against the minority class (label 0) of taxi, no planted anomalies
FSPEED-NOTE lane=iforest arms=ours metric=devices delta=1.000000 reason=devices=cpu (explicit); on an NVIDIA box the vendors' CPU arms do not run, so a lane whose only opponent is a CPU library has NO legal opponent here and says so
BENCH_BINDING arm=ours requested=identical resolved=identical compiled=identical vendor=metal path=/Users/ec2-user/bench-board-cache/venv/lib/python3.13/site-packages/mojolearn/identical/_mojolearn_svm.so
FSPEED-AB lane=iforest arm=ours-ab numeric_mode='fast' (arm ours keeps the estimator default)
BENCH_BINDING arm=ours-ab requested=fast resolved=fast compiled=fast vendor=metal path=/Users/ec2-user/bench-board-cache/venv/lib/python3.13/site-packages/mojolearn/_mojolearn_svm.so
FSPEED-NOTE lane=iforest arms=sklearn-iforest-cpu,ours metric=mismatch delta=1.000000 reason=max_depth: sklearn has no parameter and fixes ceil(log2(max_samples)) = 8; ours max_depth None resolves to the same integer ceil(log2(max_samples)). Ours keeps no forest after fit (DEVIATION 1836), so its leaf count cannot be read and the f
FSPEED-LIBRARY {"arm": "ours", "device": "gpu", "device_name": "Apple M3 Ultra", "lane": "iforest", "library": "mojolearn", "version": null}
FSPEED-LIBRARY {"arm": "ours-ab", "device": "gpu", "device_name": "Apple M3 Ultra", "lane": "iforest", "library": "mojolearn", "version": null}
FSPEED-LIBRARY {"arm": "sklearn-iforest-cpu", "device": "cpu", "device_name": null, "lane": "iforest", "library": "sklearn", "version": "1.7.2"}
BOARD-PARAMS {"arms": {"ours": {"library": "mojolearn", "params": {"bootstrap": false, "contamination": "auto", "max_depth": null, "max_features": 1.0, "max_samples": 256, "n_estimators": 100, "seed": 7}, "source": "get_params"}, "ours-ab": {"library": "mojolearn", "params": {"bootstrap": false, "contamination": "auto", "max_depth": null, "max_features": 1.0, "max_samples": 256, "n_estimators": 100, "seed": 7}, "source": "get_params"}, "sklearn-iforest-cpu": {"library": "sklearn", "params": {"bootstrap": false, "contamination": "auto", "max_features": 1.0, "max_samples": 256, "n_estimators": 100, "seed": 7}, "source": "get_params"}}, "compared": [{"arm": "ours-ab", "ours": false, "param": "bootstrap", "same": true, "theirs": false}, {"arm": "ours-ab", "ours": "auto", "param": "contamination", "same": true, "theirs": "auto"}, {"arm": "ours-ab", "ours": null, "param": "max_depth", "same": false, "theirs": null}, {"arm": "ours-ab", "ours": 1.0, "param": "max_features", "same": true, "theirs": 1.0}, {"arm": "ours-ab", "ours": 256, "param": "max_samples", "same": true, "theirs": 256}, {"arm": "ours-ab", "ours": 100, "param": "n_estimators", "same": true, "theirs": 100}, {"arm": "sklearn-iforest-cpu", "ours": false, "param": "bootstrap", "same": true, "theirs": false}, {"arm": "sklearn-iforest-cpu", "ours": "auto", "param": "contamination", "same": true, "theirs": "auto"}, {"arm": "sklearn-iforest-cpu", "ours": 1.0, "param": "max_features", "same": true, "theirs": 1.0}, {"arm": "sklearn-iforest-cpu", "ours": 256, "param": "max_samples", "same": true, "theirs": 256}, {"arm": "sklearn-iforest-cpu", "ours": 100, "param": "n_estimators", "same": true, "theirs": 100}], "exceptions": [{"arm": "ours-ab", "ours": null, "param": "max_depth", "reason": "ours None is the auto depth ceil(log2(max_samples)) = 8; sklearn has no max_depth parameter and fixes the same value", "theirs": null}], "family": "trees", "lane": "iforest", "problems": [], "reference": "ours", "seed": 7, "seed_none_deterministic": [], "verdict": "MATCHED"}
FSPEED-NOTE lane=iforest arms=ours,ours-ab,sklearn-iforest-cpu metric=mismatch delta=0.000000 reason=seed 7 on every arm through its own argument (random_state, random_seed, seed); each library draws from its own generator, so the streams are not shared: row subsamples, split features and thresholds
BOARD-PARAMS {"arms": {"ours": {"library": "mojolearn", "params": {"bootstrap": false, "contamination": "auto", "max_depth": null, "max_features": 1.0, "max_samples": 256, "n_estimators": 100, "seed": 7}, "source": "get_params"}, "ours-ab": {"library": "mojolearn", "params": {"bootstrap": false, "contamination": "auto", "max_depth": null, "max_features": 1.0, "max_samples": 256, "n_estimators": 100, "seed": 7}, "source": "get_params"}, "sklearn-iforest-cpu": {"library": "sklearn", "params": {"bootstrap": false, "contamination": "auto", "max_features": 1.0, "max_samples": 256, "n_estimators": 100, "seed": 7}, "source": "get_params"}}, "compared": [{"arm": "ours-ab", "ours": false, "param": "bootstrap", "same": true, "theirs": false}, {"arm": "ours-ab", "ours": "auto", "param": "contamination", "same": true, "theirs": "auto"}, {"arm": "ours-ab", "ours": null, "param": "max_depth", "same": false, "theirs": null}, {"arm": "ours-ab", "ours": 1.0, "param": "max_features", "same": true, "theirs": 1.0}, {"arm": "ours-ab", "ours": 256, "param": "max_samples", "same": true, "theirs": 256}, {"arm": "ours-ab", "ours": 100, "param": "n_estimators", "same": true, "theirs": 100}, {"arm": "sklearn-iforest-cpu", "ours": false, "param": "bootstrap", "same": true, "theirs": false}, {"arm": "sklearn-iforest-cpu", "ours": "auto", "param": "contamination", "same": true, "theirs": "auto"}, {"arm": "sklearn-iforest-cpu", "ours": 1.0, "param": "max_features", "same": true, "theirs": 1.0}, {"arm": "sklearn-iforest-cpu", "ours": 256, "param": "max_samples", "same": true, "theirs": 256}, {"arm": "sklearn-iforest-cpu", "ours": 100, "param": "n_estimators", "same": true, "theirs": 100}], "exceptions": [{"arm": "ours-ab", "ours": null, "param": "max_depth", "reason": "ours None is the auto depth ceil(log2(max_samples)) = 8; sklearn has no max_depth parameter and fixes the same value", "theirs": null}], "family": "trees", "lane": "iforest", "problems": [], "reference": "ours", "seed": 7, "seed_none_deterministic": [], "verdict": "MATCHED"}
FSPEED-SCALE stage=before rows=4110786 features=16 input_mib=250.9 large_candidate=true
FSPEED-REMINDER stage=before Optimize for large datasets; confirm representative feature/class counts, tree depth and memory pressure before making speed/default decisions.
FSPEED-HEADER family=forest lane=iforest arm=ours mode=IDENTICAL device=Darwin_arm64 rounds=1 size=shipped
FSPEED-HEADER family=forest lane=iforest arm=ours-ab mode=IDENTICAL device=Darwin_arm64 rounds=1 size=shipped
FSPEED-HEADER family=forest lane=iforest arm=sklearn-iforest-cpu mode=IDENTICAL device=Darwin_arm64 rounds=1 size=shipped
FSPEED-MEM lane=iforest arm=ours round=0 host_mb=1321.6 gpu_mb=- children_mb=1.7 host_method=macOS proc_pid_rusage ri_interval_max_phys_footprint (peak physical footprint over the round; Metal buffers are inside it) gpu_method=Apple unified memory: no per-process GPU counter; Metal buffers are inside peak_host_mb (phys_footprint)
FSPEED-WARMUP lane=iforest arm=ours shape=taxi-4110786x16 ms=145.835
FSPEED-MEM lane=iforest arm=ours-ab round=0 host_mb=1323.4 gpu_mb=- children_mb=1.7 host_method=macOS proc_pid_rusage ri_interval_max_phys_footprint (peak physical footprint over the round; Metal buffers are inside it) gpu_method=Apple unified memory: no per-process GPU counter; Metal buffers are inside peak_host_mb (phys_footprint)
FSPEED-WARMUP lane=iforest arm=ours-ab shape=taxi-4110786x16 ms=123.911
FSPEED-MEM lane=iforest arm=sklearn-iforest-cpu round=0 host_mb=2368.1 gpu_mb=- children_mb=16.0 host_method=macOS proc_pid_rusage ri_interval_max_phys_footprint (peak physical footprint over the round; Metal buffers are inside it) gpu_method=cpu arm: no device memory
FSPEED-WARMUP lane=iforest arm=sklearn-iforest-cpu shape=taxi-4110786x16 ms=445.034
FSPEED-ORDER lane=iforest round=1 arms=ours,ours-ab,sklearn-iforest-cpu
FSPEED-MEM lane=iforest arm=ours round=1 host_mb=1351.7 gpu_mb=- children_mb=16.0 host_method=macOS proc_pid_rusage ri_interval_max_phys_footprint (peak physical footprint over the round; Metal buffers are inside it) gpu_method=Apple unified memory: no per-process GPU counter; Metal buffers are inside peak_host_mb (phys_footprint)
FSPEED lane=iforest arm=ours shape=taxi-4110786x16 round=1 ms=123.171 hash=0f75e4476502aa46
FSPEED-MEM lane=iforest arm=ours-ab round=1 host_mb=1414.1 gpu_mb=- children_mb=16.0 host_method=macOS proc_pid_rusage ri_interval_max_phys_footprint (peak physical footprint over the round; Metal buffers are inside it) gpu_method=Apple unified memory: no per-process GPU counter; Metal buffers are inside peak_host_mb (phys_footprint)
FSPEED lane=iforest arm=ours-ab shape=taxi-4110786x16 round=1 ms=118.918 hash=45bc3cb4957e1618
FSPEED-MEM lane=iforest arm=sklearn-iforest-cpu round=1 host_mb=949.8 gpu_mb=- children_mb=16.0 host_method=macOS proc_pid_rusage ri_interval_max_phys_footprint (peak physical footprint over the round; Metal buffers are inside it) gpu_method=cpu arm: no device memory
FSPEED lane=iforest arm=sklearn-iforest-cpu shape=taxi-4110786x16 round=1 ms=464.517 hash=9b014e2b3e46ff8e
FSPEED-ACC lane=iforest arm=ours metric=auc value=0.551846
FSPEED-ACC lane=iforest arm=ours-ab metric=auc value=0.551846
FSPEED-ACC lane=iforest arm=sklearn-iforest-cpu metric=auc value=0.552849
FSPEED-FIT lane=iforest arm=ours library=mojolearn trees=- nodes=- leaves=- depth_max=- source=none
FSPEED-FIT-NOTE lane=iforest arm=ours note=this estimator exposes no fitted ensemble; IsolationForest rebuilds its forest per call (DEVIATION 874/1836) and keeps nothing to read
FSPEED-FIT lane=iforest arm=ours-ab library=mojolearn trees=- nodes=- leaves=- depth_max=- source=none
FSPEED-FIT-NOTE lane=iforest arm=ours-ab note=this estimator exposes no fitted ensemble; IsolationForest rebuilds its forest per call (DEVIATION 874/1836) and keeps nothing to read
FSPEED-FIT lane=iforest arm=sklearn-iforest-cpu library=sklearn trees=100 nodes=12162 leaves=6131 depth_max=8 source=estimators_[i].tree_
FSPEED-FIT-VERDICT lane=iforest arms=ours,ours-ab,sklearn-iforest-cpu leaves=sklearn-iforest-cpu:6131 spread=- verdict=UNKNOWN reason=fewer than two arms exposed a leaf count; an unread comparison is not a fair one
FSPEED-SCALE stage=after rows=4110786 features=16 input_mib=250.9 large_candidate=true
FSPEED-REMINDER stage=after Optimize for large datasets; confirm representative feature/class counts, tree depth and memory pressure before making speed/default decisions.
FSPEED-INFER-PATH lane=iforest arm=ours call=mojolearn IsolationForest.score_samples(X) (the forest is rebuilt inside every scoring call, DEVIATION 874, so this clock includes a forest build)
FSPEED-INFER-PATH lane=iforest arm=ours-ab call=mojolearn IsolationForest.score_samples(X) (the forest is rebuilt inside every scoring call, DEVIATION 874, so this clock includes a forest build)
FSPEED-INFER-PATH lane=iforest arm=sklearn-iforest-cpu call=sklearn IsolationForest.score_samples(X), n_jobs -1
FSPEED-INFER-WARMUP lane=iforest arm=ours batch=test rows=500000 ms=139.440
FSPEED-INFER-WARMUP lane=iforest arm=ours-ab batch=test rows=500000 ms=136.746
FSPEED-INFER-WARMUP lane=iforest arm=sklearn-iforest-cpu batch=test rows=500000 ms=856.516
FSPEED-INFER lane=iforest arm=ours batch=test rows=500000 round=1 ms=137.420 hash=6cf90c973472d9ec
FSPEED-INFER lane=iforest arm=ours-ab batch=test rows=500000 round=1 ms=136.626 hash=89e0c9afdda8b868
FSPEED-INFER lane=iforest arm=sklearn-iforest-cpu batch=test rows=500000 round=1 ms=841.984 hash=cda2cbb68e48c1d0
FSPEED-INFER-ACC lane=iforest arm=ours batch=test metric=auc value=0.551846
FSPEED-INFER-ACC lane=iforest arm=ours-ab batch=test metric=auc value=0.551846
FSPEED-INFER-ACC lane=iforest arm=sklearn-iforest-cpu batch=test metric=auc value=0.552849
FSPEED-INFER-AGREE lane=iforest batch=test arms=ours,ours-ab rows=500000 bits_equal=no max_abs_diff=5.96046e-08
FSPEED-INFER-WARMUP lane=iforest arm=ours batch=large rows=1000000 ms=178.731
FSPEED-INFER-WARMUP lane=iforest arm=ours-ab batch=large rows=1000000 ms=177.542
FSPEED-INFER-WARMUP lane=iforest arm=sklearn-iforest-cpu batch=large rows=1000000 ms=1688.245
FSPEED-INFER lane=iforest arm=ours batch=large rows=1000000 round=1 ms=172.954 hash=98f7d0c72938d8fa
FSPEED-INFER lane=iforest arm=ours-ab batch=large rows=1000000 round=1 ms=163.720 hash=9158e9b137cd652b
FSPEED-INFER lane=iforest arm=sklearn-iforest-cpu batch=large rows=1000000 round=1 ms=1656.720 hash=c4e220f6f8dc7215
FSPEED-INFER-AGREE lane=iforest batch=large arms=ours,ours-ab rows=1000000 bits_equal=no max_abs_diff=5.96046e-08
