gpuq: job 0035 lane=lowbit-default gpus=0,1 cap=240min started 2026-09-29T08:31:48Z
gpuq: script /root/mojolearn-lowbit-default/tools/lowbit_default/check_job.sh sha256 at submit eddab4cef34fc13fcd22551363b7fad69dcffc60acd91dac103aec9af310d12d, now eddab4cef34fc13fcd22551363b7fad69dcffc60acd91dac103aec9af310d12d
tree_head=cc25b1d16ae21089b3058469ff6e36747f5d13d0 dirty_files=46
machine=NVIDIA GeForce RTX 4090, 580.126.20
started=2026-09-29T08:31:49Z
PHASE install-default                              exit=0   expected=pass held
PHASE install-test                                 exit=0   expected=pass held
PHASE build-linalg                                 exit=0   expected=pass held
PHASE build-linalg-host                            exit=0   expected=pass held
PHASE build-base                                   exit=0   expected=pass held
PHASE build-training                               exit=0   expected=pass held
PHASE build-transformer                            exit=0   expected=pass held
PHASE build-mamba                                  exit=0   expected=pass held
PHASE build-byte-lm                                exit=0   expected=pass held
PHASE build-portable-math                          exit=0   expected=pass held
built 61 of 61 further bindings
PHASE build-core-host                              exit=0   expected=pass held
PHASE build-neural-host                            exit=0   expected=pass held
PHASE build-transformer-host                       exit=0   expected=pass held
PHASE build-mamba-host                             exit=0   expected=pass held
PHASE build-training-host                          exit=0   expected=pass held
PHASE build-tokenizer-host                         exit=0   expected=pass held
PHASE build-byte_lm-host                           exit=0   expected=pass held
PHASE gate-gemm-identity                           exit=0   expected=pass held
PHASE gate-lowbit                                  exit=0   expected=pass held
PHASE gate-lowbit-sabotage                         exit=1   expected=fail held
PHASE gate-int15                                   exit=0   expected=pass held
PHASE gate-int15-sabotage                          exit=1   expected=fail held
PHASE gate-int15-tuned                             exit=0   expected=pass held
PHASE gate-int8-mma-tuned                          exit=0   expected=pass held
PHASE gate-int8-mma-tuned-sabotage                 exit=1   expected=fail held
PHASE gate-int8-pieces-tuned                       exit=0   expected=pass held
PHASE gate-int8-pieces-tuned-sabotage              exit=1   expected=fail held
PHASE gate-transformer                             exit=0   expected=pass held
PHASE gate-transformer-int15                       exit=0   expected=pass held
PHASE gate-transformer-int15-sabotage              exit=1   expected=fail held
PHASE python-tests                                 exit=2   expected=pass BROKEN
    | SKIPPED [1] mojolearn/tests/test_x_neighbors_sanity.py:9: could not import 'sklearn': No module named 'sklearn'
    | SKIPPED [1] mojolearn/tests/test_x_prep_binarizer.py:7: could not import 'sklearn': No module named 'sklearn'
    | SKIPPED [1] mojolearn/tests/test_x_prep_discriminant.py:8: could not import 'sklearn': No module named 'sklearn'
    | SKIPPED [1] mojolearn/tests/test_x_prep_encoders.py:8: could not import 'sklearn.preprocessing': No module named 'sklearn'
    | SKIPPED [1] mojolearn/tests/test_x_prep_imputer.py:8: could not import 'sklearn': No module named 'sklearn'
    | SKIPPED [1] mojolearn/tests/test_x_prep_iterative.py:8: could not import 'sklearn': No module named 'sklearn'
    | SKIPPED [1] mojolearn/tests/test_x_prep_kbins.py:8: could not import 'sklearn': No module named 'sklearn'
    | SKIPPED [1] mojolearn/tests/test_x_prep_labels.py:8: could not import 'sklearn': No module named 'sklearn'
    | SKIPPED [1] mojolearn/tests/test_x_prep_naive_bayes.py:8: could not import 'sklearn': No module named 'sklearn'
    | SKIPPED [1] mojolearn/tests/test_x_prep_normalizer.py:7: could not import 'sklearn': No module named 'sklearn'
    | SKIPPED [1] mojolearn/tests/test_x_prep_parity.py:11: could not import 'sklearn.preprocessing': No module named 'sklearn'
    | SKIPPED [1] mojolearn/tests/test_x_prep_polynomial.py:7: could not import 'sklearn': No module named 'sklearn'
    | SKIPPED [1] mojolearn/tests/test_x_prep_power.py:8: could not import 'sklearn': No module named 'sklearn'
    | SKIPPED [1] mojolearn/tests/test_x_prep_quantile.py:8: could not import 'sklearn': No module named 'sklearn'
    | SKIPPED [1] mojolearn/tests/test_x_prep_scaler_options.py:15: could not import 'sklearn': No module named 'sklearn'
    | SKIPPED [1] mojolearn/tests/test_x_prep_scalers.py:9: could not import 'sklearn.preprocessing': No module named 'sklearn'
    | SKIPPED [1] mojolearn/tests/test_x_prep_selection.py:7: could not import 'sklearn': No module named 'sklearn'
    | SKIPPED [1] mojolearn/tests/test_x_prep_spline.py:8: could not import 'sklearn': No module named 'sklearn'
    | SKIPPED [1] mojolearn/tests/test_x_prep_target_encoder.py:10: could not import 'sklearn': No module named 'sklearn'
    | SKIPPED [1] mojolearn/tests/test_x_trees_sanity.py:13: could not import 'sklearn': No module named 'sklearn'
    | ERROR mojolearn/tests/test_resample_bca.py
    | ERROR mojolearn/tests/test_resample_options.py
    | ERROR mojolearn/tests/test_x_metrics_sanity.py
    | !!!!!!!!!!!!!!!!!!! Interrupted: 3 errors during collection !!!!!!!!!!!!!!!!!!!!
    | 24 skipped, 10 warnings, 3 errors in 3.18s
    | !!!!!!!!!!!!!!!!!!! Interrupted: 3 errors during collection !!!!!!!!!!!!!!!!!!!!
    | 24 skipped, 10 warnings, 3 errors in 3.18s
    | SKIPPED [1] mojolearn/tests/test_classification_metrics.py:9: could not import 'sklearn': No module named 'sklearn'
    | SKIPPED [1] mojolearn/tests/test_forest_protocol.py:9: could not import 'sklearn': No module named 'sklearn'
    | SKIPPED [1] mojolearn/tests/test_neighbors_sparse_input.py:13: could not import 'scipy.sparse': No module named 'scipy'
    | SKIPPED [1] mojolearn/tests/test_neighbors_weighted_largek.py:13: unittest.case.SkipTest: Explicit root-only Linux CUDA/HIP opt-in required
    | SKIPPED [1] mojolearn/tests/test_x_neighbors_sanity.py:9: could not import 'sklearn': No module named 'sklearn'
    | SKIPPED [1] mojolearn/tests/test_x_prep_binarizer.py:7: could not import 'sklearn': No module named 'sklearn'
    | SKIPPED [1] mojolearn/tests/test_x_prep_discriminant.py:8: could not import 'sklearn': No module named 'sklearn'
    | SKIPPED [1] mojolearn/tests/test_x_prep_encoders.py:8: could not import 'sklearn.preprocessing': No module named 'sklearn'
    | SKIPPED [1] mojolearn/tests/test_x_prep_imputer.py:8: could not import 'sklearn': No module named 'sklearn'
    | SKIPPED [1] mojolearn/tests/test_x_prep_iterative.py:8: could not import 'sklearn': No module named 'sklearn'
    | SKIPPED [1] mojolearn/tests/test_x_prep_kbins.py:8: could not import 'sklearn': No module named 'sklearn'
    | SKIPPED [1] mojolearn/tests/test_x_prep_labels.py:8: could not import 'sklearn': No module named 'sklearn'
    | SKIPPED [1] mojolearn/tests/test_x_prep_naive_bayes.py:8: could not import 'sklearn': No module named 'sklearn'
    | SKIPPED [1] mojolearn/tests/test_x_prep_normalizer.py:7: could not import 'sklearn': No module named 'sklearn'
    | SKIPPED [1] mojolearn/tests/test_x_prep_parity.py:11: could not import 'sklearn.preprocessing': No module named 'sklearn'
    | SKIPPED [1] mojolearn/tests/test_x_prep_polynomial.py:7: could not import 'sklearn': No module named 'sklearn'
    | SKIPPED [1] mojolearn/tests/test_x_prep_power.py:8: could not import 'sklearn': No module named 'sklearn'
    | SKIPPED [1] mojolearn/tests/test_x_prep_quantile.py:8: could not import 'sklearn': No module named 'sklearn'
    | SKIPPED [1] mojolearn/tests/test_x_prep_scaler_options.py:15: could not import 'sklearn': No module named 'sklearn'
    | SKIPPED [1] mojolearn/tests/test_x_prep_scalers.py:9: could not import 'sklearn.preprocessing': No module named 'sklearn'
    | SKIPPED [1] mojolearn/tests/test_x_prep_selection.py:7: could not import 'sklearn': No module named 'sklearn'
    | SKIPPED [1] mojolearn/tests/test_x_prep_spline.py:8: could not import 'sklearn': No module named 'sklearn'
    | SKIPPED [1] mojolearn/tests/test_x_prep_target_encoder.py:10: could not import 'sklearn': No module named 'sklearn'
    | SKIPPED [1] mojolearn/tests/test_x_trees_sanity.py:13: could not import 'sklearn': No module named 'sklearn'
    | ERROR mojolearn/tests/test_resample_bca.py
    | ERROR mojolearn/tests/test_resample_options.py
    | ERROR mojolearn/tests/test_x_metrics_sanity.py
PHASE profile-tests-ran                            exit=1   expected=fail held
PHASE verify-causal-lm-default                     exit=0   expected=pass held
PHASE verify-causal-lm-fp32env                     exit=0   expected=pass held
    | compared 27 parts, 0 not equal
PHASE smollm2-default-gate                         exit=0   expected=pass held
    | RESULT hash default d37c2ea81d13743a91f33e32f2d44e1a17b5c3f0add1408bcbf70be99bee291f
    | RESULT hash fp32_v1 833c9a8947bdd6195e259cb36411966dd245f380bdff70ab712f1f26a268c84d
    | RESULT hash set_numeric_profile_fp32 833c9a8947bdd6195e259cb36411966dd245f380bdff70ab712f1f26a268c84d
    | RESULT hash set_numeric_profile_fp32_reports fp32_v1
    | RESULT hash env_fp32 833c9a8947bdd6195e259cb36411966dd245f380bdff70ab712f1f26a268c84d
    | RESULT hash env_fp32_reports fp32_v1
    | RESULT check default is fixed15_v1: HELD
    | RESULT check default hash d37c2ea81d13743a: HELD
    | RESULT check fp32_v1 hash 833c9a8947bdd619: HELD
    | RESULT check set_numeric_profile(fp32_v1) == fp32_v1 bits: HELD
    | RESULT check MOJOLEARN_NUMERIC_PROFILE=fp32_v1 == fp32_v1 bits: HELD
    | RESULT generate box=447c5c6d4d39 arm=default route=resident prompt=512 new=32 median 1353.0 ms (42.28 ms/token) runs 1251.2 1543.0 1353.0 ids AGREE 2077bb0591d060ce
    | RESULT generate box=447c5c6d4d39 arm=fp32_v1 route=resident prompt=512 new=32 median 1632.1 ms (51.00 ms/token) runs 1632.1 1644.8 1485.1 ids AGREE 2077bb0591d060ce
    | RESULT generate box=447c5c6d4d39 default/fp32_v1 = 0.829 (default QUICKER)
    | DEFAULT GATE GREEN
PHASE smollm2-resident-gate                        exit=0   expected=pass held
    | RESULT check fixed15_v1 per-layer hash d37c2ea81d13743a: HELD
    | RESULT check fixed15_v1 resident prefill == per-layer (d37c2ea81d13743a): HELD
    | RESULT check fixed15_v1 resident decode prefix 1: 0 of 64 positions differ: HELD
    | RESULT check fixed15_v1 resident decode prefix 7: 0 of 64 positions differ: HELD
    | RESULT check fixed15_v1 the resident route ran: HELD
    | RESULT check fixed15_v1 resident generate ids == per-layer (2077bb0591d060ce): HELD
    | RESULT check fixed15_v1 resident last-pass logits == per-layer forward at position 542: HELD
    | RESULT check fp32_v1 per-layer hash 833c9a8947bdd619: HELD
    | RESULT check fp32_v1 resident prefill == per-layer (833c9a8947bdd619): HELD
    | RESULT check fp32_v1 resident decode prefix 1: 0 of 64 positions differ: HELD
    | RESULT check fp32_v1 resident decode prefix 7: 0 of 64 positions differ: HELD
    | RESULT check fp32_v1 the resident route ran: HELD
    | RESULT check fp32_v1 resident generate ids == per-layer (2077bb0591d060ce): HELD
    | RESULT check fp32_v1 resident last-pass logits == per-layer forward at position 542: HELD
    | RESIDENT GATE GREEN
finished=2026-09-29T08:47:37Z
MERGE CHECK RED
gpuq: job 0035 failed exit=1 at 2026-09-29T08:47:40Z after 952s
