6229 external/tcmalloc+/tcmalloc/internal/system_allocator.h:713] Warning: Unable to mbind memory (errno=1, base=0x1375c0000000, nodemask=1)
6229 external/tcmalloc+/tcmalloc/internal/system_allocator.h:713] Warning: Unable to mbind memory (errno=1, base=0x7adac0000000, nodemask=2)
{"event": "setup", "schema": "mojolearn.lm-step-memory-probe.v3", "shape": {"batch": 1, "length": 2048, "d_model": 768, "n_heads": 12, "n_kv": 12, "head_dim": 64, "intermediate": 2048, "n_layers": 12, "vocab_size": 50257}, "profile": "mojolearn.byte-lm.b1-l2048-d768-h12-kv12-hd64-ff2048-v50257-blocks12.fp32.v3", "parameters": 162147840, "n_tensors": 110, "tokens_per_step": 2048, "seed": 93261, "budget_seconds": 300.0, "resident": true, "step_result": "lean", "witness_every_step": false, "witness_source": "export_gradients(named=False) + export_state() once after the last untimed step", "corpus": {"path": "training/corpus/pile_github/input.txt", "sha256": "52a5b4c36ab9119c15505331c10e3b23690377d40fbac3e598c7fafe13a324df", "manifest_sha256": "e3f46ca3870913aabd179647f5ab7e66b829c30c3cbcbf4b2862e2790d94cda5", "bytes": 97124565, "source_url": "https://huggingface.co/datasets/monology/pile-uncopyrighted/resolve/3be90335b66f24456a5d6659d9c8d208c0357119/val.jsonl.zst", "schedule": "step k row b: bytes[(k*batch*length + b*length) % (bytes - length - 1) : +length+1] as int32; targets shifted one byte"}, "attention_arm": "stash_tiled_fgrid_r32_qres_pf_estash_dres_kvgrid_r32", "attention_arm_source": "binding", "attention_arm_requested": null, "attention_arm_default": "stash_tiled_fgrid_r32_qres_pf_estash_dres_kvgrid_r32", "attention_arm_is_default": true, "attention_arm_resolved_hd64": "stash_tiled_fgrid_r32_qres_pf_estash_dres_kvgrid_r32", "attention_arm_trial_build": false, "gemm_arm": "shipped", "gemm_plan": "shipped: default=kpack_hg body (2707) at ksplit(S=132) groups", "step_glue_arm": "optskip_noshadow_rows16", "step_glue_arm_requested": null, "step_glue_trial_build": false, "gemm_arm_requested": "shipped", "attention_path_requested": null, "numeric_mode_env": "identical", "runtime": {"binding_file": "/root/mojolearn/python/mojolearn/identical/_mojolearn_byte_lm.so", "binding_sha256": "faeba9a8824bfab742c9395258541a454e06da62d21ab902ea76edf014c14fdd", "native_attention_arm": {"arm": "stash_tiled_fgrid_r32_qres_pf_estash_dres_kvgrid_r32", "default": "stash_tiled_fgrid_r32_qres_pf_estash_dres_kvgrid_r32", "resolved_hd64": "stash_tiled_fgrid_r32_qres_pf_estash_dres_kvgrid_r32", "trial_build": false}, "native_numeric_mode": 1, "native_profile": "mojolearn.byte-lm.b2-l32-d32-h4-kv2-ff64-v256-blocks2.fp32.v1", "native_step_glue_arm": {"arm": "optskip_noshadow_rows16", "trial_build": false}, "native_vendor": "cuda", "source_scope": "available direct source files; binding SHA identifies the compiled artifact", "source_sha256": {"bindings/_mojolearn_byte_lm.mojo": "7d683e6817e84791ee70b753ca1937eb6d9e7a6eda8020f13a727090fc6dba55", "loaded_python_wrapper": "a6062292958ec97a620ce2eb3327e0826782eb98ff14057bdf302c0b2e8f2031", "python/mojolearn/_byte_lm_config.py": "440ca11e33cfed741c8a812a8dac74ad4e938ab8e16f84ed2af5b61d3fbe56b8", "python/mojolearn/_byte_lm_impl.py": "a6062292958ec97a620ce2eb3327e0826782eb98ff14057bdf302c0b2e8f2031", "python/mojolearn/language_model.py": "4e84ad0955cfc7b7dc0c884d1abcae7f59943d93bee337ac4a16b92be9718925", "training/byte_lm.mojo": "ae2c5e7ccf3d0e216a1a9128efeb973592a311c1d0cc73fbe95a20f7417b8b55", "training/byte_lm_config.mojo": "bc5c9a9502793359fbbdd50c94e02b7bcd3f5c4295e1c35871efc774524a69b1"}, "schema": "small-byte-lm.run-metadata.v1", "qualification": "authored/unqualified", "profile": "mojolearn.byte-lm.b1-l2048-d768-h12-kv12-hd64-ff2048-v50257-blocks12.fp32.v3", "device_state_lifetime": "resident", "step_result": "lean", "last_export_step": 0, "config": {"lr": 0.0010000000474974513, "beta1": 0.8999999761581421, "beta2": 0.9990000128746033, "eps": 9.99999993922529e-09, "weight_decay": 0.009999999776482582, "kind": 2, "momentum": 0.0, "dampening": 0.0, "nesterov": false, "max_norm": 0.0}, "data_schedule": {"batches": "pinned corpus 52a5b4c36ab9119c15505331c10e3b23690377d40fbac3e598c7fafe13a324df", "fixture": "lm step memory probe", "seed": 93261}, "completed_steps": 0, "next_batch_index": 0}, "initial_parameters_sha256": "0e36d8d036d8c4cf9704babd096061006e48071187c793c6ee471e05b449572e", "host_before_first_call": {"vm_rss_bytes": 2751082496, "vm_hwm_bytes": 3396321280, "ru_maxrss_bytes": 3396321280, "boundary": "process host memory (Python + native + pinned staging); not device memory"}, "device_tool": "nvidia-smi", "qualification": "complete-step probe at the named shape; not an opponent ratio, not a default gate", "t": 1789696509.0171447}
{"event": "step_start", "step": 1, "first_call_includes_setup": true, "ids_sha256": "7626015c8a8cb90b13e0d44eff53262a36025184a4adfb88591a93ba18857518", "t": 1789696509.0183215}
6229 external/tcmalloc+/tcmalloc/internal/system_allocator.h:713] Warning: Unable to mbind memory (errno=1, base=0x7adb00000000, nodemask=2)
6229 external/tcmalloc+/tcmalloc/internal/system_allocator.h:713] Warning: Unable to mbind memory (errno=1, base=0x7adb40000000, nodemask=2)
{"event": "step_end", "step": 1, "seconds": 14.341242130845785, "tokens_per_second": 142.80492451871166, "first_call_includes_setup": true, "timing_boundary": "public train_step call; native binding synchronizes the context before publishing outputs; includes host readbacks, validation and gradient copies", "step_result": "lean", "witnessed": false, "witness_export_seconds": null, "loss": 11.12025260925293, "sha256": {"loss": "fb1bfea4e8daa3b31227ff49a404e36a58fe27b98856af4d27a24872b0e9abf2"}, "completed_steps": 1, "host": {"vm_rss_bytes": 2363904000, "vm_hwm_bytes": 8187101184, "ru_maxrss_bytes": 8187101184, "boundary": "process host memory (Python + native + pinned staging); not device memory"}, "device": {"tool": "nvidia-smi", "peak_process_bytes": "unavailable", "peak_device_bytes": 15350104064, "device_total_bytes": 85520809984, "sample_interval_seconds": 0.2, "samples_total": 37, "errors_total": 0, "boundary": "vendor tool polled at the interval; peaks shorter than one interval are missed; device-wide used memory includes other processes; torch.cuda allocator statistics do not cover Mojo allocations and are not used"}, "t": 1789696523.3601298}
{"event": "final_witness", "step": 1, "completed_steps": 1, "sha256": {"gradients": "85d053a482668fd958df0e32325fc47f9ba10ec630ff63557c7b79c5bd85b0e3", "parameters": "1b32246046a72ada00e3c8ec04d079beb629d8e314f860bc7106d42c5996a8ca", "m": "8dbf0dfcb08f29687241a6586a7ef8224fde5877a7aeb490b9701d24d5812524", "v": "227d2c36dbd16e9acf0556ec491d8b6431a8e4cc5b235b8d81011996a9bc05be", "flags": "360d579dbd14759b41afdf7fb5e80c0101e15150ae401d59f92a1e32d129f7cb"}, "export_seconds": 14.980384171009064, "source": "export_gradients(named=False) + export_state() once after the last untimed step", "t": 1789696538.3407707}
{"event": "component_timing_step_start", "timing_step": 1, "note": "MOJOLEARN_TRANSFORMER_TIMING=1; not a timing sample", "t": 1789696538.3419526}
timing step.py_tokens 0.3898739814758301 ms
timing step.py_tokens_bytes 8196 bytes
timing step.bind_scalar_admission 0.007644 ms
timing step.upload_inputs 0.169267 ms
timing step.upload_inputs_bytes 16384 bytes
timing step.unpack_weights 0.94115 ms
timing step.unpack_weights_bytes 648591360 bytes
timing step.embedding_forward 0.052277 ms
timing block.norm1 0.196271 ms
timing attn.qkv_proj 0.775879 ms
timing attn.rope_and_cache 0.103892 ms
timing attn.core 1.891382 ms
timing attn.o_proj 0.269589 ms
timing block.attention_total 3.051501 ms
timing block.mlp_and_residuals 1.600293 ms
timing block.norm1 0.170125 ms
timing attn.qkv_proj 0.77305 ms
timing attn.rope_and_cache 0.100328 ms
timing attn.core 1.898386 ms
timing attn.o_proj 0.262509 ms
timing block.attention_total 3.043187 ms
timing block.mlp_and_residuals 1.589777 ms
timing block.norm1 0.171042 ms
timing attn.qkv_proj 0.76503 ms
timing attn.rope_and_cache 0.098939 ms
timing attn.core 2.010661 ms
timing attn.o_proj 0.382964 ms
timing block.attention_total 3.264316 ms
timing block.mlp_and_residuals 1.594892 ms
timing block.norm1 0.168943 ms
timing attn.qkv_proj 0.765307 ms
timing attn.rope_and_cache 0.099274 ms
timing attn.core 1.898008 ms
timing attn.o_proj 0.267732 ms
timing block.attention_total 3.049893 ms
timing block.mlp_and_residuals 1.602126 ms
timing block.norm1 0.169676 ms
timing attn.qkv_proj 0.770498 ms
timing attn.rope_and_cache 0.09781 ms
timing attn.core 1.884344 ms
timing attn.o_proj 0.262476 ms
timing block.attention_total 3.020479 ms
timing block.mlp_and_residuals 1.590319 ms
timing block.norm1 0.171832 ms
timing attn.qkv_proj 0.767953 ms
timing attn.rope_and_cache 0.09459 ms
timing attn.core 1.881409 ms
timing attn.o_proj 0.261741 ms
timing block.attention_total 3.010752 ms
timing block.mlp_and_residuals 1.591094 ms
timing block.norm1 0.174047 ms
timing attn.qkv_proj 0.760339 ms
timing attn.rope_and_cache 0.094763 ms
timing attn.core 1.861824 ms
timing attn.o_proj 0.26747 ms
timing block.attention_total 2.99265 ms
timing block.mlp_and_residuals 1.588424 ms
timing block.norm1 0.174796 ms
timing attn.qkv_proj 0.772008 ms
timing attn.rope_and_cache 0.093764 ms
timing attn.core 1.90144 ms
timing attn.o_proj 0.261884 ms
timing block.attention_total 3.035622 ms
timing block.mlp_and_residuals 1.588019 ms
timing block.norm1 0.168522 ms
timing attn.qkv_proj 0.758137 ms
timing attn.rope_and_cache 0.096888 ms
timing attn.core 1.845153 ms
timing attn.o_proj 0.26341 ms
timing block.attention_total 2.968773 ms
timing block.mlp_and_residuals 1.59131 ms
timing block.norm1 0.177938 ms
timing attn.qkv_proj 0.762562 ms
timing attn.rope_and_cache 0.09377 ms
timing attn.core 1.857403 ms
timing attn.o_proj 0.260977 ms
timing block.attention_total 2.97986 ms
timing block.mlp_and_residuals 1.588069 ms
timing block.norm1 0.181894 ms
timing attn.qkv_proj 0.761946 ms
timing attn.rope_and_cache 0.09385 ms
timing attn.core 1.857207 ms
timing attn.o_proj 0.263363 ms
timing block.attention_total 2.983356 ms
timing block.mlp_and_residuals 1.589532 ms
timing block.norm1 0.161612 ms
timing attn.qkv_proj 0.761226 ms
timing attn.rope_and_cache 0.095387 ms
timing attn.core 1.892955 ms
timing attn.o_proj 0.26488 ms
timing block.attention_total 3.020546 ms
timing block.mlp_and_residuals 1.596639 ms
timing envelope.blocks_forward 57.689527 ms
timing step.head_forward 10.882141 ms
timing step.ce_refuse_scan 0.403396 ms
timing step.ce_refuse_scan_bytes 411705344 bytes
timing step.ce_refuse_scan_download_bytes 8192 bytes
timing step.ce_forward 1.715852 ms
timing step.loss_download 0.020696 ms
timing step.loss_download_bytes 4 bytes
timing step.ce_backward 0.987565 ms
timing step.head_backward_da 11.723015 ms
timing step.head_backward_db 10.391621 ms
timing bwd.before_attention 0.003072 ms
timing bwd.attention 3.259468 ms
timing bwd.after_attention 1.725925 ms
timing bwd.before_attention 0.003025 ms
timing bwd.attention 3.333712 ms
timing bwd.after_attention 1.721695 ms
timing bwd.before_attention 0.003132 ms
timing bwd.attention 3.288141 ms
timing bwd.after_attention 1.736573 ms
timing bwd.before_attention 0.003052 ms
timing bwd.attention 3.26317 ms
timing bwd.after_attention 1.723156 ms
timing bwd.before_attention 0.003219 ms
timing bwd.attention 3.406159 ms
timing bwd.after_attention 1.742112 ms
timing bwd.before_attention 0.00322 ms
timing bwd.attention 3.27511 ms
timing bwd.after_attention 1.73208 ms
timing bwd.before_attention 0.00326 ms
timing bwd.attention 3.336229 ms
timing bwd.after_attention 1.731695 ms
timing bwd.before_attention 0.003124 ms
timing bwd.attention 3.278031 ms
timing bwd.after_attention 1.744347 ms
timing bwd.before_attention 0.003196 ms
timing bwd.attention 3.322473 ms
timing bwd.after_attention 1.725535 ms
timing bwd.before_attention 0.003255 ms
timing bwd.attention 3.255547 ms
timing bwd.after_attention 1.752122 ms
timing bwd.before_attention 0.003148 ms
timing bwd.attention 3.303627 ms
timing bwd.after_attention 1.723601 ms
timing bwd.before_attention 0.003144 ms
timing bwd.attention 3.280851 ms
timing bwd.after_attention 1.738393 ms
timing envelope.blocks_backward 106.047115 ms
timing step.embedding_backward 2.517677 ms
timing step.pack_grads 0.923225 ms
timing step.pack_grads_bytes 648591360 bytes
timing step.validate_grads_scan 0.552823 ms
timing step.validate_grads_scan_bytes 648591360 bytes
timing step.optimizer 1.736455 ms
timing step.validate_after_scan 2.1479 ms
timing step.validate_after_scan_bytes 2594365440 bytes
timing step.bind_final_sync 0.002107 ms
timing step.bind_publish 0.011831 ms
timing step.bind_publish_bytes 444 bytes
timing envelope.native_call 209.37875285744667 ms
timing step.py_flags 0.6016362458467484 ms
timing step.py_flags_bytes 440 bytes
{"event": "component_timing_step_end", "timing_step": 1, "seconds": 0.21065074019134045, "loss": 8.354198455810547, "t": 1789696538.5527663}
