# vendor=amd-mi300x-gfx942 commit=f771338c7ab68820606b66892e202a45d43c6dda (MOJOLEARN_COMMIT)
# identity_break  mode=identical  2026-09-18 18:14:14  Linux-6.8.0-124-generic-x86_64-with-glibc2.35
# per lane: the train row, then an `infer` row (held-out rows), a `model` row (saved bytes) and a `batch` row (whole batch vs rows alone, a split and prefixes) where the lane has them
| lane                   | base             | ties             | hashed           | wide             | denormal         | denormal_ftz     | dupes            | odd              | negative         |
|------------------------|------------------|------------------|------------------|------------------|------------------|------------------|------------------|------------------|------------------|
# START mamba3/base repeat=1/train
# DONE mamba3/base repeat=1/train 0.767s
# START mamba3/base repeat=1/infer-save-reload
# DONE mamba3/base repeat=1/infer-save-reload 0.013s
# START mamba3/base repeat=1/batch
# DONE mamba3/base repeat=1/batch 0.047s
# START mamba3/base repeat=1/batchgrad
# DONE mamba3/base repeat=1/batchgrad 2.718s
# START mamba3/base repeat=1/batchscale
# DONE mamba3/base repeat=1/batchscale 0.146s
# START mamba3/base repeat=1/ragged
# DONE mamba3/base repeat=1/ragged 0.052s
# START mamba3/base repeat=1/stepfull
# DONE mamba3/base repeat=1/stepfull 0.062s
# START mamba3/base repeat=1/rlpair
# DONE mamba3/base repeat=1/rlpair 0.808s
# START mamba3/base repeat=2/train
# DONE mamba3/base repeat=2/train 0.053s
# START mamba3/base repeat=2/infer-save-reload
# DONE mamba3/base repeat=2/infer-save-reload 0.004s
# START mamba3/base repeat=2/batch
# DONE mamba3/base repeat=2/batch 0.062s
# START mamba3/base repeat=2/batchgrad
# DONE mamba3/base repeat=2/batchgrad 2.776s
# START mamba3/base repeat=2/batchscale
# DONE mamba3/base repeat=2/batchscale 0.174s
# START mamba3/base repeat=2/ragged
# DONE mamba3/base repeat=2/ragged 0.069s
# START mamba3/base repeat=2/stepfull
# DONE mamba3/base repeat=2/stepfull 0.082s
# START mamba3/base repeat=2/rlpair
# DONE mamba3/base repeat=2/rlpair 0.962s
# CELL mamba3/base STABLE 8.795s
# START mamba3/ties repeat=1/train
# DONE mamba3/ties repeat=1/train 0.058s
# START mamba3/ties repeat=1/infer-save-reload
# DONE mamba3/ties repeat=1/infer-save-reload 0.006s
# START mamba3/ties repeat=1/batch
# DONE mamba3/ties repeat=1/batch 0.080s
# START mamba3/ties repeat=1/batchgrad
# DONE mamba3/ties repeat=1/batchgrad 2.833s
# START mamba3/ties repeat=1/batchscale
# DONE mamba3/ties repeat=1/batchscale 0.204s
# START mamba3/ties repeat=1/ragged
# DONE mamba3/ties repeat=1/ragged 0.086s
# START mamba3/ties repeat=1/stepfull
# DONE mamba3/ties repeat=1/stepfull 0.100s
# START mamba3/ties repeat=1/rlpair
# DONE mamba3/ties repeat=1/rlpair 0.982s
# START mamba3/ties repeat=2/train
# DONE mamba3/ties repeat=2/train 0.060s
# START mamba3/ties repeat=2/infer-save-reload
# DONE mamba3/ties repeat=2/infer-save-reload 0.006s
# START mamba3/ties repeat=2/batch
# DONE mamba3/ties repeat=2/batch 0.083s
# START mamba3/ties repeat=2/batchgrad
# DONE mamba3/ties repeat=2/batchgrad 2.844s
# START mamba3/ties repeat=2/batchscale
# DONE mamba3/ties repeat=2/batchscale 0.204s
# START mamba3/ties repeat=2/ragged
# DONE mamba3/ties repeat=2/ragged 0.088s
# START mamba3/ties repeat=2/stepfull
# DONE mamba3/ties repeat=2/stepfull 0.103s
# START mamba3/ties repeat=2/rlpair
# DONE mamba3/ties repeat=2/rlpair 0.995s
# CELL mamba3/ties STABLE 8.730s
# START mamba3/hashed repeat=1/train
# DONE mamba3/hashed repeat=1/train 0.060s
# START mamba3/hashed repeat=1/infer-save-reload
# DONE mamba3/hashed repeat=1/infer-save-reload 0.006s
# START mamba3/hashed repeat=1/batch
# DONE mamba3/hashed repeat=1/batch 0.084s
# START mamba3/hashed repeat=1/batchgrad
# DONE mamba3/hashed repeat=1/batchgrad 2.851s
# START mamba3/hashed repeat=1/batchscale
# DONE mamba3/hashed repeat=1/batchscale 0.208s
# START mamba3/hashed repeat=1/ragged
# DONE mamba3/hashed repeat=1/ragged 0.089s
# START mamba3/hashed repeat=1/stepfull
# DONE mamba3/hashed repeat=1/stepfull 0.104s
# START mamba3/hashed repeat=1/rlpair
# DONE mamba3/hashed repeat=1/rlpair 1.002s
# START mamba3/hashed repeat=2/train
# DONE mamba3/hashed repeat=2/train 0.061s
# START mamba3/hashed repeat=2/infer-save-reload
# DONE mamba3/hashed repeat=2/infer-save-reload 0.006s
# START mamba3/hashed repeat=2/batch
# DONE mamba3/hashed repeat=2/batch 0.085s
# START mamba3/hashed repeat=2/batchgrad
# DONE mamba3/hashed repeat=2/batchgrad 2.859s
# START mamba3/hashed repeat=2/batchscale
# DONE mamba3/hashed repeat=2/batchscale 0.207s
# START mamba3/hashed repeat=2/ragged
# DONE mamba3/hashed repeat=2/ragged 0.090s
# START mamba3/hashed repeat=2/stepfull
# DONE mamba3/hashed repeat=2/stepfull 0.106s
# START mamba3/hashed repeat=2/rlpair
# DONE mamba3/hashed repeat=2/rlpair 1.012s
# CELL mamba3/hashed STABLE 8.829s
# START mamba3/wide repeat=1/train
# DONE mamba3/wide repeat=1/train 0.061s
# START mamba3/wide repeat=1/infer-save-reload
# DONE mamba3/wide repeat=1/infer-save-reload 0.005s
# START mamba3/wide repeat=1/batch
# DONE mamba3/wide repeat=1/batch 0.088s
# START mamba3/wide repeat=1/batchgrad
# DONE mamba3/wide repeat=1/batchgrad 2.863s
# START mamba3/wide repeat=1/batchscale
# DONE mamba3/wide repeat=1/batchscale 0.213s
# START mamba3/wide repeat=1/ragged
# DONE mamba3/wide repeat=1/ragged 0.092s
# START mamba3/wide repeat=1/stepfull
# DONE mamba3/wide repeat=1/stepfull 0.108s
# START mamba3/wide repeat=1/rlpair
# DONE mamba3/wide repeat=1/rlpair 1.029s
# START mamba3/wide repeat=2/train
# DONE mamba3/wide repeat=2/train 0.062s
# START mamba3/wide repeat=2/infer-save-reload
# DONE mamba3/wide repeat=2/infer-save-reload 0.006s
# START mamba3/wide repeat=2/batch
# DONE mamba3/wide repeat=2/batch 0.088s
# START mamba3/wide repeat=2/batchgrad
# DONE mamba3/wide repeat=2/batchgrad 2.863s
# START mamba3/wide repeat=2/batchscale
# DONE mamba3/wide repeat=2/batchscale 0.214s
# START mamba3/wide repeat=2/ragged
# DONE mamba3/wide repeat=2/ragged 0.094s
# START mamba3/wide repeat=2/stepfull
# DONE mamba3/wide repeat=2/stepfull 0.111s
# START mamba3/wide repeat=2/rlpair
# DONE mamba3/wide repeat=2/rlpair 1.039s
# CELL mamba3/wide STABLE 8.937s
# START mamba3/denormal repeat=1/train
# DONE mamba3/denormal repeat=1/train 0.062s
# START mamba3/denormal repeat=1/infer-save-reload
# DONE mamba3/denormal repeat=1/infer-save-reload 0.006s
# START mamba3/denormal repeat=1/batch
# DONE mamba3/denormal repeat=1/batch 0.090s
# START mamba3/denormal repeat=1/batchgrad
# DONE mamba3/denormal repeat=1/batchgrad 2.874s
# START mamba3/denormal repeat=1/batchscale
# DONE mamba3/denormal repeat=1/batchscale 0.218s
# START mamba3/denormal repeat=1/ragged
# DONE mamba3/denormal repeat=1/ragged 0.095s
# START mamba3/denormal repeat=1/stepfull
# DONE mamba3/denormal repeat=1/stepfull 0.112s
# START mamba3/denormal repeat=1/rlpair
# DONE mamba3/denormal repeat=1/rlpair 1.062s
# START mamba3/denormal repeat=2/train
# DONE mamba3/denormal repeat=2/train 0.063s
# START mamba3/denormal repeat=2/infer-save-reload
# DONE mamba3/denormal repeat=2/infer-save-reload 0.006s
# START mamba3/denormal repeat=2/batch
# DONE mamba3/denormal repeat=2/batch 0.091s
# START mamba3/denormal repeat=2/batchgrad
# DONE mamba3/denormal repeat=2/batchgrad 2.879s
# START mamba3/denormal repeat=2/batchscale
# DONE mamba3/denormal repeat=2/batchscale 0.222s
# START mamba3/denormal repeat=2/ragged
# DONE mamba3/denormal repeat=2/ragged 0.097s
# START mamba3/denormal repeat=2/stepfull
# DONE mamba3/denormal repeat=2/stepfull 0.114s
# START mamba3/denormal repeat=2/rlpair
# DONE mamba3/denormal repeat=2/rlpair 1.064s
# CELL mamba3/denormal STABLE 9.056s
# START mamba3/denormal_ftz repeat=1/train
# DONE mamba3/denormal_ftz repeat=1/train 0.063s
# START mamba3/denormal_ftz repeat=1/infer-save-reload
# DONE mamba3/denormal_ftz repeat=1/infer-save-reload 0.006s
# START mamba3/denormal_ftz repeat=1/batch
# DONE mamba3/denormal_ftz repeat=1/batch 0.093s
# START mamba3/denormal_ftz repeat=1/batchgrad
# DONE mamba3/denormal_ftz repeat=1/batchgrad 2.882s
# START mamba3/denormal_ftz repeat=1/batchscale
# DONE mamba3/denormal_ftz repeat=1/batchscale 0.221s
# START mamba3/denormal_ftz repeat=1/ragged
# DONE mamba3/denormal_ftz repeat=1/ragged 0.097s
# START mamba3/denormal_ftz repeat=1/stepfull
# DONE mamba3/denormal_ftz repeat=1/stepfull 0.114s
# START mamba3/denormal_ftz repeat=1/rlpair
# DONE mamba3/denormal_ftz repeat=1/rlpair 1.075s
# START mamba3/denormal_ftz repeat=2/train
# DONE mamba3/denormal_ftz repeat=2/train 0.063s
# START mamba3/denormal_ftz repeat=2/infer-save-reload
# DONE mamba3/denormal_ftz repeat=2/infer-save-reload 0.006s
# START mamba3/denormal_ftz repeat=2/batch
# DONE mamba3/denormal_ftz repeat=2/batch 0.093s
# START mamba3/denormal_ftz repeat=2/batchgrad
# DONE mamba3/denormal_ftz repeat=2/batchgrad 2.881s
# START mamba3/denormal_ftz repeat=2/batchscale
# DONE mamba3/denormal_ftz repeat=2/batchscale 0.221s
# START mamba3/denormal_ftz repeat=2/ragged
# DONE mamba3/denormal_ftz repeat=2/ragged 0.099s
# START mamba3/denormal_ftz repeat=2/stepfull
# DONE mamba3/denormal_ftz repeat=2/stepfull 0.117s
# START mamba3/denormal_ftz repeat=2/rlpair
# DONE mamba3/denormal_ftz repeat=2/rlpair 1.084s
# CELL mamba3/denormal_ftz STABLE 9.116s
# START mamba3/dupes repeat=1/train
# DONE mamba3/dupes repeat=1/train 0.064s
# START mamba3/dupes repeat=1/infer-save-reload
# DONE mamba3/dupes repeat=1/infer-save-reload 0.006s
# START mamba3/dupes repeat=1/batch
# DONE mamba3/dupes repeat=1/batch 0.094s
# START mamba3/dupes repeat=1/batchgrad
# DONE mamba3/dupes repeat=1/batchgrad 2.894s
# START mamba3/dupes repeat=1/batchscale
# DONE mamba3/dupes repeat=1/batchscale 0.225s
# START mamba3/dupes repeat=1/ragged
# DONE mamba3/dupes repeat=1/ragged 0.100s
# START mamba3/dupes repeat=1/stepfull
# DONE mamba3/dupes repeat=1/stepfull 0.118s
# START mamba3/dupes repeat=1/rlpair
# DONE mamba3/dupes repeat=1/rlpair 1.104s
# START mamba3/dupes repeat=2/train
# DONE mamba3/dupes repeat=2/train 0.064s
# START mamba3/dupes repeat=2/infer-save-reload
# DONE mamba3/dupes repeat=2/infer-save-reload 0.006s
# START mamba3/dupes repeat=2/batch
# DONE mamba3/dupes repeat=2/batch 0.095s
# START mamba3/dupes repeat=2/batchgrad
# DONE mamba3/dupes repeat=2/batchgrad 2.892s
# START mamba3/dupes repeat=2/batchscale
# DONE mamba3/dupes repeat=2/batchscale 0.231s
# START mamba3/dupes repeat=2/ragged
# DONE mamba3/dupes repeat=2/ragged 0.102s
# START mamba3/dupes repeat=2/stepfull
# DONE mamba3/dupes repeat=2/stepfull 0.121s
# START mamba3/dupes repeat=2/rlpair
# DONE mamba3/dupes repeat=2/rlpair 1.106s
# CELL mamba3/dupes STABLE 9.223s
# START mamba3/odd repeat=1/train
# DONE mamba3/odd repeat=1/train 0.065s
# START mamba3/odd repeat=1/infer-save-reload
# DONE mamba3/odd repeat=1/infer-save-reload 0.006s
# START mamba3/odd repeat=1/batch
# DONE mamba3/odd repeat=1/batch 0.096s
# START mamba3/odd repeat=1/batchgrad
# DONE mamba3/odd repeat=1/batchgrad 2.895s
# START mamba3/odd repeat=1/batchscale
# DONE mamba3/odd repeat=1/batchscale 0.231s
# START mamba3/odd repeat=1/ragged
# DONE mamba3/odd repeat=1/ragged 0.103s
# START mamba3/odd repeat=1/stepfull
# DONE mamba3/odd repeat=1/stepfull 0.121s
# START mamba3/odd repeat=1/rlpair
# DONE mamba3/odd repeat=1/rlpair 1.110s
# START mamba3/odd repeat=2/train
# DONE mamba3/odd repeat=2/train 0.064s
# START mamba3/odd repeat=2/infer-save-reload
# DONE mamba3/odd repeat=2/infer-save-reload 0.006s
# START mamba3/odd repeat=2/batch
# DONE mamba3/odd repeat=2/batch 0.097s
# START mamba3/odd repeat=2/batchgrad
# DONE mamba3/odd repeat=2/batchgrad 2.899s
# START mamba3/odd repeat=2/batchscale
# DONE mamba3/odd repeat=2/batchscale 0.232s
# START mamba3/odd repeat=2/ragged
# DONE mamba3/odd repeat=2/ragged 0.104s
# START mamba3/odd repeat=2/stepfull
# DONE mamba3/odd repeat=2/stepfull 0.123s
# START mamba3/odd repeat=2/rlpair
# DONE mamba3/odd repeat=2/rlpair 1.116s
# CELL mamba3/odd STABLE 9.269s
# START mamba3/negative repeat=1/train
# DONE mamba3/negative repeat=1/train 0.065s
# START mamba3/negative repeat=1/infer-save-reload
# DONE mamba3/negative repeat=1/infer-save-reload 0.006s
# START mamba3/negative repeat=1/batch
# DONE mamba3/negative repeat=1/batch 0.097s
# START mamba3/negative repeat=1/batchgrad
# DONE mamba3/negative repeat=1/batchgrad 2.907s
# START mamba3/negative repeat=1/batchscale
# DONE mamba3/negative repeat=1/batchscale 0.231s
# START mamba3/negative repeat=1/ragged
# DONE mamba3/negative repeat=1/ragged 0.103s
# START mamba3/negative repeat=1/stepfull
# DONE mamba3/negative repeat=1/stepfull 0.121s
# START mamba3/negative repeat=1/rlpair
# DONE mamba3/negative repeat=1/rlpair 1.188s
# START mamba3/negative repeat=2/train
# DONE mamba3/negative repeat=2/train 0.066s
# START mamba3/negative repeat=2/infer-save-reload
# DONE mamba3/negative repeat=2/infer-save-reload 0.007s
# START mamba3/negative repeat=2/batch
# DONE mamba3/negative repeat=2/batch 0.098s
# START mamba3/negative repeat=2/batchgrad
# DONE mamba3/negative repeat=2/batchgrad 2.904s
# START mamba3/negative repeat=2/batchscale
# DONE mamba3/negative repeat=2/batchscale 0.235s
# START mamba3/negative repeat=2/ragged
# DONE mamba3/negative repeat=2/ragged 0.104s
# START mamba3/negative repeat=2/stepfull
# DONE mamba3/negative repeat=2/stepfull 0.124s
# START mamba3/negative repeat=2/rlpair
# DONE mamba3/negative repeat=2/rlpair 1.137s
# CELL mamba3/negative STABLE 9.391s
| mamba3                 | b282d7e1efb22e6b | 8d73a195a2ddf294 | 83aed4df14d5d1fa | 6442dafe99cc58c3 | c60d9b83bb93becc | c60d9b83bb93becc | 75b58c82f71e9251 | b282d7e1efb22e6b | a7692db129889d0e |
| mamba3 infer           | 8fd7cc1c76855a20 | 1d6a9e7e7f4cef9d | b1a7d4ee34f199ba | 3009c08c78896159 | 485dc075bb05925a | 485dc075bb05925a | 070bd58f6657209b | 8fd7cc1c76855a20 | aa9819b0fd6a1c00 |
| mamba3 batch           | fe15276118f5cc87 | 7ad1c67221165d41 | e8de6d8568214bec | b9b0da7d2e68ebdb | 55589eabd06f42f3 | 55589eabd06f42f3 | 0a0977dd6524f3ed | fe15276118f5cc87 | 600d4b7d48d54310 |
| mamba3 rlpair          | a6bfdd6f7f065e01 | bab378a93b297e68 | 0ba890aa5e9e0f9e | e31e054a1d43a1e9 | 9164df9a72cc1b7a | 9460cdf7535e697d | a6bfdd6f7f065e01 | a6bfdd6f7f065e01 | 8e03fed61ccfab2c |
| mamba3 batchgrad       | a4abaac5953d72c9 | 892d27cf2c4db210 | 9c38d7b988bacdd9 | 549a53b6ca0d2d94 | 0131da859bb43ba8 | 0131da859bb43ba8 | b4798217dd434e53 | a4abaac5953d72c9 | f05e8020130507f2 |
| mamba3 batchscale      | ceefba108c5eced7 | b8be36a44981083d | 1b995fcf74b98ac9 | 8c2597c8c9aa6323 | 6199bece15fbe9db | 6199bece15fbe9db | 3e95c92af54914d8 | f1caf1ffcf09e5cf | 5a88d57d228e24c6 |
| mamba3 ragged          | d3c724e4886a7088 | a485177cf197a83c | cb6e23bab69d99fa | f629a750e7c22eb5 | fcd7dc629def2c57 | fcd7dc629def2c57 | e41f48b82ab54da1 | d3c724e4886a7088 | 7517d57edb5269d2 |
| mamba3 stepfull        | c1eb221a7da85e5d | 89104a7f0006ff30 | 3c232330c1dbd42a | 3b2a3513eb8af21d | 1bd696cd9e99ca68 | 1bd696cd9e99ca68 | 3f3c2b40c7218a3d | c1eb221a7da85e5d | 6a5c666198e078f9 |

cells=9 stable=9 moved=0 refused=0
infer: stable=9
model: n/a=9
batch: stable=9
rlpair: stable=9
batchgrad: stable=9
batchscale: stable=9
ragged: stable=9
stepfull: stable=9
n/a: mamba3 model n/a:no-save
wrote /root/gemm_leg_out/ordinary-holds/captures-neural/mamba3.json
