9170 external/tcmalloc+/tcmalloc/internal/system_allocator.h:713] Warning: Unable to mbind memory (errno=1, base=0x3156c0000000, nodemask=1)
{"event": "setup", "schema": "mojolearn.lm-step-memory-probe.v3", "shape": {"batch": 1, "length": 2048, "d_model": 768, "n_heads": 12, "n_kv": 12, "head_dim": 64, "intermediate": 2048, "n_layers": 12, "vocab_size": 50257}, "profile": "mojolearn.byte-lm.b1-l2048-d768-h12-kv12-hd64-ff2048-v50257-blocks12.fp32.v3", "parameters": 162147840, "n_tensors": 110, "tokens_per_step": 2048, "seed": 93261, "budget_seconds": 300.0, "resident": true, "step_result": "lean", "witness_every_step": false, "witness_source": "export_gradients(named=False) + export_state() once after the last untimed step", "corpus": {"path": "training/corpus/pile_github/input.txt", "sha256": "52a5b4c36ab9119c15505331c10e3b23690377d40fbac3e598c7fafe13a324df", "manifest_sha256": "e3f46ca3870913aabd179647f5ab7e66b829c30c3cbcbf4b2862e2790d94cda5", "bytes": 97124565, "source_url": "https://huggingface.co/datasets/monology/pile-uncopyrighted/resolve/3be90335b66f24456a5d6659d9c8d208c0357119/val.jsonl.zst", "schedule": "step k row b: bytes[(k*batch*length + b*length) % (bytes - length - 1) : +length+1] as int32; targets shifted one byte"}, "attention_arm": "stash_tiled_fgrid_r32_qres_pf_estash_dres_kvgrid_r32", "attention_arm_source": "binding", "attention_arm_requested": null, "attention_arm_default": "stash_tiled_fgrid_r32_qres_pf_estash_dres_kvgrid_r32", "attention_arm_is_default": true, "attention_arm_resolved_hd64": "stash_tiled_fgrid_r32_qres_pf_estash_dres_kvgrid_r32", "attention_arm_trial_build": false, "gemm_arm": "kpack_gs", "gemm_plan": "kpack_gs on the calls it takes, else default=ksplit(S=132) else tuned128", "step_glue_arm": "optskip_noshadow_rows16", "step_glue_arm_requested": null, "step_glue_trial_build": false, "gemm_arm_requested": "kpack_gs", "attention_path_requested": null, "numeric_mode_env": "identical", "runtime": {"binding_file": "/root/mojolearn/python/mojolearn/identical/_mojolearn_byte_lm.so", "binding_sha256": "890f7968c28f28b7f7558291554f362ea8888026b50f46ca77f4fca4f5eaf616", "native_attention_arm": {"arm": "stash_tiled_fgrid_r32_qres_pf_estash_dres_kvgrid_r32", "default": "stash_tiled_fgrid_r32_qres_pf_estash_dres_kvgrid_r32", "resolved_hd64": "stash_tiled_fgrid_r32_qres_pf_estash_dres_kvgrid_r32", "trial_build": false}, "native_numeric_mode": 1, "native_profile": "mojolearn.byte-lm.b2-l32-d32-h4-kv2-ff64-v256-blocks2.fp32.v1", "native_step_glue_arm": {"arm": "optskip_noshadow_rows16", "trial_build": false}, "native_vendor": "cuda", "source_scope": "available direct source files; binding SHA identifies the compiled artifact", "source_sha256": {"bindings/_mojolearn_byte_lm.mojo": "edffadedbeb8da29f0ed1de417934c49a8a00187ab4b77fa61e2e270ef23cbaf", "loaded_python_wrapper": "0ae6ca9951cc24c4510d38acf69ea127a4c2231d8ee923d6407ded3f5a50dc0a", "python/mojolearn/_byte_lm_config.py": "440ca11e33cfed741c8a812a8dac74ad4e938ab8e16f84ed2af5b61d3fbe56b8", "python/mojolearn/_byte_lm_impl.py": "0ae6ca9951cc24c4510d38acf69ea127a4c2231d8ee923d6407ded3f5a50dc0a", "python/mojolearn/language_model.py": "4e84ad0955cfc7b7dc0c884d1abcae7f59943d93bee337ac4a16b92be9718925", "training/byte_lm.mojo": "3ccdfcf6424fd0fba562e6e60b685dcce282dcb319e7867c826f391d102abd6f", "training/byte_lm_config.mojo": "bc5c9a9502793359fbbdd50c94e02b7bcd3f5c4295e1c35871efc774524a69b1"}, "schema": "small-byte-lm.run-metadata.v1", "qualification": "authored/unqualified", "profile": "mojolearn.byte-lm.b1-l2048-d768-h12-kv12-hd64-ff2048-v50257-blocks12.fp32.v3", "device_state_lifetime": "resident", "step_result": "lean", "last_export_step": 0, "config": {"lr": 0.0010000000474974513, "beta1": 0.8999999761581421, "beta2": 0.9990000128746033, "eps": 9.99999993922529e-09, "weight_decay": 0.009999999776482582, "kind": 2, "momentum": 0.0, "dampening": 0.0, "nesterov": false, "max_norm": 0.0}, "data_schedule": {"batches": "pinned corpus 52a5b4c36ab9119c15505331c10e3b23690377d40fbac3e598c7fafe13a324df", "fixture": "lm step memory probe", "seed": 93261}, "completed_steps": 0, "next_batch_index": 0}, "initial_parameters_sha256": "0e36d8d036d8c4cf9704babd096061006e48071187c793c6ee471e05b449572e", "host_before_first_call": {"vm_rss_bytes": 2747322368, "vm_hwm_bytes": 3391176704, "ru_maxrss_bytes": 3391176704, "boundary": "process host memory (Python + native + pinned staging); not device memory"}, "device_tool": "nvidia-smi", "qualification": "complete-step probe at the named shape; not an opponent ratio, not a default gate", "t": 1789323796.2254875}
{"event": "step_start", "step": 1, "first_call_includes_setup": true, "ids_sha256": "7626015c8a8cb90b13e0d44eff53262a36025184a4adfb88591a93ba18857518", "t": 1789323796.2259579}
9170 external/tcmalloc+/tcmalloc/internal/system_allocator.h:713] Warning: Unable to mbind memory (errno=1, base=0x315700000000, nodemask=1)
9170 external/tcmalloc+/tcmalloc/internal/system_allocator.h:713] Warning: Unable to mbind memory (errno=1, base=0x315740000000, nodemask=1)
{"event": "step_end", "step": 1, "seconds": 13.653857950121164, "tokens_per_second": 149.99423660928198, "first_call_includes_setup": true, "timing_boundary": "public train_step call; native binding synchronizes the context before publishing outputs; includes host readbacks, validation and gradient copies", "step_result": "lean", "witnessed": false, "witness_export_seconds": null, "loss": 11.12025260925293, "sha256": {"loss": "fb1bfea4e8daa3b31227ff49a404e36a58fe27b98856af4d27a24872b0e9abf2"}, "completed_steps": 1, "host": {"vm_rss_bytes": 2361462784, "vm_hwm_bytes": 8181936128, "ru_maxrss_bytes": 8181936128, "boundary": "process host memory (Python + native + pinned staging); not device memory"}, "device": {"tool": "nvidia-smi", "peak_process_bytes": "unavailable", "peak_device_bytes": 15345909760, "device_total_bytes": 85520809984, "sample_interval_seconds": 0.2, "samples_total": 36, "errors_total": 0, "boundary": "vendor tool polled at the interval; peaks shorter than one interval are missed; device-wide used memory includes other processes; torch.cuda allocator statistics do not cover Mojo allocations and are not used"}, "t": 1789323809.880173}
{"event": "final_witness", "step": 1, "completed_steps": 1, "sha256": {"gradients": "85d053a482668fd958df0e32325fc47f9ba10ec630ff63557c7b79c5bd85b0e3", "parameters": "1b32246046a72ada00e3c8ec04d079beb629d8e314f860bc7106d42c5996a8ca", "m": "8dbf0dfcb08f29687241a6586a7ef8224fde5877a7aeb490b9701d24d5812524", "v": "227d2c36dbd16e9acf0556ec491d8b6431a8e4cc5b235b8d81011996a9bc05be", "flags": "360d579dbd14759b41afdf7fb5e80c0101e15150ae401d59f92a1e32d129f7cb"}, "export_seconds": 13.914421539986506, "source": "export_gradients(named=False) + export_state() once after the last untimed step", "t": 1789323823.7949126}
{"event": "component_timing_step_start", "timing_step": 1, "note": "MOJOLEARN_TRANSFORMER_TIMING=1; not a timing sample", "t": 1789323823.7956707}
timing step.py_tokens 0.3384500741958618 ms
timing step.py_tokens_bytes 8196 bytes
timing step.bind_scalar_admission 0.008236 ms
timing step.upload_inputs 0.168907 ms
timing step.upload_inputs_bytes 16384 bytes
timing step.unpack_weights 1.159711 ms
timing step.unpack_weights_bytes 648591360 bytes
timing step.embedding_forward 0.059226 ms
timing block.norm1 0.22222 ms
timing attn.qkv_proj 0.784284 ms
timing attn.rope_and_cache 0.133157 ms
timing attn.core 1.866005 ms
timing attn.o_proj 0.263893 ms
timing block.attention_total 3.055637 ms
timing block.mlp_and_residuals 1.800358 ms
timing block.norm1 0.183306 ms
timing attn.qkv_proj 0.766547 ms
timing attn.rope_and_cache 0.106458 ms
timing attn.core 1.852423 ms
timing attn.o_proj 0.263387 ms
timing block.attention_total 2.995044 ms
timing block.mlp_and_residuals 1.775694 ms
timing block.norm1 0.181072 ms
timing attn.qkv_proj 0.765071 ms
timing attn.rope_and_cache 0.104857 ms
timing attn.core 1.854644 ms
timing attn.o_proj 0.262737 ms
timing block.attention_total 2.996001 ms
timing block.mlp_and_residuals 1.774658 ms
timing block.norm1 0.180902 ms
timing attn.qkv_proj 0.768652 ms
timing attn.rope_and_cache 0.110511 ms
timing attn.core 1.866378 ms
timing attn.o_proj 0.273082 ms
timing block.attention_total 3.023646 ms
timing block.mlp_and_residuals 1.776531 ms
timing block.norm1 0.181499 ms
timing attn.qkv_proj 0.768368 ms
timing attn.rope_and_cache 0.109312 ms
timing attn.core 1.844157 ms
timing attn.o_proj 0.261915 ms
timing block.attention_total 2.988464 ms
timing block.mlp_and_residuals 1.7724 ms
timing block.norm1 0.180938 ms
timing attn.qkv_proj 0.765877 ms
timing attn.rope_and_cache 0.105972 ms
timing attn.core 1.856087 ms
timing attn.o_proj 0.263225 ms
timing block.attention_total 2.995862 ms
timing block.mlp_and_residuals 1.776107 ms
timing block.norm1 0.181447 ms
timing attn.qkv_proj 0.767126 ms
timing attn.rope_and_cache 0.111305 ms
timing attn.core 1.834487 ms
timing attn.o_proj 0.262784 ms
timing block.attention_total 2.980521 ms
timing block.mlp_and_residuals 1.773104 ms
timing block.norm1 0.180228 ms
timing attn.qkv_proj 0.766104 ms
timing attn.rope_and_cache 0.106666 ms
timing attn.core 1.841507 ms
timing attn.o_proj 0.263839 ms
timing block.attention_total 2.982739 ms
timing block.mlp_and_residuals 1.771254 ms
timing block.norm1 0.180198 ms
timing attn.qkv_proj 0.765958 ms
timing attn.rope_and_cache 0.105912 ms
timing attn.core 1.874409 ms
timing attn.o_proj 0.262372 ms
timing block.attention_total 3.013244 ms
timing block.mlp_and_residuals 1.795325 ms
timing block.norm1 0.182075 ms
timing attn.qkv_proj 0.76564 ms
timing attn.rope_and_cache 0.106787 ms
timing attn.core 1.835625 ms
timing attn.o_proj 0.264194 ms
timing block.attention_total 2.977033 ms
timing block.mlp_and_residuals 1.779658 ms
timing block.norm1 0.18131 ms
timing attn.qkv_proj 0.766814 ms
timing attn.rope_and_cache 0.10572 ms
timing attn.core 1.880814 ms
timing attn.o_proj 0.26217 ms
timing block.attention_total 3.020099 ms
timing block.mlp_and_residuals 1.775464 ms
timing block.norm1 0.178964 ms
timing attn.qkv_proj 0.766566 ms
timing attn.rope_and_cache 0.107658 ms
timing attn.core 1.856923 ms
timing attn.o_proj 0.263985 ms
timing block.attention_total 2.999776 ms
timing block.mlp_and_residuals 1.772582 ms
timing envelope.blocks_forward 59.649651 ms
timing step.head_forward 12.387139 ms
timing step.ce_refuse_scan 0.386466 ms
timing step.ce_refuse_scan_bytes 411705344 bytes
timing step.ce_refuse_scan_download_bytes 8192 bytes
timing step.ce_forward 1.708302 ms
timing step.loss_download 0.018612 ms
timing step.loss_download_bytes 4 bytes
timing step.ce_backward 0.986876 ms
timing step.head_backward_da 13.435688 ms
timing step.head_backward_db 11.835047 ms
timing bwd.before_attention 0.002922 ms
timing bwd.attention 3.317355 ms
timing bwd.after_attention 1.788625 ms
timing bwd.before_attention 0.002906 ms
timing bwd.attention 3.242894 ms
timing bwd.after_attention 1.77847 ms
timing bwd.before_attention 0.002882 ms
timing bwd.attention 3.288838 ms
timing bwd.after_attention 1.769244 ms
timing bwd.before_attention 0.002932 ms
timing bwd.attention 3.231344 ms
timing bwd.after_attention 1.767413 ms
timing bwd.before_attention 0.00291 ms
timing bwd.attention 3.211023 ms
timing bwd.after_attention 1.769143 ms
timing bwd.before_attention 0.002903 ms
timing bwd.attention 3.257199 ms
timing bwd.after_attention 1.771481 ms
timing bwd.before_attention 0.002922 ms
timing bwd.attention 3.333538 ms
timing bwd.after_attention 1.769075 ms
timing bwd.before_attention 0.002934 ms
timing bwd.attention 3.303027 ms
timing bwd.after_attention 1.766568 ms
timing bwd.before_attention 0.002955 ms
timing bwd.attention 3.272927 ms
timing bwd.after_attention 1.766811 ms
timing bwd.before_attention 0.00294 ms
timing bwd.attention 3.309869 ms
timing bwd.after_attention 1.766348 ms
timing bwd.before_attention 0.002922 ms
timing bwd.attention 3.272986 ms
timing bwd.after_attention 1.764694 ms
timing bwd.before_attention 0.00294 ms
timing bwd.attention 3.292014 ms
timing bwd.after_attention 1.765974 ms
timing envelope.blocks_backward 109.202167 ms
timing step.embedding_backward 2.529743 ms
timing step.pack_grads 1.116723 ms
timing step.pack_grads_bytes 648591360 bytes
timing step.validate_grads_scan 0.556567 ms
timing step.validate_grads_scan_bytes 648591360 bytes
timing step.optimizer 1.728304 ms
timing step.validate_after_scan 2.142758 ms
timing step.validate_after_scan_bytes 2594365440 bytes
timing step.bind_final_sync 0.001944 ms
timing step.bind_publish 0.003563 ms
timing step.bind_publish_bytes 444 bytes
timing envelope.native_call 219.46438890881836 ms
timing step.py_flags 0.11692219413816929 ms
timing step.py_flags_bytes 440 bytes
{"event": "component_timing_step_end", "timing_step": 1, "seconds": 0.2201038571074605, "loss": 8.354198455810547, "t": 1789323824.0158448}
