5280 external/tcmalloc+/tcmalloc/internal/system_allocator.h:713] Warning: Unable to mbind memory (errno=1, base=0x1bf580000000, nodemask=2)
{"event": "setup", "schema": "mojolearn.lm-step-memory-probe.v3", "shape": {"batch": 1, "length": 2048, "d_model": 768, "n_heads": 12, "n_kv": 12, "head_dim": 64, "intermediate": 2048, "n_layers": 12, "vocab_size": 50257}, "profile": "mojolearn.byte-lm.b1-l2048-d768-h12-kv12-hd64-ff2048-v50257-blocks12.fp32.v3", "parameters": 162147840, "n_tensors": 110, "tokens_per_step": 2048, "seed": 93261, "budget_seconds": 300.0, "resident": true, "step_result": "lean", "witness_every_step": false, "witness_source": "export_gradients(named=False) + export_state() once after the last untimed step", "corpus": {"path": "training/corpus/pile_github/input.txt", "sha256": "52a5b4c36ab9119c15505331c10e3b23690377d40fbac3e598c7fafe13a324df", "manifest_sha256": "e3f46ca3870913aabd179647f5ab7e66b829c30c3cbcbf4b2862e2790d94cda5", "bytes": 97124565, "source_url": "https://huggingface.co/datasets/monology/pile-uncopyrighted/resolve/3be90335b66f24456a5d6659d9c8d208c0357119/val.jsonl.zst", "schedule": "step k row b: bytes[(k*batch*length + b*length) % (bytes - length - 1) : +length+1] as int32; targets shifted one byte"}, "attention_arm": null, "gemm_arm": "shipped", "gemm_plan": "shipped: default=ksplit(S=132) else tuned128", "attention_arm_requested": null, "gemm_arm_requested": "shipped", "attention_path_requested": null, "numeric_mode_env": "identical", "runtime": {"binding_file": "/root/mojolearn/python/mojolearn/identical/_mojolearn_byte_lm.so", "binding_sha256": "46af918699cad6cc8b7df3368eded5e8ad069b282bab548813972919929aa4ea", "native_numeric_mode": 1, "native_profile": "mojolearn.byte-lm.b2-l32-d32-h4-kv2-ff64-v256-blocks2.fp32.v1", "native_vendor": "cuda", "source_scope": "available direct source files; binding SHA identifies the compiled artifact", "source_sha256": {"bindings/_mojolearn_byte_lm.mojo": "e10db165cfc590da558325ef892ea076e2ea6d4a0c57b3f684dc240c0d1d8852", "loaded_python_wrapper": "768d45912dff00d1079b6cdd01bb74c38d1bcf1d2db96f8236f0d59938ff5697", "python/mojolearn/_byte_lm_config.py": "440ca11e33cfed741c8a812a8dac74ad4e938ab8e16f84ed2af5b61d3fbe56b8", "python/mojolearn/_byte_lm_impl.py": "768d45912dff00d1079b6cdd01bb74c38d1bcf1d2db96f8236f0d59938ff5697", "python/mojolearn/language_model.py": "ad7fab7986e790cf0962e1cad316f586b1cec474f54c73619b7eb08da9530533", "training/byte_lm.mojo": "1f02bbaf31e13057010c959feacea545dd91b0a41a1bb4c35f7301c3e7426204", "training/byte_lm_config.mojo": "a620c17cff6cbe5f96097609105acf774a732b72aa118d342bfbbe5e084d8606"}, "schema": "small-byte-lm.run-metadata.v1", "qualification": "authored/unqualified", "profile": "mojolearn.byte-lm.b1-l2048-d768-h12-kv12-hd64-ff2048-v50257-blocks12.fp32.v3", "device_state_lifetime": "resident", "step_result": "lean", "last_export_step": 0, "config": {"lr": 0.0010000000474974513, "beta1": 0.8999999761581421, "beta2": 0.9990000128746033, "eps": 9.99999993922529e-09, "weight_decay": 0.009999999776482582, "kind": 2, "momentum": 0.0, "dampening": 0.0, "nesterov": false, "max_norm": 0.0}, "data_schedule": {"batches": "pinned corpus 52a5b4c36ab9119c15505331c10e3b23690377d40fbac3e598c7fafe13a324df", "fixture": "lm step memory probe", "seed": 93261}, "completed_steps": 0, "next_batch_index": 0}, "initial_parameters_sha256": "0e36d8d036d8c4cf9704babd096061006e48071187c793c6ee471e05b449572e", "host_before_first_call": {"vm_rss_bytes": 2747244544, "vm_hwm_bytes": 3393167360, "ru_maxrss_bytes": 3393167360, "boundary": "process host memory (Python + native + pinned staging); not device memory"}, "device_tool": "nvidia-smi", "qualification": "complete-step probe at the named shape; not an opponent ratio, not a default gate", "t": 1789145268.1301873}
{"event": "step_start", "step": 1, "first_call_includes_setup": true, "ids_sha256": "7626015c8a8cb90b13e0d44eff53262a36025184a4adfb88591a93ba18857518", "t": 1789145268.1307318}
5280 external/tcmalloc+/tcmalloc/internal/system_allocator.h:713] Warning: Unable to mbind memory (errno=1, base=0x1bf5c0000000, nodemask=2)
5280 external/tcmalloc+/tcmalloc/internal/system_allocator.h:713] Warning: Unable to mbind memory (errno=1, base=0x1bf600000000, nodemask=2)
{"event": "step_end", "step": 1, "seconds": 14.28345419280231, "tokens_per_second": 143.38268407315817, "first_call_includes_setup": true, "timing_boundary": "public train_step call; native binding synchronizes the context before publishing outputs; includes host readbacks, validation and gradient copies", "step_result": "lean", "witnessed": false, "witness_export_seconds": null, "loss": 11.12025260925293, "sha256": {"loss": "fb1bfea4e8daa3b31227ff49a404e36a58fe27b98856af4d27a24872b0e9abf2"}, "completed_steps": 1, "host": {"vm_rss_bytes": 2361815040, "vm_hwm_bytes": 8188665856, "ru_maxrss_bytes": 8188665856, "boundary": "process host memory (Python + native + pinned staging); not device memory"}, "device": {"tool": "nvidia-smi", "peak_process_bytes": "unavailable", "peak_device_bytes": 14553186304, "device_total_bytes": 85520809984, "sample_interval_seconds": 0.2, "samples_total": 33, "errors_total": 0, "boundary": "vendor tool polled at the interval; peaks shorter than one interval are missed; device-wide used memory includes other processes; torch.cuda allocator statistics do not cover Mojo allocations and are not used"}, "t": 1789145282.414569}
{"event": "final_witness", "step": 1, "completed_steps": 1, "sha256": {"gradients": "85d053a482668fd958df0e32325fc47f9ba10ec630ff63557c7b79c5bd85b0e3", "parameters": "1b32246046a72ada00e3c8ec04d079beb629d8e314f860bc7106d42c5996a8ca", "m": "8dbf0dfcb08f29687241a6586a7ef8224fde5877a7aeb490b9701d24d5812524", "v": "227d2c36dbd16e9acf0556ec491d8b6431a8e4cc5b235b8d81011996a9bc05be", "flags": "360d579dbd14759b41afdf7fb5e80c0101e15150ae401d59f92a1e32d129f7cb"}, "export_seconds": 13.764961943030357, "source": "export_gradients(named=False) + export_state() once after the last untimed step", "t": 1789145296.1798418}
{"event": "component_timing_step_start", "note": "MOJOLEARN_TRANSFORMER_TIMING=1; not a timing sample", "t": 1789145296.1804712}
timing step.py_tokens 0.29295310378074646 ms
timing step.py_tokens_bytes 8196 bytes
timing step.bind_scalar_admission 0.007548 ms
timing step.upload_inputs 0.163737 ms
timing step.upload_inputs_bytes 16384 bytes
timing step.unpack_weights 1.165976 ms
timing step.unpack_weights_bytes 648591360 bytes
timing step.embedding_forward 0.057911 ms
timing block.norm1 0.33349 ms
timing attn.qkv_proj 0.830082 ms
timing attn.rope_and_cache 0.138399 ms
timing attn.core 3.235875 ms
timing attn.o_proj 0.279426 ms
timing block.attention_total 4.494646 ms
timing block.mlp_and_residuals 2.073018 ms
timing block.norm1 0.313524 ms
timing attn.qkv_proj 0.809331 ms
timing attn.rope_and_cache 0.108864 ms
timing attn.core 3.217925 ms
timing attn.o_proj 0.277384 ms
timing block.attention_total 4.418575 ms
timing block.mlp_and_residuals 2.042235 ms
timing block.norm1 0.309171 ms
timing attn.qkv_proj 0.810601 ms
timing attn.rope_and_cache 0.107475 ms
timing attn.core 3.216749 ms
timing attn.o_proj 0.279938 ms
timing block.attention_total 4.420081 ms
timing block.mlp_and_residuals 2.051955 ms
timing block.norm1 0.311292 ms
timing attn.qkv_proj 0.811929 ms
timing attn.rope_and_cache 0.111058 ms
timing attn.core 3.182101 ms
timing attn.o_proj 0.278113 ms
timing block.attention_total 4.387938 ms
timing block.mlp_and_residuals 2.052432 ms
timing block.norm1 0.316708 ms
timing attn.qkv_proj 0.810688 ms
timing attn.rope_and_cache 0.109309 ms
timing attn.core 3.215219 ms
timing attn.o_proj 0.278107 ms
timing block.attention_total 4.419067 ms
timing block.mlp_and_residuals 2.051212 ms
timing block.norm1 0.308008 ms
timing attn.qkv_proj 0.811474 ms
timing attn.rope_and_cache 0.108193 ms
timing attn.core 3.204083 ms
timing attn.o_proj 0.280196 ms
timing block.attention_total 4.409551 ms
timing block.mlp_and_residuals 2.049933 ms
timing block.norm1 0.309297 ms
timing attn.qkv_proj 0.809907 ms
timing attn.rope_and_cache 0.111419 ms
timing attn.core 3.217313 ms
timing attn.o_proj 0.278255 ms
timing block.attention_total 4.422102 ms
timing block.mlp_and_residuals 2.054721 ms
timing block.norm1 0.302245 ms
timing attn.qkv_proj 0.810502 ms
timing attn.rope_and_cache 0.108091 ms
timing attn.core 3.226792 ms
timing attn.o_proj 0.277133 ms
timing block.attention_total 4.427395 ms
timing block.mlp_and_residuals 2.047147 ms
timing block.norm1 0.310765 ms
timing attn.qkv_proj 0.809775 ms
timing attn.rope_and_cache 0.107884 ms
timing attn.core 3.217244 ms
timing attn.o_proj 0.278287 ms
timing block.attention_total 4.418027 ms
timing block.mlp_and_residuals 2.046583 ms
timing block.norm1 0.308717 ms
timing attn.qkv_proj 0.80931 ms
timing attn.rope_and_cache 0.107642 ms
timing attn.core 3.207855 ms
timing attn.o_proj 0.279048 ms
timing block.attention_total 4.409222 ms
timing block.mlp_and_residuals 2.057057 ms
timing block.norm1 0.315482 ms
timing attn.qkv_proj 0.810533 ms
timing attn.rope_and_cache 0.109016 ms
timing attn.core 3.204981 ms
timing attn.o_proj 0.277109 ms
timing block.attention_total 4.406307 ms
timing block.mlp_and_residuals 2.053815 ms
timing block.norm1 0.315329 ms
timing attn.qkv_proj 0.811416 ms
timing attn.rope_and_cache 0.112369 ms
timing attn.core 3.213162 ms
timing attn.o_proj 0.278527 ms
timing block.attention_total 4.421091 ms
timing block.mlp_and_residuals 2.042176 ms
timing envelope.blocks_forward 81.498484 ms
timing step.head_forward 13.881813 ms
timing step.ce_refuse_scan 0.386005 ms
timing step.ce_refuse_scan_bytes 411705344 bytes
timing step.ce_refuse_scan_download_bytes 8192 bytes
timing step.ce_forward 1.71034 ms
timing step.loss_download 0.021117 ms
timing step.loss_download_bytes 4 bytes
timing step.ce_backward 0.987045 ms
timing step.head_backward_da 14.40833 ms
timing step.head_backward_db 14.033652 ms
timing bwd.before_attention 0.003182 ms
timing bwd.attention 10.520653 ms
timing bwd.after_attention 1.979633 ms
timing bwd.before_attention 0.003129 ms
timing bwd.attention 10.46581 ms
timing bwd.after_attention 1.962723 ms
timing bwd.before_attention 0.009379 ms
timing bwd.attention 10.531169 ms
timing bwd.after_attention 1.968658 ms
timing bwd.before_attention 0.003108 ms
timing bwd.attention 10.481153 ms
timing bwd.after_attention 1.958152 ms
timing bwd.before_attention 0.003112 ms
timing bwd.attention 10.54973 ms
timing bwd.after_attention 2.15754 ms
timing bwd.before_attention 0.00314 ms
timing bwd.attention 10.53824 ms
timing bwd.after_attention 1.957175 ms
timing bwd.before_attention 0.003177 ms
timing bwd.attention 10.525591 ms
timing bwd.after_attention 1.952219 ms
timing bwd.before_attention 0.003115 ms
timing bwd.attention 10.53143 ms
timing bwd.after_attention 1.963697 ms
timing bwd.before_attention 0.003161 ms
timing bwd.attention 10.539295 ms
timing bwd.after_attention 1.958155 ms
timing bwd.before_attention 0.003181 ms
timing bwd.attention 10.491153 ms
timing bwd.after_attention 1.963949 ms
timing bwd.before_attention 0.003128 ms
timing bwd.attention 10.530386 ms
timing bwd.after_attention 1.953217 ms
timing bwd.before_attention 0.003377 ms
timing bwd.attention 10.46704 ms
timing bwd.after_attention 1.959669 ms
timing envelope.blocks_backward 203.526133 ms
timing step.embedding_backward 2.538155 ms
timing step.pack_grads 1.128991 ms
timing step.pack_grads_bytes 648591360 bytes
timing step.validate_grads_scan 0.558484 ms
timing step.validate_grads_scan_bytes 648591360 bytes
timing step.shadow_copy 2.310574 ms
timing step.shadow_copy_bytes 1945774080 bytes
timing step.opt_refuse_scan 2.180286 ms
timing step.opt_refuse_scan_bytes 2594365440 bytes
timing step.opt_refuse_scan_download_bytes 0 bytes
timing step.optimizer 1.717408 ms
timing step.validate_after_scan 2.159055 ms
timing step.validate_after_scan_bytes 2594365440 bytes
timing step.bind_final_sync 0.002196 ms
timing step.bind_publish 0.009061 ms
timing step.bind_publish_bytes 444 bytes
timing envelope.native_call 344.82848830521107 ms
timing step.py_flags 0.276222825050354 ms
timing step.py_flags_bytes 440 bytes
{"event": "component_timing_step_end", "seconds": 0.34558557718992233, "t": 1789145296.5261157}
