3004 external/tcmalloc+/tcmalloc/internal/system_allocator.h:713] Warning: Unable to mbind memory (errno=1, base=0x599980000000, nodemask=2)
=== attention step price, mode IDENTICAL, column nvidia, generator shape B1_L2048_nh12_nkv12_hd64_win0 (a file: kind carries its own shape)
trial_hook=True phase_timers_built=False
baseline=stash_tiled candidate=stash_tiled_pf rounds=7 warmups=2
PATH baseline arm=stash_tiled zdot_rows=- fwd_rows=- preflush=False reach_bit=sabotage
PATH candidate arm=stash_tiled_pf zdot_rows=- fwd_rows=64 preflush=True reach_bit=sabotage_new
--- kind file:operands-enwik8
shape=B1_L2048_nh12_nkv12_hd64_win0 visible_cells=25178112 S=2048 key_lo=0 pos0=0
DIGEST file:operands-enwik8 stash_tiled ctx 5f01fc3a9bcec9c9 amax d89905a2e4307303 denom 195b4567d81c06fc zdot 8300ce7d2f4755d5 dq e0625e227bed3164 dk 27853f72872d8fc9 dv 95007640dca74d09
DIGEST file:operands-enwik8 eager ctx 5f01fc3a9bcec9c9 amax d89905a2e4307303 denom 195b4567d81c06fc zdot 8300ce7d2f4755d5 dq e0625e227bed3164 dk 27853f72872d8fc9 dv 95007640dca74d09
BITS file:operands-enwik8 stash_tiled_vs_eager ctx MATCH 0 of 1572864
BITS file:operands-enwik8 stash_tiled_vs_eager amax MATCH 0 of 24576
BITS file:operands-enwik8 stash_tiled_vs_eager denom MATCH 0 of 24576
BITS file:operands-enwik8 stash_tiled_vs_eager zdot MATCH 0 of 24576
BITS file:operands-enwik8 stash_tiled_vs_eager dq MATCH 0 of 1572864
BITS file:operands-enwik8 stash_tiled_vs_eager dk MATCH 0 of 1572864
BITS file:operands-enwik8 stash_tiled_vs_eager dv MATCH 0 of 1572864
DIGEST file:operands-enwik8 stash_tiled_pf ctx 5f01fc3a9bcec9c9 amax d89905a2e4307303 denom 195b4567d81c06fc zdot 8300ce7d2f4755d5 dq e0625e227bed3164 dk 27853f72872d8fc9 dv 95007640dca74d09
BITS file:operands-enwik8 stash_tiled_pf_vs_stash_tiled ctx MATCH 0 of 1572864
BITS file:operands-enwik8 stash_tiled_pf_vs_stash_tiled amax MATCH 0 of 24576
BITS file:operands-enwik8 stash_tiled_pf_vs_stash_tiled denom MATCH 0 of 24576
BITS file:operands-enwik8 stash_tiled_pf_vs_stash_tiled zdot MATCH 0 of 24576
BITS file:operands-enwik8 stash_tiled_pf_vs_stash_tiled dq MATCH 0 of 1572864
BITS file:operands-enwik8 stash_tiled_pf_vs_stash_tiled dk MATCH 0 of 1572864
BITS file:operands-enwik8 stash_tiled_pf_vs_stash_tiled dv MATCH 0 of 1572864
BITS file:operands-enwik8 stash_tiled_pf+sabotage_new_vs_stash_tiled ctx MOVED 393216 of 1572864
BITS file:operands-enwik8 stash_tiled_pf+sabotage_new_vs_stash_tiled amax MATCH 0 of 24576
BITS file:operands-enwik8 stash_tiled_pf+sabotage_new_vs_stash_tiled denom MATCH 0 of 24576
BITS file:operands-enwik8 stash_tiled_pf+sabotage_new_vs_stash_tiled zdot MOVED 24576 of 24576
BITS file:operands-enwik8 stash_tiled_pf+sabotage_new_vs_stash_tiled dq MOVED 1385260 of 1572864
BITS file:operands-enwik8 stash_tiled_pf+sabotage_new_vs_stash_tiled dk MOVED 1429203 of 1572864
BITS file:operands-enwik8 stash_tiled_pf+sabotage_new_vs_stash_tiled dv MATCH 0 of 1572864
BITS file:operands-enwik8 stash_tiled_pf_restored_vs_stash_tiled ctx MATCH 0 of 1572864
BITS file:operands-enwik8 stash_tiled_pf_restored_vs_stash_tiled amax MATCH 0 of 24576
BITS file:operands-enwik8 stash_tiled_pf_restored_vs_stash_tiled denom MATCH 0 of 24576
BITS file:operands-enwik8 stash_tiled_pf_restored_vs_stash_tiled zdot MATCH 0 of 24576
BITS file:operands-enwik8 stash_tiled_pf_restored_vs_stash_tiled dq MATCH 0 of 1572864
BITS file:operands-enwik8 stash_tiled_pf_restored_vs_stash_tiled dk MATCH 0 of 1572864
BITS file:operands-enwik8 stash_tiled_pf_restored_vs_stash_tiled dv MATCH 0 of 1572864
REACH file:operands-enwik8 stash_tiled_pf sabotage_flipped_cells=3232255 clean_restored=True reach_bit=stash_tiled_pf+sabotage_new forward_moved=393216 backward_moved=2839039 amax_denom_moved=0 ctx_moved_columns_16_up=0 zdot_moved=24576 dv_moved=0
PRICE attention stash_tiled fwd file:operands-enwik8 3.1736 ms
PRICE attention stash_tiled fwdbwd file:operands-enwik8 13.594465 ms
PRICE attention stash_tiled_pf fwd file:operands-enwik8 2.906883 ms
PRICE attention stash_tiled_pf fwdbwd file:operands-enwik8 10.687762 ms
PRICE attention stash_tiled_pf fwd file:operands-enwik8 2.908329 ms
PRICE attention stash_tiled_pf fwdbwd file:operands-enwik8 10.659019 ms
PRICE attention stash_tiled fwd file:operands-enwik8 3.160027 ms
PRICE attention stash_tiled fwdbwd file:operands-enwik8 13.636092 ms
PRICE attention stash_tiled fwd file:operands-enwik8 3.159641 ms
PRICE attention stash_tiled fwdbwd file:operands-enwik8 13.667062 ms
PRICE attention stash_tiled_pf fwd file:operands-enwik8 2.905343 ms
PRICE attention stash_tiled_pf fwdbwd file:operands-enwik8 10.677116 ms
PRICE attention stash_tiled_pf fwd file:operands-enwik8 2.903969 ms
PRICE attention stash_tiled_pf fwdbwd file:operands-enwik8 10.731309 ms
PRICE attention stash_tiled fwd file:operands-enwik8 3.166541 ms
PRICE attention stash_tiled fwdbwd file:operands-enwik8 13.644343 ms
PRICE attention stash_tiled fwd file:operands-enwik8 3.184795 ms
PRICE attention stash_tiled fwdbwd file:operands-enwik8 13.626066 ms
PRICE attention stash_tiled_pf fwd file:operands-enwik8 2.886087 ms
PRICE attention stash_tiled_pf fwdbwd file:operands-enwik8 10.656002 ms
PRICE attention stash_tiled_pf fwd file:operands-enwik8 2.892852 ms
PRICE attention stash_tiled_pf fwdbwd file:operands-enwik8 10.695583 ms
PRICE attention stash_tiled fwd file:operands-enwik8 3.166187 ms
PRICE attention stash_tiled fwdbwd file:operands-enwik8 13.653826 ms
PRICE attention stash_tiled fwd file:operands-enwik8 3.168086 ms
PRICE attention stash_tiled fwdbwd file:operands-enwik8 13.675529 ms
PRICE attention stash_tiled_pf fwd file:operands-enwik8 2.92415 ms
PRICE attention stash_tiled_pf fwdbwd file:operands-enwik8 10.697689 ms
TABLE kind=file:operands-enwik8 shape=B1_L2048_nh12_nkv12_hd64_win0 visible_cells=25178112 (useful flops: fwd 4*cells*hd, bwd 10*cells*hd; executed multiplier of the shipped kernels: fwd dots 3 of 2 contractions, bwd dots 6 of 5)
TABLE arm | fwd median ms | fwd useful TFLOP/s | fwd+bwd median ms | bwd (derived) ms | bwd useful TFLOP/s | fwd ratio | fwd+bwd ratio
TABLE stash_tiled | 3.166541 | 2.0355323591262517 | 13.644343 | 10.477801999999999 | 1.5379171776676066 | 1.0 | 1.0
TABLE stash_tiled_pf | 2.905343 | 2.2185320879496846 | 10.687762 | 7.782418999999999 | 2.070563365966289 | 1.0899026380017782 | 1.2766323763571832
--- kind file:operands-pilegithub
shape=B1_L2048_nh12_nkv12_hd64_win0 visible_cells=25178112 S=2048 key_lo=0 pos0=0
DIGEST file:operands-pilegithub stash_tiled ctx 2a3a48d476868ddf amax c87795424c4ce74a denom 3b946f3ab306552a zdot 18417cee822a4690 dq dce688e9f43ba511 dk b7bdacf0394a4c64 dv 36950bfa379abbf6
DIGEST file:operands-pilegithub eager ctx 2a3a48d476868ddf amax c87795424c4ce74a denom 3b946f3ab306552a zdot 18417cee822a4690 dq dce688e9f43ba511 dk b7bdacf0394a4c64 dv 36950bfa379abbf6
BITS file:operands-pilegithub stash_tiled_vs_eager ctx MATCH 0 of 1572864
BITS file:operands-pilegithub stash_tiled_vs_eager amax MATCH 0 of 24576
BITS file:operands-pilegithub stash_tiled_vs_eager denom MATCH 0 of 24576
BITS file:operands-pilegithub stash_tiled_vs_eager zdot MATCH 0 of 24576
BITS file:operands-pilegithub stash_tiled_vs_eager dq MATCH 0 of 1572864
BITS file:operands-pilegithub stash_tiled_vs_eager dk MATCH 0 of 1572864
BITS file:operands-pilegithub stash_tiled_vs_eager dv MATCH 0 of 1572864
DIGEST file:operands-pilegithub stash_tiled_pf ctx 2a3a48d476868ddf amax c87795424c4ce74a denom 3b946f3ab306552a zdot 18417cee822a4690 dq dce688e9f43ba511 dk b7bdacf0394a4c64 dv 36950bfa379abbf6
BITS file:operands-pilegithub stash_tiled_pf_vs_stash_tiled ctx MATCH 0 of 1572864
BITS file:operands-pilegithub stash_tiled_pf_vs_stash_tiled amax MATCH 0 of 24576
BITS file:operands-pilegithub stash_tiled_pf_vs_stash_tiled denom MATCH 0 of 24576
BITS file:operands-pilegithub stash_tiled_pf_vs_stash_tiled zdot MATCH 0 of 24576
BITS file:operands-pilegithub stash_tiled_pf_vs_stash_tiled dq MATCH 0 of 1572864
BITS file:operands-pilegithub stash_tiled_pf_vs_stash_tiled dk MATCH 0 of 1572864
BITS file:operands-pilegithub stash_tiled_pf_vs_stash_tiled dv MATCH 0 of 1572864
BITS file:operands-pilegithub stash_tiled_pf+sabotage_new_vs_stash_tiled ctx MOVED 393216 of 1572864
BITS file:operands-pilegithub stash_tiled_pf+sabotage_new_vs_stash_tiled amax MATCH 0 of 24576
BITS file:operands-pilegithub stash_tiled_pf+sabotage_new_vs_stash_tiled denom MATCH 0 of 24576
BITS file:operands-pilegithub stash_tiled_pf+sabotage_new_vs_stash_tiled zdot MOVED 24576 of 24576
BITS file:operands-pilegithub stash_tiled_pf+sabotage_new_vs_stash_tiled dq MOVED 1374755 of 1572864
BITS file:operands-pilegithub stash_tiled_pf+sabotage_new_vs_stash_tiled dk MOVED 1422644 of 1572864
BITS file:operands-pilegithub stash_tiled_pf+sabotage_new_vs_stash_tiled dv MATCH 0 of 1572864
BITS file:operands-pilegithub stash_tiled_pf_restored_vs_stash_tiled ctx MATCH 0 of 1572864
BITS file:operands-pilegithub stash_tiled_pf_restored_vs_stash_tiled amax MATCH 0 of 24576
BITS file:operands-pilegithub stash_tiled_pf_restored_vs_stash_tiled denom MATCH 0 of 24576
BITS file:operands-pilegithub stash_tiled_pf_restored_vs_stash_tiled zdot MATCH 0 of 24576
BITS file:operands-pilegithub stash_tiled_pf_restored_vs_stash_tiled dq MATCH 0 of 1572864
BITS file:operands-pilegithub stash_tiled_pf_restored_vs_stash_tiled dk MATCH 0 of 1572864
BITS file:operands-pilegithub stash_tiled_pf_restored_vs_stash_tiled dv MATCH 0 of 1572864
REACH file:operands-pilegithub stash_tiled_pf sabotage_flipped_cells=3215191 clean_restored=True reach_bit=stash_tiled_pf+sabotage_new forward_moved=393216 backward_moved=2821975 amax_denom_moved=0 ctx_moved_columns_16_up=0 zdot_moved=24576 dv_moved=0
PRICE attention stash_tiled fwd file:operands-pilegithub 3.187066 ms
PRICE attention stash_tiled fwdbwd file:operands-pilegithub 13.656378 ms
PRICE attention stash_tiled_pf fwd file:operands-pilegithub 2.955628 ms
PRICE attention stash_tiled_pf fwdbwd file:operands-pilegithub 10.743883 ms
PRICE attention stash_tiled_pf fwd file:operands-pilegithub 2.909998 ms
PRICE attention stash_tiled_pf fwdbwd file:operands-pilegithub 10.701001 ms
PRICE attention stash_tiled fwd file:operands-pilegithub 3.165223 ms
PRICE attention stash_tiled fwdbwd file:operands-pilegithub 13.632257 ms
PRICE attention stash_tiled fwd file:operands-pilegithub 3.165219 ms
PRICE attention stash_tiled fwdbwd file:operands-pilegithub 13.57338 ms
PRICE attention stash_tiled_pf fwd file:operands-pilegithub 2.911 ms
PRICE attention stash_tiled_pf fwdbwd file:operands-pilegithub 10.649804 ms
PRICE attention stash_tiled_pf fwd file:operands-pilegithub 2.915345 ms
PRICE attention stash_tiled_pf fwdbwd file:operands-pilegithub 10.678052 ms
PRICE attention stash_tiled fwd file:operands-pilegithub 3.195782 ms
PRICE attention stash_tiled fwdbwd file:operands-pilegithub 13.594924 ms
PRICE attention stash_tiled fwd file:operands-pilegithub 3.165472 ms
PRICE attention stash_tiled fwdbwd file:operands-pilegithub 13.600417 ms
PRICE attention stash_tiled_pf fwd file:operands-pilegithub 2.889765 ms
PRICE attention stash_tiled_pf fwdbwd file:operands-pilegithub 11.092782 ms
PRICE attention stash_tiled_pf fwd file:operands-pilegithub 2.946397 ms
PRICE attention stash_tiled_pf fwdbwd file:operands-pilegithub 10.718788 ms
PRICE attention stash_tiled fwd file:operands-pilegithub 3.178386 ms
PRICE attention stash_tiled fwdbwd file:operands-pilegithub 13.646713 ms
PRICE attention stash_tiled fwd file:operands-pilegithub 3.156877 ms
PRICE attention stash_tiled fwdbwd file:operands-pilegithub 13.60043 ms
PRICE attention stash_tiled_pf fwd file:operands-pilegithub 2.897459 ms
PRICE attention stash_tiled_pf fwdbwd file:operands-pilegithub 10.643281 ms
TABLE kind=file:operands-pilegithub shape=B1_L2048_nh12_nkv12_hd64_win0 visible_cells=25178112 (useful flops: fwd 4*cells*hd, bwd 10*cells*hd; executed multiplier of the shipped kernels: fwd dots 3 of 2 contractions, bwd dots 6 of 5)
TABLE arm | fwd median ms | fwd useful TFLOP/s | fwd+bwd median ms | bwd (derived) ms | bwd useful TFLOP/s | fwd ratio | fwd+bwd ratio
TABLE stash_tiled | 3.165472 | 2.0362197713326795 | 13.60043 | 10.434958 | 1.5442315800408588 | 1.0 | 1.0
TABLE stash_tiled_pf | 2.911 | 2.214220773617314 | 10.701001 | 7.790001 | 2.0685480887614776 | 1.0874173823428375 | 1.2709493252079875
attention_step_price: PASS (stash_tiled_pf vs stash_tiled)
