KNN_REF_HEADER mode IDENTICAL column apple index 400000 queries 1000 features 8 k 15 rounds 5 fixture dyadic-v1 selector 1 transpose 1 register_tile 1 metadata_forced 0 metadata_default_capable 1 index_tile 65536
KNN_REF_WARMUP request 0 151.053
KNN_REF_WARMUP request 1 147.145
KNN_REF_ROUND request 1 146.982
KNN_REF_ROUND request 2 147.097
KNN_REF_ROUND request 3 147.171
KNN_REF_ROUND request 4 147.324
KNN_REF_ROUND request 5 147.256
KNN_REF_WARMUP device 0 145.855
KNN_REF_WARMUP device 1 137.804
KNN_REF_ROUND device 1 140.017
KNN_REF_ROUND device 2 142.472
KNN_REF_ROUND device 3 143.925
KNN_REF_ROUND device 4 141.537
KNN_REF_ROUND device 5 141.256
KNN_REF_DEVICE_VS_REQUEST mismatched_cells 0
KNN_REF_FINGERPRINT index_fnv1a64 8223683879773003613 distance_bits_xor 61260535
KNN_REF_ROW0 0 341612 1052982195
KNN_REF_ROW0 1 364711 1054595329
KNN_REF_ROW0 2 315487 1055076329
KNN_REF_ROW0 3 40175 1055286295
KNN_REF_ROW0 4 133149 1055526036
KNN_REF_ROW0 5 109970 1055778901
KNN_REF_ROW0 6 166458 1055849502
KNN_REF_ROW0 7 145059 1056165144
KNN_REF_ROW0 8 250142 1056366159
KNN_REF_ROW0 9 24747 1056406195
KNN_REF_ROW0 10 315991 1056670380
KNN_REF_ROW0 11 7810 1057019421
KNN_REF_ROW0 12 324263 1057028763
KNN_REF_ROW0 13 307259 1057038871
KNN_REF_ROW0 14 147480 1057071084
KNN_REF_DUMP_FULL /tmp/knn-metadata-default-scoped-20260910/n400000-q1000-d8-k15-p0-default.bin 15000
KNN_REF_RESULT index 400000 queries 1000 k 15 features 8 request_median_ms 147.171 device_median_ms 141.537 rounds 5 query_tile 256 index_tile 65536
KNN REFERENCE PRICE PASS
