KNN_REF_HEADER mode IDENTICAL column apple index 65537 queries 129 features 17 k 10 rounds 5 fixture dyadic-v1 selector 1 transpose 1 register_tile 1 index_tile 65536
KNN_REF_WARMUP request 0 16.721
KNN_REF_WARMUP request 1 11.054
KNN_REF_ROUND request 1 10.133
KNN_REF_ROUND request 2 10.728
KNN_REF_ROUND request 3 10.33
KNN_REF_ROUND request 4 10.039
KNN_REF_ROUND request 5 10.895
KNN_REF_WARMUP device 0 8.238
KNN_REF_WARMUP device 1 5.736
KNN_REF_ROUND device 1 5.61
KNN_REF_ROUND device 2 5.741
KNN_REF_ROUND device 3 5.729
KNN_REF_ROUND device 4 5.791
KNN_REF_ROUND device 5 6.155
KNN_REF_DEVICE_VS_REQUEST mismatched_cells 0
KNN_REF_FINGERPRINT index_fnv1a64 13742650533624204086 distance_bits_xor 965389
KNN_REF_ROW0 0 48551 1067903873
KNN_REF_ROW0 1 23286 1068232909
KNN_REF_ROW0 2 41527 1068617359
KNN_REF_ROW0 3 26859 1068623824
KNN_REF_ROW0 4 10057 1068898862
KNN_REF_ROW0 5 5493 1069346262
KNN_REF_ROW0 6 25793 1069527184
KNN_REF_ROW0 7 15532 1069586736
KNN_REF_ROW0 8 24792 1069654899
KNN_REF_ROW0 9 52967 1069828145
KNN_REF_DUMP_FULL /tmp/mojolearn-knn-large-prices-20260910/n65537-q129-d17-k10-p1-default.bin 1290
KNN_REF_RESULT index 65537 queries 129 k 10 features 17 request_median_ms 10.33 device_median_ms 5.741 rounds 5 query_tile 129 index_tile 65536
KNN REFERENCE PRICE PASS
