33889 external/tcmalloc+/tcmalloc/internal/system_allocator.h:713] Warning: Unable to mbind memory (errno=1, base=0x7b8680000000, nodemask=2)
TRANSFORM_CELL membership 0 1065353216
TRANSFORM_CELL membership 1 1062913899
TRANSFORM_CELL membership 2 1060829246
TRANSFORM_CELL membership 3 1064497196
TRANSFORM_CELL membership 4 1062913957
TRANSFORM_CELL membership 5 1060829344
33889 external/tcmalloc+/tcmalloc/internal/system_allocator.h:713] Warning: Unable to mbind memory (errno=1, base=0x32ef80000000, nodemask=1)
TRANSFORM_CELL 2 0 1073078403
TRANSFORM_CELL 2 1 1075891765
TRANSFORM_CELL 2 2 1064510550
TRANSFORM_CELL 2 3 1076569418
TRANSFORM_CELL 2 4 1059642981
TRANSFORM_CELL 2 5 1076593295
TRANSFORM_CELL 3 0 3212287234
TRANSFORM_CELL 3 1 1054247942
TRANSFORM_CELL 3 2 1066938460
TRANSFORM_CELL 3 3 1065523542
TRANSFORM_CELL 3 4 1075950448
TRANSFORM_CELL 3 5 1067842453
TRANSFORM_CELL 3 6 1059711133
TRANSFORM_CELL 3 7 1075279997
TRANSFORM_CELL 3 8 1069832441
UMAP transform native PASS
