30297 external/tcmalloc+/tcmalloc/internal/system_allocator.h:713] Warning: Unable to mbind memory (errno=1, base=0x50d3c0000000, nodemask=1)
Imported from /root/mojolearn-pass9/tools/gemm_host_rows_bench.mojo:16:
Imported from ./gemm/host/gemm_host_rows.mojo:67:
/root/mojolearn-pass9/./core/host_parallel.mojo:74:10: warning: 'store' is deprecated, use 'unsafe_store' instead
        p.store(0, UInt32(0))
        ~^~~~~~
          unsafe_store
<unknown>:0: note: 'store' declared here
Imported from /root/mojolearn-pass9/tools/gemm_host_rows_bench.mojo:16:
Imported from ./gemm/host/gemm_host_rows.mojo:67:
/root/mojolearn-pass9/./core/host_parallel.mojo:76:24: warning: 'load' is deprecated, use 'unsafe_load' instead
        return UInt64(p.load(0))
                      ~^~~~~
                        unsafe_load
<unknown>:0: note: 'load' declared here
Imported from /root/mojolearn-pass9/tools/gemm_host_rows_bench.mojo:16:
Imported from ./gemm/host/gemm_host_rows.mojo:67:
/root/mojolearn-pass9/./core/host_parallel.mojo:90:10: warning: 'store' is deprecated, use 'unsafe_store' instead
        p.store(0, UInt32(v))
        ~^~~~~~
          unsafe_store
<unknown>:0: note: 'store' declared here
30297 external/tcmalloc+/tcmalloc/internal/system_allocator.h:713] Warning: Unable to mbind memory (errno=1, base=0x3b3f40000000, nodemask=2)
gemm qkv_proj m 512 n 384 k 384 ms 2.982168 gflops 50.63260822327917 digest 3897614604367775087
gemm gate_up_proj m 512 n 1024 k 384 ms 7.974124 gflops 50.49497399338159 digest 17859164619596542695
gemm down_proj m 512 n 384 k 1024 ms 7.933773 gflops 50.75179035245904 digest 16280522911086435825
gemm dW_gate (k = tokens) m 1024 n 384 k 512 ms 8.368743 gflops 48.11393825811116 digest 10252327364388705110
gemm head_scores m 512 n 512 k 64 ms 0.674496 gflops 49.747414365689345 digest 15490121971385427657
gemm lm_head m 512 n 8192 k 384 ms 68.893827 gflops 46.75637299115348 digest 8283376667491874104
gemm mamba3_in_proj m 2048 n 1728 k 384 ms 50.540052 gflops 53.777328760959726 digest 11721081545930648343
