# vendor=cpu-amd-epyc-9655-96-core-processor commit=763565275bb976f09f03149ab42884faf72ac451 (MOJOLEARN_COMMIT) host.cpu_model='AMD EPYC 9655 96-Core Processor' host.column=cpu host.families=['_mojolearn_arima_host', '_mojolearn_byte_lm_host', '_mojolearn_core_host', '_mojolearn_embedding_host', '_mojolearn_embedding_infer_host', '_mojolearn_estimators_host', '_mojolearn_forecast_host', '_mojolearn_forest_host', '_mojolearn_gbdt_host', '_mojolearn_gp_host', '_mojolearn_gp_infer_host', '_mojolearn_hdbscan_host', '_mojolearn_hdbscan_infer_host', '_mojolearn_ivf_host', '_mojolearn_ivf_search_host', '_mojolearn_kernel_methods_host', '_mojolearn_linalg_host', '_mojolearn_mamba_host', '_mojolearn_metrics_host', '_mojolearn_mixture_host', '_mojolearn_mixture_infer_host', '_mojolearn_neural_host', '_mojolearn_preprocessing_host', '_mojolearn_resample_host', '_mojolearn_rf_host', '_mojolearn_solver_host', '_mojolearn_svm_host', '_mojolearn_tokenizer_host', '_mojolearn_training_host', '_mojolearn_transformer_host', '_mojolearn_trees_host', '_mojolearn_tsa_host']
# identity_break  mode=identical  2026-09-17 21:49:49  Linux-6.8.0-90-generic-x86_64-with-glibc2.35
# per lane: the train row, then an `infer` row (held-out rows), a `model` row (saved bytes) and a `batch` row (whole batch vs rows alone, a split and prefixes) where the lane has them
| lane                   | base             | ties             | hashed           | wide             | denormal         | denormal_ftz     | dupes            | odd              | negative         |
|------------------------|------------------|------------------|------------------|------------------|------------------|------------------|------------------|------------------|------------------|
# START standard-scaler-no-mean/base repeat=1/train
# DONE standard-scaler-no-mean/base repeat=1/train 0.006s
# START standard-scaler-no-mean/base repeat=1/infer-save-reload
# DONE standard-scaler-no-mean/base repeat=1/infer-save-reload 0.002s
# START standard-scaler-no-mean/base repeat=1/batch
# DONE standard-scaler-no-mean/base repeat=1/batch 0.002s
# START standard-scaler-no-mean/base repeat=1/stepfull
# DONE standard-scaler-no-mean/base repeat=1/stepfull 0.000s
# START standard-scaler-no-mean/base repeat=2/train
# DONE standard-scaler-no-mean/base repeat=2/train 0.005s
# START standard-scaler-no-mean/base repeat=2/infer-save-reload
# DONE standard-scaler-no-mean/base repeat=2/infer-save-reload 0.001s
# START standard-scaler-no-mean/base repeat=2/batch
# DONE standard-scaler-no-mean/base repeat=2/batch 0.002s
# START standard-scaler-no-mean/base repeat=2/stepfull
# DONE standard-scaler-no-mean/base repeat=2/stepfull 0.000s
# CELL standard-scaler-no-mean/base STABLE 0.019s
# START standard-scaler-no-mean/ties repeat=1/train
# DONE standard-scaler-no-mean/ties repeat=1/train 0.009s
# START standard-scaler-no-mean/ties repeat=1/infer-save-reload
# DONE standard-scaler-no-mean/ties repeat=1/infer-save-reload 0.001s
# START standard-scaler-no-mean/ties repeat=1/batch
# DONE standard-scaler-no-mean/ties repeat=1/batch 0.002s
# START standard-scaler-no-mean/ties repeat=1/stepfull
# DONE standard-scaler-no-mean/ties repeat=1/stepfull 0.000s
# START standard-scaler-no-mean/ties repeat=2/train
# DONE standard-scaler-no-mean/ties repeat=2/train 0.009s
# START standard-scaler-no-mean/ties repeat=2/infer-save-reload
# DONE standard-scaler-no-mean/ties repeat=2/infer-save-reload 0.004s
# START standard-scaler-no-mean/ties repeat=2/batch
# DONE standard-scaler-no-mean/ties repeat=2/batch 0.002s
# START standard-scaler-no-mean/ties repeat=2/stepfull
# DONE standard-scaler-no-mean/ties repeat=2/stepfull 0.000s
# CELL standard-scaler-no-mean/ties STABLE 0.028s
# START standard-scaler-no-mean/hashed repeat=1/train
# DONE standard-scaler-no-mean/hashed repeat=1/train 0.005s
# START standard-scaler-no-mean/hashed repeat=1/infer-save-reload
# DONE standard-scaler-no-mean/hashed repeat=1/infer-save-reload 0.001s
# START standard-scaler-no-mean/hashed repeat=1/batch
# DONE standard-scaler-no-mean/hashed repeat=1/batch 0.002s
# START standard-scaler-no-mean/hashed repeat=1/stepfull
# DONE standard-scaler-no-mean/hashed repeat=1/stepfull 0.000s
# START standard-scaler-no-mean/hashed repeat=2/train
# DONE standard-scaler-no-mean/hashed repeat=2/train 0.005s
# START standard-scaler-no-mean/hashed repeat=2/infer-save-reload
# DONE standard-scaler-no-mean/hashed repeat=2/infer-save-reload 0.001s
# START standard-scaler-no-mean/hashed repeat=2/batch
# DONE standard-scaler-no-mean/hashed repeat=2/batch 0.002s
# START standard-scaler-no-mean/hashed repeat=2/stepfull
# DONE standard-scaler-no-mean/hashed repeat=2/stepfull 0.000s
# CELL standard-scaler-no-mean/hashed STABLE 0.016s
# START standard-scaler-no-mean/wide repeat=1/train
# DONE standard-scaler-no-mean/wide repeat=1/train 0.005s
# START standard-scaler-no-mean/wide repeat=1/infer-save-reload
# DONE standard-scaler-no-mean/wide repeat=1/infer-save-reload 0.001s
# START standard-scaler-no-mean/wide repeat=1/batch
# DONE standard-scaler-no-mean/wide repeat=1/batch 0.002s
# START standard-scaler-no-mean/wide repeat=1/stepfull
# DONE standard-scaler-no-mean/wide repeat=1/stepfull 0.000s
# START standard-scaler-no-mean/wide repeat=2/train
# DONE standard-scaler-no-mean/wide repeat=2/train 0.005s
# START standard-scaler-no-mean/wide repeat=2/infer-save-reload
# DONE standard-scaler-no-mean/wide repeat=2/infer-save-reload 0.001s
# START standard-scaler-no-mean/wide repeat=2/batch
# DONE standard-scaler-no-mean/wide repeat=2/batch 0.002s
# START standard-scaler-no-mean/wide repeat=2/stepfull
# DONE standard-scaler-no-mean/wide repeat=2/stepfull 0.000s
# CELL standard-scaler-no-mean/wide STABLE 0.016s
# START standard-scaler-no-mean/denormal repeat=1/train
# DONE standard-scaler-no-mean/denormal repeat=1/train 0.005s
# START standard-scaler-no-mean/denormal repeat=1/infer-save-reload
# DONE standard-scaler-no-mean/denormal repeat=1/infer-save-reload 0.001s
# START standard-scaler-no-mean/denormal repeat=1/batch
# DONE standard-scaler-no-mean/denormal repeat=1/batch 0.002s
# START standard-scaler-no-mean/denormal repeat=1/stepfull
# DONE standard-scaler-no-mean/denormal repeat=1/stepfull 0.000s
# START standard-scaler-no-mean/denormal repeat=2/train
# DONE standard-scaler-no-mean/denormal repeat=2/train 0.005s
# START standard-scaler-no-mean/denormal repeat=2/infer-save-reload
# DONE standard-scaler-no-mean/denormal repeat=2/infer-save-reload 0.001s
# START standard-scaler-no-mean/denormal repeat=2/batch
# DONE standard-scaler-no-mean/denormal repeat=2/batch 0.002s
# START standard-scaler-no-mean/denormal repeat=2/stepfull
# DONE standard-scaler-no-mean/denormal repeat=2/stepfull 0.000s
# CELL standard-scaler-no-mean/denormal STABLE 0.015s
# START standard-scaler-no-mean/denormal_ftz repeat=1/train
# DONE standard-scaler-no-mean/denormal_ftz repeat=1/train 0.005s
# START standard-scaler-no-mean/denormal_ftz repeat=1/infer-save-reload
# DONE standard-scaler-no-mean/denormal_ftz repeat=1/infer-save-reload 0.001s
# START standard-scaler-no-mean/denormal_ftz repeat=1/batch
# DONE standard-scaler-no-mean/denormal_ftz repeat=1/batch 0.002s
# START standard-scaler-no-mean/denormal_ftz repeat=1/stepfull
# DONE standard-scaler-no-mean/denormal_ftz repeat=1/stepfull 0.000s
# START standard-scaler-no-mean/denormal_ftz repeat=2/train
# DONE standard-scaler-no-mean/denormal_ftz repeat=2/train 0.005s
# START standard-scaler-no-mean/denormal_ftz repeat=2/infer-save-reload
# DONE standard-scaler-no-mean/denormal_ftz repeat=2/infer-save-reload 0.001s
# START standard-scaler-no-mean/denormal_ftz repeat=2/batch
# DONE standard-scaler-no-mean/denormal_ftz repeat=2/batch 0.002s
# START standard-scaler-no-mean/denormal_ftz repeat=2/stepfull
# DONE standard-scaler-no-mean/denormal_ftz repeat=2/stepfull 0.000s
# CELL standard-scaler-no-mean/denormal_ftz STABLE 0.016s
# START standard-scaler-no-mean/dupes repeat=1/train
# DONE standard-scaler-no-mean/dupes repeat=1/train 0.005s
# START standard-scaler-no-mean/dupes repeat=1/infer-save-reload
# DONE standard-scaler-no-mean/dupes repeat=1/infer-save-reload 0.001s
# START standard-scaler-no-mean/dupes repeat=1/batch
# DONE standard-scaler-no-mean/dupes repeat=1/batch 0.002s
# START standard-scaler-no-mean/dupes repeat=1/stepfull
# DONE standard-scaler-no-mean/dupes repeat=1/stepfull 0.000s
# START standard-scaler-no-mean/dupes repeat=2/train
# DONE standard-scaler-no-mean/dupes repeat=2/train 0.005s
# START standard-scaler-no-mean/dupes repeat=2/infer-save-reload
# DONE standard-scaler-no-mean/dupes repeat=2/infer-save-reload 0.001s
# START standard-scaler-no-mean/dupes repeat=2/batch
# DONE standard-scaler-no-mean/dupes repeat=2/batch 0.002s
# START standard-scaler-no-mean/dupes repeat=2/stepfull
# DONE standard-scaler-no-mean/dupes repeat=2/stepfull 0.000s
# CELL standard-scaler-no-mean/dupes STABLE 0.016s
# START standard-scaler-no-mean/odd repeat=1/train
# DONE standard-scaler-no-mean/odd repeat=1/train 0.003s
# START standard-scaler-no-mean/odd repeat=1/infer-save-reload
# DONE standard-scaler-no-mean/odd repeat=1/infer-save-reload 0.001s
# START standard-scaler-no-mean/odd repeat=1/batch
# DONE standard-scaler-no-mean/odd repeat=1/batch 0.002s
# START standard-scaler-no-mean/odd repeat=1/stepfull
# DONE standard-scaler-no-mean/odd repeat=1/stepfull 0.000s
# START standard-scaler-no-mean/odd repeat=2/train
# DONE standard-scaler-no-mean/odd repeat=2/train 0.003s
# START standard-scaler-no-mean/odd repeat=2/infer-save-reload
# DONE standard-scaler-no-mean/odd repeat=2/infer-save-reload 0.001s
# START standard-scaler-no-mean/odd repeat=2/batch
# DONE standard-scaler-no-mean/odd repeat=2/batch 0.002s
# START standard-scaler-no-mean/odd repeat=2/stepfull
# DONE standard-scaler-no-mean/odd repeat=2/stepfull 0.000s
# CELL standard-scaler-no-mean/odd STABLE 0.012s
# START standard-scaler-no-mean/negative repeat=1/train
# DONE standard-scaler-no-mean/negative repeat=1/train 0.005s
# START standard-scaler-no-mean/negative repeat=1/infer-save-reload
# DONE standard-scaler-no-mean/negative repeat=1/infer-save-reload 0.001s
# START standard-scaler-no-mean/negative repeat=1/batch
# DONE standard-scaler-no-mean/negative repeat=1/batch 0.002s
# START standard-scaler-no-mean/negative repeat=1/stepfull
# DONE standard-scaler-no-mean/negative repeat=1/stepfull 0.000s
# START standard-scaler-no-mean/negative repeat=2/train
# DONE standard-scaler-no-mean/negative repeat=2/train 0.005s
# START standard-scaler-no-mean/negative repeat=2/infer-save-reload
# DONE standard-scaler-no-mean/negative repeat=2/infer-save-reload 0.001s
# START standard-scaler-no-mean/negative repeat=2/batch
# DONE standard-scaler-no-mean/negative repeat=2/batch 0.002s
# START standard-scaler-no-mean/negative repeat=2/stepfull
# DONE standard-scaler-no-mean/negative repeat=2/stepfull 0.000s
# CELL standard-scaler-no-mean/negative STABLE 0.016s
| standard-scaler-no-mean | 8e822e639ac24f60 | 0412162fc3bfe9cb | 9a476aef60a9ea57 | 84065fc61b886877 | 7688757091a44290 | 7688757091a44290 | 03598f5f8db36eee | e96dbecddd2bb06a | 8889ef983f5c9846 |
| standard-scaler-no-mean infer | e103471072f6f93c | 83a83cced083480b | 63cf5d7aec069c81 | c875c4073659becc | 43674cd8b2e13d95 | 43674cd8b2e13d95 | c68c6dcc12408dba | 4286a08fcc88b3e4 | 33cb619e130052a2 |
| standard-scaler-no-mean model | d78daa5087ee6443 | 91da9169fa210aae | 6c5c726f1f328cb6 | 85af6dbf62d9931b | 78297e76f6f3d5ea | 78297e76f6f3d5ea | 546e8573191cab2e | 4e644d0ae19ab3ac | 1af15b7b6401ea42 |
| standard-scaler-no-mean batch | f2b20a155236588f | 9450a59faeb25c80 | bd3bbadce708d47a | 807f4d8f63dcec73 | 818949f8942b8e66 | 818949f8942b8e66 | 812e3eaf36034dfb | a83affc9c2e55ee6 | abdbb0716eedde62 |

cells=9 stable=9 moved=0 refused=0
infer: stable=9
model: stable=9
batch: stable=9
stepfull: n/a=9
n/a: standard-scaler-no-mean stepfull n/a:no-decode-state
wrote /root/leg_out/records/standard-scaler-no-mean/standard-scaler-no-mean/cpu-clean.json
