FSPEED-NOTE lane=rf arms=ours metric=devices delta=1.000000 reason=devices=gpu (auto); on a GPU vendor's box the vendors' CPU arms do not run, so a lane whose only opponent is a CPU library has NO legal opponent here and says so
6874 external/tcmalloc+/tcmalloc/internal/system_allocator.h:713] Warning: Unable to mbind memory (errno=1, base=0x7ba440000000, nodemask=2)
FSPEED-REFUSED lane=rf arm=sklearn-rf-cpu reason=GPU-PATH-ONLY: sklearn-rf-cpu is a CPU arm and this box has an accelerator. On NVIDIA and AMD we compare against the vendor's GPU path only; their CPU path is the MacBook's.
FSPEED-REFUSED lane=rf arm=lightgbm-cpu reason=GPU-PATH-ONLY: lightgbm-cpu is a CPU arm and this box has an accelerator. On NVIDIA and AMD we compare against the vendor's GPU path only; their CPU path is the MacBook's.
FSPEED-HEADER family=forest lane=rf arm=ours mode=FAST device=NVIDIA_H100_80GB_HBM3 rounds=3 size=shipped
FSPEED-HEADER family=forest lane=rf arm=cuml-rf-gpu mode=FAST device=NVIDIA_H100_80GB_HBM3 rounds=3 size=shipped
FSPEED-HEADER family=forest lane=rf arm=lightgbm-cuda mode=FAST device=NVIDIA_H100_80GB_HBM3 rounds=3 size=shipped
6874 external/tcmalloc+/tcmalloc/internal/system_allocator.h:713] Warning: Unable to mbind memory (errno=1, base=0x7ba480000000, nodemask=2)
6874 external/tcmalloc+/tcmalloc/internal/system_allocator.h:713] Warning: Unable to mbind memory (errno=1, base=0x7ba4c0000000, nodemask=2)
FSPEED-WARMUP lane=rf arm=ours shape=higgs-2000000x28 ms=20539.527
FSPEED-WARMUP lane=rf arm=cuml-rf-gpu shape=higgs-2000000x28 ms=5337.147
[LightGBM] [Fatal] CUDA Tree Learner was not enabled in this build.
Please recompile with CMake option -DUSE_CUDA=1 (NVIDIA GPUs) or -DUSE_ROCM=1 (AMD GPUs)
FSPEED-REFUSED lane=rf arm=lightgbm-cuda reason=LightGBMError during warm-up: CUDA Tree Learner was not enabled in this build. Please recompile with CMake option -DUSE_CUDA=1 (NVIDIA GPUs) or -DUSE_ROCM=1 (AMD GPUs)
FSPEED lane=rf arm=ours shape=higgs-2000000x28 round=1 ms=8517.010 hash=67d883dc6079b90f
FSPEED lane=rf arm=cuml-rf-gpu shape=higgs-2000000x28 round=1 ms=4799.903 hash=dab1ee10bc85da38
FSPEED lane=rf arm=ours shape=higgs-2000000x28 round=2 ms=8286.882 hash=67d883dc6079b90f
FSPEED lane=rf arm=cuml-rf-gpu shape=higgs-2000000x28 round=2 ms=4959.515 hash=dab1ee10bc85da38
FSPEED lane=rf arm=ours shape=higgs-2000000x28 round=3 ms=8238.003 hash=67d883dc6079b90f
FSPEED lane=rf arm=cuml-rf-gpu shape=higgs-2000000x28 round=3 ms=4839.604 hash=dab1ee10bc85da38
6874 external/tcmalloc+/tcmalloc/internal/system_allocator.h:713] Warning: Unable to mbind memory (errno=1, base=0x518100000000, nodemask=1)
FSPEED-ACC lane=rf arm=ours metric=logloss value=0.537060
FSPEED-ACC lane=rf arm=ours metric=auc value=0.811483
FSPEED-ACC lane=rf arm=cuml-rf-gpu metric=logloss value=0.537039
FSPEED-ACC lane=rf arm=cuml-rf-gpu metric=auc value=0.811519
