9888 external/tcmalloc+/tcmalloc/internal/system_allocator.h:713] Warning: Unable to mbind memory (errno=1, base=0x32f480000000, nodemask=1)
  agglomerative    ok   02ca572ae936a2fa     1.2s
  dbscan           ok   a4608e954c7420b7     0.2s
  elasticnet       ok   417b2b6ef980d28f     0.1s
  et-clf           ok   707d2c92e92f6a40     0.5s
  et-reg           ok   a1d2eb9ddb149617     0.2s
9899 external/tcmalloc+/tcmalloc/internal/system_allocator.h:713] Warning: Unable to mbind memory (errno=1, base=0x58c680000000, nodemask=2)
  gbdt-depthwise   ok   9b215bde3d465b5a     0.7s
  gbdt-lossguide   ok   8b3a213947e39743     0.2s
  gbdt-rmse        ok   fa22f14f818359d9     0.6s
  gbdt-symmetric   ok   6ace4187a22cd7f6     0.1s
  gemm-pinned      ok   REFUSED as designed under fast
  gemm-vendor      ok   523f5d1954f7409c     0.0s
  holtwinters      ok   e6e43307ca85f1c7     0.4s
  iforest          ok   cbdf90cd2472725a     0.3s
  kde              ok   51e248a7e0bf958b     0.1s
  kmeans           ok   da3cb10e46c91256     0.3s
  knn-clf          ok   f359ee4876deb908     4.2s
  knn-reg          ok   ff4a92b889616aea     0.0s
  knn-tied         ok   8f86cf2b8e03b827     0.0s
  lasso            ok   b21520dab533f838     0.0s
  logistic         ok   4f82254ef9ad5365     0.2s
  metrics          ok   01a17b9ad7a6275c     0.1s
  ols              ok   ebc1910229d34b43     0.1s
  pca              ok   b13b55c26251a58f     0.1s
  rf-clf           ok   eacd6bff8b4088b8     0.4s
  rf-reg           ok   91269c5ae3828665     0.2s
  ridge            ok   65de13bd592987f2     0.1s
  spectral         ok   7c5f4e5c32dc0ca1     0.2s
  svc              ok   7ec2853daf86bef5     0.2s
  tsvd             ok   5d81a7de67e0d2f0     0.0s
smoke v0.3.0 mode=fast vendor=cuda (the box probe (device nodes and driver libraries)) lanes=29 PASS
