
=== pass 1: bindings/build.sh ===
./neighbors/estimator.mojo:698:9: warning: ref 'i' was never used, remove it?
    for i in range(n_outputs):
        ^
built python/mojolearn/_mojolearn.so (gate SKIPPED by MOJOLEARN_SKIP_BUILD_GATE)

=== pass 1: bindings/build_estimators.sh ===
./glm/ported/glm/qn/qn_solvers.mojo:177:17: warning: assignment to 'lsret' was never used; assign to '_' instead?
    var lsret = LS_SUCCESS
                ^
built python/mojolearn/_mojolearn_estimators.so (gate skipped: non-Darwin or MOJOLEARN_SKIP_BUILD_GATE)

=== pass 1: bindings/build_gbdt.sh ===
./gbdt/methods/greedy_subsets_searcher/kernel/hist_one_byte.mojo:842:5: note: too many errors emitted, stopping now
def one_byte_hist_gather_kernel[bits: Int, smem_mode: Int](
    ^
/root/mojolearn/.pixi/envs/default/bin/mojo: error: failed to run the pass manager

=== pass 1: bindings/build_linalg.sh ===
3682 external/tcmalloc+/tcmalloc/internal/system_allocator.h:713] Warning: Unable to mbind memory (errno=1, base=0x18b7c0000000, nodemask=2)
built python/mojolearn/_mojolearn_linalg.so (gate skipped: non-Darwin or MOJOLEARN_SKIP_BUILD_GATE)

=== pass 1: bindings/build_metrics.sh ===
/root/mojolearn/./cluster/ported/cluster/detail/min_cluster_distance_compute.mojo:196:50: warning: assignment to 'centroid_batch' was never used; assign to '_' instead?
    var centroid_batch = get_centroids_batch_size(batch_centroids, n_clusters)
                                                 ^
built python/mojolearn/_mojolearn_metrics.so (gate skipped: non-Darwin or MOJOLEARN_SKIP_BUILD_GATE)

=== pass 1: bindings/build_rf.sh ===
/root/mojolearn/bindings/_mojolearn_rf.mojo:566:17: warning: assignment to 'wrote' was never used; assign to '_' instead?
    var wrote = 0
                ^
built python/mojolearn/_mojolearn_rf.so (gate SKIPPED by MOJOLEARN_SKIP_BUILD_GATE)

=== pass 1: bindings/build_solver.sh ===
/root/mojolearn/bindings/_mojolearn_solver.mojo:200:18: warning: assignment to 'rounds' was never used; assign to '_' instead?
    var rounds = 0
                 ^
built python/mojolearn/_mojolearn_solver.so (gate skipped: non-Darwin or MOJOLEARN_SKIP_BUILD_GATE)

=== pass 1: bindings/build_svm.sh ===
/root/mojolearn/bindings/_mojolearn_svm.mojo:322:27: warning: assignment to 'res' was never used; assign to '_' instead?
    var res = IFRunOutputs()
                          ^
built python/mojolearn/_mojolearn_svm.so (gate skipped: non-Darwin or MOJOLEARN_SKIP_BUILD_GATE)

=== pass 1: bindings/build_trees.sh ===
                     ^~~~~~~~~~~~~
                     Pointer
<unknown>:0: note: 'UnsafePointer' declared here
built python/mojolearn/_mojolearn_trees.so (gate SKIPPED by MOJOLEARN_SKIP_BUILD_GATE)

=== pass 1: bindings/build_tsa.sh ===
/root/mojolearn/bindings/_mojolearn_tsa.mojo:265:17: warning: assignment to 'count' was never used; assign to '_' instead?
    var count = 0
                ^
built python/mojolearn/_mojolearn_tsa.so (gate skipped: non-Darwin or MOJOLEARN_SKIP_BUILD_GATE)

=== pass 2: bindings/build.sh ===
The cache is regenerable; a poisoned one is not detectable any other
way, because the build succeeds and the artifact merely does not work.

See the comment at the top of this script and PORTING.md 70.

=== pass 2: bindings/build_estimators.sh ===
./glm/ported/glm/qn/qn_solvers.mojo:177:17: warning: assignment to 'lsret' was never used; assign to '_' instead?
    var lsret = LS_SUCCESS
                ^
built python/mojolearn/_mojolearn_estimators.so (gate skipped: non-Darwin or MOJOLEARN_SKIP_BUILD_GATE)

=== pass 2: bindings/build_gbdt.sh ===
./gbdt/methods/greedy_subsets_searcher/kernel/hist_one_byte.mojo:842:5: note: too many errors emitted, stopping now
def one_byte_hist_gather_kernel[bits: Int, smem_mode: Int](
    ^
/root/mojolearn/.pixi/envs/default/bin/mojo: error: failed to run the pass manager

=== pass 2: bindings/build_linalg.sh ===
10850 external/tcmalloc+/tcmalloc/internal/system_allocator.h:713] Warning: Unable to mbind memory (errno=1, base=0x721ec0000000, nodemask=1)
built python/mojolearn/_mojolearn_linalg.so (gate skipped: non-Darwin or MOJOLEARN_SKIP_BUILD_GATE)

=== pass 2: bindings/build_metrics.sh ===
/root/mojolearn/./cluster/ported/cluster/detail/min_cluster_distance_compute.mojo:196:50: warning: assignment to 'centroid_batch' was never used; assign to '_' instead?
    var centroid_batch = get_centroids_batch_size(batch_centroids, n_clusters)
                                                 ^
built python/mojolearn/_mojolearn_metrics.so (gate skipped: non-Darwin or MOJOLEARN_SKIP_BUILD_GATE)

=== pass 2: bindings/build_rf.sh ===
THE FIRST THING TO SUSPECT IS THE COMPILER CACHE, not this source:
$MODULAR_HOME/cache/.mojo_cache keys ignore the deployment target,
so one build made with MACOSX_DEPLOYMENT_TARGET set poisons it with
empty 134-byte metallibs. See bindings/build_gbdt.sh's header.

=== pass 2: bindings/build_solver.sh ===
/root/mojolearn/bindings/_mojolearn_solver.mojo:200:18: warning: assignment to 'rounds' was never used; assign to '_' instead?
    var rounds = 0
                 ^
built python/mojolearn/_mojolearn_solver.so (gate skipped: non-Darwin or MOJOLEARN_SKIP_BUILD_GATE)

=== pass 2: bindings/build_svm.sh ===
/root/mojolearn/bindings/_mojolearn_svm.mojo:322:27: warning: assignment to 'res' was never used; assign to '_' instead?
    var res = IFRunOutputs()
                          ^
built python/mojolearn/_mojolearn_svm.so (gate skipped: non-Darwin or MOJOLEARN_SKIP_BUILD_GATE)

=== pass 2: bindings/build_trees.sh ===
$MODULAR_HOME/cache/.mojo_cache keys ignore the deployment target,
so one build made with MACOSX_DEPLOYMENT_TARGET set poisons it with
empty 134-byte metallibs. See bindings/build_gbdt.sh's header for
the find command and the full write-up.

=== pass 2: bindings/build_tsa.sh ===
/root/mojolearn/bindings/_mojolearn_tsa.mojo:265:17: warning: assignment to 'count' was never used; assign to '_' instead?
    var count = 0
                ^
built python/mojolearn/_mojolearn_tsa.so (gate skipped: non-Darwin or MOJOLEARN_SKIP_BUILD_GATE)
  File "/root/mojolearn/python/mojolearn/cluster.py", line 3, in <module>
    import numpy as np
ModuleNotFoundError: No module named 'numpy'

=== forest.gbdt-symmetric.r1000000.log :: python3 bench/speed/forest_speed_arm.py --lane gbdt-symmetric --dataset higgs --rows 1000000 ===
FSPEED-REFUSED lane=gbdt-symmetric arm=catboost-cpu reason=GPU-PATH-ONLY: catboost-cpu is a CPU arm and this box has an accelerator. On NVIDIA and AMD we compare against the vendor's GPU path only; their CPU path is the MacBook's.
FSPEED-HEADER family=forest lane=gbdt-symmetric arm=catboost-gpu mode=FAST device=Linux_x86_64 rounds=3 size=shipped
FSPEED-REFUSED lane=gbdt-symmetric arm=catboost-gpu reason=CatBoostError during warm-up: catboost/cuda/cuda_lib/cuda_base.h:265: CUDA error 35: CUDA driver version is insufficient for CUDA runtime version

=== forest.gbdt-symmetric.r2000000.log :: python3 bench/speed/forest_speed_arm.py --lane gbdt-symmetric --dataset higgs --rows 2000000 ===
FSPEED-REFUSED lane=gbdt-symmetric arm=catboost-cpu reason=GPU-PATH-ONLY: catboost-cpu is a CPU arm and this box has an accelerator. On NVIDIA and AMD we compare against the vendor's GPU path only; their CPU path is the MacBook's.
FSPEED-HEADER family=forest lane=gbdt-symmetric arm=catboost-gpu mode=FAST device=Linux_x86_64 rounds=3 size=shipped
FSPEED-REFUSED lane=gbdt-symmetric arm=catboost-gpu reason=CatBoostError during warm-up: catboost/cuda/cuda_lib/cuda_base.h:265: CUDA error 35: CUDA driver version is insufficient for CUDA runtime version

=== forest.gbdt-symmetric.r5000000.log :: python3 bench/speed/forest_speed_arm.py --lane gbdt-symmetric --dataset higgs --rows 5000000 ===
FSPEED-REFUSED lane=gbdt-symmetric arm=catboost-cpu reason=GPU-PATH-ONLY: catboost-cpu is a CPU arm and this box has an accelerator. On NVIDIA and AMD we compare against the vendor's GPU path only; their CPU path is the MacBook's.
FSPEED-HEADER family=forest lane=gbdt-symmetric arm=catboost-gpu mode=FAST device=Linux_x86_64 rounds=3 size=shipped
FSPEED-REFUSED lane=gbdt-symmetric arm=catboost-gpu reason=CatBoostError during warm-up: catboost/cuda/cuda_lib/cuda_base.h:265: CUDA error 35: CUDA driver version is insufficient for CUDA runtime version

=== forest.rf.r1000000.log :: python3 bench/speed/forest_speed_arm.py --lane rf --dataset higgs --rows 1000000 ===
[LightGBM] [Fatal] CUDA Tree Learner was not enabled in this build.
Please recompile with CMake option -DUSE_CUDA=1 (NVIDIA GPUs) or -DUSE_ROCM=1 (AMD GPUs)
FSPEED-REFUSED lane=rf arm=lightgbm-cuda reason=LightGBMError during warm-up: CUDA Tree Learner was not enabled in this build. Please recompile with CMake option -DUSE_CUDA=1 (NVIDIA GPUs) or -DUSE_ROCM=1 (AMD GPUs)

=== forest.rf.r2000000.log :: python3 bench/speed/forest_speed_arm.py --lane rf --dataset higgs --rows 2000000 ===
[LightGBM] [Fatal] CUDA Tree Learner was not enabled in this build.
Please recompile with CMake option -DUSE_CUDA=1 (NVIDIA GPUs) or -DUSE_ROCM=1 (AMD GPUs)
FSPEED-REFUSED lane=rf arm=lightgbm-cuda reason=LightGBMError during warm-up: CUDA Tree Learner was not enabled in this build. Please recompile with CMake option -DUSE_CUDA=1 (NVIDIA GPUs) or -DUSE_ROCM=1 (AMD GPUs)

=== forest.rf.r5000000.log :: python3 bench/speed/forest_speed_arm.py --lane rf --dataset higgs --rows 5000000 ===
[LightGBM] [Fatal] CUDA Tree Learner was not enabled in this build.
Please recompile with CMake option -DUSE_CUDA=1 (NVIDIA GPUs) or -DUSE_ROCM=1 (AMD GPUs)
FSPEED-REFUSED lane=rf arm=lightgbm-cuda reason=LightGBMError during warm-up: CUDA Tree Learner was not enabled in this build. Please recompile with CMake option -DUSE_CUDA=1 (NVIDIA GPUs) or -DUSE_ROCM=1 (AMD GPUs)

=== forest.et.r1000000.log :: python3 bench/speed/forest_speed_arm.py --lane et --dataset higgs --rows 1000000 ===
[LightGBM] [Fatal] CUDA Tree Learner was not enabled in this build.
Please recompile with CMake option -DUSE_CUDA=1 (NVIDIA GPUs) or -DUSE_ROCM=1 (AMD GPUs)
FSPEED-REFUSED lane=et arm=lightgbm-cuda reason=LightGBMError during warm-up: CUDA Tree Learner was not enabled in this build. Please recompile with CMake option -DUSE_CUDA=1 (NVIDIA GPUs) or -DUSE_ROCM=1 (AMD GPUs)

=== forest.et.r2000000.log :: python3 bench/speed/forest_speed_arm.py --lane et --dataset higgs --rows 2000000 ===
[LightGBM] [Fatal] CUDA Tree Learner was not enabled in this build.
Please recompile with CMake option -DUSE_CUDA=1 (NVIDIA GPUs) or -DUSE_ROCM=1 (AMD GPUs)
FSPEED-REFUSED lane=et arm=lightgbm-cuda reason=LightGBMError during warm-up: CUDA Tree Learner was not enabled in this build. Please recompile with CMake option -DUSE_CUDA=1 (NVIDIA GPUs) or -DUSE_ROCM=1 (AMD GPUs)

=== forest.et.r5000000.log :: python3 bench/speed/forest_speed_arm.py --lane et --dataset higgs --rows 5000000 ===
[LightGBM] [Fatal] CUDA Tree Learner was not enabled in this build.
Please recompile with CMake option -DUSE_CUDA=1 (NVIDIA GPUs) or -DUSE_ROCM=1 (AMD GPUs)
FSPEED-REFUSED lane=et arm=lightgbm-cuda reason=LightGBMError during warm-up: CUDA Tree Learner was not enabled in this build. Please recompile with CMake option -DUSE_CUDA=1 (NVIDIA GPUs) or -DUSE_ROCM=1 (AMD GPUs)
