mac_slot: admitted after 0.002s
# vendor=cpu-apple-m4 commit=b74de8f54f82e839f254b669338dcc408e62f1ff (git rev-parse HEAD) host.cpu_model='Apple M4' host.column=cpu host.families=['_mojolearn_arima_host', '_mojolearn_byte_lm_host', '_mojolearn_core_host', '_mojolearn_embedding_host', '_mojolearn_embedding_infer_host', '_mojolearn_estimators_host', '_mojolearn_forecast_host', '_mojolearn_forest_host', '_mojolearn_gbdt_host', '_mojolearn_gp_host', '_mojolearn_gp_infer_host', '_mojolearn_hdbscan_host', '_mojolearn_hdbscan_infer_host', '_mojolearn_ivf_host', '_mojolearn_ivf_search_host', '_mojolearn_kernel_methods_host', '_mojolearn_linalg_host', '_mojolearn_mamba_host', '_mojolearn_metrics_host', '_mojolearn_mixture_host', '_mojolearn_mixture_infer_host', '_mojolearn_neural_host', '_mojolearn_preprocessing_host', '_mojolearn_resample_host', '_mojolearn_rf_host', '_mojolearn_solver_host', '_mojolearn_svm_host', '_mojolearn_tokenizer_host', '_mojolearn_training_host', '_mojolearn_transformer_host', '_mojolearn_trees_host', '_mojolearn_tsa_host']
# identity_break  mode=identical  2026-09-17 15:56:28  macOS-26.5.2-arm64-arm-64bit-Mach-O
# per lane: the train row, then an `infer` row (held-out rows), a `model` row (saved bytes) and a `batch` row (whole batch vs rows alone, a split and prefixes) where the lane has them
| lane                   | base             | ties             | hashed           | wide             | denormal         | denormal_ftz     | dupes            | odd              | negative         |
|------------------------|------------------|------------------|------------------|------------------|------------------|------------------|------------------|------------------|------------------|
# START mamba2-dtlimit/base repeat=1/train
# DONE mamba2-dtlimit/base repeat=1/train 1.877s
# START mamba2-dtlimit/base repeat=1/infer-save-reload
# DONE mamba2-dtlimit/base repeat=1/infer-save-reload 0.394s
# START mamba2-dtlimit/base repeat=1/batch
# DONE mamba2-dtlimit/base repeat=1/batch 15.632s
# START mamba2-dtlimit/base repeat=1/stepfull
# DONE mamba2-dtlimit/base repeat=1/stepfull 16.903s
# START mamba2-dtlimit/base repeat=1/rlpair
# DONE mamba2-dtlimit/base repeat=1/rlpair 56.907s
# START mamba2-dtlimit/base repeat=2/train
# DONE mamba2-dtlimit/base repeat=2/train 0.908s
# START mamba2-dtlimit/base repeat=2/infer-save-reload
# DONE mamba2-dtlimit/base repeat=2/infer-save-reload 0.272s
# START mamba2-dtlimit/base repeat=2/batch
# DONE mamba2-dtlimit/base repeat=2/batch 8.205s
# START mamba2-dtlimit/base repeat=2/stepfull
# DONE mamba2-dtlimit/base repeat=2/stepfull 4.791s
# START mamba2-dtlimit/base repeat=2/rlpair
# DONE mamba2-dtlimit/base repeat=2/rlpair 34.496s
# CELL mamba2-dtlimit/base STABLE 140.388s
# START mamba2-dtlimit/ties repeat=1/train
# DONE mamba2-dtlimit/ties repeat=1/train 1.311s
# START mamba2-dtlimit/ties repeat=1/infer-save-reload
# DONE mamba2-dtlimit/ties repeat=1/infer-save-reload 0.367s
# START mamba2-dtlimit/ties repeat=1/batch
# DONE mamba2-dtlimit/ties repeat=1/batch 9.422s
# START mamba2-dtlimit/ties repeat=1/stepfull
# DONE mamba2-dtlimit/ties repeat=1/stepfull 7.043s
# START mamba2-dtlimit/ties repeat=1/rlpair
# DONE mamba2-dtlimit/ties repeat=1/rlpair 49.956s
# START mamba2-dtlimit/ties repeat=2/train
# DONE mamba2-dtlimit/ties repeat=2/train 1.835s
# START mamba2-dtlimit/ties repeat=2/infer-save-reload
# DONE mamba2-dtlimit/ties repeat=2/infer-save-reload 0.594s
# START mamba2-dtlimit/ties repeat=2/batch
# DONE mamba2-dtlimit/ties repeat=2/batch 13.982s
# START mamba2-dtlimit/ties repeat=2/stepfull
# DONE mamba2-dtlimit/ties repeat=2/stepfull 6.666s
# START mamba2-dtlimit/ties repeat=2/rlpair
# DONE mamba2-dtlimit/ties repeat=2/rlpair 27.075s
# CELL mamba2-dtlimit/ties STABLE 118.255s
# START mamba2-dtlimit/hashed repeat=1/train
# DONE mamba2-dtlimit/hashed repeat=1/train 0.706s
# START mamba2-dtlimit/hashed repeat=1/infer-save-reload
# DONE mamba2-dtlimit/hashed repeat=1/infer-save-reload 0.258s
# START mamba2-dtlimit/hashed repeat=1/batch
# DONE mamba2-dtlimit/hashed repeat=1/batch 7.804s
# START mamba2-dtlimit/hashed repeat=1/stepfull
# DONE mamba2-dtlimit/hashed repeat=1/stepfull 4.457s
# START mamba2-dtlimit/hashed repeat=1/rlpair
# DONE mamba2-dtlimit/hashed repeat=1/rlpair 24.306s
# START mamba2-dtlimit/hashed repeat=2/train
# DONE mamba2-dtlimit/hashed repeat=2/train 0.971s
# START mamba2-dtlimit/hashed repeat=2/infer-save-reload
# DONE mamba2-dtlimit/hashed repeat=2/infer-save-reload 0.289s
# START mamba2-dtlimit/hashed repeat=2/batch
# DONE mamba2-dtlimit/hashed repeat=2/batch 6.720s
# START mamba2-dtlimit/hashed repeat=2/stepfull
# DONE mamba2-dtlimit/hashed repeat=2/stepfull 4.138s
# START mamba2-dtlimit/hashed repeat=2/rlpair
# DONE mamba2-dtlimit/hashed repeat=2/rlpair 24.427s
# CELL mamba2-dtlimit/hashed STABLE 74.076s
# START mamba2-dtlimit/wide repeat=1/train
# DONE mamba2-dtlimit/wide repeat=1/train 0.659s
# START mamba2-dtlimit/wide repeat=1/infer-save-reload
# DONE mamba2-dtlimit/wide repeat=1/infer-save-reload 0.209s
# START mamba2-dtlimit/wide repeat=1/batch
# DONE mamba2-dtlimit/wide repeat=1/batch 6.253s
# START mamba2-dtlimit/wide repeat=1/stepfull
# DONE mamba2-dtlimit/wide repeat=1/stepfull 4.016s
# START mamba2-dtlimit/wide repeat=1/rlpair
# DONE mamba2-dtlimit/wide repeat=1/rlpair 17.223s
# START mamba2-dtlimit/wide repeat=2/train
# DONE mamba2-dtlimit/wide repeat=2/train 0.618s
# START mamba2-dtlimit/wide repeat=2/infer-save-reload
# DONE mamba2-dtlimit/wide repeat=2/infer-save-reload 0.174s
# START mamba2-dtlimit/wide repeat=2/batch
# DONE mamba2-dtlimit/wide repeat=2/batch 4.702s
# START mamba2-dtlimit/wide repeat=2/stepfull
# DONE mamba2-dtlimit/wide repeat=2/stepfull 2.664s
# START mamba2-dtlimit/wide repeat=2/rlpair
# DONE mamba2-dtlimit/wide repeat=2/rlpair 15.805s
# CELL mamba2-dtlimit/wide STABLE 52.324s
# START mamba2-dtlimit/denormal repeat=1/train
# DONE mamba2-dtlimit/denormal repeat=1/train 0.562s
# START mamba2-dtlimit/denormal repeat=1/infer-save-reload
# DONE mamba2-dtlimit/denormal repeat=1/infer-save-reload 0.200s
# START mamba2-dtlimit/denormal repeat=1/batch
# DONE mamba2-dtlimit/denormal repeat=1/batch 4.651s
# START mamba2-dtlimit/denormal repeat=1/stepfull
# DONE mamba2-dtlimit/denormal repeat=1/stepfull 2.729s
# START mamba2-dtlimit/denormal repeat=1/rlpair
# DONE mamba2-dtlimit/denormal repeat=1/rlpair 16.463s
# START mamba2-dtlimit/denormal repeat=2/train
# DONE mamba2-dtlimit/denormal repeat=2/train 0.510s
# START mamba2-dtlimit/denormal repeat=2/infer-save-reload
# DONE mamba2-dtlimit/denormal repeat=2/infer-save-reload 0.158s
# START mamba2-dtlimit/denormal repeat=2/batch
# DONE mamba2-dtlimit/denormal repeat=2/batch 4.539s
# START mamba2-dtlimit/denormal repeat=2/stepfull
# DONE mamba2-dtlimit/denormal repeat=2/stepfull 2.774s
# START mamba2-dtlimit/denormal repeat=2/rlpair
# DONE mamba2-dtlimit/denormal repeat=2/rlpair 16.457s
# CELL mamba2-dtlimit/denormal STABLE 49.041s
# START mamba2-dtlimit/denormal_ftz repeat=1/train
# DONE mamba2-dtlimit/denormal_ftz repeat=1/train 0.542s
# START mamba2-dtlimit/denormal_ftz repeat=1/infer-save-reload
# DONE mamba2-dtlimit/denormal_ftz repeat=1/infer-save-reload 0.159s
# START mamba2-dtlimit/denormal_ftz repeat=1/batch
# DONE mamba2-dtlimit/denormal_ftz repeat=1/batch 4.786s
# START mamba2-dtlimit/denormal_ftz repeat=1/stepfull
# DONE mamba2-dtlimit/denormal_ftz repeat=1/stepfull 3.025s
# START mamba2-dtlimit/denormal_ftz repeat=1/rlpair
# DONE mamba2-dtlimit/denormal_ftz repeat=1/rlpair 15.604s
# START mamba2-dtlimit/denormal_ftz repeat=2/train
# DONE mamba2-dtlimit/denormal_ftz repeat=2/train 0.505s
# START mamba2-dtlimit/denormal_ftz repeat=2/infer-save-reload
# DONE mamba2-dtlimit/denormal_ftz repeat=2/infer-save-reload 0.158s
# START mamba2-dtlimit/denormal_ftz repeat=2/batch
# DONE mamba2-dtlimit/denormal_ftz repeat=2/batch 5.117s
# START mamba2-dtlimit/denormal_ftz repeat=2/stepfull
# DONE mamba2-dtlimit/denormal_ftz repeat=2/stepfull 5.369s
# START mamba2-dtlimit/denormal_ftz repeat=2/rlpair
# DONE mamba2-dtlimit/denormal_ftz repeat=2/rlpair 28.109s
# CELL mamba2-dtlimit/denormal_ftz STABLE 63.374s
# START mamba2-dtlimit/dupes repeat=1/train
# DONE mamba2-dtlimit/dupes repeat=1/train 0.942s
# START mamba2-dtlimit/dupes repeat=1/infer-save-reload
# DONE mamba2-dtlimit/dupes repeat=1/infer-save-reload 0.276s
# START mamba2-dtlimit/dupes repeat=1/batch
# DONE mamba2-dtlimit/dupes repeat=1/batch 8.268s
# START mamba2-dtlimit/dupes repeat=1/stepfull
# DONE mamba2-dtlimit/dupes repeat=1/stepfull 4.971s
# START mamba2-dtlimit/dupes repeat=1/rlpair
# DONE mamba2-dtlimit/dupes repeat=1/rlpair 27.796s
# START mamba2-dtlimit/dupes repeat=2/train
# DONE mamba2-dtlimit/dupes repeat=2/train 0.512s
# START mamba2-dtlimit/dupes repeat=2/infer-save-reload
# DONE mamba2-dtlimit/dupes repeat=2/infer-save-reload 0.160s
# START mamba2-dtlimit/dupes repeat=2/batch
# DONE mamba2-dtlimit/dupes repeat=2/batch 4.872s
# START mamba2-dtlimit/dupes repeat=2/stepfull
# DONE mamba2-dtlimit/dupes repeat=2/stepfull 3.362s
# START mamba2-dtlimit/dupes repeat=2/rlpair
# DONE mamba2-dtlimit/dupes repeat=2/rlpair 19.156s
# CELL mamba2-dtlimit/dupes STABLE 70.315s
# START mamba2-dtlimit/odd repeat=1/train
# DONE mamba2-dtlimit/odd repeat=1/train 0.574s
# START mamba2-dtlimit/odd repeat=1/infer-save-reload
# DONE mamba2-dtlimit/odd repeat=1/infer-save-reload 0.176s
# START mamba2-dtlimit/odd repeat=1/batch
# DONE mamba2-dtlimit/odd repeat=1/batch 6.849s
# START mamba2-dtlimit/odd repeat=1/stepfull
# DONE mamba2-dtlimit/odd repeat=1/stepfull 5.139s
# START mamba2-dtlimit/odd repeat=1/rlpair
mac_slot: execution exceeded available budget (600.0s)
mac_slot: {"wait_seconds": 0.0019868750005116453, "run_seconds": 600.0208609169995, "exit_code": 124}
