
=== provenance === 20:54:54
63bcc6c6773f4cf00a131d4378afc3e7ce79523d
Linux mojolearn-e2-amd 6.8.0-59-generic #61-Ubuntu SMP PREEMPT_DYNAMIC Fri Apr 11 23:16:11 UTC 2025 x86_64 x86_64 x86_64 GNU/Linux

=== pixi === 20:54:55
This script will automatically download and install Pixi (latest) for you.
Getting it from this url: https://github.com/prefix-dev/pixi/releases/latest/download/pixi-x86_64-unknown-linux-musl.tar.gz
The 'pixi' binary is installed into '/root/.pixi/bin'
Updating '/root/.bashrc'
Please restart or source your shell.
✔ The default environment has been installed.

=== mode: IDENTICAL by build define (no source flip since 2026-08-23) === 20:54:57

=== phase 0 SKIPPED (MOJOLEARN_E1_PHASES=9) ===

=== phase 1 SKIPPED (MOJOLEARN_E1_PHASES=9) ===

=== phase 2 SKIPPED (MOJOLEARN_E1_PHASES=9) ===

=== phase 3 SKIPPED (MOJOLEARN_E1_PHASES=9) ===

=== phase 4 SKIPPED (MOJOLEARN_E1_PHASES=9) ===

=== phase 5 SKIPPED (MOJOLEARN_E1_PHASES=9) ===

=== phase 6 SKIPPED (MOJOLEARN_E1_PHASES=9) ===

=== phase 7 SKIPPED (MOJOLEARN_E1_PHASES=9) ===

=== phase 8 SKIPPED (MOJOLEARN_E1_PHASES=9) ===

=== phase 9: RUN-TO-RUN DETERMINISM -- the middle tier, on this vendor's silicon === 20:54:57
phase 9: DIAG ONLY (MOJOLEARN_P9_ONLY_DIAG=1); no builds, no arms, no probes here
phase 9 builds: <none>
phase 9 tiers:  <none>
concurrent probe SKIPPED: needs all three tiers, P9_TIERS=<none>

=== phase 9 diag: packaging/linux/leg_diag.sh === 20:54:57
    vendor=hip
    arch=gfx90a
    gpu_archs_requested=gfx90a
    build_rc=0 stage_rc=0
    build_seconds=287
    set_fast_count=15
    set_fast_bytes=20379327
    set_deterministic_count=15
    set_deterministic_bytes=20383543
    set_identical_count=15
    set_identical_bytes=18898031
    runtime_libs_bytes=3200416
    runtime_libs=libAsyncRTMojoBindings.so libAsyncRTRuntimeGlobals.so libKGENCompilerRTShared.so libMSupportGlobals.so 
    driver_libs_not_staged=
    set_tar_gz_bytes=15515979
    smoke[fast]: NOT APPLICABLE: cross-build, box is gfx942 and the set is gfx90a
    smoke[deterministic]: NOT APPLICABLE: cross-build, box is gfx942 and the set is gfx90a
    smoke[identical]: NOT APPLICABLE: cross-build, box is gfx942 and the set is gfx90a
    sabotage: NOT APPLICABLE: cross-build, box is gfx942 and the set is gfx90a
    nogpu: NOT APPLICABLE: cross-build, box is gfx942 and the set is gfx90a

=== done === 20:59:44
artifacts in /root/mojolearn/bench/results/e1/2026-09-02_205454-mojolearn-e2-amd
next: fetch this directory beside the other machine's and run
  python3 tools/e2_matrix_diff.py <mac>:APPLE <gpu>:VENDOR --write
  python3 tools/identity_trace_diff.py <mac>/<cell>.card <gpu>/<cell>.card
