=== attention step price, mode IDENTICAL, column apple, generator shape B1_L1024_nh12_nkv12_hd64_win0 (a file: kind carries its own shape)
trial_hook=True phase_timers_built=False
DEFAULT column=apple arm=stash_tiled source=kernel_matrix.attn_default_arm_for baseline_is_default=True candidate_is_default=True baseline_requested=default candidate_requested=default
baseline=stash_tiled candidate=stash_tiled rounds=7 warmups=2
PATH baseline arm=stash_tiled is_default=True resolved_hd64=stash_tiled zdot_rows=- fwd_rows=- preflush=False reach_bit=sabotage kv_keys=- kv_split=False zsched=- estash=- bswz=-
PATH candidate arm=stash_tiled is_default=True resolved_hd64=stash_tiled zdot_rows=- fwd_rows=- preflush=False reach_bit=sabotage kv_keys=- kv_split=False zsched=- estash=- bswz=-
--- kind hashed
shape=B1_L1024_nh12_nkv12_hd64_win0 visible_cells=6297600 S=1024 key_lo=0 pos0=0
RAN hashed stash_tiled forward=fwd_sstash backward=bwd_stash_tiled
DIGEST hashed stash_tiled ctx b6a62736079e5929 amax ec5ec8ebe1838abd denom 7bfb0b811d27a406 zdot 4f202bd331829247 dq 95891f719c14d659 dk 6fcc803872e3009c dv 9678b78a58f267cb
DIGEST hashed eager ctx b6a62736079e5929 amax ec5ec8ebe1838abd denom 7bfb0b811d27a406 zdot 4f202bd331829247 dq 95891f719c14d659 dk 6fcc803872e3009c dv 9678b78a58f267cb
BITS hashed stash_tiled_vs_eager ctx MATCH 0 of 786432
BITS hashed stash_tiled_vs_eager amax MATCH 0 of 12288
BITS hashed stash_tiled_vs_eager denom MATCH 0 of 12288
BITS hashed stash_tiled_vs_eager zdot MATCH 0 of 12288
BITS hashed stash_tiled_vs_eager dq MATCH 0 of 786432
BITS hashed stash_tiled_vs_eager dk MATCH 0 of 786432
BITS hashed stash_tiled_vs_eager dv MATCH 0 of 786432
RAN hashed stash_tiled forward=fwd_sstash backward=bwd_stash_tiled
DIGEST hashed stash_tiled ctx b6a62736079e5929 amax ec5ec8ebe1838abd denom 7bfb0b811d27a406 zdot 4f202bd331829247 dq 95891f719c14d659 dk 6fcc803872e3009c dv 9678b78a58f267cb
BITS hashed stash_tiled_vs_stash_tiled ctx MATCH 0 of 786432
BITS hashed stash_tiled_vs_stash_tiled amax MATCH 0 of 12288
BITS hashed stash_tiled_vs_stash_tiled denom MATCH 0 of 12288
BITS hashed stash_tiled_vs_stash_tiled zdot MATCH 0 of 12288
BITS hashed stash_tiled_vs_stash_tiled dq MATCH 0 of 786432
BITS hashed stash_tiled_vs_stash_tiled dk MATCH 0 of 786432
BITS hashed stash_tiled_vs_stash_tiled dv MATCH 0 of 786432
PRICE attention stash_tiled fwd hashed 25.432 ms
PRICE attention stash_tiled fwdbwd hashed 64.269 ms
PRICE attention stash_tiled fwd hashed 26.894 ms
PRICE attention stash_tiled fwdbwd hashed 65.751 ms
PRICE attention stash_tiled fwd hashed 27.035 ms
PRICE attention stash_tiled fwdbwd hashed 67.06 ms
PRICE attention stash_tiled fwd hashed 26.194 ms
PRICE attention stash_tiled fwdbwd hashed 68.365 ms
PRICE attention stash_tiled fwd hashed 27.035 ms
PRICE attention stash_tiled fwdbwd hashed 69.012 ms
PRICE attention stash_tiled fwd hashed 27.071 ms
PRICE attention stash_tiled fwdbwd hashed 69.877 ms
PRICE attention stash_tiled fwd hashed 29.809 ms
PRICE attention stash_tiled fwdbwd hashed 71.672 ms
PRICE attention stash_tiled fwd hashed 29.639 ms
PRICE attention stash_tiled fwdbwd hashed 73.86 ms
PRICE attention stash_tiled fwd hashed 29.655 ms
PRICE attention stash_tiled fwdbwd hashed 73.268 ms
PRICE attention stash_tiled fwd hashed 28.566 ms
PRICE attention stash_tiled fwdbwd hashed 75.367 ms
PRICE attention stash_tiled fwd hashed 30.449 ms
PRICE attention stash_tiled fwdbwd hashed 75.913 ms
PRICE attention stash_tiled fwd hashed 30.218 ms
PRICE attention stash_tiled fwdbwd hashed 100.954 ms
PRICE attention stash_tiled fwd hashed 33.315 ms
PRICE attention stash_tiled fwdbwd hashed 82.642 ms
PRICE attention stash_tiled fwd hashed 34.943 ms
PRICE attention stash_tiled fwdbwd hashed 84.538 ms
TABLE kind=hashed shape=B1_L1024_nh12_nkv12_hd64_win0 column=apple default_arm=stash_tiled visible_cells=6297600 (useful flops: fwd 4*cells*hd, bwd 10*cells*hd; executed multiplier of the shipped kernels: fwd dots 3 of 2 contractions, bwd dots 6 of 5)
TABLE arm | fwd median ms | fwd useful TFLOP/s | fwd+bwd median ms | bwd (derived) ms | bwd useful TFLOP/s | fwd ratio | fwd+bwd ratio
TABLE stash_tiled | 29.639 | 0.0543940618779311 | 73.268 | 43.629000000000005 | 0.09238038919067591 | 1.0 | 1.0
TABLE stash_tiled | 28.566 | 0.05643721907162361 | 71.672 | 43.105999999999995 | 0.093501229527212 | 1.037562136805993 | 1.0222681102801652
attention_step_price: PASS (stash_tiled vs stash_tiled)
