pid 2747's current affinity list: 0-7
pid 2747's new affinity list: 0-7
pid 2759's current affinity list: 0-7
pid 2759's new affinity list: 0,1
[19:42:36 build_sets] repo /root/mojolearn, dest /root/rel061-build/build, tiers: fast deterministic identical, jobs: 1
[19:42:36 build_sets] pixi env: default
[19:43:39 build_sets] built identical bindings/build_gbdt.sh
[19:43:59 build_sets] built identical bindings/build_rf.sh
[19:44:18 build_sets] built identical bindings/build_trees.sh
[19:44:51 build_sets] built identical bindings/build.sh
[19:45:35 build_sets] built identical bindings/build_estimators.sh
[19:46:07 build_sets] built identical bindings/build_svm.sh
[19:46:35 build_sets] built identical bindings/build_solver.sh
[19:47:26 build_sets] built identical bindings/build_metrics.sh
[19:47:31 build_sets] built identical bindings/build_preprocessing.sh
[19:47:40 build_sets] built identical bindings/build_tsa.sh
[19:48:03 build_sets] built identical bindings/build_linalg.sh
[19:48:12 build_sets] built identical bindings/build_arima.sh
[19:48:40 build_sets] built identical bindings/build_gp.sh
[19:49:09 build_sets] built identical bindings/build_training.sh
[19:49:57 build_sets] built identical bindings/build_mamba.sh
[19:50:42 build_sets] built identical bindings/build_transformer.sh
[19:51:40 build_sets] built identical bindings/build_byte_lm.sh
[19:51:48 build_sets] built identical bindings/build_byte_lm_host.sh
[19:52:58 build_sets] built fast bindings/build_gbdt.sh
[19:53:18 build_sets] built fast bindings/build_rf.sh
[19:53:37 build_sets] built fast bindings/build_trees.sh
[19:54:41 build_sets] built deterministic bindings/build_gbdt.sh
[19:55:00 build_sets] built deterministic bindings/build_rf.sh
[19:55:19 build_sets] built deterministic bindings/build_trees.sh
[19:55:19 build_sets] builds finished in 763s (rc=0, jobs=1, cpus=0,1)
[19:55:20 build_sets] vendor read-back per binary:
    fast _mojolearn_gbdt hip
    fast _mojolearn_rf hip
    fast _mojolearn_trees hip
    deterministic _mojolearn_gbdt hip
    deterministic _mojolearn_rf hip
    deterministic _mojolearn_trees hip
    identical _mojolearn_gbdt hip
    identical _mojolearn_rf hip
    identical _mojolearn_trees hip
    identical _mojolearn hip
    identical _mojolearn_estimators hip
    identical _mojolearn_svm hip
    identical _mojolearn_solver hip
    identical _mojolearn_metrics hip
    identical _mojolearn_preprocessing hip
    identical _mojolearn_tsa hip
    identical _mojolearn_linalg hip
    identical _mojolearn_arima hip
    identical _mojolearn_gp hip
    identical _mojolearn_training hip
    identical _mojolearn_mamba hip
    identical _mojolearn_transformer hip
    identical _mojolearn_byte_lm hip
    host _mojolearn_byte_lm_host cpu
[19:55:21 build_sets] GPU architectures embedded, per binary:
         23 gfx942
          1 NONE-BY-DESIGN
[19:55:21 build_sets] architecture set: gfx942 
[19:55:21 build_sets] architecture: gfx942 (requested: gfx942)
[19:55:21 build_sets] vendor: hip
[19:55:37 build_sets] CPU ISA baseline: clean at x86-64-v3 (24 binaries)
[19:55:37 build_sets] patchelf: /root/release-tools/bin/patchelf
[19:55:37 build_sets] pixi env lib: /root/mojolearn/.pixi/envs/default/lib
  closure verified: 4 libraries, nothing unresolved
  staged 4: libKGENCompilerRTShared.so, libAsyncRTMojoBindings.so, libMSupportGlobals.so, libAsyncRTRuntimeGlobals.so
  driver libraries left to the box: none
  extensions 58.4 MB, runtime libraries 3.2 MB, uncompressed set 61.6 MB
vendor=hip
arch=gfx942
gpu_archs_requested=gfx942
build_rc=0 stage_rc=0
build_seconds=782
set_fast_count=3
set_fast_bytes=9385443
set_deterministic_count=3
set_deterministic_bytes=8869371
set_identical_count=17
set_identical_bytes=40097609
runtime_libs_bytes=3200416
runtime_libs=libAsyncRTMojoBindings.so libAsyncRTRuntimeGlobals.so libKGENCompilerRTShared.so libMSupportGlobals.so 
driver_libs_not_staged=
set_tar_gz_bytes=16024263
{"guard": "amd-root-serial-v1", "reason": null, "cpu_affinity": "0,1,2,3,4,5,6,7", "thread_limit": 2, "device_sysfs": "/sys/devices/pci0000:80/0000:80:00.0/0000:81:00.0/0000:82:00.0/0000:83:00.0", "vram_total_bytes": 274542362624, "telemetry": {"initial_vram_bytes": 299687936, "peak_vram_bytes": 299720704, "last_vram_bytes": 299687936, "initial_rss_bytes": 3440640, "peak_rss_bytes": 2010431488, "last_rss_bytes": 14090240, "initial_host_available_bytes": 162286534656, "last_host_available_bytes": 162606641152, "samples": 779, "last_elapsed_seconds": 781.541748437, "crossing_sample": null}, "returncode": 0}
