1556 external/tcmalloc+/tcmalloc/internal/system_allocator.h:713] Warning: Unable to mbind memory (errno=1, base=0x33df40000000, nodemask=1)
== bench/gemm_step_price_main.mojo [IDENTICAL] arm=ksplit trial=True column=2 rounds=7 warmups=2 controls=False ==
DEFAULT gemm column=2 block_parallelism_row=132 ksplit_default=on trial_ksplit_S=132 shipped=[shipped DEFAULT kpack_hg body (DEVIATION 2707, kernel body row 1: padded aligned page, gather staging, hardware fold flush) on every call the TUNED 128x128 plan serves, ksplit groups (block parallelism row S=132 slack=4) where the group rule takes the call, else all leaves; other calls choose_gemm_plan's plan]
PLANLABEL arm=ksplit label=ksplit(S=132) where its rule takes the call, else default=kpack_hg body (2707) at ksplit(S=132) groups
timing=host-synchronized median ms; raw samples below; the BITS pass is not a warmup
TABLE call | op | m x n x k | per step | shipped plan (ran) | arm geometry | shipped launched blocks | arm blocks | shipped median ms | arm median ms | ratio | arm launched blocks | group leaves | shipped group leaves
BITS proj_fwd EQUAL cells=1572864 digest=0xdd3c876b6b377944
SAMPLE proj_fwd round=0 arm_first=False shipped_ns=254660 arm_ns=267543
SAMPLE proj_fwd round=1 arm_first=True shipped_ns=253748 arm_ns=265269
SAMPLE proj_fwd round=2 arm_first=False shipped_ns=254078 arm_ns=267416
SAMPLE proj_fwd round=3 arm_first=True shipped_ns=253498 arm_ns=264583
SAMPLE proj_fwd round=4 arm_first=False shipped_ns=252100 arm_ns=267786
SAMPLE proj_fwd round=5 arm_first=True shipped_ns=253821 arm_ns=269301
SAMPLE proj_fwd round=6 arm_first=False shipped_ns=252439 arm_ns=266519
PRICE gemm ksplit proj_fwd shipped_ms=0.253748 arm_ms=0.267416 ratio=1.0538644639563661 shipped_tflops=9.52093850591926 arm_tflops=9.034310228258594 shipped_launched_blocks=576 shipped_group_leaves=1 arm_launched_blocks=576 group_leaves=1 choose_plan=[TUNED 128x128 reg8x8 KS=16 fold=16 local tpb=256 hwftz=True (1-D grid, no swizzle)] shipped_plan=[DEFAULT kpack_hg body (DEVIATION 2707) kpack_hg 128x128 reg8x8 TC=16 KS=16 page=packed(group,step,line) pad=4 align=16 fold_flush=hw stage=gather page_bytes=16896 pages=2 load=per-step fold=lane-wide local FS=16 tpb=256 hwftz=True groups where its rule takes the call (S=132 slack=4), else all leaves in one launch leaves_per_group=1 groups=6] geometry=[ksplit 128x128 reg8x8 TC=16 KS=16 pages=2 fold=lane-wide local tpb=256 hwftz=True leaf groups on grid.y -> node workspace -> fold (block per cell <= 16384, else register stack) group rule S=132 slack=4]
TABLE proj_fwd | NT | 2048 x 768 x 768 | 48 | DEFAULT kpack_hg body (DEVIATION 2707) kpack_hg 128x128 reg8x8 TC=16 KS=16 page=packed(group,step,line) pad=4 align=16 fold_flush=hw stage=gather page_bytes=16896 pages=2 load=per-step fold=lane-wide local FS=16 tpb=256 hwftz=True groups where its rule takes the call (S=132 slack=4), else all leaves in one launch leaves_per_group=1 groups=6 | ksplit 128x128 reg8x8 TC=16 KS=16 pages=2 fold=lane-wide local tpb=256 hwftz=True leaf groups on grid.y -> node workspace -> fold (block per cell <= 16384, else register stack) group rule S=132 slack=4 | 576 | 96 | 0.253748 | 0.267416 | 1.0538644639563661 | 576 | 1 | 1
PHASEBITS proj_fwd EQUAL cells=1572864 phase_of=arm
PHASE gemm ksplit proj_fwd phase_of=arm group_leaves=1 groups=6 launched_blocks=576 alloc_ms=0.003167 group_ms=0.206269 fold_ms=0.060285 sum_ms=0.26976 arm_ms=0.267416 shipped_ms=0.253748 (each phase host-synchronized; medians over 7 rounds)
BITS proj_dA EQUAL cells=1572864 digest=0x4a06fac1f8e83213
SAMPLE proj_dA round=0 arm_first=False shipped_ns=254163 arm_ns=268964
SAMPLE proj_dA round=1 arm_first=True shipped_ns=253871 arm_ns=267375
SAMPLE proj_dA round=2 arm_first=False shipped_ns=252518 arm_ns=269665
SAMPLE proj_dA round=3 arm_first=True shipped_ns=253951 arm_ns=268241
SAMPLE proj_dA round=4 arm_first=False shipped_ns=252369 arm_ns=269124
SAMPLE proj_dA round=5 arm_first=True shipped_ns=254581 arm_ns=267364
SAMPLE proj_dA round=6 arm_first=False shipped_ns=252802 arm_ns=269488
PRICE gemm ksplit proj_dA shipped_ms=0.253871 arm_ms=0.268964 ratio=1.0594514536910478 shipped_tflops=9.516325629945918 arm_tflops=8.982314004848233 shipped_launched_blocks=576 shipped_group_leaves=1 arm_launched_blocks=576 group_leaves=1 choose_plan=[TUNED 128x128 reg8x8 KS=16 fold=16 local tpb=256 hwftz=True (1-D grid, no swizzle)] shipped_plan=[DEFAULT kpack_hg body (DEVIATION 2707) kpack_hg 128x128 reg8x8 TC=16 KS=16 page=packed(group,step,line) pad=4 align=16 fold_flush=hw stage=gather page_bytes=16896 pages=2 load=per-step fold=lane-wide local FS=16 tpb=256 hwftz=True groups where its rule takes the call (S=132 slack=4), else all leaves in one launch leaves_per_group=1 groups=6] geometry=[ksplit 128x128 reg8x8 TC=16 KS=16 pages=2 fold=lane-wide local tpb=256 hwftz=True leaf groups on grid.y -> node workspace -> fold (block per cell <= 16384, else register stack) group rule S=132 slack=4]
TABLE proj_dA | NN | 2048 x 768 x 768 | 48 | DEFAULT kpack_hg body (DEVIATION 2707) kpack_hg 128x128 reg8x8 TC=16 KS=16 page=packed(group,step,line) pad=4 align=16 fold_flush=hw stage=gather page_bytes=16896 pages=2 load=per-step fold=lane-wide local FS=16 tpb=256 hwftz=True groups where its rule takes the call (S=132 slack=4), else all leaves in one launch leaves_per_group=1 groups=6 | ksplit 128x128 reg8x8 TC=16 KS=16 pages=2 fold=lane-wide local tpb=256 hwftz=True leaf groups on grid.y -> node workspace -> fold (block per cell <= 16384, else register stack) group rule S=132 slack=4 | 576 | 96 | 0.253871 | 0.268964 | 1.0594514536910478 | 576 | 1 | 1
PHASEBITS proj_dA EQUAL cells=1572864 phase_of=arm
PHASE gemm ksplit proj_dA phase_of=arm group_leaves=1 groups=6 launched_blocks=576 alloc_ms=0.003157 group_ms=0.208983 fold_ms=0.059927 sum_ms=0.272025 arm_ms=0.268964 shipped_ms=0.253871 (each phase host-synchronized; medians over 7 rounds)
BITS proj_dB EQUAL cells=589824 digest=0x1da75dd594f0934a
SAMPLE proj_dB round=0 arm_first=False shipped_ns=245994 arm_ns=267165
SAMPLE proj_dB round=1 arm_first=True shipped_ns=246803 arm_ns=265590
SAMPLE proj_dB round=2 arm_first=False shipped_ns=245366 arm_ns=267175
SAMPLE proj_dB round=3 arm_first=True shipped_ns=246537 arm_ns=264842
SAMPLE proj_dB round=4 arm_first=False shipped_ns=245009 arm_ns=266646
SAMPLE proj_dB round=5 arm_first=True shipped_ns=245693 arm_ns=264129
SAMPLE proj_dB round=6 arm_first=False shipped_ns=246852 arm_ns=268020
PRICE gemm ksplit proj_dB shipped_ms=0.245994 arm_ms=0.266646 ratio=1.0839532671528573 shipped_tflops=9.821048903631796 arm_tflops=9.06039882090862 shipped_launched_blocks=576 shipped_group_leaves=1 arm_launched_blocks=576 group_leaves=1 choose_plan=[TUNED 128x128 reg8x8 KS=16 fold=16 local tpb=256 hwftz=True (1-D grid, no swizzle)] shipped_plan=[DEFAULT kpack_hg body (DEVIATION 2707) kpack_hg 128x128 reg8x8 TC=16 KS=16 page=packed(group,step,line) pad=4 align=16 fold_flush=hw stage=gather page_bytes=16896 pages=2 load=per-step fold=lane-wide local FS=16 tpb=256 hwftz=True groups where its rule takes the call (S=132 slack=4), else all leaves in one launch leaves_per_group=1 groups=16] geometry=[ksplit 128x128 reg8x8 TC=16 KS=16 pages=2 fold=lane-wide local tpb=256 hwftz=True leaf groups on grid.y -> node workspace -> fold (block per cell <= 16384, else register stack) group rule S=132 slack=4]
TABLE proj_dB | TN | 768 x 768 x 2048 | 48 | DEFAULT kpack_hg body (DEVIATION 2707) kpack_hg 128x128 reg8x8 TC=16 KS=16 page=packed(group,step,line) pad=4 align=16 fold_flush=hw stage=gather page_bytes=16896 pages=2 load=per-step fold=lane-wide local FS=16 tpb=256 hwftz=True groups where its rule takes the call (S=132 slack=4), else all leaves in one launch leaves_per_group=1 groups=16 | ksplit 128x128 reg8x8 TC=16 KS=16 pages=2 fold=lane-wide local tpb=256 hwftz=True leaf groups on grid.y -> node workspace -> fold (block per cell <= 16384, else register stack) group rule S=132 slack=4 | 576 | 36 | 0.245994 | 0.266646 | 1.0839532671528573 | 576 | 1 | 1
PHASEBITS proj_dB EQUAL cells=589824 phase_of=arm
PHASE gemm ksplit proj_dB phase_of=arm group_leaves=1 groups=16 launched_blocks=576 alloc_ms=0.003129 group_ms=0.215005 fold_ms=0.051083 sum_ms=0.269021 arm_ms=0.266646 shipped_ms=0.245994 (each phase host-synchronized; medians over 7 rounds)
BITS gateup_fwd EQUAL cells=4194304 digest=0xe05cc5aa93a62891
SAMPLE gateup_fwd round=0 arm_first=False shipped_ns=444696 arm_ns=443278
SAMPLE gateup_fwd round=1 arm_first=True shipped_ns=443013 arm_ns=446868
SAMPLE gateup_fwd round=2 arm_first=False shipped_ns=442741 arm_ns=443735
SAMPLE gateup_fwd round=3 arm_first=True shipped_ns=444275 arm_ns=443903
SAMPLE gateup_fwd round=4 arm_first=False shipped_ns=443194 arm_ns=444659
SAMPLE gateup_fwd round=5 arm_first=True shipped_ns=444181 arm_ns=443167
SAMPLE gateup_fwd round=6 arm_first=False shipped_ns=442742 arm_ns=444190
PRICE gemm ksplit gateup_fwd shipped_ms=0.443194 arm_ms=0.443903 ratio=1.0015997508991548 shipped_tflops=14.536412821473215 arm_tflops=14.51319532420371 shipped_launched_blocks=256 shipped_group_leaves=0 arm_launched_blocks=256 group_leaves=0 choose_plan=[TUNED 128x128 reg8x8 KS=16 fold=16 local tpb=256 hwftz=True (1-D grid, no swizzle)] shipped_plan=[DEFAULT kpack_hg body (DEVIATION 2707) kpack_hg 128x128 reg8x8 TC=16 KS=16 page=packed(group,step,line) pad=4 align=16 fold_flush=hw stage=gather page_bytes=16896 pages=2 load=per-step fold=lane-wide local FS=16 tpb=256 hwftz=True groups where its rule takes the call (S=132 slack=4), else all leaves in one launch all leaves in one launch] geometry=[shipped DEFAULT kpack_hg body (DEVIATION 2707, kernel body row 1: padded aligned page, gather staging, hardware fold flush) on every call the TUNED 128x128 plan serves, ksplit groups (block parallelism row S=132 slack=4) where the group rule takes the call, else all leaves; other calls choose_gemm_plan's plan]
TABLE gateup_fwd | NT | 2048 x 2048 x 768 | 24 | DEFAULT kpack_hg body (DEVIATION 2707) kpack_hg 128x128 reg8x8 TC=16 KS=16 page=packed(group,step,line) pad=4 align=16 fold_flush=hw stage=gather page_bytes=16896 pages=2 load=per-step fold=lane-wide local FS=16 tpb=256 hwftz=True groups where its rule takes the call (S=132 slack=4), else all leaves in one launch all leaves in one launch | shipped DEFAULT kpack_hg body (DEVIATION 2707, kernel body row 1: padded aligned page, gather staging, hardware fold flush) on every call the TUNED 128x128 plan serves, ksplit groups (block parallelism row S=132 slack=4) where the group rule takes the call, else all leaves; other calls choose_gemm_plan's plan | 256 | 256 | 0.443194 | 0.443903 | 1.0015997508991548 | 256 | 0 | 0
BITS gateup_dA EQUAL cells=1572864 digest=0x46dcce99fe75e276
SAMPLE gateup_dA round=0 arm_first=False shipped_ns=513287 arm_ns=574522
SAMPLE gateup_dA round=1 arm_first=True shipped_ns=513262 arm_ns=571599
SAMPLE gateup_dA round=2 arm_first=False shipped_ns=512335 arm_ns=575279
SAMPLE gateup_dA round=3 arm_first=True shipped_ns=513804 arm_ns=571441
SAMPLE gateup_dA round=4 arm_first=False shipped_ns=511857 arm_ns=575944
SAMPLE gateup_dA round=5 arm_first=True shipped_ns=513702 arm_ns=572417
SAMPLE gateup_dA round=6 arm_first=False shipped_ns=510587 arm_ns=575291
PRICE gemm ksplit gateup_dA shipped_ms=0.513262 arm_ms=0.574522 ratio=1.1193542479279588 shipped_tflops=12.551973346945614 arm_tflops=11.213584412781408 shipped_launched_blocks=768 shipped_group_leaves=2 arm_launched_blocks=768 group_leaves=2 choose_plan=[TUNED 128x128 reg8x8 KS=16 fold=16 local tpb=256 hwftz=True (1-D grid, no swizzle)] shipped_plan=[DEFAULT kpack_hg body (DEVIATION 2707) kpack_hg 128x128 reg8x8 TC=16 KS=16 page=packed(group,step,line) pad=4 align=16 fold_flush=hw stage=gather page_bytes=16896 pages=2 load=per-step fold=lane-wide local FS=16 tpb=256 hwftz=True groups where its rule takes the call (S=132 slack=4), else all leaves in one launch leaves_per_group=2 groups=8] geometry=[ksplit 128x128 reg8x8 TC=16 KS=16 pages=2 fold=lane-wide local tpb=256 hwftz=True leaf groups on grid.y -> node workspace -> fold (block per cell <= 16384, else register stack) group rule S=132 slack=4]
TABLE gateup_dA | NN | 2048 x 768 x 2048 | 24 | DEFAULT kpack_hg body (DEVIATION 2707) kpack_hg 128x128 reg8x8 TC=16 KS=16 page=packed(group,step,line) pad=4 align=16 fold_flush=hw stage=gather page_bytes=16896 pages=2 load=per-step fold=lane-wide local FS=16 tpb=256 hwftz=True groups where its rule takes the call (S=132 slack=4), else all leaves in one launch leaves_per_group=2 groups=8 | ksplit 128x128 reg8x8 TC=16 KS=16 pages=2 fold=lane-wide local tpb=256 hwftz=True leaf groups on grid.y -> node workspace -> fold (block per cell <= 16384, else register stack) group rule S=132 slack=4 | 768 | 96 | 0.513262 | 0.574522 | 1.1193542479279588 | 768 | 2 | 2
PHASEBITS gateup_dA EQUAL cells=1572864 phase_of=arm
PHASE gemm ksplit gateup_dA phase_of=arm group_leaves=2 groups=8 launched_blocks=768 alloc_ms=0.003141 group_ms=0.50374 fold_ms=0.069422 sum_ms=0.575989 arm_ms=0.574522 shipped_ms=0.513262 (each phase host-synchronized; medians over 7 rounds)
BITS gateup_dB EQUAL cells=1572864 digest=0xb0d0047e75bc15a7
SAMPLE gateup_dB round=0 arm_first=False shipped_ns=511998 arm_ns=587697
SAMPLE gateup_dB round=1 arm_first=True shipped_ns=512144 arm_ns=581005
SAMPLE gateup_dB round=2 arm_first=False shipped_ns=509539 arm_ns=585775
SAMPLE gateup_dB round=3 arm_first=True shipped_ns=512028 arm_ns=581675
SAMPLE gateup_dB round=4 arm_first=False shipped_ns=509341 arm_ns=585081
SAMPLE gateup_dB round=5 arm_first=True shipped_ns=513549 arm_ns=581565
SAMPLE gateup_dB round=6 arm_first=False shipped_ns=510436 arm_ns=584768
PRICE gemm ksplit gateup_dB shipped_ms=0.511998 arm_ms=0.584768 ratio=1.1421294614432087 shipped_tflops=12.582961152192002 arm_tflops=11.017105833424537 shipped_launched_blocks=768 shipped_group_leaves=2 arm_launched_blocks=768 group_leaves=2 choose_plan=[TUNED 128x128 reg8x8 KS=16 fold=16 local tpb=256 hwftz=True (1-D grid, no swizzle)] shipped_plan=[DEFAULT kpack_hg body (DEVIATION 2707) kpack_hg 128x128 reg8x8 TC=16 KS=16 page=packed(group,step,line) pad=4 align=16 fold_flush=hw stage=gather page_bytes=16896 pages=2 load=per-step fold=lane-wide local FS=16 tpb=256 hwftz=True groups where its rule takes the call (S=132 slack=4), else all leaves in one launch leaves_per_group=2 groups=8] geometry=[ksplit 128x128 reg8x8 TC=16 KS=16 pages=2 fold=lane-wide local tpb=256 hwftz=True leaf groups on grid.y -> node workspace -> fold (block per cell <= 16384, else register stack) group rule S=132 slack=4]
TABLE gateup_dB | TN | 2048 x 768 x 2048 | 24 | DEFAULT kpack_hg body (DEVIATION 2707) kpack_hg 128x128 reg8x8 TC=16 KS=16 page=packed(group,step,line) pad=4 align=16 fold_flush=hw stage=gather page_bytes=16896 pages=2 load=per-step fold=lane-wide local FS=16 tpb=256 hwftz=True groups where its rule takes the call (S=132 slack=4), else all leaves in one launch leaves_per_group=2 groups=8 | ksplit 128x128 reg8x8 TC=16 KS=16 pages=2 fold=lane-wide local tpb=256 hwftz=True leaf groups on grid.y -> node workspace -> fold (block per cell <= 16384, else register stack) group rule S=132 slack=4 | 768 | 96 | 0.511998 | 0.584768 | 1.1421294614432087 | 768 | 2 | 2
PHASEBITS gateup_dB EQUAL cells=1572864 phase_of=arm
PHASE gemm ksplit gateup_dB phase_of=arm group_leaves=2 groups=8 launched_blocks=768 alloc_ms=0.003186 group_ms=0.513843 fold_ms=0.069655 sum_ms=0.587045 arm_ms=0.584768 shipped_ms=0.511998 (each phase host-synchronized; medians over 7 rounds)
BITS down_fwd EQUAL cells=1572864 digest=0x63592259bcb93a54
SAMPLE down_fwd round=0 arm_first=False shipped_ns=520115 arm_ns=569379
SAMPLE down_fwd round=1 arm_first=True shipped_ns=518252 arm_ns=565460
SAMPLE down_fwd round=2 arm_first=False shipped_ns=516297 arm_ns=569949
SAMPLE down_fwd round=3 arm_first=True shipped_ns=517696 arm_ns=566233
SAMPLE down_fwd round=4 arm_first=False shipped_ns=515914 arm_ns=569989
SAMPLE down_fwd round=5 arm_first=True shipped_ns=517206 arm_ns=565641
SAMPLE down_fwd round=6 arm_first=False shipped_ns=515030 arm_ns=569379
PRICE gemm ksplit down_fwd shipped_ms=0.517206 arm_ms=0.569379 ratio=1.100874699829468 shipped_tflops=12.456257166390179 arm_tflops=11.314872771914665 shipped_launched_blocks=768 shipped_group_leaves=2 arm_launched_blocks=768 group_leaves=2 choose_plan=[TUNED 128x128 reg8x8 KS=16 fold=16 local tpb=256 hwftz=True (1-D grid, no swizzle)] shipped_plan=[DEFAULT kpack_hg body (DEVIATION 2707) kpack_hg 128x128 reg8x8 TC=16 KS=16 page=packed(group,step,line) pad=4 align=16 fold_flush=hw stage=gather page_bytes=16896 pages=2 load=per-step fold=lane-wide local FS=16 tpb=256 hwftz=True groups where its rule takes the call (S=132 slack=4), else all leaves in one launch leaves_per_group=2 groups=8] geometry=[ksplit 128x128 reg8x8 TC=16 KS=16 pages=2 fold=lane-wide local tpb=256 hwftz=True leaf groups on grid.y -> node workspace -> fold (block per cell <= 16384, else register stack) group rule S=132 slack=4]
TABLE down_fwd | NT | 2048 x 768 x 2048 | 12 | DEFAULT kpack_hg body (DEVIATION 2707) kpack_hg 128x128 reg8x8 TC=16 KS=16 page=packed(group,step,line) pad=4 align=16 fold_flush=hw stage=gather page_bytes=16896 pages=2 load=per-step fold=lane-wide local FS=16 tpb=256 hwftz=True groups where its rule takes the call (S=132 slack=4), else all leaves in one launch leaves_per_group=2 groups=8 | ksplit 128x128 reg8x8 TC=16 KS=16 pages=2 fold=lane-wide local tpb=256 hwftz=True leaf groups on grid.y -> node workspace -> fold (block per cell <= 16384, else register stack) group rule S=132 slack=4 | 768 | 96 | 0.517206 | 0.569379 | 1.100874699829468 | 768 | 2 | 2
PHASEBITS down_fwd EQUAL cells=1572864 phase_of=arm
PHASE gemm ksplit down_fwd phase_of=arm group_leaves=2 groups=8 launched_blocks=768 alloc_ms=0.003139 group_ms=0.497347 fold_ms=0.0698 sum_ms=0.570108 arm_ms=0.569379 shipped_ms=0.517206 (each phase host-synchronized; medians over 7 rounds)
BITS down_dA EQUAL cells=4194304 digest=0x5b61bc9fe00905
SAMPLE down_dA round=0 arm_first=False shipped_ns=442142 arm_ns=442469
SAMPLE down_dA round=1 arm_first=True shipped_ns=442201 arm_ns=441564
SAMPLE down_dA round=2 arm_first=False shipped_ns=442474 arm_ns=441176
SAMPLE down_dA round=3 arm_first=True shipped_ns=441863 arm_ns=441812
SAMPLE down_dA round=4 arm_first=False shipped_ns=442687 arm_ns=441344
SAMPLE down_dA round=5 arm_first=True shipped_ns=441350 arm_ns=441093
SAMPLE down_dA round=6 arm_first=False shipped_ns=442442 arm_ns=442854
PRICE gemm ksplit down_dA shipped_ms=0.442201 arm_ms=0.441564 ratio=0.9985594786081443 shipped_tflops=14.569055574275048 arm_tflops=14.590072886376607 shipped_launched_blocks=256 shipped_group_leaves=0 arm_launched_blocks=256 group_leaves=0 choose_plan=[TUNED 128x128 reg8x8 KS=16 fold=16 local tpb=256 hwftz=True (1-D grid, no swizzle)] shipped_plan=[DEFAULT kpack_hg body (DEVIATION 2707) kpack_hg 128x128 reg8x8 TC=16 KS=16 page=packed(group,step,line) pad=4 align=16 fold_flush=hw stage=gather page_bytes=16896 pages=2 load=per-step fold=lane-wide local FS=16 tpb=256 hwftz=True groups where its rule takes the call (S=132 slack=4), else all leaves in one launch all leaves in one launch] geometry=[shipped DEFAULT kpack_hg body (DEVIATION 2707, kernel body row 1: padded aligned page, gather staging, hardware fold flush) on every call the TUNED 128x128 plan serves, ksplit groups (block parallelism row S=132 slack=4) where the group rule takes the call, else all leaves; other calls choose_gemm_plan's plan]
TABLE down_dA | NN | 2048 x 2048 x 768 | 12 | DEFAULT kpack_hg body (DEVIATION 2707) kpack_hg 128x128 reg8x8 TC=16 KS=16 page=packed(group,step,line) pad=4 align=16 fold_flush=hw stage=gather page_bytes=16896 pages=2 load=per-step fold=lane-wide local FS=16 tpb=256 hwftz=True groups where its rule takes the call (S=132 slack=4), else all leaves in one launch all leaves in one launch | shipped DEFAULT kpack_hg body (DEVIATION 2707, kernel body row 1: padded aligned page, gather staging, hardware fold flush) on every call the TUNED 128x128 plan serves, ksplit groups (block parallelism row S=132 slack=4) where the group rule takes the call, else all leaves; other calls choose_gemm_plan's plan | 256 | 256 | 0.442201 | 0.441564 | 0.9985594786081443 | 256 | 0 | 0
BITS down_dB EQUAL cells=1572864 digest=0xa58e713f45edd8ed
SAMPLE down_dB round=0 arm_first=False shipped_ns=505604 arm_ns=584861
SAMPLE down_dB round=1 arm_first=True shipped_ns=511746 arm_ns=581413
SAMPLE down_dB round=2 arm_first=False shipped_ns=503467 arm_ns=582883
SAMPLE down_dB round=3 arm_first=True shipped_ns=509648 arm_ns=581181
SAMPLE down_dB round=4 arm_first=False shipped_ns=505313 arm_ns=586751
SAMPLE down_dB round=5 arm_first=True shipped_ns=505525 arm_ns=579330
SAMPLE down_dB round=6 arm_first=False shipped_ns=505353 arm_ns=585666
PRICE gemm ksplit down_dB shipped_ms=0.505525 arm_ms=0.582883 ratio=1.1530250729439693 shipped_tflops=12.74407980614213 arm_tflops=11.052734329187848 shipped_launched_blocks=768 shipped_group_leaves=2 arm_launched_blocks=768 group_leaves=2 choose_plan=[TUNED 128x128 reg8x8 KS=16 fold=16 local tpb=256 hwftz=True (1-D grid, no swizzle)] shipped_plan=[DEFAULT kpack_hg body (DEVIATION 2707) kpack_hg 128x128 reg8x8 TC=16 KS=16 page=packed(group,step,line) pad=4 align=16 fold_flush=hw stage=gather page_bytes=16896 pages=2 load=per-step fold=lane-wide local FS=16 tpb=256 hwftz=True groups where its rule takes the call (S=132 slack=4), else all leaves in one launch leaves_per_group=2 groups=8] geometry=[ksplit 128x128 reg8x8 TC=16 KS=16 pages=2 fold=lane-wide local tpb=256 hwftz=True leaf groups on grid.y -> node workspace -> fold (block per cell <= 16384, else register stack) group rule S=132 slack=4]
TABLE down_dB | TN | 768 x 2048 x 2048 | 12 | DEFAULT kpack_hg body (DEVIATION 2707) kpack_hg 128x128 reg8x8 TC=16 KS=16 page=packed(group,step,line) pad=4 align=16 fold_flush=hw stage=gather page_bytes=16896 pages=2 load=per-step fold=lane-wide local FS=16 tpb=256 hwftz=True groups where its rule takes the call (S=132 slack=4), else all leaves in one launch leaves_per_group=2 groups=8 | ksplit 128x128 reg8x8 TC=16 KS=16 pages=2 fold=lane-wide local tpb=256 hwftz=True leaf groups on grid.y -> node workspace -> fold (block per cell <= 16384, else register stack) group rule S=132 slack=4 | 768 | 96 | 0.505525 | 0.582883 | 1.1530250729439693 | 768 | 2 | 2
PHASEBITS down_dB EQUAL cells=1572864 phase_of=arm
PHASE gemm ksplit down_dB phase_of=arm group_leaves=2 groups=8 launched_blocks=768 alloc_ms=0.003241 group_ms=0.512548 fold_ms=0.070493 sum_ms=0.586489 arm_ms=0.582883 shipped_ms=0.505525 (each phase host-synchronized; medians over 7 rounds)
BITS head_fwd EQUAL cells=102926336 digest=0xe1e8e917ef51cb67
SAMPLE head_fwd round=0 arm_first=False shipped_ns=10822776 arm_ns=10831505
SAMPLE head_fwd round=1 arm_first=True shipped_ns=10818204 arm_ns=10830769
SAMPLE head_fwd round=2 arm_first=False shipped_ns=10824174 arm_ns=10819669
SAMPLE head_fwd round=3 arm_first=True shipped_ns=10829009 arm_ns=10822569
SAMPLE head_fwd round=4 arm_first=False shipped_ns=10817264 arm_ns=10813634
SAMPLE head_fwd round=5 arm_first=True shipped_ns=10816020 arm_ns=10818341
SAMPLE head_fwd round=6 arm_first=False shipped_ns=10820360 arm_ns=10824626
PRICE gemm ksplit head_fwd shipped_ms=10.82036 arm_ms=10.822569 ratio=1.0002041521723861 shipped_tflops=14.610868039141026 arm_tflops=14.607885807519454 shipped_launched_blocks=6288 shipped_group_leaves=0 arm_launched_blocks=6288 group_leaves=0 choose_plan=[TUNED 128x128 reg8x8 KS=16 fold=16 local tpb=256 hwftz=True (1-D grid, no swizzle)] shipped_plan=[DEFAULT kpack_hg body (DEVIATION 2707) kpack_hg 128x128 reg8x8 TC=16 KS=16 page=packed(group,step,line) pad=4 align=16 fold_flush=hw stage=gather page_bytes=16896 pages=2 load=per-step fold=lane-wide local FS=16 tpb=256 hwftz=True groups where its rule takes the call (S=132 slack=4), else all leaves in one launch all leaves in one launch] geometry=[shipped DEFAULT kpack_hg body (DEVIATION 2707, kernel body row 1: padded aligned page, gather staging, hardware fold flush) on every call the TUNED 128x128 plan serves, ksplit groups (block parallelism row S=132 slack=4) where the group rule takes the call, else all leaves; other calls choose_gemm_plan's plan]
TABLE head_fwd | NT | 2048 x 50257 x 768 | 1 | DEFAULT kpack_hg body (DEVIATION 2707) kpack_hg 128x128 reg8x8 TC=16 KS=16 page=packed(group,step,line) pad=4 align=16 fold_flush=hw stage=gather page_bytes=16896 pages=2 load=per-step fold=lane-wide local FS=16 tpb=256 hwftz=True groups where its rule takes the call (S=132 slack=4), else all leaves in one launch all leaves in one launch | shipped DEFAULT kpack_hg body (DEVIATION 2707, kernel body row 1: padded aligned page, gather staging, hardware fold flush) on every call the TUNED 128x128 plan serves, ksplit groups (block parallelism row S=132 slack=4) where the group rule takes the call, else all leaves; other calls choose_gemm_plan's plan | 6288 | 6288 | 10.82036 | 10.822569 | 1.0002041521723861 | 6288 | 0 | 0
BITS head_dA EQUAL cells=1572864 digest=0x287761cb23fe7292
SAMPLE head_dA round=0 arm_first=False shipped_ns=11639991 arm_ns=14351705
SAMPLE head_dA round=1 arm_first=True shipped_ns=11574356 arm_ns=14338612
SAMPLE head_dA round=2 arm_first=False shipped_ns=11652401 arm_ns=14316863
SAMPLE head_dA round=3 arm_first=True shipped_ns=11638225 arm_ns=14308750
SAMPLE head_dA round=4 arm_first=False shipped_ns=11624442 arm_ns=14347496
SAMPLE head_dA round=5 arm_first=True shipped_ns=11637612 arm_ns=14329299
SAMPLE head_dA round=6 arm_first=False shipped_ns=11631534 arm_ns=14299709
PRICE gemm ksplit head_dA shipped_ms=11.637612 arm_ms=14.329299 ratio=1.23129203826352 shipped_tflops=13.584818955641415 arm_tflops=11.032978800707557 shipped_launched_blocks=672 shipped_group_leaves=64 arm_launched_blocks=672 group_leaves=64 choose_plan=[TUNED 128x128 reg8x8 KS=16 fold=16 local tpb=256 hwftz=True (1-D grid, no swizzle)] shipped_plan=[DEFAULT kpack_hg body (DEVIATION 2707) kpack_hg 128x128 reg8x8 TC=16 KS=16 page=packed(group,step,line) pad=4 align=16 fold_flush=hw stage=gather page_bytes=16896 pages=2 load=per-step fold=lane-wide local FS=16 tpb=256 hwftz=True groups where its rule takes the call (S=132 slack=4), else all leaves in one launch leaves_per_group=64 groups=7] geometry=[ksplit 128x128 reg8x8 TC=16 KS=16 pages=2 fold=lane-wide local tpb=256 hwftz=True leaf groups on grid.y -> node workspace -> fold (block per cell <= 16384, else register stack) group rule S=132 slack=4]
TABLE head_dA | NN | 2048 x 768 x 50257 | 1 | DEFAULT kpack_hg body (DEVIATION 2707) kpack_hg 128x128 reg8x8 TC=16 KS=16 page=packed(group,step,line) pad=4 align=16 fold_flush=hw stage=gather page_bytes=16896 pages=2 load=per-step fold=lane-wide local FS=16 tpb=256 hwftz=True groups where its rule takes the call (S=132 slack=4), else all leaves in one launch leaves_per_group=64 groups=7 | ksplit 128x128 reg8x8 TC=16 KS=16 pages=2 fold=lane-wide local tpb=256 hwftz=True leaf groups on grid.y -> node workspace -> fold (block per cell <= 16384, else register stack) group rule S=132 slack=4 | 672 | 96 | 11.637612 | 14.329299 | 1.23129203826352 | 672 | 64 | 64
PHASEBITS head_dA EQUAL cells=1572864 phase_of=arm
PHASE gemm ksplit head_dA phase_of=arm group_leaves=64 groups=7 launched_blocks=672 alloc_ms=0.003143 group_ms=14.270856 fold_ms=0.067292 sum_ms=14.34121 arm_ms=14.329299 shipped_ms=11.637612 (each phase host-synchronized; medians over 7 rounds)
BITS head_dB EQUAL cells=38597376 digest=0x48cf871761b383a8
SAMPLE head_dB round=0 arm_first=False shipped_ns=10327745 arm_ns=10334532
SAMPLE head_dB round=1 arm_first=True shipped_ns=10340282 arm_ns=10343201
SAMPLE head_dB round=2 arm_first=False shipped_ns=10346463 arm_ns=10343986
SAMPLE head_dB round=3 arm_first=True shipped_ns=10348772 arm_ns=10346801
SAMPLE head_dB round=4 arm_first=False shipped_ns=10343187 arm_ns=10343481
SAMPLE head_dB round=5 arm_first=True shipped_ns=10333575 arm_ns=10343494
SAMPLE head_dB round=6 arm_first=False shipped_ns=10326577 arm_ns=10327929
PRICE gemm ksplit head_dB shipped_ms=10.340282 arm_ms=10.343481 ratio=1.0003093726070527 shipped_tflops=15.289220554719881 arm_tflops=15.284491951597339 shipped_launched_blocks=2358 shipped_group_leaves=0 arm_launched_blocks=2358 group_leaves=0 choose_plan=[TUNED 128x128 reg8x8 KS=16 fold=16 local tpb=256 hwftz=True (1-D grid, no swizzle)] shipped_plan=[DEFAULT kpack_hg body (DEVIATION 2707) kpack_hg 128x128 reg8x8 TC=16 KS=16 page=packed(group,step,line) pad=4 align=16 fold_flush=hw stage=gather page_bytes=16896 pages=2 load=per-step fold=lane-wide local FS=16 tpb=256 hwftz=True groups where its rule takes the call (S=132 slack=4), else all leaves in one launch all leaves in one launch] geometry=[shipped DEFAULT kpack_hg body (DEVIATION 2707, kernel body row 1: padded aligned page, gather staging, hardware fold flush) on every call the TUNED 128x128 plan serves, ksplit groups (block parallelism row S=132 slack=4) where the group rule takes the call, else all leaves; other calls choose_gemm_plan's plan]
TABLE head_dB | TN | 50257 x 768 x 2048 | 1 | DEFAULT kpack_hg body (DEVIATION 2707) kpack_hg 128x128 reg8x8 TC=16 KS=16 page=packed(group,step,line) pad=4 align=16 fold_flush=hw stage=gather page_bytes=16896 pages=2 load=per-step fold=lane-wide local FS=16 tpb=256 hwftz=True groups where its rule takes the call (S=132 slack=4), else all leaves in one launch all leaves in one launch | shipped DEFAULT kpack_hg body (DEVIATION 2707, kernel body row 1: padded aligned page, gather staging, hardware fold flush) on every call the TUNED 128x128 plan serves, ksplit groups (block parallelism row S=132 slack=4) where the group rule takes the call, else all leaves; other calls choose_gemm_plan's plan | 2358 | 2358 | 10.340282 | 10.343481 | 1.0003093726070527 | 2358 | 0 | 0
STEP gemm arm=ksplit ratio=1.0808693578532982 shipped_ms=121.79375800000001 arm_ms=131.643141 calls=12 moved=0 (per-call medians weighted by per-step counts; a GEMM sum, not a step time)
