4267 external/tcmalloc+/tcmalloc/internal/system_allocator.h:713] Warning: Unable to mbind memory (errno=1, base=0x1a0200000000, nodemask=2)
4267 external/tcmalloc+/tcmalloc/internal/system_allocator.h:713] Warning: Unable to mbind memory (errno=1, base=0x106240000000, nodemask=1)
{"event": "setup", "schema": "mojolearn.lm-step-memory-probe.v3", "shape": {"batch": 1, "length": 2048, "d_model": 768, "n_heads": 12, "n_kv": 12, "head_dim": 64, "intermediate": 2048, "n_layers": 12, "vocab_size": 50257}, "profile": "mojolearn.byte-lm.b1-l2048-d768-h12-kv12-hd64-ff2048-v50257-blocks12.fp32.v3", "parameters": 162147840, "n_tensors": 110, "tokens_per_step": 2048, "seed": 93261, "budget_seconds": 300.0, "resident": true, "step_result": "lean", "witness_every_step": false, "witness_source": "export_gradients(named=False) + export_state() once after the last untimed step", "attention_path_requested": null, "numeric_mode_env": "identical", "runtime": {"binding_file": "/root/mojolearn/python/mojolearn/identical/_mojolearn_byte_lm.so", "binding_sha256": "b0233fce69db07acc28efa598d847a3c4b31e2a790b0a48fc0c74a14934b5db6", "native_numeric_mode": 1, "native_profile": "mojolearn.byte-lm.b2-l32-d32-h4-kv2-ff64-v256-blocks2.fp32.v1", "native_vendor": "cuda", "source_scope": "available direct source files; binding SHA identifies the compiled artifact", "source_sha256": {"bindings/_mojolearn_byte_lm.mojo": "c4e90332536d82bc9b87fcfde0dcb56dcd96f92bd90ad3bf7cbedef79710411b", "loaded_python_wrapper": "4586a81eb83c4cb6df3283135155b4cac129a3c2983d0ebffa481f30649fc5ea", "python/mojolearn/_byte_lm_config.py": "440ca11e33cfed741c8a812a8dac74ad4e938ab8e16f84ed2af5b61d3fbe56b8", "python/mojolearn/_byte_lm_impl.py": "4586a81eb83c4cb6df3283135155b4cac129a3c2983d0ebffa481f30649fc5ea", "python/mojolearn/language_model.py": "ad7fab7986e790cf0962e1cad316f586b1cec474f54c73619b7eb08da9530533", "training/byte_lm.mojo": "1f02bbaf31e13057010c959feacea545dd91b0a41a1bb4c35f7301c3e7426204", "training/byte_lm_config.mojo": "a620c17cff6cbe5f96097609105acf774a732b72aa118d342bfbbe5e084d8606"}, "schema": "small-byte-lm.run-metadata.v1", "qualification": "authored/unqualified", "profile": "mojolearn.byte-lm.b1-l2048-d768-h12-kv12-hd64-ff2048-v50257-blocks12.fp32.v3", "device_state_lifetime": "resident", "step_result": "lean", "last_export_step": 0, "config": {"lr": 0.0010000000474974513, "beta1": 0.8999999761581421, "beta2": 0.9990000128746033, "eps": 9.99999993922529e-09, "weight_decay": 0.009999999776482582, "kind": 2, "momentum": 0.0, "dampening": 0.0, "nesterov": false, "max_norm": 0.0}, "data_schedule": {"batches": "synthetic uniform token ids, no corpus", "fixture": "lm step memory probe", "seed": 93261}, "completed_steps": 0, "next_batch_index": 0}, "initial_parameters_sha256": "0e36d8d036d8c4cf9704babd096061006e48071187c793c6ee471e05b449572e", "host_before_first_call": {"vm_rss_bytes": 2651525120, "vm_hwm_bytes": 3298709504, "ru_maxrss_bytes": 3298709504, "boundary": "process host memory (Python + native + pinned staging); not device memory"}, "device_tool": "nvidia-smi", "qualification": "complete-step probe at the named shape; not an opponent ratio, not a default gate", "t": 1789102307.2482939}
{"event": "step_start", "step": 1, "first_call_includes_setup": true, "ids_sha256": "4218de35e9a3053104806cf4864831cbf1246da1e11a666e6cf38fc2eefe393b", "t": 1789102307.249372}
4267 external/tcmalloc+/tcmalloc/internal/system_allocator.h:713] Warning: Unable to mbind memory (errno=1, base=0x106280000000, nodemask=1)
4267 external/tcmalloc+/tcmalloc/internal/system_allocator.h:713] Warning: Unable to mbind memory (errno=1, base=0x1062c0000000, nodemask=1)
{"event": "step_end", "step": 1, "seconds": 15.727036125957966, "tokens_per_second": 130.22161223497872, "first_call_includes_setup": true, "timing_boundary": "public train_step call; native binding synchronizes the context before publishing outputs; includes host readbacks, validation and gradient copies", "step_result": "lean", "witnessed": false, "witness_export_seconds": null, "loss": 10.947830200195312, "sha256": {"loss": "7755ecd0d22543abbe76932aa276e43572b7a3ceb8a561956df2a157f3a50c04"}, "completed_steps": 1, "host": {"vm_rss_bytes": 2264608768, "vm_hwm_bytes": 8088969216, "ru_maxrss_bytes": 8088969216, "boundary": "process host memory (Python + native + pinned staging); not device memory"}, "device": {"tool": "nvidia-smi", "peak_process_bytes": "unavailable", "peak_device_bytes": 14284750848, "device_total_bytes": 85520809984, "sample_interval_seconds": 0.2, "samples_total": 39, "errors_total": 0, "boundary": "vendor tool polled at the interval; peaks shorter than one interval are missed; device-wide used memory includes other processes; torch.cuda allocator statistics do not cover Mojo allocations and are not used"}, "t": 1789102322.9768987}
{"event": "final_witness", "step": 1, "completed_steps": 1, "sha256": {"gradients": "5055aee89c800d3463962f4e9deafa191a16ba024b66728b9e41546f82c9687b", "parameters": "e463f82574506fbaccae2b832d6fc735164c5583bb88d60c0e11c42129e4a441", "m": "7e61441b6bf58c983aa6c739adf8b96e62513288cb787f83b6c2fdb1ef7e567e", "v": "2b75b19c6a3accbe949859fe9afbce983b3a34b5a496c368ecdeae1062eeca48", "flags": "360d579dbd14759b41afdf7fb5e80c0101e15150ae401d59f92a1e32d129f7cb"}, "export_seconds": 16.708540804684162, "source": "export_gradients(named=False) + export_state() once after the last untimed step", "t": 1789102339.6857386}
{"event": "component_timing_step_start", "note": "MOJOLEARN_TRANSFORMER_TIMING=1; not a timing sample", "t": 1789102339.686449}
timing step.py_tokens 0.32732635736465454 ms
timing step.py_tokens_bytes 8196 bytes
timing step.bind_scalar_admission 0.00545 ms
timing step.upload_inputs 0.181539 ms
timing step.upload_inputs_bytes 16384 bytes
timing step.unpack_weights 1.166513 ms
timing step.unpack_weights_bytes 648591360 bytes
timing step.embedding_forward 0.062655 ms
timing block.norm1 0.321623 ms
timing attn.qkv_proj 0.853508 ms
timing attn.rope_and_cache 0.128564 ms
timing attn.core 6.795236 ms
timing attn.o_proj 0.297548 ms
timing block.attention_total 8.083162 ms
timing block.mlp_and_residuals 2.219666 ms
timing block.norm1 0.328524 ms
timing attn.qkv_proj 0.835301 ms
timing attn.rope_and_cache 0.112671 ms
timing attn.core 6.754954 ms
timing attn.o_proj 0.305027 ms
timing block.attention_total 8.014502 ms
timing block.mlp_and_residuals 2.208882 ms
timing block.norm1 0.310032 ms
timing attn.qkv_proj 0.835941 ms
timing attn.rope_and_cache 0.108968 ms
timing attn.core 6.734187 ms
timing attn.o_proj 0.299826 ms
timing block.attention_total 7.984195 ms
timing block.mlp_and_residuals 2.216007 ms
timing block.norm1 0.313722 ms
timing attn.qkv_proj 0.834659 ms
timing attn.rope_and_cache 0.11319 ms
timing attn.core 6.775556 ms
timing attn.o_proj 0.299776 ms
timing block.attention_total 8.02869 ms
timing block.mlp_and_residuals 2.217693 ms
timing block.norm1 0.319 ms
timing attn.qkv_proj 0.842497 ms
timing attn.rope_and_cache 0.110732 ms
timing attn.core 6.805749 ms
timing attn.o_proj 0.296584 ms
timing block.attention_total 8.064942 ms
timing block.mlp_and_residuals 2.212689 ms
timing block.norm1 0.316536 ms
timing attn.qkv_proj 0.834513 ms
timing attn.rope_and_cache 0.107487 ms
timing attn.core 6.718985 ms
timing attn.o_proj 0.297098 ms
timing block.attention_total 7.962844 ms
timing block.mlp_and_residuals 2.249716 ms
timing block.norm1 0.313363 ms
timing attn.qkv_proj 0.836446 ms
timing attn.rope_and_cache 0.116925 ms
timing attn.core 6.721805 ms
timing attn.o_proj 0.301281 ms
timing block.attention_total 7.986754 ms
timing block.mlp_and_residuals 2.206362 ms
timing block.norm1 0.303897 ms
timing attn.qkv_proj 0.835544 ms
timing attn.rope_and_cache 0.107663 ms
timing attn.core 6.795244 ms
timing attn.o_proj 0.293284 ms
timing block.attention_total 8.036611 ms
timing block.mlp_and_residuals 2.215828 ms
timing block.norm1 0.312855 ms
timing attn.qkv_proj 0.837383 ms
timing attn.rope_and_cache 0.114619 ms
timing attn.core 6.730139 ms
timing attn.o_proj 0.297306 ms
timing block.attention_total 7.987126 ms
timing block.mlp_and_residuals 2.209833 ms
timing block.norm1 0.309361 ms
timing attn.qkv_proj 0.840579 ms
timing attn.rope_and_cache 0.135979 ms
timing attn.core 6.844039 ms
timing attn.o_proj 0.29384 ms
timing block.attention_total 8.119305 ms
timing block.mlp_and_residuals 2.21795 ms
timing block.norm1 0.319632 ms
timing attn.qkv_proj 0.83304 ms
timing attn.rope_and_cache 0.108426 ms
timing attn.core 6.823337 ms
timing attn.o_proj 0.296154 ms
timing block.attention_total 8.066239 ms
timing block.mlp_and_residuals 2.212458 ms
timing block.norm1 0.314971 ms
timing attn.qkv_proj 0.843208 ms
timing attn.rope_and_cache 0.108938 ms
timing attn.core 6.786083 ms
timing attn.o_proj 0.300795 ms
timing block.attention_total 8.046586 ms
timing block.mlp_and_residuals 2.209364 ms
timing envelope.blocks_forward 126.849339 ms
timing step.head_forward 13.892404 ms
timing step.ce_refuse_scan 0.402729 ms
timing step.ce_refuse_scan_bytes 411705344 bytes
timing step.ce_refuse_scan_download_bytes 8192 bytes
timing step.ce_forward 1.707487 ms
timing step.loss_download 0.020954 ms
timing step.loss_download_bytes 4 bytes
timing step.ce_backward 0.987595 ms
timing step.head_backward_da 18.386202 ms
timing step.head_backward_db 13.99769 ms
timing bwd.before_attention 0.003506 ms
timing bwd.attention 21.81883 ms
timing bwd.after_attention 3.418892 ms
timing bwd.before_attention 0.00318 ms
timing bwd.attention 21.803506 ms
timing bwd.after_attention 3.414577 ms
timing bwd.before_attention 0.003131 ms
timing bwd.attention 21.864296 ms
timing bwd.after_attention 3.424483 ms
timing bwd.before_attention 0.003165 ms
timing bwd.attention 21.838009 ms
timing bwd.after_attention 3.410258 ms
timing bwd.before_attention 0.003118 ms
timing bwd.attention 21.837019 ms
timing bwd.after_attention 3.422057 ms
timing bwd.before_attention 0.003335 ms
timing bwd.attention 21.875123 ms
timing bwd.after_attention 3.431814 ms
timing bwd.before_attention 0.003719 ms
timing bwd.attention 21.907091 ms
timing bwd.after_attention 3.41472 ms
timing bwd.before_attention 0.003822 ms
timing bwd.attention 21.8891 ms
timing bwd.after_attention 3.434242 ms
timing bwd.before_attention 0.00357 ms
timing bwd.attention 21.944163 ms
timing bwd.after_attention 3.403162 ms
timing bwd.before_attention 0.003338 ms
timing bwd.attention 21.854994 ms
timing bwd.after_attention 3.421173 ms
timing bwd.before_attention 0.003648 ms
timing bwd.attention 21.959986 ms
timing bwd.after_attention 3.411802 ms
timing bwd.before_attention 0.003135 ms
timing bwd.attention 21.865878 ms
timing bwd.after_attention 3.424499 ms
timing envelope.blocks_backward 373.503226 ms
timing step.embedding_backward 2.572746 ms
timing step.pack_grads 1.131439 ms
timing step.pack_grads_bytes 648591360 bytes
timing step.validate_grads_scan 0.563859 ms
timing step.validate_grads_scan_bytes 648591360 bytes
timing step.shadow_copy 2.313983 ms
timing step.shadow_copy_bytes 1945774080 bytes
timing step.opt_refuse_scan 2.187058 ms
timing step.opt_refuse_scan_bytes 2594365440 bytes
timing step.opt_refuse_scan_download_bytes 0 bytes
timing step.optimizer 1.716352 ms
timing step.validate_after_scan 2.158918 ms
timing step.validate_after_scan_bytes 2594365440 bytes
timing step.bind_final_sync 0.002314 ms
timing step.bind_publish 0.006933 ms
timing step.bind_publish_bytes 444 bytes
timing envelope.native_call 564.1882251948118 ms
timing step.py_flags 0.22031553089618683 ms
timing step.py_flags_bytes 440 bytes
{"event": "component_timing_step_end", "seconds": 0.5649196561425924, "t": 1789102340.2514384}
