12057 external/tcmalloc+/tcmalloc/internal/system_allocator.h:713] Warning: Unable to mbind memory (errno=1, base=0x538440000000, nodemask=1)
{"event": "setup", "schema": "mojolearn.lm-step-memory-probe.v3", "shape": {"batch": 1, "length": 2048, "d_model": 768, "n_heads": 12, "n_kv": 12, "head_dim": 64, "intermediate": 2048, "n_layers": 12, "vocab_size": 50257}, "profile": "mojolearn.byte-lm.b1-l2048-d768-h12-kv12-hd64-ff2048-v50257-blocks12.fp32.v3", "parameters": 162147840, "n_tensors": 110, "tokens_per_step": 2048, "seed": 93261, "budget_seconds": 300.0, "resident": true, "step_result": "lean", "witness_every_step": false, "witness_source": "export_gradients(named=False) + export_state() once after the last untimed step", "corpus": {"path": "training/corpus/enwik8/input.txt", "sha256": "2b49720ec4d78c3c9fabaee6e4179a5e997302b3a70029f30f2d582218c024a8", "manifest_sha256": "c65094a4d6a494d2882d972c20138015b4a258b310d662d4be05fb7ba2e9b423", "bytes": 100000000, "source_url": "http://mattmahoney.net/dc/enwik8.zip", "schedule": "step k row b: bytes[(k*batch*length + b*length) % (bytes - length - 1) : +length+1] as int32; targets shifted one byte"}, "attention_arm": "stash_tiled_fgrid_r32_qres_pf", "gemm_arm": null, "attention_arm_requested": "stash_tiled_fgrid_r32_qres_pf", "gemm_arm_requested": null, "attention_path_requested": null, "numeric_mode_env": "identical", "runtime": {"binding_file": "/root/mojolearn/python/mojolearn/identical/_mojolearn_byte_lm.so", "binding_sha256": "4fccd2841b6c2b9083b07fc26ed52a54949ad703a8de9c0ff1231475e6f46f49", "native_numeric_mode": 1, "native_profile": "mojolearn.byte-lm.b2-l32-d32-h4-kv2-ff64-v256-blocks2.fp32.v1", "native_vendor": "hip", "source_scope": "available direct source files; binding SHA identifies the compiled artifact", "source_sha256": {"bindings/_mojolearn_byte_lm.mojo": "e10db165cfc590da558325ef892ea076e2ea6d4a0c57b3f684dc240c0d1d8852", "loaded_python_wrapper": "768d45912dff00d1079b6cdd01bb74c38d1bcf1d2db96f8236f0d59938ff5697", "python/mojolearn/_byte_lm_config.py": "440ca11e33cfed741c8a812a8dac74ad4e938ab8e16f84ed2af5b61d3fbe56b8", "python/mojolearn/_byte_lm_impl.py": "768d45912dff00d1079b6cdd01bb74c38d1bcf1d2db96f8236f0d59938ff5697", "python/mojolearn/language_model.py": "ad7fab7986e790cf0962e1cad316f586b1cec474f54c73619b7eb08da9530533", "training/byte_lm.mojo": "1f02bbaf31e13057010c959feacea545dd91b0a41a1bb4c35f7301c3e7426204", "training/byte_lm_config.mojo": "a620c17cff6cbe5f96097609105acf774a732b72aa118d342bfbbe5e084d8606"}, "schema": "small-byte-lm.run-metadata.v1", "qualification": "authored/unqualified", "profile": "mojolearn.byte-lm.b1-l2048-d768-h12-kv12-hd64-ff2048-v50257-blocks12.fp32.v3", "device_state_lifetime": "resident", "step_result": "lean", "last_export_step": 0, "config": {"lr": 0.0010000000474974513, "beta1": 0.8999999761581421, "beta2": 0.9990000128746033, "eps": 9.99999993922529e-09, "weight_decay": 0.009999999776482582, "kind": 2, "momentum": 0.0, "dampening": 0.0, "nesterov": false, "max_norm": 0.0}, "data_schedule": {"batches": "pinned corpus 2b49720ec4d78c3c9fabaee6e4179a5e997302b3a70029f30f2d582218c024a8", "fixture": "lm step memory probe", "seed": 93261}, "completed_steps": 0, "next_batch_index": 0}, "initial_parameters_sha256": "0e36d8d036d8c4cf9704babd096061006e48071187c793c6ee471e05b449572e", "host_before_first_call": {"vm_rss_bytes": 2777415680, "vm_hwm_bytes": 3422232576, "ru_maxrss_bytes": 3422232576, "boundary": "process host memory (Python + native + pinned staging); not device memory"}, "device_tool": "rocm-smi", "qualification": "complete-step probe at the named shape; not an opponent ratio, not a default gate", "t": 1789145068.7700534}
{"event": "step_start", "step": 1, "first_call_includes_setup": true, "ids_sha256": "c9cfaa8fb1358fb7f7b5a53eebd59b9abd169288153d3a4099b30d6703b5fef3", "t": 1789145068.7704432}
12057 external/tcmalloc+/tcmalloc/internal/system_allocator.h:713] Warning: Unable to mbind memory (errno=1, base=0x538480000000, nodemask=1)
12057 external/tcmalloc+/tcmalloc/internal/system_allocator.h:713] Warning: Unable to mbind memory (errno=1, base=0x5384c0000000, nodemask=1)
{"event": "step_end", "step": 1, "seconds": 13.632948246999149, "tokens_per_second": 150.22429212630516, "first_call_includes_setup": true, "timing_boundary": "public train_step call; native binding synchronizes the context before publishing outputs; includes host readbacks, validation and gradient copies", "step_result": "lean", "witnessed": false, "witness_export_seconds": null, "loss": 10.903326034545898, "sha256": {"loss": "a39d1a773245b9bb9f5a25aac121f308d875d0f0a5a7d827bc21552112023c71"}, "completed_steps": 1, "host": {"vm_rss_bytes": 2945458176, "vm_hwm_bytes": 8772980736, "ru_maxrss_bytes": 8772980736, "boundary": "process host memory (Python + native + pinned staging); not device memory"}, "device": {"tool": "rocm-smi", "peak_process_bytes": "unavailable", "peak_device_bytes": 190011486208, "device_total_bytes": 206141652992, "sample_interval_seconds": 0.2, "samples_total": 32, "errors_total": 0, "boundary": "vendor tool polled at the interval; peaks shorter than one interval are missed; device-wide used memory includes other processes; torch.cuda allocator statistics do not cover Mojo allocations and are not used"}, "t": 1789145082.4037848}
{"event": "final_witness", "step": 1, "completed_steps": 1, "sha256": {"gradients": "01d5fa4ae0299bbbd2de8f47d6d0d1e3c525c57b13cfa0244b130a7d7bb813f7", "parameters": "84f96dc296e50b8cea15b54787e7fbede994b0730ee5d3ed86c620cf539c05c9", "m": "b3fafccc62a0feab9ae135d3053054ea3ea8b131bbb0247959d212e13c727c0c", "v": "ae18e62bdf7a1dab7177ff4af00bf7d185845716e1af365e0bc52e362666a8f6", "flags": "360d579dbd14759b41afdf7fb5e80c0101e15150ae401d59f92a1e32d129f7cb"}, "export_seconds": 10.733113073998538, "source": "export_gradients(named=False) + export_state() once after the last untimed step", "t": 1789145093.1371987}
{"event": "component_timing_step_start", "note": "MOJOLEARN_TRANSFORMER_TIMING=1; not a timing sample", "t": 1789145093.1377242}
timing step.py_tokens 0.31631199999537785 ms
timing step.py_tokens_bytes 8196 bytes
timing step.bind_scalar_admission 0.004456 ms
timing step.upload_inputs 0.259628 ms
timing step.upload_inputs_bytes 16384 bytes
timing step.unpack_weights 1.289383 ms
timing step.unpack_weights_bytes 648591360 bytes
timing step.embedding_forward 0.089203 ms
timing block.norm1 0.621096 ms
timing attn.qkv_proj 9.45818 ms
timing attn.rope_and_cache 0.125266 ms
timing attn.fwd_regime_scan 0.225507 ms
timing attn.fwd_scratch_alloc 0.030966 ms
timing attn.fwd_r2_kernel 2.093252 ms
timing attn.fwd_corner_flag 0.074011 ms
timing attn.core 2.447201 ms
timing attn.o_proj 3.063681 ms
timing block.attention_total 15.110512 ms
timing block.mlp_and_residuals 18.801208 ms
timing block.norm1 0.620956 ms
timing attn.qkv_proj 9.140736 ms
timing attn.rope_and_cache 0.118677 ms
timing attn.fwd_regime_scan 0.217705 ms
timing attn.fwd_scratch_alloc 0.02737 ms
timing attn.fwd_r2_kernel 2.06412 ms
timing attn.fwd_corner_flag 0.074661 ms
timing attn.core 2.407251 ms
timing attn.o_proj 3.086345 ms
timing block.attention_total 14.763935 ms
timing block.mlp_and_residuals 18.940815 ms
timing block.norm1 0.620816 ms
timing attn.qkv_proj 9.15046 ms
timing attn.rope_and_cache 0.116975 ms
timing attn.fwd_regime_scan 0.205747 ms
timing attn.fwd_scratch_alloc 0.024977 ms
timing attn.fwd_r2_kernel 2.048576 ms
timing attn.fwd_corner_flag 0.076074 ms
timing attn.core 2.37969 ms
timing attn.o_proj 3.051262 ms
timing block.attention_total 14.711226 ms
timing block.mlp_and_residuals 18.681158 ms
timing block.norm1 0.616189 ms
timing attn.qkv_proj 9.025715 ms
timing attn.rope_and_cache 0.120069 ms
timing attn.fwd_regime_scan 0.205577 ms
timing attn.fwd_scratch_alloc 0.023785 ms
timing attn.fwd_r2_kernel 2.054765 ms
timing attn.fwd_corner_flag 0.076705 ms
timing attn.core 2.383455 ms
timing attn.o_proj 3.002029 ms
timing block.attention_total 14.541273 ms
timing block.mlp_and_residuals 18.706937 ms
timing block.norm1 0.621867 ms
timing attn.qkv_proj 9.10979 ms
timing attn.rope_and_cache 0.11374 ms
timing attn.fwd_regime_scan 0.213048 ms
timing attn.fwd_scratch_alloc 0.02637 ms
timing attn.fwd_r2_kernel 2.074815 ms
timing attn.fwd_corner_flag 0.074331 ms
timing attn.core 2.410756 ms
timing attn.o_proj 3.042178 ms
timing block.attention_total 14.685738 ms
timing block.mlp_and_residuals 18.790172 ms
timing block.norm1 0.613425 ms
timing attn.qkv_proj 9.08239 ms
timing attn.rope_and_cache 0.116844 ms
timing attn.fwd_regime_scan 0.210173 ms
timing attn.fwd_scratch_alloc 0.024106 ms
timing attn.fwd_r2_kernel 2.063268 ms
timing attn.fwd_corner_flag 0.074311 ms
timing attn.core 2.393961 ms
timing attn.o_proj 3.051252 ms
timing block.attention_total 14.656344 ms
timing block.mlp_and_residuals 120.300473 ms
timing block.norm1 0.618031 ms
timing attn.qkv_proj 9.104282 ms
timing attn.rope_and_cache 0.124075 ms
timing attn.fwd_regime_scan 0.222913 ms
timing attn.fwd_scratch_alloc 0.029464 ms
timing attn.fwd_r2_kernel 2.030509 ms
timing attn.fwd_corner_flag 0.072037 ms
timing attn.core 2.378508 ms
timing attn.o_proj 3.099504 ms
timing block.attention_total 14.716074 ms
timing block.mlp_and_residuals 18.714027 ms
timing block.norm1 0.625763 ms
timing attn.qkv_proj 9.23039 ms
timing attn.rope_and_cache 0.114641 ms
timing attn.fwd_regime_scan 0.205396 ms
timing attn.fwd_scratch_alloc 0.023635 ms
timing attn.fwd_r2_kernel 2.04445 ms
timing attn.fwd_corner_flag 0.07995 ms
timing attn.core 2.376064 ms
timing attn.o_proj 3.071502 ms
timing block.attention_total 14.802582 ms
timing block.mlp_and_residuals 18.723001 ms
timing block.norm1 0.607686 ms
timing attn.qkv_proj 9.123801 ms
timing attn.rope_and_cache 0.112888 ms
timing attn.fwd_regime_scan 0.211375 ms
timing attn.fwd_scratch_alloc 0.02666 ms
timing attn.fwd_r2_kernel 2.033453 ms
timing attn.fwd_corner_flag 0.076574 ms
timing attn.core 2.371348 ms
timing attn.o_proj 3.015969 ms
timing block.attention_total 14.637055 ms
timing block.mlp_and_residuals 18.699656 ms
timing block.norm1 0.615468 ms
timing attn.qkv_proj 9.073306 ms
timing attn.rope_and_cache 0.123895 ms
timing attn.fwd_regime_scan 0.204285 ms
timing attn.fwd_scratch_alloc 0.025719 ms
timing attn.fwd_r2_kernel 2.034385 ms
timing attn.fwd_corner_flag 0.07392 ms
timing attn.core 2.361613 ms
timing attn.o_proj 3.083179 ms
timing block.attention_total 14.652789 ms
timing block.mlp_and_residuals 18.654047 ms
timing block.norm1 0.622528 ms
timing attn.qkv_proj 9.066004 ms
timing attn.rope_and_cache 0.114 ms
timing attn.fwd_regime_scan 0.209092 ms
timing attn.fwd_scratch_alloc 0.027802 ms
timing attn.fwd_r2_kernel 2.050709 ms
timing attn.fwd_corner_flag 0.071597 ms
timing attn.core 2.381493 ms
timing attn.o_proj 3.072944 ms
timing block.attention_total 14.64663 ms
timing block.mlp_and_residuals 18.670172 ms
timing block.norm1 0.623089 ms
timing attn.qkv_proj 9.013546 ms
timing attn.rope_and_cache 0.115943 ms
timing attn.fwd_regime_scan 0.222932 ms
timing attn.fwd_scratch_alloc 0.026319 ms
timing attn.fwd_r2_kernel 2.032062 ms
timing attn.fwd_corner_flag 0.07377 ms
timing attn.core 2.377427 ms
timing attn.o_proj 3.042829 ms
timing block.attention_total 14.558549 ms
timing block.mlp_and_residuals 18.817792 ms
timing envelope.blocks_forward 510.644965 ms
timing step.head_forward 210.987379 ms
timing step.ce_refuse_scan 0.503992 ms
timing step.ce_refuse_scan_bytes 411705344 bytes
timing step.ce_refuse_scan_download_bytes 8192 bytes
timing step.ce_forward 1.654899 ms
timing step.loss_download 0.052749 ms
timing step.loss_download_bytes 4 bytes
timing step.ce_backward 0.768346 ms
timing step.head_backward_da 307.343101 ms
timing step.head_backward_db 114.495042 ms
timing bwd.before_attention 0.017746 ms
timing attn.bwd_regime_scan 0.304905 ms
timing attn.bwd_scratch_alloc 0.037706 ms
timing attn.bwd_zdot_stash_pf 2.939295 ms
timing attn.bwd_dq_tiled_pf 2.529073 ms
timing attn.bwd_dkdv_tiled_pf 26.144502 ms
timing attn.bwd_corner_flag 0.106759 ms
timing bwd.attention 32.121869 ms
timing bwd.after_attention 142.927498 ms
timing bwd.before_attention 0.014873 ms
timing attn.bwd_regime_scan 0.299166 ms
timing attn.bwd_scratch_alloc 0.027371 ms
timing attn.bwd_zdot_stash_pf 2.913907 ms
timing attn.bwd_dq_tiled_pf 2.550175 ms
timing attn.bwd_dkdv_tiled_pf 25.893908 ms
timing attn.bwd_corner_flag 0.106499 ms
timing bwd.attention 31.840088 ms
timing bwd.after_attention 34.344916 ms
timing bwd.before_attention 0.017896 ms
timing attn.bwd_regime_scan 0.30156 ms
timing attn.bwd_scratch_alloc 0.02712 ms
timing attn.bwd_zdot_stash_pf 2.865084 ms
timing attn.bwd_dq_tiled_pf 2.539028 ms
timing attn.bwd_dkdv_tiled_pf 127.794863 ms
timing attn.bwd_corner_flag 0.132558 ms
timing bwd.attention 133.711049 ms
timing bwd.after_attention 34.471294 ms
timing bwd.before_attention 0.01391 ms
timing attn.bwd_regime_scan 0.256723 ms
timing attn.bwd_scratch_alloc 0.027211 ms
timing attn.bwd_zdot_stash_pf 2.903331 ms
timing attn.bwd_dq_tiled_pf 2.54077 ms
timing attn.bwd_dkdv_tiled_pf 25.992025 ms
timing attn.bwd_corner_flag 0.101772 ms
timing bwd.attention 31.867951 ms
timing bwd.after_attention 34.269352 ms
timing bwd.before_attention 0.012269 ms
timing attn.bwd_regime_scan 0.254941 ms
timing attn.bwd_scratch_alloc 0.026349 ms
timing attn.bwd_zdot_stash_pf 2.890232 ms
timing attn.bwd_dq_tiled_pf 2.560249 ms
timing attn.bwd_dkdv_tiled_pf 128.927953 ms
timing attn.bwd_corner_flag 0.164836 ms
timing bwd.attention 134.873462 ms
timing bwd.after_attention 53.473291 ms
timing bwd.before_attention 0.01346 ms
timing attn.bwd_regime_scan 0.257885 ms
timing attn.bwd_scratch_alloc 0.02712 ms
timing attn.bwd_zdot_stash_pf 2.853537 ms
timing attn.bwd_dq_tiled_pf 2.512738 ms
timing attn.bwd_dkdv_tiled_pf 45.324395 ms
timing attn.bwd_corner_flag 0.119758 ms
timing bwd.attention 51.142434 ms
timing bwd.after_attention 34.290063 ms
timing bwd.before_attention 0.015342 ms
timing attn.bwd_regime_scan 0.264064 ms
timing attn.bwd_scratch_alloc 0.027491 ms
timing attn.bwd_zdot_stash_pf 2.894418 ms
timing attn.bwd_dq_tiled_pf 2.54114 ms
timing attn.bwd_dkdv_tiled_pf 25.852016 ms
timing attn.bwd_corner_flag 0.101351 ms
timing bwd.attention 31.732158 ms
timing bwd.after_attention 57.430725 ms
timing bwd.before_attention 0.012809 ms
timing attn.bwd_regime_scan 0.263243 ms
timing attn.bwd_scratch_alloc 0.028682 ms
timing attn.bwd_zdot_stash_pf 2.88908 ms
timing attn.bwd_dq_tiled_pf 2.518207 ms
timing attn.bwd_dkdv_tiled_pf 34.544924 ms
timing attn.bwd_corner_flag 0.105577 ms
timing bwd.attention 40.398827 ms
timing bwd.after_attention 138.740952 ms
timing bwd.before_attention 0.01337 ms
timing attn.bwd_regime_scan 0.257494 ms
timing attn.bwd_scratch_alloc 0.030516 ms
timing attn.bwd_zdot_stash_pf 2.924893 ms
timing attn.bwd_dq_tiled_pf 2.538958 ms
timing attn.bwd_dkdv_tiled_pf 25.901199 ms
timing attn.bwd_corner_flag 0.0939 ms
timing bwd.attention 31.793389 ms
timing bwd.after_attention 34.398956 ms
timing bwd.before_attention 0.01324 ms
timing attn.bwd_regime_scan 0.260198 ms
timing attn.bwd_scratch_alloc 0.026279 ms
timing attn.bwd_zdot_stash_pf 2.890652 ms
timing attn.bwd_dq_tiled_pf 2.518057 ms
timing attn.bwd_dkdv_tiled_pf 25.975279 ms
timing attn.bwd_corner_flag 0.097746 ms
timing bwd.attention 31.812778 ms
timing bwd.after_attention 143.945556 ms
timing bwd.before_attention 0.016825 ms
timing attn.bwd_regime_scan 0.258716 ms
timing attn.bwd_scratch_alloc 0.027231 ms
timing attn.bwd_zdot_stash_pf 2.890111 ms
timing attn.bwd_dq_tiled_pf 2.568632 ms
timing attn.bwd_dkdv_tiled_pf 25.968029 ms
timing attn.bwd_corner_flag 0.10716 ms
timing bwd.attention 31.86761 ms
timing bwd.after_attention 34.281371 ms
timing bwd.before_attention 0.015293 ms
timing attn.bwd_regime_scan 0.259607 ms
timing attn.bwd_scratch_alloc 0.027131 ms
timing attn.bwd_zdot_stash_pf 2.874277 ms
timing attn.bwd_dq_tiled_pf 2.522904 ms
timing attn.bwd_dkdv_tiled_pf 127.642836 ms
timing attn.bwd_corner_flag 0.128833 ms
timing bwd.attention 133.501196 ms
timing bwd.after_attention 34.379236 ms
timing envelope.blocks_backward 2340.992448 ms
timing step.embedding_backward 7.844673 ms
timing step.pack_grads 1.098338 ms
timing step.pack_grads_bytes 648591360 bytes
timing step.validate_grads_scan 0.614417 ms
timing step.validate_grads_scan_bytes 648591360 bytes
timing step.shadow_copy 1.863389 ms
timing step.shadow_copy_bytes 1945774080 bytes
timing step.opt_refuse_scan 2.458648 ms
timing step.opt_refuse_scan_bytes 2594365440 bytes
timing step.opt_refuse_scan_download_bytes 0 bytes
timing step.optimizer 1.589922 ms
timing step.validate_after_scan 2.840267 ms
timing step.validate_after_scan_bytes 2594365440 bytes
timing step.bind_final_sync 0.001432 ms
timing step.bind_publish 0.007041 ms
timing step.bind_publish_bytes 444 bytes
timing envelope.native_call 3507.8050360007182 ms
timing step.py_flags 0.1602689990249928 ms
timing step.py_flags_bytes 440 bytes
{"event": "component_timing_step_end", "seconds": 3.508424591000221, "t": 1789145096.6463048}
