{"package": "/root/mojolearn/bench/results/e1/2026-09-06_091452-mojolearn-e2-amd/diag/candidate/qualification-normalized/venv/lib/python3.14/site-packages/mojolearn/__init__.py", "version": "0.6.0", "vendor": "hip", "mode": "deterministic"}
{"package": "/root/mojolearn/bench/results/e1/2026-09-06_091452-mojolearn-e2-amd/diag/candidate/qualification-normalized/venv/lib/python3.14/site-packages/mojolearn/__init__.py", "version": "0.6.0", "vendor": "hip", "mode": "deterministic", "wheel_sha256": "7c5f9af825cbcbd74a293adc75ad15670a30a179d3a9a8a8cfd993cd9476f7be", "installed_bindings": {"_mojolearn": {"path": "/root/mojolearn/bench/results/e1/2026-09-06_091452-mojolearn-e2-amd/diag/candidate/qualification-normalized/venv/lib/python3.14/site-packages/mojolearn/hip/gfx942/deterministic/_mojolearn.so", "sha256": "0e9d48a3b131c6442b401bb2cfcac74d8ebe647d0923285059207d2cf55dcc81", "mode_code": 2}, "_mojolearn_arima": {"path": "/root/mojolearn/bench/results/e1/2026-09-06_091452-mojolearn-e2-amd/diag/candidate/qualification-normalized/venv/lib/python3.14/site-packages/mojolearn/hip/gfx942/deterministic/_mojolearn_arima.so", "sha256": "d0f5620d0d7726ed9ab911216f33e88a4900569c9b1651c3c6c3428ce31d8f8d", "mode_code": 2}, "_mojolearn_estimators": {"path": "/root/mojolearn/bench/results/e1/2026-09-06_091452-mojolearn-e2-amd/diag/candidate/qualification-normalized/venv/lib/python3.14/site-packages/mojolearn/hip/gfx942/deterministic/_mojolearn_estimators.so", "sha256": "c4cef0a1dacd3b6f9447ed333f546f07ad10f8593c289c4ccc2eb5adea8d1899", "mode_readback": "unavailable; build provenance and functional gate required"}, "_mojolearn_gbdt": {"path": "/root/mojolearn/bench/results/e1/2026-09-06_091452-mojolearn-e2-amd/diag/candidate/qualification-normalized/venv/lib/python3.14/site-packages/mojolearn/hip/gfx942/deterministic/_mojolearn_gbdt.so", "sha256": "3fa6aae1a16abd6ddaa0140029c634a4b16bb6143dd097121040070b1173b4bf", "mode_code": 2}, "_mojolearn_gp": {"path": "/root/mojolearn/bench/results/e1/2026-09-06_091452-mojolearn-e2-amd/diag/candidate/qualification-normalized/venv/lib/python3.14/site-packages/mojolearn/hip/gfx942/deterministic/_mojolearn_gp.so", "sha256": "dcd18db7bf5c0552a5ef3f16ab2546435bf40239e84ef7cab46c6485efa7d0e2", "mode_code": 2}, "_mojolearn_linalg": {"path": "/root/mojolearn/bench/results/e1/2026-09-06_091452-mojolearn-e2-amd/diag/candidate/qualification-normalized/venv/lib/python3.14/site-packages/mojolearn/hip/gfx942/deterministic/_mojolearn_linalg.so", "sha256": "fad97c4b7ff9145256f38319810669bfe9f6ff15e28c89f39ce31f88f3fccb01", "mode_code": 2}, "_mojolearn_mamba": {"path": "/root/mojolearn/bench/results/e1/2026-09-06_091452-mojolearn-e2-amd/diag/candidate/qualification-normalized/venv/lib/python3.14/site-packages/mojolearn/hip/gfx942/deterministic/_mojolearn_mamba.so", "sha256": "beb28d3de71cac0e51efaa5320cfc99aa2d74f7c8a75c9da3e2d57e3097cacf1", "mode_code": 2}, "_mojolearn_metrics": {"path": "/root/mojolearn/bench/results/e1/2026-09-06_091452-mojolearn-e2-amd/diag/candidate/qualification-normalized/venv/lib/python3.14/site-packages/mojolearn/hip/gfx942/deterministic/_mojolearn_metrics.so", "sha256": "7590173fd8ff9a6385bd5f2bd52e13bafcb8a2d6eecb0f22f3321e3a71986678", "mode_code": 2}, "_mojolearn_rf": {"path": "/root/mojolearn/bench/results/e1/2026-09-06_091452-mojolearn-e2-amd/diag/candidate/qualification-normalized/venv/lib/python3.14/site-packages/mojolearn/hip/gfx942/deterministic/_mojolearn_rf.so", "sha256": "cdb0c3c4764a412add5121de765b514bc505e9bd0915683612052af95a4dd51c", "mode_readback": "unavailable; build provenance and functional gate required"}, "_mojolearn_solver": {"path": "/root/mojolearn/bench/results/e1/2026-09-06_091452-mojolearn-e2-amd/diag/candidate/qualification-normalized/venv/lib/python3.14/site-packages/mojolearn/hip/gfx942/deterministic/_mojolearn_solver.so", "sha256": "25786c4c52ba826e6d26a25947b61b422843ddc7b6485260f08e4178c2fb43ba", "mode_readback": "unavailable; build provenance and functional gate required"}, "_mojolearn_svm": {"path": "/root/mojolearn/bench/results/e1/2026-09-06_091452-mojolearn-e2-amd/diag/candidate/qualification-normalized/venv/lib/python3.14/site-packages/mojolearn/hip/gfx942/deterministic/_mojolearn_svm.so", "sha256": "b87d9b7bdfce07e770568d3d6ec8c68b63f1e31a74cf3ac4f057b821eea23fb2", "mode_code": 2}, "_mojolearn_training": {"path": "/root/mojolearn/bench/results/e1/2026-09-06_091452-mojolearn-e2-amd/diag/candidate/qualification-normalized/venv/lib/python3.14/site-packages/mojolearn/hip/gfx942/deterministic/_mojolearn_training.so", "sha256": "1c88b39e8dca0c1c417ff06ea22b06df2dc8c706612dee6b61bde5f5cbfc3f84", "mode_code": 2}, "_mojolearn_transformer": {"path": "/root/mojolearn/bench/results/e1/2026-09-06_091452-mojolearn-e2-amd/diag/candidate/qualification-normalized/venv/lib/python3.14/site-packages/mojolearn/hip/gfx942/deterministic/_mojolearn_transformer.so", "sha256": "82b656c765270c8fdd5b32285764bd49a9ac634d296b3146302b33a0868829a7", "mode_code": 2}, "_mojolearn_trees": {"path": "/root/mojolearn/bench/results/e1/2026-09-06_091452-mojolearn-e2-amd/diag/candidate/qualification-normalized/venv/lib/python3.14/site-packages/mojolearn/hip/gfx942/deterministic/_mojolearn_trees.so", "sha256": "bde0d3a41c6c83a8d5f281225e52f08c01edf8e0c9b06c6ca66040c2bcdd170d", "mode_readback": "unavailable; build provenance and functional gate required"}, "_mojolearn_tsa": {"path": "/root/mojolearn/bench/results/e1/2026-09-06_091452-mojolearn-e2-amd/diag/candidate/qualification-normalized/venv/lib/python3.14/site-packages/mojolearn/hip/gfx942/deterministic/_mojolearn_tsa.so", "sha256": "a9c3932a219745994e31c9dc086d0adeaa7515d5f8ca39ea089edc4ae3dc54db", "mode_readback": "unavailable; build provenance and functional gate required"}}}

  REFUSALS (Python side, no device)
    pass a float64 x is refused BY NAME (no silent downcast)
    pass the refusal message names bfloat16 (a reduced-precision profile ships under its own version, contract section 11)
    pass a 2-D x is refused for forward (only step squeezes)
    pass an x whose d_model is not the weights' is refused
    pass a multi-token step is refused
    pass step without a state is refused
    pass a float64 weight is refused by its own name
    pass q_proj/o_proj are square at every legal config, so their transpose is shape-indistinguishable (NAMED LIMIT: no exact-shape check can see it; the trap is asserted on the non-square k_proj below)
    pass a transposed projection cannot cross as a plausible buffer (exact-shape refusal; the OP_NT trap's Python face)
    pass a missing weight name is refused (no silent zero weight)
    pass d_model = 32 with n_heads = 3 is refused (d_model == n_heads*head_dim; LlamaDims.validate carries the same rule)
    pass a wrong-shape state buffer is refused by name
    pass a state allocated for another batch size is refused

  REFERENCE (contract float64, config A: n_kv 1, n_rep 2, it 64)
    pass y has x's shape
    pass y is finite
    pass block output matches the contract's float64 reference at the adopted anchor tolerance (rtol 1e-5, atol 1e-6; header says how to recalibrate honestly if accuracy alone fails it)

  REFERENCE (contract float64, config B: n_kv 2, n_rep 1, it 300)
    pass y has x's shape
    pass block output matches the reference with n_rep 1 and the k = 300 down_proj (the GEMM's P = 3 ragged fold inside the composition, contract section 3)

  STATE (cached_tokens and the packed cache)
    pass cached_tokens after an L=4 prefill is 4
    pass [REPORT, not asserted] a carried-state prefill == the stateless prefill (the discarded cache is not an input): same
    pass keys() hands back the packed used region's shape
    pass values() hands back the packed used region's shape
    pass the key cache is nonzero after a prefill (the state really came back)

  DECODE (bitwise reported; deterministic tier)
    pass [REPORT, not asserted] step token 0 == prefill token 0: same
    pass [REPORT, not asserted] step token 1 == prefill token 1: same
    pass [REPORT, not asserted] step token 2 == prefill token 2: same
    pass [REPORT, not asserted] step token 3 == prefill token 3: MOVED
    pass cached_tokens after 4 steps is 4
    pass [REPORT, not asserted] the packed key cache after 4 steps == the prefill's: same
    pass [REPORT, not asserted] the packed value cache after 4 steps == the prefill's: same

  RESUMPTION (bitwise reported; deterministic tier)
    pass cached_tokens after L-1 tokens is L-1
    pass [REPORT, not asserted] the L-1 prefill's rows == the whole prefill's first L-1 rows (prefix property): same
    pass cached_tokens after the step is L
    pass [REPORT, not asserted] one decode step after L-1 == prefill token L-1 (contract 7.2: one spelling serves both paths): MOVED
    pass [REPORT, not asserted] split == whole: the packed key cache: same
    pass [REPORT, not asserted] split == whole: the packed value cache: same

  DETERMINISM (repeat call bitwise ASSERTED)
    pass the same fresh prefill through the binding twice is byte-identical

  MOJO REFUSALS (reached from Python, refused by name)
    pass a step past max_tokens is refused IN MOJO by name (the cache would grow past its capacity)
    pass max_tokens past 8192 is refused IN MOJO by name (DEVIATION 812's absolute-position ceiling)
    pass cached_tokens outside [0, max_tokens] is refused BY NAME at the binding boundary (DEVIATION 795(iv): the two sides disagree about the state)
    pass a NaN in x is refused IN MOJO under the upstream name (llama_refuse_bad_call; payloads are vendor-shaped)
    pass an odd head_dim is refused IN MOJO by name (RoPE pairs halves; LlamaDims.validate)

  CORPUS DEBT (transformer/corpus)
    pass transformer/corpus found walking up from this file
    pass [OWED, recorded debt -- no comparison ran] corpus tolerance arm: transformer/corpus holds a generator and no case data (the lane's phase 7 row: gen_corpus.py has never been executed). The float64 reference above is this file's own transcription, not an independent artifact. This row FAILS once case data appears, until the ref64 arm is wired

  44 checks, 0 failed

test_transformer_surface: the deterministic arms passed. The contract
reference (both configs), the shapes, the cache bookkeeping
and every refusal hold.
THE CROSS-PATH BITWISE ARMS WERE REPORTED (repeat-run asserted): fast promises
speed only (the lane's clause (d) fails under FAST by
construction) and deterministic promises repeat-run bits
only. Re-run under MOJOLEARN_NUMERIC_MODE=identical for the
fully asserted form.
