6584 external/tcmalloc+/tcmalloc/internal/system_allocator.h:713] Warning: Unable to mbind memory (errno=1, base=0x3b2c80000000, nodemask=2)
6584 external/tcmalloc+/tcmalloc/internal/system_allocator.h:713] Warning: Unable to mbind memory (errno=1, base=0x104540000000, nodemask=1)
{"event": "setup", "schema": "mojolearn.lm-step-memory-probe.v3", "shape": {"batch": 1, "length": 2048, "d_model": 768, "n_heads": 12, "n_kv": 12, "head_dim": 64, "intermediate": 2048, "n_layers": 12, "vocab_size": 50257}, "profile": "mojolearn.byte-lm.b1-l2048-d768-h12-kv12-hd64-ff2048-v50257-blocks12.fp32.v3", "parameters": 162147840, "n_tensors": 110, "tokens_per_step": 2048, "seed": 93261, "budget_seconds": 300.0, "resident": true, "step_result": "lean", "witness_every_step": false, "witness_source": "export_gradients(named=False) + export_state() once after the last untimed step", "corpus": {"path": "training/corpus/pile_github/input.txt", "sha256": "52a5b4c36ab9119c15505331c10e3b23690377d40fbac3e598c7fafe13a324df", "manifest_sha256": "e3f46ca3870913aabd179647f5ab7e66b829c30c3cbcbf4b2862e2790d94cda5", "bytes": 97124565, "source_url": "https://huggingface.co/datasets/monology/pile-uncopyrighted/resolve/3be90335b66f24456a5d6659d9c8d208c0357119/val.jsonl.zst", "schedule": "step k row b: bytes[(k*batch*length + b*length) % (bytes - length - 1) : +length+1] as int32; targets shifted one byte"}, "attention_arm": "stash_tiled_fgrid_r32_qres_pf_estash_dres_kvgrid_r32", "attention_arm_source": "binding", "attention_arm_requested": null, "attention_arm_default": "stash_tiled_fgrid_r32_qres_pf_estash_dres_kvgrid_r32", "attention_arm_is_default": true, "attention_arm_resolved_hd64": "stash_tiled_fgrid_r32_qres_pf_estash_dres_kvgrid_r32", "attention_arm_trial_build": false, "gemm_arm": "shipped", "gemm_plan": "shipped: default=ksplit(S=132) else tuned128", "step_glue_arm": "optskip_noshadow_rows16", "step_glue_arm_requested": null, "step_glue_trial_build": false, "gemm_arm_requested": "shipped", "attention_path_requested": null, "numeric_mode_env": "identical", "runtime": {"binding_file": "/root/mojolearn/python/mojolearn/identical/_mojolearn_byte_lm.so", "binding_sha256": "6e55b88281a5213aca0bc4a4b0d4661a7f218e1ba952e5a080e348e48d301657", "native_attention_arm": {"arm": "stash_tiled_fgrid_r32_qres_pf_estash_dres_kvgrid_r32", "default": "stash_tiled_fgrid_r32_qres_pf_estash_dres_kvgrid_r32", "resolved_hd64": "stash_tiled_fgrid_r32_qres_pf_estash_dres_kvgrid_r32", "trial_build": false}, "native_numeric_mode": 1, "native_profile": "mojolearn.byte-lm.b2-l32-d32-h4-kv2-ff64-v256-blocks2.fp32.v1", "native_step_glue_arm": {"arm": "optskip_noshadow_rows16", "trial_build": false}, "native_vendor": "cuda", "source_scope": "available direct source files; binding SHA identifies the compiled artifact", "source_sha256": {"bindings/_mojolearn_byte_lm.mojo": "edffadedbeb8da29f0ed1de417934c49a8a00187ab4b77fa61e2e270ef23cbaf", "loaded_python_wrapper": "0ae6ca9951cc24c4510d38acf69ea127a4c2231d8ee923d6407ded3f5a50dc0a", "python/mojolearn/_byte_lm_config.py": "440ca11e33cfed741c8a812a8dac74ad4e938ab8e16f84ed2af5b61d3fbe56b8", "python/mojolearn/_byte_lm_impl.py": "0ae6ca9951cc24c4510d38acf69ea127a4c2231d8ee923d6407ded3f5a50dc0a", "python/mojolearn/language_model.py": "4e84ad0955cfc7b7dc0c884d1abcae7f59943d93bee337ac4a16b92be9718925", "training/byte_lm.mojo": "3ccdfcf6424fd0fba562e6e60b685dcce282dcb319e7867c826f391d102abd6f", "training/byte_lm_config.mojo": "bc5c9a9502793359fbbdd50c94e02b7bcd3f5c4295e1c35871efc774524a69b1"}, "schema": "small-byte-lm.run-metadata.v1", "qualification": "authored/unqualified", "profile": "mojolearn.byte-lm.b1-l2048-d768-h12-kv12-hd64-ff2048-v50257-blocks12.fp32.v3", "device_state_lifetime": "resident", "step_result": "lean", "last_export_step": 0, "config": {"lr": 0.0010000000474974513, "beta1": 0.8999999761581421, "beta2": 0.9990000128746033, "eps": 9.99999993922529e-09, "weight_decay": 0.009999999776482582, "kind": 2, "momentum": 0.0, "dampening": 0.0, "nesterov": false, "max_norm": 0.0}, "data_schedule": {"batches": "pinned corpus 52a5b4c36ab9119c15505331c10e3b23690377d40fbac3e598c7fafe13a324df", "fixture": "lm step memory probe", "seed": 93261}, "completed_steps": 0, "next_batch_index": 0}, "initial_parameters_sha256": "0e36d8d036d8c4cf9704babd096061006e48071187c793c6ee471e05b449572e", "host_before_first_call": {"vm_rss_bytes": 2747920384, "vm_hwm_bytes": 3389698048, "ru_maxrss_bytes": 3389698048, "boundary": "process host memory (Python + native + pinned staging); not device memory"}, "device_tool": "nvidia-smi", "qualification": "complete-step probe at the named shape; not an opponent ratio, not a default gate", "t": 1789312813.7204502}
{"event": "step_start", "step": 1, "first_call_includes_setup": true, "ids_sha256": "7626015c8a8cb90b13e0d44eff53262a36025184a4adfb88591a93ba18857518", "t": 1789312813.7214432}
6584 external/tcmalloc+/tcmalloc/internal/system_allocator.h:713] Warning: Unable to mbind memory (errno=1, base=0x104580000000, nodemask=1)
6584 external/tcmalloc+/tcmalloc/internal/system_allocator.h:713] Warning: Unable to mbind memory (errno=1, base=0x1045c0000000, nodemask=1)
{"event": "step_end", "step": 1, "seconds": 13.74785840883851, "tokens_per_second": 148.96865672426034, "first_call_includes_setup": true, "timing_boundary": "public train_step call; native binding synchronizes the context before publishing outputs; includes host readbacks, validation and gradient copies", "step_result": "lean", "witnessed": false, "witness_export_seconds": null, "loss": 11.12025260925293, "sha256": {"loss": "fb1bfea4e8daa3b31227ff49a404e36a58fe27b98856af4d27a24872b0e9abf2"}, "completed_steps": 1, "host": {"vm_rss_bytes": 2362286080, "vm_hwm_bytes": 8180215808, "ru_maxrss_bytes": 8180215808, "boundary": "process host memory (Python + native + pinned staging); not device memory"}, "device": {"tool": "nvidia-smi", "peak_process_bytes": "unavailable", "peak_device_bytes": 14553186304, "device_total_bytes": 85520809984, "sample_interval_seconds": 0.2, "samples_total": 36, "errors_total": 0, "boundary": "vendor tool polled at the interval; peaks shorter than one interval are missed; device-wide used memory includes other processes; torch.cuda allocator statistics do not cover Mojo allocations and are not used"}, "t": 1789312827.469753}
{"event": "final_witness", "step": 1, "completed_steps": 1, "sha256": {"gradients": "85d053a482668fd958df0e32325fc47f9ba10ec630ff63557c7b79c5bd85b0e3", "parameters": "1b32246046a72ada00e3c8ec04d079beb629d8e314f860bc7106d42c5996a8ca", "m": "8dbf0dfcb08f29687241a6586a7ef8224fde5877a7aeb490b9701d24d5812524", "v": "227d2c36dbd16e9acf0556ec491d8b6431a8e4cc5b235b8d81011996a9bc05be", "flags": "360d579dbd14759b41afdf7fb5e80c0101e15150ae401d59f92a1e32d129f7cb"}, "export_seconds": 13.97942292317748, "source": "export_gradients(named=False) + export_state() once after the last untimed step", "t": 1789312841.4494698}
{"event": "component_timing_step_start", "timing_step": 1, "note": "MOJOLEARN_TRANSFORMER_TIMING=1; not a timing sample", "t": 1789312841.4502003}
timing step.py_tokens 0.33616647124290466 ms
timing step.py_tokens_bytes 8196 bytes
timing step.bind_scalar_admission 0.007207 ms
timing step.upload_inputs 0.182688 ms
timing step.upload_inputs_bytes 16384 bytes
timing step.unpack_weights 1.160701 ms
timing step.unpack_weights_bytes 648591360 bytes
timing step.embedding_forward 0.058283 ms
timing block.norm1 0.215257 ms
timing attn.qkv_proj 0.817377 ms
timing attn.rope_and_cache 0.134944 ms
timing attn.core 1.873709 ms
timing attn.o_proj 0.2761 ms
timing block.attention_total 3.109238 ms
timing block.mlp_and_residuals 1.939499 ms
timing block.norm1 0.182496 ms
timing attn.qkv_proj 0.806655 ms
timing attn.rope_and_cache 0.106898 ms
timing attn.core 1.874535 ms
timing attn.o_proj 0.276006 ms
timing block.attention_total 3.069246 ms
timing block.mlp_and_residuals 1.916005 ms
timing block.norm1 0.183709 ms
timing attn.qkv_proj 0.80395 ms
timing attn.rope_and_cache 0.106785 ms
timing attn.core 1.871956 ms
timing attn.o_proj 0.276183 ms
timing block.attention_total 3.064423 ms
timing block.mlp_and_residuals 1.907705 ms
timing block.norm1 0.183896 ms
timing attn.qkv_proj 0.811512 ms
timing attn.rope_and_cache 0.107952 ms
timing attn.core 1.85264 ms
timing attn.o_proj 0.275578 ms
timing block.attention_total 3.063712 ms
timing block.mlp_and_residuals 1.907669 ms
timing block.norm1 0.181512 ms
timing attn.qkv_proj 0.802818 ms
timing attn.rope_and_cache 0.109957 ms
timing attn.core 1.872932 ms
timing attn.o_proj 0.274801 ms
timing block.attention_total 3.065223 ms
timing block.mlp_and_residuals 1.908325 ms
timing block.norm1 0.181988 ms
timing attn.qkv_proj 0.80296 ms
timing attn.rope_and_cache 0.106125 ms
timing attn.core 1.837252 ms
timing attn.o_proj 0.276036 ms
timing block.attention_total 3.027314 ms
timing block.mlp_and_residuals 1.912652 ms
timing block.norm1 0.18381 ms
timing attn.qkv_proj 0.802964 ms
timing attn.rope_and_cache 0.110292 ms
timing attn.core 1.859805 ms
timing attn.o_proj 0.275939 ms
timing block.attention_total 3.053835 ms
timing block.mlp_and_residuals 1.907192 ms
timing block.norm1 0.18011 ms
timing attn.qkv_proj 0.804397 ms
timing attn.rope_and_cache 0.106531 ms
timing attn.core 1.819766 ms
timing attn.o_proj 0.275761 ms
timing block.attention_total 3.011297 ms
timing block.mlp_and_residuals 1.910869 ms
timing block.norm1 0.18142 ms
timing attn.qkv_proj 0.803395 ms
timing attn.rope_and_cache 0.106971 ms
timing attn.core 1.847563 ms
timing attn.o_proj 0.275849 ms
timing block.attention_total 3.038644 ms
timing block.mlp_and_residuals 1.912173 ms
timing block.norm1 0.182696 ms
timing attn.qkv_proj 0.801795 ms
timing attn.rope_and_cache 0.105934 ms
timing attn.core 1.848505 ms
timing attn.o_proj 0.275116 ms
timing block.attention_total 3.0361 ms
timing block.mlp_and_residuals 1.908245 ms
timing block.norm1 0.183578 ms
timing attn.qkv_proj 0.806218 ms
timing attn.rope_and_cache 0.111906 ms
timing attn.core 1.887005 ms
timing attn.o_proj 0.275309 ms
timing block.attention_total 3.086292 ms
timing block.mlp_and_residuals 1.909007 ms
timing block.norm1 0.180967 ms
timing attn.qkv_proj 0.804609 ms
timing attn.rope_and_cache 0.107334 ms
timing attn.core 1.881904 ms
timing attn.o_proj 0.276063 ms
timing block.attention_total 3.074788 ms
timing block.mlp_and_residuals 1.909176 ms
timing envelope.blocks_forward 61.932976 ms
timing step.head_forward 13.799655 ms
timing step.ce_refuse_scan 0.380292 ms
timing step.ce_refuse_scan_bytes 411705344 bytes
timing step.ce_refuse_scan_download_bytes 8192 bytes
timing step.ce_forward 1.700759 ms
timing step.loss_download 0.019833 ms
timing step.loss_download_bytes 4 bytes
timing step.ce_backward 0.9812 ms
timing step.head_backward_da 14.285616 ms
timing step.head_backward_db 13.934755 ms
timing bwd.before_attention 0.003047 ms
timing bwd.attention 3.330548 ms
timing bwd.after_attention 1.903936 ms
timing bwd.before_attention 0.003033 ms
timing bwd.attention 3.325977 ms
timing bwd.after_attention 1.892151 ms
timing bwd.before_attention 0.00303 ms
timing bwd.attention 3.276615 ms
timing bwd.after_attention 1.886594 ms
timing bwd.before_attention 0.003058 ms
timing bwd.attention 3.254117 ms
timing bwd.after_attention 1.879291 ms
timing bwd.before_attention 0.003051 ms
timing bwd.attention 3.305175 ms
timing bwd.after_attention 1.879323 ms
timing bwd.before_attention 0.003147 ms
timing bwd.attention 3.277869 ms
timing bwd.after_attention 1.880282 ms
timing bwd.before_attention 0.003062 ms
timing bwd.attention 3.304056 ms
timing bwd.after_attention 1.879662 ms
timing bwd.before_attention 0.003031 ms
timing bwd.attention 3.281422 ms
timing bwd.after_attention 1.877775 ms
timing bwd.before_attention 0.00307 ms
timing bwd.attention 3.231959 ms
timing bwd.after_attention 1.88171 ms
timing bwd.before_attention 0.003047 ms
timing bwd.attention 3.225179 ms
timing bwd.after_attention 1.881039 ms
timing bwd.before_attention 0.003046 ms
timing bwd.attention 3.301122 ms
timing bwd.after_attention 1.880639 ms
timing bwd.before_attention 0.00304 ms
timing bwd.attention 3.27432 ms
timing bwd.after_attention 1.88218 ms
timing envelope.blocks_backward 114.380254 ms
timing step.embedding_backward 2.516989 ms
timing step.pack_grads 1.115437 ms
timing step.pack_grads_bytes 648591360 bytes
timing step.validate_grads_scan 0.556321 ms
timing step.validate_grads_scan_bytes 648591360 bytes
timing step.optimizer 1.720405 ms
timing step.validate_after_scan 2.126157 ms
timing step.validate_after_scan_bytes 2594365440 bytes
timing step.bind_final_sync 0.001983 ms
timing step.bind_publish 0.003819 ms
timing step.bind_publish_bytes 444 bytes
timing envelope.native_call 231.33558221161366 ms
timing step.py_flags 0.12364797294139862 ms
timing step.py_flags_bytes 440 bytes
{"event": "component_timing_step_end", "timing_step": 1, "seconds": 0.23200601898133755, "loss": 8.354198455810547, "t": 1789312841.6822755}
