started=2026-09-11T16:34:52Z leg=istella commit= gpu_archs= target_column=
pixi_install=0 16:34:52
venv_uv=0 16:34:55
venv_via=uv CPython 3.12 (this runtime's python3 is '3.10')
pip_base=0 16:35:15
xgb_rocm_index=https://pypi.amd.com/rocm-6.4.4/simple (rocm major '6')
pip_amd_xgboost=1 16:35:16
xgb_rocm_works=NO (install failed)
pip_xgboost_cpu=0 16:35:24
build_base=0 16:35:29
lightgbm_opencl_works=SKIPPED (MOJOLEARN_TREES_HA_LGBM_OPENCL=0: the one OpenCL attempt ran on the other leg)
build_gbdt=0 16:36:29
build_rf=0 16:36:51
build_trees=0 16:37:12
build_fast_gbdt=0 16:38:24
build_fast_rf=0 16:38:44
build_fast_trees=0 16:39:06
istella_fetch=ok, sha256 matches the Mac 16:40:34
decode_istella=0 16:43:16
MOJO_PYTHON_LIBRARY=/root/.local/share/uv/python/cpython-3.12.14-linux-x86_64-gnu/lib/libpython3.12.so.1.0
import_identical=0 16:43:16
import_fast=0 16:43:16
setup_finished=2026-09-11T16:43:16Z
arms: xgboost=xgboost-cpu lightgbm=lightgbm-cpu lightgbm_params=min_child_weight=1e-3 python=/root/venv-gpu/bin/python
speed baseline rf istella 1000000 rounds=5 mode=full extra='--devices cpu,gpu,opencl --arms sklearn-rf-cpu --opponents-first' 16:43:17
speed_exit baseline.rf.istella.r1000000.full=0 16:47:31
FSPEED-REFUSED lane=rf arm=cuml-rf-gpu reason=ModuleNotFoundError: No module named 'cuml'
FSPEED-HEADER family=forest lane=rf arm=ours mode=IDENTICAL device=AMD_Instinct_MI300X rounds=5 size=shipped
FSPEED-HEADER family=forest lane=rf arm=sklearn-rf-cpu mode=IDENTICAL device=AMD_Instinct_MI300X rounds=5 size=shipped
FSPEED lane=rf arm=ours shape=istella-1000000x220 round=1 ms=2457.827 hash=574b24d0d7af51d0
FSPEED lane=rf arm=sklearn-rf-cpu shape=istella-1000000x220 round=1 ms=21261.723 hash=d5d0a7503b61efc0
FSPEED lane=rf arm=ours shape=istella-1000000x220 round=2 ms=2359.790 hash=574b24d0d7af51d0
FSPEED lane=rf arm=sklearn-rf-cpu shape=istella-1000000x220 round=2 ms=21217.004 hash=07b1bc3a234c9e69
FSPEED lane=rf arm=ours shape=istella-1000000x220 round=3 ms=2363.483 hash=574b24d0d7af51d0
FSPEED lane=rf arm=sklearn-rf-cpu shape=istella-1000000x220 round=3 ms=21215.811 hash=b077c1d1a0bbac53
FSPEED lane=rf arm=ours shape=istella-1000000x220 round=4 ms=2350.541 hash=574b24d0d7af51d0
FSPEED lane=rf arm=sklearn-rf-cpu shape=istella-1000000x220 round=4 ms=20864.250 hash=bbcde3a722c8679c
FSPEED lane=rf arm=ours shape=istella-1000000x220 round=5 ms=2343.345 hash=574b24d0d7af51d0
FSPEED lane=rf arm=sklearn-rf-cpu shape=istella-1000000x220 round=5 ms=21759.489 hash=3393762235bd17e8
FSPEED-ACC lane=rf arm=ours metric=logloss value=0.145560
FSPEED-ACC lane=rf arm=ours metric=auc value=0.964538
FSPEED-ACC lane=rf arm=sklearn-rf-cpu metric=logloss value=0.146188
FSPEED-ACC lane=rf arm=sklearn-rf-cpu metric=auc value=0.964092
speed baseline et istella 1000000 rounds=5 mode=full extra='--devices cpu,gpu,opencl --arms sklearn-et-cpu --opponents-first' 16:47:31
speed_exit baseline.et.istella.r1000000.full=0 16:51:38
FSPEED-REFUSED lane=et arm=cuml-et-gpu reason=ModuleNotFoundError: No module named 'cuml'
FSPEED-HEADER family=forest lane=et arm=ours mode=IDENTICAL device=AMD_Instinct_MI300X rounds=5 size=shipped
FSPEED-HEADER family=forest lane=et arm=sklearn-et-cpu mode=IDENTICAL device=AMD_Instinct_MI300X rounds=5 size=shipped
FSPEED lane=et arm=ours shape=istella-1000000x220 round=1 ms=15459.514 hash=40b1c5b03ba40420
FSPEED lane=et arm=sklearn-et-cpu shape=istella-1000000x220 round=1 ms=14194.833 hash=6ece2c9624341a31
FSPEED lane=et arm=ours shape=istella-1000000x220 round=2 ms=15457.000 hash=40b1c5b03ba40420
FSPEED lane=et arm=sklearn-et-cpu shape=istella-1000000x220 round=2 ms=15481.752 hash=23c4f9ddce7c90a3
FSPEED lane=et arm=ours shape=istella-1000000x220 round=3 ms=15454.476 hash=40b1c5b03ba40420
FSPEED lane=et arm=sklearn-et-cpu shape=istella-1000000x220 round=3 ms=13821.540 hash=c759a3528f92e1f7
FSPEED lane=et arm=ours shape=istella-1000000x220 round=4 ms=15457.702 hash=40b1c5b03ba40420
FSPEED lane=et arm=sklearn-et-cpu shape=istella-1000000x220 round=4 ms=13802.355 hash=d69e00e275924f6d
FSPEED lane=et arm=ours shape=istella-1000000x220 round=5 ms=15435.183 hash=40b1c5b03ba40420
FSPEED lane=et arm=sklearn-et-cpu shape=istella-1000000x220 round=5 ms=14306.852 hash=6ab46badb0939eb4
FSPEED-ACC lane=et arm=ours metric=logloss value=0.188191
FSPEED-ACC lane=et arm=ours metric=auc value=0.938768
FSPEED-ACC lane=et arm=sklearn-et-cpu metric=logloss value=0.187901
FSPEED-ACC lane=et arm=sklearn-et-cpu metric=auc value=0.939528
PHASE_F1_DONE 16:51:38
speed baseline rf istella 2000000 rounds=5 mode=full extra='--devices cpu,gpu,opencl --arms sklearn-rf-cpu --opponents-first' 16:51:39
speed_exit baseline.rf.istella.r2000000.full=0 16:58:43
FSPEED-REFUSED lane=rf arm=cuml-rf-gpu reason=ModuleNotFoundError: No module named 'cuml'
FSPEED-HEADER family=forest lane=rf arm=ours mode=IDENTICAL device=AMD_Instinct_MI300X rounds=5 size=shipped
FSPEED-HEADER family=forest lane=rf arm=sklearn-rf-cpu mode=IDENTICAL device=AMD_Instinct_MI300X rounds=5 size=shipped
FSPEED lane=rf arm=ours shape=istella-2000000x220 round=1 ms=3862.446 hash=cc25cb08f8b5a813
FSPEED lane=rf arm=sklearn-rf-cpu shape=istella-2000000x220 round=1 ms=47085.468 hash=b502289c7eafd355
FSPEED lane=rf arm=ours shape=istella-2000000x220 round=2 ms=3837.850 hash=cc25cb08f8b5a813
FSPEED lane=rf arm=sklearn-rf-cpu shape=istella-2000000x220 round=2 ms=47920.554 hash=96d668b18016d6cb
FSPEED lane=rf arm=ours shape=istella-2000000x220 round=3 ms=3906.862 hash=cc25cb08f8b5a813
FSPEED lane=rf arm=sklearn-rf-cpu shape=istella-2000000x220 round=3 ms=46123.422 hash=dbb4c11a06722e91
FSPEED lane=rf arm=ours shape=istella-2000000x220 round=4 ms=3852.278 hash=cc25cb08f8b5a813
FSPEED lane=rf arm=sklearn-rf-cpu shape=istella-2000000x220 round=4 ms=46462.499 hash=8bbd8fe4f92fe735
FSPEED lane=rf arm=ours shape=istella-2000000x220 round=5 ms=3895.594 hash=cc25cb08f8b5a813
FSPEED lane=rf arm=sklearn-rf-cpu shape=istella-2000000x220 round=5 ms=47043.292 hash=a99154bda51324fb
FSPEED-ACC lane=rf arm=ours metric=logloss value=0.144845
FSPEED-ACC lane=rf arm=ours metric=auc value=0.964998
FSPEED-ACC lane=rf arm=sklearn-rf-cpu metric=logloss value=0.145257
FSPEED-ACC lane=rf arm=sklearn-rf-cpu metric=auc value=0.964663
PHASE_F2_DONE 16:58:43
speed baseline gbdt-symmetric istella 1000000 rounds=5 mode=full extra='--devices cpu,gpu,opencl --arms catboost-cpu --opponents-first' 16:58:44
speed_exit baseline.gbdt-symmetric.istella.r1000000.full=0 16:59:54
FSPEED-HEADER family=forest lane=gbdt-symmetric arm=ours mode=IDENTICAL device=AMD_Instinct_MI300X rounds=5 size=shipped
FSPEED-HEADER family=forest lane=gbdt-symmetric arm=catboost-cpu mode=IDENTICAL device=AMD_Instinct_MI300X rounds=5 size=shipped
FSPEED lane=gbdt-symmetric arm=ours shape=istella-1000000x220 round=1 ms=2382.236 hash=238d3abce0cabf43
FSPEED lane=gbdt-symmetric arm=catboost-cpu shape=istella-1000000x220 round=1 ms=6783.951 hash=649971705d63a83b
FSPEED lane=gbdt-symmetric arm=ours shape=istella-1000000x220 round=2 ms=2373.747 hash=238d3abce0cabf43
FSPEED lane=gbdt-symmetric arm=catboost-cpu shape=istella-1000000x220 round=2 ms=6974.379 hash=649971705d63a83b
FSPEED lane=gbdt-symmetric arm=ours shape=istella-1000000x220 round=3 ms=2381.900 hash=238d3abce0cabf43
FSPEED lane=gbdt-symmetric arm=catboost-cpu shape=istella-1000000x220 round=3 ms=7062.753 hash=649971705d63a83b
FSPEED lane=gbdt-symmetric arm=ours shape=istella-1000000x220 round=4 ms=2456.033 hash=238d3abce0cabf43
FSPEED lane=gbdt-symmetric arm=catboost-cpu shape=istella-1000000x220 round=4 ms=7145.265 hash=649971705d63a83b
FSPEED lane=gbdt-symmetric arm=ours shape=istella-1000000x220 round=5 ms=2358.545 hash=238d3abce0cabf43
FSPEED lane=gbdt-symmetric arm=catboost-cpu shape=istella-1000000x220 round=5 ms=7171.205 hash=649971705d63a83b
FSPEED-ACC lane=gbdt-symmetric arm=ours metric=logloss value=0.138653
FSPEED-ACC lane=gbdt-symmetric arm=ours metric=auc value=0.966990
FSPEED-ACC lane=gbdt-symmetric arm=catboost-cpu metric=logloss value=0.138897
FSPEED-ACC lane=gbdt-symmetric arm=catboost-cpu metric=auc value=0.966996
speed baseline gbdt-depthwise istella 1000000 rounds=5 mode=full extra='--devices cpu,gpu,opencl --arms catboost-cpu,xgboost-cpu --opponents-first' 16:59:55
speed_exit baseline.gbdt-depthwise.istella.r1000000.full=0 17:02:00
FSPEED-HEADER family=forest lane=gbdt-depthwise arm=ours mode=IDENTICAL device=AMD_Instinct_MI300X rounds=5 size=shipped
FSPEED-HEADER family=forest lane=gbdt-depthwise arm=catboost-cpu mode=IDENTICAL device=AMD_Instinct_MI300X rounds=5 size=shipped
FSPEED-HEADER family=forest lane=gbdt-depthwise arm=xgboost-cpu mode=IDENTICAL device=AMD_Instinct_MI300X rounds=5 size=shipped
FSPEED lane=gbdt-depthwise arm=ours shape=istella-1000000x220 round=1 ms=3034.477 hash=5d053cd086658072
FSPEED lane=gbdt-depthwise arm=catboost-cpu shape=istella-1000000x220 round=1 ms=9915.296 hash=0df4b2a25d5c9de2
FSPEED lane=gbdt-depthwise arm=xgboost-cpu shape=istella-1000000x220 round=1 ms=4414.900 hash=0d844a0ee7f63cb5
FSPEED lane=gbdt-depthwise arm=ours shape=istella-1000000x220 round=2 ms=2906.554 hash=5d053cd086658072
FSPEED lane=gbdt-depthwise arm=catboost-cpu shape=istella-1000000x220 round=2 ms=10250.404 hash=0df4b2a25d5c9de2
FSPEED lane=gbdt-depthwise arm=xgboost-cpu shape=istella-1000000x220 round=2 ms=4044.111 hash=0d844a0ee7f63cb5
FSPEED lane=gbdt-depthwise arm=ours shape=istella-1000000x220 round=3 ms=2924.156 hash=5d053cd086658072
FSPEED lane=gbdt-depthwise arm=catboost-cpu shape=istella-1000000x220 round=3 ms=10625.135 hash=0df4b2a25d5c9de2
FSPEED lane=gbdt-depthwise arm=xgboost-cpu shape=istella-1000000x220 round=3 ms=4928.669 hash=0d844a0ee7f63cb5
FSPEED lane=gbdt-depthwise arm=ours shape=istella-1000000x220 round=4 ms=3095.290 hash=5d053cd086658072
FSPEED lane=gbdt-depthwise arm=catboost-cpu shape=istella-1000000x220 round=4 ms=11055.835 hash=0df4b2a25d5c9de2
FSPEED lane=gbdt-depthwise arm=xgboost-cpu shape=istella-1000000x220 round=4 ms=4591.632 hash=0d844a0ee7f63cb5
FSPEED lane=gbdt-depthwise arm=ours shape=istella-1000000x220 round=5 ms=3067.248 hash=5d053cd086658072
FSPEED lane=gbdt-depthwise arm=catboost-cpu shape=istella-1000000x220 round=5 ms=11212.224 hash=0df4b2a25d5c9de2
FSPEED lane=gbdt-depthwise arm=xgboost-cpu shape=istella-1000000x220 round=5 ms=4706.276 hash=0d844a0ee7f63cb5
FSPEED-ACC lane=gbdt-depthwise arm=ours metric=logloss value=0.126517
FSPEED-ACC lane=gbdt-depthwise arm=ours metric=auc value=0.971896
FSPEED-ACC lane=gbdt-depthwise arm=catboost-cpu metric=logloss value=0.128097
FSPEED-ACC lane=gbdt-depthwise arm=catboost-cpu metric=auc value=0.971895
FSPEED-ACC lane=gbdt-depthwise arm=xgboost-cpu metric=logloss value=0.125270
FSPEED-ACC lane=gbdt-depthwise arm=xgboost-cpu metric=auc value=0.973728
speed baseline gbdt-lossguide istella 1000000 rounds=5 mode=full extra='--devices cpu,gpu,opencl --arms catboost-cpu,xgboost-cpu,lightgbm-cpu --opponents-first' 17:02:00
speed_exit baseline.gbdt-lossguide.istella.r1000000.full=0 17:05:27
FSPEED-HEADER family=forest lane=gbdt-lossguide arm=ours mode=IDENTICAL device=AMD_Instinct_MI300X rounds=5 size=shipped
FSPEED-HEADER family=forest lane=gbdt-lossguide arm=catboost-cpu mode=IDENTICAL device=AMD_Instinct_MI300X rounds=5 size=shipped
FSPEED-HEADER family=forest lane=gbdt-lossguide arm=xgboost-cpu mode=IDENTICAL device=AMD_Instinct_MI300X rounds=5 size=shipped
FSPEED-HEADER family=forest lane=gbdt-lossguide arm=lightgbm-cpu mode=IDENTICAL device=AMD_Instinct_MI300X rounds=5 size=shipped
FSPEED lane=gbdt-lossguide arm=ours shape=istella-1000000x220 round=1 ms=4305.052 hash=6182fd2bee4fb941
FSPEED lane=gbdt-lossguide arm=catboost-cpu shape=istella-1000000x220 round=1 ms=16046.745 hash=05ec5e14f256128f
FSPEED lane=gbdt-lossguide arm=xgboost-cpu shape=istella-1000000x220 round=1 ms=5530.355 hash=0d844a0ee7f63cb5
FSPEED lane=gbdt-lossguide arm=lightgbm-cpu shape=istella-1000000x220 round=1 ms=4686.642 hash=0f5ae6760b0b2482
FSPEED lane=gbdt-lossguide arm=ours shape=istella-1000000x220 round=2 ms=4380.325 hash=6182fd2bee4fb941
FSPEED lane=gbdt-lossguide arm=catboost-cpu shape=istella-1000000x220 round=2 ms=16124.883 hash=05ec5e14f256128f
FSPEED lane=gbdt-lossguide arm=xgboost-cpu shape=istella-1000000x220 round=2 ms=5675.649 hash=0d844a0ee7f63cb5
FSPEED lane=gbdt-lossguide arm=lightgbm-cpu shape=istella-1000000x220 round=2 ms=4317.802 hash=0f5ae6760b0b2482
FSPEED lane=gbdt-lossguide arm=ours shape=istella-1000000x220 round=3 ms=4278.829 hash=6182fd2bee4fb941
FSPEED lane=gbdt-lossguide arm=catboost-cpu shape=istella-1000000x220 round=3 ms=16340.627 hash=05ec5e14f256128f
FSPEED lane=gbdt-lossguide arm=xgboost-cpu shape=istella-1000000x220 round=3 ms=6133.332 hash=0d844a0ee7f63cb5
FSPEED lane=gbdt-lossguide arm=lightgbm-cpu shape=istella-1000000x220 round=3 ms=4775.656 hash=0f5ae6760b0b2482
FSPEED lane=gbdt-lossguide arm=ours shape=istella-1000000x220 round=4 ms=4303.603 hash=6182fd2bee4fb941
FSPEED lane=gbdt-lossguide arm=catboost-cpu shape=istella-1000000x220 round=4 ms=16190.104 hash=05ec5e14f256128f
FSPEED lane=gbdt-lossguide arm=xgboost-cpu shape=istella-1000000x220 round=4 ms=6402.836 hash=0d844a0ee7f63cb5
FSPEED lane=gbdt-lossguide arm=lightgbm-cpu shape=istella-1000000x220 round=4 ms=4587.279 hash=0f5ae6760b0b2482
FSPEED lane=gbdt-lossguide arm=ours shape=istella-1000000x220 round=5 ms=4261.995 hash=6182fd2bee4fb941
FSPEED lane=gbdt-lossguide arm=catboost-cpu shape=istella-1000000x220 round=5 ms=16764.305 hash=05ec5e14f256128f
FSPEED lane=gbdt-lossguide arm=xgboost-cpu shape=istella-1000000x220 round=5 ms=6731.302 hash=0d844a0ee7f63cb5
FSPEED lane=gbdt-lossguide arm=lightgbm-cpu shape=istella-1000000x220 round=5 ms=4749.583 hash=0f5ae6760b0b2482
FSPEED-ACC lane=gbdt-lossguide arm=ours metric=logloss value=0.122045
FSPEED-ACC lane=gbdt-lossguide arm=ours metric=auc value=0.975037
FSPEED-ACC lane=gbdt-lossguide arm=catboost-cpu metric=logloss value=0.127841
FSPEED-ACC lane=gbdt-lossguide arm=catboost-cpu metric=auc value=0.972012
FSPEED-ACC lane=gbdt-lossguide arm=xgboost-cpu metric=logloss value=0.125270
FSPEED-ACC lane=gbdt-lossguide arm=xgboost-cpu metric=auc value=0.973728
FSPEED-ACC lane=gbdt-lossguide arm=lightgbm-cpu metric=logloss value=0.125178
FSPEED-ACC lane=gbdt-lossguide arm=lightgbm-cpu metric=auc value=0.973695
PHASE_G_DONE 17:05:27
speed baseline rf istella 1000000 rounds=5 mode=ours extra='--devices cpu,gpu,opencl' 17:05:27
speed_exit baseline.rf.istella.r1000000.ours.fastab=0 17:09:13
FSPEED-HEADER family=forest lane=rf arm=ours mode=IDENTICAL device=AMD_Instinct_MI300X rounds=5 size=shipped
FSPEED-HEADER family=forest lane=rf arm=ours-ab mode=IDENTICAL device=AMD_Instinct_MI300X rounds=5 size=shipped
FSPEED lane=rf arm=ours shape=istella-1000000x220 round=1 ms=2548.219 hash=574b24d0d7af51d0
FSPEED lane=rf arm=ours-ab shape=istella-1000000x220 round=1 ms=2407.546 hash=fb659d3a82056bb6
FSPEED lane=rf arm=ours shape=istella-1000000x220 round=2 ms=2337.265 hash=574b24d0d7af51d0
FSPEED lane=rf arm=ours-ab shape=istella-1000000x220 round=2 ms=2399.498 hash=fb659d3a82056bb6
FSPEED lane=rf arm=ours shape=istella-1000000x220 round=3 ms=2345.664 hash=574b24d0d7af51d0
FSPEED lane=rf arm=ours-ab shape=istella-1000000x220 round=3 ms=2371.969 hash=fb659d3a82056bb6
FSPEED lane=rf arm=ours shape=istella-1000000x220 round=4 ms=2396.864 hash=574b24d0d7af51d0
FSPEED lane=rf arm=ours-ab shape=istella-1000000x220 round=4 ms=2402.496 hash=fb659d3a82056bb6
FSPEED lane=rf arm=ours shape=istella-1000000x220 round=5 ms=2403.373 hash=574b24d0d7af51d0
FSPEED lane=rf arm=ours-ab shape=istella-1000000x220 round=5 ms=2424.681 hash=fb659d3a82056bb6
FSPEED-ACC lane=rf arm=ours metric=logloss value=0.145560
FSPEED-ACC lane=rf arm=ours metric=auc value=0.964538
FSPEED-ACC lane=rf arm=ours-ab metric=logloss value=0.145536
FSPEED-ACC lane=rf arm=ours-ab metric=auc value=0.964539
speed baseline gbdt-symmetric istella 1000000 rounds=5 mode=ours extra='--devices cpu,gpu,opencl' 17:09:13
speed_exit baseline.gbdt-symmetric.istella.r1000000.ours.fastab=0 17:09:57
FSPEED-HEADER family=forest lane=gbdt-symmetric arm=ours mode=IDENTICAL device=AMD_Instinct_MI300X rounds=5 size=shipped
FSPEED-HEADER family=forest lane=gbdt-symmetric arm=ours-ab mode=IDENTICAL device=AMD_Instinct_MI300X rounds=5 size=shipped
FSPEED lane=gbdt-symmetric arm=ours shape=istella-1000000x220 round=1 ms=2070.327 hash=238d3abce0cabf43
FSPEED lane=gbdt-symmetric arm=ours-ab shape=istella-1000000x220 round=1 ms=2479.557 hash=1b52addbc61b3f30
FSPEED lane=gbdt-symmetric arm=ours shape=istella-1000000x220 round=2 ms=2135.137 hash=238d3abce0cabf43
FSPEED lane=gbdt-symmetric arm=ours-ab shape=istella-1000000x220 round=2 ms=1875.741 hash=1b52addbc61b3f30
FSPEED lane=gbdt-symmetric arm=ours shape=istella-1000000x220 round=3 ms=1947.727 hash=238d3abce0cabf43
FSPEED lane=gbdt-symmetric arm=ours-ab shape=istella-1000000x220 round=3 ms=2125.905 hash=1b52addbc61b3f30
FSPEED lane=gbdt-symmetric arm=ours shape=istella-1000000x220 round=4 ms=2045.349 hash=238d3abce0cabf43
FSPEED lane=gbdt-symmetric arm=ours-ab shape=istella-1000000x220 round=4 ms=1855.092 hash=1b52addbc61b3f30
FSPEED lane=gbdt-symmetric arm=ours shape=istella-1000000x220 round=5 ms=2055.051 hash=238d3abce0cabf43
FSPEED lane=gbdt-symmetric arm=ours-ab shape=istella-1000000x220 round=5 ms=1832.481 hash=1b52addbc61b3f30
FSPEED-ACC lane=gbdt-symmetric arm=ours metric=logloss value=0.138653
FSPEED-ACC lane=gbdt-symmetric arm=ours metric=auc value=0.966990
FSPEED-ACC lane=gbdt-symmetric arm=ours-ab metric=logloss value=0.138654
FSPEED-ACC lane=gbdt-symmetric arm=ours-ab metric=auc value=0.966990
speed baseline gbdt-depthwise istella 1000000 rounds=5 mode=ours extra='--devices cpu,gpu,opencl' 17:09:57
speed_exit baseline.gbdt-depthwise.istella.r1000000.ours.fastab=0 17:10:48
FSPEED-HEADER family=forest lane=gbdt-depthwise arm=ours mode=IDENTICAL device=AMD_Instinct_MI300X rounds=5 size=shipped
FSPEED-HEADER family=forest lane=gbdt-depthwise arm=ours-ab mode=IDENTICAL device=AMD_Instinct_MI300X rounds=5 size=shipped
FSPEED lane=gbdt-depthwise arm=ours shape=istella-1000000x220 round=1 ms=2910.015 hash=5d053cd086658072
FSPEED lane=gbdt-depthwise arm=ours-ab shape=istella-1000000x220 round=1 ms=2650.874 hash=d337edfdcc3c6733
FSPEED lane=gbdt-depthwise arm=ours shape=istella-1000000x220 round=2 ms=2677.620 hash=5d053cd086658072
FSPEED lane=gbdt-depthwise arm=ours-ab shape=istella-1000000x220 round=2 ms=2554.357 hash=d337edfdcc3c6733
FSPEED lane=gbdt-depthwise arm=ours shape=istella-1000000x220 round=3 ms=2763.970 hash=5d053cd086658072
FSPEED lane=gbdt-depthwise arm=ours-ab shape=istella-1000000x220 round=3 ms=2549.222 hash=d337edfdcc3c6733
FSPEED lane=gbdt-depthwise arm=ours shape=istella-1000000x220 round=4 ms=2642.193 hash=5d053cd086658072
FSPEED lane=gbdt-depthwise arm=ours-ab shape=istella-1000000x220 round=4 ms=2509.810 hash=329cfa1cd2112a92
FSPEED lane=gbdt-depthwise arm=ours shape=istella-1000000x220 round=5 ms=2582.875 hash=5d053cd086658072
FSPEED lane=gbdt-depthwise arm=ours-ab shape=istella-1000000x220 round=5 ms=2567.598 hash=d337edfdcc3c6733
FSPEED-ACC lane=gbdt-depthwise arm=ours metric=logloss value=0.126517
FSPEED-ACC lane=gbdt-depthwise arm=ours metric=auc value=0.971896
FSPEED-ACC lane=gbdt-depthwise arm=ours-ab metric=logloss value=0.126794
FSPEED-ACC lane=gbdt-depthwise arm=ours-ab metric=auc value=0.971819
speed baseline gbdt-lossguide istella 1000000 rounds=5 mode=ours extra='--devices cpu,gpu,opencl' 17:10:48
speed_exit baseline.gbdt-lossguide.istella.r1000000.ours.fastab=0 17:11:58
FSPEED-HEADER family=forest lane=gbdt-lossguide arm=ours mode=IDENTICAL device=AMD_Instinct_MI300X rounds=5 size=shipped
FSPEED-HEADER family=forest lane=gbdt-lossguide arm=ours-ab mode=IDENTICAL device=AMD_Instinct_MI300X rounds=5 size=shipped
FSPEED lane=gbdt-lossguide arm=ours shape=istella-1000000x220 round=1 ms=4368.371 hash=6182fd2bee4fb941
FSPEED lane=gbdt-lossguide arm=ours-ab shape=istella-1000000x220 round=1 ms=4315.183 hash=dc035f84130c7f65
FSPEED lane=gbdt-lossguide arm=ours shape=istella-1000000x220 round=2 ms=4196.282 hash=6182fd2bee4fb941
FSPEED lane=gbdt-lossguide arm=ours-ab shape=istella-1000000x220 round=2 ms=4429.747 hash=140267b305c31303
FSPEED lane=gbdt-lossguide arm=ours shape=istella-1000000x220 round=3 ms=3942.492 hash=6182fd2bee4fb941
FSPEED lane=gbdt-lossguide arm=ours-ab shape=istella-1000000x220 round=3 ms=4371.348 hash=140267b305c31303
FSPEED lane=gbdt-lossguide arm=ours shape=istella-1000000x220 round=4 ms=3894.381 hash=6182fd2bee4fb941
FSPEED lane=gbdt-lossguide arm=ours-ab shape=istella-1000000x220 round=4 ms=4382.752 hash=140267b305c31303
FSPEED lane=gbdt-lossguide arm=ours shape=istella-1000000x220 round=5 ms=3961.975 hash=6182fd2bee4fb941
FSPEED lane=gbdt-lossguide arm=ours-ab shape=istella-1000000x220 round=5 ms=4115.562 hash=140267b305c31303
FSPEED-ACC lane=gbdt-lossguide arm=ours metric=logloss value=0.122045
FSPEED-ACC lane=gbdt-lossguide arm=ours metric=auc value=0.975037
FSPEED-ACC lane=gbdt-lossguide arm=ours-ab metric=logloss value=0.121365
FSPEED-ACC lane=gbdt-lossguide arm=ours-ab metric=auc value=0.975368
speed baseline et istella 1000000 rounds=5 mode=ours extra='--devices cpu,gpu,opencl' 17:11:58
speed_exit baseline.et.istella.r1000000.ours.fastab=0 17:17:12
FSPEED-HEADER family=forest lane=et arm=ours mode=IDENTICAL device=AMD_Instinct_MI300X rounds=5 size=shipped
FSPEED-HEADER family=forest lane=et arm=ours-ab mode=IDENTICAL device=AMD_Instinct_MI300X rounds=5 size=shipped
FSPEED lane=et arm=ours shape=istella-1000000x220 round=1 ms=15628.896 hash=40b1c5b03ba40420
FSPEED lane=et arm=ours-ab shape=istella-1000000x220 round=1 ms=15536.237 hash=40b1c5b03ba40420
FSPEED lane=et arm=ours shape=istella-1000000x220 round=2 ms=15510.598 hash=40b1c5b03ba40420
FSPEED lane=et arm=ours-ab shape=istella-1000000x220 round=2 ms=15499.708 hash=40b1c5b03ba40420
FSPEED lane=et arm=ours shape=istella-1000000x220 round=3 ms=15476.128 hash=40b1c5b03ba40420
FSPEED lane=et arm=ours-ab shape=istella-1000000x220 round=3 ms=15463.277 hash=40b1c5b03ba40420
FSPEED lane=et arm=ours shape=istella-1000000x220 round=4 ms=15511.285 hash=40b1c5b03ba40420
FSPEED lane=et arm=ours-ab shape=istella-1000000x220 round=4 ms=15482.950 hash=40b1c5b03ba40420
FSPEED lane=et arm=ours shape=istella-1000000x220 round=5 ms=15467.837 hash=40b1c5b03ba40420
FSPEED lane=et arm=ours-ab shape=istella-1000000x220 round=5 ms=15472.198 hash=40b1c5b03ba40420
FSPEED-ACC lane=et arm=ours metric=logloss value=0.188191
FSPEED-ACC lane=et arm=ours metric=auc value=0.938768
FSPEED-ACC lane=et arm=ours-ab metric=logloss value=0.188191
FSPEED-ACC lane=et arm=ours-ab metric=auc value=0.938768
PHASE_FAST_DONE 17:17:12
body end 17:17:12
