stage walls of the last policy call (64.0 ms ticked):
  hblk.m3.chunk_attention         16.62 ms   26.0%
  hblk.m3.working_seq             12.10 ms   18.9%
  hblk.m3.in_proj                  7.00 ms   10.9%
  hblk.m3.kscale                   6.90 ms   10.8%
  hblk.m3.inter_chunk              6.60 ms   10.3%
  hblk.m3.decay                    2.94 ms    4.6%
  hblk.m3.out_proj                 2.88 ms    4.5%
  hblk.m3.rotation                 2.67 ms    4.2%
  hblk.m3.angle                    1.93 ms    3.0%
  hblk.m3.reports_buffer           1.07 ms    1.7%
  hblk.m3.qkdot                    0.82 ms    1.3%
  hblk.m3.a_dt                     0.71 ms    1.1%
  hblk.m3.bc_norm                  0.52 ms    0.8%
  hblk.m3.norm                     0.39 ms    0.6%
  hblk.m3.residual                 0.24 ms    0.4%
  hblk.m3.gamma_scale              0.20 ms    0.3%
  hblk.m3.adt_sigma                0.20 ms    0.3%
  hblk.m3.cumsum                   0.17 ms    0.3%
  hblk.m3.pending                  0.01 ms    0.0%
mamba3: one thread 286.2 ms, policy 92.8 ms, ratio 3.08x, 786432 floats, sha256 one 62e3661f915836ba policy 62e3661f915836ba
HOST_THREADS_AB PASS mamba3
