7826 external/tcmalloc+/tcmalloc/internal/system_allocator.h:713] Warning: Unable to mbind memory (errno=1, base=0x700f80000000, nodemask=1)
8005 external/tcmalloc+/tcmalloc/internal/system_allocator.h:713] Warning: Unable to mbind memory (errno=1, base=0x5bbe00000000, nodemask=2)
8186 external/tcmalloc+/tcmalloc/internal/system_allocator.h:713] Warning: Unable to mbind memory (errno=1, base=0x33b500000000, nodemask=1)
8367 external/tcmalloc+/tcmalloc/internal/system_allocator.h:713] Warning: Unable to mbind memory (errno=1, base=0x11ce00000000, nodemask=1)
8548 external/tcmalloc+/tcmalloc/internal/system_allocator.h:713] Warning: Unable to mbind memory (errno=1, base=0x511dc0000000, nodemask=1)
PASS 5 RBF([0.7, 1.0, 1.3])
8726 external/tcmalloc+/tcmalloc/internal/system_allocator.h:713] Warning: Unable to mbind memory (errno=1, base=0x3286c0000000, nodemask=1)
8907 external/tcmalloc+/tcmalloc/internal/system_allocator.h:713] Warning: Unable to mbind memory (errno=1, base=0x128380000000, nodemask=1)
9088 external/tcmalloc+/tcmalloc/internal/system_allocator.h:713] Warning: Unable to mbind memory (errno=1, base=0x701ac0000000, nodemask=1)
9269 external/tcmalloc+/tcmalloc/internal/system_allocator.h:713] Warning: Unable to mbind memory (errno=1, base=0x704e40000000, nodemask=1)
PASS 5 WhiteKernel(0.2)
9447 external/tcmalloc+/tcmalloc/internal/system_allocator.h:713] Warning: Unable to mbind memory (errno=1, base=0x7074c0000000, nodemask=1)
9628 external/tcmalloc+/tcmalloc/internal/system_allocator.h:713] Warning: Unable to mbind memory (errno=1, base=0x1131c0000000, nodemask=1)
9809 external/tcmalloc+/tcmalloc/internal/system_allocator.h:713] Warning: Unable to mbind memory (errno=1, base=0x703d40000000, nodemask=1)
9990 external/tcmalloc+/tcmalloc/internal/system_allocator.h:713] Warning: Unable to mbind memory (errno=1, base=0x31f280000000, nodemask=1)
PASS 5 ((ConstantKernel(0.8) * RBF([0.9])) + WhiteKernel(0.1))
10168 external/tcmalloc+/tcmalloc/internal/system_allocator.h:713] Warning: Unable to mbind memory (errno=1, base=0x32ba00000000, nodemask=1)
10349 external/tcmalloc+/tcmalloc/internal/system_allocator.h:713] Warning: Unable to mbind memory (errno=1, base=0x10aa40000000, nodemask=1)
10530 external/tcmalloc+/tcmalloc/internal/system_allocator.h:713] Warning: Unable to mbind memory (errno=1, base=0x309e40000000, nodemask=1)
10711 external/tcmalloc+/tcmalloc/internal/system_allocator.h:713] Warning: Unable to mbind memory (errno=1, base=0x70c240000000, nodemask=1)
PASS 5 (Matern([0.7, 1.0, 1.3], nu=0.5) + WhiteKernel(0.1))
10889 external/tcmalloc+/tcmalloc/internal/system_allocator.h:713] Warning: Unable to mbind memory (errno=1, base=0x12b900000000, nodemask=1)
10889 external/tcmalloc+/tcmalloc/internal/system_allocator.h:713] Warning: Unable to mbind memory (errno=1, base=0x5b7140000000, nodemask=2)
11070 external/tcmalloc+/tcmalloc/internal/system_allocator.h:713] Warning: Unable to mbind memory (errno=1, base=0x384480000000, nodemask=2)
11251 external/tcmalloc+/tcmalloc/internal/system_allocator.h:713] Warning: Unable to mbind memory (errno=1, base=0x113200000000, nodemask=1)
11432 external/tcmalloc+/tcmalloc/internal/system_allocator.h:713] Warning: Unable to mbind memory (errno=1, base=0x507d80000000, nodemask=1)
PASS 5 (Matern([0.7, 1.0, 1.3], nu=1.5) + WhiteKernel(0.1))
11610 external/tcmalloc+/tcmalloc/internal/system_allocator.h:713] Warning: Unable to mbind memory (errno=1, base=0x114ac0000000, nodemask=1)
11793 external/tcmalloc+/tcmalloc/internal/system_allocator.h:713] Warning: Unable to mbind memory (errno=1, base=0x310700000000, nodemask=1)
11974 external/tcmalloc+/tcmalloc/internal/system_allocator.h:713] Warning: Unable to mbind memory (errno=1, base=0x327500000000, nodemask=1)
12166 external/tcmalloc+/tcmalloc/internal/system_allocator.h:713] Warning: Unable to mbind memory (errno=1, base=0x5306c0000000, nodemask=1)
PASS 5 (Matern([0.7, 1.0, 1.3], nu=2.5) + WhiteKernel(0.1))
12344 external/tcmalloc+/tcmalloc/internal/system_allocator.h:713] Warning: Unable to mbind memory (errno=1, base=0x31ed00000000, nodemask=1)
12525 external/tcmalloc+/tcmalloc/internal/system_allocator.h:713] Warning: Unable to mbind memory (errno=1, base=0x322400000000, nodemask=1)
12706 external/tcmalloc+/tcmalloc/internal/system_allocator.h:713] Warning: Unable to mbind memory (errno=1, base=0x711840000000, nodemask=1)
12887 external/tcmalloc+/tcmalloc/internal/system_allocator.h:713] Warning: Unable to mbind memory (errno=1, base=0x527880000000, nodemask=1)
PASS 33 RBF([0.7, 1.0, 1.3])
13065 external/tcmalloc+/tcmalloc/internal/system_allocator.h:713] Warning: Unable to mbind memory (errno=1, base=0x30fa00000000, nodemask=1)
13246 external/tcmalloc+/tcmalloc/internal/system_allocator.h:713] Warning: Unable to mbind memory (errno=1, base=0x10afc0000000, nodemask=1)
13246 external/tcmalloc+/tcmalloc/internal/system_allocator.h:713] Warning: Unable to mbind memory (errno=1, base=0x5881c0000000, nodemask=2)
13427 external/tcmalloc+/tcmalloc/internal/system_allocator.h:713] Warning: Unable to mbind memory (errno=1, base=0x511840000000, nodemask=1)
13608 external/tcmalloc+/tcmalloc/internal/system_allocator.h:713] Warning: Unable to mbind memory (errno=1, base=0x11c140000000, nodemask=1)
PASS 33 WhiteKernel(0.2)
13786 external/tcmalloc+/tcmalloc/internal/system_allocator.h:713] Warning: Unable to mbind memory (errno=1, base=0x104d00000000, nodemask=1)
13967 external/tcmalloc+/tcmalloc/internal/system_allocator.h:713] Warning: Unable to mbind memory (errno=1, base=0x7179c0000000, nodemask=1)
14148 external/tcmalloc+/tcmalloc/internal/system_allocator.h:713] Warning: Unable to mbind memory (errno=1, base=0x105480000000, nodemask=1)
14329 external/tcmalloc+/tcmalloc/internal/system_allocator.h:713] Warning: Unable to mbind memory (errno=1, base=0x121840000000, nodemask=1)
PASS 33 ((ConstantKernel(0.8) * RBF([0.9])) + WhiteKernel(0.1))
14507 external/tcmalloc+/tcmalloc/internal/system_allocator.h:713] Warning: Unable to mbind memory (errno=1, base=0x30f180000000, nodemask=1)
14688 external/tcmalloc+/tcmalloc/internal/system_allocator.h:713] Warning: Unable to mbind memory (errno=1, base=0x30c3c0000000, nodemask=1)
14869 external/tcmalloc+/tcmalloc/internal/system_allocator.h:713] Warning: Unable to mbind memory (errno=1, base=0x31ab80000000, nodemask=1)
15050 external/tcmalloc+/tcmalloc/internal/system_allocator.h:713] Warning: Unable to mbind memory (errno=1, base=0x529a40000000, nodemask=1)
PASS 33 (Matern([0.7, 1.0, 1.3], nu=0.5) + WhiteKernel(0.1))
15228 external/tcmalloc+/tcmalloc/internal/system_allocator.h:713] Warning: Unable to mbind memory (errno=1, base=0x531780000000, nodemask=1)
15409 external/tcmalloc+/tcmalloc/internal/system_allocator.h:713] Warning: Unable to mbind memory (errno=1, base=0x10dfc0000000, nodemask=1)
15590 external/tcmalloc+/tcmalloc/internal/system_allocator.h:713] Warning: Unable to mbind memory (errno=1, base=0x50c4c0000000, nodemask=1)
15771 external/tcmalloc+/tcmalloc/internal/system_allocator.h:713] Warning: Unable to mbind memory (errno=1, base=0x310340000000, nodemask=1)
PASS 33 (Matern([0.7, 1.0, 1.3], nu=1.5) + WhiteKernel(0.1))
7826 external/tcmalloc+/tcmalloc/internal/system_allocator.h:713] Warning: Unable to mbind memory (errno=1, base=0x58e540000000, nodemask=2)
15949 external/tcmalloc+/tcmalloc/internal/system_allocator.h:713] Warning: Unable to mbind memory (errno=1, base=0x716200000000, nodemask=1)
16130 external/tcmalloc+/tcmalloc/internal/system_allocator.h:713] Warning: Unable to mbind memory (errno=1, base=0x310600000000, nodemask=1)
16311 external/tcmalloc+/tcmalloc/internal/system_allocator.h:713] Warning: Unable to mbind memory (errno=1, base=0x508a00000000, nodemask=1)
16492 external/tcmalloc+/tcmalloc/internal/system_allocator.h:713] Warning: Unable to mbind memory (errno=1, base=0x72d0c0000000, nodemask=1)
PASS 33 (Matern([0.7, 1.0, 1.3], nu=2.5) + WhiteKernel(0.1))
