stage walls of the last policy call (23.6 ms ticked):
  hblk.m3.inter_chunk              5.07 ms   21.4%
  hblk.m3.chunk_attention          3.64 ms   15.4%
  hblk.m3.in_proj                  2.93 ms   12.4%
  hblk.m3.rotation                 2.89 ms   12.2%
  hblk.m3.out_proj                 1.68 ms    7.1%
  hblk.m3.reports_buffer           1.41 ms    5.9%
  hblk.m3.working_seq              1.32 ms    5.6%
  hblk.m3.kscale                   1.11 ms    4.7%
  hblk.m3.qkdot                    0.72 ms    3.1%
  hblk.m3.angle                    0.58 ms    2.5%
  hblk.m3.decay                    0.55 ms    2.3%
  hblk.m3.bc_norm                  0.41 ms    1.7%
  hblk.m3.residual                 0.38 ms    1.6%
  hblk.m3.gamma_scale              0.32 ms    1.3%
  hblk.m3.a_dt                     0.32 ms    1.3%
  hblk.m3.norm                     0.16 ms    0.7%
  hblk.m3.adt_sigma                0.11 ms    0.5%
  hblk.m3.cumsum                   0.05 ms    0.2%
  hblk.m3.pending                  0.00 ms    0.0%
mamba3: one thread 197.3 ms, policy 23.3 ms, ratio 8.46x, 786432 floats, sha256 one 62e3661f915836ba policy 62e3661f915836ba
HOST_THREADS_AB PASS mamba3
