stage walls of the last policy call (8.0 ms ticked):
  hblk.m3.in_proj                  1.96 ms   24.5%
  hblk.m3.chunk_attention          1.01 ms   12.7%
  hblk.m3.inter_chunk              1.00 ms   12.5%
  hblk.m3.rotation                 0.93 ms   11.7%
  hblk.m3.out_proj                 0.63 ms    7.9%
  hblk.m3.kscale                   0.40 ms    5.1%
  hblk.m3.qkdot                    0.35 ms    4.4%
  hblk.m3.reports_buffer           0.34 ms    4.3%
  hblk.m3.working_seq              0.28 ms    3.5%
  hblk.m3.gamma_scale              0.25 ms    3.2%
  hblk.m3.a_dt                     0.21 ms    2.7%
  hblk.m3.angle                    0.17 ms    2.2%
  hblk.m3.decay                    0.11 ms    1.4%
  hblk.m3.bc_norm                  0.10 ms    1.3%
  hblk.m3.norm                     0.09 ms    1.2%
  hblk.m3.adt_sigma                0.07 ms    0.8%
  hblk.m3.residual                 0.04 ms    0.5%
  hblk.m3.cumsum                   0.02 ms    0.2%
  hblk.m3.pending                  0.00 ms    0.1%
mamba3: one thread 50.1 ms, policy 9.9 ms, ratio 5.07x, 196608 floats, sha256 one 94bd23787c50a4da policy 94bd23787c50a4da
HOST_THREADS_AB PASS mamba3
