
=== 2026-09-29T16:22:06Z /root/bench-board-cache-clean/venv/bin/python -u /root/mojolearn-bench-board-l40s/tools/classical_two_datasets.py race --lane pca --dataset taxi --data /root/bench-board-cache-clean/ctd-data/rows-full --out /root/bench-board/2026-09-29_nvidia/raw/classical/rows-full --work /root/bench-board/2026-09-29_nvidia/work --root /root/mojolearn-bench-board-l40s --arms ours,cuml-gpu,torch-gpu --rounds 1 --round-seconds 900 --warmup-seconds 900 --ours-python /root/bench-board-cache-clean/venv/bin/python --theirs-python /root/bench-board-cache-clean/venv/bin/python --infer
CTD-SETTINGS lane=pca dataset=taxi n_components=10 (the cuML benchmark's PCA), whiten=False, random_state=7; ours and scikit-learn svd_solver='covariance_eigh'
CTD-MISMATCH lane=pca dataset=taxi svd_solver: cuML has no 'covariance_eigh'; cuml-gpu runs svd_solver='full'
CTD-MISMATCH lane=pca dataset=taxi torch-gpu: no estimator; covariance eigh written out, torch.manual_seed(7) (it draws nothing)
CTD-MISMATCH lane=pca dataset=taxi random_state is read by none of the covariance solvers; set to 7 on every arm
BOARD-PARAMS {"arms": {"cuml-gpu": {"library": "cuml", "params": {"n_components": 10, "seed": "none (deterministic)", "svd_solver": "full", "tol": 1e-07, "whiten": false}, "source": "get_params"}, "ours": {"library": "mojolearn", "params": {"n_components": 10, "seed": 7, "svd_solver": "covariance_eigh", "tol": 0.0, "whiten": false}, "source": "get_params"}, "torch-gpu": {"library": "torch", "params": {"n_components": 10, "seed": 7, "svd_solver": "covariance_eigh", "whiten": false}, "source": "declared"}}, "compared": [{"arm": "cuml-gpu", "ours": 10, "param": "n_components", "same": true, "theirs": 10}, {"arm": "cuml-gpu", "ours": "covariance_eigh", "param": "svd_solver", "same": false, "theirs": "full"}, {"arm": "cuml-gpu", "ours": 0.0, "param": "tol", "same": false, "theirs": 1e-07}, {"arm": "cuml-gpu", "ours": false, "param": "whiten", "same": true, "theirs": false}, {"arm": "torch-gpu", "ours": 10, "param": "n_components", "same": true, "theirs": 10}, {"arm": "torch-gpu", "ours": "covariance_eigh", "param": "svd_solver", "same": true, "theirs": "covariance_eigh"}, {"arm": "torch-gpu", "ours": false, "param": "whiten", "same": true, "theirs": false}], "exceptions": [], "family": "classical", "lane": "pca", "problems": ["cuml-gpu: svd_solver is 'covariance_eigh' (svd_solver) on ours and 'full' (svd_solver) on cuml-gpu", "cuml-gpu: tol is 0.0 (tol) on ours and 1e-07 (tol) on cuml-gpu"], "reference": "ours", "seed": 7, "seed_none_deterministic": ["cuml-gpu"], "verdict": "REFUSED"}
BOARD-PARAMS-REFUSED lane=pca reason=cuml-gpu: svd_solver is 'covariance_eigh' (svd_solver) on ours and 'full' (svd_solver) on cuml-gpu | cuml-gpu: tol is 0.0 (tol) on ours and 1e-07 (tol) on cuml-gpu
CTD-PARAMS-REFUSED lane=pca parameters do not match (2): cuml-gpu: svd_solver is 'covariance_eigh' (svd_solver) on ours and 'full' (svd_solver) on cuml-gpu; cuml-gpu: tol is 0.0 (tol) on ours and 1e-07 (tol) on cuml-gpu

=== 2026-09-29T19:18:49Z /root/bench-board-cache-clean/venv/bin/python -u /root/mojolearn-bench-board-l40s/tools/classical_two_datasets.py race --lane pca --dataset taxi --data /root/bench-board-cache-clean/ctd-data/rows-full --out /root/bench-board/2026-09-29_nvidia/raw/classical/rows-full --work /root/bench-board/2026-09-29_nvidia/work --root /root/mojolearn-bench-board-l40s --arms ours,cuml-gpu --rounds 1 --round-seconds 900 --warmup-seconds 900 --ours-python /root/bench-board-cache-clean/venv/bin/python --theirs-python /root/bench-board-cache-clean/venv/bin/python --infer
CTD-SETTINGS lane=pca dataset=taxi n_components=10 (the cuML benchmark's PCA), whiten=False, random_state=7; ours and scikit-learn svd_solver='covariance_eigh'
CTD-MISMATCH lane=pca dataset=taxi svd_solver: cuML has no 'covariance_eigh'; cuml-gpu runs svd_solver='full'
CTD-MISMATCH lane=pca dataset=taxi torch-gpu: no estimator; covariance eigh written out, torch.manual_seed(7) (it draws nothing)
CTD-MISMATCH lane=pca dataset=taxi random_state is read by none of the covariance solvers; set to 7 on every arm
BOARD-PARAMS {"arms": {"cuml-gpu": {"library": "cuml", "params": {"n_components": 10, "seed": "none (deterministic)", "svd_solver": "covariance_eigh", "tol": 1e-07, "whiten": false}, "source": "get_params"}, "ours": {"library": "mojolearn", "params": {"n_components": 10, "seed": 7, "svd_solver": "covariance_eigh", "tol": 0.0, "whiten": false}, "source": "get_params"}}, "compared": [{"arm": "cuml-gpu", "ours": 10, "param": "n_components", "same": true, "theirs": 10}, {"arm": "cuml-gpu", "ours": "covariance_eigh", "param": "svd_solver", "same": true, "theirs": "covariance_eigh"}, {"arm": "cuml-gpu", "ours": 0.0, "param": "tol", "same": false, "theirs": 1e-07}, {"arm": "cuml-gpu", "ours": false, "param": "whiten", "same": true, "theirs": false}], "exceptions": [{"arm": "cuml-gpu", "ours": 0.0, "param": "tol", "reason": "cuML PCA's tol is read only by its 'jacobi' solver (cuml/decomposition/pca.pyx: 'Used if algorithm = \"jacobi\"'); the raced 'full' solver, COV_EIG_DQ, the covariance eigendecomposition of ours' covariance_eigh, has no tolerance. cuML's own scikit-learn interop maps scikit-learn's tol 0.0 to its 1e-7", "theirs": 1e-07}], "family": "classical", "lane": "pca", "problems": [], "reference": "ours", "seed": 7, "seed_none_deterministic": ["cuml-gpu"], "verdict": "MATCHED"}
CTD-ROUND lane=pca dataset=taxi arm=ours round=0 ms=953.890 digest=28e1d54bf4853c8e
CTD-ROUND lane=pca dataset=taxi arm=cuml-gpu round=0 ms=151.005 digest=676b3082295ef5e9
CTD-ROUND lane=pca dataset=taxi arm=cuml-gpu round=1 ms=19.281 digest=676b3082295ef5e9
CTD-ROUND lane=pca dataset=taxi arm=ours round=1 ms=13.501 digest=28e1d54bf4853c8e
CTD-INFER-ROUND lane=pca dataset=taxi arm=ours round=0 ms=27.653 digest=7a19bb67182c29bf
CTD-INFER-ROUND lane=pca dataset=taxi arm=cuml-gpu round=0 ms=4.872 digest=8660f28ae62a621a
CTD-INFER-ROUND lane=pca dataset=taxi arm=cuml-gpu round=1 ms=1.827 digest=8660f28ae62a621a
CTD-INFER-ROUND lane=pca dataset=taxi arm=ours round=1 ms=14.932 digest=7a19bb67182c29bf
CTD-INFER lane=pca dataset=taxi arm=ours call=transform rows=500000 status=ok median_ms=14.931977726519108 digest_stable=True quality={"transform_max_rel_err_own_fp64": 1.0851396779324888e-07}
CTD-INFER lane=pca dataset=taxi arm=cuml-gpu call=transform rows=500000 status=ok median_ms=1.8273955211043358 digest_stable=True quality={"bits_equal_vs_ours": false, "max_abs_diff_vs_ours": 0.004157066345214844, "transform_max_rel_err_own_fp64": 1.0665570306895663e-07}
CTD lane=pca dataset=taxi arm=ours device=gpu status=ok median_ms=13.500617817044258 min_ms=13.500617817044258 max_ms=13.500617817044258 digest_stable=True quality={"explained_variance_ratio_sum": 0.999996394670572}
CTD-SPAN lane=pca dataset=taxi arm=ours input_home=host inside_clock=host_to_device_upload,host_validation,call upload_ms_untimed=- fit_ms_untimed=- pre_clock_fit=false pre_clock_fit_source=declared
CTD lane=pca dataset=taxi arm=cuml-gpu device=gpu status=ok median_ms=19.28079593926668 min_ms=19.28079593926668 max_ms=19.28079593926668 digest_stable=True quality={"explained_variance_ratio_sum": 0.9999961512713827}
CTD-SPAN lane=pca dataset=taxi arm=cuml-gpu input_home=device inside_clock=call upload_ms_untimed=172.545 fit_ms_untimed=- pre_clock_fit=false pre_clock_fit_source=declared
CTD-RATIO lane=pca dataset=taxi ours/cuml-gpu=0.7002 span_asymmetry=cuml-gpu:upload_outside_its_clock(172.545_ms)
CTD-SPAN-NOTE lane=pca dataset=taxi the ratios above are NOT like-for-like spans: ours uploads (and validates) inside its clock while these arms do not. The asymmetry is named, not corrected; no work was moved into or out of any clock.

=== 2026-09-29T23:24:35Z /root/bench-board-cache-clean/venv/bin/python -u /root/mojolearn-bench-board-l40s/tools/classical_two_datasets.py race --lane pca --dataset taxi --data /root/bench-board-cache-clean/ctd-data/rows-full --out /root/bench-board/2026-09-29_nvidia/raw/classical/rows-full --work /root/bench-board/2026-09-29_nvidia/work --root /root/mojolearn-bench-board-l40s --arms ours,torch-gpu --rounds 1 --round-seconds 900 --warmup-seconds 900 --ours-python /root/bench-board-cache-clean/venv/bin/python --theirs-python /root/bench-board-cache-clean/venv/bin/python --infer
CTD-SETTINGS lane=pca dataset=taxi n_components=10 (the cuML benchmark's PCA), whiten=False, random_state=7; ours and scikit-learn svd_solver='covariance_eigh'
CTD-MISMATCH lane=pca dataset=taxi svd_solver: cuML has no 'covariance_eigh'; cuml-gpu runs svd_solver='full'
CTD-MISMATCH lane=pca dataset=taxi torch-gpu: no estimator; covariance eigh written out, torch.manual_seed(7) (it draws nothing)
CTD-MISMATCH lane=pca dataset=taxi random_state is read by none of the covariance solvers; set to 7 on every arm
BOARD-PARAMS {"arms": {"ours": {"library": "mojolearn", "params": {"n_components": 10, "seed": 7, "svd_solver": "covariance_eigh", "tol": 0.0, "whiten": false}, "source": "get_params"}, "torch-gpu": {"library": "torch", "params": {"n_components": 10, "seed": 7, "svd_solver": "covariance_eigh", "whiten": false}, "source": "declared"}}, "compared": [{"arm": "torch-gpu", "ours": 10, "param": "n_components", "same": true, "theirs": 10}, {"arm": "torch-gpu", "ours": "covariance_eigh", "param": "svd_solver", "same": true, "theirs": "covariance_eigh"}, {"arm": "torch-gpu", "ours": false, "param": "whiten", "same": true, "theirs": false}], "exceptions": [], "family": "classical", "lane": "pca", "problems": [], "reference": "ours", "seed": 7, "seed_none_deterministic": [], "verdict": "MATCHED"}
CTD-ROUND lane=pca dataset=taxi arm=ours round=0 ms=900.707 digest=28e1d54bf4853c8e
CTD-ROUND lane=pca dataset=taxi arm=torch-gpu round=0 ms=185.145 digest=5287f2019672246a
CTD-ROUND lane=pca dataset=taxi arm=torch-gpu round=1 ms=1.435 digest=5287f2019672246a
CTD-ROUND lane=pca dataset=taxi arm=ours round=1 ms=12.651 digest=28e1d54bf4853c8e
CTD-INFER-ROUND lane=pca dataset=taxi arm=ours round=0 ms=27.614 digest=7a19bb67182c29bf
CTD-INFER-ROUND lane=pca dataset=taxi arm=torch-gpu round=0 ms=0.337 digest=44208f076d10f421
CTD-INFER-ROUND lane=pca dataset=taxi arm=torch-gpu round=1 ms=0.580 digest=44208f076d10f421
CTD-INFER-ROUND lane=pca dataset=taxi arm=ours round=1 ms=22.778 digest=7a19bb67182c29bf
CTD-INFER lane=pca dataset=taxi arm=ours call=transform rows=500000 status=ok median_ms=22.7784076705575 digest_stable=True quality={"transform_max_rel_err_own_fp64": 1.0851396779324888e-07}
CTD-INFER lane=pca dataset=taxi arm=torch-gpu call=transform rows=500000 status=ok median_ms=0.5804449319839478 digest_stable=True quality={"bits_equal_vs_ours": false, "max_abs_diff_vs_ours": 29.157851219177246, "transform_max_rel_err_own_fp64": 1.0720325822956e-07}
CTD lane=pca dataset=taxi arm=ours device=gpu status=ok median_ms=12.651359662413597 min_ms=12.651359662413597 max_ms=12.651359662413597 digest_stable=True quality={"explained_variance_ratio_sum": 0.999996394670572}
CTD-SPAN lane=pca dataset=taxi arm=ours input_home=host inside_clock=host_to_device_upload,host_validation,call upload_ms_untimed=- fit_ms_untimed=- pre_clock_fit=false pre_clock_fit_source=declared
CTD lane=pca dataset=taxi arm=torch-gpu device=gpu status=ok median_ms=1.43465306609869 min_ms=1.43465306609869 max_ms=1.43465306609869 digest_stable=True quality={"explained_variance_ratio_sum": 0.9999959395309672}
CTD-SPAN lane=pca dataset=taxi arm=torch-gpu input_home=device inside_clock=call upload_ms_untimed=8.149 fit_ms_untimed=- pre_clock_fit=false pre_clock_fit_source=declared
CTD-RATIO lane=pca dataset=taxi ours/torch-gpu=8.8184 span_asymmetry=torch-gpu:upload_outside_its_clock(8.149_ms)
CTD-SPAN-NOTE lane=pca dataset=taxi the ratios above are NOT like-for-like spans: ours uploads (and validates) inside its clock while these arms do not. The asymmetry is named, not corrected; no work was moved into or out of any clock.
