
=== 2026-09-29T18:37:39Z /root/bench-board-cache-clean/venv/bin/python -u /root/mojolearn-bench-board-l40s/tools/bench_board_neural.py race --lane samba-forward --shape full --arms ours,torch-eager-fp32,torch-eager-tf32,torch-compile-fp32,torch-compile-tf32,torch-eager-bf16,torch-compile-bf16 --rounds 1 --out /root/bench-board/2026-09-29_nvidia/raw/neural/shape-full --work /root/bench-board/2026-09-29_nvidia/work --ours-python /root/bench-board-cache-clean/venv/bin/python --theirs-python /root/bench-board-cache-clean/venv/bin/python --ready-seconds 1800 --warmup-seconds 1800 --round-seconds 1800
BOARD-PARAMS {"arms": {"ours": {"library": "mojolearn", "params": {"dropout": 0.0, "eps": 1e-05, "seed": "none (deterministic)"}, "source": "declared"}, "torch-compile-bf16": {"library": "torch", "params": {"dropout": 0.0, "eps": 1e-05, "seed": 7}, "source": "declared"}, "torch-compile-fp32": {"library": "torch", "params": {"dropout": 0.0, "eps": 1e-05, "seed": 7}, "source": "declared"}, "torch-compile-tf32": {"library": "torch", "params": {"dropout": 0.0, "eps": 1e-05, "seed": 7}, "source": "declared"}, "torch-eager-bf16": {"library": "torch", "params": {"dropout": 0.0, "eps": 1e-05, "seed": 7}, "source": "declared"}, "torch-eager-fp32": {"library": "torch", "params": {"dropout": 0.0, "eps": 1e-05, "seed": 7}, "source": "declared"}, "torch-eager-tf32": {"library": "torch", "params": {"dropout": 0.0, "eps": 1e-05, "seed": 7}, "source": "declared"}}, "compared": [{"arm": "torch-eager-fp32", "ours": 0.0, "param": "dropout", "same": true, "theirs": 0.0}, {"arm": "torch-eager-fp32", "ours": 1e-05, "param": "eps", "same": true, "theirs": 1e-05}, {"arm": "torch-eager-tf32", "ours": 0.0, "param": "dropout", "same": true, "theirs": 0.0}, {"arm": "torch-eager-tf32", "ours": 1e-05, "param": "eps", "same": true, "theirs": 1e-05}, {"arm": "torch-compile-fp32", "ours": 0.0, "param": "dropout", "same": true, "theirs": 0.0}, {"arm": "torch-compile-fp32", "ours": 1e-05, "param": "eps", "same": true, "theirs": 1e-05}, {"arm": "torch-compile-tf32", "ours": 0.0, "param": "dropout", "same": true, "theirs": 0.0}, {"arm": "torch-compile-tf32", "ours": 1e-05, "param": "eps", "same": true, "theirs": 1e-05}, {"arm": "torch-eager-bf16", "ours": 0.0, "param": "dropout", "same": true, "theirs": 0.0}, {"arm": "torch-eager-bf16", "ours": 1e-05, "param": "eps", "same": true, "theirs": 1e-05}, {"arm": "torch-compile-bf16", "ours": 0.0, "param": "dropout", "same": true, "theirs": 0.0}, {"arm": "torch-compile-bf16", "ours": 1e-05, "param": "eps", "same": true, "theirs": 1e-05}], "exceptions": [], "family": "neural", "lane": "neural/samba-forward", "problems": [], "reference": "ours", "seed": 7, "seed_none_deterministic": ["ours"], "verdict": "MATCHED"}
NEURAL-ROUND lane=samba-forward arm=ours round=0 ms=898.380 digest=ddce61948b8456e0
NEURAL-ROUND lane=samba-forward arm=torch-eager-fp32 round=0 ms=358.045 digest=dcc326b0dc4c9226
NEURAL-ROUND lane=samba-forward arm=torch-eager-tf32 round=0 ms=349.855 digest=23bd06e451af4efd
NEURAL-ROUND lane=samba-forward arm=torch-compile-fp32 round=0 ms=208242.577 digest=ff55a8415e3a42fe
NEURAL-ROUND lane=samba-forward arm=torch-compile-tf32 round=0 ms=155039.923 digest=809f4fc5eb92a7bf
NEURAL-ROUND lane=samba-forward arm=torch-eager-bf16 round=0 ms=232.594 digest=ec6343cddac7e79e
NEURAL-ROUND lane=samba-forward arm=torch-compile-bf16 round=0 ms=216920.886 digest=66ede0c72a72afa8
NEURAL-ROUND lane=samba-forward arm=torch-eager-fp32 round=1 ms=46.118 digest=dcc326b0dc4c9226
NEURAL-ROUND lane=samba-forward arm=torch-eager-tf32 round=1 ms=46.441 digest=23bd06e451af4efd
NEURAL-ROUND lane=samba-forward arm=torch-compile-fp32 round=1 ms=5.965 digest=ff55a8415e3a42fe
NEURAL-ROUND lane=samba-forward arm=torch-compile-tf32 round=1 ms=5.023 digest=809f4fc5eb92a7bf
NEURAL-ROUND lane=samba-forward arm=torch-eager-bf16 round=1 ms=48.170 digest=ec6343cddac7e79e
NEURAL-ROUND lane=samba-forward arm=torch-compile-bf16 round=1 ms=5.326 digest=66ede0c72a72afa8
NEURAL-ROUND lane=samba-forward arm=ours round=1 ms=12.017 digest=ddce61948b8456e0
NEURAL lane=samba-forward arm=ours status=ok median_ms=12.016895227134228 quality={"mean_nll": 5.635909657868805}
NEURAL lane=samba-forward arm=torch-eager-fp32 status=ok median_ms=46.11783195286989 quality={"max_abs_diff_vs_ours": 2.2351741790771484e-06, "max_rel_diff_vs_ours": 1.2566399177735262e-06, "mean_nll": 5.6359096626758}
NEURAL lane=samba-forward arm=torch-eager-tf32 status=ok median_ms=46.440823934972286 quality={"max_abs_diff_vs_ours": 0.0015774667263031006, "max_rel_diff_vs_ours": 0.0008868694331689403, "mean_nll": 5.6359479304900955}
NEURAL lane=samba-forward arm=torch-compile-fp32 status=ok median_ms=5.965392105281353 quality={"max_abs_diff_vs_ours": 2.0563602447509766e-06, "max_rel_diff_vs_ours": 1.1561087243516442e-06, "mean_nll": 5.635909665714902}
NEURAL lane=samba-forward arm=torch-compile-tf32 status=ok median_ms=5.022924393415451 quality={"max_abs_diff_vs_ours": 0.0015095863491296768, "max_rel_diff_vs_ours": 0.0008487063260660898, "mean_nll": 5.635955500335601}
NEURAL lane=samba-forward arm=torch-eager-bf16 status=ok median_ms=48.17013815045357 quality={"max_abs_diff_vs_ours": 0.019621405750513077, "max_rel_diff_vs_ours": 0.011031373724577504, "mean_nll": 5.635951736544965}
NEURAL lane=samba-forward arm=torch-compile-bf16 status=ok median_ms=5.32605592161417 quality={"max_abs_diff_vs_ours": 0.016407370567321777, "max_rel_diff_vs_ours": 0.009224407204413828, "mean_nll": 5.635985353115783}
