Imported from /root/mojolearn-sequence-followup/bindings/_mojolearn_transformer.mojo:127:
./core/identity_trace.mojo:248:14: warning: 'UnsafePointer' is deprecated, use 'Pointer' instead
        raw: UnsafePointer[UInt8, o],
             ^~~~~~~~~~~~~
             Pointer
<unknown>:0: note: 'UnsafePointer' declared here
Imported from /root/mojolearn-sequence-followup/bindings/_mojolearn_transformer.mojo:127:
./core/identity_trace.mojo:362:14: warning: 'bitcast' is deprecated, use 'unsafe_bitcast' instead
            p.bitcast[UInt8](),
            ~^~~~~~~~
              unsafe_bitcast
<unknown>:0: note: 'bitcast' declared here
Imported from /root/mojolearn-sequence-followup/bindings/_mojolearn_transformer.mojo:127:
./core/identity_trace.mojo:103:22: warning: 'UnsafePointer' is deprecated, use 'Pointer' instead
](seed: UInt64, ptr: UnsafePointer[UInt8, o], n: Int) -> UInt64:
                     ^~~~~~~~~~~~~
                     Pointer
<unknown>:0: note: 'UnsafePointer' declared here
/root/mojolearn-sequence-followup/bindings/_mojolearn_transformer.mojo:396:19: warning: assignment to 'out_len' was never used; assign to '_' instead?
    var out_len = 0
                  ^
/root/mojolearn-sequence-followup/bindings/_mojolearn_transformer.mojo:433:19: warning: assignment to 'out_len' was never used; assign to '_' instead?
    var out_len = 0
                  ^
