1307 external/tcmalloc+/tcmalloc/internal/system_allocator.h:713] Warning: Unable to mbind memory (errno=1, base=0x3add40000000, nodemask=2)
DIAG_BEGIN deviation=2705 variants=base,nomul,noload,nostage,nofold,floor rounds=7 warmups=2 body=kpack_padv (pad=4 align=16) EVERY VARIANT BUT base COMPUTES WRONG BITS BY DESIGN
SAMPLE proj_fwd variant=base round=0 ns=280321
SAMPLE proj_fwd variant=base round=1 ns=278595
SAMPLE proj_fwd variant=base round=2 ns=278670
SAMPLE proj_fwd variant=base round=3 ns=279076
SAMPLE proj_fwd variant=base round=4 ns=278650
SAMPLE proj_fwd variant=base round=5 ns=278381
SAMPLE proj_fwd variant=base round=6 ns=277679
SAMPLE proj_fwd variant=nomul round=0 ns=235383
SAMPLE proj_fwd variant=nomul round=1 ns=234987
SAMPLE proj_fwd variant=nomul round=2 ns=235553
SAMPLE proj_fwd variant=nomul round=3 ns=234755
SAMPLE proj_fwd variant=nomul round=4 ns=236649
SAMPLE proj_fwd variant=nomul round=5 ns=235899
SAMPLE proj_fwd variant=nomul round=6 ns=234935
SAMPLE proj_fwd variant=noload round=0 ns=273972
SAMPLE proj_fwd variant=noload round=1 ns=273363
SAMPLE proj_fwd variant=noload round=2 ns=273303
SAMPLE proj_fwd variant=noload round=3 ns=272578
SAMPLE proj_fwd variant=noload round=4 ns=273917
SAMPLE proj_fwd variant=noload round=5 ns=272883
SAMPLE proj_fwd variant=noload round=6 ns=273772
SAMPLE proj_fwd variant=nostage round=0 ns=200517
SAMPLE proj_fwd variant=nostage round=1 ns=204879
SAMPLE proj_fwd variant=nostage round=2 ns=199929
SAMPLE proj_fwd variant=nostage round=3 ns=200234
SAMPLE proj_fwd variant=nostage round=4 ns=200563
SAMPLE proj_fwd variant=nostage round=5 ns=200689
SAMPLE proj_fwd variant=nostage round=6 ns=200504
SAMPLE proj_fwd variant=nofold round=0 ns=243322
SAMPLE proj_fwd variant=nofold round=1 ns=243115
SAMPLE proj_fwd variant=nofold round=2 ns=243996
SAMPLE proj_fwd variant=nofold round=3 ns=242618
SAMPLE proj_fwd variant=nofold round=4 ns=242961
SAMPLE proj_fwd variant=nofold round=5 ns=243688
SAMPLE proj_fwd variant=nofold round=6 ns=243435
SAMPLE proj_fwd variant=floor round=0 ns=121914
SAMPLE proj_fwd variant=floor round=1 ns=121329
SAMPLE proj_fwd variant=floor round=2 ns=121790
SAMPLE proj_fwd variant=floor round=3 ns=121455
SAMPLE proj_fwd variant=floor round=4 ns=121615
SAMPLE proj_fwd variant=floor round=5 ns=121845
SAMPLE proj_fwd variant=floor round=6 ns=120794
DIAG call=proj_fwd op=1 m=2048 n=768 k=768 per_step=48 group_leaves=1 variant=base median_ms=0.27865 ratio=1.0
DIAG call=proj_fwd op=1 m=2048 n=768 k=768 per_step=48 group_leaves=1 variant=nomul median_ms=0.235383 ratio=0.8447263592320114
DIAG call=proj_fwd op=1 m=2048 n=768 k=768 per_step=48 group_leaves=1 variant=noload median_ms=0.273363 ratio=0.9810263771756684
DIAG call=proj_fwd op=1 m=2048 n=768 k=768 per_step=48 group_leaves=1 variant=nostage median_ms=0.200517 ratio=0.7196016508164363
DIAG call=proj_fwd op=1 m=2048 n=768 k=768 per_step=48 group_leaves=1 variant=nofold median_ms=0.243322 ratio=0.8732172976852682
DIAG call=proj_fwd op=1 m=2048 n=768 k=768 per_step=48 group_leaves=1 variant=floor median_ms=0.121615 ratio=0.43644356719899513
SAMPLE proj_dA variant=base round=0 ns=279998
SAMPLE proj_dA variant=base round=1 ns=277845
SAMPLE proj_dA variant=base round=2 ns=280751
SAMPLE proj_dA variant=base round=3 ns=278438
SAMPLE proj_dA variant=base round=4 ns=279629
SAMPLE proj_dA variant=base round=5 ns=277855
SAMPLE proj_dA variant=base round=6 ns=277440
SAMPLE proj_dA variant=nomul round=0 ns=236224
SAMPLE proj_dA variant=nomul round=1 ns=236856
SAMPLE proj_dA variant=nomul round=2 ns=235796
SAMPLE proj_dA variant=nomul round=3 ns=236298
SAMPLE proj_dA variant=nomul round=4 ns=240085
SAMPLE proj_dA variant=nomul round=5 ns=234981
SAMPLE proj_dA variant=nomul round=6 ns=236463
SAMPLE proj_dA variant=noload round=0 ns=274635
SAMPLE proj_dA variant=noload round=1 ns=274379
SAMPLE proj_dA variant=noload round=2 ns=273661
SAMPLE proj_dA variant=noload round=3 ns=273518
SAMPLE proj_dA variant=noload round=4 ns=273682
SAMPLE proj_dA variant=noload round=5 ns=275030
SAMPLE proj_dA variant=noload round=6 ns=274270
SAMPLE proj_dA variant=nostage round=0 ns=200545
SAMPLE proj_dA variant=nostage round=1 ns=199847
SAMPLE proj_dA variant=nostage round=2 ns=199538
SAMPLE proj_dA variant=nostage round=3 ns=199649
SAMPLE proj_dA variant=nostage round=4 ns=200445
SAMPLE proj_dA variant=nostage round=5 ns=200059
SAMPLE proj_dA variant=nostage round=6 ns=199891
SAMPLE proj_dA variant=nofold round=0 ns=244811
SAMPLE proj_dA variant=nofold round=1 ns=244799
SAMPLE proj_dA variant=nofold round=2 ns=244344
SAMPLE proj_dA variant=nofold round=3 ns=244758
SAMPLE proj_dA variant=nofold round=4 ns=246047
SAMPLE proj_dA variant=nofold round=5 ns=243994
SAMPLE proj_dA variant=nofold round=6 ns=243289
SAMPLE proj_dA variant=floor round=0 ns=121210
SAMPLE proj_dA variant=floor round=1 ns=120924
SAMPLE proj_dA variant=floor round=2 ns=120790
SAMPLE proj_dA variant=floor round=3 ns=121460
SAMPLE proj_dA variant=floor round=4 ns=120956
SAMPLE proj_dA variant=floor round=5 ns=120526
SAMPLE proj_dA variant=floor round=6 ns=121267
DIAG call=proj_dA op=0 m=2048 n=768 k=768 per_step=48 group_leaves=1 variant=base median_ms=0.278438 ratio=1.0
DIAG call=proj_dA op=0 m=2048 n=768 k=768 per_step=48 group_leaves=1 variant=nomul median_ms=0.236298 ratio=0.848655715096359
DIAG call=proj_dA op=0 m=2048 n=768 k=768 per_step=48 group_leaves=1 variant=noload median_ms=0.27427 ratio=0.9850307788448416
DIAG call=proj_dA op=0 m=2048 n=768 k=768 per_step=48 group_leaves=1 variant=nostage median_ms=0.199891 ratio=0.7179012922086784
DIAG call=proj_dA op=0 m=2048 n=768 k=768 per_step=48 group_leaves=1 variant=nofold median_ms=0.244758 ratio=0.8790394989189694
DIAG call=proj_dA op=0 m=2048 n=768 k=768 per_step=48 group_leaves=1 variant=floor median_ms=0.120956 ratio=0.4344090964595349
SAMPLE proj_dB variant=base round=0 ns=272129
SAMPLE proj_dB variant=base round=1 ns=272316
SAMPLE proj_dB variant=base round=2 ns=273588
SAMPLE proj_dB variant=base round=3 ns=271926
SAMPLE proj_dB variant=base round=4 ns=271954
SAMPLE proj_dB variant=base round=5 ns=272155
SAMPLE proj_dB variant=base round=6 ns=271034
SAMPLE proj_dB variant=nomul round=0 ns=229626
SAMPLE proj_dB variant=nomul round=1 ns=229835
SAMPLE proj_dB variant=nomul round=2 ns=228371
SAMPLE proj_dB variant=nomul round=3 ns=229520
SAMPLE proj_dB variant=nomul round=4 ns=230259
SAMPLE proj_dB variant=nomul round=5 ns=228557
SAMPLE proj_dB variant=nomul round=6 ns=230034
SAMPLE proj_dB variant=noload round=0 ns=266642
SAMPLE proj_dB variant=noload round=1 ns=265195
SAMPLE proj_dB variant=noload round=2 ns=265276
SAMPLE proj_dB variant=noload round=3 ns=267723
SAMPLE proj_dB variant=noload round=4 ns=265026
SAMPLE proj_dB variant=noload round=5 ns=265896
SAMPLE proj_dB variant=noload round=6 ns=265164
SAMPLE proj_dB variant=nostage round=0 ns=191482
SAMPLE proj_dB variant=nostage round=1 ns=193566
SAMPLE proj_dB variant=nostage round=2 ns=190621
SAMPLE proj_dB variant=nostage round=3 ns=191413
SAMPLE proj_dB variant=nostage round=4 ns=191236
SAMPLE proj_dB variant=nostage round=5 ns=190556
SAMPLE proj_dB variant=nostage round=6 ns=190607
SAMPLE proj_dB variant=nofold round=0 ns=238906
SAMPLE proj_dB variant=nofold round=1 ns=241856
SAMPLE proj_dB variant=nofold round=2 ns=238801
SAMPLE proj_dB variant=nofold round=3 ns=238901
SAMPLE proj_dB variant=nofold round=4 ns=239196
SAMPLE proj_dB variant=nofold round=5 ns=238094
SAMPLE proj_dB variant=nofold round=6 ns=239011
SAMPLE proj_dB variant=floor round=0 ns=112207
SAMPLE proj_dB variant=floor round=1 ns=112582
SAMPLE proj_dB variant=floor round=2 ns=111725
SAMPLE proj_dB variant=floor round=3 ns=112176
SAMPLE proj_dB variant=floor round=4 ns=112562
SAMPLE proj_dB variant=floor round=5 ns=111868
SAMPLE proj_dB variant=floor round=6 ns=112855
DIAG call=proj_dB op=2 m=768 n=768 k=2048 per_step=48 group_leaves=1 variant=base median_ms=0.272129 ratio=1.0
DIAG call=proj_dB op=2 m=768 n=768 k=2048 per_step=48 group_leaves=1 variant=nomul median_ms=0.229626 ratio=0.843813044548725
DIAG call=proj_dB op=2 m=768 n=768 k=2048 per_step=48 group_leaves=1 variant=noload median_ms=0.265276 ratio=0.9748170904240269
DIAG call=proj_dB op=2 m=768 n=768 k=2048 per_step=48 group_leaves=1 variant=nostage median_ms=0.191236 ratio=0.7027402445163874
DIAG call=proj_dB op=2 m=768 n=768 k=2048 per_step=48 group_leaves=1 variant=nofold median_ms=0.238906 ratio=0.8779145184820434
DIAG call=proj_dB op=2 m=768 n=768 k=2048 per_step=48 group_leaves=1 variant=floor median_ms=0.112207 ratio=0.41233018164179486
SAMPLE gateup_fwd variant=base round=0 ns=556200
SAMPLE gateup_fwd variant=base round=1 ns=551168
SAMPLE gateup_fwd variant=base round=2 ns=564708
SAMPLE gateup_fwd variant=base round=3 ns=558706
SAMPLE gateup_fwd variant=base round=4 ns=556188
SAMPLE gateup_fwd variant=base round=5 ns=551840
SAMPLE gateup_fwd variant=base round=6 ns=551999
SAMPLE gateup_fwd variant=nomul round=0 ns=442331
SAMPLE gateup_fwd variant=nomul round=1 ns=442604
SAMPLE gateup_fwd variant=nomul round=2 ns=440875
SAMPLE gateup_fwd variant=nomul round=3 ns=441667
SAMPLE gateup_fwd variant=nomul round=4 ns=441121
SAMPLE gateup_fwd variant=nomul round=5 ns=441790
SAMPLE gateup_fwd variant=nomul round=6 ns=442098
SAMPLE gateup_fwd variant=noload round=0 ns=543732
SAMPLE gateup_fwd variant=noload round=1 ns=551861
SAMPLE gateup_fwd variant=noload round=2 ns=541704
SAMPLE gateup_fwd variant=noload round=3 ns=549586
SAMPLE gateup_fwd variant=noload round=4 ns=546374
SAMPLE gateup_fwd variant=noload round=5 ns=549636
SAMPLE gateup_fwd variant=noload round=6 ns=541099
SAMPLE gateup_fwd variant=nostage round=0 ns=351374
SAMPLE gateup_fwd variant=nostage round=1 ns=344333
SAMPLE gateup_fwd variant=nostage round=2 ns=348123
SAMPLE gateup_fwd variant=nostage round=3 ns=341887
SAMPLE gateup_fwd variant=nostage round=4 ns=349450
SAMPLE gateup_fwd variant=nostage round=5 ns=347890
SAMPLE gateup_fwd variant=nostage round=6 ns=342827
SAMPLE gateup_fwd variant=nofold round=0 ns=400503
SAMPLE gateup_fwd variant=nofold round=1 ns=394800
SAMPLE gateup_fwd variant=nofold round=2 ns=396158
SAMPLE gateup_fwd variant=nofold round=3 ns=394725
SAMPLE gateup_fwd variant=nofold round=4 ns=395715
SAMPLE gateup_fwd variant=nofold round=5 ns=394285
SAMPLE gateup_fwd variant=nofold round=6 ns=393500
SAMPLE gateup_fwd variant=floor round=0 ns=131271
SAMPLE gateup_fwd variant=floor round=1 ns=131835
SAMPLE gateup_fwd variant=floor round=2 ns=131292
SAMPLE gateup_fwd variant=floor round=3 ns=131217
SAMPLE gateup_fwd variant=floor round=4 ns=131631
SAMPLE gateup_fwd variant=floor round=5 ns=131255
SAMPLE gateup_fwd variant=floor round=6 ns=131486
DIAG call=gateup_fwd op=1 m=2048 n=2048 k=768 per_step=24 group_leaves=0 variant=base median_ms=0.556188 ratio=1.0
DIAG call=gateup_fwd op=1 m=2048 n=2048 k=768 per_step=24 group_leaves=0 variant=nomul median_ms=0.44179 ratio=0.7943177486749085
DIAG call=gateup_fwd op=1 m=2048 n=2048 k=768 per_step=24 group_leaves=0 variant=noload median_ms=0.546374 ratio=0.9823548871964156
DIAG call=gateup_fwd op=1 m=2048 n=2048 k=768 per_step=24 group_leaves=0 variant=nostage median_ms=0.34789 ratio=0.6254899422497429
DIAG call=gateup_fwd op=1 m=2048 n=2048 k=768 per_step=24 group_leaves=0 variant=nofold median_ms=0.3948 ratio=0.709831927333923
DIAG call=gateup_fwd op=1 m=2048 n=2048 k=768 per_step=24 group_leaves=0 variant=floor median_ms=0.131292 ratio=0.23605687285594076
SAMPLE gateup_dA variant=base round=0 ns=599044
SAMPLE gateup_dA variant=base round=1 ns=595358
SAMPLE gateup_dA variant=base round=2 ns=600238
SAMPLE gateup_dA variant=base round=3 ns=596477
SAMPLE gateup_dA variant=base round=4 ns=597298
SAMPLE gateup_dA variant=base round=5 ns=597309
SAMPLE gateup_dA variant=base round=6 ns=597214
SAMPLE gateup_dA variant=nomul round=0 ns=495729
SAMPLE gateup_dA variant=nomul round=1 ns=496788
SAMPLE gateup_dA variant=nomul round=2 ns=495160
SAMPLE gateup_dA variant=nomul round=3 ns=496050
SAMPLE gateup_dA variant=nomul round=4 ns=496014
SAMPLE gateup_dA variant=nomul round=5 ns=495505
SAMPLE gateup_dA variant=nomul round=6 ns=494394
SAMPLE gateup_dA variant=noload round=0 ns=585217
SAMPLE gateup_dA variant=noload round=1 ns=583686
SAMPLE gateup_dA variant=noload round=2 ns=584001
SAMPLE gateup_dA variant=noload round=3 ns=583143
SAMPLE gateup_dA variant=noload round=4 ns=584969
SAMPLE gateup_dA variant=noload round=5 ns=585414
SAMPLE gateup_dA variant=noload round=6 ns=583798
SAMPLE gateup_dA variant=nostage round=0 ns=389133
SAMPLE gateup_dA variant=nostage round=1 ns=389896
SAMPLE gateup_dA variant=nostage round=2 ns=390972
SAMPLE gateup_dA variant=nostage round=3 ns=389773
SAMPLE gateup_dA variant=nostage round=4 ns=389361
SAMPLE gateup_dA variant=nostage round=5 ns=389455
SAMPLE gateup_dA variant=nostage round=6 ns=391089
SAMPLE gateup_dA variant=nofold round=0 ns=490085
SAMPLE gateup_dA variant=nofold round=1 ns=489142
SAMPLE gateup_dA variant=nofold round=2 ns=489434
SAMPLE gateup_dA variant=nofold round=3 ns=489995
SAMPLE gateup_dA variant=nofold round=4 ns=489684
SAMPLE gateup_dA variant=nofold round=5 ns=489277
SAMPLE gateup_dA variant=nofold round=6 ns=489873
SAMPLE gateup_dA variant=floor round=0 ns=201496
SAMPLE gateup_dA variant=floor round=1 ns=200685
SAMPLE gateup_dA variant=floor round=2 ns=200836
SAMPLE gateup_dA variant=floor round=3 ns=201355
SAMPLE gateup_dA variant=floor round=4 ns=200916
SAMPLE gateup_dA variant=floor round=5 ns=200468
SAMPLE gateup_dA variant=floor round=6 ns=203234
DIAG call=gateup_dA op=0 m=2048 n=768 k=2048 per_step=24 group_leaves=2 variant=base median_ms=0.597298 ratio=1.0
DIAG call=gateup_dA op=0 m=2048 n=768 k=2048 per_step=24 group_leaves=2 variant=nomul median_ms=0.495729 ratio=0.8299525529969964
DIAG call=gateup_dA op=0 m=2048 n=768 k=2048 per_step=24 group_leaves=2 variant=noload median_ms=0.584001 ratio=0.977738080489136
DIAG call=gateup_dA op=0 m=2048 n=768 k=2048 per_step=24 group_leaves=2 variant=nostage median_ms=0.389773 ratio=0.6525603635036448
DIAG call=gateup_dA op=0 m=2048 n=768 k=2048 per_step=24 group_leaves=2 variant=nofold median_ms=0.489684 ratio=0.8198319766682628
DIAG call=gateup_dA op=0 m=2048 n=768 k=2048 per_step=24 group_leaves=2 variant=floor median_ms=0.200916 ratio=0.3363748078848414
SAMPLE gateup_dB variant=base round=0 ns=595571
SAMPLE gateup_dB variant=base round=1 ns=591338
SAMPLE gateup_dB variant=base round=2 ns=592824
SAMPLE gateup_dB variant=base round=3 ns=592355
SAMPLE gateup_dB variant=base round=4 ns=594101
SAMPLE gateup_dB variant=base round=5 ns=589606
SAMPLE gateup_dB variant=base round=6 ns=591734
SAMPLE gateup_dB variant=nomul round=0 ns=496768
SAMPLE gateup_dB variant=nomul round=1 ns=493037
SAMPLE gateup_dB variant=nomul round=2 ns=491299
SAMPLE gateup_dB variant=nomul round=3 ns=491267
SAMPLE gateup_dB variant=nomul round=4 ns=492669
SAMPLE gateup_dB variant=nomul round=5 ns=492291
SAMPLE gateup_dB variant=nomul round=6 ns=492441
SAMPLE gateup_dB variant=noload round=0 ns=580260
SAMPLE gateup_dB variant=noload round=1 ns=580710
SAMPLE gateup_dB variant=noload round=2 ns=581857
SAMPLE gateup_dB variant=noload round=3 ns=580269
SAMPLE gateup_dB variant=noload round=4 ns=581322
SAMPLE gateup_dB variant=noload round=5 ns=582144
SAMPLE gateup_dB variant=noload round=6 ns=580717
SAMPLE gateup_dB variant=nostage round=0 ns=389614
SAMPLE gateup_dB variant=nostage round=1 ns=388826
SAMPLE gateup_dB variant=nostage round=2 ns=390021
SAMPLE gateup_dB variant=nostage round=3 ns=390114
SAMPLE gateup_dB variant=nostage round=4 ns=390435
SAMPLE gateup_dB variant=nostage round=5 ns=389792
SAMPLE gateup_dB variant=nostage round=6 ns=389148
SAMPLE gateup_dB variant=nofold round=0 ns=489002
SAMPLE gateup_dB variant=nofold round=1 ns=490342
SAMPLE gateup_dB variant=nofold round=2 ns=488532
SAMPLE gateup_dB variant=nofold round=3 ns=490289
SAMPLE gateup_dB variant=nofold round=4 ns=489532
SAMPLE gateup_dB variant=nofold round=5 ns=489204
SAMPLE gateup_dB variant=nofold round=6 ns=490054
SAMPLE gateup_dB variant=floor round=0 ns=200774
SAMPLE gateup_dB variant=floor round=1 ns=201150
SAMPLE gateup_dB variant=floor round=2 ns=200929
SAMPLE gateup_dB variant=floor round=3 ns=201464
SAMPLE gateup_dB variant=floor round=4 ns=201595
SAMPLE gateup_dB variant=floor round=5 ns=201235
SAMPLE gateup_dB variant=floor round=6 ns=200796
DIAG call=gateup_dB op=2 m=2048 n=768 k=2048 per_step=24 group_leaves=2 variant=base median_ms=0.592355 ratio=1.0
DIAG call=gateup_dB op=2 m=2048 n=768 k=2048 per_step=24 group_leaves=2 variant=nomul median_ms=0.492441 ratio=0.8313274978686768
DIAG call=gateup_dB op=2 m=2048 n=768 k=2048 per_step=24 group_leaves=2 variant=noload median_ms=0.580717 ratio=0.9803529977800476
DIAG call=gateup_dB op=2 m=2048 n=768 k=2048 per_step=24 group_leaves=2 variant=nostage median_ms=0.389792 ratio=0.6580378320432849
DIAG call=gateup_dB op=2 m=2048 n=768 k=2048 per_step=24 group_leaves=2 variant=nofold median_ms=0.489532 ratio=0.8264165914021153
DIAG call=gateup_dB op=2 m=2048 n=768 k=2048 per_step=24 group_leaves=2 variant=floor median_ms=0.20115 ratio=0.33957677406285086
SAMPLE down_fwd variant=base round=0 ns=600826
SAMPLE down_fwd variant=base round=1 ns=597207
SAMPLE down_fwd variant=base round=2 ns=596385
SAMPLE down_fwd variant=base round=3 ns=599075
SAMPLE down_fwd variant=base round=4 ns=598620
SAMPLE down_fwd variant=base round=5 ns=600194
SAMPLE down_fwd variant=base round=6 ns=599807
SAMPLE down_fwd variant=nomul round=0 ns=495629
SAMPLE down_fwd variant=nomul round=1 ns=495457
SAMPLE down_fwd variant=nomul round=2 ns=494904
SAMPLE down_fwd variant=nomul round=3 ns=496169
SAMPLE down_fwd variant=nomul round=4 ns=496184
SAMPLE down_fwd variant=nomul round=5 ns=495092
SAMPLE down_fwd variant=nomul round=6 ns=494810
SAMPLE down_fwd variant=noload round=0 ns=582387
SAMPLE down_fwd variant=noload round=1 ns=582970
SAMPLE down_fwd variant=noload round=2 ns=584293
SAMPLE down_fwd variant=noload round=3 ns=586221
SAMPLE down_fwd variant=noload round=4 ns=586679
SAMPLE down_fwd variant=noload round=5 ns=582912
SAMPLE down_fwd variant=noload round=6 ns=585161
SAMPLE down_fwd variant=nostage round=0 ns=389516
SAMPLE down_fwd variant=nostage round=1 ns=390091
SAMPLE down_fwd variant=nostage round=2 ns=389603
SAMPLE down_fwd variant=nostage round=3 ns=390142
SAMPLE down_fwd variant=nostage round=4 ns=391571
SAMPLE down_fwd variant=nostage round=5 ns=390638
SAMPLE down_fwd variant=nostage round=6 ns=389600
SAMPLE down_fwd variant=nofold round=0 ns=486120
SAMPLE down_fwd variant=nofold round=1 ns=485236
SAMPLE down_fwd variant=nofold round=2 ns=484716
SAMPLE down_fwd variant=nofold round=3 ns=486526
SAMPLE down_fwd variant=nofold round=4 ns=485704
SAMPLE down_fwd variant=nofold round=5 ns=485964
SAMPLE down_fwd variant=nofold round=6 ns=484723
SAMPLE down_fwd variant=floor round=0 ns=201512
SAMPLE down_fwd variant=floor round=1 ns=201223
SAMPLE down_fwd variant=floor round=2 ns=201278
SAMPLE down_fwd variant=floor round=3 ns=201757
SAMPLE down_fwd variant=floor round=4 ns=201017
SAMPLE down_fwd variant=floor round=5 ns=201372
SAMPLE down_fwd variant=floor round=6 ns=201164
DIAG call=down_fwd op=1 m=2048 n=768 k=2048 per_step=12 group_leaves=2 variant=base median_ms=0.599075 ratio=1.0
DIAG call=down_fwd op=1 m=2048 n=768 k=2048 per_step=12 group_leaves=2 variant=nomul median_ms=0.495457 ratio=0.827036681550724
DIAG call=down_fwd op=1 m=2048 n=768 k=2048 per_step=12 group_leaves=2 variant=noload median_ms=0.584293 ratio=0.9753252931602887
DIAG call=down_fwd op=1 m=2048 n=768 k=2048 per_step=12 group_leaves=2 variant=nostage median_ms=0.390091 ratio=0.6511555314443099
DIAG call=down_fwd op=1 m=2048 n=768 k=2048 per_step=12 group_leaves=2 variant=nofold median_ms=0.485704 ratio=0.8107565830655594
DIAG call=down_fwd op=1 m=2048 n=768 k=2048 per_step=12 group_leaves=2 variant=floor median_ms=0.201278 ratio=0.3359813045111213
SAMPLE down_dA variant=base round=0 ns=561515
SAMPLE down_dA variant=base round=1 ns=552070
SAMPLE down_dA variant=base round=2 ns=557205
SAMPLE down_dA variant=base round=3 ns=560889
SAMPLE down_dA variant=base round=4 ns=554149
SAMPLE down_dA variant=base round=5 ns=551803
SAMPLE down_dA variant=base round=6 ns=557407
SAMPLE down_dA variant=nomul round=0 ns=438927
SAMPLE down_dA variant=nomul round=1 ns=438135
SAMPLE down_dA variant=nomul round=2 ns=441364
SAMPLE down_dA variant=nomul round=3 ns=438720
SAMPLE down_dA variant=nomul round=4 ns=438610
SAMPLE down_dA variant=nomul round=5 ns=438670
SAMPLE down_dA variant=nomul round=6 ns=438502
SAMPLE down_dA variant=noload round=0 ns=547345
SAMPLE down_dA variant=noload round=1 ns=547275
SAMPLE down_dA variant=noload round=2 ns=546098
SAMPLE down_dA variant=noload round=3 ns=546750
SAMPLE down_dA variant=noload round=4 ns=535891
SAMPLE down_dA variant=noload round=5 ns=551966
SAMPLE down_dA variant=noload round=6 ns=540933
SAMPLE down_dA variant=nostage round=0 ns=350247
SAMPLE down_dA variant=nostage round=1 ns=352042
SAMPLE down_dA variant=nostage round=2 ns=352364
SAMPLE down_dA variant=nostage round=3 ns=345410
SAMPLE down_dA variant=nostage round=4 ns=350941
SAMPLE down_dA variant=nostage round=5 ns=346138
SAMPLE down_dA variant=nostage round=6 ns=346713
SAMPLE down_dA variant=nofold round=0 ns=406424
SAMPLE down_dA variant=nofold round=1 ns=407070
SAMPLE down_dA variant=nofold round=2 ns=407121
SAMPLE down_dA variant=nofold round=3 ns=404853
SAMPLE down_dA variant=nofold round=4 ns=406712
SAMPLE down_dA variant=nofold round=5 ns=408354
SAMPLE down_dA variant=nofold round=6 ns=406630
SAMPLE down_dA variant=floor round=0 ns=131301
SAMPLE down_dA variant=floor round=1 ns=132127
SAMPLE down_dA variant=floor round=2 ns=131521
SAMPLE down_dA variant=floor round=3 ns=131552
SAMPLE down_dA variant=floor round=4 ns=131932
SAMPLE down_dA variant=floor round=5 ns=131573
SAMPLE down_dA variant=floor round=6 ns=132076
DIAG call=down_dA op=0 m=2048 n=2048 k=768 per_step=12 group_leaves=0 variant=base median_ms=0.557205 ratio=1.0
DIAG call=down_dA op=0 m=2048 n=2048 k=768 per_step=12 group_leaves=0 variant=nomul median_ms=0.43867 ratio=0.7872685995280014
DIAG call=down_dA op=0 m=2048 n=2048 k=768 per_step=12 group_leaves=0 variant=noload median_ms=0.54675 ratio=0.9812367082133147
DIAG call=down_dA op=0 m=2048 n=2048 k=768 per_step=12 group_leaves=0 variant=nostage median_ms=0.350247 ratio=0.6285783508762485
DIAG call=down_dA op=0 m=2048 n=2048 k=768 per_step=12 group_leaves=0 variant=nofold median_ms=0.406712 ratio=0.729914483897309
DIAG call=down_dA op=0 m=2048 n=2048 k=768 per_step=12 group_leaves=0 variant=floor median_ms=0.131573 ratio=0.23613032905304154
SAMPLE down_dB variant=base round=0 ns=594506
SAMPLE down_dB variant=base round=1 ns=592715
SAMPLE down_dB variant=base round=2 ns=593931
SAMPLE down_dB variant=base round=3 ns=594315
SAMPLE down_dB variant=base round=4 ns=594075
SAMPLE down_dB variant=base round=5 ns=592631
SAMPLE down_dB variant=base round=6 ns=593638
SAMPLE down_dB variant=nomul round=0 ns=492738
SAMPLE down_dB variant=nomul round=1 ns=491970
SAMPLE down_dB variant=nomul round=2 ns=492790
SAMPLE down_dB variant=nomul round=3 ns=494432
SAMPLE down_dB variant=nomul round=4 ns=493808
SAMPLE down_dB variant=nomul round=5 ns=491543
SAMPLE down_dB variant=nomul round=6 ns=491630
SAMPLE down_dB variant=noload round=0 ns=582193
SAMPLE down_dB variant=noload round=1 ns=580733
SAMPLE down_dB variant=noload round=2 ns=581985
SAMPLE down_dB variant=noload round=3 ns=582547
SAMPLE down_dB variant=noload round=4 ns=581658
SAMPLE down_dB variant=noload round=5 ns=586157
SAMPLE down_dB variant=noload round=6 ns=581927
SAMPLE down_dB variant=nostage round=0 ns=388591
SAMPLE down_dB variant=nostage round=1 ns=388878
SAMPLE down_dB variant=nostage round=2 ns=389514
SAMPLE down_dB variant=nostage round=3 ns=388705
SAMPLE down_dB variant=nostage round=4 ns=389301
SAMPLE down_dB variant=nostage round=5 ns=389160
SAMPLE down_dB variant=nostage round=6 ns=388321
SAMPLE down_dB variant=nofold round=0 ns=489014
SAMPLE down_dB variant=nofold round=1 ns=490261
SAMPLE down_dB variant=nofold round=2 ns=489893
SAMPLE down_dB variant=nofold round=3 ns=490230
SAMPLE down_dB variant=nofold round=4 ns=495193
SAMPLE down_dB variant=nofold round=5 ns=490104
SAMPLE down_dB variant=nofold round=6 ns=491008
SAMPLE down_dB variant=floor round=0 ns=201292
SAMPLE down_dB variant=floor round=1 ns=201006
SAMPLE down_dB variant=floor round=2 ns=201580
SAMPLE down_dB variant=floor round=3 ns=201652
SAMPLE down_dB variant=floor round=4 ns=201067
SAMPLE down_dB variant=floor round=5 ns=201132
SAMPLE down_dB variant=floor round=6 ns=201169
DIAG call=down_dB op=2 m=768 n=2048 k=2048 per_step=12 group_leaves=2 variant=base median_ms=0.593931 ratio=1.0
DIAG call=down_dB op=2 m=768 n=2048 k=2048 per_step=12 group_leaves=2 variant=nomul median_ms=0.492738 ratio=0.8296216227137496
DIAG call=down_dB op=2 m=768 n=2048 k=2048 per_step=12 group_leaves=2 variant=noload median_ms=0.581985 ratio=0.9798865524783181
DIAG call=down_dB op=2 m=768 n=2048 k=2048 per_step=12 group_leaves=2 variant=nostage median_ms=0.388878 ratio=0.6547528248230855
DIAG call=down_dB op=2 m=768 n=2048 k=2048 per_step=12 group_leaves=2 variant=nofold median_ms=0.49023 ratio=0.825398909974391
DIAG call=down_dB op=2 m=768 n=2048 k=2048 per_step=12 group_leaves=2 variant=floor median_ms=0.201169 ratio=0.3387076950016079
SAMPLE head_fwd variant=base round=0 ns=13770086
SAMPLE head_fwd variant=base round=1 ns=13757281
SAMPLE head_fwd variant=base round=2 ns=13763128
SAMPLE head_fwd variant=base round=3 ns=13772444
SAMPLE head_fwd variant=base round=4 ns=13756208
SAMPLE head_fwd variant=base round=5 ns=13768820
SAMPLE head_fwd variant=base round=6 ns=13768069
SAMPLE head_fwd variant=nomul round=0 ns=11272081
SAMPLE head_fwd variant=nomul round=1 ns=11271527
SAMPLE head_fwd variant=nomul round=2 ns=11266823
SAMPLE head_fwd variant=nomul round=3 ns=11279963
SAMPLE head_fwd variant=nomul round=4 ns=11276306
SAMPLE head_fwd variant=nomul round=5 ns=11275139
SAMPLE head_fwd variant=nomul round=6 ns=11273878
SAMPLE head_fwd variant=noload round=0 ns=13580825
SAMPLE head_fwd variant=noload round=1 ns=13582317
SAMPLE head_fwd variant=noload round=2 ns=13582474
SAMPLE head_fwd variant=noload round=3 ns=13582253
SAMPLE head_fwd variant=noload round=4 ns=13576357
SAMPLE head_fwd variant=noload round=5 ns=13576947
SAMPLE head_fwd variant=noload round=6 ns=13590085
SAMPLE head_fwd variant=nostage round=0 ns=7986477
SAMPLE head_fwd variant=nostage round=1 ns=7980949
SAMPLE head_fwd variant=nostage round=2 ns=7998038
SAMPLE head_fwd variant=nostage round=3 ns=7983381
SAMPLE head_fwd variant=nostage round=4 ns=7994794
SAMPLE head_fwd variant=nostage round=5 ns=7980454
SAMPLE head_fwd variant=nostage round=6 ns=7999443
SAMPLE head_fwd variant=nofold round=0 ns=10264178
SAMPLE head_fwd variant=nofold round=1 ns=10272183
SAMPLE head_fwd variant=nofold round=2 ns=10276704
SAMPLE head_fwd variant=nofold round=3 ns=10272253
SAMPLE head_fwd variant=nofold round=4 ns=10273755
SAMPLE head_fwd variant=nofold round=5 ns=10267870
SAMPLE head_fwd variant=nofold round=6 ns=10246948
SAMPLE head_fwd variant=floor round=0 ns=2892878
SAMPLE head_fwd variant=floor round=1 ns=2893168
SAMPLE head_fwd variant=floor round=2 ns=2892898
SAMPLE head_fwd variant=floor round=3 ns=2892871
SAMPLE head_fwd variant=floor round=4 ns=2893390
SAMPLE head_fwd variant=floor round=5 ns=2892384
SAMPLE head_fwd variant=floor round=6 ns=2892648
DIAG call=head_fwd op=1 m=2048 n=50257 k=768 per_step=1 group_leaves=0 variant=base median_ms=13.768069 ratio=1.0
DIAG call=head_fwd op=1 m=2048 n=50257 k=768 per_step=1 group_leaves=0 variant=nomul median_ms=11.273878 ratio=0.81884235182145
DIAG call=head_fwd op=1 m=2048 n=50257 k=768 per_step=1 group_leaves=0 variant=noload median_ms=13.582253 ratio=0.9865038445115287
DIAG call=head_fwd op=1 m=2048 n=50257 k=768 per_step=1 group_leaves=0 variant=nostage median_ms=7.986477 ratio=0.5800724124784673
DIAG call=head_fwd op=1 m=2048 n=50257 k=768 per_step=1 group_leaves=0 variant=nofold median_ms=10.272183 ratio=0.7460874142917209
DIAG call=head_fwd op=1 m=2048 n=50257 k=768 per_step=1 group_leaves=0 variant=floor median_ms=2.892878 ratio=0.2101150132237135
SAMPLE head_dA variant=base round=0 ns=14757994
SAMPLE head_dA variant=base round=1 ns=14752471
SAMPLE head_dA variant=base round=2 ns=14725277
SAMPLE head_dA variant=base round=3 ns=14755280
SAMPLE head_dA variant=base round=4 ns=14752397
SAMPLE head_dA variant=base round=5 ns=14736767
SAMPLE head_dA variant=base round=6 ns=14751391
SAMPLE head_dA variant=nomul round=0 ns=12200059
SAMPLE head_dA variant=nomul round=1 ns=12195400
SAMPLE head_dA variant=nomul round=2 ns=12219261
SAMPLE head_dA variant=nomul round=3 ns=12216466
SAMPLE head_dA variant=nomul round=4 ns=12218295
SAMPLE head_dA variant=nomul round=5 ns=12210803
SAMPLE head_dA variant=nomul round=6 ns=12196873
SAMPLE head_dA variant=noload round=0 ns=14425967
SAMPLE head_dA variant=noload round=1 ns=14438593
SAMPLE head_dA variant=noload round=2 ns=14441478
SAMPLE head_dA variant=noload round=3 ns=14437223
SAMPLE head_dA variant=noload round=4 ns=14446350
SAMPLE head_dA variant=noload round=5 ns=14413765
SAMPLE head_dA variant=noload round=6 ns=14430460
SAMPLE head_dA variant=nostage round=0 ns=10453537
SAMPLE head_dA variant=nostage round=1 ns=10484372
SAMPLE head_dA variant=nostage round=2 ns=10465367
SAMPLE head_dA variant=nostage round=3 ns=10499184
SAMPLE head_dA variant=nostage round=4 ns=10455086
SAMPLE head_dA variant=nostage round=5 ns=10452982
SAMPLE head_dA variant=nostage round=6 ns=10502222
SAMPLE head_dA variant=nofold round=0 ns=10892887
SAMPLE head_dA variant=nofold round=1 ns=10878341
SAMPLE head_dA variant=nofold round=2 ns=10868896
SAMPLE head_dA variant=nofold round=3 ns=10891043
SAMPLE head_dA variant=nofold round=4 ns=10876904
SAMPLE head_dA variant=nofold round=5 ns=10878132
SAMPLE head_dA variant=nofold round=6 ns=10881438
SAMPLE head_dA variant=floor round=0 ns=3222569
SAMPLE head_dA variant=floor round=1 ns=3223301
SAMPLE head_dA variant=floor round=2 ns=3221657
SAMPLE head_dA variant=floor round=3 ns=3222227
SAMPLE head_dA variant=floor round=4 ns=3237579
SAMPLE head_dA variant=floor round=5 ns=3221928
SAMPLE head_dA variant=floor round=6 ns=3222203
DIAG call=head_dA op=0 m=2048 n=768 k=50257 per_step=1 group_leaves=64 variant=base median_ms=14.752397 ratio=1.0
DIAG call=head_dA op=0 m=2048 n=768 k=50257 per_step=1 group_leaves=64 variant=nomul median_ms=12.210803 ratio=0.8277165398951777
DIAG call=head_dA op=0 m=2048 n=768 k=50257 per_step=1 group_leaves=64 variant=noload median_ms=14.437223 ratio=0.9786357430592465
DIAG call=head_dA op=0 m=2048 n=768 k=50257 per_step=1 group_leaves=64 variant=nostage median_ms=10.465367 ratio=0.7094011230852858
DIAG call=head_dA op=0 m=2048 n=768 k=50257 per_step=1 group_leaves=64 variant=nofold median_ms=10.878341 ratio=0.7373948111618742
DIAG call=head_dA op=0 m=2048 n=768 k=50257 per_step=1 group_leaves=64 variant=floor median_ms=3.222227 ratio=0.21842057260254047
SAMPLE head_dB variant=base round=0 ns=13600312
SAMPLE head_dB variant=base round=1 ns=13501717
SAMPLE head_dB variant=base round=2 ns=13712561
SAMPLE head_dB variant=base round=3 ns=13587617
SAMPLE head_dB variant=base round=4 ns=13439782
SAMPLE head_dB variant=base round=5 ns=13516978
SAMPLE head_dB variant=base round=6 ns=13448466
SAMPLE head_dB variant=nomul round=0 ns=10658749
SAMPLE head_dB variant=nomul round=1 ns=10650621
SAMPLE head_dB variant=nomul round=2 ns=10662698
SAMPLE head_dB variant=nomul round=3 ns=10645519
SAMPLE head_dB variant=nomul round=4 ns=10660800
SAMPLE head_dB variant=nomul round=5 ns=10652522
SAMPLE head_dB variant=nomul round=6 ns=10653090
SAMPLE head_dB variant=noload round=0 ns=13418476
SAMPLE head_dB variant=noload round=1 ns=13415750
SAMPLE head_dB variant=noload round=2 ns=13465755
SAMPLE head_dB variant=noload round=3 ns=13459835
SAMPLE head_dB variant=noload round=4 ns=13418779
SAMPLE head_dB variant=noload round=5 ns=13381411
SAMPLE head_dB variant=noload round=6 ns=13466898
SAMPLE head_dB variant=nostage round=0 ns=8871098
SAMPLE head_dB variant=nostage round=1 ns=8886995
SAMPLE head_dB variant=nostage round=2 ns=8892638
SAMPLE head_dB variant=nostage round=3 ns=8877431
SAMPLE head_dB variant=nostage round=4 ns=8891315
SAMPLE head_dB variant=nostage round=5 ns=8910037
SAMPLE head_dB variant=nostage round=6 ns=8915408
SAMPLE head_dB variant=nofold round=0 ns=9983822
SAMPLE head_dB variant=nofold round=1 ns=10003768
SAMPLE head_dB variant=nofold round=2 ns=10013022
SAMPLE head_dB variant=nofold round=3 ns=10009479
SAMPLE head_dB variant=nofold round=4 ns=10015012
SAMPLE head_dB variant=nofold round=5 ns=10012974
SAMPLE head_dB variant=nofold round=6 ns=10018772
SAMPLE head_dB variant=floor round=0 ns=2850493
SAMPLE head_dB variant=floor round=1 ns=2849521
SAMPLE head_dB variant=floor round=2 ns=2847494
SAMPLE head_dB variant=floor round=3 ns=2847434
SAMPLE head_dB variant=floor round=4 ns=2852078
SAMPLE head_dB variant=floor round=5 ns=2848567
SAMPLE head_dB variant=floor round=6 ns=2846391
DIAG call=head_dB op=2 m=50257 n=768 k=2048 per_step=1 group_leaves=0 variant=base median_ms=13.516978 ratio=1.0
DIAG call=head_dB op=2 m=50257 n=768 k=2048 per_step=1 group_leaves=0 variant=nomul median_ms=10.65309 ratio=0.7881266064056626
DIAG call=head_dB op=2 m=50257 n=768 k=2048 per_step=1 group_leaves=0 variant=noload median_ms=13.418779 ratio=0.9927351365075834
DIAG call=head_dB op=2 m=50257 n=768 k=2048 per_step=1 group_leaves=0 variant=nostage median_ms=8.891315 ratio=0.6577886714027352
DIAG call=head_dB op=2 m=50257 n=768 k=2048 per_step=1 group_leaves=0 variant=nofold median_ms=10.012974 ratio=0.7407701632717016
DIAG call=head_dB op=2 m=50257 n=768 k=2048 per_step=1 group_leaves=0 variant=floor median_ms=2.848567 ratio=0.21073993018261922
DIAGSTEP variant=base sum_ms=144.74257599999999 ratio=1.0 (per-call medians weighted by per-step counts; base is kpack_padv)
DIAGSTEP variant=nomul sum_ms=119.24192699999999 ratio=0.8238206773382284 (per-call medians weighted by per-step counts; base is kpack_padv)
DIAGSTEP variant=noload sum_ms=142.08043099999998 ratio=0.9816077268101128 (per-call medians weighted by per-step counts; base is kpack_padv)
DIAGSTEP variant=nostage sum_ms=96.35158299999999 ratio=0.6656754747822092 (per-call medians weighted by per-step counts; base is kpack_padv)
DIAGSTEP variant=nofold sum_ms=115.626962 ratio=0.798845544934892 (per-call medians weighted by per-step counts; base is kpack_padv)
DIAGSTEP variant=floor sum_ms=45.20184800000001 ratio=0.31229130535855615 (per-call medians weighted by per-step counts; base is kpack_padv)
DIAG_DONE
