vendor=nvidia
payload=speed
family=forest
lanes=gbdt-lossguide et iforest
commit=a8d838ea6216817cecbd011a0b014c5b7a644546
rounds=5
size=shipped
dataset=higgs
rows_ladder=1000000 2000000
arm_budget=600
work_timeout=3000
started=2026-08-28T08:10:07Z
device=NVIDIA_H100_80GB_HBM3
binding_install_exit base=0
binding_install_exit estimators=0
binding_install_exit gbdt=0
binding_install_exit linalg=0
binding_install_exit metrics=0
binding_install_exit rf=0
binding_install_exit solver=0
binding_install_exit svm=0
binding_install_exit trees=0
binding_install_exit tsa=0
binding_build_exit base=0
binding_build_exit estimators=0
binding_build_exit gbdt=0
binding_build_exit linalg=0
binding_build_exit metrics=0
binding_build_exit rf=0
binding_build_exit solver=0
binding_build_exit svm=0
binding_build_exit trees=0
binding_build_exit tsa=0
import_mojolearn_exit=0
pip_exit catboost xgboost lightgbm scikit-learn=0
download_exit year=0
download_exit covtype=0
download_exit higgs=0
pip_exit --extra-index-url=https://pypi.nvidia.com cuml-cu12=0
lightgbm_cuda_build=SKIPPED by --no-lgbm-cuda; the wheel's CPU learner still runs and every lightgbm-cuda arm will refuse by name
arm_exit forest.gbdt-lossguide.r1000000.log=0
arm_exit forest.gbdt-lossguide.r2000000.log=0
arm_exit forest.et.r1000000.log=0
arm_exit forest.et.r2000000.log=0
arm_exit forest.iforest.r1000000.log=0
arm_exit forest.iforest.r2000000.log=0
fspeed_lines=132
fspeed_rounds=60
fspeed_refused=18
ours_headers_fast=6
ours_headers_identical=0
finished=2026-08-28T08:28:01Z
REMOTE_BODY_DONE
