vendor=nvidia
payload=speed
family=forest
lanes=et
commit=a6bddf3140aeac4e6123620fd1104db16e8ed093
rounds=5
size=shipped
dataset=higgs:1000000,2000000 synthwide:1000000
rows_ladder=
arm_budget=1200
cpu_diagnostic=lightgbm-cpu
work_timeout=3000
started=2026-09-08T08:08:51Z
gpu_archs=none-build-box-device-only
ours_mode=identical
device=NVIDIA_H100_80GB_HBM3
mojo_driver_defs=-D MOJOLEARN_NUMERIC_IDENTICAL=1
binding_install_exit base=0
binding_install_exit arima=0
binding_install_exit byte_lm=2
binding_install_exit estimators=0
binding_install_exit gbdt=0
binding_install_exit gp=0
binding_install_exit linalg=0
binding_install_exit mamba=0
binding_install_exit metrics=0
binding_install_exit rf=0
binding_install_exit solver=0
binding_install_exit svm=0
binding_install_exit training=0
binding_install_exit transformer=0
binding_install_exit trees=0
binding_install_exit tsa=0
binding_build_exit base=0
binding_build_exit arima=0
binding_build_exit byte_lm=2
binding_build_exit estimators=0
binding_build_exit gbdt=0
binding_build_exit gp=0
binding_build_exit linalg=0
binding_build_exit mamba=0
binding_build_exit metrics=0
binding_build_exit rf=0
binding_build_exit solver=0
binding_build_exit svm=0
binding_build_exit training=0
binding_build_exit transformer=0
binding_build_exit trees=0
binding_build_exit tsa=0
import_mojolearn_exit=0
pip_exit catboost xgboost lightgbm scikit-learn=0
download_exit year=0
download_exit covtype=0
download_exit higgs=0
pip_exit --extra-index-url=https://pypi.nvidia.com cuml-cu12=0
lightgbm_cuda_build_exit=0
lightgbm_cuda_works=yes
arm_exit forest.et.higgs.r1000000.log=0
arm_exit forest.et.higgs.r2000000.log=0
arm_exit forest.et.synthwide.r1000000.log=139
fspeed_lines=71
fspeed_rounds=22
fspeed_refused=11
ours_headers_fast=0
ours_headers_identical=3
finished=2026-09-08T08:45:24Z
REMOTE_BODY_DONE
