training a 50256-rank vocabulary on 10000000 bytes (10 documents)
tokenized 16773627/100000000 bytes, 4298511 ids, 2.7 s, 6.176 MB/s
prepare wall_s=1291.08
{
 "vocabulary": {
  "schema": "mojolearn.bpe-vocabulary.v1",
  "sha256": "32ff112559cd307e8d6f4ae526dfd8ffc7e82ccab32c5d72f0c2b30d4d536e74",
  "n_ranks": 50256,
  "n_vocab": 50257,
  "endoftext_id": 50256
 },
 "tokens_sha256": "c25481a7756c31921219521d0ff19fcf001b2d1af43604ee14ed11d2f31aa8fe",
 "tokens": 26206251
}
/root/prep_cache/vocab/2b49720ec4d78c3c-v50256-f2-s10000000/vocabulary.json
{
  "schema": "mojolearn.bpe-vocabulary.v1",
  "identity": {
    "schema": "mojolearn.bpe-vocabulary.v1",
    "sha256": "32ff112559cd307e8d6f4ae526dfd8ffc7e82ccab32c5d72f0c2b30d4d536e74",
    "n_ranks": 50256,
    "n_vocab": 50257,
    "endoftext_id": 50256
  },
  "recipe": {
    "trainer": "mojolearn.tokenizer.BpeVocabularyTrainer",
    "backend": "mojo",
    "format": "mojolearn.bpe-trainer.v1",
    "tie_break": "highest count, then smallest (left_id, right_id)",
    "vocab_size": 50256,
    "min_frequency": 2,
    "corpus_sha256": "2b49720ec4d78c3c9fabaee6e4179a5e997302b3a70029f30f2d582218c024a8",
    "sample": [
      0,
      10000000
    ],
    "document_bytes": 1048576,
    "n_tokens": 50256,
    "n_merges": 50000,
    "n_ties_broken": 48467,
    "train_seconds": 1273.5860354416072
  },
  "scope": "trained on or loaded for the caller's corpus; never shipped with mojolearn"
}

