# vendor=amd-mi300x-gfx942 commit=f771338c7ab68820606b66892e202a45d43c6dda (MOJOLEARN_COMMIT)
# identity_break  mode=identical  2026-09-18 18:21:20  Linux-6.8.0-124-generic-x86_64-with-glibc2.35
# per lane: the train row, then an `infer` row (held-out rows), a `model` row (saved bytes) and a `batch` row (whole batch vs rows alone, a split and prefixes) where the lane has them
| lane                   | base             | ties             | hashed           | wide             | denormal         | denormal_ftz     | dupes            | odd              | negative         |
|------------------------|------------------|------------------|------------------|------------------|------------------|------------------|------------------|------------------|------------------|
# START gp-sample-y-normalize/base repeat=1/train
# DONE gp-sample-y-normalize/base repeat=1/train 5.235s
# START gp-sample-y-normalize/base repeat=1/infer-save-reload
# DONE gp-sample-y-normalize/base repeat=1/infer-save-reload 0.022s
# START gp-sample-y-normalize/base repeat=1/batch
# DONE gp-sample-y-normalize/base repeat=1/batch 0.000s
# START gp-sample-y-normalize/base repeat=1/batchgrad
# DONE gp-sample-y-normalize/base repeat=1/batchgrad 0.000s
# START gp-sample-y-normalize/base repeat=1/batchscale
# DONE gp-sample-y-normalize/base repeat=1/batchscale 0.000s
# START gp-sample-y-normalize/base repeat=1/ragged
# DONE gp-sample-y-normalize/base repeat=1/ragged 0.000s
# START gp-sample-y-normalize/base repeat=1/stepfull
# DONE gp-sample-y-normalize/base repeat=1/stepfull 0.000s
# START gp-sample-y-normalize/base repeat=2/train
# DONE gp-sample-y-normalize/base repeat=2/train 0.038s
# START gp-sample-y-normalize/base repeat=2/infer-save-reload
# DONE gp-sample-y-normalize/base repeat=2/infer-save-reload 0.021s
# START gp-sample-y-normalize/base repeat=2/batch
# DONE gp-sample-y-normalize/base repeat=2/batch 0.000s
# START gp-sample-y-normalize/base repeat=2/batchgrad
# DONE gp-sample-y-normalize/base repeat=2/batchgrad 0.000s
# START gp-sample-y-normalize/base repeat=2/batchscale
# DONE gp-sample-y-normalize/base repeat=2/batchscale 0.000s
# START gp-sample-y-normalize/base repeat=2/ragged
# DONE gp-sample-y-normalize/base repeat=2/ragged 0.000s
# START gp-sample-y-normalize/base repeat=2/stepfull
# DONE gp-sample-y-normalize/base repeat=2/stepfull 0.000s
# CELL gp-sample-y-normalize/base STABLE 5.317s
# START gp-sample-y-normalize/ties repeat=1/train
# DONE gp-sample-y-normalize/ties repeat=1/train 0.038s
# START gp-sample-y-normalize/ties repeat=1/infer-save-reload
# DONE gp-sample-y-normalize/ties repeat=1/infer-save-reload 0.021s
# START gp-sample-y-normalize/ties repeat=1/batch
# DONE gp-sample-y-normalize/ties repeat=1/batch 0.000s
# START gp-sample-y-normalize/ties repeat=1/batchgrad
# DONE gp-sample-y-normalize/ties repeat=1/batchgrad 0.000s
# START gp-sample-y-normalize/ties repeat=1/batchscale
# DONE gp-sample-y-normalize/ties repeat=1/batchscale 0.000s
# START gp-sample-y-normalize/ties repeat=1/ragged
# DONE gp-sample-y-normalize/ties repeat=1/ragged 0.000s
# START gp-sample-y-normalize/ties repeat=1/stepfull
# DONE gp-sample-y-normalize/ties repeat=1/stepfull 0.000s
# START gp-sample-y-normalize/ties repeat=2/train
# DONE gp-sample-y-normalize/ties repeat=2/train 0.038s
# START gp-sample-y-normalize/ties repeat=2/infer-save-reload
# DONE gp-sample-y-normalize/ties repeat=2/infer-save-reload 0.021s
# START gp-sample-y-normalize/ties repeat=2/batch
# DONE gp-sample-y-normalize/ties repeat=2/batch 0.000s
# START gp-sample-y-normalize/ties repeat=2/batchgrad
# DONE gp-sample-y-normalize/ties repeat=2/batchgrad 0.000s
# START gp-sample-y-normalize/ties repeat=2/batchscale
# DONE gp-sample-y-normalize/ties repeat=2/batchscale 0.000s
# START gp-sample-y-normalize/ties repeat=2/ragged
# DONE gp-sample-y-normalize/ties repeat=2/ragged 0.000s
# START gp-sample-y-normalize/ties repeat=2/stepfull
# DONE gp-sample-y-normalize/ties repeat=2/stepfull 0.000s
# CELL gp-sample-y-normalize/ties STABLE 0.118s
# START gp-sample-y-normalize/hashed repeat=1/train
# DONE gp-sample-y-normalize/hashed repeat=1/train 0.038s
# START gp-sample-y-normalize/hashed repeat=1/infer-save-reload
# DONE gp-sample-y-normalize/hashed repeat=1/infer-save-reload 0.021s
# START gp-sample-y-normalize/hashed repeat=1/batch
# DONE gp-sample-y-normalize/hashed repeat=1/batch 0.000s
# START gp-sample-y-normalize/hashed repeat=1/batchgrad
# DONE gp-sample-y-normalize/hashed repeat=1/batchgrad 0.000s
# START gp-sample-y-normalize/hashed repeat=1/batchscale
# DONE gp-sample-y-normalize/hashed repeat=1/batchscale 0.000s
# START gp-sample-y-normalize/hashed repeat=1/ragged
# DONE gp-sample-y-normalize/hashed repeat=1/ragged 0.000s
# START gp-sample-y-normalize/hashed repeat=1/stepfull
# DONE gp-sample-y-normalize/hashed repeat=1/stepfull 0.000s
# START gp-sample-y-normalize/hashed repeat=2/train
# DONE gp-sample-y-normalize/hashed repeat=2/train 0.038s
# START gp-sample-y-normalize/hashed repeat=2/infer-save-reload
# DONE gp-sample-y-normalize/hashed repeat=2/infer-save-reload 0.021s
# START gp-sample-y-normalize/hashed repeat=2/batch
# DONE gp-sample-y-normalize/hashed repeat=2/batch 0.000s
# START gp-sample-y-normalize/hashed repeat=2/batchgrad
# DONE gp-sample-y-normalize/hashed repeat=2/batchgrad 0.000s
# START gp-sample-y-normalize/hashed repeat=2/batchscale
# DONE gp-sample-y-normalize/hashed repeat=2/batchscale 0.000s
# START gp-sample-y-normalize/hashed repeat=2/ragged
# DONE gp-sample-y-normalize/hashed repeat=2/ragged 0.000s
# START gp-sample-y-normalize/hashed repeat=2/stepfull
# DONE gp-sample-y-normalize/hashed repeat=2/stepfull 0.000s
# CELL gp-sample-y-normalize/hashed STABLE 0.119s
# START gp-sample-y-normalize/wide repeat=1/train
# DONE gp-sample-y-normalize/wide repeat=1/train 0.038s
# START gp-sample-y-normalize/wide repeat=1/infer-save-reload
# DONE gp-sample-y-normalize/wide repeat=1/infer-save-reload 0.021s
# START gp-sample-y-normalize/wide repeat=1/batch
# DONE gp-sample-y-normalize/wide repeat=1/batch 0.000s
# START gp-sample-y-normalize/wide repeat=1/batchgrad
# DONE gp-sample-y-normalize/wide repeat=1/batchgrad 0.000s
# START gp-sample-y-normalize/wide repeat=1/batchscale
# DONE gp-sample-y-normalize/wide repeat=1/batchscale 0.000s
# START gp-sample-y-normalize/wide repeat=1/ragged
# DONE gp-sample-y-normalize/wide repeat=1/ragged 0.000s
# START gp-sample-y-normalize/wide repeat=1/stepfull
# DONE gp-sample-y-normalize/wide repeat=1/stepfull 0.000s
# START gp-sample-y-normalize/wide repeat=2/train
# DONE gp-sample-y-normalize/wide repeat=2/train 0.038s
# START gp-sample-y-normalize/wide repeat=2/infer-save-reload
# DONE gp-sample-y-normalize/wide repeat=2/infer-save-reload 0.021s
# START gp-sample-y-normalize/wide repeat=2/batch
# DONE gp-sample-y-normalize/wide repeat=2/batch 0.000s
# START gp-sample-y-normalize/wide repeat=2/batchgrad
# DONE gp-sample-y-normalize/wide repeat=2/batchgrad 0.000s
# START gp-sample-y-normalize/wide repeat=2/batchscale
# DONE gp-sample-y-normalize/wide repeat=2/batchscale 0.000s
# START gp-sample-y-normalize/wide repeat=2/ragged
# DONE gp-sample-y-normalize/wide repeat=2/ragged 0.000s
# START gp-sample-y-normalize/wide repeat=2/stepfull
# DONE gp-sample-y-normalize/wide repeat=2/stepfull 0.000s
# CELL gp-sample-y-normalize/wide STABLE 0.118s
# START gp-sample-y-normalize/denormal repeat=1/train
# DONE gp-sample-y-normalize/denormal repeat=1/train 0.038s
# START gp-sample-y-normalize/denormal repeat=1/infer-save-reload
# DONE gp-sample-y-normalize/denormal repeat=1/infer-save-reload 0.021s
# START gp-sample-y-normalize/denormal repeat=1/batch
# DONE gp-sample-y-normalize/denormal repeat=1/batch 0.000s
# START gp-sample-y-normalize/denormal repeat=1/batchgrad
# DONE gp-sample-y-normalize/denormal repeat=1/batchgrad 0.000s
# START gp-sample-y-normalize/denormal repeat=1/batchscale
# DONE gp-sample-y-normalize/denormal repeat=1/batchscale 0.000s
# START gp-sample-y-normalize/denormal repeat=1/ragged
# DONE gp-sample-y-normalize/denormal repeat=1/ragged 0.000s
# START gp-sample-y-normalize/denormal repeat=1/stepfull
# DONE gp-sample-y-normalize/denormal repeat=1/stepfull 0.000s
# START gp-sample-y-normalize/denormal repeat=2/train
# DONE gp-sample-y-normalize/denormal repeat=2/train 0.038s
# START gp-sample-y-normalize/denormal repeat=2/infer-save-reload
# DONE gp-sample-y-normalize/denormal repeat=2/infer-save-reload 0.021s
# START gp-sample-y-normalize/denormal repeat=2/batch
# DONE gp-sample-y-normalize/denormal repeat=2/batch 0.000s
# START gp-sample-y-normalize/denormal repeat=2/batchgrad
# DONE gp-sample-y-normalize/denormal repeat=2/batchgrad 0.000s
# START gp-sample-y-normalize/denormal repeat=2/batchscale
# DONE gp-sample-y-normalize/denormal repeat=2/batchscale 0.000s
# START gp-sample-y-normalize/denormal repeat=2/ragged
# DONE gp-sample-y-normalize/denormal repeat=2/ragged 0.000s
# START gp-sample-y-normalize/denormal repeat=2/stepfull
# DONE gp-sample-y-normalize/denormal repeat=2/stepfull 0.000s
# CELL gp-sample-y-normalize/denormal STABLE 0.119s
# START gp-sample-y-normalize/denormal_ftz repeat=1/train
# DONE gp-sample-y-normalize/denormal_ftz repeat=1/train 0.038s
# START gp-sample-y-normalize/denormal_ftz repeat=1/infer-save-reload
# DONE gp-sample-y-normalize/denormal_ftz repeat=1/infer-save-reload 0.021s
# START gp-sample-y-normalize/denormal_ftz repeat=1/batch
# DONE gp-sample-y-normalize/denormal_ftz repeat=1/batch 0.000s
# START gp-sample-y-normalize/denormal_ftz repeat=1/batchgrad
# DONE gp-sample-y-normalize/denormal_ftz repeat=1/batchgrad 0.000s
# START gp-sample-y-normalize/denormal_ftz repeat=1/batchscale
# DONE gp-sample-y-normalize/denormal_ftz repeat=1/batchscale 0.000s
# START gp-sample-y-normalize/denormal_ftz repeat=1/ragged
# DONE gp-sample-y-normalize/denormal_ftz repeat=1/ragged 0.000s
# START gp-sample-y-normalize/denormal_ftz repeat=1/stepfull
# DONE gp-sample-y-normalize/denormal_ftz repeat=1/stepfull 0.000s
# START gp-sample-y-normalize/denormal_ftz repeat=2/train
# DONE gp-sample-y-normalize/denormal_ftz repeat=2/train 0.038s
# START gp-sample-y-normalize/denormal_ftz repeat=2/infer-save-reload
# DONE gp-sample-y-normalize/denormal_ftz repeat=2/infer-save-reload 0.021s
# START gp-sample-y-normalize/denormal_ftz repeat=2/batch
# DONE gp-sample-y-normalize/denormal_ftz repeat=2/batch 0.000s
# START gp-sample-y-normalize/denormal_ftz repeat=2/batchgrad
# DONE gp-sample-y-normalize/denormal_ftz repeat=2/batchgrad 0.000s
# START gp-sample-y-normalize/denormal_ftz repeat=2/batchscale
# DONE gp-sample-y-normalize/denormal_ftz repeat=2/batchscale 0.000s
# START gp-sample-y-normalize/denormal_ftz repeat=2/ragged
# DONE gp-sample-y-normalize/denormal_ftz repeat=2/ragged 0.000s
# START gp-sample-y-normalize/denormal_ftz repeat=2/stepfull
# DONE gp-sample-y-normalize/denormal_ftz repeat=2/stepfull 0.000s
# CELL gp-sample-y-normalize/denormal_ftz STABLE 0.119s
# START gp-sample-y-normalize/dupes repeat=1/train
# DONE gp-sample-y-normalize/dupes repeat=1/train 0.039s
# START gp-sample-y-normalize/dupes repeat=1/infer-save-reload
# DONE gp-sample-y-normalize/dupes repeat=1/infer-save-reload 0.021s
# START gp-sample-y-normalize/dupes repeat=1/batch
# DONE gp-sample-y-normalize/dupes repeat=1/batch 0.000s
# START gp-sample-y-normalize/dupes repeat=1/batchgrad
# DONE gp-sample-y-normalize/dupes repeat=1/batchgrad 0.000s
# START gp-sample-y-normalize/dupes repeat=1/batchscale
# DONE gp-sample-y-normalize/dupes repeat=1/batchscale 0.000s
# START gp-sample-y-normalize/dupes repeat=1/ragged
# DONE gp-sample-y-normalize/dupes repeat=1/ragged 0.000s
# START gp-sample-y-normalize/dupes repeat=1/stepfull
# DONE gp-sample-y-normalize/dupes repeat=1/stepfull 0.000s
# START gp-sample-y-normalize/dupes repeat=2/train
# DONE gp-sample-y-normalize/dupes repeat=2/train 0.038s
# START gp-sample-y-normalize/dupes repeat=2/infer-save-reload
# DONE gp-sample-y-normalize/dupes repeat=2/infer-save-reload 0.021s
# START gp-sample-y-normalize/dupes repeat=2/batch
# DONE gp-sample-y-normalize/dupes repeat=2/batch 0.000s
# START gp-sample-y-normalize/dupes repeat=2/batchgrad
# DONE gp-sample-y-normalize/dupes repeat=2/batchgrad 0.000s
# START gp-sample-y-normalize/dupes repeat=2/batchscale
# DONE gp-sample-y-normalize/dupes repeat=2/batchscale 0.000s
# START gp-sample-y-normalize/dupes repeat=2/ragged
# DONE gp-sample-y-normalize/dupes repeat=2/ragged 0.000s
# START gp-sample-y-normalize/dupes repeat=2/stepfull
# DONE gp-sample-y-normalize/dupes repeat=2/stepfull 0.000s
# CELL gp-sample-y-normalize/dupes STABLE 0.121s
# START gp-sample-y-normalize/odd repeat=1/train
# DONE gp-sample-y-normalize/odd repeat=1/train 0.038s
# START gp-sample-y-normalize/odd repeat=1/infer-save-reload
# DONE gp-sample-y-normalize/odd repeat=1/infer-save-reload 0.021s
# START gp-sample-y-normalize/odd repeat=1/batch
# DONE gp-sample-y-normalize/odd repeat=1/batch 0.000s
# START gp-sample-y-normalize/odd repeat=1/batchgrad
# DONE gp-sample-y-normalize/odd repeat=1/batchgrad 0.000s
# START gp-sample-y-normalize/odd repeat=1/batchscale
# DONE gp-sample-y-normalize/odd repeat=1/batchscale 0.000s
# START gp-sample-y-normalize/odd repeat=1/ragged
# DONE gp-sample-y-normalize/odd repeat=1/ragged 0.000s
# START gp-sample-y-normalize/odd repeat=1/stepfull
# DONE gp-sample-y-normalize/odd repeat=1/stepfull 0.000s
# START gp-sample-y-normalize/odd repeat=2/train
# DONE gp-sample-y-normalize/odd repeat=2/train 0.038s
# START gp-sample-y-normalize/odd repeat=2/infer-save-reload
# DONE gp-sample-y-normalize/odd repeat=2/infer-save-reload 0.021s
# START gp-sample-y-normalize/odd repeat=2/batch
# DONE gp-sample-y-normalize/odd repeat=2/batch 0.000s
# START gp-sample-y-normalize/odd repeat=2/batchgrad
# DONE gp-sample-y-normalize/odd repeat=2/batchgrad 0.000s
# START gp-sample-y-normalize/odd repeat=2/batchscale
# DONE gp-sample-y-normalize/odd repeat=2/batchscale 0.000s
# START gp-sample-y-normalize/odd repeat=2/ragged
# DONE gp-sample-y-normalize/odd repeat=2/ragged 0.000s
# START gp-sample-y-normalize/odd repeat=2/stepfull
# DONE gp-sample-y-normalize/odd repeat=2/stepfull 0.000s
# CELL gp-sample-y-normalize/odd STABLE 0.120s
# START gp-sample-y-normalize/negative repeat=1/train
# DONE gp-sample-y-normalize/negative repeat=1/train 0.059s
# START gp-sample-y-normalize/negative repeat=1/infer-save-reload
# DONE gp-sample-y-normalize/negative repeat=1/infer-save-reload 0.027s
# START gp-sample-y-normalize/negative repeat=1/batch
# DONE gp-sample-y-normalize/negative repeat=1/batch 0.001s
# START gp-sample-y-normalize/negative repeat=1/batchgrad
# DONE gp-sample-y-normalize/negative repeat=1/batchgrad 0.000s
# START gp-sample-y-normalize/negative repeat=1/batchscale
# DONE gp-sample-y-normalize/negative repeat=1/batchscale 0.000s
# START gp-sample-y-normalize/negative repeat=1/ragged
# DONE gp-sample-y-normalize/negative repeat=1/ragged 0.000s
# START gp-sample-y-normalize/negative repeat=1/stepfull
# DONE gp-sample-y-normalize/negative repeat=1/stepfull 0.000s
# START gp-sample-y-normalize/negative repeat=2/train
# DONE gp-sample-y-normalize/negative repeat=2/train 0.040s
# START gp-sample-y-normalize/negative repeat=2/infer-save-reload
# DONE gp-sample-y-normalize/negative repeat=2/infer-save-reload 0.022s
# START gp-sample-y-normalize/negative repeat=2/batch
# DONE gp-sample-y-normalize/negative repeat=2/batch 0.000s
# START gp-sample-y-normalize/negative repeat=2/batchgrad
# DONE gp-sample-y-normalize/negative repeat=2/batchgrad 0.000s
# START gp-sample-y-normalize/negative repeat=2/batchscale
# DONE gp-sample-y-normalize/negative repeat=2/batchscale 0.000s
# START gp-sample-y-normalize/negative repeat=2/ragged
# DONE gp-sample-y-normalize/negative repeat=2/ragged 0.000s
# START gp-sample-y-normalize/negative repeat=2/stepfull
# DONE gp-sample-y-normalize/negative repeat=2/stepfull 0.000s
# CELL gp-sample-y-normalize/negative STABLE 0.151s
| gp-sample-y-normalize  | b5ad01b81c59fdf3 | 43811dbad15ad2f0 | 455f431e3dcb0773 | c11bb0e6d158bfe3 | 33512fcfac39fb55 | 33512fcfac39fb55 | 78ae9a8195ece8f9 | b4dd92087d7a5b3a | 0644e14fb6f52191 |
| gp-sample-y-normalize infer | 0c4beaeb3b1aeb90 | 37a77ee22082dc29 | c0c2a3bec4606a09 | 296d00db02a3dc55 | d83e1344b5034607 | d83e1344b5034607 | 64889722931adde7 | 1ed38e7596ec035d | de0542b579ff2843 |
| gp-sample-y-normalize model | 988bc1c3b51246a4 | 4af86e76b34e092c | 78eb0a3ce16ce7c5 | 7aaddfff81162cc0 | 7838eff1539fb489 | 5f20cf42422bf2e9 | db1cd41ce6fd1b37 | 767941378d3c368a | f8b1eb8570f5e01b |

cells=9 stable=9 moved=0 refused=0
infer: stable=9
model: stable=9
batch: n/a=9
batchgrad: n/a=9
batchscale: n/a=9
ragged: n/a=9
stepfull: n/a=9
n/a: gp-sample-y-normalize batch n/a:jointly-correlated (sample_y draws all rows of a call from one joint posterior), gp-sample-y-normalize batchgrad n/a:no-backward, gp-sample-y-normalize batchscale n/a:not-in-the-serving-set, gp-sample-y-normalize ragged n/a:no-sequence-axis, gp-sample-y-normalize stepfull n/a:no-decode-state
wrote /root/gemm_leg_out/ordinary-holds/recovery-gp/capture/gp-sample-y-normalize.json
