10142 external/tcmalloc+/tcmalloc/internal/system_allocator.h:713] Warning: Unable to mbind memory (errno=1, base=0x781400000000, nodemask=2)
EXCP_AB_HEADER column=nvidia detect_seam=False launch_bound=256 rounds=3
EXCP_AB_DISPATCH call=proj_fwd DEFAULT kpack_hg body (DEVIATION 2707) kpack_hg 128x128 reg8x8 TC=16 KS=16 page=packed(group,step,line) pad=4 align=16 fold_flush=hw stage=gather page_bytes=16896 pages=2 load=per-step fold=lane-wide local FS=16 tpb=256 hwftz=True groups where its rule takes the call (S=132 slack=4), else all leaves in one launch all leaves in one launch
EXCP_AB call=proj_fwd kind=ordinary m=8192 n=768 k=768 hash=3b093775ef2152bd rehash_equal=True ms=0.638921 samples=0.635727,0.638921,0.703173
EXCP_AB call=proj_dA kind=ordinary m=8192 n=768 k=768 hash=5e7d375e8b1a9d26 rehash_equal=True ms=0.634617 samples=0.633318,0.634617,0.654254
10142 external/tcmalloc+/tcmalloc/internal/system_allocator.h:713] Warning: Unable to mbind memory (errno=1, base=0x12ef00000000, nodemask=1)
EXCP_AB call=proj_dB kind=ordinary m=8192 n=768 k=768 hash=061bd3b38158a525 rehash_equal=True ms=0.908808 samples=0.897183,0.908808,0.935308
EXCP_AB_DISPATCH call=gateup_fwd DEFAULT kpack_hg body (DEVIATION 2707) kpack_hg 128x128 reg8x8 TC=16 KS=16 page=packed(group,step,line) pad=4 align=16 fold_flush=hw stage=gather page_bytes=16896 pages=2 load=per-step fold=lane-wide local FS=16 tpb=256 hwftz=True groups where its rule takes the call (S=132 slack=4), else all leaves in one launch all leaves in one launch
EXCP_AB call=gateup_fwd kind=ordinary m=8192 n=2048 k=768 hash=69883f9d4520fce8 rehash_equal=True ms=1.676061 samples=1.66907,1.676061,1.691485
EXCP_AB call=gateup_dA kind=ordinary m=8192 n=2048 k=768 hash=1f32c6d75e1ae635 rehash_equal=True ms=1.664876 samples=1.664825,1.664876,1.670209
EXCP_AB call=gateup_dB kind=ordinary m=8192 n=2048 k=768 hash=6416c32304a5a9e1 rehash_equal=True ms=2.012485 samples=2.011626,2.012485,2.019684
EXCP_AB_DISPATCH call=down_fwd DEFAULT kpack_hg body (DEVIATION 2707) kpack_hg 128x128 reg8x8 TC=16 KS=16 page=packed(group,step,line) pad=4 align=16 fold_flush=hw stage=gather page_bytes=16896 pages=2 load=per-step fold=lane-wide local FS=16 tpb=256 hwftz=True groups where its rule takes the call (S=132 slack=4), else all leaves in one launch all leaves in one launch
EXCP_AB call=down_fwd kind=ordinary m=8192 n=768 k=2048 hash=3b97ab14d7768c45 rehash_equal=True ms=1.674692 samples=1.672979,1.674692,1.679157
EXCP_AB call=down_dA kind=ordinary m=8192 n=768 k=2048 hash=5cf60a67344cda5e rehash_equal=True ms=1.662186 samples=1.661154,1.662186,1.667159
EXCP_AB call=down_dB kind=ordinary m=8192 n=768 k=2048 hash=5459fe3eb5123824 rehash_equal=True ms=2.029499 samples=2.028595,2.029499,2.031101
EXCP_AB_DISPATCH call=head_fwd DEFAULT kpack_hg body (DEVIATION 2707) kpack_hg 128x128 reg8x8 TC=16 KS=16 page=packed(group,step,line) pad=4 align=16 fold_flush=hw stage=gather page_bytes=16896 pages=2 load=per-step fold=lane-wide local FS=16 tpb=256 hwftz=True groups where its rule takes the call (S=132 slack=4), else all leaves in one launch all leaves in one launch
EXCP_AB call=head_fwd kind=ordinary m=8192 n=50257 k=768 hash=e403705bfa7ca2ff rehash_equal=True ms=40.858371 samples=40.679731,40.858371,40.907436
EXCP_AB call=head_dA kind=ordinary m=8192 n=50257 k=768 hash=219804c3c5b3ea5a rehash_equal=True ms=40.665347 samples=40.664959,40.665347,40.671856
EXCP_AB call=head_dB kind=ordinary m=8192 n=50257 k=768 hash=9eaa7bd3eda51464 rehash_equal=True ms=39.450587 samples=39.436234,39.450587,39.537245
EXCP_AB_DONE
