10064 external/tcmalloc+/tcmalloc/internal/system_allocator.h:713] Warning: Unable to mbind memory (errno=1, base=0x132880000000, nodemask=1)
EXCP_AB_HEADER column=nvidia detect_seam=False launch_bound=256 rounds=3
10064 external/tcmalloc+/tcmalloc/internal/system_allocator.h:713] Warning: Unable to mbind memory (errno=1, base=0x788040000000, nodemask=2)
EXCP_AB_DISPATCH call=proj_fwd DEFAULT kpack_hg body (DEVIATION 2707) kpack_hg 128x128 reg8x8 TC=16 KS=16 page=packed(group,step,line) pad=4 align=16 fold_flush=hw stage=gather page_bytes=16896 pages=2 load=per-step fold=lane-wide local FS=16 tpb=256 hwftz=True groups where its rule takes the call (S=132 slack=4), else all leaves in one launch all leaves in one launch
EXCP_AB call=proj_fwd kind=ordinary m=8192 n=768 k=768 hash=3b093775ef2152bd rehash_equal=True ms=0.636635 samples=0.636069,0.636635,0.671728
EXCP_AB call=proj_dA kind=ordinary m=8192 n=768 k=768 hash=5e7d375e8b1a9d26 rehash_equal=True ms=0.632192 samples=0.631371,0.632192,0.641934
EXCP_AB call=proj_dB kind=ordinary m=8192 n=768 k=768 hash=061bd3b38158a525 rehash_equal=True ms=0.818979 samples=0.816681,0.818979,0.838129
EXCP_AB_DISPATCH call=gateup_fwd DEFAULT kpack_hg body (DEVIATION 2707) kpack_hg 128x128 reg8x8 TC=16 KS=16 page=packed(group,step,line) pad=4 align=16 fold_flush=hw stage=gather page_bytes=16896 pages=2 load=per-step fold=lane-wide local FS=16 tpb=256 hwftz=True groups where its rule takes the call (S=132 slack=4), else all leaves in one launch all leaves in one launch
EXCP_AB call=gateup_fwd kind=ordinary m=8192 n=2048 k=768 hash=69883f9d4520fce8 rehash_equal=True ms=1.669619 samples=1.668884,1.669619,1.683442
EXCP_AB call=gateup_dA kind=ordinary m=8192 n=2048 k=768 hash=1f32c6d75e1ae635 rehash_equal=True ms=1.661018 samples=1.660576,1.661018,1.665027
EXCP_AB call=gateup_dB kind=ordinary m=8192 n=2048 k=768 hash=6416c32304a5a9e1 rehash_equal=True ms=1.881759 samples=1.880299,1.881759,1.890536
EXCP_AB_DISPATCH call=down_fwd DEFAULT kpack_hg body (DEVIATION 2707) kpack_hg 128x128 reg8x8 TC=16 KS=16 page=packed(group,step,line) pad=4 align=16 fold_flush=hw stage=gather page_bytes=16896 pages=2 load=per-step fold=lane-wide local FS=16 tpb=256 hwftz=True groups where its rule takes the call (S=132 slack=4), else all leaves in one launch all leaves in one launch
EXCP_AB call=down_fwd kind=ordinary m=8192 n=768 k=2048 hash=3b97ab14d7768c45 rehash_equal=True ms=1.671504 samples=1.670909,1.671504,1.676709
EXCP_AB call=down_dA kind=ordinary m=8192 n=768 k=2048 hash=5cf60a67344cda5e rehash_equal=True ms=1.658469 samples=1.656939,1.658469,1.665164
EXCP_AB call=down_dB kind=ordinary m=8192 n=768 k=2048 hash=5459fe3eb5123824 rehash_equal=True ms=1.895117 samples=1.890474,1.895117,1.897185
EXCP_AB_DISPATCH call=head_fwd DEFAULT kpack_hg body (DEVIATION 2707) kpack_hg 128x128 reg8x8 TC=16 KS=16 page=packed(group,step,line) pad=4 align=16 fold_flush=hw stage=gather page_bytes=16896 pages=2 load=per-step fold=lane-wide local FS=16 tpb=256 hwftz=True groups where its rule takes the call (S=132 slack=4), else all leaves in one launch all leaves in one launch
EXCP_AB call=head_fwd kind=ordinary m=8192 n=50257 k=768 hash=e403705bfa7ca2ff rehash_equal=True ms=40.887775 samples=40.881911,40.887775,40.928007
EXCP_AB call=head_dA kind=ordinary m=8192 n=50257 k=768 hash=219804c3c5b3ea5a rehash_equal=True ms=40.724026 samples=40.665211,40.724026,40.734382
EXCP_AB call=head_dB kind=ordinary m=8192 n=50257 k=768 hash=9eaa7bd3eda51464 rehash_equal=True ms=39.469557 samples=39.446593,39.469557,39.53854
EXCP_AB_DONE
