3003 external/tcmalloc+/tcmalloc/internal/system_allocator.h:713] Warning: Unable to mbind memory (errno=1, base=0x5b8700000000, nodemask=2)
=== attention step price, mode IDENTICAL, column nvidia, generator shape B1_L2048_nh12_nkv12_hd64_win0 (a file: kind carries its own shape)
trial_hook=True phase_timers_built=False
DEFAULT column=nvidia arm=stash_tiled_fgrid_r32_qres_pf source=kernel_matrix.attn_default_arm_for baseline_is_default=False candidate_is_default=True baseline_requested=stash_tiled candidate_requested=stash_tiled_fgrid_r32_qres_pf
baseline=stash_tiled candidate=stash_tiled_fgrid_r32_qres_pf rounds=7 warmups=2
PATH baseline arm=stash_tiled is_default=False resolved_hd64=stash_tiled zdot_rows=- fwd_rows=- preflush=False reach_bit=sabotage
PATH candidate arm=stash_tiled_fgrid_r32_qres_pf is_default=True resolved_hd64=stash_tiled_fgrid_r32_qres_pf zdot_rows=- fwd_rows=32 preflush=True reach_bit=sabotage_new
--- kind file:operands-enwik8
shape=B1_L2048_nh12_nkv12_hd64_win0 visible_cells=25178112 S=2048 key_lo=0 pos0=0
RAN file:operands-enwik8 stash_tiled forward=fwd_sstash backward=bwd_stash_tiled
DIGEST file:operands-enwik8 stash_tiled ctx 5f01fc3a9bcec9c9 amax d89905a2e4307303 denom 195b4567d81c06fc zdot 8300ce7d2f4755d5 dq e0625e227bed3164 dk 27853f72872d8fc9 dv 95007640dca74d09
DIGEST file:operands-enwik8 eager ctx 5f01fc3a9bcec9c9 amax d89905a2e4307303 denom 195b4567d81c06fc zdot 8300ce7d2f4755d5 dq e0625e227bed3164 dk 27853f72872d8fc9 dv 95007640dca74d09
BITS file:operands-enwik8 stash_tiled_vs_eager ctx MATCH 0 of 1572864
BITS file:operands-enwik8 stash_tiled_vs_eager amax MATCH 0 of 24576
BITS file:operands-enwik8 stash_tiled_vs_eager denom MATCH 0 of 24576
BITS file:operands-enwik8 stash_tiled_vs_eager zdot MATCH 0 of 24576
BITS file:operands-enwik8 stash_tiled_vs_eager dq MATCH 0 of 1572864
BITS file:operands-enwik8 stash_tiled_vs_eager dk MATCH 0 of 1572864
BITS file:operands-enwik8 stash_tiled_vs_eager dv MATCH 0 of 1572864
RAN file:operands-enwik8 stash_tiled_fgrid_r32_qres_pf forward=fwd_sstash_fgrid_r32_qres_pf backward=bwd_stash_tiled_pf
DIGEST file:operands-enwik8 stash_tiled_fgrid_r32_qres_pf ctx 5f01fc3a9bcec9c9 amax d89905a2e4307303 denom 195b4567d81c06fc zdot 8300ce7d2f4755d5 dq e0625e227bed3164 dk 27853f72872d8fc9 dv 95007640dca74d09
BITS file:operands-enwik8 stash_tiled_fgrid_r32_qres_pf_vs_stash_tiled ctx MATCH 0 of 1572864
BITS file:operands-enwik8 stash_tiled_fgrid_r32_qres_pf_vs_stash_tiled amax MATCH 0 of 24576
BITS file:operands-enwik8 stash_tiled_fgrid_r32_qres_pf_vs_stash_tiled denom MATCH 0 of 24576
BITS file:operands-enwik8 stash_tiled_fgrid_r32_qres_pf_vs_stash_tiled zdot MATCH 0 of 24576
BITS file:operands-enwik8 stash_tiled_fgrid_r32_qres_pf_vs_stash_tiled dq MATCH 0 of 1572864
BITS file:operands-enwik8 stash_tiled_fgrid_r32_qres_pf_vs_stash_tiled dk MATCH 0 of 1572864
BITS file:operands-enwik8 stash_tiled_fgrid_r32_qres_pf_vs_stash_tiled dv MATCH 0 of 1572864
RAN file:operands-enwik8 stash_tiled_fgrid_r32_qres_pf+sabotage_new forward=fwd_sstash_fgrid_r32_qres_pf backward=bwd_stash_tiled_pf
BITS file:operands-enwik8 stash_tiled_fgrid_r32_qres_pf+sabotage_new_vs_stash_tiled ctx MOVED 857282 of 1572864
BITS file:operands-enwik8 stash_tiled_fgrid_r32_qres_pf+sabotage_new_vs_stash_tiled amax MOVED 16316 of 24576
BITS file:operands-enwik8 stash_tiled_fgrid_r32_qres_pf+sabotage_new_vs_stash_tiled denom MOVED 12712 of 24576
BITS file:operands-enwik8 stash_tiled_fgrid_r32_qres_pf+sabotage_new_vs_stash_tiled zdot MOVED 21014 of 24576
BITS file:operands-enwik8 stash_tiled_fgrid_r32_qres_pf+sabotage_new_vs_stash_tiled dq MOVED 1411791 of 1572864
BITS file:operands-enwik8 stash_tiled_fgrid_r32_qres_pf+sabotage_new_vs_stash_tiled dk MOVED 1453564 of 1572864
BITS file:operands-enwik8 stash_tiled_fgrid_r32_qres_pf+sabotage_new_vs_stash_tiled dv MOVED 1058201 of 1572864
RAN file:operands-enwik8 stash_tiled_fgrid_r32_qres_pf (restore) forward=fwd_sstash_fgrid_r32_qres_pf backward=bwd_stash_tiled_pf
BITS file:operands-enwik8 stash_tiled_fgrid_r32_qres_pf_restored_vs_stash_tiled ctx MATCH 0 of 1572864
BITS file:operands-enwik8 stash_tiled_fgrid_r32_qres_pf_restored_vs_stash_tiled amax MATCH 0 of 24576
BITS file:operands-enwik8 stash_tiled_fgrid_r32_qres_pf_restored_vs_stash_tiled denom MATCH 0 of 24576
BITS file:operands-enwik8 stash_tiled_fgrid_r32_qres_pf_restored_vs_stash_tiled zdot MATCH 0 of 24576
BITS file:operands-enwik8 stash_tiled_fgrid_r32_qres_pf_restored_vs_stash_tiled dq MATCH 0 of 1572864
BITS file:operands-enwik8 stash_tiled_fgrid_r32_qres_pf_restored_vs_stash_tiled dk MATCH 0 of 1572864
BITS file:operands-enwik8 stash_tiled_fgrid_r32_qres_pf_restored_vs_stash_tiled dv MATCH 0 of 1572864
REACH file:operands-enwik8 stash_tiled_fgrid_r32_qres_pf sabotage_flipped_cells=4830880 clean_restored=True reach_bit=stash_tiled_fgrid_r32_qres_pf+sabotage_new forward_moved=886310 backward_moved=3944570 amax_denom_moved=29028 ctx_moved_columns_16_up=644351 zdot_moved=21014 dv_moved=1058201
PRICE attention stash_tiled fwd file:operands-enwik8 3.135601 ms
PRICE attention stash_tiled fwdbwd file:operands-enwik8 13.51095 ms
PRICE attention stash_tiled_fgrid_r32_qres_pf fwd file:operands-enwik8 1.818438 ms
PRICE attention stash_tiled_fgrid_r32_qres_pf fwdbwd file:operands-enwik8 9.553865 ms
PRICE attention stash_tiled_fgrid_r32_qres_pf fwd file:operands-enwik8 1.858875 ms
PRICE attention stash_tiled_fgrid_r32_qres_pf fwdbwd file:operands-enwik8 9.57503 ms
PRICE attention stash_tiled fwd file:operands-enwik8 3.151551 ms
PRICE attention stash_tiled fwdbwd file:operands-enwik8 13.566327 ms
PRICE attention stash_tiled fwd file:operands-enwik8 3.14961 ms
PRICE attention stash_tiled fwdbwd file:operands-enwik8 13.605704 ms
PRICE attention stash_tiled_fgrid_r32_qres_pf fwd file:operands-enwik8 1.852041 ms
PRICE attention stash_tiled_fgrid_r32_qres_pf fwdbwd file:operands-enwik8 9.582846 ms
PRICE attention stash_tiled_fgrid_r32_qres_pf fwd file:operands-enwik8 1.872373 ms
PRICE attention stash_tiled_fgrid_r32_qres_pf fwdbwd file:operands-enwik8 9.593914 ms
PRICE attention stash_tiled fwd file:operands-enwik8 3.14731 ms
PRICE attention stash_tiled fwdbwd file:operands-enwik8 13.557604 ms
PRICE attention stash_tiled fwd file:operands-enwik8 3.150238 ms
PRICE attention stash_tiled fwdbwd file:operands-enwik8 13.502422 ms
PRICE attention stash_tiled_fgrid_r32_qres_pf fwd file:operands-enwik8 1.855839 ms
PRICE attention stash_tiled_fgrid_r32_qres_pf fwdbwd file:operands-enwik8 9.543536 ms
PRICE attention stash_tiled_fgrid_r32_qres_pf fwd file:operands-enwik8 1.848265 ms
PRICE attention stash_tiled_fgrid_r32_qres_pf fwdbwd file:operands-enwik8 9.578389 ms
PRICE attention stash_tiled fwd file:operands-enwik8 3.14395 ms
PRICE attention stash_tiled fwdbwd file:operands-enwik8 13.576536 ms
PRICE attention stash_tiled fwd file:operands-enwik8 3.153551 ms
PRICE attention stash_tiled fwdbwd file:operands-enwik8 13.49988 ms
PRICE attention stash_tiled_fgrid_r32_qres_pf fwd file:operands-enwik8 1.841938 ms
PRICE attention stash_tiled_fgrid_r32_qres_pf fwdbwd file:operands-enwik8 9.534881 ms
TABLE kind=file:operands-enwik8 shape=B1_L2048_nh12_nkv12_hd64_win0 column=nvidia default_arm=stash_tiled_fgrid_r32_qres_pf visible_cells=25178112 (useful flops: fwd 4*cells*hd, bwd 10*cells*hd; executed multiplier of the shipped kernels: fwd dots 3 of 2 contractions, bwd dots 6 of 5)
TABLE arm | fwd median ms | fwd useful TFLOP/s | fwd+bwd median ms | bwd (derived) ms | bwd useful TFLOP/s | fwd ratio | fwd+bwd ratio
TABLE stash_tiled | 3.14961 | 2.046474538752417 | 13.557604 | 10.407993999999999 | 1.5482322222706895 | 1.0 | 1.0
TABLE stash_tiled_fgrid_r32_qres_pf | 1.852041 | 3.4802667284363573 | 9.57503 | 7.722989 | 2.086496779938441 | 1.7006156991124926 | 1.4159333182245903
--- kind file:operands-pilegithub
shape=B1_L2048_nh12_nkv12_hd64_win0 visible_cells=25178112 S=2048 key_lo=0 pos0=0
RAN file:operands-pilegithub stash_tiled forward=fwd_sstash backward=bwd_stash_tiled
DIGEST file:operands-pilegithub stash_tiled ctx 2a3a48d476868ddf amax c87795424c4ce74a denom 3b946f3ab306552a zdot 18417cee822a4690 dq dce688e9f43ba511 dk b7bdacf0394a4c64 dv 36950bfa379abbf6
DIGEST file:operands-pilegithub eager ctx 2a3a48d476868ddf amax c87795424c4ce74a denom 3b946f3ab306552a zdot 18417cee822a4690 dq dce688e9f43ba511 dk b7bdacf0394a4c64 dv 36950bfa379abbf6
BITS file:operands-pilegithub stash_tiled_vs_eager ctx MATCH 0 of 1572864
BITS file:operands-pilegithub stash_tiled_vs_eager amax MATCH 0 of 24576
BITS file:operands-pilegithub stash_tiled_vs_eager denom MATCH 0 of 24576
BITS file:operands-pilegithub stash_tiled_vs_eager zdot MATCH 0 of 24576
BITS file:operands-pilegithub stash_tiled_vs_eager dq MATCH 0 of 1572864
BITS file:operands-pilegithub stash_tiled_vs_eager dk MATCH 0 of 1572864
BITS file:operands-pilegithub stash_tiled_vs_eager dv MATCH 0 of 1572864
RAN file:operands-pilegithub stash_tiled_fgrid_r32_qres_pf forward=fwd_sstash_fgrid_r32_qres_pf backward=bwd_stash_tiled_pf
DIGEST file:operands-pilegithub stash_tiled_fgrid_r32_qres_pf ctx 2a3a48d476868ddf amax c87795424c4ce74a denom 3b946f3ab306552a zdot 18417cee822a4690 dq dce688e9f43ba511 dk b7bdacf0394a4c64 dv 36950bfa379abbf6
BITS file:operands-pilegithub stash_tiled_fgrid_r32_qres_pf_vs_stash_tiled ctx MATCH 0 of 1572864
BITS file:operands-pilegithub stash_tiled_fgrid_r32_qres_pf_vs_stash_tiled amax MATCH 0 of 24576
BITS file:operands-pilegithub stash_tiled_fgrid_r32_qres_pf_vs_stash_tiled denom MATCH 0 of 24576
BITS file:operands-pilegithub stash_tiled_fgrid_r32_qres_pf_vs_stash_tiled zdot MATCH 0 of 24576
BITS file:operands-pilegithub stash_tiled_fgrid_r32_qres_pf_vs_stash_tiled dq MATCH 0 of 1572864
BITS file:operands-pilegithub stash_tiled_fgrid_r32_qres_pf_vs_stash_tiled dk MATCH 0 of 1572864
BITS file:operands-pilegithub stash_tiled_fgrid_r32_qres_pf_vs_stash_tiled dv MATCH 0 of 1572864
RAN file:operands-pilegithub stash_tiled_fgrid_r32_qres_pf+sabotage_new forward=fwd_sstash_fgrid_r32_qres_pf backward=bwd_stash_tiled_pf
BITS file:operands-pilegithub stash_tiled_fgrid_r32_qres_pf+sabotage_new_vs_stash_tiled ctx MOVED 849951 of 1572864
BITS file:operands-pilegithub stash_tiled_fgrid_r32_qres_pf+sabotage_new_vs_stash_tiled amax MOVED 16133 of 24576
BITS file:operands-pilegithub stash_tiled_fgrid_r32_qres_pf+sabotage_new_vs_stash_tiled denom MOVED 12833 of 24576
BITS file:operands-pilegithub stash_tiled_fgrid_r32_qres_pf+sabotage_new_vs_stash_tiled zdot MOVED 21192 of 24576
BITS file:operands-pilegithub stash_tiled_fgrid_r32_qres_pf+sabotage_new_vs_stash_tiled dq MOVED 1405497 of 1572864
BITS file:operands-pilegithub stash_tiled_fgrid_r32_qres_pf+sabotage_new_vs_stash_tiled dk MOVED 1442892 of 1572864
BITS file:operands-pilegithub stash_tiled_fgrid_r32_qres_pf+sabotage_new_vs_stash_tiled dv MOVED 1027539 of 1572864
RAN file:operands-pilegithub stash_tiled_fgrid_r32_qres_pf (restore) forward=fwd_sstash_fgrid_r32_qres_pf backward=bwd_stash_tiled_pf
BITS file:operands-pilegithub stash_tiled_fgrid_r32_qres_pf_restored_vs_stash_tiled ctx MATCH 0 of 1572864
BITS file:operands-pilegithub stash_tiled_fgrid_r32_qres_pf_restored_vs_stash_tiled amax MATCH 0 of 24576
BITS file:operands-pilegithub stash_tiled_fgrid_r32_qres_pf_restored_vs_stash_tiled denom MATCH 0 of 24576
BITS file:operands-pilegithub stash_tiled_fgrid_r32_qres_pf_restored_vs_stash_tiled zdot MATCH 0 of 24576
BITS file:operands-pilegithub stash_tiled_fgrid_r32_qres_pf_restored_vs_stash_tiled dq MATCH 0 of 1572864
BITS file:operands-pilegithub stash_tiled_fgrid_r32_qres_pf_restored_vs_stash_tiled dk MATCH 0 of 1572864
BITS file:operands-pilegithub stash_tiled_fgrid_r32_qres_pf_restored_vs_stash_tiled dv MATCH 0 of 1572864
REACH file:operands-pilegithub stash_tiled_fgrid_r32_qres_pf sabotage_flipped_cells=4776037 clean_restored=True reach_bit=stash_tiled_fgrid_r32_qres_pf+sabotage_new forward_moved=878917 backward_moved=3897120 amax_denom_moved=28966 ctx_moved_columns_16_up=637501 zdot_moved=21192 dv_moved=1027539
PRICE attention stash_tiled fwd file:operands-pilegithub 3.153588 ms
PRICE attention stash_tiled fwdbwd file:operands-pilegithub 13.490133 ms
PRICE attention stash_tiled_fgrid_r32_qres_pf fwd file:operands-pilegithub 1.834451 ms
PRICE attention stash_tiled_fgrid_r32_qres_pf fwdbwd file:operands-pilegithub 9.535042 ms
PRICE attention stash_tiled_fgrid_r32_qres_pf fwd file:operands-pilegithub 1.833245 ms
PRICE attention stash_tiled_fgrid_r32_qres_pf fwdbwd file:operands-pilegithub 9.599643 ms
PRICE attention stash_tiled fwd file:operands-pilegithub 3.139904 ms
PRICE attention stash_tiled fwdbwd file:operands-pilegithub 13.495007 ms
PRICE attention stash_tiled fwd file:operands-pilegithub 3.146045 ms
PRICE attention stash_tiled fwdbwd file:operands-pilegithub 13.534395 ms
PRICE attention stash_tiled_fgrid_r32_qres_pf fwd file:operands-pilegithub 1.851333 ms
PRICE attention stash_tiled_fgrid_r32_qres_pf fwdbwd file:operands-pilegithub 9.548532 ms
PRICE attention stash_tiled_fgrid_r32_qres_pf fwd file:operands-pilegithub 1.870449 ms
PRICE attention stash_tiled_fgrid_r32_qres_pf fwdbwd file:operands-pilegithub 9.550108 ms
PRICE attention stash_tiled fwd file:operands-pilegithub 3.154683 ms
PRICE attention stash_tiled fwdbwd file:operands-pilegithub 13.464287 ms
PRICE attention stash_tiled fwd file:operands-pilegithub 3.129694 ms
PRICE attention stash_tiled fwdbwd file:operands-pilegithub 13.493099 ms
PRICE attention stash_tiled_fgrid_r32_qres_pf fwd file:operands-pilegithub 1.856459 ms
PRICE attention stash_tiled_fgrid_r32_qres_pf fwdbwd file:operands-pilegithub 9.538924 ms
PRICE attention stash_tiled_fgrid_r32_qres_pf fwd file:operands-pilegithub 1.830987 ms
PRICE attention stash_tiled_fgrid_r32_qres_pf fwdbwd file:operands-pilegithub 9.527104 ms
PRICE attention stash_tiled fwd file:operands-pilegithub 3.148552 ms
PRICE attention stash_tiled fwdbwd file:operands-pilegithub 13.476728 ms
PRICE attention stash_tiled fwd file:operands-pilegithub 3.157978 ms
PRICE attention stash_tiled fwdbwd file:operands-pilegithub 13.546375 ms
PRICE attention stash_tiled_fgrid_r32_qres_pf fwd file:operands-pilegithub 1.862708 ms
PRICE attention stash_tiled_fgrid_r32_qres_pf fwdbwd file:operands-pilegithub 9.588004 ms
TABLE kind=file:operands-pilegithub shape=B1_L2048_nh12_nkv12_hd64_win0 column=nvidia default_arm=stash_tiled_fgrid_r32_qres_pf visible_cells=25178112 (useful flops: fwd 4*cells*hd, bwd 10*cells*hd; executed multiplier of the shipped kernels: fwd dots 3 of 2 contractions, bwd dots 6 of 5)
TABLE arm | fwd median ms | fwd useful TFLOP/s | fwd+bwd median ms | bwd (derived) ms | bwd useful TFLOP/s | fwd ratio | fwd+bwd ratio
TABLE stash_tiled | 3.148552 | 2.047162210438322 | 13.493099 | 10.344547 | 1.5577281131788565 | 1.0 | 1.0
TABLE stash_tiled_fgrid_r32_qres_pf | 1.851333 | 3.4815976769171186 | 9.548532 | 7.6971989999999995 | 2.0934877323556274 | 1.7006945806075948 | 1.413107166630431
attention_step_price: PASS (stash_tiled_fgrid_r32_qres_pf vs stash_tiled)
