829 external/tcmalloc+/tcmalloc/internal/system_allocator.h:713] Warning: Unable to mbind memory (errno=1, base=0x1b3580000000, nodemask=2)
Imported from /root/mojolearn/glm/checks/multinomial_check.mojo:94:
/root/mojolearn/core/identity_trace.mojo:248:14: warning: 'UnsafePointer' is deprecated, use 'Pointer' instead
        raw: UnsafePointer[UInt8, o],
             ^~~~~~~~~~~~~
             Pointer
<unknown>:0: note: 'UnsafePointer' declared here
Imported from /root/mojolearn/glm/checks/multinomial_check.mojo:94:
/root/mojolearn/core/identity_trace.mojo:362:14: warning: 'bitcast' is deprecated, use 'unsafe_bitcast' instead
            p.bitcast[UInt8](),
            ~^~~~~~~~
              unsafe_bitcast
<unknown>:0: note: 'bitcast' declared here
Imported from /root/mojolearn/glm/checks/multinomial_check.mojo:94:
/root/mojolearn/core/identity_trace.mojo:376:14: warning: 'UnsafePointer' is deprecated, use 'Pointer' instead
        ptr: UnsafePointer[Scalar[dt], o],
             ^~~~~~~~~~~~~
             Pointer
<unknown>:0: note: 'UnsafePointer' declared here
Imported from /root/mojolearn/glm/checks/multinomial_check.mojo:95:
Imported from /root/mojolearn/glm/impl/qn/glm_base.mojo:71:
Imported from /root/mojolearn/glm/impl/qn/glm_regularizer.mojo:33:
/root/mojolearn/core/pinned_reduce.mojo:125:8: warning: positional `__getitem__` is deprecated, use `unsafe_offset=` instead
    red[tid] = value
    ~~~^~~~~
<unknown>:0: note: '__getitem__' declared here
Imported from /root/mojolearn/glm/checks/multinomial_check.mojo:95:
Imported from /root/mojolearn/glm/impl/qn/glm_base.mojo:71:
Imported from /root/mojolearn/glm/impl/qn/glm_regularizer.mojo:33:
/root/mojolearn/core/pinned_reduce.mojo:130:23: warning: positional `__getitem__` is deprecated, use `unsafe_offset=` instead
            v[j] = red[tid + j * P]
                   ~~~^~~~~~~~~~~~~
<unknown>:0: note: '__getitem__' declared here
Imported from /root/mojolearn/glm/checks/multinomial_check.mojo:95:
Imported from /root/mojolearn/glm/impl/qn/glm_base.mojo:71:
Imported from /root/mojolearn/glm/impl/qn/glm_regularizer.mojo:33:
/root/mojolearn/core/pinned_reduce.mojo:136:12: warning: positional `__getitem__` is deprecated, use `unsafe_offset=` instead
        red[tid] = v[0]
        ~~~^~~~~
<unknown>:0: note: '__getitem__' declared here
Imported from /root/mojolearn/glm/checks/multinomial_check.mojo:95:
Imported from /root/mojolearn/glm/impl/qn/glm_base.mojo:71:
Imported from /root/mojolearn/glm/impl/qn/glm_regularizer.mojo:33:
/root/mojolearn/core/pinned_reduce.mojo:140:19: warning: positional `__getitem__` is deprecated, use `unsafe_offset=` instead
        w[t] = red[t]
               ~~~^~~
<unknown>:0: note: '__getitem__' declared here
Imported from /root/mojolearn/glm/checks/multinomial_check.mojo:94:
/root/mojolearn/core/identity_trace.mojo:103:22: warning: 'UnsafePointer' is deprecated, use 'Pointer' instead
](seed: UInt64, ptr: UnsafePointer[UInt8, o], n: Int) -> UInt64:
                     ^~~~~~~~~~~~~
                     Pointer
<unknown>:0: note: 'UnsafePointer' declared here
Imported from /root/mojolearn/glm/checks/multinomial_check.mojo:94:
/root/mojolearn/core/identity_trace.mojo:386:16: warning: 'bitcast' is deprecated, use 'unsafe_bitcast' instead
            ptr.bitcast[UInt8](),
            ~~~^~~~~~~~
                unsafe_bitcast
<unknown>:0: note: 'bitcast' declared here
Imported from /root/mojolearn/glm/checks/multinomial_check.mojo:95:
/root/mojolearn/glm/impl/qn/glm_base.mojo:282:32: warning: '__add__' is deprecated, use 'unsafe_offset' instead
                g.unsafe_ptr() + cd, dz.unsafe_ptr(), Int32(n_rows),
                ~~~~~~~~~~~~~~~^~~~
<unknown>:0: note: '__add__' declared here
Imported from /root/mojolearn/glm/checks/multinomial_check.mojo:95:
/root/mojolearn/glm/impl/qn/glm_base.mojo:302:28: warning: '__add__' is deprecated, use 'unsafe_offset' instead
            g.unsafe_ptr() + d, dz.unsafe_ptr(), Int32(n_rows),
            ~~~~~~~~~~~~~~~^~~
<unknown>:0: note: '__add__' declared here
Imported from /root/mojolearn/glm/checks/multinomial_check.mojo:93:
Imported from /root/mojolearn/core/gemm.mojo:27:
/root/mojolearn/gemm/checks/gemm_identical.mojo:5298:14: warning: 'store' is deprecated, use 'unsafe_store' instead
          as_.store[alignment=ALIGN](pgw * APAGE + ga[0] * ASTRIDE + ga[1] * RPT, pga)
          ~~~^~~~~~
              unsafe_store
<unknown>:0: note: 'store' declared here
Imported from /root/mojolearn/glm/checks/multinomial_check.mojo:93:
Imported from /root/mojolearn/core/gemm.mojo:27:
/root/mojolearn/gemm/checks/gemm_identical.mojo:5299:14: warning: 'store' is deprecated, use 'unsafe_store' instead
          bs_.store[alignment=ALIGN](pgw * BPAGE + gb[0] * BSTRIDE + gb[1] * CPT, pgb)
          ~~~^~~~~~
              unsafe_store
<unknown>:0: note: 'store' declared here
Imported from /root/mojolearn/glm/checks/multinomial_check.mojo:93:
Imported from /root/mojolearn/core/gemm.mojo:27:
/root/mojolearn/gemm/checks/gemm_identical.mojo:5347:26: warning: 'load' is deprecated, use 'unsafe_load' instead
            var ra1 = as_.load[width=RPT, alignment=ALIGN](abase)
                      ~~~^~~~~
                          unsafe_load
<unknown>:0: note: 'load' declared here
Imported from /root/mojolearn/glm/checks/multinomial_check.mojo:93:
Imported from /root/mojolearn/core/gemm.mojo:27:
/root/mojolearn/gemm/checks/gemm_identical.mojo:5348:26: warning: 'load' is deprecated, use 'unsafe_load' instead
            var rb1 = bs_.load[width=CPT, alignment=ALIGN](bbase)
                      ~~~^~~~~
                          unsafe_load
<unknown>:0: note: 'load' declared here
Imported from /root/mojolearn/glm/checks/multinomial_check.mojo:93:
Imported from /root/mojolearn/core/gemm.mojo:27:
/root/mojolearn/gemm/checks/gemm_identical.mojo:5357:29: warning: 'load' is deprecated, use 'unsafe_load' instead
                var ra = as_.load[width=RPT, alignment=ALIGN](abase + c0 * RPT)
                         ~~~^~~~~
                             unsafe_load
<unknown>:0: note: 'load' declared here
Imported from /root/mojolearn/glm/checks/multinomial_check.mojo:93:
Imported from /root/mojolearn/core/gemm.mojo:27:
/root/mojolearn/gemm/checks/gemm_identical.mojo:5358:29: warning: 'load' is deprecated, use 'unsafe_load' instead
                var rb = bs_.load[width=CPT, alignment=ALIGN](bbase + c0 * CPT)
                         ~~~^~~~~
                             unsafe_load
<unknown>:0: note: 'load' declared here
Imported from /root/mojolearn/glm/checks/multinomial_check.mojo:93:
Imported from /root/mojolearn/core/gemm.mojo:27:
/root/mojolearn/gemm/checks/gemm_identical.mojo:5381:30: warning: 'load' is deprecated, use 'unsafe_load' instead
                var ra2 = as_.load[width=RPT, alignment=ALIGN](abase + cc * RPT)
                          ~~~^~~~~
                              unsafe_load
<unknown>:0: note: 'load' declared here
Imported from /root/mojolearn/glm/checks/multinomial_check.mojo:93:
Imported from /root/mojolearn/core/gemm.mojo:27:
/root/mojolearn/gemm/checks/gemm_identical.mojo:5382:30: warning: 'load' is deprecated, use 'unsafe_load' instead
                var rb2 = bs_.load[width=CPT, alignment=ALIGN](bbase + cc * CPT)
                          ~~~^~~~~
                              unsafe_load
<unknown>:0: note: 'load' declared here
Imported from /root/mojolearn/glm/checks/multinomial_check.mojo:95:
Imported from /root/mojolearn/glm/impl/qn/glm_base.mojo:71:
Imported from /root/mojolearn/glm/impl/qn/glm_regularizer.mojo:33:
/root/mojolearn/core/pinned_reduce.mojo:215:8: warning: positional `__getitem__` is deprecated, use `unsafe_offset=` instead
    red[tid] = value
    ~~~^~~~~
<unknown>:0: note: '__getitem__' declared here
Imported from /root/mojolearn/glm/checks/multinomial_check.mojo:95:
Imported from /root/mojolearn/glm/impl/qn/glm_base.mojo:71:
Imported from /root/mojolearn/glm/impl/qn/glm_regularizer.mojo:33:
/root/mojolearn/core/pinned_reduce.mojo:220:28: warning: positional `__getitem__` is deprecated, use `unsafe_offset=` instead
            var other = red[tid + step]
                        ~~~^~~~~~~~~~~~
<unknown>:0: note: '__getitem__' declared here
Imported from /root/mojolearn/glm/checks/multinomial_check.mojo:95:
Imported from /root/mojolearn/glm/impl/qn/glm_base.mojo:71:
Imported from /root/mojolearn/glm/impl/qn/glm_regularizer.mojo:33:
/root/mojolearn/core/pinned_reduce.mojo:221:27: warning: positional `__getitem__` is deprecated, use `unsafe_offset=` instead
            if other > red[tid]:
                       ~~~^~~~~
<unknown>:0: note: '__getitem__' declared here
Imported from /root/mojolearn/glm/checks/multinomial_check.mojo:95:
Imported from /root/mojolearn/glm/impl/qn/glm_base.mojo:71:
Imported from /root/mojolearn/glm/impl/qn/glm_regularizer.mojo:33:
/root/mojolearn/core/pinned_reduce.mojo:222:20: warning: positional `__getitem__` is deprecated, use `unsafe_offset=` instead
                red[tid] = other
                ~~~^~~~~
<unknown>:0: note: '__getitem__' declared here
Imported from /root/mojolearn/glm/checks/multinomial_check.mojo:95:
Imported from /root/mojolearn/glm/impl/qn/glm_base.mojo:71:
Imported from /root/mojolearn/glm/impl/qn/glm_regularizer.mojo:33:
/root/mojolearn/core/pinned_reduce.mojo:225:20: warning: positional `__getitem__` is deprecated, use `unsafe_offset=` instead
    var total = red[0]
                ~~~^~~
<unknown>:0: note: '__getitem__' declared here
/root/mojolearn/glm/checks/multinomial_check.mojo:1279:15: warning: assignment to 'fxp' was never used; assign to '_' instead?
    var fxp = fx
              ^
/root/mojolearn/glm/checks/multinomial_check.mojo:1389:14: warning: assignment to 'n1' was never used; assign to '_' instead?
    var n1 = 0
             ^
/root/mojolearn/glm/checks/multinomial_check.mojo:1390:17: warning: assignment to 'iters' was never used; assign to '_' instead?
    var iters = 0
                ^
Included from /root/mojolearn/glm/checks/multinomial_check.mojo:102:
Included from /root/mojolearn/glm/impl/qn/qn.mojo:38:
/root/mojolearn/glm/impl/qn/qn_solvers.mojo:179:15: warning: assignment to 'fxp' was never used; assign to '_' instead?
    var fxp = fx
              ^
Included from /root/mojolearn/glm/checks/multinomial_check.mojo:102:
Included from /root/mojolearn/glm/impl/qn/qn.mojo:38:
/root/mojolearn/glm/impl/qn/qn_solvers.mojo:185:17: warning: assignment to 'lsret' was never used; assign to '_' instead?
    var lsret = LS_SUCCESS
                ^
Included from /root/mojolearn/glm/checks/multinomial_check.mojo:102:
Included from /root/mojolearn/glm/impl/qn/qn.mojo:38:
/root/mojolearn/glm/impl/qn/qn_solvers.mojo:376:15: warning: assignment to 'fxp' was never used; assign to '_' instead?
    var fxp = fx
              ^
Included from /root/mojolearn/glm/checks/multinomial_check.mojo:102:
Included from /root/mojolearn/glm/impl/qn/qn.mojo:38:
/root/mojolearn/glm/impl/qn/qn_solvers.mojo:382:17: warning: assignment to 'lsret' was never used; assign to '_' instead?
    var lsret = LS_SUCCESS
                ^
Included from /root/mojolearn/glm/checks/multinomial_check.mojo:102:
Included from /root/mojolearn/glm/impl/qn/qn.mojo:38:
/root/mojolearn/glm/impl/qn/qn_solvers.mojo:458:15: warning: assignment to 'ret' was never used; assign to '_' instead?
    var ret = OPT_MAX_ITERS_REACHED
              ^
829 external/tcmalloc+/tcmalloc/internal/system_allocator.h:713] Warning: Unable to mbind memory (errno=1, base=0x723f80000000, nodemask=1)
== glm/checks/multinomial_check.mojo [IDENTICAL] sabotage=off ==
check_softmax_fd_gradient OK: C=3, 15 entries, worst relative error 1.843340380504027e-08 (f 1.1578862603772155)
check_softmax_fd_gradient OK: C=5, 25 entries, worst relative error 2.6729075459738893e-08 (f 1.4577947177996307)
check_softmax_planted OK: C=3 accuracy 0.99072265625, objective 0.79245836 (max_iter 1) >= 0.353226 (3) >= 0.08426072 (full, n_iter 35, retcode 0) < log C = 1.0986123
check_softmax_planted OK: C=5 accuracy 0.98681640625, objective 1.2140656 (max_iter 1) >= 0.4410067 (3) >= 0.11644221 (full, n_iter 56, retcode 0) < log C = 1.609438
check_softmax_is_a_minimizer OK: float64 gradient Linf 2.1962378458892633e-05 <= 3.7613420895214664e-05 at the device solution (objective 0.3761342089521466, device's own 0.37613422), below 8 perturbed objectives; n_iter 14
check_softmax_refuses_by_name OK: softmax with C=2, logistic with C=3, a too-small w0 and sample_weight each RAISE by name; an l1 penalty does NOT (it takes the implemented OWL-QN arm)
check_softmax_device_equals_host OK [IDENTICAL]: loss, all 18 gradient entries, all 6144 dZ cells and all 6144 decision-function scores equal the host replay bit for bit (loss 0x3fdd9c6e); float64 worst rel err 1.3884370876262127e-07
check_softmax_signed_zero_selection OK [IDENTICAL]: the max selection answers the positional rule by bits on +0/-0 in both orders and on an exact tie (0x00000000 0x80000000 0x00000000 0x80000000); the whole kernel agrees with the host on all 24 cells
check_softmax_launch_invariance OK [IDENTICAL]: softmax kernel invariant over block 32/64/256, two paddings (poison intact) and the batch composition; forward product invariant over block 64/256 and equal to the host on all 6144 cells
check_softmax_host_lbfgs_replay OK [IDENTICAL]: device and host L-BFGS agree at every card stage (n_iter 15, retcode 0, 15 coefficients, objective 0.4385256 = 0.4385256)
check_softmax_card_is_emitted OK [IDENTICAL]: 71 stages (n_iter 22), control agrees on all
