KNN_REF_HEADER mode IDENTICAL column apple index 400000 queries 1000 features 8 k 15 rounds 3 fixture dyadic-v1 selector 1 transpose 1 register_tile 1 index_tile 65536
KNN_PHASE_TIMERS transpose_ms 18.816
KNN_PHASE_TIMERS distance_ms 164.593 select_ms 162.691 merge_ms 7.359 distance_launches 28 select_launches 28 merge_launches 24 query_tile 256 index_tile 65536 n_queries 1000 n_index 400000 k 15
KNN_REF_WARMUP request 0 387.141
KNN_PHASE_TIMERS transpose_ms 6.258
KNN_PHASE_TIMERS distance_ms 106.121 select_ms 111.915 merge_ms 13.047 distance_launches 28 select_launches 28 merge_launches 24 query_tile 256 index_tile 65536 n_queries 1000 n_index 400000 k 15
KNN_REF_WARMUP request 1 266.468
KNN_PHASE_TIMERS transpose_ms 7.397
KNN_PHASE_TIMERS distance_ms 108.056 select_ms 106.771 merge_ms 10.497 distance_launches 28 select_launches 28 merge_launches 24 query_tile 256 index_tile 65536 n_queries 1000 n_index 400000 k 15
KNN_REF_ROUND request 1 258.056
KNN_PHASE_TIMERS transpose_ms 6.532
KNN_PHASE_TIMERS distance_ms 97.69 select_ms 101.303 merge_ms 10.391 distance_launches 28 select_launches 28 merge_launches 24 query_tile 256 index_tile 65536 n_queries 1000 n_index 400000 k 15
KNN_REF_ROUND request 2 242.006
KNN_PHASE_TIMERS transpose_ms 6.527
KNN_PHASE_TIMERS distance_ms 99.001 select_ms 100.459 merge_ms 9.947 distance_launches 28 select_launches 28 merge_launches 24 query_tile 256 index_tile 65536 n_queries 1000 n_index 400000 k 15
KNN_REF_ROUND request 3 244.835
KNN_PHASE_TIMERS norms_ms 25.714
KNN_PHASE_TIMERS transpose_ms 6.477
KNN_PHASE_TIMERS distance_ms 101.695 select_ms 104.787 merge_ms 10.782 distance_launches 28 select_launches 28 merge_launches 24 query_tile 256 index_tile 65536 n_queries 1000 n_index 400000 k 15
KNN_REF_WARMUP device 0 249.885
KNN_PHASE_TIMERS norms_ms 2.5
KNN_PHASE_TIMERS transpose_ms 7.663
KNN_PHASE_TIMERS distance_ms 114.299 select_ms 128.721 merge_ms 16.811 distance_launches 28 select_launches 28 merge_launches 24 query_tile 256 index_tile 65536 n_queries 1000 n_index 400000 k 15
KNN_REF_WARMUP device 1 270.573
KNN_PHASE_TIMERS norms_ms 2.931
KNN_PHASE_TIMERS transpose_ms 7.26
KNN_PHASE_TIMERS distance_ms 109.536 select_ms 113.101 merge_ms 7.441 distance_launches 28 select_launches 28 merge_launches 24 query_tile 256 index_tile 65536 n_queries 1000 n_index 400000 k 15
KNN_REF_ROUND device 1 240.612
KNN_PHASE_TIMERS norms_ms 2.337
KNN_PHASE_TIMERS transpose_ms 6.701
KNN_PHASE_TIMERS distance_ms 113.321 select_ms 116.626 merge_ms 11.197 distance_launches 28 select_launches 28 merge_launches 24 query_tile 256 index_tile 65536 n_queries 1000 n_index 400000 k 15
KNN_REF_ROUND device 2 250.489
KNN_PHASE_TIMERS norms_ms 2.435
KNN_PHASE_TIMERS transpose_ms 7.091
KNN_PHASE_TIMERS distance_ms 119.347 select_ms 123.949 merge_ms 14.293 distance_launches 28 select_launches 28 merge_launches 24 query_tile 256 index_tile 65536 n_queries 1000 n_index 400000 k 15
KNN_REF_ROUND device 3 267.506
KNN_REF_DEVICE_VS_REQUEST mismatched_cells 0
KNN_REF_FINGERPRINT index_fnv1a64 8223683879773003613 distance_bits_xor 61260535
KNN_REF_ROW0 0 341612 1052982195
KNN_REF_ROW0 1 364711 1054595329
KNN_REF_ROW0 2 315487 1055076329
KNN_REF_ROW0 3 40175 1055286295
KNN_REF_ROW0 4 133149 1055526036
KNN_REF_ROW0 5 109970 1055778901
KNN_REF_ROW0 6 166458 1055849502
KNN_REF_ROW0 7 145059 1056165144
KNN_REF_ROW0 8 250142 1056366159
KNN_REF_ROW0 9 24747 1056406195
KNN_REF_ROW0 10 315991 1056670380
KNN_REF_ROW0 11 7810 1057019421
KNN_REF_ROW0 12 324263 1057028763
KNN_REF_ROW0 13 307259 1057038871
KNN_REF_ROW0 14 147480 1057071084
KNN_REF_DUMP_FULL /tmp/mojolearn-knn-large-phases-20260910/n400000-q1000-d8-k15-p1-control.bin 15000
KNN_REF_RESULT index 400000 queries 1000 k 15 features 8 request_median_ms 244.835 device_median_ms 250.489 rounds 3 query_tile 256 index_tile 65536
KNN REFERENCE PRICE PASS
