FSPEED-HEADER family=seq lane=mamba3 arm=ours mode=IDENTICAL device=NVIDIA_L40S rounds=1 size=shipped
FSPEED-NOTE lane=mamba3 arm=ours entry=mojolearn.mamba.Mamba3Block(weights).forward(x) -> mamba/ via _mojolearn_mamba; our arm through the public Python API (DEVIATION 2100); cli_lane=mamba3 rows=all
3037 external/tcmalloc+/tcmalloc/internal/system_allocator.h:713] Warning: Unable to mbind memory (errno=1, base=0x13e1c0000000, nodemask=1)
FSPEED-WEIGHTS lane=mamba3 shape=lane.b2_l4_d32 tensor=block_norm.weight n=32 hash=b75a50bba7865004
FSPEED-INPUT-SHA256 lane=mamba3 shape=lane.b2_l4_d32 tensor=block_norm.weight bytes=128 sha256=5b046b680d0e816a91fae72ccf613516319571ef11ffa9bc66d58a87fe690ae6
FSPEED-WEIGHTS lane=mamba3 shape=lane.b2_l4_d32 tensor=in_proj.weight n=13408 hash=f27be8a2af1371c8
FSPEED-INPUT-SHA256 lane=mamba3 shape=lane.b2_l4_d32 tensor=in_proj.weight bytes=53632 sha256=6241a988d65d57fceba64e953fced75d70b1cf3fd2e0f1843f8789c96cbba4cf
FSPEED-WEIGHTS lane=mamba3 shape=lane.b2_l4_d32 tensor=dt_bias n=1 hash=36ed4c2dc2cf9734
FSPEED-INPUT-SHA256 lane=mamba3 shape=lane.b2_l4_d32 tensor=dt_bias bytes=4 sha256=a0aea22888eb8a03b2b2c183c961d8a44b8b49bd3ad0b411eb12c42154f9e257
FSPEED-WEIGHTS lane=mamba3 shape=lane.b2_l4_d32 tensor=B_norm.weight n=128 hash=3ec83c1cc24c4a39
FSPEED-INPUT-SHA256 lane=mamba3 shape=lane.b2_l4_d32 tensor=B_norm.weight bytes=512 sha256=c8f113b8224dca2a8f025c8247fd87457ffa83e50354aa11730d2abac0e1230f
FSPEED-WEIGHTS lane=mamba3 shape=lane.b2_l4_d32 tensor=C_norm.weight n=128 hash=5d821adffaee8cfa
FSPEED-INPUT-SHA256 lane=mamba3 shape=lane.b2_l4_d32 tensor=C_norm.weight bytes=512 sha256=5488b944deb0d60245aa795d64acd223dad9910fe65296d5364d162674b8d70f
FSPEED-WEIGHTS lane=mamba3 shape=lane.b2_l4_d32 tensor=B_bias n=128 hash=0db75a25457f36e4
FSPEED-INPUT-SHA256 lane=mamba3 shape=lane.b2_l4_d32 tensor=B_bias bytes=512 sha256=db0761d169fee66bd89849c88e0a59f447daf7b7531a44923eea1906ab46e0c1
FSPEED-WEIGHTS lane=mamba3 shape=lane.b2_l4_d32 tensor=C_bias n=128 hash=8a8b27d3040fdc11
FSPEED-INPUT-SHA256 lane=mamba3 shape=lane.b2_l4_d32 tensor=C_bias bytes=512 sha256=d93005673e63f24a52e97c61697566f735d090e8977e8315ba4521bd1bd300a2
FSPEED-WEIGHTS lane=mamba3 shape=lane.b2_l4_d32 tensor=D n=1 hash=f0a319c562fbab28
FSPEED-INPUT-SHA256 lane=mamba3 shape=lane.b2_l4_d32 tensor=D bytes=4 sha256=09acd232416e7e19e65327c0b9d7479a54cfe3b3a325b99ebc5709803ec1a498
FSPEED-WEIGHTS lane=mamba3 shape=lane.b2_l4_d32 tensor=out_proj.weight n=2048 hash=dcf8f4019ab70f19
FSPEED-INPUT-SHA256 lane=mamba3 shape=lane.b2_l4_d32 tensor=out_proj.weight bytes=8192 sha256=df541853a466297c8fdf73633149cb86f89ffa112a38d2d3c05df799474302d7
FSPEED-WEIGHTS lane=mamba3 shape=lane.b2_l4_d32 tensor=x n=256 hash=3a2c9cef1d2b3726
FSPEED-INPUT-SHA256 lane=mamba3 shape=lane.b2_l4_d32 tensor=x bytes=1024 sha256=9cb359a2db29ebf4ae23d0ad006d5eacbc076a95894935a601bfaa74a6f4bc67
FSPEED-NOTE lane=mamba3 arm=ours binary read-back shape=lane.b2_l4_d32 numeric_mode_used=identical vendor_used=cuda entry=mojolearn.mamba.Mamba3Block(weights).forward(x) -> mamba/ via _mojolearn_mamba
FSPEED-NOTE lane=mamba3 arm=ours one round at shape lane.b2_l4_d32 = one public forward() including the weight host-list copy + upload, the non-finite refusal scan and the output download; the return is the synchronization (DEVIATION 2111)
M3_PHASE block.refusal 0.250435
M3_PHASE block.norm 0.265906
M3_PHASE block.in_proj 0.089052
M3_PHASE block.assembly 0.139033
M3_PHASE m3_pre_kernel 0.048381
M3_PHASE m3_scale_kernel 0.043871
M3_PHASE m3_angle_increment_kernel 0.049801
M3_PHASE m3_angle_kernel 0.056051
M3_PHASE m3_rot_kernel 0.056811
M3_PHASE m3_qkdot_kernel 0.054261
M3_PHASE m3_kscale_kernel 0.041861
M3_PHASE m3_dacs_kernel 0.046481
M3_PHASE m3_seg_l_kernel 0.056832
M3_PHASE m3_state_decay_kernel 0.04513
M3_PHASE m3_state_increment_kernel 0.048362
M3_PHASE m3_state_scan_kernel 0.047131
M3_PHASE m3_qk_s_kernel 0.058311
M3_PHASE m3_yintra_kernel 0.050551
M3_PHASE m3_ystate_kernel 0.060851
M3_PHASE m3_skip_gate_kernel 0.053411
M3_PHASE m3_reports_kernel 0.043131
M3_PHASE block.core_and_buffer 0.914059
M3_PHASE block.out_proj 0.034191
FSPEED-WARMUP lane=mamba3 arm=ours shape=lane.b2_l4_d32 ms=1063.363924
M3_PHASE block.refusal 0.249345
M3_PHASE block.norm 0.02237
M3_PHASE block.in_proj 0.017071
M3_PHASE block.assembly 0.035061
M3_PHASE m3_pre_kernel 0.0078
M3_PHASE m3_scale_kernel 0.01041
M3_PHASE m3_angle_increment_kernel 0.0104
M3_PHASE m3_angle_kernel 0.01044
M3_PHASE m3_rot_kernel 0.010131
M3_PHASE m3_qkdot_kernel 0.017
M3_PHASE m3_kscale_kernel 0.00969
M3_PHASE m3_dacs_kernel 0.012091
M3_PHASE m3_seg_l_kernel 0.01658
M3_PHASE m3_state_decay_kernel 0.00988
M3_PHASE m3_state_increment_kernel 0.01265
M3_PHASE m3_state_scan_kernel 0.010151
M3_PHASE m3_qk_s_kernel 0.01333
M3_PHASE m3_yintra_kernel 0.01464
M3_PHASE m3_ystate_kernel 0.017651
M3_PHASE m3_skip_gate_kernel 0.01029
M3_PHASE m3_reports_kernel 0.00998
M3_PHASE block.core_and_buffer 0.218964
M3_PHASE block.out_proj 0.017881
FSPEED lane=mamba3 arm=ours shape=lane.b2_l4_d32 round=1 ms=1.954262 hash=706547260126798c
FSPEED-NOTE lane=mamba3 arm=ours output witness shape=lane.b2_l4_d32 n=256 hash=ac0da105f4c25606
FSPEED-REFUSED lane=mamba3 arm=agree reason=MOJOLEARN_SPEED_DUMP_DIR unset, so no output was dumped and no FSPEED-AGREE can be computed for shape lane.b2_l4_d32
FSPEED-WEIGHTS lane=mamba3 shape=narrow.b8_l4096_d512 tensor=block_norm.weight n=512 hash=ae3c64b9e9f1a8fc
FSPEED-INPUT-SHA256 lane=mamba3 shape=narrow.b8_l4096_d512 tensor=block_norm.weight bytes=2048 sha256=8b7b7181ce01acfb219d234b78563a7a9d278bcc864d2b093d0aa04d315ef370
FSPEED-WEIGHTS lane=mamba3 shape=narrow.b8_l4096_d512 tensor=in_proj.weight n=1220608 hash=1bfbff7cf495a05a
FSPEED-INPUT-SHA256 lane=mamba3 shape=narrow.b8_l4096_d512 tensor=in_proj.weight bytes=4882432 sha256=ea36765c7d1a717f3f66c5dd730cee212d5ff71035f3a4789ec9d38e18abdf8e
FSPEED-WEIGHTS lane=mamba3 shape=narrow.b8_l4096_d512 tensor=dt_bias n=16 hash=827084605578ff8f
FSPEED-INPUT-SHA256 lane=mamba3 shape=narrow.b8_l4096_d512 tensor=dt_bias bytes=64 sha256=7d493227cf206f5fdb00272421a5b573d5509a09c0af1dc236bf3ce6a4f5b7d1
FSPEED-WEIGHTS lane=mamba3 shape=narrow.b8_l4096_d512 tensor=B_norm.weight n=128 hash=3ec83c1cc24c4a39
FSPEED-INPUT-SHA256 lane=mamba3 shape=narrow.b8_l4096_d512 tensor=B_norm.weight bytes=512 sha256=c8f113b8224dca2a8f025c8247fd87457ffa83e50354aa11730d2abac0e1230f
FSPEED-WEIGHTS lane=mamba3 shape=narrow.b8_l4096_d512 tensor=C_norm.weight n=128 hash=5d821adffaee8cfa
FSPEED-INPUT-SHA256 lane=mamba3 shape=narrow.b8_l4096_d512 tensor=C_norm.weight bytes=512 sha256=5488b944deb0d60245aa795d64acd223dad9910fe65296d5364d162674b8d70f
FSPEED-WEIGHTS lane=mamba3 shape=narrow.b8_l4096_d512 tensor=B_bias n=2048 hash=1fbcfe71f83b676b
FSPEED-INPUT-SHA256 lane=mamba3 shape=narrow.b8_l4096_d512 tensor=B_bias bytes=8192 sha256=eb19ff848a56164691b3cc0773a1b12b45f3329df17b402aa250578bdc0272b9
FSPEED-WEIGHTS lane=mamba3 shape=narrow.b8_l4096_d512 tensor=C_bias n=2048 hash=492b8acd3dd5522a
FSPEED-INPUT-SHA256 lane=mamba3 shape=narrow.b8_l4096_d512 tensor=C_bias bytes=8192 sha256=114ab7abf011c96f194d8b179f73bc9f57005736dccfb47f791743f0a8fc1160
FSPEED-WEIGHTS lane=mamba3 shape=narrow.b8_l4096_d512 tensor=D n=16 hash=016b763871469a7e
FSPEED-INPUT-SHA256 lane=mamba3 shape=narrow.b8_l4096_d512 tensor=D bytes=64 sha256=311acfdf84f1fda4ad2fc689a524d1254340f0f90c591854e99184d8d281baa6
FSPEED-WEIGHTS lane=mamba3 shape=narrow.b8_l4096_d512 tensor=out_proj.weight n=524288 hash=a8ea283baa5bb6ab
FSPEED-INPUT-SHA256 lane=mamba3 shape=narrow.b8_l4096_d512 tensor=out_proj.weight bytes=2097152 sha256=599dbf657aee55fa8dafd3f37ba184685496106537cc98baba91a3d36db8d394
FSPEED-WEIGHTS lane=mamba3 shape=narrow.b8_l4096_d512 tensor=x n=16777216 hash=ae6a6f54211a9d5e
FSPEED-NOTE lane=mamba3 arm=ours binary read-back shape=narrow.b8_l4096_d512 numeric_mode_used=identical vendor_used=cuda entry=mojolearn.mamba.Mamba3Block(weights).forward(x) -> mamba/ via _mojolearn_mamba
FSPEED-NOTE lane=mamba3 arm=ours one round at shape narrow.b8_l4096_d512 = one public forward() including the weight host-list copy + upload, the non-finite refusal scan and the output download; the return is the synchronization (DEVIATION 2111)
M3_PHASE block.refusal 68.482014
M3_PHASE block.norm 0.757746
M3_PHASE block.in_proj 8.147695
M3_PHASE block.assembly 0.787396
M3_PHASE m3_pre_kernel 0.03235
M3_PHASE m3_scale_kernel 0.016331
M3_PHASE m3_angle_increment_kernel 0.152953
M3_PHASE m3_angle_kernel 0.781127
M3_PHASE m3_rot_kernel 0.93482
M3_PHASE m3_qkdot_kernel 0.229665
M3_PHASE m3_kscale_kernel 0.805257
M3_PHASE m3_dacs_kernel 0.056651
M3_PHASE m3_seg_l_kernel 0.608613
M3_PHASE m3_state_decay_kernel 0.01794
M3_PHASE m3_state_increment_kernel 7.980471
M3_PHASE m3_state_scan_kernel 1.788758
M3_PHASE m3_qk_s_kernel 6.267644
M3_PHASE m3_yintra_kernel 3.763311
M3_PHASE m3_ystate_kernel 13.209772
M3_PHASE m3_skip_gate_kernel 1.177835
M3_PHASE m3_reports_kernel 0.014111
M3_PHASE block.core_and_buffer 37.895111
M3_PHASE block.out_proj 2.697667
3037 external/tcmalloc+/tcmalloc/internal/system_allocator.h:713] Warning: Unable to mbind memory (errno=1, base=0x13e200000000, nodemask=1)
FSPEED-WARMUP lane=mamba3 arm=ours shape=narrow.b8_l4096_d512 ms=1475.459883
M3_PHASE block.refusal 33.386374
M3_PHASE block.norm 0.755096
M3_PHASE block.in_proj 5.292023
M3_PHASE block.assembly 0.776087
M3_PHASE m3_pre_kernel 0.035741
M3_PHASE m3_scale_kernel 0.01679
M3_PHASE m3_angle_increment_kernel 0.151223
M3_PHASE m3_angle_kernel 0.781977
M3_PHASE m3_rot_kernel 0.93199
M3_PHASE m3_qkdot_kernel 0.231075
M3_PHASE m3_kscale_kernel 0.797747
M3_PHASE m3_dacs_kernel 0.061011
M3_PHASE m3_seg_l_kernel 0.615693
M3_PHASE m3_state_decay_kernel 0.016251
M3_PHASE m3_state_increment_kernel 7.98782
M3_PHASE m3_state_scan_kernel 1.789979
M3_PHASE m3_qk_s_kernel 6.279604
M3_PHASE m3_yintra_kernel 3.792861
M3_PHASE m3_ystate_kernel 13.038989
M3_PHASE m3_skip_gate_kernel 1.182255
M3_PHASE m3_reports_kernel 0.01364
M3_PHASE block.core_and_buffer 37.781097
M3_PHASE block.out_proj 2.821881
FSPEED lane=mamba3 arm=ours shape=narrow.b8_l4096_d512 round=1 ms=808.791171 hash=dc61ff3fdb99606d
FSPEED-NOTE lane=mamba3 arm=ours output witness shape=narrow.b8_l4096_d512 n=16777216 hash=abe1cc610dfe1926
FSPEED-REFUSED lane=mamba3 arm=agree reason=MOJOLEARN_SPEED_DUMP_DIR unset, so no output was dumped and no FSPEED-AGREE can be computed for shape narrow.b8_l4096_d512
FSPEED-WEIGHTS lane=mamba3 shape=wide.b8_l1024_d2048 tensor=block_norm.weight n=2048 hash=e19341884bae7431
FSPEED-INPUT-SHA256 lane=mamba3 shape=wide.b8_l1024_d2048 tensor=block_norm.weight bytes=8192 sha256=5f38f5a8be4d7230b9e63ff906c0ee90822fc671096bedca361017aea590a5ca
FSPEED-WEIGHTS lane=mamba3 shape=wide.b8_l1024_d2048 tensor=in_proj.weight n=17760256 hash=349bdde10f512309
FSPEED-WEIGHTS lane=mamba3 shape=wide.b8_l1024_d2048 tensor=dt_bias n=64 hash=fd339e4774d174c3
FSPEED-INPUT-SHA256 lane=mamba3 shape=wide.b8_l1024_d2048 tensor=dt_bias bytes=256 sha256=ad923d44347c03ae04ffc546ac44b5e2a3a3892846876928031420017a4dc05a
FSPEED-WEIGHTS lane=mamba3 shape=wide.b8_l1024_d2048 tensor=B_norm.weight n=128 hash=3ec83c1cc24c4a39
FSPEED-INPUT-SHA256 lane=mamba3 shape=wide.b8_l1024_d2048 tensor=B_norm.weight bytes=512 sha256=c8f113b8224dca2a8f025c8247fd87457ffa83e50354aa11730d2abac0e1230f
FSPEED-WEIGHTS lane=mamba3 shape=wide.b8_l1024_d2048 tensor=C_norm.weight n=128 hash=5d821adffaee8cfa
FSPEED-INPUT-SHA256 lane=mamba3 shape=wide.b8_l1024_d2048 tensor=C_norm.weight bytes=512 sha256=5488b944deb0d60245aa795d64acd223dad9910fe65296d5364d162674b8d70f
FSPEED-WEIGHTS lane=mamba3 shape=wide.b8_l1024_d2048 tensor=B_bias n=8192 hash=5e7f6fc0aca134c3
FSPEED-INPUT-SHA256 lane=mamba3 shape=wide.b8_l1024_d2048 tensor=B_bias bytes=32768 sha256=2b0c0a2d10cbcef09d634b3fdb80b26ed1fee9bf3fc1d5226d79b603f65620bd
FSPEED-WEIGHTS lane=mamba3 shape=wide.b8_l1024_d2048 tensor=C_bias n=8192 hash=e09a0edb8afaa651
FSPEED-INPUT-SHA256 lane=mamba3 shape=wide.b8_l1024_d2048 tensor=C_bias bytes=32768 sha256=e0c3e0cb093cafd303336ecdc69d3a8d3f5ec5376d34755fb3f6f487b80bbb8b
FSPEED-WEIGHTS lane=mamba3 shape=wide.b8_l1024_d2048 tensor=D n=64 hash=ee1411114721184d
FSPEED-INPUT-SHA256 lane=mamba3 shape=wide.b8_l1024_d2048 tensor=D bytes=256 sha256=e86f15414a34b641a230701f64a12835515a8d21bb3bae159b28b540658af618
FSPEED-WEIGHTS lane=mamba3 shape=wide.b8_l1024_d2048 tensor=out_proj.weight n=8388608 hash=0caed7b3417405c0
FSPEED-WEIGHTS lane=mamba3 shape=wide.b8_l1024_d2048 tensor=x n=16777216 hash=ae6a6f54211a9d5e
FSPEED-NOTE lane=mamba3 arm=ours binary read-back shape=wide.b8_l1024_d2048 numeric_mode_used=identical vendor_used=cuda entry=mojolearn.mamba.Mamba3Block(weights).forward(x) -> mamba/ via _mojolearn_mamba
FSPEED-NOTE lane=mamba3 arm=ours one round at shape wide.b8_l1024_d2048 = one public forward() including the weight host-list copy + upload, the non-finite refusal scan and the output download; the return is the synchronization (DEVIATION 2111)
M3_PHASE block.refusal 106.412795
M3_PHASE block.norm 0.96011
M3_PHASE block.in_proj 19.17878
M3_PHASE block.assembly 0.525612
M3_PHASE m3_pre_kernel 0.03525
M3_PHASE m3_scale_kernel 0.023051
M3_PHASE m3_angle_increment_kernel 0.154173
M3_PHASE m3_angle_kernel 0.210075
M3_PHASE m3_rot_kernel 0.894629
M3_PHASE m3_qkdot_kernel 0.418679
M3_PHASE m3_kscale_kernel 0.812047
M3_PHASE m3_dacs_kernel 0.067271
M3_PHASE m3_seg_l_kernel 0.640544
M3_PHASE m3_state_decay_kernel 0.025401
M3_PHASE m3_state_increment_kernel 7.98576
M3_PHASE m3_state_scan_kernel 1.819229
M3_PHASE m3_qk_s_kernel 7.00857
M3_PHASE m3_yintra_kernel 4.089308
M3_PHASE m3_ystate_kernel 14.127312
M3_PHASE m3_skip_gate_kernel 1.188415
M3_PHASE m3_reports_kernel 0.023341
M3_PHASE block.core_and_buffer 39.677878
M3_PHASE block.out_proj 11.68964
FSPEED-WARMUP lane=mamba3 arm=ours shape=wide.b8_l1024_d2048 ms=1023.644474
M3_PHASE block.refusal 92.64783
M3_PHASE block.norm 0.962331
M3_PHASE block.in_proj 19.17256
M3_PHASE block.assembly 0.518071
M3_PHASE m3_pre_kernel 0.029151
M3_PHASE m3_scale_kernel 0.0181
M3_PHASE m3_angle_increment_kernel 0.147413
M3_PHASE m3_angle_kernel 0.205865
M3_PHASE m3_rot_kernel 0.885969
M3_PHASE m3_qkdot_kernel 0.411228
M3_PHASE m3_kscale_kernel 0.806958
M3_PHASE m3_dacs_kernel 0.055131
M3_PHASE m3_seg_l_kernel 0.642533
M3_PHASE m3_state_decay_kernel 0.017831
M3_PHASE m3_state_increment_kernel 8.360649
M3_PHASE m3_state_scan_kernel 1.823709
M3_PHASE m3_qk_s_kernel 6.912827
M3_PHASE m3_yintra_kernel 3.976635
M3_PHASE m3_ystate_kernel 14.422309
M3_PHASE m3_skip_gate_kernel 1.166165
M3_PHASE m3_reports_kernel 0.01797
M3_PHASE block.core_and_buffer 40.052556
M3_PHASE block.out_proj 11.382844
FSPEED lane=mamba3 arm=ours shape=wide.b8_l1024_d2048 round=1 ms=1063.711431 hash=32db3f9f7fc62b71
FSPEED-NOTE lane=mamba3 arm=ours output witness shape=wide.b8_l1024_d2048 n=16777216 hash=ad789d335594e3d0
FSPEED-REFUSED lane=mamba3 arm=agree reason=MOJOLEARN_SPEED_DUMP_DIR unset, so no output was dumped and no FSPEED-AGREE can be computed for shape wide.b8_l1024_d2048
FSPEED-DONE lane=mamba3 arm=ours mode=IDENTICAL
