
=== 2026-09-29T14:24:41Z /Users/ec2-user/bench-board-cache/venv/bin/python -u /Users/ec2-user/mojolearn-wt/steward-m2pro/tools/classical_two_datasets.py race --lane ols --dataset istella --data /Users/ec2-user/bench-board-cache/ctd-data/rows-2000 --out /Users/ec2-user/mojolearn-evidence/bench-board/2026-09-29_m2pro_proof/raw/classical/rows-2000 --work /Users/ec2-user/mojolearn-evidence/bench-board/2026-09-29_m2pro_proof/work --root /Users/ec2-user/mojolearn-wt/steward-m2pro --arms ours,ours-fast,sklearn-cpu,torch-gpu --rounds 1 --round-seconds 1800 --warmup-seconds 1800 --ours-python /Users/ec2-user/bench-board-cache/venv/bin/python --theirs-python /Users/ec2-user/bench-board-cache/venv/bin/python
CTD-SETTINGS lane=ols dataset=istella fit_intercept=True
CTD-MISMATCH lane=ols dataset=istella seed: no arm has a seed argument (closed-form fit); torch-gpu torch.manual_seed(7)
CTD-MISMATCH lane=ols dataset=istella solver: ours eig of the normal equations (no parameter), scikit-learn scipy lstsq gelsd (no parameter), cuML algorithm='eig', torch-gpu torch.linalg.lstsq (gels on CUDA), torch-gpu-eigh eigh with a pseudo-inverse cutoff
CTD-MISMATCH lane=ols dataset=istella scikit-learn positive=False and copy_X=True: parameters ours does not have
BOARD-PARAMS {"arms": {"ours": {"library": "mojolearn", "params": {"fit_intercept": true, "seed": "none (deterministic)"}, "source": "get_params"}, "ours-fast": {"library": "mojolearn", "params": {"fit_intercept": true, "seed": "none (deterministic)"}, "source": "get_params"}, "sklearn-cpu": {"library": "sklearn", "params": {"fit_intercept": true, "positive": false, "seed": "none (deterministic)", "tol": 1e-06}, "source": "get_params"}, "torch-gpu": {"library": "torch", "params": {"fit_intercept": true, "seed": 7}, "source": "declared"}}, "compared": [{"arm": "ours-fast", "ours": true, "param": "fit_intercept", "same": true, "theirs": true}, {"arm": "sklearn-cpu", "ours": true, "param": "fit_intercept", "same": true, "theirs": true}, {"arm": "torch-gpu", "ours": true, "param": "fit_intercept", "same": true, "theirs": true}], "exceptions": [], "family": "classical", "lane": "ols", "problems": [], "reference": "ours", "seed": 7, "seed_none_deterministic": ["ours", "ours-fast", "sklearn-cpu"], "verdict": "MATCHED"}
CTD-ROUND lane=ols dataset=istella arm=ours round=0 ms=1459.413 digest=5661d4af28919052
CTD-ROUND lane=ols dataset=istella arm=ours-fast round=0 ms=1085.965 digest=6fb735a4b1b72029
CTD-ROUND lane=ols dataset=istella arm=sklearn-cpu round=0 ms=44.349 digest=16dfd6092ebb6510
CTD-REFUSED lane=ols dataset=istella arm=torch-gpu stage=round0 detail={"error": "NotImplementedError(\"The operator 'aten::linalg_lstsq.out' is not currently implemented for the MPS device. If you want this op to be considered for addition please comment on https://github.com/pytorch/pytorch/issues/141287 and mention use-case, that resulted in missing op as well as commit hash cf30153c4c131c8164ee7798e5022d810682e2cb. As a temporary fix, you can set the environment variable `PYTORCH_ENABLE_MPS_FALLBACK=1` to use the CPU as a fallback for this op. WARNING: this will be slower than running natively on MPS.\")", "event": "error", "stage": "round 0"}
CTD-ROUND lane=ols dataset=istella arm=ours-fast round=1 ms=949.434 digest=6fb735a4b1b72029
CTD-ROUND lane=ols dataset=istella arm=sklearn-cpu round=1 ms=16.048 digest=16dfd6092ebb6510
CTD-ROUND lane=ols dataset=istella arm=ours round=1 ms=1033.685 digest=5661d4af28919052
CTD lane=ols dataset=istella arm=ours device=gpu status=ok median_ms=1033.6845410056412 min_ms=1033.6845410056412 max_ms=1033.6845410056412 digest_stable=True quality={"finite": true, "r2": -24.129540844217956, "rmse": 4.7465919201998865}
CTD-SPAN lane=ols dataset=istella arm=ours input_home=host inside_clock=host_to_device_upload,host_validation,call upload_ms_untimed=- fit_ms_untimed=- pre_clock_fit=false pre_clock_fit_source=declared
CTD lane=ols dataset=istella arm=ours-fast device=gpu status=ok median_ms=949.4335409835912 min_ms=949.4335409835912 max_ms=949.4335409835912 digest_stable=True quality={"finite": true, "r2": -24.39021178063185, "rmse": 4.771146814602371}
CTD-SPAN lane=ols dataset=istella arm=ours-fast input_home=host inside_clock=host_to_device_upload,host_validation,call upload_ms_untimed=- fit_ms_untimed=- pre_clock_fit=false pre_clock_fit_source=declared
CTD lane=ols dataset=istella arm=sklearn-cpu device=cpu status=ok median_ms=16.04849999421276 min_ms=16.04849999421276 max_ms=16.04849999421276 digest_stable=True quality={"finite": true, "r2": -0.027117259164133767, "rmse": 0.9596207548281149}
CTD-SPAN lane=ols dataset=istella arm=sklearn-cpu input_home=host inside_clock=call upload_ms_untimed=- fit_ms_untimed=- pre_clock_fit=false pre_clock_fit_source=declared
CTD lane=ols dataset=istella arm=torch-gpu device=gpu status=error median_ms=None min_ms=None max_ms=None digest_stable=None quality={}
CTD-SPAN lane=ols dataset=istella arm=torch-gpu input_home=device inside_clock=call upload_ms_untimed=3.406 fit_ms_untimed=- pre_clock_fit=false pre_clock_fit_source=declared
CTD-RATIO lane=ols dataset=istella ours/ours-fast=1.0887 ours/sklearn-cpu=64.4100 span_asymmetry=none
