699 external/tcmalloc+/tcmalloc/internal/system_allocator.h:713] Warning: Unable to mbind memory (errno=1, base=0x5373c0000000, nodemask=1)
Imported from /root/mojolearn/bench/gemm_card_main.mojo:203:
/root/mojolearn/core/identity_trace.mojo:248:14: warning: 'UnsafePointer' is deprecated, use 'Pointer' instead
        raw: UnsafePointer[UInt8, o],
             ^~~~~~~~~~~~~
             Pointer
<unknown>:0: note: 'UnsafePointer' declared here
Imported from /root/mojolearn/bench/gemm_card_main.mojo:203:
/root/mojolearn/core/identity_trace.mojo:362:14: warning: 'bitcast' is deprecated, use 'unsafe_bitcast' instead
            p.bitcast[UInt8](),
            ~^~~~~~~~
              unsafe_bitcast
<unknown>:0: note: 'bitcast' declared here
Imported from /root/mojolearn/bench/gemm_card_main.mojo:203:
/root/mojolearn/core/identity_trace.mojo:376:14: warning: 'UnsafePointer' is deprecated, use 'Pointer' instead
        ptr: UnsafePointer[Scalar[dt], o],
             ^~~~~~~~~~~~~
             Pointer
<unknown>:0: note: 'UnsafePointer' declared here
Imported from /root/mojolearn/bench/gemm_card_main.mojo:203:
/root/mojolearn/core/identity_trace.mojo:103:22: warning: 'UnsafePointer' is deprecated, use 'Pointer' instead
](seed: UInt64, ptr: UnsafePointer[UInt8, o], n: Int) -> UInt64:
                     ^~~~~~~~~~~~~
                     Pointer
<unknown>:0: note: 'UnsafePointer' declared here
Imported from /root/mojolearn/bench/gemm_card_main.mojo:203:
/root/mojolearn/core/identity_trace.mojo:386:16: warning: 'bitcast' is deprecated, use 'unsafe_bitcast' instead
            ptr.bitcast[UInt8](),
            ~~~^~~~~~~~
                unsafe_bitcast
<unknown>:0: note: 'bitcast' declared here
699 external/tcmalloc+/tcmalloc/internal/system_allocator.h:713] Warning: Unable to mbind memory (errno=1, base=0x5b60c0000000, nodemask=2)
== bench/gemm_card_main.mojo [IDENTICAL] ==
profile mojolearn.identical.gemm.fp32.v1
arm device
column nvidia
kernel gemm/checks/gemm_identical.mojo  sabotage none
cap device: DEVICE_FLOAT_BUDGET = 67108864 float32 across A, B, C and the workspace
   gram.32x32x1M m=32 n=32 k=1000000 plan=SPLIT 32x32 reg2x2 KS=32 leaves on grid.y -> workspace -> fold (block per cell <= 16384, else register stack) tpb=256 hwftz=True (256 thr, 2-D grid, no swizzle) P=1024
   gram.32x32x64K m=32 n=32 k=65536 plan=SPLIT 32x32 reg2x2 KS=32 leaves on grid.y -> workspace -> fold (block per cell <= 16384, else register stack) tpb=256 hwftz=True (256 thr, 2-D grid, no swizzle) P=512
   gram.128sq.x100003 m=128 n=128 k=100003 plan=SPLIT 128x128 reg8x8 KS=16 leaves on grid.y -> workspace -> fold (block per cell <= 16384, else register stack) tpb=256 hwftz=True (256 thr, 2-D grid, no swizzle) P=782
   ols.step1.16x16x64K m=16 n=16 k=65536 plan=SPLIT 16x16 reg1x1 KS=32 leaves on grid.y -> workspace -> fold (block per cell <= 16384, else register stack) tpb=256 hwftz=True (256 thr, 2-D grid, no swizzle) P=512
   pca.transform.8192x4x4 m=8192 n=4 k=4 plan=TILE 32x8 KS=16 (256 thr, 1-D grid, reversed tiles) P=1
   pca.transform.wide.8192x64x128 m=8192 n=64 k=128 plan=TUNED 64x64 reg4x4 KS=32 fold=16 local tpb=256 hwftz=True (1-D grid, no swizzle) P=1
   kmeans.dist.4096x64x64 m=4096 n=64 k=64 plan=TUNED 64x64 reg4x4 KS=32 fold=16 local tpb=256 hwftz=True (1-D grid, no swizzle) P=1
   ols.predict.gemv.64Kx16 m=65536 n=1 k=16 plan=TILE 32x8 KS=16 (256 thr, 1-D grid, reversed tiles) P=1
   llama8b.qkv.t1 m=1 n=4096 k=4096 plan=SPLIT 1x256 reg1x1 KS=16 leaves on grid.y -> workspace -> fold (block per cell <= 16384, else register stack) tpb=256 hwftz=True (256 thr, 2-D grid, no swizzle) P=32
   llama8b.qkv.t8 m=8 n=4096 k=4096 plan=SPLIT 8x64 reg1x2 KS=16 leaves on grid.y -> workspace -> fold (block per cell <= 16384, else register stack) tpb=256 hwftz=True (256 thr, 2-D grid, no swizzle) P=32
   llama8b.qkv.t512 m=512 n=4096 k=4096 plan=TUNED 128x128 reg8x8 KS=16 fold=16 local tpb=256 hwftz=True (1-D grid, no swizzle) P=32
699 external/tcmalloc+/tcmalloc/internal/system_allocator.h:713] Warning: Unable to mbind memory (errno=1, base=0x5b6100000000, nodemask=2)
   llama8b.mlp_up.t1 m=1 n=14336 k=4096 plan=SPLIT 1x256 reg1x1 KS=16 leaves on grid.y -> workspace -> fold (block per cell <= 16384, else register stack) tpb=256 hwftz=True (256 thr, 2-D grid, no swizzle) P=32
   llama8b.mlp_up.t8 m=8 n=14336 k=4096 plan=SPLIT 8x64 reg1x2 KS=16 leaves on grid.y -> workspace -> fold (block per cell <= 16384, else register stack) tpb=256 hwftz=True (256 thr, 2-D grid, no swizzle) P=32
   llama8b.mlp_up.t512 m=512 n=7168 (capped from 14336) k=4096 plan=TUNED 128x128 reg8x8 KS=16 fold=16 local tpb=256 hwftz=True (1-D grid, no swizzle) P=32
   llama8b.mlp_down.t1 m=1 n=4096 k=14336 plan=SPLIT 1x256 reg1x1 KS=16 leaves on grid.y -> workspace -> fold (block per cell <= 16384, else register stack) tpb=256 hwftz=True (256 thr, 2-D grid, no swizzle) P=112
   llama8b.mlp_down.t8 m=8 n=4096 k=14336 plan=SPLIT 8x64 reg1x2 KS=16 leaves on grid.y -> workspace -> fold (block per cell <= 16384, else register stack) tpb=256 hwftz=True (256 thr, 2-D grid, no swizzle) P=112
   llama8b.mlp_down.t512 m=512 n=2048 (capped from 4096) k=14336 plan=TUNED 128x128 reg8x8 KS=16 fold=16 local tpb=256 hwftz=True (1-D grid, no swizzle) P=112
   llama8b.lm_head.t1 m=1 n=16032 (capped from 128256) k=4096 plan=SPLIT 1x256 reg1x1 KS=16 leaves on grid.y -> workspace -> fold (block per cell <= 16384, else register stack) tpb=256 hwftz=True (256 thr, 2-D grid, no swizzle) P=32
   llama8b.lm_head.t8 m=8 n=8016 (capped from 128256) k=4096 plan=SPLIT 8x64 reg1x2 KS=16 leaves on grid.y -> workspace -> fold (block per cell <= 16384, else register stack) tpb=256 hwftz=True (256 thr, 2-D grid, no swizzle) P=32
   llama8b.lm_head.t512 m=512 n=8016 (capped from 128256) k=4096 plan=TUNED 128x128 reg8x8 KS=16 fold=16 local tpb=256 hwftz=True (1-D grid, no swizzle) P=32

card: /root/gemm_leg_out/nvidia.card
stages: 60 over 20 shapes; 0 skipped
Diff two arms to see the fold topology matter:
  MOJOLEARN_GEMM_CARD_ARM=oracle MOJOLEARN_IDENTITY_TRACE=/tmp/o.card ...
  MOJOLEARN_GEMM_CARD_ARM=serial MOJOLEARN_IDENTITY_TRACE=/tmp/s.card ...
  python3 tools/identity_trace_diff.py /tmp/o.card /tmp/s.card
They agree only where P == 1.
Diff the DEVICE arm against the oracle -- these MUST be identical:
  MOJOLEARN_GEMM_CARD_HOST_CAP=1 MOJOLEARN_GEMM_CARD_ARM=device MOJOLEARN_IDENTITY_TRACE=/tmp/d.card ...
  python3 tools/identity_trace_diff.py /tmp/o.card /tmp/d.card
