1729 external/tcmalloc+/tcmalloc/internal/system_allocator.h:713] Warning: Unable to mbind memory (errno=1, base=0x18a880000000, nodemask=2)
== dispatcher vs the untuned plan, BITS and TIME ==
   OK  gram.32x32x1M [SPLITK(leaf kernel -> global workspace -> level-wise threadgroup fold) -> TILE 32x8 KS=16 (256 thr, 1-D grid, reversed tiles)]  m=32 n=32 k=1000000  BITS MATCH  untuned=50.106467ms dispatch=122.64902766666667ms  speedup=0.40853537898546133x
   OK  gram.32x32x64K [SPLITK(leaf kernel -> global workspace -> level-wise threadgroup fold) -> TILE 32x8 KS=16 (256 thr, 1-D grid, reversed tiles)]  m=32 n=32 k=65536  BITS MATCH  untuned=0.9379173333333334ms dispatch=5.397358ms  speedup=0.17377341531418397x
   OK  gram.128sq.x100003 [TILE 16x16 KS=32 (256 thr, 1-D grid, no swizzle) -> TILE 32x8 KS=16 (256 thr, 1-D grid, reversed tiles)]  m=128 n=128 k=100003  BITS MATCH  untuned=8.689356666666667ms dispatch=12.26354ms  speedup=0.7085520711529188x
   OK  ols.step1.16x16x64K [SPLITK(leaf kernel -> global workspace -> level-wise threadgroup fold) -> TILE 32x8 KS=16 (256 thr, 1-D grid, reversed tiles)]  m=16 n=16 k=65536  BITS MATCH  untuned=0.182364ms dispatch=4.629033ms  speedup=0.03939570100277963x
   OK  pca.transform.8192x4x4 [TILE 32x8 KS=16 (256 thr, 1-D grid, reversed tiles) -> TILE 32x8 KS=16 (256 thr, 1-D grid, reversed tiles)]  m=8192 n=4 k=4  BITS MATCH  untuned=0.011328ms dispatch=0.010779ms  speedup=1.0509323684942944x
   OK  pca.transform.wide.8192x64x128 [TILE 16x16 KS=32 (256 thr, 1-D grid, no swizzle) -> TILE 32x8 KS=16 (256 thr, 1-D grid, reversed tiles)]  m=8192 n=64 k=128  BITS MATCH  untuned=0.08894766666666666ms dispatch=0.09385433333333333ms  speedup=0.9477204036041667x
   OK  kmeans.dist.4096x64x64 [TILE 16x16 KS=32 (256 thr, 1-D grid, no swizzle) -> TILE 32x8 KS=16 (256 thr, 1-D grid, reversed tiles)]  m=4096 n=64 k=64  BITS MATCH  untuned=0.033236ms dispatch=0.03424766666666667ms  speedup=0.970460274665914x
   OK  ols.predict.gemv.64Kx16 [TILE 32x8 KS=16 (256 thr, 1-D grid, reversed tiles) -> TILE 32x8 KS=16 (256 thr, 1-D grid, reversed tiles)]  m=65536 n=1 k=16  BITS MATCH  untuned=0.029760333333333333ms dispatch=0.029224ms  speedup=1.0183524956656629x
   OK  llama8b.qkv.t1 [SPLITK(leaf kernel -> global workspace -> level-wise threadgroup fold) -> TILE 32x8 KS=16 (256 thr, 1-D grid, reversed tiles)]  m=1 n=4096 k=4096  BITS MATCH  untuned=0.156316ms dispatch=0.701655ms  speedup=0.22278185147971583x
   OK  llama8b.qkv.t8 [TILE 8x32 KS=32 (256 thr, 2-D grid, no swizzle) -> TILE 32x8 KS=16 (256 thr, 1-D grid, reversed tiles)]  m=8 n=4096 k=4096  BITS MATCH  untuned=0.42983533333333335ms dispatch=0.7115333333333334ms  speedup=0.6040972547549892x
   OK  llama8b.qkv.t512 [TILE 16x16 KS=32 (256 thr, 1-D grid, no swizzle) -> TILE 32x8 KS=16 (256 thr, 1-D grid, reversed tiles)]  m=512 n=4096 k=4096  BITS MATCH  untuned=8.585397333333333ms dispatch=9.304062333333333ms  speedup=0.9227579336581544x
   OK  llama8b.mlp_up.t1 [TILE 8x32 KS=32 (256 thr, 2-D grid, no swizzle) -> TILE 32x8 KS=16 (256 thr, 1-D grid, reversed tiles)]  m=1 n=14336 k=4096  BITS MATCH  untuned=0.7119333333333333ms dispatch=2.141081ms  speedup=0.33251116297484x
   OK  llama8b.mlp_up.t8 [TILE 8x32 KS=32 (256 thr, 2-D grid, no swizzle) -> TILE 32x8 KS=16 (256 thr, 1-D grid, reversed tiles)]  m=8 n=14336 k=4096  BITS MATCH  untuned=0.7371033333333333ms dispatch=2.151626ms  speedup=0.3425796738528598x
   OK  llama8b.mlp_up.t512 [TILE 16x16 KS=32 (256 thr, 1-D grid, no swizzle) -> TILE 32x8 KS=16 (256 thr, 1-D grid, reversed tiles)]  m=512 n=14336 k=4096  BITS MATCH  untuned=29.418784ms dispatch=31.802383ms  speedup=0.9250496731644292x
   OK  llama8b.mlp_down.t1 [SPLITK(leaf kernel -> global workspace -> level-wise threadgroup fold) -> TILE 32x8 KS=16 (256 thr, 1-D grid, reversed tiles)]  m=1 n=4096 k=14336  BITS MATCH  untuned=0.49401033333333333ms dispatch=2.4267973333333335ms  speedup=0.20356472563565256x
   OK  llama8b.mlp_down.t8 [TILE 8x32 KS=32 (256 thr, 2-D grid, no swizzle) -> TILE 32x8 KS=16 (256 thr, 1-D grid, reversed tiles)]  m=8 n=4096 k=14336  BITS MATCH  untuned=1.530756ms dispatch=2.496355ms  speedup=0.613196440410118x
   OK  llama8b.mlp_down.t512 [TILE 16x16 KS=32 (256 thr, 1-D grid, no swizzle) -> TILE 32x8 KS=16 (256 thr, 1-D grid, reversed tiles)]  m=512 n=4096 k=14336  BITS MATCH  untuned=29.89943ms dispatch=32.691979333333336ms  speedup=0.9145799859696472x
   OK  llama8b.lm_head.t1 [TILE 8x32 KS=32 (256 thr, 2-D grid, no swizzle) -> TILE 32x8 KS=16 (256 thr, 1-D grid, reversed tiles)]  m=1 n=128256 k=4096  BITS MATCH  untuned=4.573705666666666ms dispatch=17.687807666666668ms  speedup=0.25857956807648835x
   OK  llama8b.lm_head.t8 [TILE 8x32 KS=32 (256 thr, 2-D grid, no swizzle) -> TILE 32x8 KS=16 (256 thr, 1-D grid, reversed tiles)]  m=8 n=128256 k=4096  BITS MATCH  untuned=4.665366666666666ms dispatch=17.720584666666667ms  speedup=0.26327385661503944x
   OK  llama8b.lm_head.t512 [TILE 16x16 KS=32 (256 thr, 1-D grid, no swizzle) -> TILE 32x8 KS=16 (256 thr, 1-D grid, reversed tiles)]  m=64 n=128256 k=4096  BITS MATCH  untuned=32.805423ms dispatch=35.473548666666666ms  speedup=0.9247854875829263x

   20 match, 0 MOVED, 0 refused.
