### baseline  (defaults)
    FAILED (exit 1); stderr tail:
oard_neural.py", line 919, in call
    res = self.model.train_step(np.ascontiguousarray(b[:, :-1]), np.ascontiguousarray(b[:, 1:]))
  File "/Users/ec2-user/mojolearn-apple3/python/mojolearn/_samba_impl.py", line 568, in train_step
    loss_k, g_k = self.loss_and_grads(ids[sl], y[sl], num_items=count,
                  ~~~~~~~~~~~~~~~~~~~^^^^^^^^^^^^^^^^^^^^^^^^^^^^^^^^^
                                      dropout_stream=stream,
                                      ^^^^^^^^^^^^^^^^^^^^^^
                                      token_offset=k * rows * l)
                                      ^^^^^^^^^^^^^^^^^^^^^^^^^^
  File "/Users/ec2-user/mojolearn-apple3/python/mojolearn/_samba_impl.py", line 491, in loss_and_grads
    fused = callable(T._optional_samba_head(T._load(self.numeric_mode)))
                                            ~~~~~~~^^^^^^^^^^^^^^^^^^^
  File "/Users/ec2-user/mojolearn-apple3/python/mojolearn/_training_impl.py", line 233, in _load
    mod = _backend.binding(_EXT_NAME, mode)
  File "/Users/ec2-user/mojolearn-apple3/python/mojolearn/_backend.py", line 1938, in binding
    module = getattr(selected, name)
  File "/Users/ec2-user/mojolearn-apple3/python/mojolearn/_backend.py", line 1778, in __getattr__
    raise ImportError(
    ...<5 lines>...
    )
ImportError: mojolearn: numeric_mode='identical' needs python/mojolearn/identical/_mojolearn_training.so, which is not built. Build it with
    MOJOLEARN_NUMERIC_MODE=identical bash bindings/build_training.sh

### s16_naive  MOJOLEARN_MAMBA3_S16_QK_ARM=naive
    FAILED (exit 1); stderr tail:
oard_neural.py", line 919, in call
    res = self.model.train_step(np.ascontiguousarray(b[:, :-1]), np.ascontiguousarray(b[:, 1:]))
  File "/Users/ec2-user/mojolearn-apple3/python/mojolearn/_samba_impl.py", line 568, in train_step
    loss_k, g_k = self.loss_and_grads(ids[sl], y[sl], num_items=count,
                  ~~~~~~~~~~~~~~~~~~~^^^^^^^^^^^^^^^^^^^^^^^^^^^^^^^^^
                                      dropout_stream=stream,
                                      ^^^^^^^^^^^^^^^^^^^^^^
                                      token_offset=k * rows * l)
                                      ^^^^^^^^^^^^^^^^^^^^^^^^^^
  File "/Users/ec2-user/mojolearn-apple3/python/mojolearn/_samba_impl.py", line 491, in loss_and_grads
    fused = callable(T._optional_samba_head(T._load(self.numeric_mode)))
                                            ~~~~~~~^^^^^^^^^^^^^^^^^^^
  File "/Users/ec2-user/mojolearn-apple3/python/mojolearn/_training_impl.py", line 233, in _load
    mod = _backend.binding(_EXT_NAME, mode)
  File "/Users/ec2-user/mojolearn-apple3/python/mojolearn/_backend.py", line 1938, in binding
    module = getattr(selected, name)
  File "/Users/ec2-user/mojolearn-apple3/python/mojolearn/_backend.py", line 1778, in __getattr__
    raise ImportError(
    ...<5 lines>...
    )
ImportError: mojolearn: numeric_mode='identical' needs python/mojolearn/identical/_mojolearn_training.so, which is not built. Build it with
    MOJOLEARN_NUMERIC_MODE=identical bash bindings/build_training.sh

### s16_regs2h  MOJOLEARN_MAMBA3_S16_QK_ARM=regs2h
    FAILED (exit 1); stderr tail:
oard_neural.py", line 919, in call
    res = self.model.train_step(np.ascontiguousarray(b[:, :-1]), np.ascontiguousarray(b[:, 1:]))
  File "/Users/ec2-user/mojolearn-apple3/python/mojolearn/_samba_impl.py", line 568, in train_step
    loss_k, g_k = self.loss_and_grads(ids[sl], y[sl], num_items=count,
                  ~~~~~~~~~~~~~~~~~~~^^^^^^^^^^^^^^^^^^^^^^^^^^^^^^^^^
                                      dropout_stream=stream,
                                      ^^^^^^^^^^^^^^^^^^^^^^
                                      token_offset=k * rows * l)
                                      ^^^^^^^^^^^^^^^^^^^^^^^^^^
  File "/Users/ec2-user/mojolearn-apple3/python/mojolearn/_samba_impl.py", line 491, in loss_and_grads
    fused = callable(T._optional_samba_head(T._load(self.numeric_mode)))
                                            ~~~~~~~^^^^^^^^^^^^^^^^^^^
  File "/Users/ec2-user/mojolearn-apple3/python/mojolearn/_training_impl.py", line 233, in _load
    mod = _backend.binding(_EXT_NAME, mode)
  File "/Users/ec2-user/mojolearn-apple3/python/mojolearn/_backend.py", line 1938, in binding
    module = getattr(selected, name)
  File "/Users/ec2-user/mojolearn-apple3/python/mojolearn/_backend.py", line 1778, in __getattr__
    raise ImportError(
    ...<5 lines>...
    )
ImportError: mojolearn: numeric_mode='identical' needs python/mojolearn/identical/_mojolearn_training.so, which is not built. Build it with
    MOJOLEARN_NUMERIC_MODE=identical bash bindings/build_training.sh

### s16_regsh  MOJOLEARN_MAMBA3_S16_QK_ARM=regsh
    FAILED (exit 1); stderr tail:
oard_neural.py", line 919, in call
    res = self.model.train_step(np.ascontiguousarray(b[:, :-1]), np.ascontiguousarray(b[:, 1:]))
  File "/Users/ec2-user/mojolearn-apple3/python/mojolearn/_samba_impl.py", line 568, in train_step
    loss_k, g_k = self.loss_and_grads(ids[sl], y[sl], num_items=count,
                  ~~~~~~~~~~~~~~~~~~~^^^^^^^^^^^^^^^^^^^^^^^^^^^^^^^^^
                                      dropout_stream=stream,
                                      ^^^^^^^^^^^^^^^^^^^^^^
                                      token_offset=k * rows * l)
                                      ^^^^^^^^^^^^^^^^^^^^^^^^^^
  File "/Users/ec2-user/mojolearn-apple3/python/mojolearn/_samba_impl.py", line 491, in loss_and_grads
    fused = callable(T._optional_samba_head(T._load(self.numeric_mode)))
                                            ~~~~~~~^^^^^^^^^^^^^^^^^^^
  File "/Users/ec2-user/mojolearn-apple3/python/mojolearn/_training_impl.py", line 233, in _load
    mod = _backend.binding(_EXT_NAME, mode)
  File "/Users/ec2-user/mojolearn-apple3/python/mojolearn/_backend.py", line 1938, in binding
    module = getattr(selected, name)
  File "/Users/ec2-user/mojolearn-apple3/python/mojolearn/_backend.py", line 1778, in __getattr__
    raise ImportError(
    ...<5 lines>...
    )
ImportError: mojolearn: numeric_mode='identical' needs python/mojolearn/identical/_mojolearn_training.so, which is not built. Build it with
    MOJOLEARN_NUMERIC_MODE=identical bash bindings/build_training.sh


| experiment | mamba3-forward | samba-train-step |
|---|---:|---:|
| baseline | FAILED | FAILED |
| s16_naive | FAILED | FAILED |
| s16_regs2h | FAILED | FAILED |
| s16_regsh | FAILED | FAILED |

ratio < 1 is faster than baseline; MOVED means the output bits differ from baseline: do not keep that toggle.
