FSPEED-NOTE lane=gbdt-depthwise arms=ours metric=devices delta=1.000000 reason=devices=gpu (auto); on a GPU vendor's box the vendors' CPU arms do not run, so a lane whose only opponent is a CPU library has NO legal opponent here and says so
3804 external/tcmalloc+/tcmalloc/internal/system_allocator.h:713] Warning: Unable to mbind memory (errno=1, base=0x307040000000, nodemask=1)
FSPEED-REFUSED lane=gbdt-depthwise arm=catboost-cpu reason=GPU-PATH-ONLY: catboost-cpu is a CPU arm and this box has an accelerator. On NVIDIA and AMD we compare against the vendor's GPU path only; their CPU path is the MacBook's.
FSPEED-REFUSED lane=gbdt-depthwise arm=catboost-gpu-deterministic reason=NOT-OFFERED: CatBoost documents no deterministic GPU configuration; official doc (features/training-on-gpu): "Training on GPU is non-deterministic, because the order of floating point summations is non-deterministic in this implementation."
FSPEED-REFUSED lane=gbdt-depthwise arm=xgboost-cpu reason=GPU-PATH-ONLY: xgboost-cpu is a CPU arm and this box has an accelerator. On NVIDIA and AMD we compare against the vendor's GPU path only; their CPU path is the MacBook's.
FSPEED-REFUSED lane=gbdt-depthwise arm=xgboost-gpu-deterministic reason=NOT-OFFERED: no documented deterministic parameter for tree_method='hist' on device='cuda' (no deterministic_histogram in the current Parameters page); the fast arm's per-round hash column records whether it repeats.
FSPEED-HEADER family=forest lane=gbdt-depthwise arm=ours mode=IDENTICAL device=NVIDIA_H100_80GB_HBM3 rounds=5 size=shipped
FSPEED-HEADER family=forest lane=gbdt-depthwise arm=catboost-gpu mode=IDENTICAL device=NVIDIA_H100_80GB_HBM3 rounds=5 size=shipped
FSPEED-HEADER family=forest lane=gbdt-depthwise arm=xgboost-gpu mode=IDENTICAL device=NVIDIA_H100_80GB_HBM3 rounds=5 size=shipped
3804 external/tcmalloc+/tcmalloc/internal/system_allocator.h:713] Warning: Unable to mbind memory (errno=1, base=0x19fd80000000, nodemask=2)
FSPEED-WARMUP lane=gbdt-depthwise arm=ours shape=higgs-2000000x28 ms=2667.054
FSPEED-WARMUP lane=gbdt-depthwise arm=catboost-gpu shape=higgs-2000000x28 ms=1444.794
FSPEED-WARMUP lane=gbdt-depthwise arm=xgboost-gpu shape=higgs-2000000x28 ms=1076.682
FSPEED lane=gbdt-depthwise arm=ours shape=higgs-2000000x28 round=1 ms=1972.404 hash=e9e6dff4ba5496ae
FSPEED lane=gbdt-depthwise arm=catboost-gpu shape=higgs-2000000x28 round=1 ms=1577.543 hash=2a59eb55698d13d2
FSPEED lane=gbdt-depthwise arm=xgboost-gpu shape=higgs-2000000x28 round=1 ms=958.215 hash=335671ec1071de24
FSPEED lane=gbdt-depthwise arm=ours shape=higgs-2000000x28 round=2 ms=1991.317 hash=e9e6dff4ba5496ae
FSPEED lane=gbdt-depthwise arm=catboost-gpu shape=higgs-2000000x28 round=2 ms=1631.737 hash=17587c85d2fc3f56
FSPEED lane=gbdt-depthwise arm=xgboost-gpu shape=higgs-2000000x28 round=2 ms=1039.752 hash=335671ec1071de24
FSPEED lane=gbdt-depthwise arm=ours shape=higgs-2000000x28 round=3 ms=2000.512 hash=e9e6dff4ba5496ae
FSPEED lane=gbdt-depthwise arm=catboost-gpu shape=higgs-2000000x28 round=3 ms=1613.416 hash=e674b9ba7b111d2c
FSPEED lane=gbdt-depthwise arm=xgboost-gpu shape=higgs-2000000x28 round=3 ms=981.210 hash=335671ec1071de24
FSPEED lane=gbdt-depthwise arm=ours shape=higgs-2000000x28 round=4 ms=1981.632 hash=e9e6dff4ba5496ae
FSPEED lane=gbdt-depthwise arm=catboost-gpu shape=higgs-2000000x28 round=4 ms=1603.489 hash=87402da73008c26d
FSPEED lane=gbdt-depthwise arm=xgboost-gpu shape=higgs-2000000x28 round=4 ms=989.874 hash=335671ec1071de24
FSPEED lane=gbdt-depthwise arm=ours shape=higgs-2000000x28 round=5 ms=1987.197 hash=e9e6dff4ba5496ae
FSPEED lane=gbdt-depthwise arm=catboost-gpu shape=higgs-2000000x28 round=5 ms=1608.976 hash=9c26cab138536542
FSPEED lane=gbdt-depthwise arm=xgboost-gpu shape=higgs-2000000x28 round=5 ms=994.790 hash=335671ec1071de24
FSPEED-ACC lane=gbdt-depthwise arm=ours metric=logloss value=0.524432
FSPEED-ACC lane=gbdt-depthwise arm=ours metric=auc value=0.814172
FSPEED-ACC lane=gbdt-depthwise arm=catboost-gpu metric=logloss value=0.524724
FSPEED-ACC lane=gbdt-depthwise arm=catboost-gpu metric=auc value=0.814098
FSPEED-ACC lane=gbdt-depthwise arm=xgboost-gpu metric=logloss value=0.526273
FSPEED-ACC lane=gbdt-depthwise arm=xgboost-gpu metric=auc value=0.812587
