### baseline  (defaults)
    transformer-forward     2.546 ms  digest=d5a2b289afdb5709
    mamba3-forward          2.579 ms  digest=481c50cae2dd749e
    samba-forward           7.990 ms  digest=ddce61948b8456e0
    samba-train-step      140.687 ms  digest=None
    lm-forward             53.894 ms  digest=4a8e781b0739a038
    lm-train-step          44.842 ms  digest=None
### no_retain_weights  MOJOLEARN_MAMBA3_RETAIN_WEIGHTS=0 MOJOLEARN_TRANSFORMER_RETAIN_WEIGHTS=0
    transformer-forward     2.978 ms  digest=d5a2b289afdb5709
    mamba3-forward          3.007 ms  digest=481c50cae2dd749e
    samba-forward           9.443 ms  digest=ddce61948b8456e0
    samba-train-step      140.068 ms  digest=None
    lm-forward             51.461 ms  digest=4a8e781b0739a038
    lm-train-step          45.103 ms  digest=None
### legacy_fresh_entry  MOJOLEARN_TRANSFORMER_SESSION_FRESH=0
    transformer-forward     2.742 ms  digest=d5a2b289afdb5709
    mamba3-forward          2.606 ms  digest=481c50cae2dd749e
    samba-forward           8.423 ms  digest=ddce61948b8456e0
    samba-train-step      138.703 ms  digest=None
    lm-forward             54.030 ms  digest=4a8e781b0739a038
    lm-train-step          45.072 ms  digest=None
### no_stage_reset  MOJOLEARN_TRANSFORMER_STAGE_RESET=0
    transformer-forward     2.311 ms  digest=d5a2b289afdb5709
    mamba3-forward          2.658 ms  digest=481c50cae2dd749e
    samba-forward           7.909 ms  digest=ddce61948b8456e0
    samba-train-step      141.152 ms  digest=None
    lm-forward             53.909 ms  digest=4a8e781b0739a038
    lm-train-step          45.346 ms  digest=None
### speculative_attn  MOJOLEARN_ATTN_SPECULATIVE=1
    transformer-forward     2.549 ms  digest=d5a2b289afdb5709
    mamba3-forward          2.594 ms  digest=481c50cae2dd749e
    samba-forward           8.018 ms  digest=ddce61948b8456e0
    samba-train-step      143.200 ms  digest=None
    lm-forward             53.755 ms  digest=4a8e781b0739a038
    lm-train-step          44.852 ms  digest=None
### swiglu_fused  MOJOLEARN_SWIGLU_FUSED=1
    transformer-forward     2.539 ms  digest=d5a2b289afdb5709
    mamba3-forward          2.668 ms  digest=481c50cae2dd749e
    samba-forward           8.522 ms  digest=ddce61948b8456e0
    samba-train-step      140.180 ms  digest=None
    lm-forward             57.860 ms  digest=4a8e781b0739a038
    lm-train-step          45.662 ms  digest=None
### no_layer_sync  MOJOLEARN_BYTE_LM_LAYER_SYNC=0
    transformer-forward     2.548 ms  digest=d5a2b289afdb5709
    mamba3-forward          2.604 ms  digest=481c50cae2dd749e
    samba-forward           8.074 ms  digest=ddce61948b8456e0
    samba-train-step      148.183 ms  digest=None
    lm-forward             59.419 ms  digest=4a8e781b0739a038
    lm-train-step          44.982 ms  digest=None
### all_on  MOJOLEARN_ATTN_SPECULATIVE=1 MOJOLEARN_BYTE_LM_LAYER_SYNC=0 MOJOLEARN_SWIGLU_FUSED=1 MOJOLEARN_TRANSFORMER_STAGE_RESET=0
    transformer-forward     2.633 ms  digest=d5a2b289afdb5709
    mamba3-forward          2.905 ms  digest=481c50cae2dd749e
    samba-forward           8.916 ms  digest=ddce61948b8456e0
    samba-train-step      144.925 ms  digest=None
    lm-forward             60.923 ms  digest=4a8e781b0739a038
    lm-train-step          45.259 ms  digest=None

| experiment | transformer-forward | mamba3-forward | samba-forward | samba-train-step | lm-forward | lm-train-step |
|---|---:|---:|---:|---:|---:|---:|
| baseline | 2.546 (1.00x) | 2.579 (1.00x) | 7.990 (1.00x) | 140.687 (1.00x) | 53.894 (1.00x) | 44.842 (1.00x) |
| no_retain_weights | 2.978 (1.17x) same | 3.007 (1.17x) same | 9.443 (1.18x) same | 140.068 (1.00x) same | 51.461 (0.95x) same | 45.103 (1.01x) same |
| legacy_fresh_entry | 2.742 (1.08x) same | 2.606 (1.01x) same | 8.423 (1.05x) same | 138.703 (0.99x) same | 54.030 (1.00x) same | 45.072 (1.01x) same |
| no_stage_reset | 2.311 (0.91x) same | 2.658 (1.03x) same | 7.909 (0.99x) same | 141.152 (1.00x) same | 53.909 (1.00x) same | 45.346 (1.01x) same |
| speculative_attn | 2.549 (1.00x) same | 2.594 (1.01x) same | 8.018 (1.00x) same | 143.200 (1.02x) same | 53.755 (1.00x) same | 44.852 (1.00x) same |
| swiglu_fused | 2.539 (1.00x) same | 2.668 (1.03x) same | 8.522 (1.07x) same | 140.180 (1.00x) same | 57.860 (1.07x) same | 45.662 (1.02x) same |
| no_layer_sync | 2.548 (1.00x) same | 2.604 (1.01x) same | 8.074 (1.01x) same | 148.183 (1.05x) same | 59.419 (1.10x) same | 44.982 (1.00x) same |
| all_on | 2.633 (1.03x) same | 2.905 (1.13x) same | 8.916 (1.12x) same | 144.925 (1.03x) same | 60.923 (1.13x) same | 45.259 (1.01x) same |

ratio < 1 is faster than baseline; MOVED means the output bits differ from baseline: do not keep that toggle.
