== leg lane=gemm mode=IDENTICAL round=1 22:48:17 ==
== bench/lanes_price_main.mojo [IDENTICAL] lane=gemm rounds=1 smoke=False ==
LPRICE gemm IDENTICAL warmup kmeans.dist.4096x64x64.4096x64x64 0.000594013 79adfe2dd5bd57e6
LPRICE gemm IDENTICAL 1 kmeans.dist.4096x64x64.4096x64x64 0.000109792 79adfe2dd5bd57e6
HASH-STABLE gemm IDENTICAL 2 rounds all 79adfe2dd5bd57e6
== done [IDENTICAL] lane=gemm ==
== leg lane=gemm mode=IDENTICAL round=2 22:48:18 ==
== bench/lanes_price_main.mojo [IDENTICAL] lane=gemm rounds=1 smoke=False ==
LPRICE gemm IDENTICAL warmup kmeans.dist.4096x64x64.4096x64x64 0.000572304 79adfe2dd5bd57e6
LPRICE gemm IDENTICAL 1 kmeans.dist.4096x64x64.4096x64x64 0.000106502 79adfe2dd5bd57e6
HASH-STABLE gemm IDENTICAL 2 rounds all 79adfe2dd5bd57e6
== done [IDENTICAL] lane=gemm ==
== leg lane=gemm mode=IDENTICAL round=3 22:48:19 ==
== bench/lanes_price_main.mojo [IDENTICAL] lane=gemm rounds=1 smoke=False ==
LPRICE gemm IDENTICAL warmup kmeans.dist.4096x64x64.4096x64x64 0.000570234 79adfe2dd5bd57e6
LPRICE gemm IDENTICAL 1 kmeans.dist.4096x64x64.4096x64x64 0.000108742 79adfe2dd5bd57e6
HASH-STABLE gemm IDENTICAL 2 rounds all 79adfe2dd5bd57e6
== done [IDENTICAL] lane=gemm ==
== leg lane=gemm mode=IDENTICAL round=4 22:48:21 ==
== bench/lanes_price_main.mojo [IDENTICAL] lane=gemm rounds=1 smoke=False ==
LPRICE gemm IDENTICAL warmup kmeans.dist.4096x64x64.4096x64x64 0.000554453 79adfe2dd5bd57e6
LPRICE gemm IDENTICAL 1 kmeans.dist.4096x64x64.4096x64x64 0.000111663 79adfe2dd5bd57e6
HASH-STABLE gemm IDENTICAL 2 rounds all 79adfe2dd5bd57e6
== done [IDENTICAL] lane=gemm ==
== leg lane=gemm mode=IDENTICAL round=5 22:48:22 ==
== bench/lanes_price_main.mojo [IDENTICAL] lane=gemm rounds=1 smoke=False ==
LPRICE gemm IDENTICAL warmup kmeans.dist.4096x64x64.4096x64x64 0.000532792 79adfe2dd5bd57e6
LPRICE gemm IDENTICAL 1 kmeans.dist.4096x64x64.4096x64x64 0.000103183 79adfe2dd5bd57e6
HASH-STABLE gemm IDENTICAL 2 rounds all 79adfe2dd5bd57e6
== done [IDENTICAL] lane=gemm ==
