5007 external/tcmalloc+/tcmalloc/internal/system_allocator.h:713] Warning: Unable to mbind memory (errno=1, base=0x517580000000, nodemask=1)
Imported from /root/mojolearn/extratrees/checks/borrowed_upload_check.mojo:14:
/root/mojolearn/extratrees/impl/decisiontree/batched_levelalgo/builder.mojo:2027:9: warning: 'memcpy' is deprecated, use 'unsafe_memcpy' instead
        memcpy(dest=h_data.unsafe_ptr(), src=source, count=count)
        ^~~~~~
        unsafe_memcpy
<unknown>:0: note: 'memcpy' declared here
Imported from /root/mojolearn/extratrees/checks/borrowed_upload_check.mojo:14:
/root/mojolearn/extratrees/impl/decisiontree/batched_levelalgo/builder.mojo:2029:9: warning: 'memcpy' is deprecated, use 'unsafe_memcpy' instead
        memcpy(dest=h_data.unsafe_ptr(), src=x_col_major.unsafe_ptr(), count=count)
        ^~~~~~
        unsafe_memcpy
<unknown>:0: note: 'memcpy' declared here
Imported from /root/mojolearn/extratrees/checks/borrowed_upload_check.mojo:14:
/root/mojolearn/extratrees/impl/decisiontree/batched_levelalgo/builder.mojo:2030:5: warning: 'memcpy' is deprecated, use 'unsafe_memcpy' instead
    memcpy(dest=h_labels.unsafe_ptr(), src=class_ids.unsafe_ptr(), count=Int(n_rows))
    ^~~~~~
    unsafe_memcpy
<unknown>:0: note: 'memcpy' declared here
Imported from /root/mojolearn/extratrees/checks/borrowed_upload_check.mojo:14:
Imported from /root/mojolearn/extratrees/impl/decisiontree/batched_levelalgo/builder.mojo:78:
/root/mojolearn/core/identity_trace.mojo:376:14: warning: 'UnsafePointer' is deprecated, use 'Pointer' instead
        ptr: UnsafePointer[Scalar[dt], o],
             ^~~~~~~~~~~~~
             Pointer
<unknown>:0: note: 'UnsafePointer' declared here
Imported from /root/mojolearn/extratrees/checks/borrowed_upload_check.mojo:14:
/root/mojolearn/extratrees/impl/decisiontree/batched_levelalgo/builder.mojo:2787:24: warning: 'bitcast' is deprecated, use 'unsafe_bitcast' instead
            var sb = sp.bitcast[UInt8]()
                     ~~^~~~~~~~
                        unsafe_bitcast
<unknown>:0: note: 'bitcast' declared here
Imported from /root/mojolearn/extratrees/checks/borrowed_upload_check.mojo:14:
/root/mojolearn/extratrees/impl/decisiontree/batched_levelalgo/builder.mojo:2788:24: warning: 'bitcast' is deprecated, use 'unsafe_bitcast' instead
            var hb = hp.bitcast[UInt8]()
                     ~~^~~~~~~~
                        unsafe_bitcast
<unknown>:0: note: 'bitcast' declared here
Imported from /root/mojolearn/extratrees/checks/borrowed_upload_check.mojo:14:
/root/mojolearn/extratrees/impl/decisiontree/batched_levelalgo/builder.mojo:2808:9: warning: 'memcpy' is deprecated, use 'unsafe_memcpy' instead
        memcpy(dest=hp, src=sp, count=n)
        ^~~~~~
        unsafe_memcpy
<unknown>:0: note: 'memcpy' declared here
Imported from /root/mojolearn/extratrees/checks/borrowed_upload_check.mojo:14:
Imported from /root/mojolearn/extratrees/impl/decisiontree/batched_levelalgo/builder.mojo:78:
/root/mojolearn/core/identity_trace.mojo:248:14: warning: 'UnsafePointer' is deprecated, use 'Pointer' instead
        raw: UnsafePointer[UInt8, o],
             ^~~~~~~~~~~~~
             Pointer
<unknown>:0: note: 'UnsafePointer' declared here
Imported from /root/mojolearn/extratrees/checks/borrowed_upload_check.mojo:14:
Imported from /root/mojolearn/extratrees/impl/decisiontree/batched_levelalgo/builder.mojo:78:
/root/mojolearn/core/identity_trace.mojo:362:14: warning: 'bitcast' is deprecated, use 'unsafe_bitcast' instead
            p.bitcast[UInt8](),
            ~^~~~~~~~
              unsafe_bitcast
<unknown>:0: note: 'bitcast' declared here
Imported from /root/mojolearn/extratrees/checks/borrowed_upload_check.mojo:14:
Imported from /root/mojolearn/extratrees/impl/decisiontree/batched_levelalgo/builder.mojo:78:
/root/mojolearn/core/identity_trace.mojo:386:16: warning: 'bitcast' is deprecated, use 'unsafe_bitcast' instead
            ptr.bitcast[UInt8](),
            ~~~^~~~~~~~
                unsafe_bitcast
<unknown>:0: note: 'bitcast' declared here
Imported from /root/mojolearn/extratrees/checks/borrowed_upload_check.mojo:14:
Imported from /root/mojolearn/extratrees/impl/decisiontree/batched_levelalgo/builder.mojo:78:
/root/mojolearn/core/identity_trace.mojo:103:22: warning: 'UnsafePointer' is deprecated, use 'Pointer' instead
](seed: UInt64, ptr: UnsafePointer[UInt8, o], n: Int) -> UInt64:
                     ^~~~~~~~~~~~~
                     Pointer
<unknown>:0: note: 'UnsafePointer' declared here
