
=== pip install einops ===
Collecting einops
  Downloading einops-0.8.2-py3-none-any.whl.metadata (13 kB)
Downloading einops-0.8.2-py3-none-any.whl (65 kB)
Installing collected packages: einops
Successfully installed einops-0.8.2
WARNING: Running pip as the 'root' user can result in broken permissions and conflicting behaviour with the system package manager, possibly rendering your system unusable.It is recommended to use a virtual environment instead: https://pip.pypa.io/warnings/venv. Use the --root-user-action option if you know what you are doing and want to suppress this warning.
pip_exit einops=0
mamba wheel tag wanted: cu12torch2.4cxx11abiFALSE / cp311 / linux_x86_64
Collecting mamba-ssm==2.3.0+cu12torch2.4cxx11abiFALSE
  Downloading https://github.com/state-spaces/mamba/releases/download/v2.3.0/mamba_ssm-2.3.0%2Bcu12torch2.4cxx11abiFALSE-cp311-cp311-linux_x86_64.whl (533.2 MB)
     ━━━━━━━━━━━━━━━━━━━━━━━━━━━━━━━━━━━━━ 533.2/533.2 MB 218.3 MB/s eta 0:00:00
Requirement already satisfied: torch in /usr/local/lib/python3.11/dist-packages (from mamba-ssm==2.3.0+cu12torch2.4cxx11abiFALSE) (2.4.1+cu124)
Requirement already satisfied: triton in /usr/local/lib/python3.11/dist-packages (from mamba-ssm==2.3.0+cu12torch2.4cxx11abiFALSE) (3.0.0)
Collecting ninja (from mamba-ssm==2.3.0+cu12torch2.4cxx11abiFALSE)
  Downloading ninja-1.13.2-py3-none-manylinux2014_x86_64.manylinux_2_17_x86_64.whl.metadata (5.4 kB)
Requirement already satisfied: einops in /usr/local/lib/python3.11/dist-packages (from mamba-ssm==2.3.0+cu12torch2.4cxx11abiFALSE) (0.8.2)
Collecting transformers (from mamba-ssm==2.3.0+cu12torch2.4cxx11abiFALSE)
  Downloading transformers-5.16.1-py3-none-any.whl.metadata (32 kB)
Requirement already satisfied: packaging in /usr/local/lib/python3.11/dist-packages (from mamba-ssm==2.3.0+cu12torch2.4cxx11abiFALSE) (24.1)
Requirement already satisfied: setuptools>=61.0.0 in /usr/local/lib/python3.11/dist-packages (from mamba-ssm==2.3.0+cu12torch2.4cxx11abiFALSE) (75.1.0)
Requirement already satisfied: filelock in /usr/local/lib/python3.11/dist-packages (from torch->mamba-ssm==2.3.0+cu12torch2.4cxx11abiFALSE) (3.13.1)
Requirement already satisfied: typing-extensions>=4.8.0 in /usr/local/lib/python3.11/dist-packages (from torch->mamba-ssm==2.3.0+cu12torch2.4cxx11abiFALSE) (4.9.0)
Requirement already satisfied: sympy in /usr/local/lib/python3.11/dist-packages (from torch->mamba-ssm==2.3.0+cu12torch2.4cxx11abiFALSE) (1.12)
Requirement already satisfied: networkx in /usr/local/lib/python3.11/dist-packages (from torch->mamba-ssm==2.3.0+cu12torch2.4cxx11abiFALSE) (3.2.1)
Requirement already satisfied: jinja2 in /usr/local/lib/python3.11/dist-packages (from torch->mamba-ssm==2.3.0+cu12torch2.4cxx11abiFALSE) (3.1.3)
Requirement already satisfied: fsspec in /usr/local/lib/python3.11/dist-packages (from torch->mamba-ssm==2.3.0+cu12torch2.4cxx11abiFALSE) (2024.2.0)
Requirement already satisfied: nvidia-cuda-nvrtc-cu12==12.4.99 in /usr/local/lib/python3.11/dist-packages (from torch->mamba-ssm==2.3.0+cu12torch2.4cxx11abiFALSE) (12.4.99)
Requirement already satisfied: nvidia-cuda-runtime-cu12==12.4.99 in /usr/local/lib/python3.11/dist-packages (from torch->mamba-ssm==2.3.0+cu12torch2.4cxx11abiFALSE) (12.4.99)
Requirement already satisfied: nvidia-cuda-cupti-cu12==12.4.99 in /usr/local/lib/python3.11/dist-packages (from torch->mamba-ssm==2.3.0+cu12torch2.4cxx11abiFALSE) (12.4.99)
Requirement already satisfied: nvidia-cudnn-cu12==9.1.0.70 in /usr/local/lib/python3.11/dist-packages (from torch->mamba-ssm==2.3.0+cu12torch2.4cxx11abiFALSE) (9.1.0.70)
Requirement already satisfied: nvidia-cublas-cu12==12.4.2.65 in /usr/local/lib/python3.11/dist-packages (from torch->mamba-ssm==2.3.0+cu12torch2.4cxx11abiFALSE) (12.4.2.65)
Requirement already satisfied: nvidia-cufft-cu12==11.2.0.44 in /usr/local/lib/python3.11/dist-packages (from torch->mamba-ssm==2.3.0+cu12torch2.4cxx11abiFALSE) (11.2.0.44)
Requirement already satisfied: nvidia-curand-cu12==10.3.5.119 in /usr/local/lib/python3.11/dist-packages (from torch->mamba-ssm==2.3.0+cu12torch2.4cxx11abiFALSE) (10.3.5.119)
Requirement already satisfied: nvidia-cusolver-cu12==11.6.0.99 in /usr/local/lib/python3.11/dist-packages (from torch->mamba-ssm==2.3.0+cu12torch2.4cxx11abiFALSE) (11.6.0.99)
Requirement already satisfied: nvidia-cusparse-cu12==12.3.0.142 in /usr/local/lib/python3.11/dist-packages (from torch->mamba-ssm==2.3.0+cu12torch2.4cxx11abiFALSE) (12.3.0.142)
Requirement already satisfied: nvidia-nccl-cu12==2.20.5 in /usr/local/lib/python3.11/dist-packages (from torch->mamba-ssm==2.3.0+cu12torch2.4cxx11abiFALSE) (2.20.5)
Requirement already satisfied: nvidia-nvtx-cu12==12.4.99 in /usr/local/lib/python3.11/dist-packages (from torch->mamba-ssm==2.3.0+cu12torch2.4cxx11abiFALSE) (12.4.99)
Requirement already satisfied: nvidia-nvjitlink-cu12==12.4.99 in /usr/local/lib/python3.11/dist-packages (from torch->mamba-ssm==2.3.0+cu12torch2.4cxx11abiFALSE) (12.4.99)
Collecting huggingface-hub<2.0,>=1.5.0 (from transformers->mamba-ssm==2.3.0+cu12torch2.4cxx11abiFALSE)
  Downloading huggingface_hub-1.30.0-py3-none-any.whl.metadata (16 kB)
Requirement already satisfied: numpy>=1.17 in /usr/local/lib/python3.11/dist-packages (from transformers->mamba-ssm==2.3.0+cu12torch2.4cxx11abiFALSE) (1.26.3)
Requirement already satisfied: pyyaml>=5.1 in /usr/local/lib/python3.11/dist-packages (from transformers->mamba-ssm==2.3.0+cu12torch2.4cxx11abiFALSE) (6.0.2)
Collecting regex>=2025.10.22 (from transformers->mamba-ssm==2.3.0+cu12torch2.4cxx11abiFALSE)
  Downloading regex-2026.9.3-cp311-cp311-manylinux2014_x86_64.manylinux_2_17_x86_64.manylinux_2_28_x86_64.whl.metadata (40 kB)
Collecting tokenizers<0.24.0,>=0.23.1 (from transformers->mamba-ssm==2.3.0+cu12torch2.4cxx11abiFALSE)
  Downloading tokenizers-0.23.2-cp310-abi3-manylinux_2_17_x86_64.manylinux2014_x86_64.whl.metadata (9.8 kB)
Collecting typer (from transformers->mamba-ssm==2.3.0+cu12torch2.4cxx11abiFALSE)
  Downloading typer-0.27.2-py3-none-any.whl.metadata (16 kB)
Collecting safetensors>=0.8.0 (from transformers->mamba-ssm==2.3.0+cu12torch2.4cxx11abiFALSE)
  Downloading safetensors-0.8.0-cp310-abi3-manylinux_2_17_x86_64.manylinux2014_x86_64.whl.metadata (4.2 kB)
Collecting tqdm>=4.60 (from transformers->mamba-ssm==2.3.0+cu12torch2.4cxx11abiFALSE)
  Downloading tqdm-4.70.0-py3-none-any.whl.metadata (57 kB)
Collecting click<9.0.0,>=8.4.2 (from huggingface-hub<2.0,>=1.5.0->transformers->mamba-ssm==2.3.0+cu12torch2.4cxx11abiFALSE)
  Downloading click-8.5.0-py3-none-any.whl.metadata (2.6 kB)
Collecting hf-xet<2.0.0,>=1.5.2 (from huggingface-hub<2.0,>=1.5.0->transformers->mamba-ssm==2.3.0+cu12torch2.4cxx11abiFALSE)
  Downloading hf_xet-1.6.0-cp38-abi3-manylinux2014_x86_64.manylinux_2_17_x86_64.whl.metadata (4.9 kB)
Requirement already satisfied: httpx<1,>=0.23.0 in /usr/local/lib/python3.11/dist-packages (from huggingface-hub<2.0,>=1.5.0->transformers->mamba-ssm==2.3.0+cu12torch2.4cxx11abiFALSE) (0.27.2)
Requirement already satisfied: MarkupSafe>=2.0 in /usr/local/lib/python3.11/dist-packages (from jinja2->torch->mamba-ssm==2.3.0+cu12torch2.4cxx11abiFALSE) (2.1.5)
Requirement already satisfied: mpmath>=0.19 in /usr/local/lib/python3.11/dist-packages (from sympy->torch->mamba-ssm==2.3.0+cu12torch2.4cxx11abiFALSE) (1.3.0)
Collecting shellingham>=1.3.0 (from typer->transformers->mamba-ssm==2.3.0+cu12torch2.4cxx11abiFALSE)
  Downloading shellingham-1.5.4-py2.py3-none-any.whl.metadata (3.5 kB)
Collecting rich>=13.8.0 (from typer->transformers->mamba-ssm==2.3.0+cu12torch2.4cxx11abiFALSE)
  Downloading rich-15.0.0-py3-none-any.whl.metadata (18 kB)
Collecting annotated-doc>=0.0.2 (from typer->transformers->mamba-ssm==2.3.0+cu12torch2.4cxx11abiFALSE)
  Downloading annotated_doc-0.0.5-py3-none-any.whl.metadata (6.5 kB)
Requirement already satisfied: anyio in /usr/local/lib/python3.11/dist-packages (from httpx<1,>=0.23.0->huggingface-hub<2.0,>=1.5.0->transformers->mamba-ssm==2.3.0+cu12torch2.4cxx11abiFALSE) (4.6.0)
Requirement already satisfied: certifi in /usr/local/lib/python3.11/dist-packages (from httpx<1,>=0.23.0->huggingface-hub<2.0,>=1.5.0->transformers->mamba-ssm==2.3.0+cu12torch2.4cxx11abiFALSE) (2024.8.30)
Requirement already satisfied: httpcore==1.* in /usr/local/lib/python3.11/dist-packages (from httpx<1,>=0.23.0->huggingface-hub<2.0,>=1.5.0->transformers->mamba-ssm==2.3.0+cu12torch2.4cxx11abiFALSE) (1.0.5)
Requirement already satisfied: idna in /usr/local/lib/python3.11/dist-packages (from httpx<1,>=0.23.0->huggingface-hub<2.0,>=1.5.0->transformers->mamba-ssm==2.3.0+cu12torch2.4cxx11abiFALSE) (3.10)
Requirement already satisfied: sniffio in /usr/local/lib/python3.11/dist-packages (from httpx<1,>=0.23.0->huggingface-hub<2.0,>=1.5.0->transformers->mamba-ssm==2.3.0+cu12torch2.4cxx11abiFALSE) (1.3.1)
Requirement already satisfied: h11<0.15,>=0.13 in /usr/local/lib/python3.11/dist-packages (from httpcore==1.*->httpx<1,>=0.23.0->huggingface-hub<2.0,>=1.5.0->transformers->mamba-ssm==2.3.0+cu12torch2.4cxx11abiFALSE) (0.14.0)
Collecting markdown-it-py>=2.2.0 (from rich>=13.8.0->typer->transformers->mamba-ssm==2.3.0+cu12torch2.4cxx11abiFALSE)
  Downloading markdown_it_py-4.2.0-py3-none-any.whl.metadata (7.4 kB)
Requirement already satisfied: pygments<3.0.0,>=2.13.0 in /usr/local/lib/python3.11/dist-packages (from rich>=13.8.0->typer->transformers->mamba-ssm==2.3.0+cu12torch2.4cxx11abiFALSE) (2.18.0)
Collecting mdurl~=0.1 (from markdown-it-py>=2.2.0->rich>=13.8.0->typer->transformers->mamba-ssm==2.3.0+cu12torch2.4cxx11abiFALSE)
  Downloading mdurl-0.1.2-py3-none-any.whl.metadata (1.6 kB)
Downloading ninja-1.13.2-py3-none-manylinux2014_x86_64.manylinux_2_17_x86_64.whl (183 kB)
Downloading transformers-5.16.1-py3-none-any.whl (12.1 MB)
   ━━━━━━━━━━━━━━━━━━━━━━━━━━━━━━━━━━━━━━━━ 12.1/12.1 MB 319.5 MB/s eta 0:00:00
Downloading huggingface_hub-1.30.0-py3-none-any.whl (796 kB)
   ━━━━━━━━━━━━━━━━━━━━━━━━━━━━━━━━━━━━━━━ 796.8/796.8 kB 121.5 MB/s eta 0:00:00
Downloading regex-2026.9.3-cp311-cp311-manylinux2014_x86_64.manylinux_2_17_x86_64.manylinux_2_28_x86_64.whl (801 kB)
   ━━━━━━━━━━━━━━━━━━━━━━━━━━━━━━━━━━━━━━━ 801.1/801.1 kB 143.1 MB/s eta 0:00:00
Downloading safetensors-0.8.0-cp310-abi3-manylinux_2_17_x86_64.manylinux2014_x86_64.whl (516 kB)
Downloading tokenizers-0.23.2-cp310-abi3-manylinux_2_17_x86_64.manylinux2014_x86_64.whl (3.4 MB)
   ━━━━━━━━━━━━━━━━━━━━━━━━━━━━━━━━━━━━━━━━ 3.4/3.4 MB 297.0 MB/s eta 0:00:00
Downloading tqdm-4.70.0-py3-none-any.whl (80 kB)
Downloading typer-0.27.2-py3-none-any.whl (123 kB)
Downloading annotated_doc-0.0.5-py3-none-any.whl (5.3 kB)
Downloading click-8.5.0-py3-none-any.whl (125 kB)
Downloading hf_xet-1.6.0-cp38-abi3-manylinux2014_x86_64.manylinux_2_17_x86_64.whl (4.5 MB)
   ━━━━━━━━━━━━━━━━━━━━━━━━━━━━━━━━━━━━━━━━ 4.5/4.5 MB 219.1 MB/s eta 0:00:00
Downloading rich-15.0.0-py3-none-any.whl (310 kB)
Downloading shellingham-1.5.4-py2.py3-none-any.whl (9.8 kB)
Downloading markdown_it_py-4.2.0-py3-none-any.whl (91 kB)
Downloading mdurl-0.1.2-py3-none-any.whl (10.0 kB)
Installing collected packages: tqdm, shellingham, safetensors, regex, ninja, mdurl, hf-xet, click, annotated-doc, markdown-it-py, rich, huggingface-hub, typer, tokenizers, transformers, mamba-ssm
Successfully installed annotated-doc-0.0.5 click-8.5.0 hf-xet-1.6.0 huggingface-hub-1.30.0 mamba-ssm-2.3.0 markdown-it-py-4.2.0 mdurl-0.1.2 ninja-1.13.2 regex-2026.9.3 rich-15.0.0 safetensors-0.8.0 shellingham-1.5.4 tokenizers-0.23.2 tqdm-4.70.0 transformers-5.16.1 typer-0.27.2
WARNING: Running pip as the 'root' user can result in broken permissions and conflicting behaviour with the system package manager, possibly rendering your system unusable.It is recommended to use a virtual environment instead: https://pip.pypa.io/warnings/venv. Use the --root-user-action option if you know what you are doing and want to suppress this warning.

[notice] A new release of pip is available: 24.2 -> 26.2.1
[notice] To update, run: python3 -m pip install --upgrade pip
Collecting causal-conv1d==1.5.4+cu12torch2.4cxx11abiFALSE
  Downloading https://github.com/Dao-AILab/causal-conv1d/releases/download/v1.5.4/causal_conv1d-1.5.4%2Bcu12torch2.4cxx11abiFALSE-cp311-cp311-linux_x86_64.whl (151.3 MB)
     ━━━━━━━━━━━━━━━━━━━━━━━━━━━━━━━━━━━━━ 151.3/151.3 MB 243.9 MB/s eta 0:00:00
Requirement already satisfied: torch in /usr/local/lib/python3.11/dist-packages (from causal-conv1d==1.5.4+cu12torch2.4cxx11abiFALSE) (2.4.1+cu124)
Requirement already satisfied: packaging in /usr/local/lib/python3.11/dist-packages (from causal-conv1d==1.5.4+cu12torch2.4cxx11abiFALSE) (24.1)
Requirement already satisfied: ninja in /usr/local/lib/python3.11/dist-packages (from causal-conv1d==1.5.4+cu12torch2.4cxx11abiFALSE) (1.13.2)
Requirement already satisfied: filelock in /usr/local/lib/python3.11/dist-packages (from torch->causal-conv1d==1.5.4+cu12torch2.4cxx11abiFALSE) (3.13.1)
Requirement already satisfied: typing-extensions>=4.8.0 in /usr/local/lib/python3.11/dist-packages (from torch->causal-conv1d==1.5.4+cu12torch2.4cxx11abiFALSE) (4.9.0)
Requirement already satisfied: sympy in /usr/local/lib/python3.11/dist-packages (from torch->causal-conv1d==1.5.4+cu12torch2.4cxx11abiFALSE) (1.12)
Requirement already satisfied: networkx in /usr/local/lib/python3.11/dist-packages (from torch->causal-conv1d==1.5.4+cu12torch2.4cxx11abiFALSE) (3.2.1)
Requirement already satisfied: jinja2 in /usr/local/lib/python3.11/dist-packages (from torch->causal-conv1d==1.5.4+cu12torch2.4cxx11abiFALSE) (3.1.3)
Requirement already satisfied: fsspec in /usr/local/lib/python3.11/dist-packages (from torch->causal-conv1d==1.5.4+cu12torch2.4cxx11abiFALSE) (2024.2.0)
Requirement already satisfied: nvidia-cuda-nvrtc-cu12==12.4.99 in /usr/local/lib/python3.11/dist-packages (from torch->causal-conv1d==1.5.4+cu12torch2.4cxx11abiFALSE) (12.4.99)
Requirement already satisfied: nvidia-cuda-runtime-cu12==12.4.99 in /usr/local/lib/python3.11/dist-packages (from torch->causal-conv1d==1.5.4+cu12torch2.4cxx11abiFALSE) (12.4.99)
Requirement already satisfied: nvidia-cuda-cupti-cu12==12.4.99 in /usr/local/lib/python3.11/dist-packages (from torch->causal-conv1d==1.5.4+cu12torch2.4cxx11abiFALSE) (12.4.99)
Requirement already satisfied: nvidia-cudnn-cu12==9.1.0.70 in /usr/local/lib/python3.11/dist-packages (from torch->causal-conv1d==1.5.4+cu12torch2.4cxx11abiFALSE) (9.1.0.70)
Requirement already satisfied: nvidia-cublas-cu12==12.4.2.65 in /usr/local/lib/python3.11/dist-packages (from torch->causal-conv1d==1.5.4+cu12torch2.4cxx11abiFALSE) (12.4.2.65)
Requirement already satisfied: nvidia-cufft-cu12==11.2.0.44 in /usr/local/lib/python3.11/dist-packages (from torch->causal-conv1d==1.5.4+cu12torch2.4cxx11abiFALSE) (11.2.0.44)
Requirement already satisfied: nvidia-curand-cu12==10.3.5.119 in /usr/local/lib/python3.11/dist-packages (from torch->causal-conv1d==1.5.4+cu12torch2.4cxx11abiFALSE) (10.3.5.119)
Requirement already satisfied: nvidia-cusolver-cu12==11.6.0.99 in /usr/local/lib/python3.11/dist-packages (from torch->causal-conv1d==1.5.4+cu12torch2.4cxx11abiFALSE) (11.6.0.99)
Requirement already satisfied: nvidia-cusparse-cu12==12.3.0.142 in /usr/local/lib/python3.11/dist-packages (from torch->causal-conv1d==1.5.4+cu12torch2.4cxx11abiFALSE) (12.3.0.142)
Requirement already satisfied: nvidia-nccl-cu12==2.20.5 in /usr/local/lib/python3.11/dist-packages (from torch->causal-conv1d==1.5.4+cu12torch2.4cxx11abiFALSE) (2.20.5)
Requirement already satisfied: nvidia-nvtx-cu12==12.4.99 in /usr/local/lib/python3.11/dist-packages (from torch->causal-conv1d==1.5.4+cu12torch2.4cxx11abiFALSE) (12.4.99)
Requirement already satisfied: nvidia-nvjitlink-cu12==12.4.99 in /usr/local/lib/python3.11/dist-packages (from torch->causal-conv1d==1.5.4+cu12torch2.4cxx11abiFALSE) (12.4.99)
Requirement already satisfied: triton==3.0.0 in /usr/local/lib/python3.11/dist-packages (from torch->causal-conv1d==1.5.4+cu12torch2.4cxx11abiFALSE) (3.0.0)
Requirement already satisfied: MarkupSafe>=2.0 in /usr/local/lib/python3.11/dist-packages (from jinja2->torch->causal-conv1d==1.5.4+cu12torch2.4cxx11abiFALSE) (2.1.5)
Requirement already satisfied: mpmath>=0.19 in /usr/local/lib/python3.11/dist-packages (from sympy->torch->causal-conv1d==1.5.4+cu12torch2.4cxx11abiFALSE) (1.3.0)
Installing collected packages: causal-conv1d
Successfully installed causal-conv1d-1.5.4
WARNING: Running pip as the 'root' user can result in broken permissions and conflicting behaviour with the system package manager, possibly rendering your system unusable.It is recommended to use a virtual environment instead: https://pip.pypa.io/warnings/venv. Use the --root-user-action option if you know what you are doing and want to suppress this warning.

[notice] A new release of pip is available: 24.2 -> 26.2.1
[notice] To update, run: python3 -m pip install --upgrade pip

=== pip install transformers<5 ===
Collecting transformers<5
  Downloading transformers-4.57.6-py3-none-any.whl.metadata (43 kB)
Requirement already satisfied: filelock in /usr/local/lib/python3.11/dist-packages (from transformers<5) (3.13.1)
Collecting huggingface-hub<1.0,>=0.34.0 (from transformers<5)
  Downloading huggingface_hub-0.36.2-py3-none-any.whl.metadata (15 kB)
Requirement already satisfied: numpy>=1.17 in /usr/local/lib/python3.11/dist-packages (from transformers<5) (1.26.3)
Requirement already satisfied: packaging>=20.0 in /usr/local/lib/python3.11/dist-packages (from transformers<5) (24.1)
Requirement already satisfied: pyyaml>=5.1 in /usr/local/lib/python3.11/dist-packages (from transformers<5) (6.0.2)
Requirement already satisfied: regex!=2019.12.17 in /usr/local/lib/python3.11/dist-packages (from transformers<5) (2026.9.3)
Requirement already satisfied: requests in /usr/local/lib/python3.11/dist-packages (from transformers<5) (2.32.3)
Collecting tokenizers<=0.23.0,>=0.22.0 (from transformers<5)
  Downloading tokenizers-0.22.2-cp39-abi3-manylinux_2_17_x86_64.manylinux2014_x86_64.whl.metadata (7.3 kB)
Requirement already satisfied: safetensors>=0.4.3 in /usr/local/lib/python3.11/dist-packages (from transformers<5) (0.8.0)
Requirement already satisfied: tqdm>=4.27 in /usr/local/lib/python3.11/dist-packages (from transformers<5) (4.70.0)
Requirement already satisfied: fsspec>=2023.5.0 in /usr/local/lib/python3.11/dist-packages (from huggingface-hub<1.0,>=0.34.0->transformers<5) (2024.2.0)
Requirement already satisfied: hf-xet<2.0.0,>=1.1.3 in /usr/local/lib/python3.11/dist-packages (from huggingface-hub<1.0,>=0.34.0->transformers<5) (1.6.0)
Requirement already satisfied: typing-extensions>=3.7.4.3 in /usr/local/lib/python3.11/dist-packages (from huggingface-hub<1.0,>=0.34.0->transformers<5) (4.9.0)
Requirement already satisfied: charset-normalizer<4,>=2 in /usr/local/lib/python3.11/dist-packages (from requests->transformers<5) (3.3.2)
Requirement already satisfied: idna<4,>=2.5 in /usr/local/lib/python3.11/dist-packages (from requests->transformers<5) (3.10)
Requirement already satisfied: urllib3<3,>=1.21.1 in /usr/local/lib/python3.11/dist-packages (from requests->transformers<5) (2.2.3)
Requirement already satisfied: certifi>=2017.4.17 in /usr/local/lib/python3.11/dist-packages (from requests->transformers<5) (2024.8.30)
Downloading transformers-4.57.6-py3-none-any.whl (12.0 MB)
   ━━━━━━━━━━━━━━━━━━━━━━━━━━━━━━━━━━━━━━━━ 12.0/12.0 MB 234.8 MB/s eta 0:00:00
Downloading huggingface_hub-0.36.2-py3-none-any.whl (566 kB)
   ━━━━━━━━━━━━━━━━━━━━━━━━━━━━━━━━━━━━━━━━ 566.4/566.4 kB 98.9 MB/s eta 0:00:00
Downloading tokenizers-0.22.2-cp39-abi3-manylinux_2_17_x86_64.manylinux2014_x86_64.whl (3.3 MB)
   ━━━━━━━━━━━━━━━━━━━━━━━━━━━━━━━━━━━━━━━━ 3.3/3.3 MB 309.9 MB/s eta 0:00:00
Installing collected packages: huggingface-hub, tokenizers, transformers
  Attempting uninstall: huggingface-hub
    Found existing installation: huggingface_hub 1.30.0
    Uninstalling huggingface_hub-1.30.0:
      Successfully uninstalled huggingface_hub-1.30.0
  Attempting uninstall: tokenizers
    Found existing installation: tokenizers 0.23.2
    Uninstalling tokenizers-0.23.2:
      Successfully uninstalled tokenizers-0.23.2
  Attempting uninstall: transformers
    Found existing installation: transformers 5.16.1
    Uninstalling transformers-5.16.1:
      Successfully uninstalled transformers-5.16.1
Successfully installed huggingface-hub-0.36.2 tokenizers-0.22.2 transformers-4.57.6
WARNING: Running pip as the 'root' user can result in broken permissions and conflicting behaviour with the system package manager, possibly rendering your system unusable.It is recommended to use a virtual environment instead: https://pip.pypa.io/warnings/venv. Use the --root-user-action option if you know what you are doing and want to suppress this warning.
pip_exit transformers<5=0
