8378 external/tcmalloc+/tcmalloc/internal/system_allocator.h:713] Warning: Unable to mbind memory (errno=1, base=0x19e100000000, nodemask=2)
KNN_REF_HEADER mode IDENTICAL column nvidia index 400000 queries 4000 features 32 k 10 rounds 7 fixture dyadic-v1 selector 1 transpose 1 register_tile 1 index_tile 65536
KNN_REF_WARMUP request 0 28.500432
KNN_REF_WARMUP request 1 27.673885
KNN_REF_ROUND request 1 27.672744
KNN_REF_ROUND request 2 27.665851
KNN_REF_ROUND request 3 27.533078
KNN_REF_ROUND request 4 27.517327
KNN_REF_ROUND request 5 27.515203
KNN_REF_ROUND request 6 27.50802
KNN_REF_ROUND request 7 27.525704
KNN_REF_WARMUP device 0 26.403664
KNN_REF_WARMUP device 1 26.388635
KNN_REF_ROUND device 1 26.381694
KNN_REF_ROUND device 2 26.361686
KNN_REF_ROUND device 3 26.369018
KNN_REF_ROUND device 4 26.375321
KNN_REF_ROUND device 5 26.360077
KNN_REF_ROUND device 6 26.370974
KNN_REF_ROUND device 7 26.366153
KNN_REF_DEVICE_VS_REQUEST mismatched_cells 0
KNN_REF_FINGERPRINT index_fnv1a64 14071077154797861403 distance_bits_xor 708282
KNN_REF_ROW0 0 147075 1075752738
KNN_REF_ROW0 1 347872 1075802578
KNN_REF_ROW0 2 280582 1075899932
KNN_REF_ROW0 3 255546 1076098936
KNN_REF_ROW0 4 158380 1076157127
KNN_REF_ROW0 5 151319 1076280807
KNN_REF_ROW0 6 252972 1076309764
KNN_REF_ROW0 7 194725 1076394742
KNN_REF_ROW0 8 125716 1076423977
KNN_REF_ROW0 9 351008 1076424580
KNN_REF_DUMP_FULL /root/evidence/knn-final/k10.bin 40000
KNN_REF_RESULT index 400000 queries 4000 k 10 features 32 request_median_ms 27.525704 device_median_ms 26.369018 rounds 7 query_tile 512 index_tile 65536
KNN REFERENCE PRICE PASS
