5702 external/tcmalloc+/tcmalloc/internal/system_allocator.h:713] Warning: Unable to mbind memory (errno=1, base=0x192000000000, nodemask=2)
{"event": "setup", "schema": "mojolearn.lm-step-memory-probe.v3", "shape": {"batch": 1, "length": 2048, "d_model": 768, "n_heads": 12, "n_kv": 12, "head_dim": 64, "intermediate": 2048, "n_layers": 12, "vocab_size": 50257}, "profile": "mojolearn.byte-lm.b1-l2048-d768-h12-kv12-hd64-ff2048-v50257-blocks12.fp32.v3", "parameters": 162147840, "n_tensors": 110, "tokens_per_step": 2048, "seed": 93261, "budget_seconds": 300.0, "resident": true, "step_result": "lean", "witness_every_step": false, "witness_source": "export_gradients(named=False) + export_state() once after the last untimed step", "corpus": {"path": "training/corpus/pile_github/input.txt", "sha256": "52a5b4c36ab9119c15505331c10e3b23690377d40fbac3e598c7fafe13a324df", "manifest_sha256": "e3f46ca3870913aabd179647f5ab7e66b829c30c3cbcbf4b2862e2790d94cda5", "bytes": 97124565, "source_url": "https://huggingface.co/datasets/monology/pile-uncopyrighted/resolve/3be90335b66f24456a5d6659d9c8d208c0357119/val.jsonl.zst", "schedule": "step k row b: bytes[(k*batch*length + b*length) % (bytes - length - 1) : +length+1] as int32; targets shifted one byte"}, "attention_arm": "stash_tiled", "attention_arm_source": "binding", "attention_arm_requested": "stash_tiled", "attention_arm_default": "stash_tiled_fgrid_r32_qres_pf", "attention_arm_is_default": false, "attention_arm_resolved_hd64": "stash_tiled", "attention_arm_trial_build": true, "gemm_arm": null, "gemm_plan": null, "gemm_arm_requested": null, "attention_path_requested": null, "numeric_mode_env": "identical", "runtime": {"binding_file": "/root/mojolearn/python/mojolearn/identical/_mojolearn_byte_lm.so", "binding_sha256": "d68181c1bb824d06b84c0dee09c1debd4d9dc1c854dd604f7b79dd029eb836ce", "native_attention_arm": {"arm": "stash_tiled", "default": "stash_tiled_fgrid_r32_qres_pf", "resolved_hd64": "stash_tiled", "trial_build": true}, "native_numeric_mode": 1, "native_profile": "mojolearn.byte-lm.b2-l32-d32-h4-kv2-ff64-v256-blocks2.fp32.v1", "native_vendor": "cuda", "source_scope": "available direct source files; binding SHA identifies the compiled artifact", "source_sha256": {"bindings/_mojolearn_byte_lm.mojo": "0930c3862545730605ef98a5a18965f760273826fd94d9ef44bb5634d254ccc7", "loaded_python_wrapper": "e493bb36ff33f6738838444ffb5b2b77eb093c3c08bfac0f669cc4755f4a8878", "python/mojolearn/_byte_lm_config.py": "440ca11e33cfed741c8a812a8dac74ad4e938ab8e16f84ed2af5b61d3fbe56b8", "python/mojolearn/_byte_lm_impl.py": "e493bb36ff33f6738838444ffb5b2b77eb093c3c08bfac0f669cc4755f4a8878", "python/mojolearn/language_model.py": "ad7fab7986e790cf0962e1cad316f586b1cec474f54c73619b7eb08da9530533", "training/byte_lm.mojo": "1f02bbaf31e13057010c959feacea545dd91b0a41a1bb4c35f7301c3e7426204", "training/byte_lm_config.mojo": "a620c17cff6cbe5f96097609105acf774a732b72aa118d342bfbbe5e084d8606"}, "schema": "small-byte-lm.run-metadata.v1", "qualification": "authored/unqualified", "profile": "mojolearn.byte-lm.b1-l2048-d768-h12-kv12-hd64-ff2048-v50257-blocks12.fp32.v3", "device_state_lifetime": "resident", "step_result": "lean", "last_export_step": 0, "config": {"lr": 0.0010000000474974513, "beta1": 0.8999999761581421, "beta2": 0.9990000128746033, "eps": 9.99999993922529e-09, "weight_decay": 0.009999999776482582, "kind": 2, "momentum": 0.0, "dampening": 0.0, "nesterov": false, "max_norm": 0.0}, "data_schedule": {"batches": "pinned corpus 52a5b4c36ab9119c15505331c10e3b23690377d40fbac3e598c7fafe13a324df", "fixture": "lm step memory probe", "seed": 93261}, "completed_steps": 0, "next_batch_index": 0}, "initial_parameters_sha256": "0e36d8d036d8c4cf9704babd096061006e48071187c793c6ee471e05b449572e", "host_before_first_call": {"vm_rss_bytes": 2747338752, "vm_hwm_bytes": 3393126400, "ru_maxrss_bytes": 3393126400, "boundary": "process host memory (Python + native + pinned staging); not device memory"}, "device_tool": "nvidia-smi", "qualification": "complete-step probe at the named shape; not an opponent ratio, not a default gate", "t": 1789145881.8428302}
{"event": "step_start", "step": 1, "first_call_includes_setup": true, "ids_sha256": "7626015c8a8cb90b13e0d44eff53262a36025184a4adfb88591a93ba18857518", "t": 1789145881.8432543}
5702 external/tcmalloc+/tcmalloc/internal/system_allocator.h:713] Warning: Unable to mbind memory (errno=1, base=0x192040000000, nodemask=2)
5702 external/tcmalloc+/tcmalloc/internal/system_allocator.h:713] Warning: Unable to mbind memory (errno=1, base=0x192080000000, nodemask=2)
{"event": "step_end", "step": 1, "seconds": 13.50740378908813, "tokens_per_second": 151.6205506238337, "first_call_includes_setup": true, "timing_boundary": "public train_step call; native binding synchronizes the context before publishing outputs; includes host readbacks, validation and gradient copies", "step_result": "lean", "witnessed": false, "witness_export_seconds": null, "loss": 11.12025260925293, "sha256": {"loss": "fb1bfea4e8daa3b31227ff49a404e36a58fe27b98856af4d27a24872b0e9abf2"}, "completed_steps": 1, "host": {"vm_rss_bytes": 2361970688, "vm_hwm_bytes": 8186920960, "ru_maxrss_bytes": 8186920960, "boundary": "process host memory (Python + native + pinned staging); not device memory"}, "device": {"tool": "nvidia-smi", "peak_process_bytes": "unavailable", "peak_device_bytes": 14553186304, "device_total_bytes": 85520809984, "sample_interval_seconds": 0.2, "samples_total": 39, "errors_total": 0, "boundary": "vendor tool polled at the interval; peaks shorter than one interval are missed; device-wide used memory includes other processes; torch.cuda allocator statistics do not cover Mojo allocations and are not used"}, "t": 1789145895.3510466}
{"event": "final_witness", "step": 1, "completed_steps": 1, "sha256": {"gradients": "85d053a482668fd958df0e32325fc47f9ba10ec630ff63557c7b79c5bd85b0e3", "parameters": "1b32246046a72ada00e3c8ec04d079beb629d8e314f860bc7106d42c5996a8ca", "m": "8dbf0dfcb08f29687241a6586a7ef8224fde5877a7aeb490b9701d24d5812524", "v": "227d2c36dbd16e9acf0556ec491d8b6431a8e4cc5b235b8d81011996a9bc05be", "flags": "360d579dbd14759b41afdf7fb5e80c0101e15150ae401d59f92a1e32d129f7cb"}, "export_seconds": 14.000594465062022, "source": "export_gradients(named=False) + export_state() once after the last untimed step", "t": 1789145909.3519397}
{"event": "component_timing_step_start", "note": "MOJOLEARN_TRANSFORMER_TIMING=1; not a timing sample", "t": 1789145909.3525858}
timing step.py_tokens 0.32849982380867004 ms
timing step.py_tokens_bytes 8196 bytes
timing step.bind_scalar_admission 0.007704 ms
timing step.upload_inputs 0.146354 ms
timing step.upload_inputs_bytes 16384 bytes
timing step.unpack_weights 1.147372 ms
timing step.unpack_weights_bytes 648591360 bytes
timing step.embedding_forward 0.058212 ms
timing block.norm1 0.31967 ms
timing attn.qkv_proj 0.813045 ms
timing attn.rope_and_cache 0.127205 ms
timing attn.fwd_regime_scan 0.09886 ms
timing attn.fwd_scratch_alloc 0.02133 ms
timing attn.fwd_sstash_kernel 3.075257 ms
timing attn.fwd_corner_flag 0.023623 ms
timing attn.core 3.227283 ms
timing attn.o_proj 0.273959 ms
timing block.attention_total 4.447401 ms
timing block.mlp_and_residuals 2.059232 ms
timing block.norm1 0.308445 ms
timing attn.qkv_proj 0.802063 ms
timing attn.rope_and_cache 0.107256 ms
timing attn.fwd_regime_scan 0.093554 ms
timing attn.fwd_scratch_alloc 0.011465 ms
timing attn.fwd_sstash_kernel 3.059026 ms
timing attn.fwd_corner_flag 0.022655 ms
timing attn.core 3.192361 ms
timing attn.o_proj 0.274601 ms
timing block.attention_total 4.381241 ms
timing block.mlp_and_residuals 2.033091 ms
timing block.norm1 0.304898 ms
timing attn.qkv_proj 0.803631 ms
timing attn.rope_and_cache 0.105438 ms
timing attn.fwd_regime_scan 0.093523 ms
timing attn.fwd_scratch_alloc 0.011236 ms
timing attn.fwd_sstash_kernel 3.053102 ms
timing attn.fwd_corner_flag 0.02312 ms
timing attn.core 3.186316 ms
timing attn.o_proj 0.276069 ms
timing block.attention_total 4.377049 ms
timing block.mlp_and_residuals 2.041636 ms
timing block.norm1 0.307272 ms
timing attn.qkv_proj 0.801715 ms
timing attn.rope_and_cache 0.108466 ms
timing attn.fwd_regime_scan 0.094344 ms
timing attn.fwd_scratch_alloc 0.021262 ms
timing attn.fwd_sstash_kernel 3.069862 ms
timing attn.fwd_corner_flag 0.022637 ms
timing attn.core 3.213412 ms
timing attn.o_proj 0.27405 ms
timing block.attention_total 4.403135 ms
timing block.mlp_and_residuals 2.037154 ms
timing block.norm1 0.312603 ms
timing attn.qkv_proj 0.802474 ms
timing attn.rope_and_cache 0.10757 ms
timing attn.fwd_regime_scan 0.094056 ms
timing attn.fwd_scratch_alloc 0.010966 ms
timing attn.fwd_sstash_kernel 3.064224 ms
timing attn.fwd_corner_flag 0.022419 ms
timing attn.core 3.197035 ms
timing attn.o_proj 0.272932 ms
timing block.attention_total 4.384858 ms
timing block.mlp_and_residuals 2.026977 ms
timing block.norm1 0.307557 ms
timing attn.qkv_proj 0.803005 ms
timing attn.rope_and_cache 0.105971 ms
timing attn.fwd_regime_scan 0.093931 ms
timing attn.fwd_scratch_alloc 0.011143 ms
timing attn.fwd_sstash_kernel 3.059691 ms
timing attn.fwd_corner_flag 0.023229 ms
timing attn.core 3.193197 ms
timing attn.o_proj 0.273975 ms
timing block.attention_total 4.381215 ms
timing block.mlp_and_residuals 2.037146 ms
timing block.norm1 0.303244 ms
timing attn.qkv_proj 0.801586 ms
timing attn.rope_and_cache 0.109076 ms
timing attn.fwd_regime_scan 0.092416 ms
timing attn.fwd_scratch_alloc 0.014569 ms
timing attn.fwd_sstash_kernel 3.057899 ms
timing attn.fwd_corner_flag 0.02207 ms
timing attn.core 3.192333 ms
timing attn.o_proj 0.273095 ms
timing block.attention_total 4.38067 ms
timing block.mlp_and_residuals 2.024043 ms
timing block.norm1 0.297358 ms
timing attn.qkv_proj 0.803106 ms
timing attn.rope_and_cache 0.105153 ms
timing attn.fwd_regime_scan 0.093909 ms
timing attn.fwd_scratch_alloc 0.01092 ms
timing attn.fwd_sstash_kernel 3.050891 ms
timing attn.fwd_corner_flag 0.022241 ms
timing attn.core 3.183071 ms
timing attn.o_proj 0.274249 ms
timing block.attention_total 4.370755 ms
timing block.mlp_and_residuals 2.029159 ms
timing block.norm1 0.30589 ms
timing attn.qkv_proj 0.801021 ms
timing attn.rope_and_cache 0.106695 ms
timing attn.fwd_regime_scan 0.09282 ms
timing attn.fwd_scratch_alloc 0.010767 ms
timing attn.fwd_sstash_kernel 3.073993 ms
timing attn.fwd_corner_flag 0.022031 ms
timing attn.core 3.204915 ms
timing attn.o_proj 0.274706 ms
timing block.attention_total 4.39205 ms
timing block.mlp_and_residuals 2.02786 ms
timing block.norm1 0.305282 ms
timing attn.qkv_proj 0.801433 ms
timing attn.rope_and_cache 0.104307 ms
timing attn.fwd_regime_scan 0.094101 ms
timing attn.fwd_scratch_alloc 0.01074 ms
timing attn.fwd_sstash_kernel 3.069934 ms
timing attn.fwd_corner_flag 0.02206 ms
timing attn.core 3.202532 ms
timing attn.o_proj 0.273312 ms
timing block.attention_total 4.386728 ms
timing block.mlp_and_residuals 2.040451 ms
timing block.norm1 0.30966 ms
timing attn.qkv_proj 0.801686 ms
timing attn.rope_and_cache 0.106586 ms
timing attn.fwd_regime_scan 0.0923 ms
timing attn.fwd_scratch_alloc 0.010432 ms
timing attn.fwd_sstash_kernel 3.057229 ms
timing attn.fwd_corner_flag 0.022204 ms
timing attn.core 3.187304 ms
timing attn.o_proj 0.273597 ms
timing block.attention_total 4.374332 ms
timing block.mlp_and_residuals 2.040148 ms
timing block.norm1 0.308564 ms
timing attn.qkv_proj 0.803485 ms
timing attn.rope_and_cache 0.10544 ms
timing attn.fwd_regime_scan 0.093028 ms
timing attn.fwd_scratch_alloc 0.010753 ms
timing attn.fwd_sstash_kernel 3.075299 ms
timing attn.fwd_corner_flag 0.021752 ms
timing attn.core 3.206083 ms
timing attn.o_proj 0.273305 ms
timing block.attention_total 4.392901 ms
timing block.mlp_and_residuals 2.032533 ms
timing envelope.blocks_forward 80.852479 ms
timing step.head_forward 13.819452 ms
timing step.ce_refuse_scan 0.383516 ms
timing step.ce_refuse_scan_bytes 411705344 bytes
timing step.ce_refuse_scan_download_bytes 8192 bytes
timing step.ce_forward 1.699559 ms
timing step.loss_download 0.018901 ms
timing step.loss_download_bytes 4 bytes
timing step.ce_backward 0.980813 ms
timing step.head_backward_da 14.32816 ms
timing step.head_backward_db 13.963866 ms
timing bwd.before_attention 0.002917 ms
timing attn.bwd_regime_scan 0.130629 ms
timing attn.bwd_scratch_alloc 0.01222 ms
timing attn.bwd_zdot_stash 7.44194 ms
timing attn.bwd_dq_tiled 1.284336 ms
timing attn.bwd_dkdv_tiled 1.558707 ms
timing attn.bwd_corner_flag 0.026269 ms
timing bwd.attention 10.46206 ms
timing bwd.after_attention 1.939692 ms
timing bwd.before_attention 0.002927 ms
timing attn.bwd_regime_scan 0.130133 ms
timing attn.bwd_scratch_alloc 0.011384 ms
timing attn.bwd_zdot_stash 7.444909 ms
timing attn.bwd_dq_tiled 1.272562 ms
timing attn.bwd_dkdv_tiled 1.538081 ms
timing attn.bwd_corner_flag 0.025357 ms
timing bwd.attention 10.429036 ms
timing bwd.after_attention 1.931604 ms
timing bwd.before_attention 0.002879 ms
timing attn.bwd_regime_scan 0.131157 ms
timing attn.bwd_scratch_alloc 0.010887 ms
timing attn.bwd_zdot_stash 7.435283 ms
timing attn.bwd_dq_tiled 1.280472 ms
timing attn.bwd_dkdv_tiled 1.542994 ms
timing attn.bwd_corner_flag 0.025715 ms
timing bwd.attention 10.432824 ms
timing bwd.after_attention 1.924626 ms
timing bwd.before_attention 0.002944 ms
timing attn.bwd_regime_scan 0.132578 ms
timing attn.bwd_scratch_alloc 0.010605 ms
timing attn.bwd_zdot_stash 7.457766 ms
timing attn.bwd_dq_tiled 1.274106 ms
timing attn.bwd_dkdv_tiled 1.48034 ms
timing attn.bwd_corner_flag 0.025741 ms
timing bwd.attention 10.387496 ms
timing bwd.after_attention 1.93003 ms
timing bwd.before_attention 0.002879 ms
timing attn.bwd_regime_scan 0.130723 ms
timing attn.bwd_scratch_alloc 0.010759 ms
timing attn.bwd_zdot_stash 7.43269 ms
timing attn.bwd_dq_tiled 1.285517 ms
timing attn.bwd_dkdv_tiled 1.585868 ms
timing attn.bwd_corner_flag 0.025042 ms
timing bwd.attention 10.476776 ms
timing bwd.after_attention 1.921216 ms
timing bwd.before_attention 0.00289 ms
timing attn.bwd_regime_scan 0.130066 ms
timing attn.bwd_scratch_alloc 0.01085 ms
timing attn.bwd_zdot_stash 7.441444 ms
timing attn.bwd_dq_tiled 1.273738 ms
timing attn.bwd_dkdv_tiled 1.525513 ms
timing attn.bwd_corner_flag 0.026125 ms
timing bwd.attention 10.414116 ms
timing bwd.after_attention 1.922641 ms
timing bwd.before_attention 0.002892 ms
timing attn.bwd_regime_scan 0.130452 ms
timing attn.bwd_scratch_alloc 0.010822 ms
timing attn.bwd_zdot_stash 7.43737 ms
timing attn.bwd_dq_tiled 1.293057 ms
timing attn.bwd_dkdv_tiled 1.496749 ms
timing attn.bwd_corner_flag 0.025126 ms
timing bwd.attention 10.399713 ms
timing bwd.after_attention 1.923132 ms
timing bwd.before_attention 0.002891 ms
timing attn.bwd_regime_scan 0.129153 ms
timing attn.bwd_scratch_alloc 0.010775 ms
timing attn.bwd_zdot_stash 7.428422 ms
timing attn.bwd_dq_tiled 1.291857 ms
timing attn.bwd_dkdv_tiled 1.588709 ms
timing attn.bwd_corner_flag 0.026357 ms
timing bwd.attention 10.481444 ms
timing bwd.after_attention 1.922176 ms
timing bwd.before_attention 0.002929 ms
timing attn.bwd_regime_scan 0.129299 ms
timing attn.bwd_scratch_alloc 0.010878 ms
timing attn.bwd_zdot_stash 7.455881 ms
timing attn.bwd_dq_tiled 1.280102 ms
timing attn.bwd_dkdv_tiled 1.506455 ms
timing attn.bwd_corner_flag 0.025876 ms
timing bwd.attention 10.415024 ms
timing bwd.after_attention 1.930569 ms
timing bwd.before_attention 0.002908 ms
timing attn.bwd_regime_scan 0.129791 ms
timing attn.bwd_scratch_alloc 0.010635 ms
timing attn.bwd_zdot_stash 7.425122 ms
timing attn.bwd_dq_tiled 1.286255 ms
timing attn.bwd_dkdv_tiled 1.462001 ms
timing attn.bwd_corner_flag 0.026295 ms
timing bwd.attention 10.346688 ms
timing bwd.after_attention 1.92447 ms
timing bwd.before_attention 0.002872 ms
timing attn.bwd_regime_scan 0.12951 ms
timing attn.bwd_scratch_alloc 0.010801 ms
timing attn.bwd_zdot_stash 7.442924 ms
timing attn.bwd_dq_tiled 1.283076 ms
timing attn.bwd_dkdv_tiled 1.503883 ms
timing attn.bwd_corner_flag 0.025353 ms
timing bwd.attention 10.401445 ms
timing bwd.after_attention 1.925303 ms
timing bwd.before_attention 0.002932 ms
timing attn.bwd_regime_scan 0.130316 ms
timing attn.bwd_scratch_alloc 0.010794 ms
timing attn.bwd_zdot_stash 7.449827 ms
timing attn.bwd_dq_tiled 1.276595 ms
timing attn.bwd_dkdv_tiled 1.559436 ms
timing attn.bwd_corner_flag 0.02545 ms
timing bwd.attention 10.45878 ms
timing bwd.after_attention 1.922122 ms
timing envelope.blocks_backward 201.169678 ms
timing step.embedding_backward 2.515766 ms
timing step.pack_grads 1.100162 ms
timing step.pack_grads_bytes 648591360 bytes
timing step.validate_grads_scan 0.55244 ms
timing step.validate_grads_scan_bytes 648591360 bytes
timing step.shadow_copy 2.306643 ms
timing step.shadow_copy_bytes 1945774080 bytes
timing step.opt_refuse_scan 2.164062 ms
timing step.opt_refuse_scan_bytes 2594365440 bytes
timing step.opt_refuse_scan_download_bytes 0 bytes
timing step.optimizer 1.707711 ms
timing step.validate_after_scan 2.144543 ms
timing step.validate_after_scan_bytes 2594365440 bytes
timing step.bind_final_sync 0.001835 ms
timing step.bind_publish 0.004633 ms
timing step.bind_publish_bytes 444 bytes
timing envelope.native_call 341.41611121594906 ms
timing step.py_flags 0.1420155167579651 ms
timing step.py_flags_bytes 440 bytes
{"event": "component_timing_step_end", "seconds": 0.3420747723430395, "t": 1789145909.6947281}
