[21:19:22 idcost] 1/2 the least-squares re-verify (the cheap one, and it can FAIL loudly)
    check_ols_arms_are_pinned OK [IDENTICAL]: step 1 compiles against column bit-identical and the pinned Gram kernel serves 8, 16 and 128 features
    check_ols_refuses_over_capacity OK [IDENTICAL]: 512 x 130 raised by name through the whole estimator rather than falling through to the vendor matmul
    check_ols_is_launch_invariant OK [IDENTICAL]: all 12 coefficients bit-identical across elem_tpb 256/64, 0/37 floats of buffer padding and two different scratch poisons (coef[0] = 0xbc0517a9), and the A-vs-A control agrees
    check_ols_host_surface_takes_the_guard OK [IDENTICAL]: the Python-facing entry interpolates a 6 x 16 design (residual 3.018681760114106e-07), i.e. it takes the min-norm route and not lstsq_eig; the 16 x 6 control does not (0.5533459012942743)
    check_ols_rank_guard_is_absolute OK [IDENTICAL]: the SAME design has rank 8 at scale 1 and rank 0 at scale 2^-24. DivideByNonZero's threshold is absolute (OLS_NONZERO_THRESH), the quantity it tests scales with the square of the data, and what the comparison outputs is a RANK.
    check_ols_card_hashes_raw_bytes OK [IDENTICAL]: 0x3f00004b and 0x3f00004c both print 0.5000045 -- decimal text cannot separate them, FNV-1a64 over raw bytes gives 0xeba04fe033207f3f vs 0xcbbb21b684141e94
    check_ols_card_is_emitted OK [IDENTICAL]: 11 stages, and two fits of one fixture agree on every one of them
    measure; see IDENTITY_PATHS.md and E1_RUNBOOK.md.
[21:23:23 idcost] 2/2 the identity tax, alternated, lanes [cd kde linkage svm metrics gemm]
    linkage  5    0.001656    0.001578   0.953   0.942   1.007  d486f76f518b97e2 5d3155fc940e61d2 fast!=ident bits
    svm      5    0.003339    0.003061   0.917   0.842   0.939  24f8ac7fce032509 9bec403e03e1a2cc fast!=ident bits
    metrics  5    0.001500    0.001511   1.008   1.001   1.110  ec63266074ceab42 2321a95d3439fc2b fast!=ident bits
    gemm     5    0.000070    0.000061   0.881   0.393   0.919  c751624f62b9f822 79adfe2dd5bd57e6 fast!=ident bits
    
    READ THE RATIO AS A BAND: min/max are the per-round paired ratios
    (IDENTICAL_r / FAST_r) over 5 alternated rounds on THIS box.
    The median is the band's center, not a figure to four places. Copy
    the row into bench/LANES_PRICE.md with the date, the sha and the
    machine beside it.
    
    == done: /root/mojolearn/bench/results/e1/2026-09-02_211918-mojolearn-e2-nv/diag/lanes_price ==
commit=185eb002a8e3dbdca0c23163aed0a6606ee57206
uname=Linux 5.15.0-185-generic x86_64
ols_rc=1  price_rc=0
seconds=412
price_lanes=cd kde linkage svm metrics gemm
price_rounds=(default 5)
price_sizes=kmeans_rows=(apple default) knn_index=(apple default) knn_method=(auto) dbscan_rows=(apple default) gram_rows=(apple default) nt_rows=(apple default) gemv_dim=(apple default)
-- ols --
check_ols_is_launch_invariant OK [IDENTICAL]: all 12 coefficients bit-identical across elem_tpb 256/64, 0/37 floats of buffer padding and two different scratch poisons (coef[0] = 0xbc0517a9), and the A-vs-A control agrees
check_ols_is_launch_invariant OK [IDENTICAL]: all 12 coefficients bit-identical across elem_tpb 256/64, 0/37 floats of buffer padding and two different scratch poisons (coef[0] = 0xbc0517a9), and the A-vs-A control agrees
-- identity tax (ratio.tsv) --
lane	n	fast_med_s	ident_med_s	ratio_med	ratio_min	ratio_max	fast_min_s	fast_max_s	ident_min_s	ident_max_s	fast_hash	ident_hash	hash_note
cd	5	0.001287	0.001704	1.323	1.279	1.333	0.001278	0.001321	0.001647	0.001709	3bc909a47ebc9bda	3cb298860e514e8a	fast!=ident bits
kde	5	0.000306	0.000388	1.267	1.255	1.731	0.000303	0.000307	0.000384	0.000530	4ec9d98c61d3ae83	3719b9e6a55377a7	fast!=ident bits
linkage	5	0.001656	0.001578	0.953	0.942	1.007	0.001613	0.001667	0.001570	0.001623	d486f76f518b97e2	5d3155fc940e61d2	fast!=ident bits
svm	5	0.003339	0.003061	0.917	0.842	0.939	0.003261	0.003634	0.003029	0.003084	24f8ac7fce032509	9bec403e03e1a2cc	fast!=ident bits
metrics	5	0.001500	0.001511	1.008	1.001	1.110	0.001486	0.001510	0.001487	0.001665	ec63266074ceab42	2321a95d3439fc2b	fast!=ident bits
gemm	5	0.000070	0.000061	0.881	0.393	0.919	0.000068	0.000154	0.000061	0.000064	c751624f62b9f822	79adfe2dd5bd57e6	fast!=ident bits
