Build and verify the wheel	Build the wheel, then install and RUN it on every claimed interpreter	2026-09-05T09:11:48.3655070Z PASS python3.10 [fast]  ......
Build and verify the wheel	Build the wheel, then install and RUN it on every claimed interpreter	2026-09-05T09:12:15.7908520Z PASS python3.10 [deterministic]  ......
Build and verify the wheel	Build the wheel, then install and RUN it on every claimed interpreter	2026-09-05T09:12:56.3034390Z PASS python3.10 [identical]  ......
Build and verify the wheel	Build the wheel, then install and RUN it on every claimed interpreter	2026-09-05T09:13:32.9205590Z PASS python3.11 [fast]  ......
Build and verify the wheel	Build the wheel, then install and RUN it on every claimed interpreter	2026-09-05T09:13:59.1929660Z PASS python3.11 [deterministic]  ......
Build and verify the wheel	Build the wheel, then install and RUN it on every claimed interpreter	2026-09-05T09:14:37.8180560Z PASS python3.11 [identical]  ......
Build and verify the wheel	Build the wheel, then install and RUN it on every claimed interpreter	2026-09-05T09:15:11.7648150Z PASS python3.12 [fast]  ......
Build and verify the wheel	Build the wheel, then install and RUN it on every claimed interpreter	2026-09-05T09:15:37.8595730Z PASS python3.12 [deterministic]  ......
Build and verify the wheel	Build the wheel, then install and RUN it on every claimed interpreter	2026-09-05T09:16:16.5594870Z PASS python3.12 [identical]  ......
Build and verify the wheel	Build the wheel, then install and RUN it on every claimed interpreter	2026-09-05T09:16:51.8637130Z PASS python3.13 [fast]  ......
Build and verify the wheel	Build the wheel, then install and RUN it on every claimed interpreter	2026-09-05T09:17:19.7571920Z PASS python3.13 [deterministic]  ......
Build and verify the wheel	Build the wheel, then install and RUN it on every claimed interpreter	2026-09-05T09:18:00.0895060Z PASS python3.13 [identical]  ......
Build and verify the wheel	Build the wheel, then install and RUN it on every claimed interpreter	2026-09-05T09:18:33.0967570Z PASS python3.14 [fast]  ......
Build and verify the wheel	Build the wheel, then install and RUN it on every claimed interpreter	2026-09-05T09:18:59.1421740Z PASS python3.14 [deterministic]  ......
Build and verify the wheel	Build the wheel, then install and RUN it on every claimed interpreter	2026-09-05T09:19:37.5234960Z PASS python3.14 [identical]  ......
Build and verify the wheel	Build the wheel, then install and RUN it on every claimed interpreter	2026-09-05T09:19:37.7034180Z all interpreters passed
Build and verify the wheel	No interpreter may be skipped, in either numeric mode	2026-09-05T09:19:37.7104490Z [36;1mgrep -q '^all interpreters passed' build.log[0m
Build and verify the wheel	Nothing ships in the wheel that nothing imports	2026-09-05T09:19:38.1853800Z   inventory: 33 modules in mojolearn/, all reachable by import
Build and verify the wheel	Nothing ships in the wheel that nothing imports	2026-09-05T09:19:38.2077440Z   versions: 0.5.0 in all three places
Build and verify the wheel	Digest	2026-09-05T09:19:42.7485970Z [36;1mecho "wheel_sha256=$(shasum -a 256 "$WHEEL" | cut -d' ' -f1)" >> "$GITHUB_OUTPUT"[0m
