✨ Pixi task (mamba-grad-m2-public in skgpu): oracle=/tmp/mojolearn-mamba2-grad && actual=/tmp/mojolearn-mamba2-actual && mkdir -p $oracle $actual && find $oracle -maxdepth 1 -type f -delete && find $actual -maxdepth 1 -type f -delete && python tools/mamba_gradient_oracle.py --family mamba2 --out $oracle && MOJOLEARN_MAMBA_GRAD_DUMP=$actual tools/with_identical_mode.sh mojo run -I . mamba/checks/mamba2_backward_tail_dump.mojo && python tools/mamba_gradient_oracle.py --compare $oracle $actual --require-public-prefill
wrote mamba2/m2_base_b2_l4_d32 gradients to /tmp/mojolearn-mamba2-grad
finite-difference worst relative-scale error: 4.151e-10
Imported from /Users/andrewhendel/CascadeProjects/mojolearn/mamba/checks/mamba2_backward_tail_dump.mojo:22:
/Users/andrewhendel/CascadeProjects/mojolearn/core/identity_trace.mojo:248:14: warning: 'UnsafePointer' is deprecated, use 'Pointer' instead
        raw: UnsafePointer[UInt8, o],
             ^~~~~~~~~~~~~
             Pointer
<unknown>:0: note: 'UnsafePointer' declared here
Imported from /Users/andrewhendel/CascadeProjects/mojolearn/mamba/checks/mamba2_backward_tail_dump.mojo:22:
/Users/andrewhendel/CascadeProjects/mojolearn/core/identity_trace.mojo:362:14: warning: 'bitcast' is deprecated, use 'unsafe_bitcast' instead
            p.bitcast[UInt8](),
            ~^~~~~~~~
              unsafe_bitcast
<unknown>:0: note: 'bitcast' declared here
Imported from /Users/andrewhendel/CascadeProjects/mojolearn/mamba/checks/mamba2_backward_tail_dump.mojo:22:
/Users/andrewhendel/CascadeProjects/mojolearn/core/identity_trace.mojo:103:22: warning: 'UnsafePointer' is deprecated, use 'Pointer' instead
](seed: UInt64, ptr: UnsafePointer[UInt8, o], n: Int) -> UInt64:
                     ^~~~~~~~~~~~~
                     Pointer
<unknown>:0: note: 'UnsafePointer' declared here
Imported from /Users/andrewhendel/CascadeProjects/mojolearn/mamba/checks/mamba2_backward_tail_dump.mojo:22:
/Users/andrewhendel/CascadeProjects/mojolearn/core/identity_trace.mojo:376:14: warning: 'UnsafePointer' is deprecated, use 'Pointer' instead
        ptr: UnsafePointer[Scalar[dt], o],
             ^~~~~~~~~~~~~
             Pointer
<unknown>:0: note: 'UnsafePointer' declared here
Imported from /Users/andrewhendel/CascadeProjects/mojolearn/mamba/checks/mamba2_backward_tail_dump.mojo:22:
/Users/andrewhendel/CascadeProjects/mojolearn/core/identity_trace.mojo:386:16: warning: 'bitcast' is deprecated, use 'unsafe_bitcast' instead
            ptr.bitcast[UInt8](),
            ~~~^~~~~~~~
                unsafe_bitcast
<unknown>:0: note: 'bitcast' declared here
MAMBA2 BACKWARD: all ten public parameter/input leaves emitted for prefill plus the explicit incoming initial_state cotangent; internal stage tensors remain diagnostic partials and decode/window backward remains explicitly unsupported
Mamba gradient public-prefill comparison passed: 55 tensors
  selected manifest policy=mamba2.public_prefill_leaves.exact10.v1
