EXPECTED FAIL: loss
EXPECTED FAIL: gradients
EXPECTED FAIL: parameters
EXPECTED FAIL: m
EXPECTED FAIL: v
EXPECTED FAIL: flags
EXPECTED FAIL: blind head_dim
nvidia_default shape [1, 256, 128, 2, 2, 64, 256, 2, 256] forward {0: 200} backward {0: 200} sites {0: 200} repair_masked_tail True release_eager True eager_bytes_last 72
nvidia_legacy shape [1, 256, 128, 2, 2, 64, 256, 2, 256] forward {0: 200} backward {0: 200} sites {0: 200} repair_masked_tail False release_eager False eager_bytes_last 72
MATCH nvidia_default/nvidia_legacy step 0 loss 89bed768cbda594484423462f105c2b80c9919c98f8130382145e5d1bf9a9057
MATCH nvidia_default/nvidia_legacy step 0 gradients ce73a8c01a62af7d0705c09fd7354114375be7e48c158d535c9c71eddf603700
MATCH nvidia_default/nvidia_legacy step 0 parameters 460a98ac9b29f52f73092af7af0c0dad6394aba7b081cc5a7d86d1985d5d0fec
MATCH nvidia_default/nvidia_legacy step 0 m 35de04200c2e87962dbf9704806a78c15e57bbff1974761029f7dc62f72217bd
MATCH nvidia_default/nvidia_legacy step 0 v 72d3474e9bcf793a5c56cf6c369fe26217e2c9f853f9eac129bb6db0d9314d01
MATCH nvidia_default/nvidia_legacy step 0 flags 5b6fb58e61fa475939767d68a446f97f1bff02c0e5935a3ea8bb51e6515783d8
MATCH nvidia_default/nvidia_legacy step 25 loss 37ebd1b1e47511869199b3aeecc25b00c35f1c99064ea0535c7915dd66007baa
MATCH nvidia_default/nvidia_legacy step 25 gradients f882b9f6b64efe46f3e451719109adfd9b1828386f63868074d337aee61ca926
MATCH nvidia_default/nvidia_legacy step 25 parameters fd58869d987093081d4717fae333dfd0607818c71e5f83a056faae515cc7ac23
MATCH nvidia_default/nvidia_legacy step 25 m 74042716000b5eafb9cc23ab73d1a50f1a5c68b0bbe52edbe1befea2090e3ef3
MATCH nvidia_default/nvidia_legacy step 25 v 7fab21481e557bd1a82b86146a6e8a69afb33969ce6b0d7a1e841d1a4deec59d
MATCH nvidia_default/nvidia_legacy step 25 flags 5b6fb58e61fa475939767d68a446f97f1bff02c0e5935a3ea8bb51e6515783d8
MATCH nvidia_default/nvidia_legacy step 50 loss 56418e4481c770dc93e5be276ba374158f4d1c89eda6990aaa81314ecbbbb0f0
MATCH nvidia_default/nvidia_legacy step 50 gradients 4352202cdddca6d75040299586a6172adbf1507f25ab086ca411ef3c236bfead
MATCH nvidia_default/nvidia_legacy step 50 parameters 3a96dea5e4f72f48aea0aba426e834ea716a89a6026d2a2037e385d613ff4a88
MATCH nvidia_default/nvidia_legacy step 50 m 6ee5cc2078e07a9a7e5542bce35091c35248292ac1b7ceeea398f20f4cfde908
MATCH nvidia_default/nvidia_legacy step 50 v 6b66ec8fdff096eadbbb0a676ed4e7b8861d5f268f29322ba1f8ed4dfe0896f0
MATCH nvidia_default/nvidia_legacy step 50 flags 5b6fb58e61fa475939767d68a446f97f1bff02c0e5935a3ea8bb51e6515783d8
MATCH nvidia_default/nvidia_legacy step 75 loss 6a2c82a8ae1b09fd40a064643d76e2f3d281569f647abb038e169c03fc27c441
MATCH nvidia_default/nvidia_legacy step 75 gradients b3287ba556ba0a84118252b818bc1daaed7bc21a00fde99087dc193ff07aeb51
MATCH nvidia_default/nvidia_legacy step 75 parameters f6265a37d30f3671f193bba87880327dd9909f2921ee212d1acac74ce2f73eb3
MATCH nvidia_default/nvidia_legacy step 75 m 8d9c909f1c52849a9b3b306994425ec4d8a32246beff48b3f64dd0ae5801f7a0
MATCH nvidia_default/nvidia_legacy step 75 v 3dd72a241a7f0a18e3ed8463e4de70424149400da5d10ce52aaa417302240e6b
MATCH nvidia_default/nvidia_legacy step 75 flags 5b6fb58e61fa475939767d68a446f97f1bff02c0e5935a3ea8bb51e6515783d8
MATCH nvidia_default/nvidia_legacy step 99 loss eb0baf9c3280f6b425fca55d4f799d54989751d6cbbf896d57818ec73ac4dde7
MATCH nvidia_default/nvidia_legacy step 99 gradients 7eacbaf2e514b34bfbf1258a3329ec88fbe25bc14b673bb312d3084341272db8
MATCH nvidia_default/nvidia_legacy step 99 parameters 5c4f10b6d0613b4c0bffeef6d12798a3466d891b4fed25ce3515b6a054bba2ad
MATCH nvidia_default/nvidia_legacy step 99 m e268e153a1b54456e4fbc929f66e6ec8849a00164b66cbce11b906d3c35cf511
MATCH nvidia_default/nvidia_legacy step 99 v 92db0481f222dbf533f3f41a444c2cba4f6840edb1f1c47aba39a02969ee6b3b
MATCH nvidia_default/nvidia_legacy step 99 flags 5b6fb58e61fa475939767d68a446f97f1bff02c0e5935a3ea8bb51e6515783d8
MATCH nvidia_default/nvidia_legacy 100 losses, 5 witnessed steps
apple_default shape [1, 256, 128, 2, 2, 64, 256, 2, 256] forward {0: 200} backward {0: 200} sites {0: 200} repair_masked_tail True release_eager True eager_bytes_last 72
MATCH nvidia_default/apple_default step 0 loss 89bed768cbda594484423462f105c2b80c9919c98f8130382145e5d1bf9a9057
MATCH nvidia_default/apple_default step 0 gradients ce73a8c01a62af7d0705c09fd7354114375be7e48c158d535c9c71eddf603700
MATCH nvidia_default/apple_default step 0 parameters 460a98ac9b29f52f73092af7af0c0dad6394aba7b081cc5a7d86d1985d5d0fec
MATCH nvidia_default/apple_default step 0 m 35de04200c2e87962dbf9704806a78c15e57bbff1974761029f7dc62f72217bd
MATCH nvidia_default/apple_default step 0 v 72d3474e9bcf793a5c56cf6c369fe26217e2c9f853f9eac129bb6db0d9314d01
MATCH nvidia_default/apple_default step 0 flags 5b6fb58e61fa475939767d68a446f97f1bff02c0e5935a3ea8bb51e6515783d8
MATCH nvidia_default/apple_default step 25 loss 37ebd1b1e47511869199b3aeecc25b00c35f1c99064ea0535c7915dd66007baa
MATCH nvidia_default/apple_default step 25 gradients f882b9f6b64efe46f3e451719109adfd9b1828386f63868074d337aee61ca926
MATCH nvidia_default/apple_default step 25 parameters fd58869d987093081d4717fae333dfd0607818c71e5f83a056faae515cc7ac23
MATCH nvidia_default/apple_default step 25 m 74042716000b5eafb9cc23ab73d1a50f1a5c68b0bbe52edbe1befea2090e3ef3
MATCH nvidia_default/apple_default step 25 v 7fab21481e557bd1a82b86146a6e8a69afb33969ce6b0d7a1e841d1a4deec59d
MATCH nvidia_default/apple_default step 25 flags 5b6fb58e61fa475939767d68a446f97f1bff02c0e5935a3ea8bb51e6515783d8
MATCH nvidia_default/apple_default step 50 loss 56418e4481c770dc93e5be276ba374158f4d1c89eda6990aaa81314ecbbbb0f0
MATCH nvidia_default/apple_default step 50 gradients 4352202cdddca6d75040299586a6172adbf1507f25ab086ca411ef3c236bfead
MATCH nvidia_default/apple_default step 50 parameters 3a96dea5e4f72f48aea0aba426e834ea716a89a6026d2a2037e385d613ff4a88
MATCH nvidia_default/apple_default step 50 m 6ee5cc2078e07a9a7e5542bce35091c35248292ac1b7ceeea398f20f4cfde908
MATCH nvidia_default/apple_default step 50 v 6b66ec8fdff096eadbbb0a676ed4e7b8861d5f268f29322ba1f8ed4dfe0896f0
MATCH nvidia_default/apple_default step 50 flags 5b6fb58e61fa475939767d68a446f97f1bff02c0e5935a3ea8bb51e6515783d8
MATCH nvidia_default/apple_default step 75 loss 6a2c82a8ae1b09fd40a064643d76e2f3d281569f647abb038e169c03fc27c441
MATCH nvidia_default/apple_default step 75 gradients b3287ba556ba0a84118252b818bc1daaed7bc21a00fde99087dc193ff07aeb51
MATCH nvidia_default/apple_default step 75 parameters f6265a37d30f3671f193bba87880327dd9909f2921ee212d1acac74ce2f73eb3
MATCH nvidia_default/apple_default step 75 m 8d9c909f1c52849a9b3b306994425ec4d8a32246beff48b3f64dd0ae5801f7a0
MATCH nvidia_default/apple_default step 75 v 3dd72a241a7f0a18e3ed8463e4de70424149400da5d10ce52aaa417302240e6b
MATCH nvidia_default/apple_default step 75 flags 5b6fb58e61fa475939767d68a446f97f1bff02c0e5935a3ea8bb51e6515783d8
MATCH nvidia_default/apple_default step 99 loss eb0baf9c3280f6b425fca55d4f799d54989751d6cbbf896d57818ec73ac4dde7
MATCH nvidia_default/apple_default step 99 gradients 7eacbaf2e514b34bfbf1258a3329ec88fbe25bc14b673bb312d3084341272db8
MATCH nvidia_default/apple_default step 99 parameters 5c4f10b6d0613b4c0bffeef6d12798a3466d891b4fed25ce3515b6a054bba2ad
MATCH nvidia_default/apple_default step 99 m e268e153a1b54456e4fbc929f66e6ec8849a00164b66cbce11b906d3c35cf511
MATCH nvidia_default/apple_default step 99 v 92db0481f222dbf533f3f41a444c2cba4f6840edb1f1c47aba39a02969ee6b3b
MATCH nvidia_default/apple_default step 99 flags 5b6fb58e61fa475939767d68a446f97f1bff02c0e5935a3ea8bb51e6515783d8
MATCH nvidia_default/apple_default 100 losses, 5 witnessed steps
apple_bswz shape [1, 256, 128, 2, 2, 64, 256, 2, 256] forward {0: 200} backward {0: 200} sites {0: 200} repair_masked_tail True release_eager True eager_bytes_last 72
MATCH nvidia_default/apple_bswz step 0 loss 89bed768cbda594484423462f105c2b80c9919c98f8130382145e5d1bf9a9057
MATCH nvidia_default/apple_bswz step 0 gradients ce73a8c01a62af7d0705c09fd7354114375be7e48c158d535c9c71eddf603700
MATCH nvidia_default/apple_bswz step 0 parameters 460a98ac9b29f52f73092af7af0c0dad6394aba7b081cc5a7d86d1985d5d0fec
MATCH nvidia_default/apple_bswz step 0 m 35de04200c2e87962dbf9704806a78c15e57bbff1974761029f7dc62f72217bd
MATCH nvidia_default/apple_bswz step 0 v 72d3474e9bcf793a5c56cf6c369fe26217e2c9f853f9eac129bb6db0d9314d01
MATCH nvidia_default/apple_bswz step 0 flags 5b6fb58e61fa475939767d68a446f97f1bff02c0e5935a3ea8bb51e6515783d8
MATCH nvidia_default/apple_bswz step 25 loss 37ebd1b1e47511869199b3aeecc25b00c35f1c99064ea0535c7915dd66007baa
MATCH nvidia_default/apple_bswz step 25 gradients f882b9f6b64efe46f3e451719109adfd9b1828386f63868074d337aee61ca926
MATCH nvidia_default/apple_bswz step 25 parameters fd58869d987093081d4717fae333dfd0607818c71e5f83a056faae515cc7ac23
MATCH nvidia_default/apple_bswz step 25 m 74042716000b5eafb9cc23ab73d1a50f1a5c68b0bbe52edbe1befea2090e3ef3
MATCH nvidia_default/apple_bswz step 25 v 7fab21481e557bd1a82b86146a6e8a69afb33969ce6b0d7a1e841d1a4deec59d
MATCH nvidia_default/apple_bswz step 25 flags 5b6fb58e61fa475939767d68a446f97f1bff02c0e5935a3ea8bb51e6515783d8
MATCH nvidia_default/apple_bswz step 50 loss 56418e4481c770dc93e5be276ba374158f4d1c89eda6990aaa81314ecbbbb0f0
MATCH nvidia_default/apple_bswz step 50 gradients 4352202cdddca6d75040299586a6172adbf1507f25ab086ca411ef3c236bfead
MATCH nvidia_default/apple_bswz step 50 parameters 3a96dea5e4f72f48aea0aba426e834ea716a89a6026d2a2037e385d613ff4a88
MATCH nvidia_default/apple_bswz step 50 m 6ee5cc2078e07a9a7e5542bce35091c35248292ac1b7ceeea398f20f4cfde908
MATCH nvidia_default/apple_bswz step 50 v 6b66ec8fdff096eadbbb0a676ed4e7b8861d5f268f29322ba1f8ed4dfe0896f0
MATCH nvidia_default/apple_bswz step 50 flags 5b6fb58e61fa475939767d68a446f97f1bff02c0e5935a3ea8bb51e6515783d8
MATCH nvidia_default/apple_bswz step 75 loss 6a2c82a8ae1b09fd40a064643d76e2f3d281569f647abb038e169c03fc27c441
MATCH nvidia_default/apple_bswz step 75 gradients b3287ba556ba0a84118252b818bc1daaed7bc21a00fde99087dc193ff07aeb51
MATCH nvidia_default/apple_bswz step 75 parameters f6265a37d30f3671f193bba87880327dd9909f2921ee212d1acac74ce2f73eb3
MATCH nvidia_default/apple_bswz step 75 m 8d9c909f1c52849a9b3b306994425ec4d8a32246beff48b3f64dd0ae5801f7a0
MATCH nvidia_default/apple_bswz step 75 v 3dd72a241a7f0a18e3ed8463e4de70424149400da5d10ce52aaa417302240e6b
MATCH nvidia_default/apple_bswz step 75 flags 5b6fb58e61fa475939767d68a446f97f1bff02c0e5935a3ea8bb51e6515783d8
MATCH nvidia_default/apple_bswz step 99 loss eb0baf9c3280f6b425fca55d4f799d54989751d6cbbf896d57818ec73ac4dde7
MATCH nvidia_default/apple_bswz step 99 gradients 7eacbaf2e514b34bfbf1258a3329ec88fbe25bc14b673bb312d3084341272db8
MATCH nvidia_default/apple_bswz step 99 parameters 5c4f10b6d0613b4c0bffeef6d12798a3466d891b4fed25ce3515b6a054bba2ad
MATCH nvidia_default/apple_bswz step 99 m e268e153a1b54456e4fbc929f66e6ec8849a00164b66cbce11b906d3c35cf511
MATCH nvidia_default/apple_bswz step 99 v 92db0481f222dbf533f3f41a444c2cba4f6840edb1f1c47aba39a02969ee6b3b
MATCH nvidia_default/apple_bswz step 99 flags 5b6fb58e61fa475939767d68a446f97f1bff02c0e5935a3ea8bb51e6515783d8
MATCH nvidia_default/apple_bswz 100 losses, 5 witnessed steps
apple_legacy shape [1, 256, 128, 2, 2, 64, 256, 2, 256] forward {0: 200} backward {0: 200} sites {0: 200} repair_masked_tail False release_eager False eager_bytes_last 72
MATCH nvidia_default/apple_legacy step 0 loss 89bed768cbda594484423462f105c2b80c9919c98f8130382145e5d1bf9a9057
MATCH nvidia_default/apple_legacy step 0 gradients ce73a8c01a62af7d0705c09fd7354114375be7e48c158d535c9c71eddf603700
MATCH nvidia_default/apple_legacy step 0 parameters 460a98ac9b29f52f73092af7af0c0dad6394aba7b081cc5a7d86d1985d5d0fec
MATCH nvidia_default/apple_legacy step 0 m 35de04200c2e87962dbf9704806a78c15e57bbff1974761029f7dc62f72217bd
MATCH nvidia_default/apple_legacy step 0 v 72d3474e9bcf793a5c56cf6c369fe26217e2c9f853f9eac129bb6db0d9314d01
MATCH nvidia_default/apple_legacy step 0 flags 5b6fb58e61fa475939767d68a446f97f1bff02c0e5935a3ea8bb51e6515783d8
MATCH nvidia_default/apple_legacy step 25 loss 37ebd1b1e47511869199b3aeecc25b00c35f1c99064ea0535c7915dd66007baa
MATCH nvidia_default/apple_legacy step 25 gradients f882b9f6b64efe46f3e451719109adfd9b1828386f63868074d337aee61ca926
MATCH nvidia_default/apple_legacy step 25 parameters fd58869d987093081d4717fae333dfd0607818c71e5f83a056faae515cc7ac23
MATCH nvidia_default/apple_legacy step 25 m 74042716000b5eafb9cc23ab73d1a50f1a5c68b0bbe52edbe1befea2090e3ef3
MATCH nvidia_default/apple_legacy step 25 v 7fab21481e557bd1a82b86146a6e8a69afb33969ce6b0d7a1e841d1a4deec59d
MATCH nvidia_default/apple_legacy step 25 flags 5b6fb58e61fa475939767d68a446f97f1bff02c0e5935a3ea8bb51e6515783d8
MATCH nvidia_default/apple_legacy step 50 loss 56418e4481c770dc93e5be276ba374158f4d1c89eda6990aaa81314ecbbbb0f0
MATCH nvidia_default/apple_legacy step 50 gradients 4352202cdddca6d75040299586a6172adbf1507f25ab086ca411ef3c236bfead
MATCH nvidia_default/apple_legacy step 50 parameters 3a96dea5e4f72f48aea0aba426e834ea716a89a6026d2a2037e385d613ff4a88
MATCH nvidia_default/apple_legacy step 50 m 6ee5cc2078e07a9a7e5542bce35091c35248292ac1b7ceeea398f20f4cfde908
MATCH nvidia_default/apple_legacy step 50 v 6b66ec8fdff096eadbbb0a676ed4e7b8861d5f268f29322ba1f8ed4dfe0896f0
MATCH nvidia_default/apple_legacy step 50 flags 5b6fb58e61fa475939767d68a446f97f1bff02c0e5935a3ea8bb51e6515783d8
MATCH nvidia_default/apple_legacy step 75 loss 6a2c82a8ae1b09fd40a064643d76e2f3d281569f647abb038e169c03fc27c441
MATCH nvidia_default/apple_legacy step 75 gradients b3287ba556ba0a84118252b818bc1daaed7bc21a00fde99087dc193ff07aeb51
MATCH nvidia_default/apple_legacy step 75 parameters f6265a37d30f3671f193bba87880327dd9909f2921ee212d1acac74ce2f73eb3
MATCH nvidia_default/apple_legacy step 75 m 8d9c909f1c52849a9b3b306994425ec4d8a32246beff48b3f64dd0ae5801f7a0
MATCH nvidia_default/apple_legacy step 75 v 3dd72a241a7f0a18e3ed8463e4de70424149400da5d10ce52aaa417302240e6b
MATCH nvidia_default/apple_legacy step 75 flags 5b6fb58e61fa475939767d68a446f97f1bff02c0e5935a3ea8bb51e6515783d8
MATCH nvidia_default/apple_legacy step 99 loss eb0baf9c3280f6b425fca55d4f799d54989751d6cbbf896d57818ec73ac4dde7
MATCH nvidia_default/apple_legacy step 99 gradients 7eacbaf2e514b34bfbf1258a3329ec88fbe25bc14b673bb312d3084341272db8
MATCH nvidia_default/apple_legacy step 99 parameters 5c4f10b6d0613b4c0bffeef6d12798a3466d891b4fed25ce3515b6a054bba2ad
MATCH nvidia_default/apple_legacy step 99 m e268e153a1b54456e4fbc929f66e6ec8849a00164b66cbce11b906d3c35cf511
MATCH nvidia_default/apple_legacy step 99 v 92db0481f222dbf533f3f41a444c2cba4f6840edb1f1c47aba39a02969ee6b3b
MATCH nvidia_default/apple_legacy step 99 flags 5b6fb58e61fa475939767d68a446f97f1bff02c0e5935a3ea8bb51e6515783d8
MATCH nvidia_default/apple_legacy 100 losses, 5 witnessed steps
