FSPEED-HEADER family=seq lane=mamba3 arm=ours mode=IDENTICAL device=NVIDIA_H100_80GB_HBM3 rounds=1 size=shipped
FSPEED-NOTE lane=mamba3 arm=ours entry=mojolearn.mamba.Mamba3Block(weights).forward(x) -> mamba/ via _mojolearn_mamba; our arm through the public Python API (DEVIATION 2100); cli_lane=mamba3 rows=all
4818 external/tcmalloc+/tcmalloc/internal/system_allocator.h:713] Warning: Unable to mbind memory (errno=1, base=0x305a80000000, nodemask=1)
FSPEED-WEIGHTS lane=mamba3 shape=lane.b2_l4_d32 tensor=block_norm.weight n=32 hash=b75a50bba7865004
FSPEED-INPUT-SHA256 lane=mamba3 shape=lane.b2_l4_d32 tensor=block_norm.weight bytes=128 sha256=5b046b680d0e816a91fae72ccf613516319571ef11ffa9bc66d58a87fe690ae6
FSPEED-WEIGHTS lane=mamba3 shape=lane.b2_l4_d32 tensor=in_proj.weight n=13408 hash=f27be8a2af1371c8
FSPEED-INPUT-SHA256 lane=mamba3 shape=lane.b2_l4_d32 tensor=in_proj.weight bytes=53632 sha256=6241a988d65d57fceba64e953fced75d70b1cf3fd2e0f1843f8789c96cbba4cf
FSPEED-WEIGHTS lane=mamba3 shape=lane.b2_l4_d32 tensor=dt_bias n=1 hash=36ed4c2dc2cf9734
FSPEED-INPUT-SHA256 lane=mamba3 shape=lane.b2_l4_d32 tensor=dt_bias bytes=4 sha256=a0aea22888eb8a03b2b2c183c961d8a44b8b49bd3ad0b411eb12c42154f9e257
FSPEED-WEIGHTS lane=mamba3 shape=lane.b2_l4_d32 tensor=B_norm.weight n=128 hash=3ec83c1cc24c4a39
FSPEED-INPUT-SHA256 lane=mamba3 shape=lane.b2_l4_d32 tensor=B_norm.weight bytes=512 sha256=c8f113b8224dca2a8f025c8247fd87457ffa83e50354aa11730d2abac0e1230f
FSPEED-WEIGHTS lane=mamba3 shape=lane.b2_l4_d32 tensor=C_norm.weight n=128 hash=5d821adffaee8cfa
FSPEED-INPUT-SHA256 lane=mamba3 shape=lane.b2_l4_d32 tensor=C_norm.weight bytes=512 sha256=5488b944deb0d60245aa795d64acd223dad9910fe65296d5364d162674b8d70f
FSPEED-WEIGHTS lane=mamba3 shape=lane.b2_l4_d32 tensor=B_bias n=128 hash=0db75a25457f36e4
FSPEED-INPUT-SHA256 lane=mamba3 shape=lane.b2_l4_d32 tensor=B_bias bytes=512 sha256=db0761d169fee66bd89849c88e0a59f447daf7b7531a44923eea1906ab46e0c1
FSPEED-WEIGHTS lane=mamba3 shape=lane.b2_l4_d32 tensor=C_bias n=128 hash=8a8b27d3040fdc11
FSPEED-INPUT-SHA256 lane=mamba3 shape=lane.b2_l4_d32 tensor=C_bias bytes=512 sha256=d93005673e63f24a52e97c61697566f735d090e8977e8315ba4521bd1bd300a2
FSPEED-WEIGHTS lane=mamba3 shape=lane.b2_l4_d32 tensor=D n=1 hash=f0a319c562fbab28
FSPEED-INPUT-SHA256 lane=mamba3 shape=lane.b2_l4_d32 tensor=D bytes=4 sha256=09acd232416e7e19e65327c0b9d7479a54cfe3b3a325b99ebc5709803ec1a498
FSPEED-WEIGHTS lane=mamba3 shape=lane.b2_l4_d32 tensor=out_proj.weight n=2048 hash=dcf8f4019ab70f19
FSPEED-INPUT-SHA256 lane=mamba3 shape=lane.b2_l4_d32 tensor=out_proj.weight bytes=8192 sha256=df541853a466297c8fdf73633149cb86f89ffa112a38d2d3c05df799474302d7
FSPEED-WEIGHTS lane=mamba3 shape=lane.b2_l4_d32 tensor=x n=256 hash=3a2c9cef1d2b3726
FSPEED-INPUT-SHA256 lane=mamba3 shape=lane.b2_l4_d32 tensor=x bytes=1024 sha256=9cb359a2db29ebf4ae23d0ad006d5eacbc076a95894935a601bfaa74a6f4bc67
FSPEED-NOTE lane=mamba3 arm=ours binary read-back shape=lane.b2_l4_d32 numeric_mode_used=identical vendor_used=cuda entry=mojolearn.mamba.Mamba3Block(weights).forward(x) -> mamba/ via _mojolearn_mamba
FSPEED-NOTE lane=mamba3 arm=ours one round at shape lane.b2_l4_d32 = one public forward() including the weight host-list copy + upload, the non-finite refusal scan and the output download; the return is the synchronization (DEVIATION 2111)
M3_PHASE surface.weight_lists_and_context 285.627401
M3_PHASE surface.weight_upload 557.884132
M3_PHASE surface.state_upload 0.314469
M3_PHASE surface.stage_allocations 0.238967
M3_PHASE surface.x_upload 0.014997
M3_PHASE block.refusal 0.541893
M3_PHASE block.norm 0.084578
M3_PHASE block.in_proj 0.089088
M3_PHASE block.assembly 0.156629
M3_PHASE m3_pre_kernel 0.052543
M3_PHASE m3_scale_kernel 0.049361
M3_PHASE m3_angle_increment_kernel 0.05415
M3_PHASE m3_angle_kernel 0.050182
M3_PHASE m3_rot_kernel 0.053265
M3_PHASE m3_qkdot_kernel 0.065634
M3_PHASE m3_kscale_kernel 0.041415
M3_PHASE m3_dacs_kernel 0.066877
M3_PHASE m3_seg_l_kernel 0.070446
M3_PHASE m3_state_decay_kernel 0.047179
M3_PHASE m3_state_increment_kernel 0.055854
M3_PHASE m3_state_scan_kernel 0.052914
M3_PHASE m3_qk_s_kernel 0.071675
M3_PHASE m3_yintra_kernel 0.055647
M3_PHASE m3_ystate_kernel 0.065218
M3_PHASE m3_skip_gate_kernel 0.056618
M3_PHASE m3_reports_kernel 0.043744
M3_PHASE block.core_and_buffer 1.007869
M3_PHASE block.out_proj 0.025604
M3_PHASE surface.block 1.955655
M3_PHASE surface.downloads 0.286137
M3_PHASE surface.buffer_destruction 0.103092
M3_PHASE surface.context_destruction 0.026129
FSPEED-WARMUP lane=mamba3 arm=ours shape=lane.b2_l4_d32 ms=846.712001
M3_PHASE surface.weight_lists_and_context 0.02859
M3_PHASE surface.weight_upload 0.13451
M3_PHASE surface.state_upload 0.258117
M3_PHASE surface.stage_allocations 0.236048
M3_PHASE surface.x_upload 0.015385
M3_PHASE block.refusal 0.440633
M3_PHASE block.norm 0.018787
M3_PHASE block.in_proj 0.020552
M3_PHASE block.assembly 0.045308
M3_PHASE m3_pre_kernel 0.010789
M3_PHASE m3_scale_kernel 0.010401
M3_PHASE m3_angle_increment_kernel 0.01104
M3_PHASE m3_angle_kernel 0.011754
M3_PHASE m3_rot_kernel 0.010938
M3_PHASE m3_qkdot_kernel 0.026201
M3_PHASE m3_kscale_kernel 0.010026
M3_PHASE m3_dacs_kernel 0.013615
M3_PHASE m3_seg_l_kernel 0.018907
M3_PHASE m3_state_decay_kernel 0.010389
M3_PHASE m3_state_increment_kernel 0.014845
M3_PHASE m3_state_scan_kernel 0.011634
M3_PHASE m3_qk_s_kernel 0.015908
M3_PHASE m3_yintra_kernel 0.016924
M3_PHASE m3_ystate_kernel 0.020472
M3_PHASE m3_skip_gate_kernel 0.010748
M3_PHASE m3_reports_kernel 0.010322
M3_PHASE block.core_and_buffer 0.250079
M3_PHASE block.out_proj 0.021347
M3_PHASE surface.block 0.810952
M3_PHASE surface.downloads 0.281416
M3_PHASE surface.buffer_destruction 0.13045
M3_PHASE surface.context_destruction 0.01807
FSPEED lane=mamba3 arm=ours shape=lane.b2_l4_d32 round=1 ms=2.060954 hash=706547260126798c
FSPEED-NOTE lane=mamba3 arm=ours output witness shape=lane.b2_l4_d32 n=256 hash=ac0da105f4c25606
FSPEED-REFUSED lane=mamba3 arm=agree reason=MOJOLEARN_SPEED_DUMP_DIR unset, so no output was dumped and no FSPEED-AGREE can be computed for shape lane.b2_l4_d32
FSPEED-WEIGHTS lane=mamba3 shape=narrow.b8_l4096_d512 tensor=block_norm.weight n=512 hash=ae3c64b9e9f1a8fc
FSPEED-INPUT-SHA256 lane=mamba3 shape=narrow.b8_l4096_d512 tensor=block_norm.weight bytes=2048 sha256=8b7b7181ce01acfb219d234b78563a7a9d278bcc864d2b093d0aa04d315ef370
FSPEED-WEIGHTS lane=mamba3 shape=narrow.b8_l4096_d512 tensor=in_proj.weight n=1220608 hash=1bfbff7cf495a05a
FSPEED-INPUT-SHA256 lane=mamba3 shape=narrow.b8_l4096_d512 tensor=in_proj.weight bytes=4882432 sha256=ea36765c7d1a717f3f66c5dd730cee212d5ff71035f3a4789ec9d38e18abdf8e
FSPEED-WEIGHTS lane=mamba3 shape=narrow.b8_l4096_d512 tensor=dt_bias n=16 hash=827084605578ff8f
FSPEED-INPUT-SHA256 lane=mamba3 shape=narrow.b8_l4096_d512 tensor=dt_bias bytes=64 sha256=7d493227cf206f5fdb00272421a5b573d5509a09c0af1dc236bf3ce6a4f5b7d1
FSPEED-WEIGHTS lane=mamba3 shape=narrow.b8_l4096_d512 tensor=B_norm.weight n=128 hash=3ec83c1cc24c4a39
FSPEED-INPUT-SHA256 lane=mamba3 shape=narrow.b8_l4096_d512 tensor=B_norm.weight bytes=512 sha256=c8f113b8224dca2a8f025c8247fd87457ffa83e50354aa11730d2abac0e1230f
FSPEED-WEIGHTS lane=mamba3 shape=narrow.b8_l4096_d512 tensor=C_norm.weight n=128 hash=5d821adffaee8cfa
FSPEED-INPUT-SHA256 lane=mamba3 shape=narrow.b8_l4096_d512 tensor=C_norm.weight bytes=512 sha256=5488b944deb0d60245aa795d64acd223dad9910fe65296d5364d162674b8d70f
FSPEED-WEIGHTS lane=mamba3 shape=narrow.b8_l4096_d512 tensor=B_bias n=2048 hash=1fbcfe71f83b676b
FSPEED-INPUT-SHA256 lane=mamba3 shape=narrow.b8_l4096_d512 tensor=B_bias bytes=8192 sha256=eb19ff848a56164691b3cc0773a1b12b45f3329df17b402aa250578bdc0272b9
FSPEED-WEIGHTS lane=mamba3 shape=narrow.b8_l4096_d512 tensor=C_bias n=2048 hash=492b8acd3dd5522a
FSPEED-INPUT-SHA256 lane=mamba3 shape=narrow.b8_l4096_d512 tensor=C_bias bytes=8192 sha256=114ab7abf011c96f194d8b179f73bc9f57005736dccfb47f791743f0a8fc1160
FSPEED-WEIGHTS lane=mamba3 shape=narrow.b8_l4096_d512 tensor=D n=16 hash=016b763871469a7e
FSPEED-INPUT-SHA256 lane=mamba3 shape=narrow.b8_l4096_d512 tensor=D bytes=64 sha256=311acfdf84f1fda4ad2fc689a524d1254340f0f90c591854e99184d8d281baa6
FSPEED-WEIGHTS lane=mamba3 shape=narrow.b8_l4096_d512 tensor=out_proj.weight n=524288 hash=a8ea283baa5bb6ab
FSPEED-INPUT-SHA256 lane=mamba3 shape=narrow.b8_l4096_d512 tensor=out_proj.weight bytes=2097152 sha256=599dbf657aee55fa8dafd3f37ba184685496106537cc98baba91a3d36db8d394
FSPEED-WEIGHTS lane=mamba3 shape=narrow.b8_l4096_d512 tensor=x n=16777216 hash=ae6a6f54211a9d5e
FSPEED-NOTE lane=mamba3 arm=ours binary read-back shape=narrow.b8_l4096_d512 numeric_mode_used=identical vendor_used=cuda entry=mojolearn.mamba.Mamba3Block(weights).forward(x) -> mamba/ via _mojolearn_mamba
FSPEED-NOTE lane=mamba3 arm=ours one round at shape narrow.b8_l4096_d512 = one public forward() including the weight host-list copy + upload, the non-finite refusal scan and the output download; the return is the synchronization (DEVIATION 2111)
M3_PHASE surface.weight_lists_and_context 0.104503
M3_PHASE surface.weight_upload 2.091768
M3_PHASE surface.state_upload 1.836389
M3_PHASE surface.stage_allocations 2.106043
M3_PHASE surface.x_upload 13.284288
M3_PHASE block.refusal 0.720792
M3_PHASE block.norm 0.436518
M3_PHASE block.in_proj 8.875107
M3_PHASE block.assembly 0.462444
M3_PHASE m3_pre_kernel 0.021797
M3_PHASE m3_scale_kernel 0.018439
M3_PHASE m3_angle_increment_kernel 0.176152
M3_PHASE m3_angle_kernel 1.865864
M3_PHASE m3_rot_kernel 0.48116
M3_PHASE m3_qkdot_kernel 0.316256
M3_PHASE m3_kscale_kernel 0.330744
M3_PHASE m3_dacs_kernel 0.057918
M3_PHASE m3_seg_l_kernel 0.476615
M3_PHASE m3_state_decay_kernel 0.019487
M3_PHASE m3_state_increment_kernel 10.001001
M3_PHASE m3_state_scan_kernel 3.09283
M3_PHASE m3_qk_s_kernel 8.664684
M3_PHASE m3_yintra_kernel 4.886957
M3_PHASE m3_ystate_kernel 17.192863
M3_PHASE m3_skip_gate_kernel 0.435783
M3_PHASE m3_reports_kernel 0.014211
M3_PHASE block.core_and_buffer 48.098049
M3_PHASE block.out_proj 3.185731
M3_PHASE surface.block 61.887836
M3_PHASE surface.downloads 22.789464
M3_PHASE surface.buffer_destruction 0.114209
M3_PHASE surface.context_destruction 0.02318
FSPEED-WARMUP lane=mamba3 arm=ours shape=narrow.b8_l4096_d512 ms=105.117302
M3_PHASE surface.weight_lists_and_context 0.035598
M3_PHASE surface.weight_upload 1.619272
M3_PHASE surface.state_upload 1.643353
M3_PHASE surface.stage_allocations 1.119585
M3_PHASE surface.x_upload 12.461133
M3_PHASE block.refusal 0.70643
M3_PHASE block.norm 0.432038
M3_PHASE block.in_proj 7.183172
M3_PHASE block.assembly 0.449429
M3_PHASE m3_pre_kernel 0.018872
M3_PHASE m3_scale_kernel 0.016156
M3_PHASE m3_angle_increment_kernel 0.172687
M3_PHASE m3_angle_kernel 1.858796
M3_PHASE m3_rot_kernel 0.478021
M3_PHASE m3_qkdot_kernel 0.312612
M3_PHASE m3_kscale_kernel 0.328485
M3_PHASE m3_dacs_kernel 0.056489
M3_PHASE m3_seg_l_kernel 0.470159
M3_PHASE m3_state_decay_kernel 0.015891
M3_PHASE m3_state_increment_kernel 9.997953
M3_PHASE m3_state_scan_kernel 3.095243
M3_PHASE m3_qk_s_kernel 8.66426
M3_PHASE m3_yintra_kernel 4.883935
M3_PHASE m3_ystate_kernel 17.186392
M3_PHASE m3_skip_gate_kernel 0.431744
M3_PHASE m3_reports_kernel 0.012169
M3_PHASE block.core_and_buffer 48.04064
M3_PHASE block.out_proj 3.185386
M3_PHASE surface.block 60.101292
M3_PHASE surface.downloads 23.553163
M3_PHASE surface.buffer_destruction 0.117027
M3_PHASE surface.context_destruction 0.023726
FSPEED lane=mamba3 arm=ours shape=narrow.b8_l4096_d512 round=1 ms=102.128837 hash=dc61ff3fdb99606d
FSPEED-NOTE lane=mamba3 arm=ours output witness shape=narrow.b8_l4096_d512 n=16777216 hash=abe1cc610dfe1926
FSPEED-REFUSED lane=mamba3 arm=agree reason=MOJOLEARN_SPEED_DUMP_DIR unset, so no output was dumped and no FSPEED-AGREE can be computed for shape narrow.b8_l4096_d512
FSPEED-WEIGHTS lane=mamba3 shape=wide.b8_l1024_d2048 tensor=block_norm.weight n=2048 hash=e19341884bae7431
FSPEED-INPUT-SHA256 lane=mamba3 shape=wide.b8_l1024_d2048 tensor=block_norm.weight bytes=8192 sha256=5f38f5a8be4d7230b9e63ff906c0ee90822fc671096bedca361017aea590a5ca
FSPEED-WEIGHTS lane=mamba3 shape=wide.b8_l1024_d2048 tensor=in_proj.weight n=17760256 hash=349bdde10f512309
FSPEED-WEIGHTS lane=mamba3 shape=wide.b8_l1024_d2048 tensor=dt_bias n=64 hash=fd339e4774d174c3
FSPEED-INPUT-SHA256 lane=mamba3 shape=wide.b8_l1024_d2048 tensor=dt_bias bytes=256 sha256=ad923d44347c03ae04ffc546ac44b5e2a3a3892846876928031420017a4dc05a
FSPEED-WEIGHTS lane=mamba3 shape=wide.b8_l1024_d2048 tensor=B_norm.weight n=128 hash=3ec83c1cc24c4a39
FSPEED-INPUT-SHA256 lane=mamba3 shape=wide.b8_l1024_d2048 tensor=B_norm.weight bytes=512 sha256=c8f113b8224dca2a8f025c8247fd87457ffa83e50354aa11730d2abac0e1230f
FSPEED-WEIGHTS lane=mamba3 shape=wide.b8_l1024_d2048 tensor=C_norm.weight n=128 hash=5d821adffaee8cfa
FSPEED-INPUT-SHA256 lane=mamba3 shape=wide.b8_l1024_d2048 tensor=C_norm.weight bytes=512 sha256=5488b944deb0d60245aa795d64acd223dad9910fe65296d5364d162674b8d70f
FSPEED-WEIGHTS lane=mamba3 shape=wide.b8_l1024_d2048 tensor=B_bias n=8192 hash=5e7f6fc0aca134c3
FSPEED-INPUT-SHA256 lane=mamba3 shape=wide.b8_l1024_d2048 tensor=B_bias bytes=32768 sha256=2b0c0a2d10cbcef09d634b3fdb80b26ed1fee9bf3fc1d5226d79b603f65620bd
FSPEED-WEIGHTS lane=mamba3 shape=wide.b8_l1024_d2048 tensor=C_bias n=8192 hash=e09a0edb8afaa651
FSPEED-INPUT-SHA256 lane=mamba3 shape=wide.b8_l1024_d2048 tensor=C_bias bytes=32768 sha256=e0c3e0cb093cafd303336ecdc69d3a8d3f5ec5376d34755fb3f6f487b80bbb8b
FSPEED-WEIGHTS lane=mamba3 shape=wide.b8_l1024_d2048 tensor=D n=64 hash=ee1411114721184d
FSPEED-INPUT-SHA256 lane=mamba3 shape=wide.b8_l1024_d2048 tensor=D bytes=256 sha256=e86f15414a34b641a230701f64a12835515a8d21bb3bae159b28b540658af618
FSPEED-WEIGHTS lane=mamba3 shape=wide.b8_l1024_d2048 tensor=out_proj.weight n=8388608 hash=0caed7b3417405c0
FSPEED-WEIGHTS lane=mamba3 shape=wide.b8_l1024_d2048 tensor=x n=16777216 hash=ae6a6f54211a9d5e
FSPEED-NOTE lane=mamba3 arm=ours binary read-back shape=wide.b8_l1024_d2048 numeric_mode_used=identical vendor_used=cuda entry=mojolearn.mamba.Mamba3Block(weights).forward(x) -> mamba/ via _mojolearn_mamba
FSPEED-NOTE lane=mamba3 arm=ours one round at shape wide.b8_l1024_d2048 = one public forward() including the weight host-list copy + upload, the non-finite refusal scan and the output download; the return is the synchronization (DEVIATION 2111)
M3_PHASE surface.weight_lists_and_context 0.103106
M3_PHASE surface.weight_upload 20.773123
M3_PHASE surface.state_upload 10.160846
M3_PHASE surface.stage_allocations 1.11955
M3_PHASE surface.x_upload 12.004802
M3_PHASE block.refusal 1.146917
M3_PHASE block.norm 0.654849
M3_PHASE block.in_proj 27.561344
M3_PHASE block.assembly 0.315696
M3_PHASE m3_pre_kernel 0.022114
M3_PHASE m3_scale_kernel 0.018028
M3_PHASE m3_angle_increment_kernel 0.17722
M3_PHASE m3_angle_kernel 0.48997
M3_PHASE m3_rot_kernel 0.480008
M3_PHASE m3_qkdot_kernel 0.571521
M3_PHASE m3_kscale_kernel 0.332681
M3_PHASE m3_dacs_kernel 0.061088
M3_PHASE m3_seg_l_kernel 0.484899
M3_PHASE m3_state_decay_kernel 0.018431
M3_PHASE m3_state_increment_kernel 9.996739
M3_PHASE m3_state_scan_kernel 2.930118
M3_PHASE m3_qk_s_kernel 8.674057
M3_PHASE m3_yintra_kernel 4.884112
M3_PHASE m3_ystate_kernel 17.095666
M3_PHASE m3_skip_gate_kernel 0.435998
M3_PHASE m3_reports_kernel 0.015282
M3_PHASE block.core_and_buffer 46.801075
M3_PHASE block.out_proj 12.967643
M3_PHASE surface.block 89.552678
M3_PHASE surface.downloads 45.092133
M3_PHASE surface.buffer_destruction 0.122115
M3_PHASE surface.context_destruction 0.026136
FSPEED-WARMUP lane=mamba3 arm=ours shape=wide.b8_l1024_d2048 ms=183.028594
M3_PHASE surface.weight_lists_and_context 0.039109
M3_PHASE surface.weight_upload 18.443435
M3_PHASE surface.state_upload 9.180784
M3_PHASE surface.stage_allocations 1.106635
M3_PHASE surface.x_upload 11.147626
M3_PHASE block.refusal 1.197245
M3_PHASE block.norm 0.648295
M3_PHASE block.in_proj 27.550272
M3_PHASE block.assembly 0.314166
M3_PHASE m3_pre_kernel 0.019153
M3_PHASE m3_scale_kernel 0.015126
M3_PHASE m3_angle_increment_kernel 0.172788
M3_PHASE m3_angle_kernel 0.485414
M3_PHASE m3_rot_kernel 0.477268
M3_PHASE m3_qkdot_kernel 0.573862
M3_PHASE m3_kscale_kernel 0.328034
M3_PHASE m3_dacs_kernel 0.058253
M3_PHASE m3_seg_l_kernel 0.47829
M3_PHASE m3_state_decay_kernel 0.014899
M3_PHASE m3_state_increment_kernel 9.989665
M3_PHASE m3_state_scan_kernel 2.935623
M3_PHASE m3_qk_s_kernel 8.678685
M3_PHASE m3_yintra_kernel 4.881441
M3_PHASE m3_ystate_kernel 17.096226
M3_PHASE m3_skip_gate_kernel 0.431264
M3_PHASE m3_reports_kernel 0.012877
M3_PHASE block.core_and_buffer 46.757535
M3_PHASE block.out_proj 12.964932
M3_PHASE surface.block 89.536349
M3_PHASE surface.downloads 43.010256
M3_PHASE surface.buffer_destruction 0.132438
M3_PHASE surface.context_destruction 0.024686
FSPEED lane=mamba3 arm=ours shape=wide.b8_l1024_d2048 round=1 ms=176.743835 hash=32db3f9f7fc62b71
FSPEED-NOTE lane=mamba3 arm=ours output witness shape=wide.b8_l1024_d2048 n=16777216 hash=ad789d335594e3d0
FSPEED-REFUSED lane=mamba3 arm=agree reason=MOJOLEARN_SPEED_DUMP_DIR unset, so no output was dumped and no FSPEED-AGREE can be computed for shape wide.b8_l1024_d2048
FSPEED-DONE lane=mamba3 arm=ours mode=IDENTICAL
