25239 external/tcmalloc+/tcmalloc/internal/system_allocator.h:713] Warning: Unable to mbind memory (errno=1, base=0x53a700000000, nodemask=1)
KNN_REF_HEADER mode IDENTICAL column nvidia index 400000 queries 4000 features 32 k 10 rounds 3 fixture dyadic-v1 selector 1 transpose 1 register_tile 1 index_tile 65536
KNN_PHASE_TIMERS transpose_ms 0.125818
KNN_PHASE_TIMERS distance_ms 19.724179 select_ms 22.894329 merge_ms 0.939757 distance_launches 112 select_launches 112 merge_launches 96 query_tile 256 index_tile 65536 n_queries 4000 n_index 400000 k 10
KNN_REF_WARMUP request 0 47.50053
KNN_PHASE_TIMERS transpose_ms 0.104837
KNN_PHASE_TIMERS distance_ms 19.584126 select_ms 22.639806 merge_ms 0.86927 distance_launches 112 select_launches 112 merge_launches 96 query_tile 256 index_tile 65536 n_queries 4000 n_index 400000 k 10
KNN_REF_WARMUP request 1 45.625688
KNN_PHASE_TIMERS transpose_ms 0.106489
KNN_PHASE_TIMERS distance_ms 19.477488 select_ms 22.464345 merge_ms 0.86344 distance_launches 112 select_launches 112 merge_launches 96 query_tile 256 index_tile 65536 n_queries 4000 n_index 400000 k 10
KNN_REF_ROUND request 1 45.310647
KNN_PHASE_TIMERS transpose_ms 0.106239
KNN_PHASE_TIMERS distance_ms 19.460211 select_ms 22.589193 merge_ms 0.857755 distance_launches 112 select_launches 112 merge_launches 96 query_tile 256 index_tile 65536 n_queries 4000 n_index 400000 k 10
KNN_REF_ROUND request 2 45.718736
KNN_PHASE_TIMERS transpose_ms 0.107551
KNN_PHASE_TIMERS distance_ms 19.46869 select_ms 22.634108 merge_ms 0.87564 distance_launches 112 select_launches 112 merge_launches 96 query_tile 256 index_tile 65536 n_queries 4000 n_index 400000 k 10
KNN_REF_ROUND request 3 45.507901
KNN_PHASE_TIMERS norms_ms 0.227891
KNN_PHASE_TIMERS transpose_ms 0.112558
KNN_PHASE_TIMERS distance_ms 19.437 select_ms 22.591867 merge_ms 0.869728 distance_launches 112 select_launches 112 merge_launches 96 query_tile 256 index_tile 65536 n_queries 4000 n_index 400000 k 10
KNN_REF_WARMUP device 0 43.308493
KNN_PHASE_TIMERS norms_ms 0.226669
KNN_PHASE_TIMERS transpose_ms 0.105648
KNN_PHASE_TIMERS distance_ms 19.709304 select_ms 22.707125 merge_ms 0.950676 distance_launches 112 select_launches 112 merge_launches 96 query_tile 256 index_tile 65536 n_queries 4000 n_index 400000 k 10
KNN_REF_WARMUP device 1 43.773609
KNN_PHASE_TIMERS norms_ms 0.226578
KNN_PHASE_TIMERS transpose_ms 0.107951
KNN_PHASE_TIMERS distance_ms 19.519037 select_ms 22.633113 merge_ms 0.88464 distance_launches 112 select_launches 112 merge_launches 96 query_tile 256 index_tile 65536 n_queries 4000 n_index 400000 k 10
KNN_REF_ROUND device 1 43.448202
KNN_PHASE_TIMERS norms_ms 0.22699
KNN_PHASE_TIMERS transpose_ms 0.106149
KNN_PHASE_TIMERS distance_ms 19.44056 select_ms 22.672177 merge_ms 0.924476 distance_launches 112 select_launches 112 merge_launches 96 query_tile 256 index_tile 65536 n_queries 4000 n_index 400000 k 10
KNN_REF_ROUND device 2 43.445809
KNN_PHASE_TIMERS norms_ms 0.22763
KNN_PHASE_TIMERS transpose_ms 0.12029
KNN_PHASE_TIMERS distance_ms 19.475926 select_ms 22.687055 merge_ms 0.925635 distance_launches 112 select_launches 112 merge_launches 96 query_tile 256 index_tile 65536 n_queries 4000 n_index 400000 k 10
KNN_REF_ROUND device 3 43.517616
KNN_REF_DEVICE_VS_REQUEST mismatched_cells 0
KNN_REF_FINGERPRINT index_fnv1a64 14071077154797861403 distance_bits_xor 708282
KNN_REF_ROW0 0 147075 1075752738
KNN_REF_ROW0 1 347872 1075802578
KNN_REF_ROW0 2 280582 1075899932
KNN_REF_ROW0 3 255546 1076098936
KNN_REF_ROW0 4 158380 1076157127
KNN_REF_ROW0 5 151319 1076280807
KNN_REF_ROW0 6 252972 1076309764
KNN_REF_ROW0 7 194725 1076394742
KNN_REF_ROW0 8 125716 1076423977
KNN_REF_ROW0 9 351008 1076424580
KNN_REF_RESULT index 400000 queries 4000 k 10 features 32 request_median_ms 45.507901 device_median_ms 43.448202 rounds 3 query_tile 256 index_tile 65536
KNN REFERENCE PRICE PASS
