FSPEED-HEADER family=seq lane=mamba3 arm=ours mode=IDENTICAL device=NVIDIA_H100_80GB_HBM3 rounds=1 size=shipped
FSPEED-NOTE lane=mamba3 arm=ours entry=mojolearn.mamba.Mamba3Block(weights).forward(x) -> mamba/ via _mojolearn_mamba; our arm through the public Python API (DEVIATION 2100); cli_lane=mamba3 rows=all
6440 external/tcmalloc+/tcmalloc/internal/system_allocator.h:713] Warning: Unable to mbind memory (errno=1, base=0x700040000000, nodemask=1)
FSPEED-WEIGHTS lane=mamba3 shape=lane.b2_l4_d32 tensor=block_norm.weight n=32 hash=b75a50bba7865004
FSPEED-INPUT-SHA256 lane=mamba3 shape=lane.b2_l4_d32 tensor=block_norm.weight bytes=128 sha256=5b046b680d0e816a91fae72ccf613516319571ef11ffa9bc66d58a87fe690ae6
FSPEED-WEIGHTS lane=mamba3 shape=lane.b2_l4_d32 tensor=in_proj.weight n=13408 hash=f27be8a2af1371c8
FSPEED-INPUT-SHA256 lane=mamba3 shape=lane.b2_l4_d32 tensor=in_proj.weight bytes=53632 sha256=6241a988d65d57fceba64e953fced75d70b1cf3fd2e0f1843f8789c96cbba4cf
FSPEED-WEIGHTS lane=mamba3 shape=lane.b2_l4_d32 tensor=dt_bias n=1 hash=36ed4c2dc2cf9734
FSPEED-INPUT-SHA256 lane=mamba3 shape=lane.b2_l4_d32 tensor=dt_bias bytes=4 sha256=a0aea22888eb8a03b2b2c183c961d8a44b8b49bd3ad0b411eb12c42154f9e257
FSPEED-WEIGHTS lane=mamba3 shape=lane.b2_l4_d32 tensor=B_norm.weight n=128 hash=3ec83c1cc24c4a39
FSPEED-INPUT-SHA256 lane=mamba3 shape=lane.b2_l4_d32 tensor=B_norm.weight bytes=512 sha256=c8f113b8224dca2a8f025c8247fd87457ffa83e50354aa11730d2abac0e1230f
FSPEED-WEIGHTS lane=mamba3 shape=lane.b2_l4_d32 tensor=C_norm.weight n=128 hash=5d821adffaee8cfa
FSPEED-INPUT-SHA256 lane=mamba3 shape=lane.b2_l4_d32 tensor=C_norm.weight bytes=512 sha256=5488b944deb0d60245aa795d64acd223dad9910fe65296d5364d162674b8d70f
FSPEED-WEIGHTS lane=mamba3 shape=lane.b2_l4_d32 tensor=B_bias n=128 hash=0db75a25457f36e4
FSPEED-INPUT-SHA256 lane=mamba3 shape=lane.b2_l4_d32 tensor=B_bias bytes=512 sha256=db0761d169fee66bd89849c88e0a59f447daf7b7531a44923eea1906ab46e0c1
FSPEED-WEIGHTS lane=mamba3 shape=lane.b2_l4_d32 tensor=C_bias n=128 hash=8a8b27d3040fdc11
FSPEED-INPUT-SHA256 lane=mamba3 shape=lane.b2_l4_d32 tensor=C_bias bytes=512 sha256=d93005673e63f24a52e97c61697566f735d090e8977e8315ba4521bd1bd300a2
FSPEED-WEIGHTS lane=mamba3 shape=lane.b2_l4_d32 tensor=D n=1 hash=f0a319c562fbab28
FSPEED-INPUT-SHA256 lane=mamba3 shape=lane.b2_l4_d32 tensor=D bytes=4 sha256=09acd232416e7e19e65327c0b9d7479a54cfe3b3a325b99ebc5709803ec1a498
FSPEED-WEIGHTS lane=mamba3 shape=lane.b2_l4_d32 tensor=out_proj.weight n=2048 hash=dcf8f4019ab70f19
FSPEED-INPUT-SHA256 lane=mamba3 shape=lane.b2_l4_d32 tensor=out_proj.weight bytes=8192 sha256=df541853a466297c8fdf73633149cb86f89ffa112a38d2d3c05df799474302d7
FSPEED-WEIGHTS lane=mamba3 shape=lane.b2_l4_d32 tensor=x n=256 hash=3a2c9cef1d2b3726
FSPEED-INPUT-SHA256 lane=mamba3 shape=lane.b2_l4_d32 tensor=x bytes=1024 sha256=9cb359a2db29ebf4ae23d0ad006d5eacbc076a95894935a601bfaa74a6f4bc67
FSPEED-NOTE lane=mamba3 arm=ours binary read-back shape=lane.b2_l4_d32 numeric_mode_used=identical vendor_used=cuda entry=mojolearn.mamba.Mamba3Block(weights).forward(x) -> mamba/ via _mojolearn_mamba
FSPEED-NOTE lane=mamba3 arm=ours one round at shape lane.b2_l4_d32 = one public forward() including the weight host-list copy + upload, the non-finite refusal scan and the output download; the return is the synchronization (DEVIATION 2111)
M3_PHASE surface.weight_lists_and_context 491.776306
M3_PHASE surface.weight_upload 403.782576
M3_PHASE surface.state_upload 0.354168
M3_PHASE surface.stage_allocations 0.23557
M3_PHASE surface.x_upload 0.015324
M3_PHASE block.refusal 0.600383
M3_PHASE block.norm 0.073783
M3_PHASE block.in_proj 0.077017
M3_PHASE block.assembly 0.146187
M3_PHASE m3_pre_kernel 0.047443
M3_PHASE m3_scale_kernel 0.042318
M3_PHASE m3_angle_increment_kernel 0.056183
M3_PHASE m3_angle_kernel 0.046005
M3_PHASE m3_rot_kernel 0.047705
M3_PHASE m3_qkdot_kernel 0.061788
M3_PHASE m3_kscale_kernel 0.038208
M3_PHASE m3_dacs_kernel 0.047282
M3_PHASE m3_seg_l_kernel 0.055795
M3_PHASE m3_state_decay_kernel 0.040277
M3_PHASE m3_state_increment_kernel 0.060357
M3_PHASE m3_state_scan_kernel 0.046099
M3_PHASE m3_qk_s_kernel 0.066803
M3_PHASE m3_yintra_kernel 0.053876
M3_PHASE m3_ystate_kernel 0.054735
M3_PHASE m3_skip_gate_kernel 0.051228
M3_PHASE m3_reports_kernel 0.040446
M3_PHASE block.core_and_buffer 0.91359
M3_PHASE block.out_proj 0.02423
M3_PHASE surface.block 1.888791
M3_PHASE surface.downloads 0.272875
M3_PHASE surface.buffer_destruction 0.095952
M3_PHASE surface.context_destruction 0.021866
FSPEED-WARMUP lane=mamba3 arm=ours shape=lane.b2_l4_d32 ms=898.724817
M3_PHASE surface.weight_lists_and_context 0.029141
M3_PHASE surface.weight_upload 0.129433
M3_PHASE surface.state_upload 0.245365
M3_PHASE surface.stage_allocations 0.231951
M3_PHASE surface.x_upload 0.014647
M3_PHASE block.refusal 0.441002
M3_PHASE block.norm 0.016489
M3_PHASE block.in_proj 0.018529
M3_PHASE block.assembly 0.045167
M3_PHASE m3_pre_kernel 0.010118
M3_PHASE m3_scale_kernel 0.010075
M3_PHASE m3_angle_increment_kernel 0.010531
M3_PHASE m3_angle_kernel 0.012115
M3_PHASE m3_rot_kernel 0.011368
M3_PHASE m3_qkdot_kernel 0.025597
M3_PHASE m3_kscale_kernel 0.010322
M3_PHASE m3_dacs_kernel 0.012997
M3_PHASE m3_seg_l_kernel 0.01826
M3_PHASE m3_state_decay_kernel 0.010429
M3_PHASE m3_state_increment_kernel 0.014218
M3_PHASE m3_state_scan_kernel 0.010801
M3_PHASE m3_qk_s_kernel 0.01406
M3_PHASE m3_yintra_kernel 0.016566
M3_PHASE m3_ystate_kernel 0.013265
M3_PHASE m3_skip_gate_kernel 0.010469
M3_PHASE m3_reports_kernel 0.009955
M3_PHASE block.core_and_buffer 0.235866
M3_PHASE block.out_proj 0.020394
M3_PHASE surface.block 0.790467
M3_PHASE surface.downloads 0.240271
M3_PHASE surface.buffer_destruction 0.09424
M3_PHASE surface.context_destruction 0.011727
FSPEED lane=mamba3 arm=ours shape=lane.b2_l4_d32 round=1 ms=1.957800 hash=706547260126798c
FSPEED-NOTE lane=mamba3 arm=ours output witness shape=lane.b2_l4_d32 n=256 hash=ac0da105f4c25606
FSPEED-REFUSED lane=mamba3 arm=agree reason=MOJOLEARN_SPEED_DUMP_DIR unset, so no output was dumped and no FSPEED-AGREE can be computed for shape lane.b2_l4_d32
FSPEED-WEIGHTS lane=mamba3 shape=narrow.b8_l4096_d512 tensor=block_norm.weight n=512 hash=ae3c64b9e9f1a8fc
FSPEED-INPUT-SHA256 lane=mamba3 shape=narrow.b8_l4096_d512 tensor=block_norm.weight bytes=2048 sha256=8b7b7181ce01acfb219d234b78563a7a9d278bcc864d2b093d0aa04d315ef370
FSPEED-WEIGHTS lane=mamba3 shape=narrow.b8_l4096_d512 tensor=in_proj.weight n=1220608 hash=1bfbff7cf495a05a
FSPEED-INPUT-SHA256 lane=mamba3 shape=narrow.b8_l4096_d512 tensor=in_proj.weight bytes=4882432 sha256=ea36765c7d1a717f3f66c5dd730cee212d5ff71035f3a4789ec9d38e18abdf8e
FSPEED-WEIGHTS lane=mamba3 shape=narrow.b8_l4096_d512 tensor=dt_bias n=16 hash=827084605578ff8f
FSPEED-INPUT-SHA256 lane=mamba3 shape=narrow.b8_l4096_d512 tensor=dt_bias bytes=64 sha256=7d493227cf206f5fdb00272421a5b573d5509a09c0af1dc236bf3ce6a4f5b7d1
FSPEED-WEIGHTS lane=mamba3 shape=narrow.b8_l4096_d512 tensor=B_norm.weight n=128 hash=3ec83c1cc24c4a39
FSPEED-INPUT-SHA256 lane=mamba3 shape=narrow.b8_l4096_d512 tensor=B_norm.weight bytes=512 sha256=c8f113b8224dca2a8f025c8247fd87457ffa83e50354aa11730d2abac0e1230f
FSPEED-WEIGHTS lane=mamba3 shape=narrow.b8_l4096_d512 tensor=C_norm.weight n=128 hash=5d821adffaee8cfa
FSPEED-INPUT-SHA256 lane=mamba3 shape=narrow.b8_l4096_d512 tensor=C_norm.weight bytes=512 sha256=5488b944deb0d60245aa795d64acd223dad9910fe65296d5364d162674b8d70f
FSPEED-WEIGHTS lane=mamba3 shape=narrow.b8_l4096_d512 tensor=B_bias n=2048 hash=1fbcfe71f83b676b
FSPEED-INPUT-SHA256 lane=mamba3 shape=narrow.b8_l4096_d512 tensor=B_bias bytes=8192 sha256=eb19ff848a56164691b3cc0773a1b12b45f3329df17b402aa250578bdc0272b9
FSPEED-WEIGHTS lane=mamba3 shape=narrow.b8_l4096_d512 tensor=C_bias n=2048 hash=492b8acd3dd5522a
FSPEED-INPUT-SHA256 lane=mamba3 shape=narrow.b8_l4096_d512 tensor=C_bias bytes=8192 sha256=114ab7abf011c96f194d8b179f73bc9f57005736dccfb47f791743f0a8fc1160
FSPEED-WEIGHTS lane=mamba3 shape=narrow.b8_l4096_d512 tensor=D n=16 hash=016b763871469a7e
FSPEED-INPUT-SHA256 lane=mamba3 shape=narrow.b8_l4096_d512 tensor=D bytes=64 sha256=311acfdf84f1fda4ad2fc689a524d1254340f0f90c591854e99184d8d281baa6
FSPEED-WEIGHTS lane=mamba3 shape=narrow.b8_l4096_d512 tensor=out_proj.weight n=524288 hash=a8ea283baa5bb6ab
FSPEED-INPUT-SHA256 lane=mamba3 shape=narrow.b8_l4096_d512 tensor=out_proj.weight bytes=2097152 sha256=599dbf657aee55fa8dafd3f37ba184685496106537cc98baba91a3d36db8d394
FSPEED-WEIGHTS lane=mamba3 shape=narrow.b8_l4096_d512 tensor=x n=16777216 hash=ae6a6f54211a9d5e
FSPEED-NOTE lane=mamba3 arm=ours binary read-back shape=narrow.b8_l4096_d512 numeric_mode_used=identical vendor_used=cuda entry=mojolearn.mamba.Mamba3Block(weights).forward(x) -> mamba/ via _mojolearn_mamba
FSPEED-NOTE lane=mamba3 arm=ours one round at shape narrow.b8_l4096_d512 = one public forward() including the weight host-list copy + upload, the non-finite refusal scan and the output download; the return is the synchronization (DEVIATION 2111)
M3_PHASE surface.weight_lists_and_context 0.067822
M3_PHASE surface.weight_upload 1.523821
M3_PHASE surface.state_upload 1.821678
M3_PHASE surface.stage_allocations 2.180017
M3_PHASE surface.x_upload 12.953193
M3_PHASE block.refusal 0.716279
M3_PHASE block.norm 0.422133
M3_PHASE block.in_proj 8.793557
M3_PHASE block.assembly 0.448668
M3_PHASE m3_pre_kernel 0.018267
M3_PHASE m3_scale_kernel 0.015753
M3_PHASE m3_angle_increment_kernel 0.171765
M3_PHASE m3_angle_kernel 1.864145
M3_PHASE m3_rot_kernel 0.475469
M3_PHASE m3_qkdot_kernel 0.310424
M3_PHASE m3_kscale_kernel 0.327495
M3_PHASE m3_dacs_kernel 0.055951
M3_PHASE m3_seg_l_kernel 0.470459
M3_PHASE m3_state_decay_kernel 0.01555
M3_PHASE m3_state_increment_kernel 9.924449
M3_PHASE m3_state_scan_kernel 3.068053
M3_PHASE m3_qk_s_kernel 1.604808
M3_PHASE m3_yintra_kernel 4.848111
M3_PHASE m3_ystate_kernel 1.665428
M3_PHASE m3_skip_gate_kernel 0.428155
M3_PHASE m3_reports_kernel 0.01161
M3_PHASE block.core_and_buffer 25.315878
M3_PHASE block.out_proj 3.163846
M3_PHASE surface.block 38.96647
M3_PHASE surface.downloads 21.086456
M3_PHASE surface.buffer_destruction 0.11346
M3_PHASE surface.context_destruction 0.021593
FSPEED-WARMUP lane=mamba3 arm=ours shape=narrow.b8_l4096_d512 ms=79.602782
M3_PHASE surface.weight_lists_and_context 0.03626
M3_PHASE surface.weight_upload 1.057832
M3_PHASE surface.state_upload 1.570746
M3_PHASE surface.stage_allocations 1.117206
M3_PHASE surface.x_upload 12.848036
M3_PHASE block.refusal 0.712395
M3_PHASE block.norm 0.429216
M3_PHASE block.in_proj 7.134175
M3_PHASE block.assembly 0.438704
M3_PHASE m3_pre_kernel 0.017964
M3_PHASE m3_scale_kernel 0.016467
M3_PHASE m3_angle_increment_kernel 0.171363
M3_PHASE m3_angle_kernel 1.851568
M3_PHASE m3_rot_kernel 0.475886
M3_PHASE m3_qkdot_kernel 0.311323
M3_PHASE m3_kscale_kernel 0.328518
M3_PHASE m3_dacs_kernel 0.460059
M3_PHASE m3_seg_l_kernel 0.479993
M3_PHASE m3_state_decay_kernel 0.015308
M3_PHASE m3_state_increment_kernel 9.930462
M3_PHASE m3_state_scan_kernel 3.084158
M3_PHASE m3_qk_s_kernel 1.607003
M3_PHASE m3_yintra_kernel 4.852473
M3_PHASE m3_ystate_kernel 1.667563
M3_PHASE m3_skip_gate_kernel 0.428925
M3_PHASE m3_reports_kernel 0.011669
M3_PHASE block.core_and_buffer 25.752682
M3_PHASE block.out_proj 3.165704
M3_PHASE surface.block 37.740966
M3_PHASE surface.downloads 23.127106
M3_PHASE surface.buffer_destruction 0.121844
M3_PHASE surface.context_destruction 0.024541
FSPEED lane=mamba3 arm=ours shape=narrow.b8_l4096_d512 round=1 ms=78.972284 hash=dc61ff3fdb99606d
FSPEED-NOTE lane=mamba3 arm=ours output witness shape=narrow.b8_l4096_d512 n=16777216 hash=abe1cc610dfe1926
FSPEED-REFUSED lane=mamba3 arm=agree reason=MOJOLEARN_SPEED_DUMP_DIR unset, so no output was dumped and no FSPEED-AGREE can be computed for shape narrow.b8_l4096_d512
FSPEED-WEIGHTS lane=mamba3 shape=wide.b8_l1024_d2048 tensor=block_norm.weight n=2048 hash=e19341884bae7431
FSPEED-INPUT-SHA256 lane=mamba3 shape=wide.b8_l1024_d2048 tensor=block_norm.weight bytes=8192 sha256=5f38f5a8be4d7230b9e63ff906c0ee90822fc671096bedca361017aea590a5ca
FSPEED-WEIGHTS lane=mamba3 shape=wide.b8_l1024_d2048 tensor=in_proj.weight n=17760256 hash=349bdde10f512309
FSPEED-WEIGHTS lane=mamba3 shape=wide.b8_l1024_d2048 tensor=dt_bias n=64 hash=fd339e4774d174c3
FSPEED-INPUT-SHA256 lane=mamba3 shape=wide.b8_l1024_d2048 tensor=dt_bias bytes=256 sha256=ad923d44347c03ae04ffc546ac44b5e2a3a3892846876928031420017a4dc05a
FSPEED-WEIGHTS lane=mamba3 shape=wide.b8_l1024_d2048 tensor=B_norm.weight n=128 hash=3ec83c1cc24c4a39
FSPEED-INPUT-SHA256 lane=mamba3 shape=wide.b8_l1024_d2048 tensor=B_norm.weight bytes=512 sha256=c8f113b8224dca2a8f025c8247fd87457ffa83e50354aa11730d2abac0e1230f
FSPEED-WEIGHTS lane=mamba3 shape=wide.b8_l1024_d2048 tensor=C_norm.weight n=128 hash=5d821adffaee8cfa
FSPEED-INPUT-SHA256 lane=mamba3 shape=wide.b8_l1024_d2048 tensor=C_norm.weight bytes=512 sha256=5488b944deb0d60245aa795d64acd223dad9910fe65296d5364d162674b8d70f
FSPEED-WEIGHTS lane=mamba3 shape=wide.b8_l1024_d2048 tensor=B_bias n=8192 hash=5e7f6fc0aca134c3
FSPEED-INPUT-SHA256 lane=mamba3 shape=wide.b8_l1024_d2048 tensor=B_bias bytes=32768 sha256=2b0c0a2d10cbcef09d634b3fdb80b26ed1fee9bf3fc1d5226d79b603f65620bd
FSPEED-WEIGHTS lane=mamba3 shape=wide.b8_l1024_d2048 tensor=C_bias n=8192 hash=e09a0edb8afaa651
FSPEED-INPUT-SHA256 lane=mamba3 shape=wide.b8_l1024_d2048 tensor=C_bias bytes=32768 sha256=e0c3e0cb093cafd303336ecdc69d3a8d3f5ec5376d34755fb3f6f487b80bbb8b
FSPEED-WEIGHTS lane=mamba3 shape=wide.b8_l1024_d2048 tensor=D n=64 hash=ee1411114721184d
FSPEED-INPUT-SHA256 lane=mamba3 shape=wide.b8_l1024_d2048 tensor=D bytes=256 sha256=e86f15414a34b641a230701f64a12835515a8d21bb3bae159b28b540658af618
FSPEED-WEIGHTS lane=mamba3 shape=wide.b8_l1024_d2048 tensor=out_proj.weight n=8388608 hash=0caed7b3417405c0
FSPEED-WEIGHTS lane=mamba3 shape=wide.b8_l1024_d2048 tensor=x n=16777216 hash=ae6a6f54211a9d5e
FSPEED-NOTE lane=mamba3 arm=ours binary read-back shape=wide.b8_l1024_d2048 numeric_mode_used=identical vendor_used=cuda entry=mojolearn.mamba.Mamba3Block(weights).forward(x) -> mamba/ via _mojolearn_mamba
FSPEED-NOTE lane=mamba3 arm=ours one round at shape wide.b8_l1024_d2048 = one public forward() including the weight host-list copy + upload, the non-finite refusal scan and the output download; the return is the synchronization (DEVIATION 2111)
M3_PHASE surface.weight_lists_and_context 0.075107
M3_PHASE surface.weight_upload 20.482404
M3_PHASE surface.state_upload 10.069789
M3_PHASE surface.stage_allocations 1.134845
M3_PHASE surface.x_upload 11.784033
M3_PHASE block.refusal 1.142616
M3_PHASE block.norm 0.634505
M3_PHASE block.in_proj 27.321278
M3_PHASE block.assembly 0.313433
M3_PHASE m3_pre_kernel 0.018086
M3_PHASE m3_scale_kernel 0.015148
M3_PHASE m3_angle_increment_kernel 0.173881
M3_PHASE m3_angle_kernel 0.484651
M3_PHASE m3_rot_kernel 0.474028
M3_PHASE m3_qkdot_kernel 0.563046
M3_PHASE m3_kscale_kernel 0.327876
M3_PHASE m3_dacs_kernel 0.056634
M3_PHASE m3_seg_l_kernel 0.478305
M3_PHASE m3_state_decay_kernel 0.015302
M3_PHASE m3_state_increment_kernel 9.921138
M3_PHASE m3_state_scan_kernel 2.938834
M3_PHASE m3_qk_s_kernel 1.604219
M3_PHASE m3_yintra_kernel 4.847101
M3_PHASE m3_ystate_kernel 1.668074
M3_PHASE m3_skip_gate_kernel 0.428808
M3_PHASE m3_reports_kernel 0.012063
M3_PHASE block.core_and_buffer 24.133881
M3_PHASE block.out_proj 12.881476
M3_PHASE surface.block 66.532696
M3_PHASE surface.downloads 43.919911
M3_PHASE surface.buffer_destruction 0.121785
M3_PHASE surface.context_destruction 0.026524
FSPEED-WARMUP lane=mamba3 arm=ours shape=wide.b8_l1024_d2048 ms=156.925254
M3_PHASE surface.weight_lists_and_context 0.036326
M3_PHASE surface.weight_upload 18.258763
M3_PHASE surface.state_upload 9.114796
M3_PHASE surface.stage_allocations 1.116314
M3_PHASE surface.x_upload 11.125957
M3_PHASE block.refusal 1.142489
M3_PHASE block.norm 0.635837
M3_PHASE block.in_proj 27.330233
M3_PHASE block.assembly 0.319803
M3_PHASE m3_pre_kernel 0.019764
M3_PHASE m3_scale_kernel 0.01525
M3_PHASE m3_angle_increment_kernel 0.171507
M3_PHASE m3_angle_kernel 0.485383
M3_PHASE m3_rot_kernel 0.47368
M3_PHASE m3_qkdot_kernel 0.563828
M3_PHASE m3_kscale_kernel 0.327287
M3_PHASE m3_dacs_kernel 0.056753
M3_PHASE m3_seg_l_kernel 0.480319
M3_PHASE m3_state_decay_kernel 0.014565
M3_PHASE m3_state_increment_kernel 9.918286
M3_PHASE m3_state_scan_kernel 2.941282
M3_PHASE m3_qk_s_kernel 1.614813
M3_PHASE m3_yintra_kernel 4.84704
M3_PHASE m3_ystate_kernel 1.668399
M3_PHASE m3_skip_gate_kernel 0.428546
M3_PHASE m3_reports_kernel 0.011806
M3_PHASE block.core_and_buffer 24.146696
M3_PHASE block.out_proj 12.870948
M3_PHASE surface.block 66.562489
M3_PHASE surface.downloads 42.62525
M3_PHASE surface.buffer_destruction 0.128512
M3_PHASE surface.context_destruction 0.026758
FSPEED lane=mamba3 arm=ours shape=wide.b8_l1024_d2048 round=1 ms=152.045298 hash=32db3f9f7fc62b71
FSPEED-NOTE lane=mamba3 arm=ours output witness shape=wide.b8_l1024_d2048 n=16777216 hash=ad789d335594e3d0
FSPEED-REFUSED lane=mamba3 arm=agree reason=MOJOLEARN_SPEED_DUMP_DIR unset, so no output was dumped and no FSPEED-AGREE can be computed for shape wide.b8_l1024_d2048
FSPEED-DONE lane=mamba3 arm=ours mode=IDENTICAL
