  agglomerative    ok   02ca572ae936a2fa     1.9s
  dbscan           ok   a4608e954c7420b7     0.2s
  elasticnet       ok   417b2b6ef980d28f     0.1s
  et-clf           ok   707d2c92e92f6a40     0.5s
  et-reg           ok   a1d2eb9ddb149617     0.2s
  gbdt-depthwise   ok   9b215bde3d465b5a     0.5s
  gbdt-lossguide   ok   8b3a213947e39743     0.2s
  gbdt-rmse        ok   fa22f14f818359d9     0.6s
  gbdt-symmetric   ok   6ace4187a22cd7f6     0.1s
  gemm-pinned      ok   REFUSED as designed under fast
  gemm-vendor      ok   0161b2e7269c3f5c     0.0s
  holtwinters      ok   e6e43307ca85f1c7     0.4s
  iforest          ok   cbdf90cd2472725a     0.4s
  kde              ok   51e248a7e0bf958b     0.1s
  kmeans           ok   da3cb10e46c91256     0.3s
  knn-clf          ok   f359ee4876deb908     3.2s
  knn-reg          ok   ff4a92b889616aea     0.0s
  knn-tied         ok   a65ffbd5ef088766     0.0s
  lasso            ok   b21520dab533f838     0.0s
  logistic         ok   4f82254ef9ad5365     0.1s
  metrics          ok   01a17b9ad7a6275c     0.1s
  ols              ok   096b8e1c2daac825     0.1s
  pca              ok   707f0b2580760bf0     0.1s
  rf-clf           ok   eacd6bff8b4088b8     0.4s
  rf-reg           ok   91269c5ae3828665     0.2s
  ridge            ok   1cb1a21f4e002ded     0.1s
  spectral         ok   7c5f4e5c32dc0ca1     0.2s
  svc              ok   7ec2853daf86bef5     0.2s
  tsvd             ok   90e125a754685ffb     0.0s
smoke v0.3.2 mode=fast vendor=cuda (the box probe (device nodes and driver libraries)) lanes=29 PASS
