deviation=2519
started=2026-09-11T05:43:52Z
root=/root/mojolearn
jobs=2
vendor=nvidia
commit=b917c5ef8347dd83840a90a9cff08430ea958bd8
cuda_toolkit=1
binding_ptx_blobs=0
binding_cuobjdump_list_exit=255
driver_variant=stdout
output_kb=900
finished=2026-09-11T05:46:20Z
label	cap	k	entry	registers	local_bytes	spill_stores	spill_loads	ld_local	st_local	sass_ldl	sass_stl	shared_bytes	blocks_per_sm_by_regs	blocks_per_sm_by_shared	blocks_per_sm_max	occupancy_pct	runtime_blocks_per_sm	runtime_occupancy_pct	sources
cap16_k0_generic	16	0	neighbors_checks_select_smallk6A6A6A6A_1c9c2b8afe7aa2fb	99	0			0	0			2048	2	76	2	25.0	2	25.0	runtime+ptx
cap16_k10	16	10	neighbors_checks_select_smallk6A6A6A6A_da115a88cbf3bef8	54	0			0	0			2048	4	76	4	50.0	4	50.0	runtime+ptx
cap16_k15	16	15	neighbors_checks_select_smallk6A6A6A6A_928bb82e42f5703c	56	0			0	0			2048	4	76	4	50.0	4	50.0	runtime+ptx
cap1_k1_scanonly1	1	1	neighbors_checks_select_smallk6A6A6A6A_f1146463d0459d38	31	0			0	0			2048	8	76	8	100.0	8	100.0	runtime+ptx
cap32_k0_generic	32	0	neighbors_checks_select_smallk6A6A6A6A_59412b9381d14a63	107	0			0	0			2048	2	76	2	25.0	2	25.0	runtime+ptx
cap64_k0_generic	64	0	neighbors_checks_select_smallk6A6A6A6A_995b9adcc125e319	178	0			0	0			2048	1	76	1	12.5	1	12.5	runtime+ptx
capk_k10	10	10	neighbors_checks_select_smallk6A6A6A6A_eabbf3170133897d	40	0			0	0			2048	6	76	6	75.0	6	75.0	runtime+ptx
capk_k15	15	15	neighbors_checks_select_smallk6A6A6A6A_58d74d1d082797e8	56	0			0	0			2048	4	76	4	50.0	4	50.0	runtime+ptx
capk_selp_k10	10	10	neighbors_checks_select_smallk6A6A6A6A_5a6afb3417f32adf	48	0			0	0			2048	5	76	5	62.5	5	62.5	runtime+ptx
capk_selp_k15	15	15	neighbors_checks_select_smallk6A6A6A6A_e553509fe73141c5	56	0			0	0			2048	4	76	4	50.0	4	50.0	runtime+ptx
build-binding-trial	0	76s
extract-ptx-blobs	0	0s
build-driver-files	1	3s
build-driver-stdout	0	8s
driver	0	0s
split-driver-log	0	1s
emit-asm-default	0	34s
emit-asm-generic	0	25s
assemble	0	0s
stats	0	0s
