=== 0. coverage ===
EXPECTED FAIL  coverage: step coverage
EXPECTED FAIL  coverage: layer coverage
EXPECTED FAIL  coverage: unknown status
EXPECTED FAIL  coverage: materialization coverage
EXPECTED FAIL  coverage: step sequence
COVERAGE OK refusing 700 steps x 12 layers x 2
EXPECTED FAIL  coverage: step coverage
EXPECTED FAIL  coverage: layer coverage
EXPECTED FAIL  coverage: unknown status
EXPECTED FAIL  coverage: materialization coverage
EXPECTED FAIL  coverage: step sequence
COVERAGE OK norefuse 700 steps x 12 layers x 2

=== 1. the two arms are two arms ===
byte_lm_attn_bwd_corner_refuses() from inside each process: {'unguarded': True, 'guarded': False}
Traceback (most recent call last):
  File "/root/mojolearn/tools/lm_attention_norefuse_verdict.py", line 265, in <module>
    main()
    ~~~~^^
  File "/root/mojolearn/tools/lm_attention_norefuse_verdict.py", line 151, in main
    assert flags['refusing'] is True, 'the control arm is not the refusing build: %r' % flags
           ~~~~~^^^^^^^^^^^^
KeyError: 'refusing'
=== 0. coverage ===
EXPECTED FAIL  coverage: step coverage
EXPECTED FAIL  coverage: layer coverage
EXPECTED FAIL  coverage: unknown status
EXPECTED FAIL  coverage: materialization coverage
EXPECTED FAIL  coverage: step sequence
COVERAGE OK refusing 700 steps x 12 layers x 2
EXPECTED FAIL  coverage: step coverage
EXPECTED FAIL  coverage: layer coverage
EXPECTED FAIL  coverage: unknown status
EXPECTED FAIL  coverage: materialization coverage
EXPECTED FAIL  coverage: step sequence
COVERAGE OK norefuse 700 steps x 12 layers x 2

=== 1. the two arms are two arms ===
byte_lm_attn_bwd_corner_refuses() from inside each process: {'refusing': True, 'norefuse': False}

=== 2. DOES THE UNGUARDED ARM REPRODUCE THE MEASURED LEG? ===
unguarded backward {'FUSED_RAN': 4951, 'FUSED_CORNER': 3449}
unguarded forward  {'FUSED_RAN': 8400}
refusing   head=0.19812 s tail=0.45721 s device_mb 15151->31537 eager_bytes 432->17314086912 grown=(12, 12)
reproduced (3449 corners vs the measured 3697; tail 0.45721 vs 0.45737): True

=== 3. BITS. THIS IS THE WHOLE EXPERIMENT. ===
EXPECTED FAIL  compare: loss loss_differ=1 hash_differ=0
EXPECTED FAIL  compare: parameters loss_differ=0 hash_differ=1
guarded_vs_unguarded: 700 steps, 8 anchors, loss_differ=[] hash_differ=[] -> EQUAL

=== 4. what NOT refusing costs and buys ===
guarded backward {'FUSED_RAN': 8400}
guarded forward  {'FUSED_RAN': 8400}
norefuse   head=0.19768 s tail=0.19896 s device_mb 15151->15153 eager_bytes 432->432 grown=(0, 0)
tail speedup 2.2980x; device peak 31537 -> 15153 MB (saved 16384); eager_bytes 17314086912 -> 432

=== 5. controls at head_dim 64 ===
MISSING CONTROL: missing arm: guarded-forced-eager
MISSING CONTROL: missing arm: guarded-forced-fused
MISSING CONTROL: missing arm: unguarded-forced-fused

=== 6. batch 4 for 2,000 steps, under the guarded build ===
batch4 has no result.json (missing arm: batch4); 1324 per-step records recovered from the log
  last: {"step": 1323, "seconds": 0.6656116871163249, "loss": 1.5931700468063354, "completed_steps": 1324, "device_used_mb": null, "rss_bytes": null, "attention": {"forward_eager_cells": 48, "forward_aexp_cells": 2415919104, "backward_eager_cells": 60, "forward_eager_bytes": 192, "forward_aexp_bytes": 96636

VERDICT: NOT REFUSING MOVES NO BIT over 700 steps and 8 anchors. Every one of those refusals was a FALSE POSITIVE. backward refusals 3449 -> 0; tail 2.2980x; device peak saved 16384 MB.
