926 external/tcmalloc+/tcmalloc/internal/system_allocator.h:713] Warning: Unable to mbind memory (errno=1, base=0x59c500000000, nodemask=2)
== dispatcher vs the untuned plan, BITS and TIME ==
   OK  gram.32x32x1M [SPLITK(leaf kernel -> global workspace -> level-wise threadgroup fold) -> SPLITK(leaf kernel -> global workspace -> level-wise threadgroup fold)]  m=32 n=32 k=1000000  BITS MATCH  untuned=137.5439208ms dispatch=141.093147ms  speedup=0.9748448009314018x
   OK  gram.32x32x64K [SPLITK(leaf kernel -> global workspace -> level-wise threadgroup fold) -> SPLITK(leaf kernel -> global workspace -> level-wise threadgroup fold)]  m=32 n=32 k=65536  BITS MATCH  untuned=1.4377918ms dispatch=1.4363496ms  speedup=1.0010040731030942x
   OK  gram.128sq.x100003 [TILE 16x16 KS=32 (256 thr, 1-D grid, no swizzle) -> TILE 16x16 KS=32 (256 thr, 1-D grid, no swizzle)]  m=128 n=128 k=100003  BITS MATCH  untuned=5.7704362ms dispatch=5.7635102ms  speedup=1.0012016982289715x
   OK  ols.step1.16x16x64K [SPLITK(leaf kernel -> global workspace -> level-wise threadgroup fold) -> SPLITK(leaf kernel -> global workspace -> level-wise threadgroup fold)]  m=16 n=16 k=65536  BITS MATCH  untuned=0.380241ms dispatch=0.380409ms  speedup=0.9995583700701087x
   OK  pca.transform.8192x4x4 [TILE 32x8 KS=16 (256 thr, 1-D grid, reversed tiles) -> TILE 32x8 KS=16 (256 thr, 1-D grid, reversed tiles)]  m=8192 n=4 k=4  BITS MATCH  untuned=0.0089256ms dispatch=0.0085648ms  speedup=1.0421259107042782x
   OK  pca.transform.wide.8192x64x128 [TILE 16x16 KS=32 (256 thr, 1-D grid, no swizzle) -> TUNED 64x64 reg4x4 KS=16 fold=16 local tpb=256 hwftz=True (256 thr, 1-D grid, no swizzle)]  m=8192 n=64 k=128  BITS MATCH  untuned=0.0685892ms dispatch=0.0226702ms  speedup=3.0255224920821164x
   OK  kmeans.dist.4096x64x64 [TILE 16x16 KS=32 (256 thr, 1-D grid, no swizzle) -> TUNED 64x64 reg4x4 KS=16 fold=16 local tpb=256 hwftz=True (256 thr, 1-D grid, no swizzle)]  m=4096 n=64 k=64  BITS MATCH  untuned=0.027309ms dispatch=0.0151106ms  speedup=1.807274363691713x
   OK  ols.predict.gemv.64Kx16 [TILE 32x8 KS=16 (256 thr, 1-D grid, reversed tiles) -> TILE 32x8 KS=16 (256 thr, 1-D grid, reversed tiles)]  m=65536 n=1 k=16  BITS MATCH  untuned=0.0228486ms dispatch=0.0224538ms  speedup=1.0175827699543063x
   OK  llama8b.qkv.t1 [SPLITK(leaf kernel -> global workspace -> level-wise threadgroup fold) -> SPLITK(leaf kernel -> global workspace -> level-wise threadgroup fold)]  m=1 n=4096 k=4096  BITS MATCH  untuned=0.1235882ms dispatch=0.1216954ms  speedup=1.0155535870706698x
   OK  llama8b.qkv.t8 [TILE 8x32 KS=32 (256 thr, 2-D grid, no swizzle) -> TILE 8x32 KS=32 (256 thr, 2-D grid, no swizzle)]  m=8 n=4096 k=4096  BITS MATCH  untuned=0.2522118ms dispatch=0.2518754ms  speedup=1.0013355810055287x
   OK  llama8b.qkv.t512 [TILE 16x16 KS=32 (256 thr, 1-D grid, no swizzle) -> TUNED 128x128 reg8x8 KS=16 fold=16 local tpb=256 hwftz=True (256 thr, 1-D grid, no swizzle)]  m=512 n=4096 k=4096  BITS MATCH  untuned=6.419965ms dispatch=1.270077ms  speedup=5.054784080020346x
   OK  llama8b.mlp_up.t1 [TILE 8x32 KS=32 (256 thr, 2-D grid, no swizzle) -> TILE 8x32 KS=32 (256 thr, 2-D grid, no swizzle)]  m=1 n=14336 k=4096  BITS MATCH  untuned=1.2445586ms dispatch=1.240771ms  speedup=1.003052618089881x
   OK  llama8b.mlp_up.t8 [TILE 8x32 KS=32 (256 thr, 2-D grid, no swizzle) -> TILE 8x32 KS=32 (256 thr, 2-D grid, no swizzle)]  m=8 n=14336 k=4096  BITS MATCH  untuned=1.2496182ms dispatch=1.2503258ms  speedup=0.9994340675046457x
   OK  llama8b.mlp_up.t512 [TILE 16x16 KS=32 (256 thr, 1-D grid, no swizzle) -> TUNED 128x128 reg8x8 KS=16 fold=16 local tpb=256 hwftz=True (256 thr, 1-D grid, no swizzle)]  m=512 n=14336 k=4096  BITS MATCH  untuned=24.6364138ms dispatch=5.307858ms  speedup=4.641498284241967x
   OK  llama8b.mlp_down.t1 [SPLITK(leaf kernel -> global workspace -> level-wise threadgroup fold) -> SPLITK(leaf kernel -> global workspace -> level-wise threadgroup fold)]  m=1 n=4096 k=14336  BITS MATCH  untuned=0.7136008ms dispatch=0.7128956ms  speedup=1.0009892051514977x
   OK  llama8b.mlp_down.t8 [TILE 8x32 KS=32 (256 thr, 2-D grid, no swizzle) -> TILE 8x32 KS=32 (256 thr, 2-D grid, no swizzle)]  m=8 n=4096 k=14336  BITS MATCH  untuned=1.678378ms dispatch=1.6830194ms  speedup=0.9972422183606439x
   OK  llama8b.mlp_down.t512 [TILE 16x16 KS=32 (256 thr, 1-D grid, no swizzle) -> TUNED 128x128 reg8x8 KS=16 fold=16 local tpb=256 hwftz=True (256 thr, 1-D grid, no swizzle)]  m=512 n=4096 k=14336  BITS MATCH  untuned=24.6566366ms dispatch=4.7202022ms  speedup=5.223639911019066x
   OK  llama8b.lm_head.t1 [TILE 8x32 KS=32 (256 thr, 2-D grid, no swizzle) -> TILE 8x32 KS=32 (256 thr, 2-D grid, no swizzle)]  m=1 n=128256 k=4096  BITS MATCH  untuned=10.1104984ms dispatch=10.1037038ms  speedup=1.000672486063972x
   OK  llama8b.lm_head.t8 [TILE 8x32 KS=32 (256 thr, 2-D grid, no swizzle) -> TILE 8x32 KS=32 (256 thr, 2-D grid, no swizzle)]  m=8 n=128256 k=4096  BITS MATCH  untuned=10.13665ms dispatch=10.1358324ms  speedup=1.0000806643172198x
   OK  llama8b.lm_head.t512 [TILE 16x16 KS=32 (256 thr, 1-D grid, no swizzle) -> TUNED 64x64 reg4x4 KS=16 fold=16 local tpb=256 hwftz=True (256 thr, 1-D grid, no swizzle)]  m=64 n=128256 k=4096  BITS MATCH  untuned=28.1609832ms dispatch=6.4073482ms  speedup=4.395107355020912x

   20 match, 0 MOVED, 0 refused.
