# vendor=cpu-amd-epyc-9655-96-core-processor commit=763565275bb976f09f03149ab42884faf72ac451 (MOJOLEARN_COMMIT) host.cpu_model='AMD EPYC 9655 96-Core Processor' host.column=cpu host.families=['_mojolearn_arima_host', '_mojolearn_byte_lm_host', '_mojolearn_core_host', '_mojolearn_embedding_host', '_mojolearn_embedding_infer_host', '_mojolearn_estimators_host', '_mojolearn_forecast_host', '_mojolearn_forest_host', '_mojolearn_gbdt_host', '_mojolearn_gp_host', '_mojolearn_gp_infer_host', '_mojolearn_hdbscan_host', '_mojolearn_hdbscan_infer_host', '_mojolearn_ivf_host', '_mojolearn_ivf_search_host', '_mojolearn_kernel_methods_host', '_mojolearn_linalg_host', '_mojolearn_mamba_host', '_mojolearn_metrics_host', '_mojolearn_mixture_host', '_mojolearn_mixture_infer_host', '_mojolearn_neural_host', '_mojolearn_preprocessing_host', '_mojolearn_resample_host', '_mojolearn_rf_host', '_mojolearn_solver_host', '_mojolearn_svm_host', '_mojolearn_tokenizer_host', '_mojolearn_training_host', '_mojolearn_transformer_host', '_mojolearn_trees_host', '_mojolearn_tsa_host']
# identity_break  mode=identical  2026-09-17 21:39:56  Linux-6.8.0-90-generic-x86_64-with-glibc2.35
# per lane: the train row, then an `infer` row (held-out rows), a `model` row (saved bytes) and a `batch` row (whole batch vs rows alone, a split and prefixes) where the lane has them
| lane                   | base             | ties             | hashed           | wide             | denormal         | denormal_ftz     | dupes            | odd              | negative         |
|------------------------|------------------|------------------|------------------|------------------|------------------|------------------|------------------|------------------|------------------|
# START gp-normalize-y/base repeat=1/train
# DONE gp-normalize-y/base repeat=1/train 0.029s
# START gp-normalize-y/base repeat=1/infer-save-reload
# DONE gp-normalize-y/base repeat=1/infer-save-reload 0.018s
# START gp-normalize-y/base repeat=1/batch
# DONE gp-normalize-y/base repeat=1/batch 0.020s
# START gp-normalize-y/base repeat=1/stepfull
# DONE gp-normalize-y/base repeat=1/stepfull 0.000s
# START gp-normalize-y/base repeat=2/train
# DONE gp-normalize-y/base repeat=2/train 0.028s
# START gp-normalize-y/base repeat=2/infer-save-reload
# DONE gp-normalize-y/base repeat=2/infer-save-reload 0.017s
# START gp-normalize-y/base repeat=2/batch
# DONE gp-normalize-y/base repeat=2/batch 0.019s
# START gp-normalize-y/base repeat=2/stepfull
# DONE gp-normalize-y/base repeat=2/stepfull 0.000s
# CELL gp-normalize-y/base STABLE 0.133s
# START gp-normalize-y/ties repeat=1/train
# DONE gp-normalize-y/ties repeat=1/train 0.029s
# START gp-normalize-y/ties repeat=1/infer-save-reload
# DONE gp-normalize-y/ties repeat=1/infer-save-reload 0.018s
# START gp-normalize-y/ties repeat=1/batch
# DONE gp-normalize-y/ties repeat=1/batch 0.020s
# START gp-normalize-y/ties repeat=1/stepfull
# DONE gp-normalize-y/ties repeat=1/stepfull 0.000s
# START gp-normalize-y/ties repeat=2/train
# DONE gp-normalize-y/ties repeat=2/train 0.029s
# START gp-normalize-y/ties repeat=2/infer-save-reload
# DONE gp-normalize-y/ties repeat=2/infer-save-reload 0.017s
# START gp-normalize-y/ties repeat=2/batch
# DONE gp-normalize-y/ties repeat=2/batch 0.020s
# START gp-normalize-y/ties repeat=2/stepfull
# DONE gp-normalize-y/ties repeat=2/stepfull 0.000s
# CELL gp-normalize-y/ties STABLE 0.134s
# START gp-normalize-y/hashed repeat=1/train
# DONE gp-normalize-y/hashed repeat=1/train 0.027s
# START gp-normalize-y/hashed repeat=1/infer-save-reload
# DONE gp-normalize-y/hashed repeat=1/infer-save-reload 0.017s
# START gp-normalize-y/hashed repeat=1/batch
# DONE gp-normalize-y/hashed repeat=1/batch 0.020s
# START gp-normalize-y/hashed repeat=1/stepfull
# DONE gp-normalize-y/hashed repeat=1/stepfull 0.000s
# START gp-normalize-y/hashed repeat=2/train
# DONE gp-normalize-y/hashed repeat=2/train 0.028s
# START gp-normalize-y/hashed repeat=2/infer-save-reload
# DONE gp-normalize-y/hashed repeat=2/infer-save-reload 0.017s
# START gp-normalize-y/hashed repeat=2/batch
# DONE gp-normalize-y/hashed repeat=2/batch 0.019s
# START gp-normalize-y/hashed repeat=2/stepfull
# DONE gp-normalize-y/hashed repeat=2/stepfull 0.000s
# CELL gp-normalize-y/hashed STABLE 0.129s
# START gp-normalize-y/wide repeat=1/train
# DONE gp-normalize-y/wide repeat=1/train 0.028s
# START gp-normalize-y/wide repeat=1/infer-save-reload
# DONE gp-normalize-y/wide repeat=1/infer-save-reload 0.017s
# START gp-normalize-y/wide repeat=1/batch
# DONE gp-normalize-y/wide repeat=1/batch 0.019s
# START gp-normalize-y/wide repeat=1/stepfull
# DONE gp-normalize-y/wide repeat=1/stepfull 0.000s
# START gp-normalize-y/wide repeat=2/train
# DONE gp-normalize-y/wide repeat=2/train 0.027s
# START gp-normalize-y/wide repeat=2/infer-save-reload
# DONE gp-normalize-y/wide repeat=2/infer-save-reload 0.017s
# START gp-normalize-y/wide repeat=2/batch
# DONE gp-normalize-y/wide repeat=2/batch 0.019s
# START gp-normalize-y/wide repeat=2/stepfull
# DONE gp-normalize-y/wide repeat=2/stepfull 0.000s
# CELL gp-normalize-y/wide STABLE 0.128s
# START gp-normalize-y/denormal repeat=1/train
# DONE gp-normalize-y/denormal repeat=1/train 0.027s
# START gp-normalize-y/denormal repeat=1/infer-save-reload
# DONE gp-normalize-y/denormal repeat=1/infer-save-reload 0.017s
# START gp-normalize-y/denormal repeat=1/batch
# DONE gp-normalize-y/denormal repeat=1/batch 0.019s
# START gp-normalize-y/denormal repeat=1/stepfull
# DONE gp-normalize-y/denormal repeat=1/stepfull 0.000s
# START gp-normalize-y/denormal repeat=2/train
# DONE gp-normalize-y/denormal repeat=2/train 0.027s
# START gp-normalize-y/denormal repeat=2/infer-save-reload
# DONE gp-normalize-y/denormal repeat=2/infer-save-reload 0.016s
# START gp-normalize-y/denormal repeat=2/batch
# DONE gp-normalize-y/denormal repeat=2/batch 0.019s
# START gp-normalize-y/denormal repeat=2/stepfull
# DONE gp-normalize-y/denormal repeat=2/stepfull 0.000s
# CELL gp-normalize-y/denormal STABLE 0.126s
# START gp-normalize-y/denormal_ftz repeat=1/train
# DONE gp-normalize-y/denormal_ftz repeat=1/train 0.027s
# START gp-normalize-y/denormal_ftz repeat=1/infer-save-reload
# DONE gp-normalize-y/denormal_ftz repeat=1/infer-save-reload 0.017s
# START gp-normalize-y/denormal_ftz repeat=1/batch
# DONE gp-normalize-y/denormal_ftz repeat=1/batch 0.018s
# START gp-normalize-y/denormal_ftz repeat=1/stepfull
# DONE gp-normalize-y/denormal_ftz repeat=1/stepfull 0.000s
# START gp-normalize-y/denormal_ftz repeat=2/train
# DONE gp-normalize-y/denormal_ftz repeat=2/train 0.028s
# START gp-normalize-y/denormal_ftz repeat=2/infer-save-reload
# DONE gp-normalize-y/denormal_ftz repeat=2/infer-save-reload 0.017s
# START gp-normalize-y/denormal_ftz repeat=2/batch
# DONE gp-normalize-y/denormal_ftz repeat=2/batch 0.019s
# START gp-normalize-y/denormal_ftz repeat=2/stepfull
# DONE gp-normalize-y/denormal_ftz repeat=2/stepfull 0.000s
# CELL gp-normalize-y/denormal_ftz STABLE 0.125s
# START gp-normalize-y/dupes repeat=1/train
# DONE gp-normalize-y/dupes repeat=1/train 0.028s
# START gp-normalize-y/dupes repeat=1/infer-save-reload
# DONE gp-normalize-y/dupes repeat=1/infer-save-reload 0.017s
# START gp-normalize-y/dupes repeat=1/batch
# DONE gp-normalize-y/dupes repeat=1/batch 0.019s
# START gp-normalize-y/dupes repeat=1/stepfull
# DONE gp-normalize-y/dupes repeat=1/stepfull 0.000s
# START gp-normalize-y/dupes repeat=2/train
# DONE gp-normalize-y/dupes repeat=2/train 0.028s
# START gp-normalize-y/dupes repeat=2/infer-save-reload
# DONE gp-normalize-y/dupes repeat=2/infer-save-reload 0.017s
# START gp-normalize-y/dupes repeat=2/batch
# DONE gp-normalize-y/dupes repeat=2/batch 0.019s
# START gp-normalize-y/dupes repeat=2/stepfull
# DONE gp-normalize-y/dupes repeat=2/stepfull 0.000s
# CELL gp-normalize-y/dupes STABLE 0.127s
# START gp-normalize-y/odd repeat=1/train
# DONE gp-normalize-y/odd repeat=1/train 0.027s
# START gp-normalize-y/odd repeat=1/infer-save-reload
# DONE gp-normalize-y/odd repeat=1/infer-save-reload 0.016s
# START gp-normalize-y/odd repeat=1/batch
# DONE gp-normalize-y/odd repeat=1/batch 0.018s
# START gp-normalize-y/odd repeat=1/stepfull
# DONE gp-normalize-y/odd repeat=1/stepfull 0.000s
# START gp-normalize-y/odd repeat=2/train
# DONE gp-normalize-y/odd repeat=2/train 0.027s
# START gp-normalize-y/odd repeat=2/infer-save-reload
# DONE gp-normalize-y/odd repeat=2/infer-save-reload 0.016s
# START gp-normalize-y/odd repeat=2/batch
# DONE gp-normalize-y/odd repeat=2/batch 0.019s
# START gp-normalize-y/odd repeat=2/stepfull
# DONE gp-normalize-y/odd repeat=2/stepfull 0.000s
# CELL gp-normalize-y/odd STABLE 0.125s
# START gp-normalize-y/negative repeat=1/train
# DONE gp-normalize-y/negative repeat=1/train 0.027s
# START gp-normalize-y/negative repeat=1/infer-save-reload
# DONE gp-normalize-y/negative repeat=1/infer-save-reload 0.016s
# START gp-normalize-y/negative repeat=1/batch
# DONE gp-normalize-y/negative repeat=1/batch 0.019s
# START gp-normalize-y/negative repeat=1/stepfull
# DONE gp-normalize-y/negative repeat=1/stepfull 0.000s
# START gp-normalize-y/negative repeat=2/train
# DONE gp-normalize-y/negative repeat=2/train 0.027s
# START gp-normalize-y/negative repeat=2/infer-save-reload
# DONE gp-normalize-y/negative repeat=2/infer-save-reload 0.017s
# START gp-normalize-y/negative repeat=2/batch
# DONE gp-normalize-y/negative repeat=2/batch 0.019s
# START gp-normalize-y/negative repeat=2/stepfull
# DONE gp-normalize-y/negative repeat=2/stepfull 0.000s
# CELL gp-normalize-y/negative STABLE 0.126s
| gp-normalize-y         | 295a3a943bb1e6c1 | dcd3de359f3c2074 | b3faa0b97f15bcba | 3f637d262c88b131 | 563ede6c2700528e | 563ede6c2700528e | 56127db3c25510e4 | c3c46d3bdd248167 | c162a835d708df60 |
| gp-normalize-y infer   | 7c5123dc7a512038 | 0e6c262796044cb8 | b77bf4a2d0da8736 | 13332a5abc671f44 | c9c056f09a65ff3b | c9c056f09a65ff3b | 3c0b639788527068 | e8873986c9e0f24f | e8c9793a64ffecd4 |
| gp-normalize-y model   | 988bc1c3b51246a4 | 4af86e76b34e092c | 78eb0a3ce16ce7c5 | 7aaddfff81162cc0 | 7838eff1539fb489 | 5f20cf42422bf2e9 | db1cd41ce6fd1b37 | 767941378d3c368a | f8b1eb8570f5e01b |
| gp-normalize-y batch   | 10f20ff36a173c93 | d3aaf331f5414e4b | 83463eae32c0bbe9 | f83ca2d738dfbae9 | 00079f14e3f462fc | 00079f14e3f462fc | cd8dc4dd4d12cb25 | 290d32315445165d | d4b37ced285cc86d |

cells=9 stable=9 moved=0 refused=0
infer: stable=9
model: stable=9
batch: stable=9
stepfull: n/a=9
n/a: gp-normalize-y stepfull n/a:no-decode-state
wrote /root/leg_out/records/gp-normalize-y/gp-normalize-y/cpu-clean.json
