# vendor=cpu-amd-epyc-9655-96-core-processor commit=763565275bb976f09f03149ab42884faf72ac451 (MOJOLEARN_COMMIT) host.cpu_model='AMD EPYC 9655 96-Core Processor' host.column=cpu host.families=['_mojolearn_arima_host', '_mojolearn_byte_lm_host', '_mojolearn_core_host', '_mojolearn_embedding_host', '_mojolearn_embedding_infer_host', '_mojolearn_estimators_host', '_mojolearn_forecast_host', '_mojolearn_forest_host', '_mojolearn_gbdt_host', '_mojolearn_gp_host', '_mojolearn_gp_infer_host', '_mojolearn_hdbscan_host', '_mojolearn_hdbscan_infer_host', '_mojolearn_ivf_host', '_mojolearn_ivf_search_host', '_mojolearn_kernel_methods_host', '_mojolearn_linalg_host', '_mojolearn_mamba_host', '_mojolearn_metrics_host', '_mojolearn_mixture_host', '_mojolearn_mixture_infer_host', '_mojolearn_neural_host', '_mojolearn_preprocessing_host', '_mojolearn_resample_host', '_mojolearn_rf_host', '_mojolearn_solver_host', '_mojolearn_svm_host', '_mojolearn_tokenizer_host', '_mojolearn_training_host', '_mojolearn_transformer_host', '_mojolearn_trees_host', '_mojolearn_tsa_host']
# identity_break  mode=identical  2026-09-17 21:46:15  Linux-6.8.0-90-generic-x86_64-with-glibc2.35
# per lane: the train row, then an `infer` row (held-out rows), a `model` row (saved bytes) and a `batch` row (whole batch vs rows alone, a split and prefixes) where the lane has them
| lane                   | base             | ties             | hashed           | wide             | denormal         | denormal_ftz     | dupes            | odd              | negative         |
|------------------------|------------------|------------------|------------------|------------------|------------------|------------------|------------------|------------------|------------------|
# START knn-sqeuclidean/base repeat=1/train
# DONE knn-sqeuclidean/base repeat=1/train 0.010s
# START knn-sqeuclidean/base repeat=1/infer-save-reload
# DONE knn-sqeuclidean/base repeat=1/infer-save-reload 0.023s
# START knn-sqeuclidean/base repeat=1/batch
# DONE knn-sqeuclidean/base repeat=1/batch 0.057s
# START knn-sqeuclidean/base repeat=1/stepfull
# DONE knn-sqeuclidean/base repeat=1/stepfull 0.000s
# START knn-sqeuclidean/base repeat=2/train
# DONE knn-sqeuclidean/base repeat=2/train 0.010s
# START knn-sqeuclidean/base repeat=2/infer-save-reload
# DONE knn-sqeuclidean/base repeat=2/infer-save-reload 0.022s
# START knn-sqeuclidean/base repeat=2/batch
# DONE knn-sqeuclidean/base repeat=2/batch 0.056s
# START knn-sqeuclidean/base repeat=2/stepfull
# DONE knn-sqeuclidean/base repeat=2/stepfull 0.000s
# CELL knn-sqeuclidean/base STABLE 0.178s
# START knn-sqeuclidean/ties repeat=1/train
# DONE knn-sqeuclidean/ties repeat=1/train 0.033s
# START knn-sqeuclidean/ties repeat=1/infer-save-reload
# DONE knn-sqeuclidean/ties repeat=1/infer-save-reload 0.067s
# START knn-sqeuclidean/ties repeat=1/batch
# DONE knn-sqeuclidean/ties repeat=1/batch 0.112s
# START knn-sqeuclidean/ties repeat=1/stepfull
# DONE knn-sqeuclidean/ties repeat=1/stepfull 0.000s
# START knn-sqeuclidean/ties repeat=2/train
# DONE knn-sqeuclidean/ties repeat=2/train 0.033s
# START knn-sqeuclidean/ties repeat=2/infer-save-reload
# DONE knn-sqeuclidean/ties repeat=2/infer-save-reload 0.067s
# START knn-sqeuclidean/ties repeat=2/batch
# DONE knn-sqeuclidean/ties repeat=2/batch 0.110s
# START knn-sqeuclidean/ties repeat=2/stepfull
# DONE knn-sqeuclidean/ties repeat=2/stepfull 0.000s
# CELL knn-sqeuclidean/ties STABLE 0.422s
# START knn-sqeuclidean/hashed repeat=1/train
# DONE knn-sqeuclidean/hashed repeat=1/train 0.010s
# START knn-sqeuclidean/hashed repeat=1/infer-save-reload
# DONE knn-sqeuclidean/hashed repeat=1/infer-save-reload 0.021s
# START knn-sqeuclidean/hashed repeat=1/batch
# DONE knn-sqeuclidean/hashed repeat=1/batch 0.054s
# START knn-sqeuclidean/hashed repeat=1/stepfull
# DONE knn-sqeuclidean/hashed repeat=1/stepfull 0.000s
# START knn-sqeuclidean/hashed repeat=2/train
# DONE knn-sqeuclidean/hashed repeat=2/train 0.010s
# START knn-sqeuclidean/hashed repeat=2/infer-save-reload
# DONE knn-sqeuclidean/hashed repeat=2/infer-save-reload 0.021s
# START knn-sqeuclidean/hashed repeat=2/batch
# DONE knn-sqeuclidean/hashed repeat=2/batch 0.055s
# START knn-sqeuclidean/hashed repeat=2/stepfull
# DONE knn-sqeuclidean/hashed repeat=2/stepfull 0.000s
# CELL knn-sqeuclidean/hashed STABLE 0.172s
# START knn-sqeuclidean/wide repeat=1/train
# DONE knn-sqeuclidean/wide repeat=1/train 0.010s
# START knn-sqeuclidean/wide repeat=1/infer-save-reload
# DONE knn-sqeuclidean/wide repeat=1/infer-save-reload 0.021s
# START knn-sqeuclidean/wide repeat=1/batch
# DONE knn-sqeuclidean/wide repeat=1/batch 0.055s
# START knn-sqeuclidean/wide repeat=1/stepfull
# DONE knn-sqeuclidean/wide repeat=1/stepfull 0.000s
# START knn-sqeuclidean/wide repeat=2/train
# DONE knn-sqeuclidean/wide repeat=2/train 0.010s
# START knn-sqeuclidean/wide repeat=2/infer-save-reload
# DONE knn-sqeuclidean/wide repeat=2/infer-save-reload 0.021s
# START knn-sqeuclidean/wide repeat=2/batch
# DONE knn-sqeuclidean/wide repeat=2/batch 0.055s
# START knn-sqeuclidean/wide repeat=2/stepfull
# DONE knn-sqeuclidean/wide repeat=2/stepfull 0.000s
# CELL knn-sqeuclidean/wide STABLE 0.172s
# START knn-sqeuclidean/denormal repeat=1/train
# DONE knn-sqeuclidean/denormal repeat=1/train 0.012s
# START knn-sqeuclidean/denormal repeat=1/infer-save-reload
# DONE knn-sqeuclidean/denormal repeat=1/infer-save-reload 0.023s
# START knn-sqeuclidean/denormal repeat=1/batch
# DONE knn-sqeuclidean/denormal repeat=1/batch 0.055s
# START knn-sqeuclidean/denormal repeat=1/stepfull
# DONE knn-sqeuclidean/denormal repeat=1/stepfull 0.000s
# START knn-sqeuclidean/denormal repeat=2/train
# DONE knn-sqeuclidean/denormal repeat=2/train 0.010s
# START knn-sqeuclidean/denormal repeat=2/infer-save-reload
# DONE knn-sqeuclidean/denormal repeat=2/infer-save-reload 0.022s
# START knn-sqeuclidean/denormal repeat=2/batch
# DONE knn-sqeuclidean/denormal repeat=2/batch 0.056s
# START knn-sqeuclidean/denormal repeat=2/stepfull
# DONE knn-sqeuclidean/denormal repeat=2/stepfull 0.000s
# CELL knn-sqeuclidean/denormal STABLE 0.178s
# START knn-sqeuclidean/denormal_ftz repeat=1/train
# DONE knn-sqeuclidean/denormal_ftz repeat=1/train 0.010s
# START knn-sqeuclidean/denormal_ftz repeat=1/infer-save-reload
# DONE knn-sqeuclidean/denormal_ftz repeat=1/infer-save-reload 0.020s
# START knn-sqeuclidean/denormal_ftz repeat=1/batch
# DONE knn-sqeuclidean/denormal_ftz repeat=1/batch 0.054s
# START knn-sqeuclidean/denormal_ftz repeat=1/stepfull
# DONE knn-sqeuclidean/denormal_ftz repeat=1/stepfull 0.000s
# START knn-sqeuclidean/denormal_ftz repeat=2/train
# DONE knn-sqeuclidean/denormal_ftz repeat=2/train 0.009s
# START knn-sqeuclidean/denormal_ftz repeat=2/infer-save-reload
# DONE knn-sqeuclidean/denormal_ftz repeat=2/infer-save-reload 0.021s
# START knn-sqeuclidean/denormal_ftz repeat=2/batch
# DONE knn-sqeuclidean/denormal_ftz repeat=2/batch 0.054s
# START knn-sqeuclidean/denormal_ftz repeat=2/stepfull
# DONE knn-sqeuclidean/denormal_ftz repeat=2/stepfull 0.000s
# CELL knn-sqeuclidean/denormal_ftz STABLE 0.168s
# START knn-sqeuclidean/dupes repeat=1/train
# DONE knn-sqeuclidean/dupes repeat=1/train 0.010s
# START knn-sqeuclidean/dupes repeat=1/infer-save-reload
# DONE knn-sqeuclidean/dupes repeat=1/infer-save-reload 0.021s
# START knn-sqeuclidean/dupes repeat=1/batch
# DONE knn-sqeuclidean/dupes repeat=1/batch 0.055s
# START knn-sqeuclidean/dupes repeat=1/stepfull
# DONE knn-sqeuclidean/dupes repeat=1/stepfull 0.000s
# START knn-sqeuclidean/dupes repeat=2/train
# DONE knn-sqeuclidean/dupes repeat=2/train 0.010s
# START knn-sqeuclidean/dupes repeat=2/infer-save-reload
# DONE knn-sqeuclidean/dupes repeat=2/infer-save-reload 0.021s
# START knn-sqeuclidean/dupes repeat=2/batch
# DONE knn-sqeuclidean/dupes repeat=2/batch 0.055s
# START knn-sqeuclidean/dupes repeat=2/stepfull
# DONE knn-sqeuclidean/dupes repeat=2/stepfull 0.000s
# CELL knn-sqeuclidean/dupes STABLE 0.174s
# START knn-sqeuclidean/odd repeat=1/train
# DONE knn-sqeuclidean/odd repeat=1/train 0.011s
# START knn-sqeuclidean/odd repeat=1/infer-save-reload
# DONE knn-sqeuclidean/odd repeat=1/infer-save-reload 0.022s
# START knn-sqeuclidean/odd repeat=1/batch
# DONE knn-sqeuclidean/odd repeat=1/batch 0.057s
# START knn-sqeuclidean/odd repeat=1/stepfull
# DONE knn-sqeuclidean/odd repeat=1/stepfull 0.000s
# START knn-sqeuclidean/odd repeat=2/train
# DONE knn-sqeuclidean/odd repeat=2/train 0.011s
# START knn-sqeuclidean/odd repeat=2/infer-save-reload
# DONE knn-sqeuclidean/odd repeat=2/infer-save-reload 0.022s
# START knn-sqeuclidean/odd repeat=2/batch
# DONE knn-sqeuclidean/odd repeat=2/batch 0.058s
# START knn-sqeuclidean/odd repeat=2/stepfull
# DONE knn-sqeuclidean/odd repeat=2/stepfull 0.000s
# CELL knn-sqeuclidean/odd STABLE 0.180s
# START knn-sqeuclidean/negative repeat=1/train
# DONE knn-sqeuclidean/negative repeat=1/train 0.010s
# START knn-sqeuclidean/negative repeat=1/infer-save-reload
# DONE knn-sqeuclidean/negative repeat=1/infer-save-reload 0.022s
# START knn-sqeuclidean/negative repeat=1/batch
# DONE knn-sqeuclidean/negative repeat=1/batch 0.055s
# START knn-sqeuclidean/negative repeat=1/stepfull
# DONE knn-sqeuclidean/negative repeat=1/stepfull 0.000s
# START knn-sqeuclidean/negative repeat=2/train
# DONE knn-sqeuclidean/negative repeat=2/train 0.010s
# START knn-sqeuclidean/negative repeat=2/infer-save-reload
# DONE knn-sqeuclidean/negative repeat=2/infer-save-reload 0.021s
# START knn-sqeuclidean/negative repeat=2/batch
# DONE knn-sqeuclidean/negative repeat=2/batch 0.055s
# START knn-sqeuclidean/negative repeat=2/stepfull
# DONE knn-sqeuclidean/negative repeat=2/stepfull 0.000s
# CELL knn-sqeuclidean/negative STABLE 0.174s
| knn-sqeuclidean        | 8516edaa4529c5de | e1330827a49fa48c | 6734a34e35fcd6d9 | 614e7cc6db2c44f8 | e911a632efe00e32 | e911a632efe00e32 | b65d62b3b0dfe602 | cf6105ee7f63dcb5 | 34699c15e4653945 |
| knn-sqeuclidean infer  | 76baacee7d15c095 | 8b1d0d2c178dcbc9 | c29fcd5dba3ddf9a | 315037decede5e9b | a840743c8e7783ec | a840743c8e7783ec | 5de321ac7c644998 | 0c6f8232cafe242c | c922704979aa128b |
| knn-sqeuclidean model  | 220a6df6b7f08ecb | 8096f29c3e671db0 | 6a238cf6dee71105 | d79417b3b836be90 | ca456a3b69e74f5b | 1dcf8efaf98e595d | a106a8dd4166ef57 | 2e5f790a836299dc | a3e609f5ba879213 |
| knn-sqeuclidean batch  | db82b7dc7bcec3ea | 6e306c2669600f8f | de9b86470bea3c79 | 962732e39f6ab11c | 69bfae5e0532bb6e | 69bfae5e0532bb6e | e5f0e0e9136d840b | 436cef7e7c433bf3 | ec66aecb59bbcc1c |

cells=9 stable=9 moved=0 refused=0
infer: stable=9
model: stable=9
batch: stable=9
stepfull: n/a=9
n/a: knn-sqeuclidean stepfull n/a:no-decode-state
wrote /root/leg_out/records/knn-sqeuclidean/knn-sqeuclidean/cpu-clean.json
