/Users/andrewhendel/CascadeProjects/mojolearn-trees-gpu/bindings/_mojolearn_rf.mojo:102:4: warning: doc string summary should end with a period '.', exclamation mark '!', question mark '?', or backtick '`', but this ends with ':'
"""`params` for both fit entry points, in this exact order -- the wrapper
   ^
/Users/andrewhendel/CascadeProjects/mojolearn-trees-gpu/bindings/_mojolearn_rf.mojo:299:7: warning: positional `__getitem__` is deprecated, use `unsafe_offset=` instead
    op[0] = 0
    ~~^~~
<unknown>:0: note: '__getitem__' declared here
/Users/andrewhendel/CascadeProjects/mojolearn-trees-gpu/bindings/_mojolearn_rf.mojo:305:15: warning: positional `__getitem__` is deprecated, use `unsafe_offset=` instead
            cp[total + i] = Int32(node.ColumnId())
            ~~^~~~~~~~~~~
<unknown>:0: note: '__getitem__' declared here
/Users/andrewhendel/CascadeProjects/mojolearn-trees-gpu/bindings/_mojolearn_rf.mojo:306:15: warning: positional `__getitem__` is deprecated, use `unsafe_offset=` instead
            tp[total + i] = node.QueryValue()
            ~~^~~~~~~~~~~
<unknown>:0: note: '__getitem__' declared here
/Users/andrewhendel/CascadeProjects/mojolearn-trees-gpu/bindings/_mojolearn_rf.mojo:307:15: warning: positional `__getitem__` is deprecated, use `unsafe_offset=` instead
            lp[total + i] = Int32(node.LeftChildId())
            ~~^~~~~~~~~~~
<unknown>:0: note: '__getitem__' declared here
/Users/andrewhendel/CascadeProjects/mojolearn-trees-gpu/bindings/_mojolearn_rf.mojo:311:11: warning: positional `__getitem__` is deprecated, use `unsafe_offset=` instead
        op[t + 1] = Int32(total)
        ~~^~~~~~~
<unknown>:0: note: '__getitem__' declared here
/Users/andrewhendel/CascadeProjects/mojolearn-trees-gpu/bindings/_mojolearn_rf.mojo:365:23: warning: positional `__getitem__` is deprecated, use `unsafe_offset=` instead
            var w = wp[i]
                    ~~^~~
<unknown>:0: note: '__getitem__' declared here
/Users/andrewhendel/CascadeProjects/mojolearn-trees-gpu/bindings/_mojolearn_rf.mojo:385:9: warning: 'memcpy' is deprecated, use 'unsafe_memcpy' instead
        memcpy(dest=hy.unsafe_ptr(), src=yp, count=n_rows)
        ^~~~~~
        unsafe_memcpy
<unknown>:0: note: 'memcpy' declared here
/Users/andrewhendel/CascadeProjects/mojolearn-trees-gpu/bindings/_mojolearn_rf.mojo:509:31: warning: positional `__getitem__` is deprecated, use `unsafe_offset=` instead
            var v = Float64(yp[i])
                            ~~^~~
<unknown>:0: note: '__getitem__' declared here
/Users/andrewhendel/CascadeProjects/mojolearn-trees-gpu/bindings/_mojolearn_rf.mojo:551:31: warning: positional `__getitem__` is deprecated, use `unsafe_offset=` instead
        var lo = Int(offsets_p[t])
                     ~~~~~~~~~^~~
<unknown>:0: note: '__getitem__' declared here
/Users/andrewhendel/CascadeProjects/mojolearn-trees-gpu/bindings/_mojolearn_rf.mojo:552:31: warning: positional `__getitem__` is deprecated, use `unsafe_offset=` instead
        var hi = Int(offsets_p[t + 1])
                     ~~~~~~~~~^~~~~~~
<unknown>:0: note: '__getitem__' declared here
/Users/andrewhendel/CascadeProjects/mojolearn-trees-gpu/bindings/_mojolearn_rf.mojo:560:28: warning: positional `__getitem__` is deprecated, use `unsafe_offset=` instead
                    colid_p[i], quesval_p[i], 0.0, Int64(left_p[i]), 0
                    ~~~~~~~^~~
<unknown>:0: note: '__getitem__' declared here
/Users/andrewhendel/CascadeProjects/mojolearn-trees-gpu/bindings/_mojolearn_rf.mojo:560:42: warning: positional `__getitem__` is deprecated, use `unsafe_offset=` instead
                    colid_p[i], quesval_p[i], 0.0, Int64(left_p[i]), 0
                                ~~~~~~~~~^~~
<unknown>:0: note: '__getitem__' declared here
/Users/andrewhendel/CascadeProjects/mojolearn-trees-gpu/bindings/_mojolearn_rf.mojo:560:64: warning: positional `__getitem__` is deprecated, use `unsafe_offset=` instead
                    colid_p[i], quesval_p[i], 0.0, Int64(left_p[i]), 0
                                                         ~~~~~~^~~
<unknown>:0: note: '__getitem__' declared here
/Users/andrewhendel/CascadeProjects/mojolearn-trees-gpu/bindings/_mojolearn_rf.mojo:564:38: warning: positional `__getitem__` is deprecated, use `unsafe_offset=` instead
                vleaf.append(leaves_p[i * num_outputs + k])
                             ~~~~~~~~^~~~~~~~~~~~~~~~~~~~~
<unknown>:0: note: '__getitem__' declared here
/Users/andrewhendel/CascadeProjects/mojolearn-trees-gpu/bindings/_mojolearn_rf.mojo:649:27: warning: positional `__getitem__` is deprecated, use `unsafe_offset=` instead
            rows.append(xp[i])
                        ~~^~~
<unknown>:0: note: '__getitem__' declared here
/Users/andrewhendel/CascadeProjects/mojolearn-trees-gpu/bindings/_mojolearn_rf.mojo:655:15: warning: positional `__getitem__` is deprecated, use `unsafe_offset=` instead
            op[i] = probs[i]
            ~~^~~
<unknown>:0: note: '__getitem__' declared here
/Users/andrewhendel/CascadeProjects/mojolearn-trees-gpu/bindings/_mojolearn_rf.mojo:709:27: warning: positional `__getitem__` is deprecated, use `unsafe_offset=` instead
            rows.append(xp[i])
                        ~~^~~
<unknown>:0: note: '__getitem__' declared here
/Users/andrewhendel/CascadeProjects/mojolearn-trees-gpu/bindings/_mojolearn_rf.mojo:715:15: warning: positional `__getitem__` is deprecated, use `unsafe_offset=` instead
            op[i] = preds[i]
            ~~^~~
<unknown>:0: note: '__getitem__' declared here
/Users/andrewhendel/CascadeProjects/mojolearn-trees-gpu/bindings/_mojolearn_rf.mojo:748:30: warning: positional `__getitem__` is deprecated, use `unsafe_offset=` instead
    var nodes = Int(offsets_p[trees])
                    ~~~~~~~~~^~~~~~~
<unknown>:0: note: '__getitem__' declared here
/Users/andrewhendel/CascadeProjects/mojolearn-trees-gpu/bindings/_mojolearn_rf.mojo:759:37: warning: positional `__getitem__` is deprecated, use `unsafe_offset=` instead
            offsets.append(offsets_p[i])
                           ~~~~~~~~~^~~
<unknown>:0: note: '__getitem__' declared here
/Users/andrewhendel/CascadeProjects/mojolearn-trees-gpu/bindings/_mojolearn_rf.mojo:761:37: warning: positional `__getitem__` is deprecated, use `unsafe_offset=` instead
            columns.append(columns_p[i])
                           ~~~~~~~~~^~~
<unknown>:0: note: '__getitem__' declared here
/Users/andrewhendel/CascadeProjects/mojolearn-trees-gpu/bindings/_mojolearn_rf.mojo:762:43: warning: positional `__getitem__` is deprecated, use `unsafe_offset=` instead
            thresholds.append(thresholds_p[i])
                              ~~~~~~~~~~~~^~~
<unknown>:0: note: '__getitem__' declared here
/Users/andrewhendel/CascadeProjects/mojolearn-trees-gpu/bindings/_mojolearn_rf.mojo:763:31: warning: positional `__getitem__` is deprecated, use `unsafe_offset=` instead
            left.append(left_p[i])
                        ~~~~~~^~~
<unknown>:0: note: '__getitem__' declared here
/Users/andrewhendel/CascadeProjects/mojolearn-trees-gpu/bindings/_mojolearn_rf.mojo:765:35: warning: positional `__getitem__` is deprecated, use `unsafe_offset=` instead
            leaves.append(leaves_p[i])
                          ~~~~~~~~^~~
<unknown>:0: note: '__getitem__' declared here
/Users/andrewhendel/CascadeProjects/mojolearn-trees-gpu/bindings/_mojolearn_rf.mojo:767:25: warning: positional `__getitem__` is deprecated, use `unsafe_offset=` instead
            x.append(x_p[i])
                     ~~~^~~
<unknown>:0: note: '__getitem__' declared here
/Users/andrewhendel/CascadeProjects/mojolearn-trees-gpu/bindings/_mojolearn_rf.mojo:774:18: warning: positional `__getitem__` is deprecated, use `unsafe_offset=` instead
            out_p[i] = result[i]
            ~~~~~^~~
<unknown>:0: note: '__getitem__' declared here
Imported from /Users/andrewhendel/CascadeProjects/mojolearn-trees-gpu/bindings/_mojolearn_rf.mojo:36:
/Users/andrewhendel/CascadeProjects/mojolearn-trees-gpu/bindings/forest_inference_binding.mojo:43:23: warning: positional `__getitem__` is deprecated, use `unsafe_offset=` instead
    var nodes = Int(op[trees])
                    ~~^~~~~~~
<unknown>:0: note: '__getitem__' declared here
Imported from /Users/andrewhendel/CascadeProjects/mojolearn-trees-gpu/bindings/_mojolearn_rf.mojo:36:
/Users/andrewhendel/CascadeProjects/mojolearn-trees-gpu/bindings/forest_inference_binding.mojo:52:26: warning: positional `__getitem__` is deprecated, use `unsafe_offset=` instead
        offsets.append(op[i])
                       ~~^~~
<unknown>:0: note: '__getitem__' declared here
Imported from /Users/andrewhendel/CascadeProjects/mojolearn-trees-gpu/bindings/_mojolearn_rf.mojo:36:
/Users/andrewhendel/CascadeProjects/mojolearn-trees-gpu/bindings/forest_inference_binding.mojo:54:26: warning: positional `__getitem__` is deprecated, use `unsafe_offset=` instead
        columns.append(cp[i])
                       ~~^~~
<unknown>:0: note: '__getitem__' declared here
Imported from /Users/andrewhendel/CascadeProjects/mojolearn-trees-gpu/bindings/_mojolearn_rf.mojo:36:
/Users/andrewhendel/CascadeProjects/mojolearn-trees-gpu/bindings/forest_inference_binding.mojo:55:29: warning: positional `__getitem__` is deprecated, use `unsafe_offset=` instead
        thresholds.append(tp[i])
                          ~~^~~
<unknown>:0: note: '__getitem__' declared here
Imported from /Users/andrewhendel/CascadeProjects/mojolearn-trees-gpu/bindings/_mojolearn_rf.mojo:36:
/Users/andrewhendel/CascadeProjects/mojolearn-trees-gpu/bindings/forest_inference_binding.mojo:56:23: warning: positional `__getitem__` is deprecated, use `unsafe_offset=` instead
        left.append(lp[i])
                    ~~^~~
<unknown>:0: note: '__getitem__' declared here
Imported from /Users/andrewhendel/CascadeProjects/mojolearn-trees-gpu/bindings/_mojolearn_rf.mojo:36:
/Users/andrewhendel/CascadeProjects/mojolearn-trees-gpu/bindings/forest_inference_binding.mojo:58:25: warning: positional `__getitem__` is deprecated, use `unsafe_offset=` instead
        leaves.append(vp[i])
                      ~~^~~
<unknown>:0: note: '__getitem__' declared here
Imported from /Users/andrewhendel/CascadeProjects/mojolearn-trees-gpu/bindings/_mojolearn_rf.mojo:36:
/Users/andrewhendel/CascadeProjects/mojolearn-trees-gpu/bindings/forest_inference_binding.mojo:78:20: warning: positional `__getitem__` is deprecated, use `unsafe_offset=` instead
        x.append(xp[i])
                 ~~^~~
<unknown>:0: note: '__getitem__' declared here
Imported from /Users/andrewhendel/CascadeProjects/mojolearn-trees-gpu/bindings/_mojolearn_rf.mojo:36:
/Users/andrewhendel/CascadeProjects/mojolearn-trees-gpu/bindings/forest_inference_binding.mojo:81:11: warning: positional `__getitem__` is deprecated, use `unsafe_offset=` instead
        op[i] = result[i]
        ~~^~~
<unknown>:0: note: '__getitem__' declared here
Imported from /Users/andrewhendel/CascadeProjects/mojolearn-trees-gpu/bindings/_mojolearn_rf.mojo:259:
/Users/andrewhendel/CascadeProjects/mojolearn-trees-gpu/bindings/forest_export_binding.mojo:93:33: warning: '__add__' is deprecated, use 'unsafe_offset' instead
        memcpy(dest=destination + offset, src=values.unsafe_ptr(), count=len(values))
                    ~~~~~~~~~~~~^~~~~~~~
<unknown>:0: note: '__add__' declared here
Imported from /Users/andrewhendel/CascadeProjects/mojolearn-trees-gpu/bindings/_mojolearn_rf.mojo:259:
/Users/andrewhendel/CascadeProjects/mojolearn-trees-gpu/bindings/forest_export_binding.mojo:93:9: warning: 'memcpy' is deprecated, use 'unsafe_memcpy' instead
        memcpy(dest=destination + offset, src=values.unsafe_ptr(), count=len(values))
        ^~~~~~
        unsafe_memcpy
<unknown>:0: note: 'memcpy' declared here
Imported from /Users/andrewhendel/CascadeProjects/mojolearn-trees-gpu/bindings/_mojolearn_rf.mojo:71:
Imported from ./ensemble/randomforest.mojo:42:
Imported from ./ensemble/instruments.mojo:46:
./core/identity_trace.mojo:248:14: warning: 'UnsafePointer' is deprecated, use 'Pointer' instead
        raw: UnsafePointer[UInt8, o],
             ^~~~~~~~~~~~~
             Pointer
<unknown>:0: note: 'UnsafePointer' declared here
Imported from /Users/andrewhendel/CascadeProjects/mojolearn-trees-gpu/bindings/_mojolearn_rf.mojo:71:
Imported from ./ensemble/randomforest.mojo:42:
Imported from ./ensemble/instruments.mojo:46:
./core/identity_trace.mojo:362:14: warning: 'bitcast' is deprecated, use 'unsafe_bitcast' instead
            p.bitcast[UInt8](),
            ~^~~~~~~~
              unsafe_bitcast
<unknown>:0: note: 'bitcast' declared here
Imported from /Users/andrewhendel/CascadeProjects/mojolearn-trees-gpu/bindings/_mojolearn_rf.mojo:71:
Imported from ./ensemble/randomforest.mojo:42:
Imported from ./ensemble/instruments.mojo:46:
./core/identity_trace.mojo:376:14: warning: 'UnsafePointer' is deprecated, use 'Pointer' instead
        ptr: UnsafePointer[Scalar[dt], o],
             ^~~~~~~~~~~~~
             Pointer
<unknown>:0: note: 'UnsafePointer' declared here
Imported from /Users/andrewhendel/CascadeProjects/mojolearn-trees-gpu/bindings/_mojolearn_rf.mojo:71:
Imported from ./ensemble/randomforest.mojo:42:
Imported from ./ensemble/instruments.mojo:46:
./core/identity_trace.mojo:103:22: warning: 'UnsafePointer' is deprecated, use 'Pointer' instead
](seed: UInt64, ptr: UnsafePointer[UInt8, o], n: Int) -> UInt64:
                     ^~~~~~~~~~~~~
                     Pointer
<unknown>:0: note: 'UnsafePointer' declared here
Imported from /Users/andrewhendel/CascadeProjects/mojolearn-trees-gpu/bindings/_mojolearn_rf.mojo:71:
Imported from ./ensemble/randomforest.mojo:42:
Imported from ./ensemble/instruments.mojo:46:
./core/identity_trace.mojo:386:16: warning: 'bitcast' is deprecated, use 'unsafe_bitcast' instead
            ptr.bitcast[UInt8](),
            ~~~^~~~~~~~
                unsafe_bitcast
<unknown>:0: note: 'bitcast' declared here
Imported from /Users/andrewhendel/CascadeProjects/mojolearn-trees-gpu/bindings/_mojolearn_rf.mojo:41:
./core/forest_inference.mojo:171:5: warning: '@parameter for' is deprecated; use 'comptime for'
    @parameter
    ^~~~~~~~~~
    comptime
Imported from /Users/andrewhendel/CascadeProjects/mojolearn-trees-gpu/bindings/_mojolearn_rf.mojo:41:
./core/forest_inference.mojo:178:13: warning: '@parameter for' is deprecated; use 'comptime for'
            @parameter
            ^~~~~~~~~~
            comptime
Imported from /Users/andrewhendel/CascadeProjects/mojolearn-trees-gpu/bindings/_mojolearn_rf.mojo:41:
./core/forest_inference.mojo:184:5: warning: '@parameter for' is deprecated; use 'comptime for'
    @parameter
    ^~~~~~~~~~
    comptime
Imported from /Users/andrewhendel/CascadeProjects/mojolearn-trees-gpu/bindings/_mojolearn_rf.mojo:41:
./core/forest_inference.mojo:191:13: warning: '@parameter for' is deprecated; use 'comptime for'
            @parameter
            ^~~~~~~~~~
            comptime
Imported from /Users/andrewhendel/CascadeProjects/mojolearn-trees-gpu/bindings/_mojolearn_rf.mojo:41:
./core/forest_inference.mojo:197:9: warning: '@parameter for' is deprecated; use 'comptime for'
        @parameter
        ^~~~~~~~~~
        comptime
/Users/andrewhendel/CascadeProjects/mojolearn-trees-gpu/bindings/_mojolearn_rf.mojo:858:29: warning: unreachable code after function that never returns
        return PythonObject(None)
                            ^
Included from /Users/andrewhendel/CascadeProjects/mojolearn-trees-gpu/bindings/_mojolearn_rf.mojo:55:
./ensemble/decisiontree/batched_levelalgo/objectives.mojo:345:29: warning: unreachable code after compile-time assertion failure
        return Scalar[dtype](0)
                            ^
/Users/andrewhendel/CascadeProjects/mojolearn-trees-gpu/bindings/_mojolearn_rf.mojo:634:17: warning: assignment to 'wrote' was never used; assign to '_' instead?
    var wrote = 0
                ^
/Users/andrewhendel/CascadeProjects/mojolearn-trees-gpu/bindings/_mojolearn_rf.mojo:695:17: warning: assignment to 'wrote' was never used; assign to '_' instead?
    var wrote = 0
                ^
ld: warning: passed two min versions (26.0, 11.0) for platform macOS. Using 11.0.
ld: warning: object file (/private/var/folders/hy/_ylqg90n5lz20fd6tsrwg0cw0000gn/T/mojo_archive-e5ccac8.a) was built for newer 'macOS' version (26.0) than being linked (11.0)
built python/mojolearn/_mojolearn_rf.so (31 AIR blobs, minos 11.0)
