=== attention step price, mode IDENTICAL, column amd, generator shape B1_L2048_nh12_nkv12_hd64_win0 (a file: kind carries its own shape)
trial_hook=True phase_timers_built=False
DEFAULT column=amd arm=baseline source=kernel_matrix.attn_default_arm_for baseline_is_default=True candidate_is_default=False baseline_requested=baseline candidate_requested=stash_tiled_fgrid_r32_qres_pf_kvgrid_r32
baseline=baseline candidate=stash_tiled_fgrid_r32_qres_pf_kvgrid_r32 rounds=7 warmups=2
PATH baseline arm=baseline is_default=True resolved_hd64=baseline zdot_rows=- fwd_rows=- preflush=False reach_bit=sabotage kv_keys=- kv_split=False
PATH candidate arm=stash_tiled_fgrid_r32_qres_pf_kvgrid_r32 is_default=False resolved_hd64=stash_tiled_fgrid_r32_qres_pf_kvgrid_r32 zdot_rows=- fwd_rows=32 preflush=True reach_bit=sabotage_new kv_keys=32 kv_split=False
--- kind hashed
shape=B1_L2048_nh12_nkv12_hd64_win0 visible_cells=25178112 S=2048 key_lo=0 pos0=0
RAN hashed baseline forward=baseline backward=baseline
DIGEST hashed baseline ctx 13ccc93eac28789a amax afaf4c3ad51a2071 denom 461ef8b28777ac11 zdot aba1ca249126f2a9 dq d66200e4f5fecee1 dk cec17a18979026ec dv 1082386d9d9af404
RAN hashed stash_tiled_fgrid_r32_qres_pf_kvgrid_r32 forward=fwd_sstash_fgrid_r32_qres_pf backward=bwd_stash_tiled_pf_kvgrid_r32
DIGEST hashed stash_tiled_fgrid_r32_qres_pf_kvgrid_r32 ctx 13ccc93eac28789a amax afaf4c3ad51a2071 denom 461ef8b28777ac11 zdot aba1ca249126f2a9 dq d66200e4f5fecee1 dk cec17a18979026ec dv 1082386d9d9af404
BITS hashed stash_tiled_fgrid_r32_qres_pf_kvgrid_r32_vs_baseline ctx MATCH 0 of 1572864
BITS hashed stash_tiled_fgrid_r32_qres_pf_kvgrid_r32_vs_baseline amax MATCH 0 of 24576
BITS hashed stash_tiled_fgrid_r32_qres_pf_kvgrid_r32_vs_baseline denom MATCH 0 of 24576
BITS hashed stash_tiled_fgrid_r32_qres_pf_kvgrid_r32_vs_baseline zdot MATCH 0 of 24576
BITS hashed stash_tiled_fgrid_r32_qres_pf_kvgrid_r32_vs_baseline dq MATCH 0 of 1572864
BITS hashed stash_tiled_fgrid_r32_qres_pf_kvgrid_r32_vs_baseline dk MATCH 0 of 1572864
BITS hashed stash_tiled_fgrid_r32_qres_pf_kvgrid_r32_vs_baseline dv MATCH 0 of 1572864
RAN hashed stash_tiled_fgrid_r32_qres_pf_kvgrid_r32+sabotage_new forward=fwd_sstash_fgrid_r32_qres_pf backward=bwd_stash_tiled_pf_kvgrid_r32
BITS hashed stash_tiled_fgrid_r32_qres_pf_kvgrid_r32+sabotage_new_vs_baseline ctx MOVED 1218822 of 1572864
BITS hashed stash_tiled_fgrid_r32_qres_pf_kvgrid_r32+sabotage_new_vs_baseline amax MOVED 14352 of 24576
BITS hashed stash_tiled_fgrid_r32_qres_pf_kvgrid_r32+sabotage_new_vs_baseline denom MOVED 15187 of 24576
BITS hashed stash_tiled_fgrid_r32_qres_pf_kvgrid_r32+sabotage_new_vs_baseline zdot MOVED 22086 of 24576
BITS hashed stash_tiled_fgrid_r32_qres_pf_kvgrid_r32+sabotage_new_vs_baseline dq MOVED 1281154 of 1572864
BITS hashed stash_tiled_fgrid_r32_qres_pf_kvgrid_r32+sabotage_new_vs_baseline dk MOVED 1372506 of 1572864
BITS hashed stash_tiled_fgrid_r32_qres_pf_kvgrid_r32+sabotage_new_vs_baseline dv MOVED 1173396 of 1572864
RAN hashed stash_tiled_fgrid_r32_qres_pf_kvgrid_r32+sabotage_kv forward=fwd_sstash_fgrid_r32_qres_pf backward=bwd_stash_tiled_pf_kvgrid_r32
BITS hashed stash_tiled_fgrid_r32_qres_pf_kvgrid_r32+sabotage_kv_vs_baseline ctx MATCH 0 of 1572864
BITS hashed stash_tiled_fgrid_r32_qres_pf_kvgrid_r32+sabotage_kv_vs_baseline amax MATCH 0 of 24576
BITS hashed stash_tiled_fgrid_r32_qres_pf_kvgrid_r32+sabotage_kv_vs_baseline denom MATCH 0 of 24576
BITS hashed stash_tiled_fgrid_r32_qres_pf_kvgrid_r32+sabotage_kv_vs_baseline zdot MATCH 0 of 24576
BITS hashed stash_tiled_fgrid_r32_qres_pf_kvgrid_r32+sabotage_kv_vs_baseline dq MATCH 0 of 1572864
BITS hashed stash_tiled_fgrid_r32_qres_pf_kvgrid_r32+sabotage_kv_vs_baseline dk MOVED 1388284 of 1572864
BITS hashed stash_tiled_fgrid_r32_qres_pf_kvgrid_r32+sabotage_kv_vs_baseline dv MOVED 1231330 of 1572864
REACH_KV hashed stash_tiled_fgrid_r32_qres_pf_kvgrid_r32 sabotage_flipped_cells=2619614 reach_bit=stash_tiled_fgrid_r32_qres_pf_kvgrid_r32+sabotage_kv dk_moved=1388284 dv_moved=1231330 zdot_moved=0 dq_moved=0 forward_moved=0
RAN hashed stash_tiled_fgrid_r32_qres_pf_kvgrid_r32 (restore) forward=fwd_sstash_fgrid_r32_qres_pf backward=bwd_stash_tiled_pf_kvgrid_r32
BITS hashed stash_tiled_fgrid_r32_qres_pf_kvgrid_r32_restored_vs_baseline ctx MATCH 0 of 1572864
BITS hashed stash_tiled_fgrid_r32_qres_pf_kvgrid_r32_restored_vs_baseline amax MATCH 0 of 24576
BITS hashed stash_tiled_fgrid_r32_qres_pf_kvgrid_r32_restored_vs_baseline denom MATCH 0 of 24576
BITS hashed stash_tiled_fgrid_r32_qres_pf_kvgrid_r32_restored_vs_baseline zdot MATCH 0 of 24576
BITS hashed stash_tiled_fgrid_r32_qres_pf_kvgrid_r32_restored_vs_baseline dq MATCH 0 of 1572864
BITS hashed stash_tiled_fgrid_r32_qres_pf_kvgrid_r32_restored_vs_baseline dk MATCH 0 of 1572864
BITS hashed stash_tiled_fgrid_r32_qres_pf_kvgrid_r32_restored_vs_baseline dv MATCH 0 of 1572864
REACH hashed stash_tiled_fgrid_r32_qres_pf_kvgrid_r32 sabotage_flipped_cells=5097503 clean_restored=True reach_bit=stash_tiled_fgrid_r32_qres_pf_kvgrid_r32+sabotage_new forward_moved=1248361 backward_moved=3849142 amax_denom_moved=29539 ctx_moved_columns_16_up=912964 zdot_moved=22086 dv_moved=1173396
--- kind heavytail
shape=B1_L2048_nh12_nkv12_hd64_win0 visible_cells=25178112 S=2048 key_lo=0 pos0=0
RAN heavytail baseline forward=baseline backward=baseline
DIGEST heavytail baseline ctx aff4e652e9f55718 amax 839832dc27b619dc denom 7cbf2d64fd3477b2 zdot 3b3f30c9c44ac436 dq f46bc57e6248e259 dk 6eefe3816467e38d dv 65573d5a06bdfda8
RAN heavytail stash_tiled_fgrid_r32_qres_pf_kvgrid_r32 forward=fwd_sstash_fgrid_r32_qres_pf backward=bwd_stash_tiled_pf_kvgrid_r32
DIGEST heavytail stash_tiled_fgrid_r32_qres_pf_kvgrid_r32 ctx aff4e652e9f55718 amax 839832dc27b619dc denom 7cbf2d64fd3477b2 zdot 3b3f30c9c44ac436 dq f46bc57e6248e259 dk 6eefe3816467e38d dv 65573d5a06bdfda8
BITS heavytail stash_tiled_fgrid_r32_qres_pf_kvgrid_r32_vs_baseline ctx MATCH 0 of 1572864
BITS heavytail stash_tiled_fgrid_r32_qres_pf_kvgrid_r32_vs_baseline amax MATCH 0 of 24576
BITS heavytail stash_tiled_fgrid_r32_qres_pf_kvgrid_r32_vs_baseline denom MATCH 0 of 24576
BITS heavytail stash_tiled_fgrid_r32_qres_pf_kvgrid_r32_vs_baseline zdot MATCH 0 of 24576
BITS heavytail stash_tiled_fgrid_r32_qres_pf_kvgrid_r32_vs_baseline dq MATCH 0 of 1572864
BITS heavytail stash_tiled_fgrid_r32_qres_pf_kvgrid_r32_vs_baseline dk MATCH 0 of 1572864
BITS heavytail stash_tiled_fgrid_r32_qres_pf_kvgrid_r32_vs_baseline dv MATCH 0 of 1572864
RAN heavytail stash_tiled_fgrid_r32_qres_pf_kvgrid_r32+sabotage_new forward=fwd_sstash_fgrid_r32_qres_pf backward=bwd_stash_tiled_pf_kvgrid_r32
BITS heavytail stash_tiled_fgrid_r32_qres_pf_kvgrid_r32+sabotage_new_vs_baseline ctx MOVED 1319012 of 1572864
BITS heavytail stash_tiled_fgrid_r32_qres_pf_kvgrid_r32+sabotage_new_vs_baseline amax MOVED 14424 of 24576
BITS heavytail stash_tiled_fgrid_r32_qres_pf_kvgrid_r32+sabotage_new_vs_baseline denom MOVED 17032 of 24576
BITS heavytail stash_tiled_fgrid_r32_qres_pf_kvgrid_r32+sabotage_new_vs_baseline zdot MOVED 22764 of 24576
BITS heavytail stash_tiled_fgrid_r32_qres_pf_kvgrid_r32+sabotage_new_vs_baseline dq MOVED 1195083 of 1572864
BITS heavytail stash_tiled_fgrid_r32_qres_pf_kvgrid_r32+sabotage_new_vs_baseline dk MOVED 1408959 of 1572864
BITS heavytail stash_tiled_fgrid_r32_qres_pf_kvgrid_r32+sabotage_new_vs_baseline dv MOVED 1317301 of 1572864
RAN heavytail stash_tiled_fgrid_r32_qres_pf_kvgrid_r32+sabotage_kv forward=fwd_sstash_fgrid_r32_qres_pf backward=bwd_stash_tiled_pf_kvgrid_r32
BITS heavytail stash_tiled_fgrid_r32_qres_pf_kvgrid_r32+sabotage_kv_vs_baseline ctx MATCH 0 of 1572864
BITS heavytail stash_tiled_fgrid_r32_qres_pf_kvgrid_r32+sabotage_kv_vs_baseline amax MATCH 0 of 24576
BITS heavytail stash_tiled_fgrid_r32_qres_pf_kvgrid_r32+sabotage_kv_vs_baseline denom MATCH 0 of 24576
BITS heavytail stash_tiled_fgrid_r32_qres_pf_kvgrid_r32+sabotage_kv_vs_baseline zdot MATCH 0 of 24576
BITS heavytail stash_tiled_fgrid_r32_qres_pf_kvgrid_r32+sabotage_kv_vs_baseline dq MATCH 0 of 1572864
BITS heavytail stash_tiled_fgrid_r32_qres_pf_kvgrid_r32+sabotage_kv_vs_baseline dk MOVED 1379904 of 1572864
BITS heavytail stash_tiled_fgrid_r32_qres_pf_kvgrid_r32+sabotage_kv_vs_baseline dv MOVED 1306569 of 1572864
REACH_KV heavytail stash_tiled_fgrid_r32_qres_pf_kvgrid_r32 sabotage_flipped_cells=2686473 reach_bit=stash_tiled_fgrid_r32_qres_pf_kvgrid_r32+sabotage_kv dk_moved=1379904 dv_moved=1306569 zdot_moved=0 dq_moved=0 forward_moved=0
RAN heavytail stash_tiled_fgrid_r32_qres_pf_kvgrid_r32 (restore) forward=fwd_sstash_fgrid_r32_qres_pf backward=bwd_stash_tiled_pf_kvgrid_r32
BITS heavytail stash_tiled_fgrid_r32_qres_pf_kvgrid_r32_restored_vs_baseline ctx MATCH 0 of 1572864
BITS heavytail stash_tiled_fgrid_r32_qres_pf_kvgrid_r32_restored_vs_baseline amax MATCH 0 of 24576
BITS heavytail stash_tiled_fgrid_r32_qres_pf_kvgrid_r32_restored_vs_baseline denom MATCH 0 of 24576
BITS heavytail stash_tiled_fgrid_r32_qres_pf_kvgrid_r32_restored_vs_baseline zdot MATCH 0 of 24576
BITS heavytail stash_tiled_fgrid_r32_qres_pf_kvgrid_r32_restored_vs_baseline dq MATCH 0 of 1572864
BITS heavytail stash_tiled_fgrid_r32_qres_pf_kvgrid_r32_restored_vs_baseline dk MATCH 0 of 1572864
BITS heavytail stash_tiled_fgrid_r32_qres_pf_kvgrid_r32_restored_vs_baseline dv MATCH 0 of 1572864
REACH heavytail stash_tiled_fgrid_r32_qres_pf_kvgrid_r32 sabotage_flipped_cells=5294575 clean_restored=True reach_bit=stash_tiled_fgrid_r32_qres_pf_kvgrid_r32+sabotage_new forward_moved=1350468 backward_moved=3944107 amax_denom_moved=31456 ctx_moved_columns_16_up=989046 zdot_moved=22764 dv_moved=1317301
attention_step_price: PASS (stash_tiled_fgrid_r32_qres_pf_kvgrid_r32 vs baseline)
