# knn n_index=10 n_queries=3 d=1 k=3 method=2 sqrt=True metric=L2SqrtExpanded metric_arg=2.0
# format: mojolearn-identity-trace v1
0	knn.index_norm	f32	10	911752d76e937592
1	knn.query_norm	f32	3	688e50af41788fe1
2	knn.out_dist	f32	9	c78efadda9b76e46
3	knn.out_idx	u32	9	400013a060178932
4	knn.sorted_dist	f32	9	c78efadda9b76e46
5	knn.sorted_idx	u32	9	400013a060178932
# knn n_index=10 n_queries=3 d=1 k=3 method=2 sqrt=True metric=L2SqrtExpanded metric_arg=2.0
# format: mojolearn-identity-trace v1
0	knn.index_norm	f32	10	911752d76e937592
1	knn.query_norm	f32	3	688e50af41788fe1
2	knn.out_dist	f32	9	c78efadda9b76e46
3	knn.out_idx	u32	9	400013a060178932
4	knn.sorted_dist	f32	9	c78efadda9b76e46
5	knn.sorted_idx	u32	9	400013a060178932
# knn n_index=10 n_queries=3 d=1 k=3 method=2 sqrt=True metric=L2SqrtExpanded metric_arg=2.0
# format: mojolearn-identity-trace v1
0	knn.index_norm	f32	10	911752d76e937592
1	knn.query_norm	f32	3	688e50af41788fe1
2	knn.out_dist	f32	9	c78efadda9b76e46
3	knn.out_idx	u32	9	400013a060178932
4	knn.sorted_dist	f32	9	c78efadda9b76e46
5	knn.sorted_idx	u32	9	400013a060178932
# knn n_index=10 n_queries=3 d=1 k=3 method=2 sqrt=True metric=L2SqrtExpanded metric_arg=2.0
# format: mojolearn-identity-trace v1
0	knn.index_norm	f32	10	911752d76e937592
1	knn.query_norm	f32	3	688e50af41788fe1
2	knn.out_dist	f32	9	c78efadda9b76e46
3	knn.out_idx	u32	9	400013a060178932
4	knn.sorted_dist	f32	9	c78efadda9b76e46
5	knn.sorted_idx	u32	9	400013a060178932
