1663 external/tcmalloc+/tcmalloc/internal/system_allocator.h:713] Warning: Unable to mbind memory (errno=1, base=0x394900000000, nodemask=2)
== bench/gemm_step_price_main.mojo [IDENTICAL] arm=shipped trial=True column=2 rounds=11 warmups=2 controls=False ==
DEFAULT gemm column=2 block_parallelism_row=132 ksplit_default=on trial_ksplit_S=132 shipped=[shipped DEFAULT kpack_hg body (DEVIATION 2707, kernel body row 1: padded aligned page, gather staging, hardware fold flush) on every call the TUNED 128x128 plan serves, ksplit groups (block parallelism row S=132 slack=4) where the group rule takes the call, else all leaves; other calls choose_gemm_plan's plan]
CLASS_FLUSH enabled=False
PLANLABEL arm=shipped label=shipped: default=kpack_hg body (2707) at ksplit(S=132) groups
timing=host-synchronized median ms; raw samples below; the BITS pass is not a warmup
TABLE call | op | m x n x k | per step | shipped plan (ran) | arm geometry | shipped launched blocks | arm blocks | shipped median ms | arm median ms | ratio | arm launched blocks | group leaves | shipped group leaves
BITS proj_fwd EQUAL cells=1572864 digest=0xdd3c876b6b377944
SAMPLE proj_fwd round=0 arm_first=False shipped_ns=249636 arm_ns=250011
SAMPLE proj_fwd round=1 arm_first=True shipped_ns=248988 arm_ns=249822
SAMPLE proj_fwd round=2 arm_first=False shipped_ns=249402 arm_ns=249833
SAMPLE proj_fwd round=3 arm_first=True shipped_ns=248793 arm_ns=249504
SAMPLE proj_fwd round=4 arm_first=False shipped_ns=248796 arm_ns=250384
SAMPLE proj_fwd round=5 arm_first=True shipped_ns=249134 arm_ns=249481
SAMPLE proj_fwd round=6 arm_first=False shipped_ns=249266 arm_ns=249023
SAMPLE proj_fwd round=7 arm_first=True shipped_ns=248565 arm_ns=250451
SAMPLE proj_fwd round=8 arm_first=False shipped_ns=248984 arm_ns=249244
SAMPLE proj_fwd round=9 arm_first=True shipped_ns=249220 arm_ns=250150
SAMPLE proj_fwd round=10 arm_first=False shipped_ns=248102 arm_ns=249043
PRICE gemm shipped proj_fwd shipped_ms=0.248988 arm_ms=0.249822 ratio=1.0033495590148922 shipped_tflops=9.702953973685478 arm_tflops=9.670561856041502 shipped_launched_blocks=576 shipped_group_leaves=1 arm_launched_blocks=576 group_leaves=1 choose_plan=[TUNED 128x128 reg8x8 KS=16 fold=16 local tpb=256 hwftz=True (1-D grid, no swizzle)] shipped_plan=[DEFAULT kpack_hg body (DEVIATION 2707) kpack_hg 128x128 reg8x8 TC=16 KS=16 page=packed(group,step,line) pad=4 align=16 fold_flush=hw stage=gather page_bytes=16896 pages=2 load=per-step fold=lane-wide local FS=16 tpb=256 hwftz=True groups where its rule takes the call (S=132 slack=4), else all leaves in one launch leaves_per_group=1 groups=6] geometry=[shipped DEFAULT kpack_hg body (DEVIATION 2707, kernel body row 1: padded aligned page, gather staging, hardware fold flush) on every call the TUNED 128x128 plan serves, ksplit groups (block parallelism row S=132 slack=4) where the group rule takes the call, else all leaves; other calls choose_gemm_plan's plan]
TABLE proj_fwd | NT | 2048 x 768 x 768 | 48 | DEFAULT kpack_hg body (DEVIATION 2707) kpack_hg 128x128 reg8x8 TC=16 KS=16 page=packed(group,step,line) pad=4 align=16 fold_flush=hw stage=gather page_bytes=16896 pages=2 load=per-step fold=lane-wide local FS=16 tpb=256 hwftz=True groups where its rule takes the call (S=132 slack=4), else all leaves in one launch leaves_per_group=1 groups=6 | shipped DEFAULT kpack_hg body (DEVIATION 2707, kernel body row 1: padded aligned page, gather staging, hardware fold flush) on every call the TUNED 128x128 plan serves, ksplit groups (block parallelism row S=132 slack=4) where the group rule takes the call, else all leaves; other calls choose_gemm_plan's plan | 576 | 96 | 0.248988 | 0.249822 | 1.0033495590148922 | 576 | 1 | 1
PHASEBITS proj_fwd EQUAL cells=1572864 phase_of=shipped_default_kpack_hg
PHASE gemm shipped proj_fwd phase_of=shipped_default_kpack_hg group_leaves=1 groups=6 launched_blocks=576 alloc_ms=0.003013 group_ms=0.190628 fold_ms=0.060264 sum_ms=0.253963 arm_ms=0.249822 shipped_ms=0.248988 (each phase host-synchronized; medians over 11 rounds)
BITS proj_dA EQUAL cells=1572864 digest=0x4a06fac1f8e83213
SAMPLE proj_dA round=0 arm_first=False shipped_ns=248885 arm_ns=249605
SAMPLE proj_dA round=1 arm_first=True shipped_ns=248753 arm_ns=249258
SAMPLE proj_dA round=2 arm_first=False shipped_ns=248153 arm_ns=249218
SAMPLE proj_dA round=3 arm_first=True shipped_ns=248641 arm_ns=249374
SAMPLE proj_dA round=4 arm_first=False shipped_ns=248806 arm_ns=249395
SAMPLE proj_dA round=5 arm_first=True shipped_ns=249096 arm_ns=250393
SAMPLE proj_dA round=6 arm_first=False shipped_ns=251381 arm_ns=255208
SAMPLE proj_dA round=7 arm_first=True shipped_ns=251079 arm_ns=251390
SAMPLE proj_dA round=8 arm_first=False shipped_ns=251974 arm_ns=251250
SAMPLE proj_dA round=9 arm_first=True shipped_ns=253177 arm_ns=255984
SAMPLE proj_dA round=10 arm_first=False shipped_ns=252445 arm_ns=251122
PRICE gemm shipped proj_dA shipped_ms=0.249096 arm_ms=0.250393 ratio=1.0052068278896489 shipped_tflops=9.698747085461028 arm_tflops=9.648508959915015 shipped_launched_blocks=576 shipped_group_leaves=1 arm_launched_blocks=576 group_leaves=1 choose_plan=[TUNED 128x128 reg8x8 KS=16 fold=16 local tpb=256 hwftz=True (1-D grid, no swizzle)] shipped_plan=[DEFAULT kpack_hg body (DEVIATION 2707) kpack_hg 128x128 reg8x8 TC=16 KS=16 page=packed(group,step,line) pad=4 align=16 fold_flush=hw stage=gather page_bytes=16896 pages=2 load=per-step fold=lane-wide local FS=16 tpb=256 hwftz=True groups where its rule takes the call (S=132 slack=4), else all leaves in one launch leaves_per_group=1 groups=6] geometry=[shipped DEFAULT kpack_hg body (DEVIATION 2707, kernel body row 1: padded aligned page, gather staging, hardware fold flush) on every call the TUNED 128x128 plan serves, ksplit groups (block parallelism row S=132 slack=4) where the group rule takes the call, else all leaves; other calls choose_gemm_plan's plan]
TABLE proj_dA | NN | 2048 x 768 x 768 | 48 | DEFAULT kpack_hg body (DEVIATION 2707) kpack_hg 128x128 reg8x8 TC=16 KS=16 page=packed(group,step,line) pad=4 align=16 fold_flush=hw stage=gather page_bytes=16896 pages=2 load=per-step fold=lane-wide local FS=16 tpb=256 hwftz=True groups where its rule takes the call (S=132 slack=4), else all leaves in one launch leaves_per_group=1 groups=6 | shipped DEFAULT kpack_hg body (DEVIATION 2707, kernel body row 1: padded aligned page, gather staging, hardware fold flush) on every call the TUNED 128x128 plan serves, ksplit groups (block parallelism row S=132 slack=4) where the group rule takes the call, else all leaves; other calls choose_gemm_plan's plan | 576 | 96 | 0.249096 | 0.250393 | 1.0052068278896489 | 576 | 1 | 1
PHASEBITS proj_dA EQUAL cells=1572864 phase_of=shipped_default_kpack_hg
PHASE gemm shipped proj_dA phase_of=shipped_default_kpack_hg group_leaves=1 groups=6 launched_blocks=576 alloc_ms=0.003009 group_ms=0.190135 fold_ms=0.060016 sum_ms=0.253156 arm_ms=0.250393 shipped_ms=0.249096 (each phase host-synchronized; medians over 11 rounds)
BITS proj_dB EQUAL cells=589824 digest=0x1da75dd594f0934a
SAMPLE proj_dB round=0 arm_first=False shipped_ns=240748 arm_ns=242905
SAMPLE proj_dB round=1 arm_first=True shipped_ns=239860 arm_ns=241090
SAMPLE proj_dB round=2 arm_first=False shipped_ns=239813 arm_ns=241701
SAMPLE proj_dB round=3 arm_first=True shipped_ns=239906 arm_ns=240202
SAMPLE proj_dB round=4 arm_first=False shipped_ns=240236 arm_ns=240980
SAMPLE proj_dB round=5 arm_first=True shipped_ns=240465 arm_ns=239284
SAMPLE proj_dB round=6 arm_first=False shipped_ns=240928 arm_ns=240899
SAMPLE proj_dB round=7 arm_first=True shipped_ns=239481 arm_ns=240381
SAMPLE proj_dB round=8 arm_first=False shipped_ns=239973 arm_ns=239657
SAMPLE proj_dB round=9 arm_first=True shipped_ns=240304 arm_ns=241766
SAMPLE proj_dB round=10 arm_first=False shipped_ns=240017 arm_ns=239477
PRICE gemm shipped proj_dB shipped_ms=0.240017 arm_ms=0.240899 ratio=1.0036747397059376 shipped_tflops=10.065616618822833 arm_tflops=10.028763523302297 shipped_launched_blocks=576 shipped_group_leaves=1 arm_launched_blocks=576 group_leaves=1 choose_plan=[TUNED 128x128 reg8x8 KS=16 fold=16 local tpb=256 hwftz=True (1-D grid, no swizzle)] shipped_plan=[DEFAULT kpack_hg body (DEVIATION 2707) kpack_hg 128x128 reg8x8 TC=16 KS=16 page=packed(group,step,line) pad=4 align=16 fold_flush=hw stage=gather page_bytes=16896 pages=2 load=per-step fold=lane-wide local FS=16 tpb=256 hwftz=True groups where its rule takes the call (S=132 slack=4), else all leaves in one launch leaves_per_group=1 groups=16] geometry=[shipped DEFAULT kpack_hg body (DEVIATION 2707, kernel body row 1: padded aligned page, gather staging, hardware fold flush) on every call the TUNED 128x128 plan serves, ksplit groups (block parallelism row S=132 slack=4) where the group rule takes the call, else all leaves; other calls choose_gemm_plan's plan]
TABLE proj_dB | TN | 768 x 768 x 2048 | 48 | DEFAULT kpack_hg body (DEVIATION 2707) kpack_hg 128x128 reg8x8 TC=16 KS=16 page=packed(group,step,line) pad=4 align=16 fold_flush=hw stage=gather page_bytes=16896 pages=2 load=per-step fold=lane-wide local FS=16 tpb=256 hwftz=True groups where its rule takes the call (S=132 slack=4), else all leaves in one launch leaves_per_group=1 groups=16 | shipped DEFAULT kpack_hg body (DEVIATION 2707, kernel body row 1: padded aligned page, gather staging, hardware fold flush) on every call the TUNED 128x128 plan serves, ksplit groups (block parallelism row S=132 slack=4) where the group rule takes the call, else all leaves; other calls choose_gemm_plan's plan | 576 | 36 | 0.240017 | 0.240899 | 1.0036747397059376 | 576 | 1 | 1
PHASEBITS proj_dB EQUAL cells=589824 phase_of=shipped_default_kpack_hg
PHASE gemm shipped proj_dB phase_of=shipped_default_kpack_hg group_leaves=1 groups=16 launched_blocks=576 alloc_ms=0.003004 group_ms=0.190726 fold_ms=0.050541 sum_ms=0.244435 arm_ms=0.240899 shipped_ms=0.240017 (each phase host-synchronized; medians over 11 rounds)
BITS gateup_fwd EQUAL cells=4194304 digest=0xe05cc5aa93a62891
SAMPLE gateup_fwd round=0 arm_first=False shipped_ns=442894 arm_ns=441233
SAMPLE gateup_fwd round=1 arm_first=True shipped_ns=442769 arm_ns=442125
SAMPLE gateup_fwd round=2 arm_first=False shipped_ns=442106 arm_ns=441743
SAMPLE gateup_fwd round=3 arm_first=True shipped_ns=441824 arm_ns=443364
SAMPLE gateup_fwd round=4 arm_first=False shipped_ns=443508 arm_ns=443312
SAMPLE gateup_fwd round=5 arm_first=True shipped_ns=442236 arm_ns=441270
SAMPLE gateup_fwd round=6 arm_first=False shipped_ns=442808 arm_ns=442493
SAMPLE gateup_fwd round=7 arm_first=True shipped_ns=442052 arm_ns=442663
SAMPLE gateup_fwd round=8 arm_first=False shipped_ns=441496 arm_ns=441993
SAMPLE gateup_fwd round=9 arm_first=True shipped_ns=443002 arm_ns=443036
SAMPLE gateup_fwd round=10 arm_first=False shipped_ns=442405 arm_ns=442940
PRICE gemm shipped gateup_fwd shipped_ms=0.442405 arm_ms=0.442493 ratio=1.0001989127609319 shipped_tflops=14.562337550434556 arm_tflops=14.559441491729812 shipped_launched_blocks=256 shipped_group_leaves=0 arm_launched_blocks=256 group_leaves=0 choose_plan=[TUNED 128x128 reg8x8 KS=16 fold=16 local tpb=256 hwftz=True (1-D grid, no swizzle)] shipped_plan=[DEFAULT kpack_hg body (DEVIATION 2707) kpack_hg 128x128 reg8x8 TC=16 KS=16 page=packed(group,step,line) pad=4 align=16 fold_flush=hw stage=gather page_bytes=16896 pages=2 load=per-step fold=lane-wide local FS=16 tpb=256 hwftz=True groups where its rule takes the call (S=132 slack=4), else all leaves in one launch all leaves in one launch] geometry=[shipped DEFAULT kpack_hg body (DEVIATION 2707, kernel body row 1: padded aligned page, gather staging, hardware fold flush) on every call the TUNED 128x128 plan serves, ksplit groups (block parallelism row S=132 slack=4) where the group rule takes the call, else all leaves; other calls choose_gemm_plan's plan]
TABLE gateup_fwd | NT | 2048 x 2048 x 768 | 24 | DEFAULT kpack_hg body (DEVIATION 2707) kpack_hg 128x128 reg8x8 TC=16 KS=16 page=packed(group,step,line) pad=4 align=16 fold_flush=hw stage=gather page_bytes=16896 pages=2 load=per-step fold=lane-wide local FS=16 tpb=256 hwftz=True groups where its rule takes the call (S=132 slack=4), else all leaves in one launch all leaves in one launch | shipped DEFAULT kpack_hg body (DEVIATION 2707, kernel body row 1: padded aligned page, gather staging, hardware fold flush) on every call the TUNED 128x128 plan serves, ksplit groups (block parallelism row S=132 slack=4) where the group rule takes the call, else all leaves; other calls choose_gemm_plan's plan | 256 | 256 | 0.442405 | 0.442493 | 1.0001989127609319 | 256 | 0 | 0
BITS gateup_dA EQUAL cells=1572864 digest=0x46dcce99fe75e276
SAMPLE gateup_dA round=0 arm_first=False shipped_ns=509846 arm_ns=506912
SAMPLE gateup_dA round=1 arm_first=True shipped_ns=506685 arm_ns=507404
SAMPLE gateup_dA round=2 arm_first=False shipped_ns=508104 arm_ns=507797
SAMPLE gateup_dA round=3 arm_first=True shipped_ns=506168 arm_ns=507924
SAMPLE gateup_dA round=4 arm_first=False shipped_ns=508158 arm_ns=508042
SAMPLE gateup_dA round=5 arm_first=True shipped_ns=508035 arm_ns=506769
SAMPLE gateup_dA round=6 arm_first=False shipped_ns=506674 arm_ns=508060
SAMPLE gateup_dA round=7 arm_first=True shipped_ns=506835 arm_ns=507399
SAMPLE gateup_dA round=8 arm_first=False shipped_ns=506937 arm_ns=506409
SAMPLE gateup_dA round=9 arm_first=True shipped_ns=505701 arm_ns=507797
SAMPLE gateup_dA round=10 arm_first=False shipped_ns=508721 arm_ns=506780
PRICE gemm shipped gateup_dA shipped_ms=0.506937 arm_ms=0.507404 ratio=1.00092121900749 shipped_tflops=12.708583007355944 arm_tflops=12.696886394273598 shipped_launched_blocks=768 shipped_group_leaves=2 arm_launched_blocks=768 group_leaves=2 choose_plan=[TUNED 128x128 reg8x8 KS=16 fold=16 local tpb=256 hwftz=True (1-D grid, no swizzle)] shipped_plan=[DEFAULT kpack_hg body (DEVIATION 2707) kpack_hg 128x128 reg8x8 TC=16 KS=16 page=packed(group,step,line) pad=4 align=16 fold_flush=hw stage=gather page_bytes=16896 pages=2 load=per-step fold=lane-wide local FS=16 tpb=256 hwftz=True groups where its rule takes the call (S=132 slack=4), else all leaves in one launch leaves_per_group=2 groups=8] geometry=[shipped DEFAULT kpack_hg body (DEVIATION 2707, kernel body row 1: padded aligned page, gather staging, hardware fold flush) on every call the TUNED 128x128 plan serves, ksplit groups (block parallelism row S=132 slack=4) where the group rule takes the call, else all leaves; other calls choose_gemm_plan's plan]
TABLE gateup_dA | NN | 2048 x 768 x 2048 | 24 | DEFAULT kpack_hg body (DEVIATION 2707) kpack_hg 128x128 reg8x8 TC=16 KS=16 page=packed(group,step,line) pad=4 align=16 fold_flush=hw stage=gather page_bytes=16896 pages=2 load=per-step fold=lane-wide local FS=16 tpb=256 hwftz=True groups where its rule takes the call (S=132 slack=4), else all leaves in one launch leaves_per_group=2 groups=8 | shipped DEFAULT kpack_hg body (DEVIATION 2707, kernel body row 1: padded aligned page, gather staging, hardware fold flush) on every call the TUNED 128x128 plan serves, ksplit groups (block parallelism row S=132 slack=4) where the group rule takes the call, else all leaves; other calls choose_gemm_plan's plan | 768 | 96 | 0.506937 | 0.507404 | 1.00092121900749 | 768 | 2 | 2
PHASEBITS gateup_dA EQUAL cells=1572864 phase_of=shipped_default_kpack_hg
PHASE gemm shipped gateup_dA phase_of=shipped_default_kpack_hg group_leaves=2 groups=8 launched_blocks=768 alloc_ms=0.003018 group_ms=0.438472 fold_ms=0.069547 sum_ms=0.511108 arm_ms=0.507404 shipped_ms=0.506937 (each phase host-synchronized; medians over 11 rounds)
BITS gateup_dB EQUAL cells=1572864 digest=0xb0d0047e75bc15a7
SAMPLE gateup_dB round=0 arm_first=False shipped_ns=503024 arm_ns=502406
SAMPLE gateup_dB round=1 arm_first=True shipped_ns=504431 arm_ns=503772
SAMPLE gateup_dB round=2 arm_first=False shipped_ns=503749 arm_ns=502523
SAMPLE gateup_dB round=3 arm_first=True shipped_ns=502536 arm_ns=503568
SAMPLE gateup_dB round=4 arm_first=False shipped_ns=503592 arm_ns=503226
SAMPLE gateup_dB round=5 arm_first=True shipped_ns=502560 arm_ns=503149
SAMPLE gateup_dB round=6 arm_first=False shipped_ns=503040 arm_ns=502952
SAMPLE gateup_dB round=7 arm_first=True shipped_ns=503438 arm_ns=502667
SAMPLE gateup_dB round=8 arm_first=False shipped_ns=503164 arm_ns=502135
SAMPLE gateup_dB round=9 arm_first=True shipped_ns=503636 arm_ns=502672
SAMPLE gateup_dB round=10 arm_first=False shipped_ns=502819 arm_ns=501447
PRICE gemm shipped gateup_dB shipped_ms=0.503164 arm_ms=0.502672 ratio=0.999022187596887 shipped_tflops=12.803878942054679 arm_tflops=12.816410987681829 shipped_launched_blocks=768 shipped_group_leaves=2 arm_launched_blocks=768 group_leaves=2 choose_plan=[TUNED 128x128 reg8x8 KS=16 fold=16 local tpb=256 hwftz=True (1-D grid, no swizzle)] shipped_plan=[DEFAULT kpack_hg body (DEVIATION 2707) kpack_hg 128x128 reg8x8 TC=16 KS=16 page=packed(group,step,line) pad=4 align=16 fold_flush=hw stage=gather page_bytes=16896 pages=2 load=per-step fold=lane-wide local FS=16 tpb=256 hwftz=True groups where its rule takes the call (S=132 slack=4), else all leaves in one launch leaves_per_group=2 groups=8] geometry=[shipped DEFAULT kpack_hg body (DEVIATION 2707, kernel body row 1: padded aligned page, gather staging, hardware fold flush) on every call the TUNED 128x128 plan serves, ksplit groups (block parallelism row S=132 slack=4) where the group rule takes the call, else all leaves; other calls choose_gemm_plan's plan]
TABLE gateup_dB | TN | 2048 x 768 x 2048 | 24 | DEFAULT kpack_hg body (DEVIATION 2707) kpack_hg 128x128 reg8x8 TC=16 KS=16 page=packed(group,step,line) pad=4 align=16 fold_flush=hw stage=gather page_bytes=16896 pages=2 load=per-step fold=lane-wide local FS=16 tpb=256 hwftz=True groups where its rule takes the call (S=132 slack=4), else all leaves in one launch leaves_per_group=2 groups=8 | shipped DEFAULT kpack_hg body (DEVIATION 2707, kernel body row 1: padded aligned page, gather staging, hardware fold flush) on every call the TUNED 128x128 plan serves, ksplit groups (block parallelism row S=132 slack=4) where the group rule takes the call, else all leaves; other calls choose_gemm_plan's plan | 768 | 96 | 0.503164 | 0.502672 | 0.999022187596887 | 768 | 2 | 2
PHASEBITS gateup_dB EQUAL cells=1572864 phase_of=shipped_default_kpack_hg
PHASE gemm shipped gateup_dB phase_of=shipped_default_kpack_hg group_leaves=2 groups=8 launched_blocks=768 alloc_ms=0.003036 group_ms=0.434947 fold_ms=0.069504 sum_ms=0.50741 arm_ms=0.502672 shipped_ms=0.503164 (each phase host-synchronized; medians over 11 rounds)
BITS down_fwd EQUAL cells=1572864 digest=0x63592259bcb93a54
SAMPLE down_fwd round=0 arm_first=False shipped_ns=510439 arm_ns=510342
SAMPLE down_fwd round=1 arm_first=True shipped_ns=510477 arm_ns=509988
SAMPLE down_fwd round=2 arm_first=False shipped_ns=514068 arm_ns=512215
SAMPLE down_fwd round=3 arm_first=True shipped_ns=509712 arm_ns=509710
SAMPLE down_fwd round=4 arm_first=False shipped_ns=510884 arm_ns=511605
SAMPLE down_fwd round=5 arm_first=True shipped_ns=510293 arm_ns=510132
SAMPLE down_fwd round=6 arm_first=False shipped_ns=509942 arm_ns=510642
SAMPLE down_fwd round=7 arm_first=True shipped_ns=510481 arm_ns=510449
SAMPLE down_fwd round=8 arm_first=False shipped_ns=511221 arm_ns=510098
SAMPLE down_fwd round=9 arm_first=True shipped_ns=510183 arm_ns=512554
SAMPLE down_fwd round=10 arm_first=False shipped_ns=510047 arm_ns=510688
PRICE gemm shipped down_fwd shipped_ms=0.510439 arm_ms=0.510449 ratio=1.0000195909795295 shipped_tflops=12.621392456297423 arm_tflops=12.621145195700255 shipped_launched_blocks=768 shipped_group_leaves=2 arm_launched_blocks=768 group_leaves=2 choose_plan=[TUNED 128x128 reg8x8 KS=16 fold=16 local tpb=256 hwftz=True (1-D grid, no swizzle)] shipped_plan=[DEFAULT kpack_hg body (DEVIATION 2707) kpack_hg 128x128 reg8x8 TC=16 KS=16 page=packed(group,step,line) pad=4 align=16 fold_flush=hw stage=gather page_bytes=16896 pages=2 load=per-step fold=lane-wide local FS=16 tpb=256 hwftz=True groups where its rule takes the call (S=132 slack=4), else all leaves in one launch leaves_per_group=2 groups=8] geometry=[shipped DEFAULT kpack_hg body (DEVIATION 2707, kernel body row 1: padded aligned page, gather staging, hardware fold flush) on every call the TUNED 128x128 plan serves, ksplit groups (block parallelism row S=132 slack=4) where the group rule takes the call, else all leaves; other calls choose_gemm_plan's plan]
TABLE down_fwd | NT | 2048 x 768 x 2048 | 12 | DEFAULT kpack_hg body (DEVIATION 2707) kpack_hg 128x128 reg8x8 TC=16 KS=16 page=packed(group,step,line) pad=4 align=16 fold_flush=hw stage=gather page_bytes=16896 pages=2 load=per-step fold=lane-wide local FS=16 tpb=256 hwftz=True groups where its rule takes the call (S=132 slack=4), else all leaves in one launch leaves_per_group=2 groups=8 | shipped DEFAULT kpack_hg body (DEVIATION 2707, kernel body row 1: padded aligned page, gather staging, hardware fold flush) on every call the TUNED 128x128 plan serves, ksplit groups (block parallelism row S=132 slack=4) where the group rule takes the call, else all leaves; other calls choose_gemm_plan's plan | 768 | 96 | 0.510439 | 0.510449 | 1.0000195909795295 | 768 | 2 | 2
PHASEBITS down_fwd EQUAL cells=1572864 phase_of=shipped_default_kpack_hg
PHASE gemm shipped down_fwd phase_of=shipped_default_kpack_hg group_leaves=2 groups=8 launched_blocks=768 alloc_ms=0.003023 group_ms=0.442923 fold_ms=0.069474 sum_ms=0.516 arm_ms=0.510449 shipped_ms=0.510439 (each phase host-synchronized; medians over 11 rounds)
BITS down_dA EQUAL cells=4194304 digest=0x5b61bc9fe00905
SAMPLE down_dA round=0 arm_first=False shipped_ns=440770 arm_ns=440974
SAMPLE down_dA round=1 arm_first=True shipped_ns=439494 arm_ns=440515
SAMPLE down_dA round=2 arm_first=False shipped_ns=440966 arm_ns=439766
SAMPLE down_dA round=3 arm_first=True shipped_ns=443113 arm_ns=440824
SAMPLE down_dA round=4 arm_first=False shipped_ns=440200 arm_ns=439681
SAMPLE down_dA round=5 arm_first=True shipped_ns=440389 arm_ns=439718
SAMPLE down_dA round=6 arm_first=False shipped_ns=440367 arm_ns=440385
SAMPLE down_dA round=7 arm_first=True shipped_ns=439403 arm_ns=440015
SAMPLE down_dA round=8 arm_first=False shipped_ns=440408 arm_ns=439900
SAMPLE down_dA round=9 arm_first=True shipped_ns=440409 arm_ns=440585
SAMPLE down_dA round=10 arm_first=False shipped_ns=439480 arm_ns=440171
PRICE gemm shipped down_dA shipped_ms=0.440389 arm_ms=0.440171 ratio=0.9995049830944914 shipped_tflops=14.629000597199294 arm_tflops=14.636245786296689 shipped_launched_blocks=256 shipped_group_leaves=0 arm_launched_blocks=256 group_leaves=0 choose_plan=[TUNED 128x128 reg8x8 KS=16 fold=16 local tpb=256 hwftz=True (1-D grid, no swizzle)] shipped_plan=[DEFAULT kpack_hg body (DEVIATION 2707) kpack_hg 128x128 reg8x8 TC=16 KS=16 page=packed(group,step,line) pad=4 align=16 fold_flush=hw stage=gather page_bytes=16896 pages=2 load=per-step fold=lane-wide local FS=16 tpb=256 hwftz=True groups where its rule takes the call (S=132 slack=4), else all leaves in one launch all leaves in one launch] geometry=[shipped DEFAULT kpack_hg body (DEVIATION 2707, kernel body row 1: padded aligned page, gather staging, hardware fold flush) on every call the TUNED 128x128 plan serves, ksplit groups (block parallelism row S=132 slack=4) where the group rule takes the call, else all leaves; other calls choose_gemm_plan's plan]
TABLE down_dA | NN | 2048 x 2048 x 768 | 12 | DEFAULT kpack_hg body (DEVIATION 2707) kpack_hg 128x128 reg8x8 TC=16 KS=16 page=packed(group,step,line) pad=4 align=16 fold_flush=hw stage=gather page_bytes=16896 pages=2 load=per-step fold=lane-wide local FS=16 tpb=256 hwftz=True groups where its rule takes the call (S=132 slack=4), else all leaves in one launch all leaves in one launch | shipped DEFAULT kpack_hg body (DEVIATION 2707, kernel body row 1: padded aligned page, gather staging, hardware fold flush) on every call the TUNED 128x128 plan serves, ksplit groups (block parallelism row S=132 slack=4) where the group rule takes the call, else all leaves; other calls choose_gemm_plan's plan | 256 | 256 | 0.440389 | 0.440171 | 0.9995049830944914 | 256 | 0 | 0
BITS down_dB EQUAL cells=1572864 digest=0xa58e713f45edd8ed
SAMPLE down_dB round=0 arm_first=False shipped_ns=497464 arm_ns=499615
SAMPLE down_dB round=1 arm_first=True shipped_ns=496952 arm_ns=497618
SAMPLE down_dB round=2 arm_first=False shipped_ns=498467 arm_ns=497025
SAMPLE down_dB round=3 arm_first=True shipped_ns=496845 arm_ns=497613
SAMPLE down_dB round=4 arm_first=False shipped_ns=497001 arm_ns=497597
SAMPLE down_dB round=5 arm_first=True shipped_ns=496791 arm_ns=499689
SAMPLE down_dB round=6 arm_first=False shipped_ns=497350 arm_ns=497386
SAMPLE down_dB round=7 arm_first=True shipped_ns=497162 arm_ns=500329
SAMPLE down_dB round=8 arm_first=False shipped_ns=497356 arm_ns=497797
SAMPLE down_dB round=9 arm_first=True shipped_ns=496661 arm_ns=498480
SAMPLE down_dB round=10 arm_first=False shipped_ns=496738 arm_ns=497812
PRICE gemm shipped down_dB shipped_ms=0.497001 arm_ms=0.497797 ratio=1.0016016064353994 shipped_tflops=12.962651873939892 arm_tflops=12.941924005166765 shipped_launched_blocks=768 shipped_group_leaves=2 arm_launched_blocks=768 group_leaves=2 choose_plan=[TUNED 128x128 reg8x8 KS=16 fold=16 local tpb=256 hwftz=True (1-D grid, no swizzle)] shipped_plan=[DEFAULT kpack_hg body (DEVIATION 2707) kpack_hg 128x128 reg8x8 TC=16 KS=16 page=packed(group,step,line) pad=4 align=16 fold_flush=hw stage=gather page_bytes=16896 pages=2 load=per-step fold=lane-wide local FS=16 tpb=256 hwftz=True groups where its rule takes the call (S=132 slack=4), else all leaves in one launch leaves_per_group=2 groups=8] geometry=[shipped DEFAULT kpack_hg body (DEVIATION 2707, kernel body row 1: padded aligned page, gather staging, hardware fold flush) on every call the TUNED 128x128 plan serves, ksplit groups (block parallelism row S=132 slack=4) where the group rule takes the call, else all leaves; other calls choose_gemm_plan's plan]
TABLE down_dB | TN | 768 x 2048 x 2048 | 12 | DEFAULT kpack_hg body (DEVIATION 2707) kpack_hg 128x128 reg8x8 TC=16 KS=16 page=packed(group,step,line) pad=4 align=16 fold_flush=hw stage=gather page_bytes=16896 pages=2 load=per-step fold=lane-wide local FS=16 tpb=256 hwftz=True groups where its rule takes the call (S=132 slack=4), else all leaves in one launch leaves_per_group=2 groups=8 | shipped DEFAULT kpack_hg body (DEVIATION 2707, kernel body row 1: padded aligned page, gather staging, hardware fold flush) on every call the TUNED 128x128 plan serves, ksplit groups (block parallelism row S=132 slack=4) where the group rule takes the call, else all leaves; other calls choose_gemm_plan's plan | 768 | 96 | 0.497001 | 0.497797 | 1.0016016064353994 | 768 | 2 | 2
PHASEBITS down_dB EQUAL cells=1572864 phase_of=shipped_default_kpack_hg
PHASE gemm shipped down_dB phase_of=shipped_default_kpack_hg group_leaves=2 groups=8 launched_blocks=768 alloc_ms=0.003018 group_ms=0.42908 fold_ms=0.069444 sum_ms=0.502108 arm_ms=0.497797 shipped_ms=0.497001 (each phase host-synchronized; medians over 11 rounds)
BITS head_fwd EQUAL cells=102926336 digest=0xe1e8e917ef51cb67
SAMPLE head_fwd round=0 arm_first=False shipped_ns=10780642 arm_ns=10784484
SAMPLE head_fwd round=1 arm_first=True shipped_ns=10784595 arm_ns=10774152
SAMPLE head_fwd round=2 arm_first=False shipped_ns=10776182 arm_ns=10776774
SAMPLE head_fwd round=3 arm_first=True shipped_ns=10776684 arm_ns=10783296
SAMPLE head_fwd round=4 arm_first=False shipped_ns=10775562 arm_ns=10771961
SAMPLE head_fwd round=5 arm_first=True shipped_ns=10779295 arm_ns=10781682
SAMPLE head_fwd round=6 arm_first=False shipped_ns=10775809 arm_ns=10774615
SAMPLE head_fwd round=7 arm_first=True shipped_ns=10787488 arm_ns=10789191
SAMPLE head_fwd round=8 arm_first=False shipped_ns=10780086 arm_ns=10782399
SAMPLE head_fwd round=9 arm_first=True shipped_ns=10780962 arm_ns=10784911
SAMPLE head_fwd round=10 arm_first=False shipped_ns=10786386 arm_ns=10787515
PRICE gemm shipped head_fwd shipped_ms=10.780086 arm_ms=10.782399 ratio=1.0002145622956995 shipped_tflops=14.665453698235803 arm_tflops=14.66230771983118 shipped_launched_blocks=6288 shipped_group_leaves=0 arm_launched_blocks=6288 group_leaves=0 choose_plan=[TUNED 128x128 reg8x8 KS=16 fold=16 local tpb=256 hwftz=True (1-D grid, no swizzle)] shipped_plan=[DEFAULT kpack_hg body (DEVIATION 2707) kpack_hg 128x128 reg8x8 TC=16 KS=16 page=packed(group,step,line) pad=4 align=16 fold_flush=hw stage=gather page_bytes=16896 pages=2 load=per-step fold=lane-wide local FS=16 tpb=256 hwftz=True groups where its rule takes the call (S=132 slack=4), else all leaves in one launch all leaves in one launch] geometry=[shipped DEFAULT kpack_hg body (DEVIATION 2707, kernel body row 1: padded aligned page, gather staging, hardware fold flush) on every call the TUNED 128x128 plan serves, ksplit groups (block parallelism row S=132 slack=4) where the group rule takes the call, else all leaves; other calls choose_gemm_plan's plan]
TABLE head_fwd | NT | 2048 x 50257 x 768 | 1 | DEFAULT kpack_hg body (DEVIATION 2707) kpack_hg 128x128 reg8x8 TC=16 KS=16 page=packed(group,step,line) pad=4 align=16 fold_flush=hw stage=gather page_bytes=16896 pages=2 load=per-step fold=lane-wide local FS=16 tpb=256 hwftz=True groups where its rule takes the call (S=132 slack=4), else all leaves in one launch all leaves in one launch | shipped DEFAULT kpack_hg body (DEVIATION 2707, kernel body row 1: padded aligned page, gather staging, hardware fold flush) on every call the TUNED 128x128 plan serves, ksplit groups (block parallelism row S=132 slack=4) where the group rule takes the call, else all leaves; other calls choose_gemm_plan's plan | 6288 | 6288 | 10.780086 | 10.782399 | 1.0002145622956995 | 6288 | 0 | 0
BITS head_dA EQUAL cells=1572864 digest=0x287761cb23fe7292
SAMPLE head_dA round=0 arm_first=False shipped_ns=11544623 arm_ns=11515580
SAMPLE head_dA round=1 arm_first=True shipped_ns=11542348 arm_ns=11521802
SAMPLE head_dA round=2 arm_first=False shipped_ns=11557561 arm_ns=11407587
SAMPLE head_dA round=3 arm_first=True shipped_ns=11557162 arm_ns=11548736
SAMPLE head_dA round=4 arm_first=False shipped_ns=11570191 arm_ns=11527111
SAMPLE head_dA round=5 arm_first=True shipped_ns=11483497 arm_ns=11581883
SAMPLE head_dA round=6 arm_first=False shipped_ns=11546433 arm_ns=11496200
SAMPLE head_dA round=7 arm_first=True shipped_ns=11606122 arm_ns=11586679
SAMPLE head_dA round=8 arm_first=False shipped_ns=11487903 arm_ns=11495396
SAMPLE head_dA round=9 arm_first=True shipped_ns=11420783 arm_ns=11563177
SAMPLE head_dA round=10 arm_first=False shipped_ns=11485236 arm_ns=11431025
PRICE gemm shipped head_dA shipped_ms=11.544623 arm_ms=11.521802 ratio=0.9980232355790223 shipped_tflops=13.694241214806235 arm_tflops=13.721365121185038 shipped_launched_blocks=672 shipped_group_leaves=64 arm_launched_blocks=672 group_leaves=64 choose_plan=[TUNED 128x128 reg8x8 KS=16 fold=16 local tpb=256 hwftz=True (1-D grid, no swizzle)] shipped_plan=[DEFAULT kpack_hg body (DEVIATION 2707) kpack_hg 128x128 reg8x8 TC=16 KS=16 page=packed(group,step,line) pad=4 align=16 fold_flush=hw stage=gather page_bytes=16896 pages=2 load=per-step fold=lane-wide local FS=16 tpb=256 hwftz=True groups where its rule takes the call (S=132 slack=4), else all leaves in one launch leaves_per_group=64 groups=7] geometry=[shipped DEFAULT kpack_hg body (DEVIATION 2707, kernel body row 1: padded aligned page, gather staging, hardware fold flush) on every call the TUNED 128x128 plan serves, ksplit groups (block parallelism row S=132 slack=4) where the group rule takes the call, else all leaves; other calls choose_gemm_plan's plan]
TABLE head_dA | NN | 2048 x 768 x 50257 | 1 | DEFAULT kpack_hg body (DEVIATION 2707) kpack_hg 128x128 reg8x8 TC=16 KS=16 page=packed(group,step,line) pad=4 align=16 fold_flush=hw stage=gather page_bytes=16896 pages=2 load=per-step fold=lane-wide local FS=16 tpb=256 hwftz=True groups where its rule takes the call (S=132 slack=4), else all leaves in one launch leaves_per_group=64 groups=7 | shipped DEFAULT kpack_hg body (DEVIATION 2707, kernel body row 1: padded aligned page, gather staging, hardware fold flush) on every call the TUNED 128x128 plan serves, ksplit groups (block parallelism row S=132 slack=4) where the group rule takes the call, else all leaves; other calls choose_gemm_plan's plan | 672 | 96 | 11.544623 | 11.521802 | 0.9980232355790223 | 672 | 64 | 64
PHASEBITS head_dA EQUAL cells=1572864 phase_of=shipped_default_kpack_hg
PHASE gemm shipped head_dA phase_of=shipped_default_kpack_hg group_leaves=64 groups=7 launched_blocks=672 alloc_ms=0.003059 group_ms=11.496431 fold_ms=0.066945 sum_ms=11.566355 arm_ms=11.521802 shipped_ms=11.544623 (each phase host-synchronized; medians over 11 rounds)
BITS head_dB EQUAL cells=38597376 digest=0x48cf871761b383a8
SAMPLE head_dB round=0 arm_first=False shipped_ns=10270658 arm_ns=10273004
SAMPLE head_dB round=1 arm_first=True shipped_ns=10267527 arm_ns=10269867
SAMPLE head_dB round=2 arm_first=False shipped_ns=10269498 arm_ns=10268309
SAMPLE head_dB round=3 arm_first=True shipped_ns=10272757 arm_ns=10269533
SAMPLE head_dB round=4 arm_first=False shipped_ns=10271469 arm_ns=10279401
SAMPLE head_dB round=5 arm_first=True shipped_ns=10274970 arm_ns=10279026
SAMPLE head_dB round=6 arm_first=False shipped_ns=10277572 arm_ns=10274963
SAMPLE head_dB round=7 arm_first=True shipped_ns=10277969 arm_ns=10276980
SAMPLE head_dB round=8 arm_first=False shipped_ns=10281848 arm_ns=10278959
SAMPLE head_dB round=9 arm_first=True shipped_ns=10282527 arm_ns=10280447
SAMPLE head_dB round=10 arm_first=False shipped_ns=10277081 arm_ns=10276486
PRICE gemm shipped head_dB shipped_ms=10.27497 arm_ms=10.276486 ratio=1.000147543009858 shipped_tflops=15.386405225124745 arm_tflops=15.384135403483253 shipped_launched_blocks=2358 shipped_group_leaves=0 arm_launched_blocks=2358 group_leaves=0 choose_plan=[TUNED 128x128 reg8x8 KS=16 fold=16 local tpb=256 hwftz=True (1-D grid, no swizzle)] shipped_plan=[DEFAULT kpack_hg body (DEVIATION 2707) kpack_hg 128x128 reg8x8 TC=16 KS=16 page=packed(group,step,line) pad=4 align=16 fold_flush=hw stage=gather page_bytes=16896 pages=2 load=per-step fold=lane-wide local FS=16 tpb=256 hwftz=True groups where its rule takes the call (S=132 slack=4), else all leaves in one launch all leaves in one launch] geometry=[shipped DEFAULT kpack_hg body (DEVIATION 2707, kernel body row 1: padded aligned page, gather staging, hardware fold flush) on every call the TUNED 128x128 plan serves, ksplit groups (block parallelism row S=132 slack=4) where the group rule takes the call, else all leaves; other calls choose_gemm_plan's plan]
TABLE head_dB | TN | 50257 x 768 x 2048 | 1 | DEFAULT kpack_hg body (DEVIATION 2707) kpack_hg 128x128 reg8x8 TC=16 KS=16 page=packed(group,step,line) pad=4 align=16 fold_flush=hw stage=gather page_bytes=16896 pages=2 load=per-step fold=lane-wide local FS=16 tpb=256 hwftz=True groups where its rule takes the call (S=132 slack=4), else all leaves in one launch all leaves in one launch | shipped DEFAULT kpack_hg body (DEVIATION 2707, kernel body row 1: padded aligned page, gather staging, hardware fold flush) on every call the TUNED 128x128 plan serves, ksplit groups (block parallelism row S=132 slack=4) where the group rule takes the call, else all leaves; other calls choose_gemm_plan's plan | 2358 | 2358 | 10.27497 | 10.276486 | 1.000147543009858 | 2358 | 0 | 0
STEP gemm arm=shipped ratio=1.001115891214709 shipped_ms=120.262619 arm_ms=120.396819 calls=12 moved=0 (per-call medians weighted by per-step counts; a GEMM sum, not a step time)
