Imported from /Users/andrewhendel/CascadeProjects/mojolearn/bench/gemm_card_main.mojo:178:
/Users/andrewhendel/CascadeProjects/mojolearn/core/identity_trace.mojo:246:14: warning: 'UnsafePointer' is deprecated, use 'Pointer' instead
        raw: UnsafePointer[UInt8, o],
             ^~~~~~~~~~~~~
             Pointer
<unknown>:0: note: 'UnsafePointer' declared here
Imported from /Users/andrewhendel/CascadeProjects/mojolearn/bench/gemm_card_main.mojo:178:
/Users/andrewhendel/CascadeProjects/mojolearn/core/identity_trace.mojo:360:14: warning: 'bitcast' is deprecated, use 'unsafe_bitcast' instead
            p.bitcast[UInt8](),
            ~^~~~~~~~
              unsafe_bitcast
<unknown>:0: note: 'bitcast' declared here
Imported from /Users/andrewhendel/CascadeProjects/mojolearn/bench/gemm_card_main.mojo:178:
/Users/andrewhendel/CascadeProjects/mojolearn/core/identity_trace.mojo:374:14: warning: 'UnsafePointer' is deprecated, use 'Pointer' instead
        ptr: UnsafePointer[Scalar[dt], o],
             ^~~~~~~~~~~~~
             Pointer
<unknown>:0: note: 'UnsafePointer' declared here
Imported from /Users/andrewhendel/CascadeProjects/mojolearn/bench/gemm_card_main.mojo:178:
/Users/andrewhendel/CascadeProjects/mojolearn/core/identity_trace.mojo:101:22: warning: 'UnsafePointer' is deprecated, use 'Pointer' instead
](seed: UInt64, ptr: UnsafePointer[UInt8, o], n: Int) -> UInt64:
                     ^~~~~~~~~~~~~
                     Pointer
<unknown>:0: note: 'UnsafePointer' declared here
Imported from /Users/andrewhendel/CascadeProjects/mojolearn/bench/gemm_card_main.mojo:178:
/Users/andrewhendel/CascadeProjects/mojolearn/core/identity_trace.mojo:384:16: warning: 'bitcast' is deprecated, use 'unsafe_bitcast' instead
            ptr.bitcast[UInt8](),
            ~~~^~~~~~~~
                unsafe_bitcast
<unknown>:0: note: 'bitcast' declared here
== bench/gemm_card_main.mojo [IDENTICAL] ==
profile mojolearn.identical.gemm.fp32.v1
arm oracle
column apple
cap host: HOST_MAC_BUDGET = 16000000 MACs
   gram.32x32x1M m=4 (capped from 32) n=4 (capped from 32) k=1000000 P=1024
   gram.32x32x64K m=16 (capped from 32) n=8 (capped from 32) k=65536 P=512
   gram.128sq.x100003 m=16 (capped from 128) n=8 (capped from 128) k=100003 P=782
   ols.step1.16x16x64K m=16 n=8 (capped from 16) k=65536 P=512
   pca.transform.8192x4x4 m=8192 n=4 k=4 P=1
   pca.transform.wide.8192x64x128 m=1024 (capped from 8192) n=64 k=128 P=1
   kmeans.dist.4096x64x64 m=2048 (capped from 4096) n=64 k=64 P=1
   ols.predict.gemv.64Kx16 m=65536 n=1 k=16 P=1
   llama8b.qkv.t1 m=1 n=2048 (capped from 4096) k=4096 P=32
   llama8b.qkv.t8 m=8 n=256 (capped from 4096) k=4096 P=32
   llama8b.qkv.t512 m=64 (capped from 512) n=32 (capped from 4096) k=4096 P=32
   llama8b.mlp_up.t1 m=1 n=3584 (capped from 14336) k=4096 P=32
   llama8b.mlp_up.t8 m=8 n=448 (capped from 14336) k=4096 P=32
   llama8b.mlp_up.t512 m=64 (capped from 512) n=56 (capped from 14336) k=4096 P=32
   llama8b.mlp_down.t1 m=1 n=1024 (capped from 4096) k=14336 P=112
   llama8b.mlp_down.t8 m=8 n=128 (capped from 4096) k=14336 P=112
   llama8b.mlp_down.t512 m=32 (capped from 512) n=32 (capped from 4096) k=14336 P=112
   llama8b.lm_head.t1 m=1 n=2004 (capped from 128256) k=4096 P=32
   llama8b.lm_head.t8 m=8 n=251 (capped from 128256) k=4096 P=32
   llama8b.lm_head.t512 m=32 (capped from 512) n=63 (capped from 128256) k=4096 P=32

card: bench/results/gemm_card/2026-08-23_101058_verify/oracle.card
stages: 60 over 20 shapes; 0 skipped
Diff two arms to see the fold topology matter:
  MOJOLEARN_GEMM_CARD_ARM=oracle MOJOLEARN_IDENTITY_TRACE=/tmp/o.card ...
  MOJOLEARN_GEMM_CARD_ARM=serial MOJOLEARN_IDENTITY_TRACE=/tmp/s.card ...
  python3 tools/identity_trace_diff.py /tmp/o.card /tmp/s.card
They agree only where P == 1.
Diff the DEVICE arm against the oracle -- these MUST be identical:
  MOJOLEARN_GEMM_CARD_HOST_CAP=1 MOJOLEARN_GEMM_CARD_ARM=device MOJOLEARN_IDENTITY_TRACE=/tmp/d.card ...
  python3 tools/identity_trace_diff.py /tmp/o.card /tmp/d.card
