BUILT fast_reference
BUILT fast_columns2
BUILT fast_columns4
DONE 0 reference [987.076, 1095.281, 1039.03, 988.86, 995.035]
DONE 1 columns2 [908.548, 1021.956, 852.527, 1299.251, 910.301]
DONE 2 columns4 [891.125, 854.929, 870.737, 855.299, 850.773]
DONE 3 columns4 [926.013, 870.402, 831.003, 829.224, 847.819]
DONE 4 columns2 [886.444, 885.255, 1257.184, 862.821, 885.791]
DONE 5 reference [1104.285, 1288.184, 1325.156, 1169.102, 1101.377]
{
  "mode": "fast",
  "rows": 262145,
  "cols": 28,
  "samples_ms": {
    "reference": [
      1095.281,
      1039.03,
      988.86,
      995.035,
      1288.184,
      1325.156,
      1169.102,
      1101.377
    ],
    "columns2": [
      1021.956,
      852.527,
      1299.251,
      910.301,
      885.255,
      1257.184,
      862.821,
      885.791
    ],
    "columns4": [
      854.929,
      870.737,
      855.299,
      850.773,
      870.402,
      831.003,
      829.224,
      847.819
    ]
  },
  "medians_ms": {
    "reference": 1098.329,
    "columns2": 898.046,
    "columns4": 852.851
  },
  "classes": 2,
  "hash_lines": {
    "reference": [
      "MODEL rf-clf@262145x28 7707942827369392417"
    ],
    "columns2": [
      "MODEL rf-clf@262145x28 7707942827369392417"
    ],
    "columns4": [
      "MODEL rf-clf@262145x28 7707942827369392417"
    ]
  },
  "canaries": [
    30.254,
    30.275,
    30.543,
    30.304,
    32.065,
    29.427,
    27.997,
    27.079,
    27.131,
    30.152,
    28.599,
    30.617
  ],
  "canary_spread": 1.1841279220059824,
  "timing_valid": true
}
