[37mROCk module version 6.16.13 is loaded[0m
=====================    
HSA System Attributes    
=====================    
Runtime Version:         1.15
Runtime Ext Version:     1.7
System Timestamp Freq.:  1000.000000MHz
Sig. Max Wait Duration:  18446744073709551615 (0xFFFFFFFFFFFFFFFF) (timestamp count)
Machine Model:           LARGE                              
System Endianness:       LITTLE                             
Mwaitx:                  DISABLED
XNACK enabled:           NO
DMAbuf Support:          YES
VMM Support:             YES

==========               
HSA Agents               
==========               
*******                  
Agent 1                  
*******                  
  Name:                    Intel(R) Xeon(R) Platinum 8470     
  Uuid:                    CPU-XX                             
  Marketing Name:          Intel(R) Xeon(R) Platinum 8470     
  Vendor Name:             CPU                                
  Feature:                 None specified                     
  Profile:                 FULL_PROFILE                       
  Float Round Mode:        NEAR                               
  Max Queue Number:        0(0x0)                             
  Queue Min Size:          0(0x0)                             
  Queue Max Size:          0(0x0)                             
  Queue Type:              MULTI                              
  Node:                    0                                  
  Device Type:             CPU                                
  Cache Info:              
    L1:                      32768(0x8000) KB                   
  Chip ID:                 0(0x0)                             
  ASIC Revision:           0(0x0)                             
  Cacheline Size:          64(0x40)                           
  Max Clock Freq. (MHz):   0                                  
  BDFID:                   0                                  
  Internal Node ID:        0                                  
  Compute Unit:            13                                 
  SIMDs per CU:            0                                  
  Shader Engines:          0                                  
  Shader Arrs. per Eng.:   0                                  
  WatchPts on Addr. Ranges:1                                  
  Memory Properties:       
  Features:                None
  Pool Info:               
    Pool 1                   
      Segment:                 GLOBAL; FLAGS: FINE GRAINED        
      Size:                    230896624(0xdc333f0) KB            
      Allocatable:             TRUE                               
      Alloc Granule:           4KB                                
      Alloc Recommended Granule:4KB                                
      Alloc Alignment:         4KB                                
      Accessible by all:       TRUE                               
    Pool 2                   
      Segment:                 GLOBAL; FLAGS: EXTENDED FINE GRAINED
      Size:                    230896624(0xdc333f0) KB            
      Allocatable:             TRUE                               
      Alloc Granule:           4KB                                
      Alloc Recommended Granule:4KB                                
      Alloc Alignment:         4KB                                
      Accessible by all:       TRUE                               
    Pool 3                   
      Segment:                 GLOBAL; FLAGS: KERNARG, FINE GRAINED
      Size:                    230896624(0xdc333f0) KB            
      Allocatable:             TRUE                               
      Alloc Granule:           4KB                                
      Alloc Recommended Granule:4KB                                
      Alloc Alignment:         4KB                                
      Accessible by all:       TRUE                               
    Pool 4                   
      Segment:                 GLOBAL; FLAGS: COARSE GRAINED      
      Size:                    230896624(0xdc333f0) KB            
      Allocatable:             TRUE                               
      Alloc Granule:           4KB                                
      Alloc Recommended Granule:4KB                                
      Alloc Alignment:         4KB                                
      Accessible by all:       TRUE                               
  ISA Info:                
*******                  
Agent 2                  
*******                  
  Name:                    gfx942                             
  Uuid:                    GPU-992f703c4fff80a9               
  Marketing Name:          AMD Instinct MI300X VF             
  Vendor Name:             AMD                                
  Feature:                 KERNEL_DISPATCH                    
  Profile:                 BASE_PROFILE                       
  Float Round Mode:        NEAR                               
  Max Queue Number:        128(0x80)                          
  Queue Min Size:          64(0x40)                           
  Queue Max Size:          131072(0x20000)                    
  Queue Type:              MULTI                              
  Node:                    1                                  
  Device Type:             GPU                                
  Cache Info:              
    L1:                      32(0x20) KB                        
    L2:                      4096(0x1000) KB                    
    L3:                      262144(0x40000) KB                 
  Chip ID:                 29877(0x74b5)                      
  ASIC Revision:           1(0x1)                             
  Cacheline Size:          128(0x80)                          
  Max Clock Freq. (MHz):   2100                               
  BDFID:                   65280                              
  Internal Node ID:        1                                  
  Compute Unit:            304                                
  SIMDs per CU:            4                                  
  Shader Engines:          32                                 
  Shader Arrs. per Eng.:   1                                  
  WatchPts on Addr. Ranges:4                                  
  Coherent Host Access:    FALSE                              
  Memory Properties:       
  Features:                KERNEL_DISPATCH 
  Fast F16 Operation:      TRUE                               
  Wavefront Size:          64(0x40)                           
  Workgroup Max Size:      1024(0x400)                        
  Workgroup Max Size per Dimension:
    x                        1024(0x400)                        
    y                        1024(0x400)                        
    z                        1024(0x400)                        
  Max Waves Per CU:        32(0x20)                           
  Max Work-item Per CU:    2048(0x800)                        
  Grid Max Size:           4294967295(0xffffffff)             
  Grid Max Size per Dimension:
    x                        4294967295(0xffffffff)             
    y                        4294967295(0xffffffff)             
    z                        4294967295(0xffffffff)             
  Max fbarriers/Workgrp:   32                                 
  Packet Processor uCode:: 192                                
  SDMA engine uCode::      25                                 
  IOMMU Support::          None                               
  Pool Info:               
    Pool 1                   
      Segment:                 GLOBAL; FLAGS: COARSE GRAINED      
      Size:                    200998912(0xbfb0000) KB            
      Allocatable:             TRUE                               
      Alloc Granule:           4KB                                
      Alloc Recommended Granule:2048KB                             
      Alloc Alignment:         4KB                                
      Accessible by all:       FALSE                              
    Pool 2                   
      Segment:                 GLOBAL; FLAGS: EXTENDED FINE GRAINED
      Size:                    200998912(0xbfb0000) KB            
      Allocatable:             TRUE                               
      Alloc Granule:           4KB                                
      Alloc Recommended Granule:2048KB                             
      Alloc Alignment:         4KB                                
      Accessible by all:       FALSE                              
    Pool 3                   
      Segment:                 GLOBAL; FLAGS: FINE GRAINED        
      Size:                    200998912(0xbfb0000) KB            
      Allocatable:             TRUE                               
      Alloc Granule:           4KB                                
      Alloc Recommended Granule:2048KB                             
      Alloc Alignment:         4KB                                
      Accessible by all:       FALSE                              
    Pool 4                   
      Segment:                 GROUP                              
      Size:                    64(0x40) KB                        
      Allocatable:             FALSE                              
      Alloc Granule:           0KB                                
      Alloc Recommended Granule:0KB                                
      Alloc Alignment:         0KB                                
      Accessible by all:       FALSE                              
  ISA Info:                
    ISA 1                    
      Name:                    amdgcn-amd-amdhsa--gfx942:sramecc+:xnack-
      Machine Models:          HSA_MACHINE_MODEL_LARGE            
      Profiles:                HSA_PROFILE_BASE                   
      Default Rounding Mode:   NEAR                               
      Default Rounding Mode:   NEAR                               
      Fast f16:                TRUE                               
      Workgroup Max Size:      1024(0x400)                        
      Workgroup Max Size per Dimension:
        x                        1024(0x400)                        
        y                        1024(0x400)                        
        z                        1024(0x400)                        
      Grid Max Size:           4294967295(0xffffffff)             
      Grid Max Size per Dimension:
        x                        4294967295(0xffffffff)             
        y                        4294967295(0xffffffff)             
        z                        4294967295(0xffffffff)             
      FBarrier Max Size:       32                                 
    ISA 2                    
      Name:                    amdgcn-amd-amdhsa--gfx9-4-generic:sramecc+:xnack-
      Machine Models:          HSA_MACHINE_MODEL_LARGE            
      Profiles:                HSA_PROFILE_BASE                   
      Default Rounding Mode:   NEAR                               
      Default Rounding Mode:   NEAR                               
      Fast f16:                TRUE                               
      Workgroup Max Size:      1024(0x400)                        
      Workgroup Max Size per Dimension:
        x                        1024(0x400)                        
        y                        1024(0x400)                        
        z                        1024(0x400)                        
      Grid Max Size:           4294967295(0xffffffff)             
      Grid Max Size per Dimension:
        x                        4294967295(0xffffffff)             
        y                        4294967295(0xffffffff)             
        z                        4294967295(0xffffffff)             
      FBarrier Max Size:       32                                 
*** Done ***             
