
=== 2026-09-29T18:11:40Z /Users/ec2-user/bench-board-cache/venv/bin/python -u /Users/ec2-user/mojolearn-wt/steward-m3ultra-b/tools/classical_two_datasets.py race --lane svc --dataset istella --data /Users/ec2-user/bench-board-cache/ctd-data/rows-full --out /Users/ec2-user/mojolearn-evidence/bench-board/2026-09-29_m3ultra_checked/raw/classical/rows-full --work /Users/ec2-user/mojolearn-evidence/bench-board/2026-09-29_m3ultra_checked/work --root /Users/ec2-user/mojolearn-wt/steward-m3ultra-b --arms ours,ours-fast,sklearn-cpu --rounds 1 --round-seconds 1800 --warmup-seconds 1800 --ours-python /Users/ec2-user/bench-board-cache/venv/bin/python --theirs-python /Users/ec2-user/bench-board-cache/venv/bin/python --infer
CTD-SETTINGS lane=svc dataset=istella C=1.0, kernel='rbf', gamma=1/d, tol=1e-3, degree=3, coef0=0.0, max_iter=-1, cache_size=2000 MB, class_weight=None
CTD-MISMATCH lane=svc dataset=istella seed: scikit-learn and cuML random_state=7 (read only with probability=True); ours refuses random_state without probability=True, so ours stays None
CTD-MISMATCH lane=svc dataset=istella cache_size=2000 on every arm; ours honors it only as the prediction buffer (DEVIATION 871), so its training is unaffected
CTD-MISMATCH lane=svc dataset=istella shrinking=True: scikit-learn only; nochange_steps=1000: ours and cuML only
BOARD-PARAMS {"arms": {"ours": {"library": "mojolearn", "params": {"C": 1.0, "class_weight": null, "coef0": 0.0, "degree": 3, "gamma": 0.004545454545454545, "kernel": "rbf", "max_iter": -1, "seed": null, "tol": 0.001}, "source": "get_params"}, "ours-fast": {"library": "mojolearn", "params": {"C": 1.0, "class_weight": null, "coef0": 0.0, "degree": 3, "gamma": 0.004545454545454545, "kernel": "rbf", "max_iter": -1, "seed": null, "tol": 0.001}, "source": "get_params"}, "sklearn-cpu": {"library": "sklearn", "params": {"C": 1.0, "class_weight": null, "coef0": 0.0, "degree": 3, "gamma": 0.004545454545454545, "kernel": "rbf", "max_iter": -1, "seed": 7, "tol": 0.001}, "source": "get_params"}}, "compared": [{"arm": "ours-fast", "ours": 1.0, "param": "C", "same": true, "theirs": 1.0}, {"arm": "ours-fast", "ours": null, "param": "class_weight", "same": false, "theirs": null}, {"arm": "ours-fast", "ours": 0.0, "param": "coef0", "same": true, "theirs": 0.0}, {"arm": "ours-fast", "ours": 3, "param": "degree", "same": true, "theirs": 3}, {"arm": "ours-fast", "ours": 0.004545454545454545, "param": "gamma", "same": true, "theirs": 0.004545454545454545}, {"arm": "ours-fast", "ours": "rbf", "param": "kernel", "same": true, "theirs": "rbf"}, {"arm": "ours-fast", "ours": -1, "param": "max_iter", "same": true, "theirs": -1}, {"arm": "ours-fast", "ours": 0.001, "param": "tol", "same": true, "theirs": 0.001}, {"arm": "sklearn-cpu", "ours": 1.0, "param": "C", "same": true, "theirs": 1.0}, {"arm": "sklearn-cpu", "ours": null, "param": "class_weight", "same": false, "theirs": null}, {"arm": "sklearn-cpu", "ours": 0.0, "param": "coef0", "same": true, "theirs": 0.0}, {"arm": "sklearn-cpu", "ours": 3, "param": "degree", "same": true, "theirs": 3}, {"arm": "sklearn-cpu", "ours": 0.004545454545454545, "param": "gamma", "same": true, "theirs": 0.004545454545454545}, {"arm": "sklearn-cpu", "ours": "rbf", "param": "kernel", "same": true, "theirs": "rbf"}, {"arm": "sklearn-cpu", "ours": -1, "param": "max_iter", "same": true, "theirs": -1}, {"arm": "sklearn-cpu", "ours": 0.001, "param": "tol", "same": true, "theirs": 0.001}], "exceptions": [{"arm": "ours", "param": "seed", "reason": "mojolearn SVC refuses random_state without probability=True (the fit draws nothing); scikit-learn and cuML get 7", "value": null}, {"arm": "ours-fast", "param": "seed", "reason": "mojolearn SVC refuses random_state without probability=True (the fit draws nothing); scikit-learn and cuML get 7", "value": null}, {"arm": "ours-fast", "ours": null, "param": "class_weight", "reason": "None (unweighted) set explicitly on every arm", "theirs": null}, {"arm": "sklearn-cpu", "ours": null, "param": "class_weight", "reason": "None (unweighted) set explicitly on every arm", "theirs": null}], "family": "classical", "lane": "svc", "problems": [], "reference": "ours", "seed": 7, "seed_none_deterministic": [], "verdict": "MATCHED"}
CTD-ROUND lane=svc dataset=istella arm=ours round=0 ms=92.507 digest=8963cdc33da9ec9e
CTD-ROUND lane=svc dataset=istella arm=ours-fast round=0 ms=236.766 digest=de5ac69d825801b3
CTD-ROUND lane=svc dataset=istella arm=sklearn-cpu round=0 ms=1038.904 digest=8963cdc33da9ec9e
CTD-ROUND lane=svc dataset=istella arm=ours-fast round=1 ms=172.994 digest=de5ac69d825801b3
CTD-ROUND lane=svc dataset=istella arm=sklearn-cpu round=1 ms=1059.834 digest=8963cdc33da9ec9e
CTD-ROUND lane=svc dataset=istella arm=ours round=1 ms=108.556 digest=8963cdc33da9ec9e
CTD-INFER-ROUND lane=svc dataset=istella arm=ours round=0 ms=53.478 digest=946b7633228ccb93
CTD-INFER-ROUND lane=svc dataset=istella arm=ours-fast round=0 ms=81.242 digest=946b7633228ccb93
CTD-INFER-ROUND lane=svc dataset=istella arm=sklearn-cpu round=0 ms=1800.324 digest=946b7633228ccb93
CTD-INFER-ROUND lane=svc dataset=istella arm=ours-fast round=1 ms=75.323 digest=946b7633228ccb93
CTD-INFER-ROUND lane=svc dataset=istella arm=sklearn-cpu round=1 ms=1831.678 digest=946b7633228ccb93
CTD-INFER-ROUND lane=svc dataset=istella arm=ours round=1 ms=46.373 digest=946b7633228ccb93
CTD-INFER lane=svc dataset=istella arm=ours call=predict rows=10000 status=ok median_ms=46.373290999326855 digest_stable=True quality={"accuracy_eval": 0.9222}
CTD-INFER lane=svc dataset=istella arm=ours-fast call=predict rows=10000 status=ok median_ms=75.32329099922208 digest_stable=True quality={"accuracy_eval": 0.9222, "agreement_vs_ours": 1.0, "bits_equal_vs_ours": true}
CTD-INFER lane=svc dataset=istella arm=sklearn-cpu call=predict rows=10000 status=ok median_ms=1831.6776670035324 digest_stable=True quality={"accuracy_eval": 0.9222, "agreement_vs_ours": 1.0, "bits_equal_vs_ours": true}
CTD lane=svc dataset=istella arm=ours device=gpu status=ok median_ms=108.55637500208104 min_ms=108.55637500208104 max_ms=108.55637500208104 digest_stable=True quality={"accuracy": 0.9222, "n_support": 2400}
CTD-SPAN lane=svc dataset=istella arm=ours input_home=host inside_clock=host_to_device_upload,host_validation,call upload_ms_untimed=- fit_ms_untimed=- pre_clock_fit=false pre_clock_fit_source=declared
CTD lane=svc dataset=istella arm=ours-fast device=gpu status=ok median_ms=172.994499997003 min_ms=172.994499997003 max_ms=172.994499997003 digest_stable=True quality={"accuracy": 0.9222, "n_support": 2401}
CTD-SPAN lane=svc dataset=istella arm=ours-fast input_home=host inside_clock=host_to_device_upload,host_validation,call upload_ms_untimed=- fit_ms_untimed=- pre_clock_fit=false pre_clock_fit_source=declared
CTD lane=svc dataset=istella arm=sklearn-cpu device=cpu status=ok median_ms=1059.833791005076 min_ms=1059.833791005076 max_ms=1059.833791005076 digest_stable=True quality={"accuracy": 0.9222, "n_support": 2400}
CTD-SPAN lane=svc dataset=istella arm=sklearn-cpu input_home=host inside_clock=call upload_ms_untimed=- fit_ms_untimed=- pre_clock_fit=false pre_clock_fit_source=declared
CTD-RATIO lane=svc dataset=istella ours/ours-fast=0.6275 ours/sklearn-cpu=0.1024 span_asymmetry=none
