{"event": "setup", "schema": "mojolearn.lm-step-memory-probe.v3", "shape": {"batch": 1, "length": 2048, "d_model": 768, "n_heads": 12, "n_kv": 12, "head_dim": 64, "intermediate": 2048, "n_layers": 12, "vocab_size": 50257}, "profile": "mojolearn.byte-lm.b1-l2048-d768-h12-kv12-hd64-ff2048-v50257-blocks12.fp32.v3", "parameters": 162147840, "n_tensors": 110, "tokens_per_step": 2048, "seed": 93261, "budget_seconds": 300.0, "resident": true, "step_result": "lean", "witness_every_step": false, "witness_source": "export_gradients(named=False) + export_state() once after the last untimed step", "corpus": {"path": "training/corpus/pile_github/input.txt", "sha256": "52a5b4c36ab9119c15505331c10e3b23690377d40fbac3e598c7fafe13a324df", "manifest_sha256": "e3f46ca3870913aabd179647f5ab7e66b829c30c3cbcbf4b2862e2790d94cda5", "bytes": 97124565, "source_url": "https://huggingface.co/datasets/monology/pile-uncopyrighted/resolve/3be90335b66f24456a5d6659d9c8d208c0357119/val.jsonl.zst", "schedule": "step k row b: bytes[(k*batch*length + b*length) % (bytes - length - 1) : +length+1] as int32; targets shifted one byte"}, "attention_arm": null, "gemm_arm": "shipped", "attention_arm_requested": null, "gemm_arm_requested": "shipped", "attention_path_requested": null, "numeric_mode_env": "identical", "runtime": {"binding_file": "/root/mojolearn/python/mojolearn/identical/_mojolearn_byte_lm.so", "binding_sha256": "3a1853e88672f7dc729067a0ad889f53046a9990509eecd47b28877184865794", "native_numeric_mode": 1, "native_profile": "mojolearn.byte-lm.b2-l32-d32-h4-kv2-ff64-v256-blocks2.fp32.v1", "native_vendor": "hip", "source_scope": "available direct source files; binding SHA identifies the compiled artifact", "source_sha256": {"bindings/_mojolearn_byte_lm.mojo": "e10db165cfc590da558325ef892ea076e2ea6d4a0c57b3f684dc240c0d1d8852", "loaded_python_wrapper": "768d45912dff00d1079b6cdd01bb74c38d1bcf1d2db96f8236f0d59938ff5697", "python/mojolearn/_byte_lm_config.py": "440ca11e33cfed741c8a812a8dac74ad4e938ab8e16f84ed2af5b61d3fbe56b8", "python/mojolearn/_byte_lm_impl.py": "768d45912dff00d1079b6cdd01bb74c38d1bcf1d2db96f8236f0d59938ff5697", "python/mojolearn/language_model.py": "ad7fab7986e790cf0962e1cad316f586b1cec474f54c73619b7eb08da9530533", "training/byte_lm.mojo": "1f02bbaf31e13057010c959feacea545dd91b0a41a1bb4c35f7301c3e7426204", "training/byte_lm_config.mojo": "a620c17cff6cbe5f96097609105acf774a732b72aa118d342bfbbe5e084d8606"}, "schema": "small-byte-lm.run-metadata.v1", "qualification": "authored/unqualified", "profile": "mojolearn.byte-lm.b1-l2048-d768-h12-kv12-hd64-ff2048-v50257-blocks12.fp32.v3", "device_state_lifetime": "resident", "step_result": "lean", "last_export_step": 0, "config": {"lr": 0.0010000000474974513, "beta1": 0.8999999761581421, "beta2": 0.9990000128746033, "eps": 9.99999993922529e-09, "weight_decay": 0.009999999776482582, "kind": 2, "momentum": 0.0, "dampening": 0.0, "nesterov": false, "max_norm": 0.0}, "data_schedule": {"batches": "pinned corpus 52a5b4c36ab9119c15505331c10e3b23690377d40fbac3e598c7fafe13a324df", "fixture": "lm step memory probe", "seed": 93261}, "completed_steps": 0, "next_batch_index": 0}, "initial_parameters_sha256": "0e36d8d036d8c4cf9704babd096061006e48071187c793c6ee471e05b449572e", "host_before_first_call": {"vm_rss_bytes": 2745020416, "vm_hwm_bytes": 3393286144, "ru_maxrss_bytes": 3393286144, "boundary": "process host memory (Python + native + pinned staging); not device memory"}, "device_tool": "rocm-smi", "qualification": "complete-step probe at the named shape; not an opponent ratio, not a default gate", "t": 1789146310.468141}
{"event": "step_start", "step": 1, "first_call_includes_setup": true, "ids_sha256": "7626015c8a8cb90b13e0d44eff53262a36025184a4adfb88591a93ba18857518", "t": 1789146310.4684484}
{"event": "step_end", "step": 1, "seconds": 14.956195186000059, "tokens_per_second": 136.9332222888517, "first_call_includes_setup": true, "timing_boundary": "public train_step call; native binding synchronizes the context before publishing outputs; includes host readbacks, validation and gradient copies", "step_result": "lean", "witnessed": false, "witness_export_seconds": null, "loss": 11.12025260925293, "sha256": {"loss": "fb1bfea4e8daa3b31227ff49a404e36a58fe27b98856af4d27a24872b0e9abf2"}, "completed_steps": 1, "host": {"vm_rss_bytes": 2912288768, "vm_hwm_bytes": 8743788544, "ru_maxrss_bytes": 8743788544, "boundary": "process host memory (Python + native + pinned staging); not device memory"}, "device": {"tool": "rocm-smi", "peak_process_bytes": "unavailable", "peak_device_bytes": 189357199360, "device_total_bytes": 205822885888, "sample_interval_seconds": 0.2, "samples_total": 36, "errors_total": 0, "boundary": "vendor tool polled at the interval; peaks shorter than one interval are missed; device-wide used memory includes other processes; torch.cuda allocator statistics do not cover Mojo allocations and are not used"}, "t": 1789146325.4248552}
{"event": "final_witness", "step": 1, "completed_steps": 1, "sha256": {"gradients": "85d053a482668fd958df0e32325fc47f9ba10ec630ff63557c7b79c5bd85b0e3", "parameters": "1b32246046a72ada00e3c8ec04d079beb629d8e314f860bc7106d42c5996a8ca", "m": "8dbf0dfcb08f29687241a6586a7ef8224fde5877a7aeb490b9701d24d5812524", "v": "227d2c36dbd16e9acf0556ec491d8b6431a8e4cc5b235b8d81011996a9bc05be", "flags": "360d579dbd14759b41afdf7fb5e80c0101e15150ae401d59f92a1e32d129f7cb"}, "export_seconds": 13.08743699500019, "source": "export_gradients(named=False) + export_state() once after the last untimed step", "t": 1789146338.512432}
{"event": "component_timing_step_start", "note": "MOJOLEARN_TRANSFORMER_TIMING=1; not a timing sample", "t": 1789146338.512731}
timing step.py_tokens 0.21118000017850136 ms
timing step.py_tokens_bytes 8196 bytes
timing step.bind_scalar_admission 0.005737 ms
timing step.upload_inputs 0.187462 ms
timing step.upload_inputs_bytes 16384 bytes
timing step.unpack_weights 1.286869 ms
timing step.unpack_weights_bytes 648591360 bytes
timing step.embedding_forward 0.074493 ms
timing block.norm1 0.554029 ms
timing attn.qkv_proj 6.870163 ms
timing attn.rope_and_cache 0.096753 ms
timing attn.core 4.747902 ms
timing attn.o_proj 2.189099 ms
timing block.attention_total 13.910539 ms
timing block.mlp_and_residuals 11.700707 ms
timing block.norm1 0.585411 ms
timing attn.qkv_proj 6.522376 ms
timing attn.rope_and_cache 0.094306 ms
timing attn.core 4.739816 ms
timing attn.o_proj 2.181239 ms
timing block.attention_total 13.544238 ms
timing block.mlp_and_residuals 11.580942 ms
timing block.norm1 0.587815 ms
timing attn.qkv_proj 6.509179 ms
timing attn.rope_and_cache 0.08862 ms
timing attn.core 4.765352 ms
timing attn.o_proj 2.191358 ms
timing block.attention_total 13.560124 ms
timing block.mlp_and_residuals 11.530766 ms
timing block.norm1 0.58237 ms
timing attn.qkv_proj 6.512346 ms
timing attn.rope_and_cache 0.091833 ms
timing attn.core 4.776705 ms
timing attn.o_proj 2.184083 ms
timing block.attention_total 13.571761 ms
timing block.mlp_and_residuals 11.634081 ms
timing block.norm1 0.595158 ms
timing attn.qkv_proj 6.520324 ms
timing attn.rope_and_cache 0.094443 ms
timing attn.core 4.74313 ms
timing attn.o_proj 2.180314 ms
timing block.attention_total 13.544292 ms
timing block.mlp_and_residuals 11.653359 ms
timing block.norm1 0.578111 ms
timing attn.qkv_proj 6.523409 ms
timing attn.rope_and_cache 0.089281 ms
timing attn.core 4.753377 ms
timing attn.o_proj 2.176891 ms
timing block.attention_total 13.548922 ms
timing block.mlp_and_residuals 11.595631 ms
timing block.norm1 0.587714 ms
timing attn.qkv_proj 6.524082 ms
timing attn.rope_and_cache 0.088212 ms
timing attn.core 4.726806 ms
timing attn.o_proj 2.183243 ms
timing block.attention_total 13.527814 ms
timing block.mlp_and_residuals 11.652132 ms
timing block.norm1 0.593264 ms
timing attn.qkv_proj 6.505231 ms
timing attn.rope_and_cache 0.092108 ms
timing attn.core 4.742166 ms
timing attn.o_proj 2.178587 ms
timing block.attention_total 13.524236 ms
timing block.mlp_and_residuals 11.577543 ms
timing block.norm1 0.59111 ms
timing attn.qkv_proj 6.532114 ms
timing attn.rope_and_cache 0.08813 ms
timing attn.core 4.739713 ms
timing attn.o_proj 2.180301 ms
timing block.attention_total 13.54622 ms
timing block.mlp_and_residuals 11.628802 ms
timing block.norm1 0.57985 ms
timing attn.qkv_proj 6.517577 ms
timing attn.rope_and_cache 0.088312 ms
timing attn.core 4.819258 ms
timing attn.o_proj 2.228216 ms
timing block.attention_total 13.665295 ms
timing block.mlp_and_residuals 11.661913 ms
timing block.norm1 0.609483 ms
timing attn.qkv_proj 6.54665 ms
timing attn.rope_and_cache 0.093294 ms
timing attn.core 4.772545 ms
timing attn.o_proj 2.186095 ms
timing block.attention_total 13.604662 ms
timing block.mlp_and_residuals 11.579962 ms
timing block.norm1 0.601346 ms
timing attn.qkv_proj 6.513623 ms
timing attn.rope_and_cache 0.087839 ms
timing attn.core 4.753459 ms
timing attn.o_proj 2.194566 ms
timing block.attention_total 13.553918 ms
timing block.mlp_and_residuals 11.675019 ms
timing envelope.blocks_forward 309.678371 ms
timing step.head_forward 56.721151 ms
timing step.ce_refuse_scan 0.442157 ms
timing step.ce_refuse_scan_bytes 411705344 bytes
timing step.ce_refuse_scan_download_bytes 8192 bytes
timing step.ce_forward 1.426122 ms
timing step.loss_download 0.037265 ms
timing step.loss_download_bytes 4 bytes
timing step.ce_backward 0.697094 ms
timing step.head_backward_da 153.893668 ms
timing step.head_backward_db 69.422449 ms
timing bwd.before_attention 0.011855 ms
timing bwd.attention 41.250359 ms
timing bwd.after_attention 26.502355 ms
timing bwd.before_attention 0.012131 ms
timing bwd.attention 41.153734 ms
timing bwd.after_attention 26.486603 ms
timing bwd.before_attention 0.011975 ms
timing bwd.attention 41.394325 ms
timing bwd.after_attention 26.458411 ms
timing bwd.before_attention 0.012981 ms
timing bwd.attention 41.386637 ms
timing bwd.after_attention 26.437828 ms
timing bwd.before_attention 0.012325 ms
timing bwd.attention 41.393351 ms
timing bwd.after_attention 26.488413 ms
timing bwd.before_attention 0.011893 ms
timing bwd.attention 41.39149 ms
timing bwd.after_attention 26.467653 ms
timing bwd.before_attention 0.012244 ms
timing bwd.attention 41.379606 ms
timing bwd.after_attention 26.44819 ms
timing bwd.before_attention 0.011767 ms
timing bwd.attention 41.170781 ms
timing bwd.after_attention 26.445026 ms
timing bwd.before_attention 0.011723 ms
timing bwd.attention 41.192479 ms
timing bwd.after_attention 26.486959 ms
timing bwd.before_attention 0.011834 ms
timing bwd.attention 41.272485 ms
timing bwd.after_attention 26.451159 ms
timing bwd.before_attention 0.016234 ms
timing bwd.attention 41.407253 ms
timing bwd.after_attention 26.430489 ms
timing bwd.before_attention 0.012047 ms
timing bwd.attention 41.459992 ms
timing bwd.after_attention 26.39284 ms
timing envelope.blocks_backward 1345.646528 ms
timing step.embedding_backward 7.708253 ms
timing step.pack_grads 1.042632 ms
timing step.pack_grads_bytes 648591360 bytes
timing step.validate_grads_scan 0.598715 ms
timing step.validate_grads_scan_bytes 648591360 bytes
timing step.shadow_copy 1.871996 ms
timing step.shadow_copy_bytes 1945774080 bytes
timing step.opt_refuse_scan 2.443627 ms
timing step.opt_refuse_scan_bytes 2594365440 bytes
timing step.opt_refuse_scan_download_bytes 0 bytes
timing step.optimizer 1.626271 ms
timing step.validate_after_scan 2.537531 ms
timing step.validate_after_scan_bytes 2594365440 bytes
timing step.bind_final_sync 0.001244 ms
timing step.bind_publish 0.005417 ms
timing step.bind_publish_bytes 444 bytes
timing envelope.native_call 1957.613935999916 ms
timing step.py_flags 0.12062299992976477 ms
timing step.py_flags_bytes 440 bytes
{"event": "component_timing_step_end", "seconds": 1.9580743970000185, "t": 1789146340.470864}
