
=== provenance === 21:50:06
64e700357c5aa94ba1096f6cb0e9fe79a3e5e099
Linux mojolearn-e2-amd 6.8.0-59-generic #61-Ubuntu SMP PREEMPT_DYNAMIC Fri Apr 11 23:16:11 UTC 2025 x86_64 x86_64 x86_64 GNU/Linux

=== pixi === 21:50:06
This script will automatically download and install Pixi (latest) for you.
Getting it from this url: https://github.com/prefix-dev/pixi/releases/latest/download/pixi-x86_64-unknown-linux-musl.tar.gz
The 'pixi' binary is installed into '/root/.pixi/bin'
Updating '/root/.bashrc'
Please restart or source your shell.
✔ The default environment has been installed.

=== mode: IDENTICAL by build define (no source flip since 2026-08-23) === 21:50:08

=== phase 0 SKIPPED (MOJOLEARN_E1_PHASES=9) ===

=== phase 1 SKIPPED (MOJOLEARN_E1_PHASES=9) ===

=== phase 2 SKIPPED (MOJOLEARN_E1_PHASES=9) ===

=== phase 3 SKIPPED (MOJOLEARN_E1_PHASES=9) ===

=== phase 4 SKIPPED (MOJOLEARN_E1_PHASES=9) ===

=== phase 5 SKIPPED (MOJOLEARN_E1_PHASES=9) ===

=== phase 6 SKIPPED (MOJOLEARN_E1_PHASES=9) ===

=== phase 7 SKIPPED (MOJOLEARN_E1_PHASES=9) ===

=== phase 8 SKIPPED (MOJOLEARN_E1_PHASES=9) ===

=== phase 9: RUN-TO-RUN DETERMINISM -- the middle tier, on this vendor's silicon === 21:50:08
phase 9: DIAG ONLY (MOJOLEARN_P9_ONLY_DIAG=1); no builds, no arms, no probes here
phase 9 builds: <none>
phase 9 tiers:  <none>
concurrent probe SKIPPED: needs all three tiers, P9_TIERS=<none>

=== phase 9 diag: tools/knn_layout_do_diag.sh === 21:50:08

=== done === 21:52:40
artifacts in /root/mojolearn/bench/results/e1/2026-09-05_215006-mojolearn-e2-amd
next: fetch this directory beside the other machine's and run
  python3 tools/e2_matrix_diff.py <mac>:APPLE <gpu>:VENDOR --write
  python3 tools/identity_trace_diff.py <mac>/<cell>.card <gpu>/<cell>.card
