{
 "cell_witnesses": [
  {
   "fixture": "wide",
   "lane": "par-boosting-pointwise",
   "witness": {
    "detail": [
     {
      "cooperative": true,
      "devices": [
       0,
       1
      ],
      "workers": [
       {
        "devices": [
         "09bd08531c338345e1be46323ea19f5b",
         "5c4c7be6cdfa9c7ed40b74d56b47de4f"
        ],
        "pid": 2591,
        "visibility": {
         "CUDA_VISIBLE_DEVICES": "0,1"
        }
       }
      ]
     }
    ],
    "devices": [
     0,
     1
    ],
    "placement": "physical",
    "pools": 1,
    "workers": 1
   },
   "witness_refusal": null
  },
  {
   "fixture": "wide",
   "lane": "par-boosting-reg",
   "witness": {
    "detail": [
     {
      "cooperative": true,
      "devices": [
       0,
       1
      ],
      "workers": [
       {
        "devices": [
         "09bd08531c338345e1be46323ea19f5b",
         "5c4c7be6cdfa9c7ed40b74d56b47de4f"
        ],
        "pid": 2735,
        "visibility": {
         "CUDA_VISIBLE_DEVICES": "0,1"
        }
       }
      ]
     }
    ],
    "devices": [
     0,
     1
    ],
    "placement": "physical",
    "pools": 1,
    "workers": 1
   },
   "witness_refusal": null
  },
  {
   "fixture": "wide",
   "lane": "par-border-types",
   "witness": {
    "detail": [
     {
      "cooperative": true,
      "devices": [
       0,
       1
      ],
      "workers": [
       {
        "devices": [
         "09bd08531c338345e1be46323ea19f5b",
         "5c4c7be6cdfa9c7ed40b74d56b47de4f"
        ],
        "pid": 3234,
        "visibility": {
         "CUDA_VISIBLE_DEVICES": "0,1"
        }
       }
      ]
     },
     {
      "cooperative": true,
      "devices": [
       0,
       1
      ],
      "workers": [
       {
        "devices": [
         "09bd08531c338345e1be46323ea19f5b",
         "5c4c7be6cdfa9c7ed40b74d56b47de4f"
        ],
        "pid": 3307,
        "visibility": {
         "CUDA_VISIBLE_DEVICES": "0,1"
        }
       }
      ]
     },
     {
      "cooperative": true,
      "devices": [
       0,
       1
      ],
      "workers": [
       {
        "devices": [
         "09bd08531c338345e1be46323ea19f5b",
         "5c4c7be6cdfa9c7ed40b74d56b47de4f"
        ],
        "pid": 3391,
        "visibility": {
         "CUDA_VISIBLE_DEVICES": "0,1"
        }
       }
      ]
     },
     {
      "cooperative": true,
      "devices": [
       0,
       1
      ],
      "workers": [
       {
        "devices": [
         "09bd08531c338345e1be46323ea19f5b",
         "5c4c7be6cdfa9c7ed40b74d56b47de4f"
        ],
        "pid": 3465,
        "visibility": {
         "CUDA_VISIBLE_DEVICES": "0,1"
        }
       }
      ]
     },
     {
      "cooperative": true,
      "devices": [
       0,
       1
      ],
      "workers": [
       {
        "devices": [
         "09bd08531c338345e1be46323ea19f5b",
         "5c4c7be6cdfa9c7ed40b74d56b47de4f"
        ],
        "pid": 3538,
        "visibility": {
         "CUDA_VISIBLE_DEVICES": "0,1"
        }
       }
      ]
     },
     {
      "cooperative": true,
      "devices": [
       0,
       1
      ],
      "workers": [
       {
        "devices": [
         "09bd08531c338345e1be46323ea19f5b",
         "5c4c7be6cdfa9c7ed40b74d56b47de4f"
        ],
        "pid": 3625,
        "visibility": {
         "CUDA_VISIBLE_DEVICES": "0,1"
        }
       }
      ]
     }
    ],
    "devices": [
     0,
     1
    ],
    "placement": "physical",
    "pools": 6,
    "workers": 6
   },
   "witness_refusal": null
  },
  {
   "fixture": "wide",
   "lane": "par-byte-lm-model-pool",
   "witness": {
    "detail": [],
    "devices": [
     0,
     1
    ],
    "placement": "physical",
    "pools": 0,
    "workers": 0
   },
   "witness_refusal": "the two-device column started NO device pool at all, so it ran on one device and agreeing with the one-device column proves nothing. Either the lane does not shard on this install or the driver fell back silently; both are failures of this check, not passes"
  },
  {
   "fixture": "wide",
   "lane": "par-cd",
   "witness": {
    "detail": [
     {
      "cooperative": true,
      "devices": [
       0,
       1
      ],
      "workers": [
       {
        "devices": [
         "09bd08531c338345e1be46323ea19f5b",
         "5c4c7be6cdfa9c7ed40b74d56b47de4f"
        ],
        "pid": 3771,
        "visibility": {
         "CUDA_VISIBLE_DEVICES": "0,1"
        }
       }
      ]
     }
    ],
    "devices": [
     0,
     1
    ],
    "placement": "physical",
    "pools": 1,
    "workers": 1
   },
   "witness_refusal": null
  },
  {
   "fixture": "wide",
   "lane": "par-forecast-arima",
   "witness": {
    "detail": [
     {
      "cooperative": false,
      "devices": [
       0,
       1
      ],
      "workers": [
       {
        "devices": [
         "09bd08531c338345e1be46323ea19f5b"
        ],
        "pid": 4424,
        "visibility": {
         "CUDA_VISIBLE_DEVICES": "0"
        }
       },
       {
        "devices": [
         "5c4c7be6cdfa9c7ed40b74d56b47de4f"
        ],
        "pid": 4425,
        "visibility": {
         "CUDA_VISIBLE_DEVICES": "1"
        }
       }
      ]
     },
     {
      "cooperative": false,
      "devices": [
       0,
       1
      ],
      "workers": [
       {
        "devices": [
         "09bd08531c338345e1be46323ea19f5b"
        ],
        "pid": 4566,
        "visibility": {
         "CUDA_VISIBLE_DEVICES": "0"
        }
       },
       {
        "devices": [
         "5c4c7be6cdfa9c7ed40b74d56b47de4f"
        ],
        "pid": 4567,
        "visibility": {
         "CUDA_VISIBLE_DEVICES": "1"
        }
       }
      ]
     },
     {
      "cooperative": false,
      "devices": [
       0,
       1
      ],
      "workers": [
       {
        "devices": [
         "09bd08531c338345e1be46323ea19f5b"
        ],
        "pid": 4708,
        "visibility": {
         "CUDA_VISIBLE_DEVICES": "0"
        }
       },
       {
        "devices": [
         "5c4c7be6cdfa9c7ed40b74d56b47de4f"
        ],
        "pid": 4709,
        "visibility": {
         "CUDA_VISIBLE_DEVICES": "1"
        }
       }
      ]
     },
     {
      "cooperative": false,
      "devices": [
       0,
       1
      ],
      "workers": [
       {
        "devices": [
         "09bd08531c338345e1be46323ea19f5b"
        ],
        "pid": 4850,
        "visibility": {
         "CUDA_VISIBLE_DEVICES": "0"
        }
       },
       {
        "devices": [
         "5c4c7be6cdfa9c7ed40b74d56b47de4f"
        ],
        "pid": 4851,
        "visibility": {
         "CUDA_VISIBLE_DEVICES": "1"
        }
       }
      ]
     },
     {
      "cooperative": false,
      "devices": [
       0,
       1
      ],
      "workers": [
       {
        "devices": [
         "09bd08531c338345e1be46323ea19f5b"
        ],
        "pid": 4992,
        "visibility": {
         "CUDA_VISIBLE_DEVICES": "0"
        }
       },
       {
        "devices": [
         "5c4c7be6cdfa9c7ed40b74d56b47de4f"
        ],
        "pid": 4993,
        "visibility": {
         "CUDA_VISIBLE_DEVICES": "1"
        }
       }
      ]
     },
     {
      "cooperative": false,
      "devices": [
       0,
       1
      ],
      "workers": [
       {
        "devices": [
         "09bd08531c338345e1be46323ea19f5b"
        ],
        "pid": 5134,
        "visibility": {
         "CUDA_VISIBLE_DEVICES": "0"
        }
       },
       {
        "devices": [
         "5c4c7be6cdfa9c7ed40b74d56b47de4f"
        ],
        "pid": 5135,
        "visibility": {
         "CUDA_VISIBLE_DEVICES": "1"
        }
       }
      ]
     },
     {
      "cooperative": false,
      "devices": [
       0,
       1
      ],
      "workers": [
       {
        "devices": [
         "09bd08531c338345e1be46323ea19f5b"
        ],
        "pid": 5276,
        "visibility": {
         "CUDA_VISIBLE_DEVICES": "0"
        }
       },
       {
        "devices": [
         "5c4c7be6cdfa9c7ed40b74d56b47de4f"
        ],
        "pid": 5277,
        "visibility": {
         "CUDA_VISIBLE_DEVICES": "1"
        }
       }
      ]
     },
     {
      "cooperative": false,
      "devices": [
       0,
       1
      ],
      "workers": [
       {
        "devices": [
         "09bd08531c338345e1be46323ea19f5b"
        ],
        "pid": 5418,
        "visibility": {
         "CUDA_VISIBLE_DEVICES": "0"
        }
       },
       {
        "devices": [
         "5c4c7be6cdfa9c7ed40b74d56b47de4f"
        ],
        "pid": 5419,
        "visibility": {
         "CUDA_VISIBLE_DEVICES": "1"
        }
       }
      ]
     }
    ],
    "devices": [
     0,
     1
    ],
    "placement": "physical",
    "pools": 8,
    "workers": 16
   },
   "witness_refusal": null
  },
  {
   "fixture": "wide",
   "lane": "par-forest",
   "witness": {
    "detail": [
     {
      "cooperative": false,
      "devices": [
       0,
       1
      ],
      "workers": [
       {
        "devices": [
         "09bd08531c338345e1be46323ea19f5b"
        ],
        "pid": 5631,
        "visibility": {
         "CUDA_VISIBLE_DEVICES": "0"
        }
       },
       {
        "devices": [
         "5c4c7be6cdfa9c7ed40b74d56b47de4f"
        ],
        "pid": 5632,
        "visibility": {
         "CUDA_VISIBLE_DEVICES": "1"
        }
       }
      ]
     }
    ],
    "devices": [
     0,
     1
    ],
    "placement": "physical",
    "pools": 1,
    "workers": 2
   },
   "witness_refusal": null
  },
  {
   "fixture": "wide",
   "lane": "par-forest-reg",
   "witness": {
    "detail": [
     {
      "cooperative": false,
      "devices": [
       0,
       1
      ],
      "workers": [
       {
        "devices": [
         "09bd08531c338345e1be46323ea19f5b"
        ],
        "pid": 5844,
        "visibility": {
         "CUDA_VISIBLE_DEVICES": "0"
        }
       },
       {
        "devices": [
         "5c4c7be6cdfa9c7ed40b74d56b47de4f"
        ],
        "pid": 5845,
        "visibility": {
         "CUDA_VISIBLE_DEVICES": "1"
        }
       }
      ]
     }
    ],
    "devices": [
     0,
     1
    ],
    "placement": "physical",
    "pools": 1,
    "workers": 2
   },
   "witness_refusal": null
  },
  {
   "fixture": "wide",
   "lane": "par-gp",
   "witness": {
    "detail": [
     {
      "cooperative": true,
      "devices": [
       0,
       1
      ],
      "workers": [
       {
        "devices": [
         "09bd08531c338345e1be46323ea19f5b",
         "5c4c7be6cdfa9c7ed40b74d56b47de4f"
        ],
        "pid": 6130,
        "visibility": {
         "CUDA_VISIBLE_DEVICES": "0,1"
        }
       }
      ]
     },
     {
      "cooperative": true,
      "devices": [
       0,
       1
      ],
      "workers": [
       {
        "devices": [
         "09bd08531c338345e1be46323ea19f5b",
         "5c4c7be6cdfa9c7ed40b74d56b47de4f"
        ],
        "pid": 6213,
        "visibility": {
         "CUDA_VISIBLE_DEVICES": "0,1"
        }
       }
      ]
     }
    ],
    "devices": [
     0,
     1
    ],
    "placement": "physical",
    "pools": 2,
    "workers": 2
   },
   "witness_refusal": null
  },
  {
   "fixture": "wide",
   "lane": "par-gpc-fit",
   "witness": {
    "detail": [
     {
      "cooperative": false,
      "devices": [
       0,
       1
      ],
      "workers": [
       {
        "devices": [
         "09bd08531c338345e1be46323ea19f5b"
        ],
        "pid": 6430,
        "visibility": {
         "CUDA_VISIBLE_DEVICES": "0"
        }
       },
       {
        "devices": [
         "5c4c7be6cdfa9c7ed40b74d56b47de4f"
        ],
        "pid": 6431,
        "visibility": {
         "CUDA_VISIBLE_DEVICES": "1"
        }
       }
      ]
     },
     {
      "cooperative": false,
      "devices": [
       0,
       1
      ],
      "workers": [
       {
        "devices": [
         "09bd08531c338345e1be46323ea19f5b"
        ],
        "pid": 6581,
        "visibility": {
         "CUDA_VISIBLE_DEVICES": "0"
        }
       },
       {
        "devices": [
         "5c4c7be6cdfa9c7ed40b74d56b47de4f"
        ],
        "pid": 6582,
        "visibility": {
         "CUDA_VISIBLE_DEVICES": "1"
        }
       }
      ]
     }
    ],
    "devices": [
     0,
     1
    ],
    "placement": "physical",
    "pools": 2,
    "workers": 4
   },
   "witness_refusal": null
  },
  {
   "fixture": "wide",
   "lane": "par-gpc-predict",
   "witness": {
    "detail": [
     {
      "cooperative": false,
      "devices": [
       0,
       1
      ],
      "workers": [
       {
        "devices": [
         "09bd08531c338345e1be46323ea19f5b"
        ],
        "pid": 7007,
        "visibility": {
         "CUDA_VISIBLE_DEVICES": "0"
        }
       },
       {
        "devices": [
         "5c4c7be6cdfa9c7ed40b74d56b47de4f"
        ],
        "pid": 7008,
        "visibility": {
         "CUDA_VISIBLE_DEVICES": "1"
        }
       }
      ]
     },
     {
      "cooperative": false,
      "devices": [
       0,
       1
      ],
      "workers": [
       {
        "devices": [
         "09bd08531c338345e1be46323ea19f5b"
        ],
        "pid": 7146,
        "visibility": {
         "CUDA_VISIBLE_DEVICES": "0"
        }
       },
       {
        "devices": [
         "5c4c7be6cdfa9c7ed40b74d56b47de4f"
        ],
        "pid": 7147,
        "visibility": {
         "CUDA_VISIBLE_DEVICES": "1"
        }
       }
      ]
     },
     {
      "cooperative": false,
      "devices": [
       0,
       1
      ],
      "workers": [
       {
        "devices": [
         "09bd08531c338345e1be46323ea19f5b"
        ],
        "pid": 7285,
        "visibility": {
         "CUDA_VISIBLE_DEVICES": "0"
        }
       },
       {
        "devices": [
         "5c4c7be6cdfa9c7ed40b74d56b47de4f"
        ],
        "pid": 7286,
        "visibility": {
         "CUDA_VISIBLE_DEVICES": "1"
        }
       }
      ]
     },
     {
      "cooperative": false,
      "devices": [
       0,
       1
      ],
      "workers": [
       {
        "devices": [
         "09bd08531c338345e1be46323ea19f5b"
        ],
        "pid": 7427,
        "visibility": {
         "CUDA_VISIBLE_DEVICES": "0"
        }
       },
       {
        "devices": [
         "5c4c7be6cdfa9c7ed40b74d56b47de4f"
        ],
        "pid": 7428,
        "visibility": {
         "CUDA_VISIBLE_DEVICES": "1"
        }
       }
      ]
     }
    ],
    "devices": [
     0,
     1
    ],
    "placement": "physical",
    "pools": 4,
    "workers": 8
   },
   "witness_refusal": null
  },
  {
   "fixture": "wide",
   "lane": "par-gram-ols",
   "witness": {
    "detail": [
     {
      "cooperative": true,
      "devices": [
       0,
       1
      ],
      "workers": [
       {
        "devices": [
         "09bd08531c338345e1be46323ea19f5b",
         "5c4c7be6cdfa9c7ed40b74d56b47de4f"
        ],
        "pid": 7640,
        "visibility": {
         "CUDA_VISIBLE_DEVICES": "0,1"
        }
       }
      ]
     }
    ],
    "devices": [
     0,
     1
    ],
    "placement": "physical",
    "pools": 1,
    "workers": 1
   },
   "witness_refusal": null
  },
  {
   "fixture": "wide",
   "lane": "par-hdbscan",
   "witness": {
    "detail": [
     {
      "cooperative": true,
      "devices": [
       0,
       1
      ],
      "workers": [
       {
        "devices": [
         "09bd08531c338345e1be46323ea19f5b",
         "5c4c7be6cdfa9c7ed40b74d56b47de4f"
        ],
        "pid": 7795,
        "visibility": {
         "CUDA_VISIBLE_DEVICES": "0,1"
        }
       }
      ]
     }
    ],
    "devices": [
     0,
     1
    ],
    "placement": "physical",
    "pools": 1,
    "workers": 1
   },
   "witness_refusal": null
  },
  {
   "fixture": "wide",
   "lane": "par-iforest",
   "witness": {
    "detail": [
     {
      "cooperative": true,
      "devices": [
       0,
       1
      ],
      "workers": [
       {
        "devices": [
         "09bd08531c338345e1be46323ea19f5b",
         "5c4c7be6cdfa9c7ed40b74d56b47de4f"
        ],
        "pid": 8011,
        "visibility": {
         "CUDA_VISIBLE_DEVICES": "0,1"
        }
       }
      ]
     },
     {
      "cooperative": true,
      "devices": [
       0,
       1
      ],
      "workers": [
       {
        "devices": [
         "09bd08531c338345e1be46323ea19f5b",
         "5c4c7be6cdfa9c7ed40b74d56b47de4f"
        ],
        "pid": 8084,
        "visibility": {
         "CUDA_VISIBLE_DEVICES": "0,1"
        }
       }
      ]
     }
    ],
    "devices": [
     0,
     1
    ],
    "placement": "physical",
    "pools": 2,
    "workers": 2
   },
   "witness_refusal": null
  },
  {
   "fixture": "wide",
   "lane": "par-ivf",
   "witness": {
    "detail": [
     {
      "cooperative": false,
      "devices": [
       0,
       1
      ],
      "workers": [
       {
        "devices": [
         "09bd08531c338345e1be46323ea19f5b"
        ],
        "pid": 8581,
        "visibility": {
         "CUDA_VISIBLE_DEVICES": "0"
        }
       },
       {
        "devices": [
         "5c4c7be6cdfa9c7ed40b74d56b47de4f"
        ],
        "pid": 8582,
        "visibility": {
         "CUDA_VISIBLE_DEVICES": "1"
        }
       }
      ]
     },
     {
      "cooperative": false,
      "devices": [
       0,
       1
      ],
      "workers": [
       {
        "devices": [
         "09bd08531c338345e1be46323ea19f5b"
        ],
        "pid": 8723,
        "visibility": {
         "CUDA_VISIBLE_DEVICES": "0"
        }
       },
       {
        "devices": [
         "5c4c7be6cdfa9c7ed40b74d56b47de4f"
        ],
        "pid": 8724,
        "visibility": {
         "CUDA_VISIBLE_DEVICES": "1"
        }
       }
      ]
     },
     {
      "cooperative": false,
      "devices": [
       0,
       1
      ],
      "workers": [
       {
        "devices": [
         "09bd08531c338345e1be46323ea19f5b"
        ],
        "pid": 8867,
        "visibility": {
         "CUDA_VISIBLE_DEVICES": "0"
        }
       },
       {
        "devices": [
         "5c4c7be6cdfa9c7ed40b74d56b47de4f"
        ],
        "pid": 8868,
        "visibility": {
         "CUDA_VISIBLE_DEVICES": "1"
        }
       }
      ]
     },
     {
      "cooperative": false,
      "devices": [
       0,
       1
      ],
      "workers": [
       {
        "devices": [
         "09bd08531c338345e1be46323ea19f5b"
        ],
        "pid": 9019,
        "visibility": {
         "CUDA_VISIBLE_DEVICES": "0"
        }
       },
       {
        "devices": [
         "5c4c7be6cdfa9c7ed40b74d56b47de4f"
        ],
        "pid": 9020,
        "visibility": {
         "CUDA_VISIBLE_DEVICES": "1"
        }
       }
      ]
     },
     {
      "cooperative": false,
      "devices": [
       0,
       1
      ],
      "workers": [
       {
        "devices": [
         "09bd08531c338345e1be46323ea19f5b"
        ],
        "pid": 9157,
        "visibility": {
         "CUDA_VISIBLE_DEVICES": "0"
        }
       },
       {
        "devices": [
         "5c4c7be6cdfa9c7ed40b74d56b47de4f"
        ],
        "pid": 9158,
        "visibility": {
         "CUDA_VISIBLE_DEVICES": "1"
        }
       }
      ]
     },
     {
      "cooperative": false,
      "devices": [
       0,
       1
      ],
      "workers": [
       {
        "devices": [
         "09bd08531c338345e1be46323ea19f5b"
        ],
        "pid": 9299,
        "visibility": {
         "CUDA_VISIBLE_DEVICES": "0"
        }
       },
       {
        "devices": [
         "5c4c7be6cdfa9c7ed40b74d56b47de4f"
        ],
        "pid": 9300,
        "visibility": {
         "CUDA_VISIBLE_DEVICES": "1"
        }
       }
      ]
     }
    ],
    "devices": [
     0,
     1
    ],
    "placement": "physical",
    "pools": 6,
    "workers": 12
   },
   "witness_refusal": null
  },
  {
   "fixture": "wide",
   "lane": "par-logistic",
   "witness": {
    "detail": [
     {
      "cooperative": true,
      "devices": [
       0,
       1
      ],
      "workers": [
       {
        "devices": [
         "09bd08531c338345e1be46323ea19f5b",
         "5c4c7be6cdfa9c7ed40b74d56b47de4f"
        ],
        "pid": 9526,
        "visibility": {
         "CUDA_VISIBLE_DEVICES": "0,1"
        }
       }
      ]
     }
    ],
    "devices": [
     0,
     1
    ],
    "placement": "physical",
    "pools": 1,
    "workers": 1
   },
   "witness_refusal": null
  },
  {
   "fixture": "wide",
   "lane": "par-rbf-sampler",
   "witness": {
    "detail": [
     {
      "cooperative": false,
      "devices": [
       0,
       1
      ],
      "workers": [
       {
        "devices": [
         "09bd08531c338345e1be46323ea19f5b"
        ],
        "pid": 9812,
        "visibility": {
         "CUDA_VISIBLE_DEVICES": "0"
        }
       },
       {
        "devices": [
         "5c4c7be6cdfa9c7ed40b74d56b47de4f"
        ],
        "pid": 9813,
        "visibility": {
         "CUDA_VISIBLE_DEVICES": "1"
        }
       }
      ]
     },
     {
      "cooperative": false,
      "devices": [
       0,
       1
      ],
      "workers": [
       {
        "devices": [
         "09bd08531c338345e1be46323ea19f5b"
        ],
        "pid": 9954,
        "visibility": {
         "CUDA_VISIBLE_DEVICES": "0"
        }
       },
       {
        "devices": [
         "5c4c7be6cdfa9c7ed40b74d56b47de4f"
        ],
        "pid": 9955,
        "visibility": {
         "CUDA_VISIBLE_DEVICES": "1"
        }
       }
      ]
     },
     {
      "cooperative": false,
      "devices": [
       0,
       1
      ],
      "workers": [
       {
        "devices": [
         "09bd08531c338345e1be46323ea19f5b"
        ],
        "pid": 10096,
        "visibility": {
         "CUDA_VISIBLE_DEVICES": "0"
        }
       },
       {
        "devices": [
         "5c4c7be6cdfa9c7ed40b74d56b47de4f"
        ],
        "pid": 10097,
        "visibility": {
         "CUDA_VISIBLE_DEVICES": "1"
        }
       }
      ]
     }
    ],
    "devices": [
     0,
     1
    ],
    "placement": "physical",
    "pools": 3,
    "workers": 6
   },
   "witness_refusal": null
  },
  {
   "fixture": "wide",
   "lane": "par-reference-knn-reg",
   "witness": {
    "detail": [
     {
      "cooperative": false,
      "devices": [
       0,
       1
      ],
      "workers": [
       {
        "devices": [
         "09bd08531c338345e1be46323ea19f5b"
        ],
        "pid": 10522,
        "visibility": {
         "CUDA_VISIBLE_DEVICES": "0"
        }
       },
       {
        "devices": [
         "5c4c7be6cdfa9c7ed40b74d56b47de4f"
        ],
        "pid": 10523,
        "visibility": {
         "CUDA_VISIBLE_DEVICES": "1"
        }
       }
      ]
     },
     {
      "cooperative": false,
      "devices": [
       0,
       1
      ],
      "workers": [
       {
        "devices": [
         "09bd08531c338345e1be46323ea19f5b"
        ],
        "pid": 10664,
        "visibility": {
         "CUDA_VISIBLE_DEVICES": "0"
        }
       },
       {
        "devices": [
         "5c4c7be6cdfa9c7ed40b74d56b47de4f"
        ],
        "pid": 10665,
        "visibility": {
         "CUDA_VISIBLE_DEVICES": "1"
        }
       }
      ]
     },
     {
      "cooperative": false,
      "devices": [
       0,
       1
      ],
      "workers": [
       {
        "devices": [
         "09bd08531c338345e1be46323ea19f5b"
        ],
        "pid": 10818,
        "visibility": {
         "CUDA_VISIBLE_DEVICES": "0"
        }
       },
       {
        "devices": [
         "5c4c7be6cdfa9c7ed40b74d56b47de4f"
        ],
        "pid": 10819,
        "visibility": {
         "CUDA_VISIBLE_DEVICES": "1"
        }
       }
      ]
     },
     {
      "cooperative": false,
      "devices": [
       0,
       1
      ],
      "workers": [
       {
        "devices": [
         "09bd08531c338345e1be46323ea19f5b"
        ],
        "pid": 10960,
        "visibility": {
         "CUDA_VISIBLE_DEVICES": "0"
        }
       },
       {
        "devices": [
         "5c4c7be6cdfa9c7ed40b74d56b47de4f"
        ],
        "pid": 10961,
        "visibility": {
         "CUDA_VISIBLE_DEVICES": "1"
        }
       }
      ]
     }
    ],
    "devices": [
     0,
     1
    ],
    "placement": "physical",
    "pools": 4,
    "workers": 8
   },
   "witness_refusal": null
  },
  {
   "fixture": "wide",
   "lane": "par-samba",
   "witness": {
    "detail": [
     {
      "cooperative": false,
      "devices": [
       0,
       1
      ],
      "workers": [
       {
        "devices": [
         "09bd08531c338345e1be46323ea19f5b"
        ],
        "pid": 11244,
        "visibility": {
         "CUDA_VISIBLE_DEVICES": "0"
        }
       },
       {
        "devices": [
         "5c4c7be6cdfa9c7ed40b74d56b47de4f"
        ],
        "pid": 11245,
        "visibility": {
         "CUDA_VISIBLE_DEVICES": "1"
        }
       }
      ]
     },
     {
      "cooperative": true,
      "devices": [
       0,
       1
      ],
      "workers": [
       {
        "devices": [
         "09bd08531c338345e1be46323ea19f5b",
         "5c4c7be6cdfa9c7ed40b74d56b47de4f"
        ],
        "pid": 11386,
        "visibility": {
         "CUDA_VISIBLE_DEVICES": "0,1"
        }
       }
      ]
     }
    ],
    "devices": [
     0,
     1
    ],
    "placement": "physical",
    "pools": 2,
    "workers": 3
   },
   "witness_refusal": null
  },
  {
   "fixture": "wide",
   "lane": "par-scaler",
   "witness": {
    "detail": [
     {
      "cooperative": false,
      "devices": [
       0,
       1
      ],
      "workers": [
       {
        "devices": [
         "09bd08531c338345e1be46323ea19f5b"
        ],
        "pid": 11672,
        "visibility": {
         "CUDA_VISIBLE_DEVICES": "0"
        }
       },
       {
        "devices": [
         "5c4c7be6cdfa9c7ed40b74d56b47de4f"
        ],
        "pid": 11673,
        "visibility": {
         "CUDA_VISIBLE_DEVICES": "1"
        }
       }
      ]
     },
     {
      "cooperative": false,
      "devices": [
       0,
       1
      ],
      "workers": [
       {
        "devices": [
         "09bd08531c338345e1be46323ea19f5b"
        ],
        "pid": 11814,
        "visibility": {
         "CUDA_VISIBLE_DEVICES": "0"
        }
       },
       {
        "devices": [
         "5c4c7be6cdfa9c7ed40b74d56b47de4f"
        ],
        "pid": 11815,
        "visibility": {
         "CUDA_VISIBLE_DEVICES": "1"
        }
       }
      ]
     },
     {
      "cooperative": false,
      "devices": [
       0,
       1
      ],
      "workers": [
       {
        "devices": [
         "09bd08531c338345e1be46323ea19f5b"
        ],
        "pid": 11956,
        "visibility": {
         "CUDA_VISIBLE_DEVICES": "0"
        }
       },
       {
        "devices": [
         "5c4c7be6cdfa9c7ed40b74d56b47de4f"
        ],
        "pid": 11957,
        "visibility": {
         "CUDA_VISIBLE_DEVICES": "1"
        }
       }
      ]
     }
    ],
    "devices": [
     0,
     1
    ],
    "placement": "physical",
    "pools": 3,
    "workers": 6
   },
   "witness_refusal": null
  }
 ],
 "cells": [
  {
   "fixture": "wide",
   "lane": "par-boosting-pointwise",
   "one": "bc0084b9b1e30f87",
   "one_error": null,
   "part": "train",
   "seconds": 5.919,
   "two": "bc0084b9b1e30f87",
   "two_error": null,
   "verdict": "IDENTICAL"
  },
  {
   "fixture": "wide",
   "lane": "par-boosting-pointwise",
   "one": "9f7630d079f43f07",
   "one_error": null,
   "part": "infer",
   "seconds": 5.919,
   "two": "9f7630d079f43f07",
   "two_error": null,
   "verdict": "IDENTICAL"
  },
  {
   "fixture": "wide",
   "lane": "par-boosting-pointwise",
   "one": "1cdaebf93c86aa45",
   "one_error": null,
   "part": "model",
   "seconds": 5.919,
   "two": "1cdaebf93c86aa45",
   "two_error": null,
   "verdict": "IDENTICAL"
  },
  {
   "fixture": "wide",
   "lane": "par-boosting-pointwise",
   "one": "09f8dd630ebbce0f",
   "one_error": null,
   "part": "batch",
   "seconds": 5.919,
   "two": "09f8dd630ebbce0f",
   "two_error": null,
   "verdict": "IDENTICAL"
  },
  {
   "fixture": "wide",
   "lane": "par-boosting-pointwise",
   "one": "n/a:no-decode-state",
   "one_error": null,
   "part": "stepfull",
   "seconds": 5.919,
   "two": "n/a:no-decode-state",
   "two_error": null,
   "verdict": "N/A"
  },
  {
   "fixture": "wide",
   "lane": "par-boosting-reg",
   "one": "5ea3a06d9df1d862",
   "one_error": null,
   "part": "train",
   "seconds": 5.887,
   "two": "5ea3a06d9df1d862",
   "two_error": null,
   "verdict": "IDENTICAL"
  },
  {
   "fixture": "wide",
   "lane": "par-boosting-reg",
   "one": "3f008ec3ab37ef2f",
   "one_error": null,
   "part": "infer",
   "seconds": 5.887,
   "two": "3f008ec3ab37ef2f",
   "two_error": null,
   "verdict": "IDENTICAL"
  },
  {
   "fixture": "wide",
   "lane": "par-boosting-reg",
   "one": "n/a:save-not-implemented",
   "one_error": null,
   "part": "model",
   "seconds": 5.887,
   "two": "n/a:save-not-implemented",
   "two_error": null,
   "verdict": "N/A"
  },
  {
   "fixture": "wide",
   "lane": "par-boosting-reg",
   "one": "288e6b1fb3347f2d",
   "one_error": null,
   "part": "batch",
   "seconds": 5.887,
   "two": "288e6b1fb3347f2d",
   "two_error": null,
   "verdict": "IDENTICAL"
  },
  {
   "fixture": "wide",
   "lane": "par-boosting-reg",
   "one": "n/a:no-decode-state",
   "one_error": null,
   "part": "stepfull",
   "seconds": 5.887,
   "two": "n/a:no-decode-state",
   "two_error": null,
   "verdict": "N/A"
  },
  {
   "fixture": "wide",
   "lane": "par-border-types",
   "one": "85cc9ad0a84c9aec",
   "one_error": null,
   "part": "train",
   "seconds": 30.604,
   "two": "85cc9ad0a84c9aec",
   "two_error": null,
   "verdict": "IDENTICAL"
  },
  {
   "fixture": "wide",
   "lane": "par-border-types",
   "one": "a8c4137b0a3660e2",
   "one_error": null,
   "part": "infer",
   "seconds": 30.604,
   "two": "a8c4137b0a3660e2",
   "two_error": null,
   "verdict": "IDENTICAL"
  },
  {
   "fixture": "wide",
   "lane": "par-border-types",
   "one": "76527f36b20dab4a",
   "one_error": null,
   "part": "model",
   "seconds": 30.604,
   "two": "76527f36b20dab4a",
   "two_error": null,
   "verdict": "IDENTICAL"
  },
  {
   "fixture": "wide",
   "lane": "par-border-types",
   "one": "49c82a3106bba3a6",
   "one_error": null,
   "part": "batch",
   "seconds": 30.604,
   "two": "49c82a3106bba3a6",
   "two_error": null,
   "verdict": "IDENTICAL"
  },
  {
   "fixture": "wide",
   "lane": "par-border-types",
   "one": "n/a:no-decode-state",
   "one_error": null,
   "part": "stepfull",
   "seconds": 30.604,
   "two": "n/a:no-decode-state",
   "two_error": null,
   "verdict": "N/A"
  },
  {
   "fixture": "wide",
   "lane": "par-byte-lm-model-pool",
   "one": "ed030c5713cf36a8",
   "one_error": null,
   "part": "train",
   "seconds": 2.023,
   "two": "ed030c5713cf36a8",
   "two_error": null,
   "verdict": "IDENTICAL"
  },
  {
   "fixture": "wide",
   "lane": "par-byte-lm-model-pool",
   "one": "n/a:function",
   "one_error": null,
   "part": "infer",
   "seconds": 2.023,
   "two": "n/a:function",
   "two_error": null,
   "verdict": "N/A"
  },
  {
   "fixture": "wide",
   "lane": "par-byte-lm-model-pool",
   "one": "n/a:no-save",
   "one_error": null,
   "part": "model",
   "seconds": 2.023,
   "two": "n/a:no-save",
   "two_error": null,
   "verdict": "N/A"
  },
  {
   "fixture": "wide",
   "lane": "par-byte-lm-model-pool",
   "one": "n/a:driver-step (ParallelByteLanguageModelTrainer and its Pooled and Offloaded subclasses have train_step, state_dict, export_gradients and checkpoint only, python/mojolearn/parallel_training.py:89-172; train_step returns per-shard mean losses and one update from the shard-mean gradient, so no output belongs to one sequence, and the shard split is held to the replica trainer by the train column)",
   "one_error": null,
   "part": "batch",
   "seconds": 2.023,
   "two": "n/a:driver-step (ParallelByteLanguageModelTrainer and its Pooled and Offloaded subclasses have train_step, state_dict, export_gradients and checkpoint only, python/mojolearn/parallel_training.py:89-172; train_step returns per-shard mean losses and one update from the shard-mean gradient, so no output belongs to one sequence, and the shard split is held to the replica trainer by the train column)",
   "two_error": null,
   "verdict": "N/A"
  },
  {
   "fixture": "wide",
   "lane": "par-byte-lm-model-pool",
   "one": "n/a:driver-lane (the multi-GPU drivers carry no decode state; the single-device twin lane is asked)",
   "one_error": null,
   "part": "stepfull",
   "seconds": 2.023,
   "two": "n/a:driver-lane (the multi-GPU drivers carry no decode state; the single-device twin lane is asked)",
   "two_error": null,
   "verdict": "N/A"
  },
  {
   "fixture": "wide",
   "lane": "par-cd",
   "one": "d0df889b0ede05a7",
   "one_error": null,
   "part": "train",
   "seconds": 3.693,
   "two": "d0df889b0ede05a7",
   "two_error": null,
   "verdict": "IDENTICAL"
  },
  {
   "fixture": "wide",
   "lane": "par-cd",
   "one": "1f85238c927b088e",
   "one_error": null,
   "part": "infer",
   "seconds": 3.693,
   "two": "1f85238c927b088e",
   "two_error": null,
   "verdict": "IDENTICAL"
  },
  {
   "fixture": "wide",
   "lane": "par-cd",
   "one": "0a6e5ac09b5e4b9f",
   "one_error": null,
   "part": "model",
   "seconds": 3.693,
   "two": "0a6e5ac09b5e4b9f",
   "two_error": null,
   "verdict": "IDENTICAL"
  },
  {
   "fixture": "wide",
   "lane": "par-cd",
   "one": "5ac4ffd6acd1e500",
   "one_error": null,
   "part": "batch",
   "seconds": 3.693,
   "two": "5ac4ffd6acd1e500",
   "two_error": null,
   "verdict": "IDENTICAL"
  },
  {
   "fixture": "wide",
   "lane": "par-cd",
   "one": "n/a:no-decode-state",
   "one_error": null,
   "part": "stepfull",
   "seconds": 3.693,
   "two": "n/a:no-decode-state",
   "two_error": null,
   "verdict": "N/A"
  },
  {
   "fixture": "wide",
   "lane": "par-forecast-arima",
   "one": "22d66d253aa30eaa",
   "one_error": null,
   "part": "train",
   "seconds": 30.782,
   "two": "22d66d253aa30eaa",
   "two_error": null,
   "verdict": "IDENTICAL"
  },
  {
   "fixture": "wide",
   "lane": "par-forecast-arima",
   "one": "956bebc3f45a1c69",
   "one_error": null,
   "part": "infer",
   "seconds": 30.782,
   "two": "956bebc3f45a1c69",
   "two_error": null,
   "verdict": "IDENTICAL"
  },
  {
   "fixture": "wide",
   "lane": "par-forecast-arima",
   "one": "1f7be9c37fb3f5d6",
   "one_error": null,
   "part": "model",
   "seconds": 30.782,
   "two": "1f7be9c37fb3f5d6",
   "two_error": null,
   "verdict": "IDENTICAL"
  },
  {
   "fixture": "wide",
   "lane": "par-forecast-arima",
   "one": "a820c7d8f0125432",
   "one_error": null,
   "part": "batch",
   "seconds": 30.782,
   "two": "a820c7d8f0125432",
   "two_error": null,
   "verdict": "IDENTICAL"
  },
  {
   "fixture": "wide",
   "lane": "par-forecast-arima",
   "one": "n/a:no-decode-state",
   "one_error": null,
   "part": "stepfull",
   "seconds": 30.782,
   "two": "n/a:no-decode-state",
   "two_error": null,
   "verdict": "N/A"
  },
  {
   "fixture": "wide",
   "lane": "par-forest",
   "one": "e57dc48ebb4fda48",
   "one_error": null,
   "part": "train",
   "seconds": 5.026,
   "two": "e57dc48ebb4fda48",
   "two_error": null,
   "verdict": "IDENTICAL"
  },
  {
   "fixture": "wide",
   "lane": "par-forest",
   "one": "576ce8ec7833b38d",
   "one_error": null,
   "part": "infer",
   "seconds": 5.026,
   "two": "576ce8ec7833b38d",
   "two_error": null,
   "verdict": "IDENTICAL"
  },
  {
   "fixture": "wide",
   "lane": "par-forest",
   "one": "76cb8029f7d6dc47",
   "one_error": null,
   "part": "model",
   "seconds": 5.026,
   "two": "76cb8029f7d6dc47",
   "two_error": null,
   "verdict": "IDENTICAL"
  },
  {
   "fixture": "wide",
   "lane": "par-forest",
   "one": "5b5a82bfefc3405e",
   "one_error": null,
   "part": "batch",
   "seconds": 5.026,
   "two": "5b5a82bfefc3405e",
   "two_error": null,
   "verdict": "IDENTICAL"
  },
  {
   "fixture": "wide",
   "lane": "par-forest",
   "one": "n/a:no-decode-state",
   "one_error": null,
   "part": "stepfull",
   "seconds": 5.026,
   "two": "n/a:no-decode-state",
   "two_error": null,
   "verdict": "N/A"
  },
  {
   "fixture": "wide",
   "lane": "par-forest-reg",
   "one": "8d9b05172d7a3777",
   "one_error": null,
   "part": "train",
   "seconds": 4.561,
   "two": "8d9b05172d7a3777",
   "two_error": null,
   "verdict": "IDENTICAL"
  },
  {
   "fixture": "wide",
   "lane": "par-forest-reg",
   "one": "1dddbff05a6645de",
   "one_error": null,
   "part": "infer",
   "seconds": 4.561,
   "two": "1dddbff05a6645de",
   "two_error": null,
   "verdict": "IDENTICAL"
  },
  {
   "fixture": "wide",
   "lane": "par-forest-reg",
   "one": "f252dc1602084e7d",
   "one_error": null,
   "part": "model",
   "seconds": 4.561,
   "two": "f252dc1602084e7d",
   "two_error": null,
   "verdict": "IDENTICAL"
  },
  {
   "fixture": "wide",
   "lane": "par-forest-reg",
   "one": "ab6df57a882a7235",
   "one_error": null,
   "part": "batch",
   "seconds": 4.561,
   "two": "ab6df57a882a7235",
   "two_error": null,
   "verdict": "IDENTICAL"
  },
  {
   "fixture": "wide",
   "lane": "par-forest-reg",
   "one": "n/a:no-decode-state",
   "one_error": null,
   "part": "stepfull",
   "seconds": 4.561,
   "two": "n/a:no-decode-state",
   "two_error": null,
   "verdict": "N/A"
  },
  {
   "fixture": "wide",
   "lane": "par-gp",
   "one": "70f282e5998ec6ce",
   "one_error": null,
   "part": "train",
   "seconds": 7.28,
   "two": "70f282e5998ec6ce",
   "two_error": null,
   "verdict": "IDENTICAL"
  },
  {
   "fixture": "wide",
   "lane": "par-gp",
   "one": "890cda1ff831faab",
   "one_error": null,
   "part": "infer",
   "seconds": 7.28,
   "two": "890cda1ff831faab",
   "two_error": null,
   "verdict": "IDENTICAL"
  },
  {
   "fixture": "wide",
   "lane": "par-gp",
   "one": "6de1e70ad300db07",
   "one_error": null,
   "part": "model",
   "seconds": 7.28,
   "two": "6de1e70ad300db07",
   "two_error": null,
   "verdict": "IDENTICAL"
  },
  {
   "fixture": "wide",
   "lane": "par-gp",
   "one": "d3e6783a8a000e56",
   "one_error": null,
   "part": "batch",
   "seconds": 7.28,
   "two": "d3e6783a8a000e56",
   "two_error": null,
   "verdict": "IDENTICAL"
  },
  {
   "fixture": "wide",
   "lane": "par-gp",
   "one": "n/a:no-decode-state",
   "one_error": null,
   "part": "stepfull",
   "seconds": 7.28,
   "two": "n/a:no-decode-state",
   "two_error": null,
   "verdict": "N/A"
  },
  {
   "fixture": "wide",
   "lane": "par-gpc-fit",
   "one": "38186a8759df8c24",
   "one_error": null,
   "part": "train",
   "seconds": 7.696,
   "two": "38186a8759df8c24",
   "two_error": null,
   "verdict": "IDENTICAL"
  },
  {
   "fixture": "wide",
   "lane": "par-gpc-fit",
   "one": "209675fda33ccf51",
   "one_error": null,
   "part": "infer",
   "seconds": 7.696,
   "two": "209675fda33ccf51",
   "two_error": null,
   "verdict": "IDENTICAL"
  },
  {
   "fixture": "wide",
   "lane": "par-gpc-fit",
   "one": "a3ba1f8be78a6a1e",
   "one_error": null,
   "part": "model",
   "seconds": 7.696,
   "two": "a3ba1f8be78a6a1e",
   "two_error": null,
   "verdict": "IDENTICAL"
  },
  {
   "fixture": "wide",
   "lane": "par-gpc-fit",
   "one": "e8e16299ce5b249c",
   "one_error": null,
   "part": "batch",
   "seconds": 7.696,
   "two": "e8e16299ce5b249c",
   "two_error": null,
   "verdict": "IDENTICAL"
  },
  {
   "fixture": "wide",
   "lane": "par-gpc-fit",
   "one": "n/a:no-decode-state (a cross-validation score and a Gaussian process classifier posterior have no sequence axis and no carried state)",
   "one_error": null,
   "part": "stepfull",
   "seconds": 7.696,
   "two": "n/a:no-decode-state (a cross-validation score and a Gaussian process classifier posterior have no sequence axis and no carried state)",
   "two_error": null,
   "verdict": "N/A"
  },
  {
   "fixture": "wide",
   "lane": "par-gpc-predict",
   "one": "6c0ef697f0ddafb7",
   "one_error": null,
   "part": "train",
   "seconds": 14.663,
   "two": "6c0ef697f0ddafb7",
   "two_error": null,
   "verdict": "IDENTICAL"
  },
  {
   "fixture": "wide",
   "lane": "par-gpc-predict",
   "one": "a94e0eb4bddf6c35",
   "one_error": null,
   "part": "infer",
   "seconds": 14.663,
   "two": "a94e0eb4bddf6c35",
   "two_error": null,
   "verdict": "IDENTICAL"
  },
  {
   "fixture": "wide",
   "lane": "par-gpc-predict",
   "one": "a3ba1f8be78a6a1e",
   "one_error": null,
   "part": "model",
   "seconds": 14.663,
   "two": "a3ba1f8be78a6a1e",
   "two_error": null,
   "verdict": "IDENTICAL"
  },
  {
   "fixture": "wide",
   "lane": "par-gpc-predict",
   "one": "e8e16299ce5b249c",
   "one_error": null,
   "part": "batch",
   "seconds": 14.663,
   "two": "e8e16299ce5b249c",
   "two_error": null,
   "verdict": "IDENTICAL"
  },
  {
   "fixture": "wide",
   "lane": "par-gpc-predict",
   "one": "n/a:no-decode-state (a cross-validation score and a Gaussian process classifier posterior have no sequence axis and no carried state)",
   "one_error": null,
   "part": "stepfull",
   "seconds": 14.663,
   "two": "n/a:no-decode-state (a cross-validation score and a Gaussian process classifier posterior have no sequence axis and no carried state)",
   "two_error": null,
   "verdict": "N/A"
  },
  {
   "fixture": "wide",
   "lane": "par-gram-ols",
   "one": "880f803e2a9840cf",
   "one_error": null,
   "part": "train",
   "seconds": 3.787,
   "two": "880f803e2a9840cf",
   "two_error": null,
   "verdict": "IDENTICAL"
  },
  {
   "fixture": "wide",
   "lane": "par-gram-ols",
   "one": "c40c1d99f114c282",
   "one_error": null,
   "part": "infer",
   "seconds": 3.787,
   "two": "c40c1d99f114c282",
   "two_error": null,
   "verdict": "IDENTICAL"
  },
  {
   "fixture": "wide",
   "lane": "par-gram-ols",
   "one": "926f863307451ea0",
   "one_error": null,
   "part": "model",
   "seconds": 3.787,
   "two": "926f863307451ea0",
   "two_error": null,
   "verdict": "IDENTICAL"
  },
  {
   "fixture": "wide",
   "lane": "par-gram-ols",
   "one": "7b5124d64616ae30",
   "one_error": null,
   "part": "batch",
   "seconds": 3.787,
   "two": "7b5124d64616ae30",
   "two_error": null,
   "verdict": "IDENTICAL"
  },
  {
   "fixture": "wide",
   "lane": "par-gram-ols",
   "one": "n/a:no-decode-state",
   "one_error": null,
   "part": "stepfull",
   "seconds": 3.787,
   "two": "n/a:no-decode-state",
   "two_error": null,
   "verdict": "N/A"
  },
  {
   "fixture": "wide",
   "lane": "par-hdbscan",
   "one": "563fb8c9af1d7175",
   "one_error": null,
   "part": "train",
   "seconds": 4.532,
   "two": "563fb8c9af1d7175",
   "two_error": null,
   "verdict": "IDENTICAL"
  },
  {
   "fixture": "wide",
   "lane": "par-hdbscan",
   "one": "e6236a48c05af868",
   "one_error": null,
   "part": "infer",
   "seconds": 4.532,
   "two": "e6236a48c05af868",
   "two_error": null,
   "verdict": "IDENTICAL"
  },
  {
   "fixture": "wide",
   "lane": "par-hdbscan",
   "one": "43acca80625ff95a",
   "one_error": null,
   "part": "model",
   "seconds": 4.532,
   "two": "43acca80625ff95a",
   "two_error": null,
   "verdict": "IDENTICAL"
  },
  {
   "fixture": "wide",
   "lane": "par-hdbscan",
   "one": "b17200e6905c04db",
   "one_error": null,
   "part": "batch",
   "seconds": 4.532,
   "two": "b17200e6905c04db",
   "two_error": null,
   "verdict": "IDENTICAL"
  },
  {
   "fixture": "wide",
   "lane": "par-hdbscan",
   "one": "n/a:no-decode-state",
   "one_error": null,
   "part": "stepfull",
   "seconds": 4.532,
   "two": "n/a:no-decode-state",
   "two_error": null,
   "verdict": "N/A"
  },
  {
   "fixture": "wide",
   "lane": "par-iforest",
   "one": "8703d4a008ffd13d",
   "one_error": null,
   "part": "train",
   "seconds": 15.492,
   "two": "8703d4a008ffd13d",
   "two_error": null,
   "verdict": "IDENTICAL"
  },
  {
   "fixture": "wide",
   "lane": "par-iforest",
   "one": "a8612e7e09b4983b",
   "one_error": null,
   "part": "infer",
   "seconds": 15.492,
   "two": "a8612e7e09b4983b",
   "two_error": null,
   "verdict": "IDENTICAL"
  },
  {
   "fixture": "wide",
   "lane": "par-iforest",
   "one": "26cfa8e7383086a0",
   "one_error": null,
   "part": "model",
   "seconds": 15.492,
   "two": "26cfa8e7383086a0",
   "two_error": null,
   "verdict": "IDENTICAL"
  },
  {
   "fixture": "wide",
   "lane": "par-iforest",
   "one": "a034e98794a42baf",
   "one_error": null,
   "part": "batch",
   "seconds": 15.492,
   "two": "a034e98794a42baf",
   "two_error": null,
   "verdict": "IDENTICAL"
  },
  {
   "fixture": "wide",
   "lane": "par-iforest",
   "one": "n/a:no-decode-state",
   "one_error": null,
   "part": "stepfull",
   "seconds": 15.492,
   "two": "n/a:no-decode-state",
   "two_error": null,
   "verdict": "N/A"
  },
  {
   "fixture": "wide",
   "lane": "par-ivf",
   "one": "58e21feb2047a65f",
   "one_error": null,
   "part": "train",
   "seconds": 19.926,
   "two": "58e21feb2047a65f",
   "two_error": null,
   "verdict": "IDENTICAL"
  },
  {
   "fixture": "wide",
   "lane": "par-ivf",
   "one": "2bfe5d9bde8a2564",
   "one_error": null,
   "part": "infer",
   "seconds": 19.926,
   "two": "2bfe5d9bde8a2564",
   "two_error": null,
   "verdict": "IDENTICAL"
  },
  {
   "fixture": "wide",
   "lane": "par-ivf",
   "one": "809bc63c73b2c093",
   "one_error": null,
   "part": "model",
   "seconds": 19.926,
   "two": "809bc63c73b2c093",
   "two_error": null,
   "verdict": "IDENTICAL"
  },
  {
   "fixture": "wide",
   "lane": "par-ivf",
   "one": "3e09f4c3db3c3e66",
   "one_error": null,
   "part": "batch",
   "seconds": 19.926,
   "two": "3e09f4c3db3c3e66",
   "two_error": null,
   "verdict": "IDENTICAL"
  },
  {
   "fixture": "wide",
   "lane": "par-ivf",
   "one": "n/a:no-decode-state",
   "one_error": null,
   "part": "stepfull",
   "seconds": 19.926,
   "two": "n/a:no-decode-state",
   "two_error": null,
   "verdict": "N/A"
  },
  {
   "fixture": "wide",
   "lane": "par-logistic",
   "one": "4e980d6d6bb17dd2",
   "one_error": null,
   "part": "train",
   "seconds": 3.663,
   "two": "4e980d6d6bb17dd2",
   "two_error": null,
   "verdict": "IDENTICAL"
  },
  {
   "fixture": "wide",
   "lane": "par-logistic",
   "one": "0b4e034053a507a6",
   "one_error": null,
   "part": "infer",
   "seconds": 3.663,
   "two": "0b4e034053a507a6",
   "two_error": null,
   "verdict": "IDENTICAL"
  },
  {
   "fixture": "wide",
   "lane": "par-logistic",
   "one": "576c92b63ada584d",
   "one_error": null,
   "part": "model",
   "seconds": 3.663,
   "two": "576c92b63ada584d",
   "two_error": null,
   "verdict": "IDENTICAL"
  },
  {
   "fixture": "wide",
   "lane": "par-logistic",
   "one": "a975cc495acc07a6",
   "one_error": null,
   "part": "batch",
   "seconds": 3.663,
   "two": "a975cc495acc07a6",
   "two_error": null,
   "verdict": "IDENTICAL"
  },
  {
   "fixture": "wide",
   "lane": "par-logistic",
   "one": "n/a:no-decode-state",
   "one_error": null,
   "part": "stepfull",
   "seconds": 3.663,
   "two": "n/a:no-decode-state",
   "two_error": null,
   "verdict": "N/A"
  },
  {
   "fixture": "wide",
   "lane": "par-rbf-sampler",
   "one": "05b22615a93f0d50",
   "one_error": null,
   "part": "train",
   "seconds": 12.005,
   "two": "05b22615a93f0d50",
   "two_error": null,
   "verdict": "IDENTICAL"
  },
  {
   "fixture": "wide",
   "lane": "par-rbf-sampler",
   "one": "6be24377fba7b780",
   "one_error": null,
   "part": "infer",
   "seconds": 12.005,
   "two": "6be24377fba7b780",
   "two_error": null,
   "verdict": "IDENTICAL"
  },
  {
   "fixture": "wide",
   "lane": "par-rbf-sampler",
   "one": "d4b54301bf9a47f0",
   "one_error": null,
   "part": "model",
   "seconds": 12.005,
   "two": "d4b54301bf9a47f0",
   "two_error": null,
   "verdict": "IDENTICAL"
  },
  {
   "fixture": "wide",
   "lane": "par-rbf-sampler",
   "one": "6b2706d0240eb5bb",
   "one_error": null,
   "part": "batch",
   "seconds": 12.005,
   "two": "6b2706d0240eb5bb",
   "two_error": null,
   "verdict": "IDENTICAL"
  },
  {
   "fixture": "wide",
   "lane": "par-rbf-sampler",
   "one": "n/a:no-decode-state",
   "one_error": null,
   "part": "stepfull",
   "seconds": 12.005,
   "two": "n/a:no-decode-state",
   "two_error": null,
   "verdict": "N/A"
  },
  {
   "fixture": "wide",
   "lane": "par-reference-knn-reg",
   "one": "0d128580a2408383",
   "one_error": null,
   "part": "train",
   "seconds": 15.568,
   "two": "0d128580a2408383",
   "two_error": null,
   "verdict": "IDENTICAL"
  },
  {
   "fixture": "wide",
   "lane": "par-reference-knn-reg",
   "one": "4b2e95d49bb291c5",
   "one_error": null,
   "part": "infer",
   "seconds": 15.568,
   "two": "4b2e95d49bb291c5",
   "two_error": null,
   "verdict": "IDENTICAL"
  },
  {
   "fixture": "wide",
   "lane": "par-reference-knn-reg",
   "one": "42c9143b5b930be3",
   "one_error": null,
   "part": "model",
   "seconds": 15.568,
   "two": "42c9143b5b930be3",
   "two_error": null,
   "verdict": "IDENTICAL"
  },
  {
   "fixture": "wide",
   "lane": "par-reference-knn-reg",
   "one": "dda937e53b42ca41",
   "one_error": null,
   "part": "batch",
   "seconds": 15.568,
   "two": "dda937e53b42ca41",
   "two_error": null,
   "verdict": "IDENTICAL"
  },
  {
   "fixture": "wide",
   "lane": "par-reference-knn-reg",
   "one": "n/a:no-decode-state",
   "one_error": null,
   "part": "stepfull",
   "seconds": 15.568,
   "two": "n/a:no-decode-state",
   "two_error": null,
   "verdict": "N/A"
  },
  {
   "fixture": "wide",
   "lane": "par-samba",
   "one": "b9a6f11655fecdf2",
   "one_error": null,
   "part": "train",
   "seconds": 9.551,
   "two": "b9a6f11655fecdf2",
   "two_error": null,
   "verdict": "IDENTICAL"
  },
  {
   "fixture": "wide",
   "lane": "par-samba",
   "one": "561cbc9176182841",
   "one_error": null,
   "part": "infer",
   "seconds": 9.551,
   "two": "561cbc9176182841",
   "two_error": null,
   "verdict": "IDENTICAL"
  },
  {
   "fixture": "wide",
   "lane": "par-samba",
   "one": "c68ee79e31dc0e49",
   "one_error": null,
   "part": "model",
   "seconds": 9.551,
   "two": "c68ee79e31dc0e49",
   "two_error": null,
   "verdict": "IDENTICAL"
  },
  {
   "fixture": "wide",
   "lane": "par-samba",
   "one": "a45b112b42f1ed51",
   "one_error": null,
   "part": "batch",
   "seconds": 9.551,
   "two": "a45b112b42f1ed51",
   "two_error": null,
   "verdict": "IDENTICAL"
  },
  {
   "fixture": "wide",
   "lane": "par-samba",
   "one": "n/a:driver-lane (the multi-GPU drivers carry no decode state; the single-device twin lane is asked)",
   "one_error": null,
   "part": "stepfull",
   "seconds": 9.551,
   "two": "n/a:driver-lane (the multi-GPU drivers carry no decode state; the single-device twin lane is asked)",
   "two_error": null,
   "verdict": "N/A"
  },
  {
   "fixture": "wide",
   "lane": "par-scaler",
   "one": "5f7db2fcea40d3ca",
   "one_error": null,
   "part": "train",
   "seconds": 11.683,
   "two": "5f7db2fcea40d3ca",
   "two_error": null,
   "verdict": "IDENTICAL"
  },
  {
   "fixture": "wide",
   "lane": "par-scaler",
   "one": "3e17d9ac3db242ba",
   "one_error": null,
   "part": "infer",
   "seconds": 11.683,
   "two": "3e17d9ac3db242ba",
   "two_error": null,
   "verdict": "IDENTICAL"
  },
  {
   "fixture": "wide",
   "lane": "par-scaler",
   "one": "a5b9d7c55d36b98e",
   "one_error": null,
   "part": "model",
   "seconds": 11.683,
   "two": "a5b9d7c55d36b98e",
   "two_error": null,
   "verdict": "IDENTICAL"
  },
  {
   "fixture": "wide",
   "lane": "par-scaler",
   "one": "e0463d8bf2244791",
   "one_error": null,
   "part": "batch",
   "seconds": 11.683,
   "two": "e0463d8bf2244791",
   "two_error": null,
   "verdict": "IDENTICAL"
  },
  {
   "fixture": "wide",
   "lane": "par-scaler",
   "one": "n/a:no-decode-state",
   "one_error": null,
   "part": "stepfull",
   "seconds": 11.683,
   "two": "n/a:no-decode-state",
   "two_error": null,
   "verdict": "N/A"
  }
 ],
 "compared": 100,
 "counts": {
  "IDENTICAL": 76,
  "N/A": 24
 },
 "devices": [
  0,
  1
 ],
 "elapsed_s": 214.5,
 "fixtures": [
  "wide"
 ],
 "format": "mojolearn.verify-par.v1",
 "lanes": [
  "par-boosting-pointwise",
  "par-boosting-reg",
  "par-border-types",
  "par-byte-lm-model-pool",
  "par-cd",
  "par-forecast-arima",
  "par-forest",
  "par-forest-reg",
  "par-gp",
  "par-gpc-fit",
  "par-gpc-predict",
  "par-gram-ols",
  "par-hdbscan",
  "par-iforest",
  "par-ivf",
  "par-logistic",
  "par-rbf-sampler",
  "par-reference-knn-reg",
  "par-samba",
  "par-scaler"
 ],
 "par_lanes": [
  "par-arima",
  "par-boosting",
  "par-boosting-clf",
  "par-boosting-pointwise",
  "par-boosting-reg",
  "par-border-types",
  "par-byte-lm",
  "par-byte-lm-model-pool",
  "par-byte-lm-offload",
  "par-causal-lm",
  "par-cd",
  "par-cd-elasticnet",
  "par-cholesky",
  "par-cross-val",
  "par-dbscan",
  "par-feature-freq",
  "par-forecast-arima",
  "par-forecast-holtwinters",
  "par-forest",
  "par-forest-et",
  "par-forest-et-clf",
  "par-forest-pool",
  "par-forest-reg",
  "par-gmm",
  "par-gp",
  "par-gpc-fit",
  "par-gpc-predict",
  "par-gram",
  "par-gram-ols",
  "par-gram-pca",
  "par-gram-tsvd",
  "par-graph-agglomerative",
  "par-graph-spectral",
  "par-graph-umap",
  "par-hdbscan",
  "par-holtwinters",
  "par-iforest",
  "par-ivf",
  "par-kernel-ridge",
  "par-kmeans",
  "par-logistic",
  "par-mlp",
  "par-nystroem",
  "par-ordered",
  "par-ordered-rmse",
  "par-queries-kde",
  "par-queries-knn",
  "par-queries-nn",
  "par-queries-radius",
  "par-rbf-sampler",
  "par-reference-knn",
  "par-reference-knn-reg",
  "par-resample",
  "par-samba",
  "par-samba-clip",
  "par-scaler",
  "par-scaler-minmax",
  "par-svm",
  "par-svm-svr"
 ],
 "passed": null,
 "perturbed": false,
 "ran": true,
 "repeats": 1,
 "representative_of": {
  "arima": "par-arima",
  "core": "par-queries-knn",
  "estimators": "par-queries-kde",
  "gbdt": "par-cross-val",
  "gp": "par-gpc-fit",
  "ivf": "par-ivf",
  "kernel_methods": "par-rbf-sampler",
  "neural": "par-causal-lm",
  "parallel drivers": "par-boosting",
  "preprocessing": "par-scaler",
  "rf": "par-forest",
  "training": "par-mlp",
  "trees": "par-forest-et",
  "tsa": "par-forecast-holtwinters"
 },
 "scope": "all",
 "state": "INCOMPLETE",
 "vendor": "cuda",
 "witness": {
  "detail": [
   {
    "cooperative": true,
    "devices": [
     0,
     1
    ],
    "workers": [
     {
      "devices": [
       "09bd08531c338345e1be46323ea19f5b",
       "5c4c7be6cdfa9c7ed40b74d56b47de4f"
      ],
      "pid": 2591,
      "visibility": {
       "CUDA_VISIBLE_DEVICES": "0,1"
      }
     }
    ]
   },
   {
    "cooperative": true,
    "devices": [
     0,
     1
    ],
    "workers": [
     {
      "devices": [
       "09bd08531c338345e1be46323ea19f5b",
       "5c4c7be6cdfa9c7ed40b74d56b47de4f"
      ],
      "pid": 2735,
      "visibility": {
       "CUDA_VISIBLE_DEVICES": "0,1"
      }
     }
    ]
   },
   {
    "cooperative": true,
    "devices": [
     0,
     1
    ],
    "workers": [
     {
      "devices": [
       "09bd08531c338345e1be46323ea19f5b",
       "5c4c7be6cdfa9c7ed40b74d56b47de4f"
      ],
      "pid": 3234,
      "visibility": {
       "CUDA_VISIBLE_DEVICES": "0,1"
      }
     }
    ]
   },
   {
    "cooperative": true,
    "devices": [
     0,
     1
    ],
    "workers": [
     {
      "devices": [
       "09bd08531c338345e1be46323ea19f5b",
       "5c4c7be6cdfa9c7ed40b74d56b47de4f"
      ],
      "pid": 3307,
      "visibility": {
       "CUDA_VISIBLE_DEVICES": "0,1"
      }
     }
    ]
   },
   {
    "cooperative": true,
    "devices": [
     0,
     1
    ],
    "workers": [
     {
      "devices": [
       "09bd08531c338345e1be46323ea19f5b",
       "5c4c7be6cdfa9c7ed40b74d56b47de4f"
      ],
      "pid": 3391,
      "visibility": {
       "CUDA_VISIBLE_DEVICES": "0,1"
      }
     }
    ]
   },
   {
    "cooperative": true,
    "devices": [
     0,
     1
    ],
    "workers": [
     {
      "devices": [
       "09bd08531c338345e1be46323ea19f5b",
       "5c4c7be6cdfa9c7ed40b74d56b47de4f"
      ],
      "pid": 3465,
      "visibility": {
       "CUDA_VISIBLE_DEVICES": "0,1"
      }
     }
    ]
   },
   {
    "cooperative": true,
    "devices": [
     0,
     1
    ],
    "workers": [
     {
      "devices": [
       "09bd08531c338345e1be46323ea19f5b",
       "5c4c7be6cdfa9c7ed40b74d56b47de4f"
      ],
      "pid": 3538,
      "visibility": {
       "CUDA_VISIBLE_DEVICES": "0,1"
      }
     }
    ]
   },
   {
    "cooperative": true,
    "devices": [
     0,
     1
    ],
    "workers": [
     {
      "devices": [
       "09bd08531c338345e1be46323ea19f5b",
       "5c4c7be6cdfa9c7ed40b74d56b47de4f"
      ],
      "pid": 3625,
      "visibility": {
       "CUDA_VISIBLE_DEVICES": "0,1"
      }
     }
    ]
   },
   {
    "cooperative": true,
    "devices": [
     0,
     1
    ],
    "workers": [
     {
      "devices": [
       "09bd08531c338345e1be46323ea19f5b",
       "5c4c7be6cdfa9c7ed40b74d56b47de4f"
      ],
      "pid": 3771,
      "visibility": {
       "CUDA_VISIBLE_DEVICES": "0,1"
      }
     }
    ]
   },
   {
    "cooperative": false,
    "devices": [
     0,
     1
    ],
    "workers": [
     {
      "devices": [
       "09bd08531c338345e1be46323ea19f5b"
      ],
      "pid": 4424,
      "visibility": {
       "CUDA_VISIBLE_DEVICES": "0"
      }
     },
     {
      "devices": [
       "5c4c7be6cdfa9c7ed40b74d56b47de4f"
      ],
      "pid": 4425,
      "visibility": {
       "CUDA_VISIBLE_DEVICES": "1"
      }
     }
    ]
   },
   {
    "cooperative": false,
    "devices": [
     0,
     1
    ],
    "workers": [
     {
      "devices": [
       "09bd08531c338345e1be46323ea19f5b"
      ],
      "pid": 4566,
      "visibility": {
       "CUDA_VISIBLE_DEVICES": "0"
      }
     },
     {
      "devices": [
       "5c4c7be6cdfa9c7ed40b74d56b47de4f"
      ],
      "pid": 4567,
      "visibility": {
       "CUDA_VISIBLE_DEVICES": "1"
      }
     }
    ]
   },
   {
    "cooperative": false,
    "devices": [
     0,
     1
    ],
    "workers": [
     {
      "devices": [
       "09bd08531c338345e1be46323ea19f5b"
      ],
      "pid": 4708,
      "visibility": {
       "CUDA_VISIBLE_DEVICES": "0"
      }
     },
     {
      "devices": [
       "5c4c7be6cdfa9c7ed40b74d56b47de4f"
      ],
      "pid": 4709,
      "visibility": {
       "CUDA_VISIBLE_DEVICES": "1"
      }
     }
    ]
   },
   {
    "cooperative": false,
    "devices": [
     0,
     1
    ],
    "workers": [
     {
      "devices": [
       "09bd08531c338345e1be46323ea19f5b"
      ],
      "pid": 4850,
      "visibility": {
       "CUDA_VISIBLE_DEVICES": "0"
      }
     },
     {
      "devices": [
       "5c4c7be6cdfa9c7ed40b74d56b47de4f"
      ],
      "pid": 4851,
      "visibility": {
       "CUDA_VISIBLE_DEVICES": "1"
      }
     }
    ]
   },
   {
    "cooperative": false,
    "devices": [
     0,
     1
    ],
    "workers": [
     {
      "devices": [
       "09bd08531c338345e1be46323ea19f5b"
      ],
      "pid": 4992,
      "visibility": {
       "CUDA_VISIBLE_DEVICES": "0"
      }
     },
     {
      "devices": [
       "5c4c7be6cdfa9c7ed40b74d56b47de4f"
      ],
      "pid": 4993,
      "visibility": {
       "CUDA_VISIBLE_DEVICES": "1"
      }
     }
    ]
   },
   {
    "cooperative": false,
    "devices": [
     0,
     1
    ],
    "workers": [
     {
      "devices": [
       "09bd08531c338345e1be46323ea19f5b"
      ],
      "pid": 5134,
      "visibility": {
       "CUDA_VISIBLE_DEVICES": "0"
      }
     },
     {
      "devices": [
       "5c4c7be6cdfa9c7ed40b74d56b47de4f"
      ],
      "pid": 5135,
      "visibility": {
       "CUDA_VISIBLE_DEVICES": "1"
      }
     }
    ]
   },
   {
    "cooperative": false,
    "devices": [
     0,
     1
    ],
    "workers": [
     {
      "devices": [
       "09bd08531c338345e1be46323ea19f5b"
      ],
      "pid": 5276,
      "visibility": {
       "CUDA_VISIBLE_DEVICES": "0"
      }
     },
     {
      "devices": [
       "5c4c7be6cdfa9c7ed40b74d56b47de4f"
      ],
      "pid": 5277,
      "visibility": {
       "CUDA_VISIBLE_DEVICES": "1"
      }
     }
    ]
   },
   {
    "cooperative": false,
    "devices": [
     0,
     1
    ],
    "workers": [
     {
      "devices": [
       "09bd08531c338345e1be46323ea19f5b"
      ],
      "pid": 5418,
      "visibility": {
       "CUDA_VISIBLE_DEVICES": "0"
      }
     },
     {
      "devices": [
       "5c4c7be6cdfa9c7ed40b74d56b47de4f"
      ],
      "pid": 5419,
      "visibility": {
       "CUDA_VISIBLE_DEVICES": "1"
      }
     }
    ]
   },
   {
    "cooperative": false,
    "devices": [
     0,
     1
    ],
    "workers": [
     {
      "devices": [
       "09bd08531c338345e1be46323ea19f5b"
      ],
      "pid": 5631,
      "visibility": {
       "CUDA_VISIBLE_DEVICES": "0"
      }
     },
     {
      "devices": [
       "5c4c7be6cdfa9c7ed40b74d56b47de4f"
      ],
      "pid": 5632,
      "visibility": {
       "CUDA_VISIBLE_DEVICES": "1"
      }
     }
    ]
   },
   {
    "cooperative": false,
    "devices": [
     0,
     1
    ],
    "workers": [
     {
      "devices": [
       "09bd08531c338345e1be46323ea19f5b"
      ],
      "pid": 5844,
      "visibility": {
       "CUDA_VISIBLE_DEVICES": "0"
      }
     },
     {
      "devices": [
       "5c4c7be6cdfa9c7ed40b74d56b47de4f"
      ],
      "pid": 5845,
      "visibility": {
       "CUDA_VISIBLE_DEVICES": "1"
      }
     }
    ]
   },
   {
    "cooperative": true,
    "devices": [
     0,
     1
    ],
    "workers": [
     {
      "devices": [
       "09bd08531c338345e1be46323ea19f5b",
       "5c4c7be6cdfa9c7ed40b74d56b47de4f"
      ],
      "pid": 6130,
      "visibility": {
       "CUDA_VISIBLE_DEVICES": "0,1"
      }
     }
    ]
   },
   {
    "cooperative": true,
    "devices": [
     0,
     1
    ],
    "workers": [
     {
      "devices": [
       "09bd08531c338345e1be46323ea19f5b",
       "5c4c7be6cdfa9c7ed40b74d56b47de4f"
      ],
      "pid": 6213,
      "visibility": {
       "CUDA_VISIBLE_DEVICES": "0,1"
      }
     }
    ]
   },
   {
    "cooperative": false,
    "devices": [
     0,
     1
    ],
    "workers": [
     {
      "devices": [
       "09bd08531c338345e1be46323ea19f5b"
      ],
      "pid": 6430,
      "visibility": {
       "CUDA_VISIBLE_DEVICES": "0"
      }
     },
     {
      "devices": [
       "5c4c7be6cdfa9c7ed40b74d56b47de4f"
      ],
      "pid": 6431,
      "visibility": {
       "CUDA_VISIBLE_DEVICES": "1"
      }
     }
    ]
   },
   {
    "cooperative": false,
    "devices": [
     0,
     1
    ],
    "workers": [
     {
      "devices": [
       "09bd08531c338345e1be46323ea19f5b"
      ],
      "pid": 6581,
      "visibility": {
       "CUDA_VISIBLE_DEVICES": "0"
      }
     },
     {
      "devices": [
       "5c4c7be6cdfa9c7ed40b74d56b47de4f"
      ],
      "pid": 6582,
      "visibility": {
       "CUDA_VISIBLE_DEVICES": "1"
      }
     }
    ]
   },
   {
    "cooperative": false,
    "devices": [
     0,
     1
    ],
    "workers": [
     {
      "devices": [
       "09bd08531c338345e1be46323ea19f5b"
      ],
      "pid": 7007,
      "visibility": {
       "CUDA_VISIBLE_DEVICES": "0"
      }
     },
     {
      "devices": [
       "5c4c7be6cdfa9c7ed40b74d56b47de4f"
      ],
      "pid": 7008,
      "visibility": {
       "CUDA_VISIBLE_DEVICES": "1"
      }
     }
    ]
   },
   {
    "cooperative": false,
    "devices": [
     0,
     1
    ],
    "workers": [
     {
      "devices": [
       "09bd08531c338345e1be46323ea19f5b"
      ],
      "pid": 7146,
      "visibility": {
       "CUDA_VISIBLE_DEVICES": "0"
      }
     },
     {
      "devices": [
       "5c4c7be6cdfa9c7ed40b74d56b47de4f"
      ],
      "pid": 7147,
      "visibility": {
       "CUDA_VISIBLE_DEVICES": "1"
      }
     }
    ]
   },
   {
    "cooperative": false,
    "devices": [
     0,
     1
    ],
    "workers": [
     {
      "devices": [
       "09bd08531c338345e1be46323ea19f5b"
      ],
      "pid": 7285,
      "visibility": {
       "CUDA_VISIBLE_DEVICES": "0"
      }
     },
     {
      "devices": [
       "5c4c7be6cdfa9c7ed40b74d56b47de4f"
      ],
      "pid": 7286,
      "visibility": {
       "CUDA_VISIBLE_DEVICES": "1"
      }
     }
    ]
   },
   {
    "cooperative": false,
    "devices": [
     0,
     1
    ],
    "workers": [
     {
      "devices": [
       "09bd08531c338345e1be46323ea19f5b"
      ],
      "pid": 7427,
      "visibility": {
       "CUDA_VISIBLE_DEVICES": "0"
      }
     },
     {
      "devices": [
       "5c4c7be6cdfa9c7ed40b74d56b47de4f"
      ],
      "pid": 7428,
      "visibility": {
       "CUDA_VISIBLE_DEVICES": "1"
      }
     }
    ]
   },
   {
    "cooperative": true,
    "devices": [
     0,
     1
    ],
    "workers": [
     {
      "devices": [
       "09bd08531c338345e1be46323ea19f5b",
       "5c4c7be6cdfa9c7ed40b74d56b47de4f"
      ],
      "pid": 7640,
      "visibility": {
       "CUDA_VISIBLE_DEVICES": "0,1"
      }
     }
    ]
   },
   {
    "cooperative": true,
    "devices": [
     0,
     1
    ],
    "workers": [
     {
      "devices": [
       "09bd08531c338345e1be46323ea19f5b",
       "5c4c7be6cdfa9c7ed40b74d56b47de4f"
      ],
      "pid": 7795,
      "visibility": {
       "CUDA_VISIBLE_DEVICES": "0,1"
      }
     }
    ]
   },
   {
    "cooperative": true,
    "devices": [
     0,
     1
    ],
    "workers": [
     {
      "devices": [
       "09bd08531c338345e1be46323ea19f5b",
       "5c4c7be6cdfa9c7ed40b74d56b47de4f"
      ],
      "pid": 8011,
      "visibility": {
       "CUDA_VISIBLE_DEVICES": "0,1"
      }
     }
    ]
   },
   {
    "cooperative": true,
    "devices": [
     0,
     1
    ],
    "workers": [
     {
      "devices": [
       "09bd08531c338345e1be46323ea19f5b",
       "5c4c7be6cdfa9c7ed40b74d56b47de4f"
      ],
      "pid": 8084,
      "visibility": {
       "CUDA_VISIBLE_DEVICES": "0,1"
      }
     }
    ]
   },
   {
    "cooperative": false,
    "devices": [
     0,
     1
    ],
    "workers": [
     {
      "devices": [
       "09bd08531c338345e1be46323ea19f5b"
      ],
      "pid": 8581,
      "visibility": {
       "CUDA_VISIBLE_DEVICES": "0"
      }
     },
     {
      "devices": [
       "5c4c7be6cdfa9c7ed40b74d56b47de4f"
      ],
      "pid": 8582,
      "visibility": {
       "CUDA_VISIBLE_DEVICES": "1"
      }
     }
    ]
   },
   {
    "cooperative": false,
    "devices": [
     0,
     1
    ],
    "workers": [
     {
      "devices": [
       "09bd08531c338345e1be46323ea19f5b"
      ],
      "pid": 8723,
      "visibility": {
       "CUDA_VISIBLE_DEVICES": "0"
      }
     },
     {
      "devices": [
       "5c4c7be6cdfa9c7ed40b74d56b47de4f"
      ],
      "pid": 8724,
      "visibility": {
       "CUDA_VISIBLE_DEVICES": "1"
      }
     }
    ]
   },
   {
    "cooperative": false,
    "devices": [
     0,
     1
    ],
    "workers": [
     {
      "devices": [
       "09bd08531c338345e1be46323ea19f5b"
      ],
      "pid": 8867,
      "visibility": {
       "CUDA_VISIBLE_DEVICES": "0"
      }
     },
     {
      "devices": [
       "5c4c7be6cdfa9c7ed40b74d56b47de4f"
      ],
      "pid": 8868,
      "visibility": {
       "CUDA_VISIBLE_DEVICES": "1"
      }
     }
    ]
   },
   {
    "cooperative": false,
    "devices": [
     0,
     1
    ],
    "workers": [
     {
      "devices": [
       "09bd08531c338345e1be46323ea19f5b"
      ],
      "pid": 9019,
      "visibility": {
       "CUDA_VISIBLE_DEVICES": "0"
      }
     },
     {
      "devices": [
       "5c4c7be6cdfa9c7ed40b74d56b47de4f"
      ],
      "pid": 9020,
      "visibility": {
       "CUDA_VISIBLE_DEVICES": "1"
      }
     }
    ]
   },
   {
    "cooperative": false,
    "devices": [
     0,
     1
    ],
    "workers": [
     {
      "devices": [
       "09bd08531c338345e1be46323ea19f5b"
      ],
      "pid": 9157,
      "visibility": {
       "CUDA_VISIBLE_DEVICES": "0"
      }
     },
     {
      "devices": [
       "5c4c7be6cdfa9c7ed40b74d56b47de4f"
      ],
      "pid": 9158,
      "visibility": {
       "CUDA_VISIBLE_DEVICES": "1"
      }
     }
    ]
   },
   {
    "cooperative": false,
    "devices": [
     0,
     1
    ],
    "workers": [
     {
      "devices": [
       "09bd08531c338345e1be46323ea19f5b"
      ],
      "pid": 9299,
      "visibility": {
       "CUDA_VISIBLE_DEVICES": "0"
      }
     },
     {
      "devices": [
       "5c4c7be6cdfa9c7ed40b74d56b47de4f"
      ],
      "pid": 9300,
      "visibility": {
       "CUDA_VISIBLE_DEVICES": "1"
      }
     }
    ]
   },
   {
    "cooperative": true,
    "devices": [
     0,
     1
    ],
    "workers": [
     {
      "devices": [
       "09bd08531c338345e1be46323ea19f5b",
       "5c4c7be6cdfa9c7ed40b74d56b47de4f"
      ],
      "pid": 9526,
      "visibility": {
       "CUDA_VISIBLE_DEVICES": "0,1"
      }
     }
    ]
   },
   {
    "cooperative": false,
    "devices": [
     0,
     1
    ],
    "workers": [
     {
      "devices": [
       "09bd08531c338345e1be46323ea19f5b"
      ],
      "pid": 9812,
      "visibility": {
       "CUDA_VISIBLE_DEVICES": "0"
      }
     },
     {
      "devices": [
       "5c4c7be6cdfa9c7ed40b74d56b47de4f"
      ],
      "pid": 9813,
      "visibility": {
       "CUDA_VISIBLE_DEVICES": "1"
      }
     }
    ]
   },
   {
    "cooperative": false,
    "devices": [
     0,
     1
    ],
    "workers": [
     {
      "devices": [
       "09bd08531c338345e1be46323ea19f5b"
      ],
      "pid": 9954,
      "visibility": {
       "CUDA_VISIBLE_DEVICES": "0"
      }
     },
     {
      "devices": [
       "5c4c7be6cdfa9c7ed40b74d56b47de4f"
      ],
      "pid": 9955,
      "visibility": {
       "CUDA_VISIBLE_DEVICES": "1"
      }
     }
    ]
   },
   {
    "cooperative": false,
    "devices": [
     0,
     1
    ],
    "workers": [
     {
      "devices": [
       "09bd08531c338345e1be46323ea19f5b"
      ],
      "pid": 10096,
      "visibility": {
       "CUDA_VISIBLE_DEVICES": "0"
      }
     },
     {
      "devices": [
       "5c4c7be6cdfa9c7ed40b74d56b47de4f"
      ],
      "pid": 10097,
      "visibility": {
       "CUDA_VISIBLE_DEVICES": "1"
      }
     }
    ]
   },
   {
    "cooperative": false,
    "devices": [
     0,
     1
    ],
    "workers": [
     {
      "devices": [
       "09bd08531c338345e1be46323ea19f5b"
      ],
      "pid": 10522,
      "visibility": {
       "CUDA_VISIBLE_DEVICES": "0"
      }
     },
     {
      "devices": [
       "5c4c7be6cdfa9c7ed40b74d56b47de4f"
      ],
      "pid": 10523,
      "visibility": {
       "CUDA_VISIBLE_DEVICES": "1"
      }
     }
    ]
   },
   {
    "cooperative": false,
    "devices": [
     0,
     1
    ],
    "workers": [
     {
      "devices": [
       "09bd08531c338345e1be46323ea19f5b"
      ],
      "pid": 10664,
      "visibility": {
       "CUDA_VISIBLE_DEVICES": "0"
      }
     },
     {
      "devices": [
       "5c4c7be6cdfa9c7ed40b74d56b47de4f"
      ],
      "pid": 10665,
      "visibility": {
       "CUDA_VISIBLE_DEVICES": "1"
      }
     }
    ]
   },
   {
    "cooperative": false,
    "devices": [
     0,
     1
    ],
    "workers": [
     {
      "devices": [
       "09bd08531c338345e1be46323ea19f5b"
      ],
      "pid": 10818,
      "visibility": {
       "CUDA_VISIBLE_DEVICES": "0"
      }
     },
     {
      "devices": [
       "5c4c7be6cdfa9c7ed40b74d56b47de4f"
      ],
      "pid": 10819,
      "visibility": {
       "CUDA_VISIBLE_DEVICES": "1"
      }
     }
    ]
   },
   {
    "cooperative": false,
    "devices": [
     0,
     1
    ],
    "workers": [
     {
      "devices": [
       "09bd08531c338345e1be46323ea19f5b"
      ],
      "pid": 10960,
      "visibility": {
       "CUDA_VISIBLE_DEVICES": "0"
      }
     },
     {
      "devices": [
       "5c4c7be6cdfa9c7ed40b74d56b47de4f"
      ],
      "pid": 10961,
      "visibility": {
       "CUDA_VISIBLE_DEVICES": "1"
      }
     }
    ]
   },
   {
    "cooperative": false,
    "devices": [
     0,
     1
    ],
    "workers": [
     {
      "devices": [
       "09bd08531c338345e1be46323ea19f5b"
      ],
      "pid": 11244,
      "visibility": {
       "CUDA_VISIBLE_DEVICES": "0"
      }
     },
     {
      "devices": [
       "5c4c7be6cdfa9c7ed40b74d56b47de4f"
      ],
      "pid": 11245,
      "visibility": {
       "CUDA_VISIBLE_DEVICES": "1"
      }
     }
    ]
   },
   {
    "cooperative": true,
    "devices": [
     0,
     1
    ],
    "workers": [
     {
      "devices": [
       "09bd08531c338345e1be46323ea19f5b",
       "5c4c7be6cdfa9c7ed40b74d56b47de4f"
      ],
      "pid": 11386,
      "visibility": {
       "CUDA_VISIBLE_DEVICES": "0,1"
      }
     }
    ]
   },
   {
    "cooperative": false,
    "devices": [
     0,
     1
    ],
    "workers": [
     {
      "devices": [
       "09bd08531c338345e1be46323ea19f5b"
      ],
      "pid": 11672,
      "visibility": {
       "CUDA_VISIBLE_DEVICES": "0"
      }
     },
     {
      "devices": [
       "5c4c7be6cdfa9c7ed40b74d56b47de4f"
      ],
      "pid": 11673,
      "visibility": {
       "CUDA_VISIBLE_DEVICES": "1"
      }
     }
    ]
   },
   {
    "cooperative": false,
    "devices": [
     0,
     1
    ],
    "workers": [
     {
      "devices": [
       "09bd08531c338345e1be46323ea19f5b"
      ],
      "pid": 11814,
      "visibility": {
       "CUDA_VISIBLE_DEVICES": "0"
      }
     },
     {
      "devices": [
       "5c4c7be6cdfa9c7ed40b74d56b47de4f"
      ],
      "pid": 11815,
      "visibility": {
       "CUDA_VISIBLE_DEVICES": "1"
      }
     }
    ]
   },
   {
    "cooperative": false,
    "devices": [
     0,
     1
    ],
    "workers": [
     {
      "devices": [
       "09bd08531c338345e1be46323ea19f5b"
      ],
      "pid": 11956,
      "visibility": {
       "CUDA_VISIBLE_DEVICES": "0"
      }
     },
     {
      "devices": [
       "5c4c7be6cdfa9c7ed40b74d56b47de4f"
      ],
      "pid": 11957,
      "visibility": {
       "CUDA_VISIBLE_DEVICES": "1"
      }
     }
    ]
   }
  ],
  "devices": [
   0,
   1
  ],
  "placement": "physical",
  "pools": 50,
  "workers": 83
 },
 "witness_refusal": "par-byte-lm-model-pool/wide: the two-device column started NO device pool at all, so it ran on one device and agreeing with the one-device column proves nothing. Either the lane does not shard on this install or the driver fell back silently; both are failures of this check, not passes"
}
