# vendor=amd-mi300x-gfx942 commit=f771338c7ab68820606b66892e202a45d43c6dda (MOJOLEARN_COMMIT)
# identity_break  mode=identical  2026-09-18 18:00:59  Linux-6.8.0-124-generic-x86_64-with-glibc2.35
# per lane: the train row, then an `infer` row (held-out rows), a `model` row (saved bytes) and a `batch` row (whole batch vs rows alone, a split and prefixes) where the lane has them
| lane                   | base             | ties             | hashed           | wide             | denormal         | denormal_ftz     | dupes            | odd              | negative         |
|------------------------|------------------|------------------|------------------|------------------|------------------|------------------|------------------|------------------|------------------|
# START kernel-ridge-sigmoid/base repeat=1/train
# DONE kernel-ridge-sigmoid/base repeat=1/train 4.748s
# START kernel-ridge-sigmoid/base repeat=1/infer-save-reload
# DONE kernel-ridge-sigmoid/base repeat=1/infer-save-reload 0.023s
# START kernel-ridge-sigmoid/base repeat=1/batch
# DONE kernel-ridge-sigmoid/base repeat=1/batch 0.023s
# START kernel-ridge-sigmoid/base repeat=1/batchgrad
# DONE kernel-ridge-sigmoid/base repeat=1/batchgrad 0.000s
# START kernel-ridge-sigmoid/base repeat=1/batchscale
# DONE kernel-ridge-sigmoid/base repeat=1/batchscale 0.000s
# START kernel-ridge-sigmoid/base repeat=1/ragged
# DONE kernel-ridge-sigmoid/base repeat=1/ragged 0.000s
# START kernel-ridge-sigmoid/base repeat=1/stepfull
# DONE kernel-ridge-sigmoid/base repeat=1/stepfull 0.000s
# START kernel-ridge-sigmoid/base repeat=2/train
# DONE kernel-ridge-sigmoid/base repeat=2/train 0.003s
# START kernel-ridge-sigmoid/base repeat=2/infer-save-reload
# DONE kernel-ridge-sigmoid/base repeat=2/infer-save-reload 0.003s
# START kernel-ridge-sigmoid/base repeat=2/batch
# DONE kernel-ridge-sigmoid/base repeat=2/batch 0.022s
# START kernel-ridge-sigmoid/base repeat=2/batchgrad
# DONE kernel-ridge-sigmoid/base repeat=2/batchgrad 0.000s
# START kernel-ridge-sigmoid/base repeat=2/batchscale
# DONE kernel-ridge-sigmoid/base repeat=2/batchscale 0.000s
# START kernel-ridge-sigmoid/base repeat=2/ragged
# DONE kernel-ridge-sigmoid/base repeat=2/ragged 0.000s
# START kernel-ridge-sigmoid/base repeat=2/stepfull
# DONE kernel-ridge-sigmoid/base repeat=2/stepfull 0.000s
# CELL kernel-ridge-sigmoid/base STABLE 4.823s
# START kernel-ridge-sigmoid/ties repeat=1/train
# DONE kernel-ridge-sigmoid/ties repeat=1/train 0.003s
# START kernel-ridge-sigmoid/ties repeat=1/infer-save-reload
# DONE kernel-ridge-sigmoid/ties repeat=1/infer-save-reload 0.003s
# START kernel-ridge-sigmoid/ties repeat=1/batch
# DONE kernel-ridge-sigmoid/ties repeat=1/batch 0.022s
# START kernel-ridge-sigmoid/ties repeat=1/batchgrad
# DONE kernel-ridge-sigmoid/ties repeat=1/batchgrad 0.000s
# START kernel-ridge-sigmoid/ties repeat=1/batchscale
# DONE kernel-ridge-sigmoid/ties repeat=1/batchscale 0.000s
# START kernel-ridge-sigmoid/ties repeat=1/ragged
# DONE kernel-ridge-sigmoid/ties repeat=1/ragged 0.000s
# START kernel-ridge-sigmoid/ties repeat=1/stepfull
# DONE kernel-ridge-sigmoid/ties repeat=1/stepfull 0.000s
# START kernel-ridge-sigmoid/ties repeat=2/train
# DONE kernel-ridge-sigmoid/ties repeat=2/train 0.003s
# START kernel-ridge-sigmoid/ties repeat=2/infer-save-reload
# DONE kernel-ridge-sigmoid/ties repeat=2/infer-save-reload 0.003s
# START kernel-ridge-sigmoid/ties repeat=2/batch
# DONE kernel-ridge-sigmoid/ties repeat=2/batch 0.022s
# START kernel-ridge-sigmoid/ties repeat=2/batchgrad
# DONE kernel-ridge-sigmoid/ties repeat=2/batchgrad 0.000s
# START kernel-ridge-sigmoid/ties repeat=2/batchscale
# DONE kernel-ridge-sigmoid/ties repeat=2/batchscale 0.000s
# START kernel-ridge-sigmoid/ties repeat=2/ragged
# DONE kernel-ridge-sigmoid/ties repeat=2/ragged 0.000s
# START kernel-ridge-sigmoid/ties repeat=2/stepfull
# DONE kernel-ridge-sigmoid/ties repeat=2/stepfull 0.000s
# CELL kernel-ridge-sigmoid/ties STABLE 0.058s
# START kernel-ridge-sigmoid/hashed repeat=1/train
# DONE kernel-ridge-sigmoid/hashed repeat=1/train 0.003s
# START kernel-ridge-sigmoid/hashed repeat=1/infer-save-reload
# DONE kernel-ridge-sigmoid/hashed repeat=1/infer-save-reload 0.003s
# START kernel-ridge-sigmoid/hashed repeat=1/batch
# DONE kernel-ridge-sigmoid/hashed repeat=1/batch 0.022s
# START kernel-ridge-sigmoid/hashed repeat=1/batchgrad
# DONE kernel-ridge-sigmoid/hashed repeat=1/batchgrad 0.000s
# START kernel-ridge-sigmoid/hashed repeat=1/batchscale
# DONE kernel-ridge-sigmoid/hashed repeat=1/batchscale 0.000s
# START kernel-ridge-sigmoid/hashed repeat=1/ragged
# DONE kernel-ridge-sigmoid/hashed repeat=1/ragged 0.000s
# START kernel-ridge-sigmoid/hashed repeat=1/stepfull
# DONE kernel-ridge-sigmoid/hashed repeat=1/stepfull 0.000s
# START kernel-ridge-sigmoid/hashed repeat=2/train
# DONE kernel-ridge-sigmoid/hashed repeat=2/train 0.003s
# START kernel-ridge-sigmoid/hashed repeat=2/infer-save-reload
# DONE kernel-ridge-sigmoid/hashed repeat=2/infer-save-reload 0.003s
# START kernel-ridge-sigmoid/hashed repeat=2/batch
# DONE kernel-ridge-sigmoid/hashed repeat=2/batch 0.023s
# START kernel-ridge-sigmoid/hashed repeat=2/batchgrad
# DONE kernel-ridge-sigmoid/hashed repeat=2/batchgrad 0.000s
# START kernel-ridge-sigmoid/hashed repeat=2/batchscale
# DONE kernel-ridge-sigmoid/hashed repeat=2/batchscale 0.000s
# START kernel-ridge-sigmoid/hashed repeat=2/ragged
# DONE kernel-ridge-sigmoid/hashed repeat=2/ragged 0.000s
# START kernel-ridge-sigmoid/hashed repeat=2/stepfull
# DONE kernel-ridge-sigmoid/hashed repeat=2/stepfull 0.000s
# CELL kernel-ridge-sigmoid/hashed STABLE 0.058s
# START kernel-ridge-sigmoid/wide repeat=1/train
# DONE kernel-ridge-sigmoid/wide repeat=1/train 0.004s
# START kernel-ridge-sigmoid/wide repeat=1/infer-save-reload
# DONE kernel-ridge-sigmoid/wide repeat=1/infer-save-reload 0.003s
# START kernel-ridge-sigmoid/wide repeat=1/batch
# DONE kernel-ridge-sigmoid/wide repeat=1/batch 0.022s
# START kernel-ridge-sigmoid/wide repeat=1/batchgrad
# DONE kernel-ridge-sigmoid/wide repeat=1/batchgrad 0.000s
# START kernel-ridge-sigmoid/wide repeat=1/batchscale
# DONE kernel-ridge-sigmoid/wide repeat=1/batchscale 0.000s
# START kernel-ridge-sigmoid/wide repeat=1/ragged
# DONE kernel-ridge-sigmoid/wide repeat=1/ragged 0.000s
# START kernel-ridge-sigmoid/wide repeat=1/stepfull
# DONE kernel-ridge-sigmoid/wide repeat=1/stepfull 0.000s
# START kernel-ridge-sigmoid/wide repeat=2/train
# DONE kernel-ridge-sigmoid/wide repeat=2/train 0.003s
# START kernel-ridge-sigmoid/wide repeat=2/infer-save-reload
# DONE kernel-ridge-sigmoid/wide repeat=2/infer-save-reload 0.003s
# START kernel-ridge-sigmoid/wide repeat=2/batch
# DONE kernel-ridge-sigmoid/wide repeat=2/batch 0.023s
# START kernel-ridge-sigmoid/wide repeat=2/batchgrad
# DONE kernel-ridge-sigmoid/wide repeat=2/batchgrad 0.000s
# START kernel-ridge-sigmoid/wide repeat=2/batchscale
# DONE kernel-ridge-sigmoid/wide repeat=2/batchscale 0.000s
# START kernel-ridge-sigmoid/wide repeat=2/ragged
# DONE kernel-ridge-sigmoid/wide repeat=2/ragged 0.000s
# START kernel-ridge-sigmoid/wide repeat=2/stepfull
# DONE kernel-ridge-sigmoid/wide repeat=2/stepfull 0.000s
# CELL kernel-ridge-sigmoid/wide STABLE 0.059s
# START kernel-ridge-sigmoid/denormal repeat=1/train
# DONE kernel-ridge-sigmoid/denormal repeat=1/train 0.003s
# START kernel-ridge-sigmoid/denormal repeat=1/infer-save-reload
# DONE kernel-ridge-sigmoid/denormal repeat=1/infer-save-reload 0.003s
# START kernel-ridge-sigmoid/denormal repeat=1/batch
# DONE kernel-ridge-sigmoid/denormal repeat=1/batch 0.023s
# START kernel-ridge-sigmoid/denormal repeat=1/batchgrad
# DONE kernel-ridge-sigmoid/denormal repeat=1/batchgrad 0.000s
# START kernel-ridge-sigmoid/denormal repeat=1/batchscale
# DONE kernel-ridge-sigmoid/denormal repeat=1/batchscale 0.000s
# START kernel-ridge-sigmoid/denormal repeat=1/ragged
# DONE kernel-ridge-sigmoid/denormal repeat=1/ragged 0.000s
# START kernel-ridge-sigmoid/denormal repeat=1/stepfull
# DONE kernel-ridge-sigmoid/denormal repeat=1/stepfull 0.000s
# START kernel-ridge-sigmoid/denormal repeat=2/train
# DONE kernel-ridge-sigmoid/denormal repeat=2/train 0.003s
# START kernel-ridge-sigmoid/denormal repeat=2/infer-save-reload
# DONE kernel-ridge-sigmoid/denormal repeat=2/infer-save-reload 0.003s
# START kernel-ridge-sigmoid/denormal repeat=2/batch
# DONE kernel-ridge-sigmoid/denormal repeat=2/batch 0.024s
# START kernel-ridge-sigmoid/denormal repeat=2/batchgrad
# DONE kernel-ridge-sigmoid/denormal repeat=2/batchgrad 0.000s
# START kernel-ridge-sigmoid/denormal repeat=2/batchscale
# DONE kernel-ridge-sigmoid/denormal repeat=2/batchscale 0.000s
# START kernel-ridge-sigmoid/denormal repeat=2/ragged
# DONE kernel-ridge-sigmoid/denormal repeat=2/ragged 0.000s
# START kernel-ridge-sigmoid/denormal repeat=2/stepfull
# DONE kernel-ridge-sigmoid/denormal repeat=2/stepfull 0.000s
# CELL kernel-ridge-sigmoid/denormal STABLE 0.060s
# START kernel-ridge-sigmoid/denormal_ftz repeat=1/train
# DONE kernel-ridge-sigmoid/denormal_ftz repeat=1/train 0.004s
# START kernel-ridge-sigmoid/denormal_ftz repeat=1/infer-save-reload
# DONE kernel-ridge-sigmoid/denormal_ftz repeat=1/infer-save-reload 0.003s
# START kernel-ridge-sigmoid/denormal_ftz repeat=1/batch
# DONE kernel-ridge-sigmoid/denormal_ftz repeat=1/batch 0.023s
# START kernel-ridge-sigmoid/denormal_ftz repeat=1/batchgrad
# DONE kernel-ridge-sigmoid/denormal_ftz repeat=1/batchgrad 0.000s
# START kernel-ridge-sigmoid/denormal_ftz repeat=1/batchscale
# DONE kernel-ridge-sigmoid/denormal_ftz repeat=1/batchscale 0.000s
# START kernel-ridge-sigmoid/denormal_ftz repeat=1/ragged
# DONE kernel-ridge-sigmoid/denormal_ftz repeat=1/ragged 0.000s
# START kernel-ridge-sigmoid/denormal_ftz repeat=1/stepfull
# DONE kernel-ridge-sigmoid/denormal_ftz repeat=1/stepfull 0.000s
# START kernel-ridge-sigmoid/denormal_ftz repeat=2/train
# DONE kernel-ridge-sigmoid/denormal_ftz repeat=2/train 0.003s
# START kernel-ridge-sigmoid/denormal_ftz repeat=2/infer-save-reload
# DONE kernel-ridge-sigmoid/denormal_ftz repeat=2/infer-save-reload 0.003s
# START kernel-ridge-sigmoid/denormal_ftz repeat=2/batch
# DONE kernel-ridge-sigmoid/denormal_ftz repeat=2/batch 0.023s
# START kernel-ridge-sigmoid/denormal_ftz repeat=2/batchgrad
# DONE kernel-ridge-sigmoid/denormal_ftz repeat=2/batchgrad 0.000s
# START kernel-ridge-sigmoid/denormal_ftz repeat=2/batchscale
# DONE kernel-ridge-sigmoid/denormal_ftz repeat=2/batchscale 0.000s
# START kernel-ridge-sigmoid/denormal_ftz repeat=2/ragged
# DONE kernel-ridge-sigmoid/denormal_ftz repeat=2/ragged 0.000s
# START kernel-ridge-sigmoid/denormal_ftz repeat=2/stepfull
# DONE kernel-ridge-sigmoid/denormal_ftz repeat=2/stepfull 0.000s
# CELL kernel-ridge-sigmoid/denormal_ftz STABLE 0.061s
# START kernel-ridge-sigmoid/dupes repeat=1/train
# DONE kernel-ridge-sigmoid/dupes repeat=1/train 0.004s
# START kernel-ridge-sigmoid/dupes repeat=1/infer-save-reload
# DONE kernel-ridge-sigmoid/dupes repeat=1/infer-save-reload 0.003s
# START kernel-ridge-sigmoid/dupes repeat=1/batch
# DONE kernel-ridge-sigmoid/dupes repeat=1/batch 0.023s
# START kernel-ridge-sigmoid/dupes repeat=1/batchgrad
# DONE kernel-ridge-sigmoid/dupes repeat=1/batchgrad 0.000s
# START kernel-ridge-sigmoid/dupes repeat=1/batchscale
# DONE kernel-ridge-sigmoid/dupes repeat=1/batchscale 0.000s
# START kernel-ridge-sigmoid/dupes repeat=1/ragged
# DONE kernel-ridge-sigmoid/dupes repeat=1/ragged 0.000s
# START kernel-ridge-sigmoid/dupes repeat=1/stepfull
# DONE kernel-ridge-sigmoid/dupes repeat=1/stepfull 0.000s
# START kernel-ridge-sigmoid/dupes repeat=2/train
# DONE kernel-ridge-sigmoid/dupes repeat=2/train 0.003s
# START kernel-ridge-sigmoid/dupes repeat=2/infer-save-reload
# DONE kernel-ridge-sigmoid/dupes repeat=2/infer-save-reload 0.003s
# START kernel-ridge-sigmoid/dupes repeat=2/batch
# DONE kernel-ridge-sigmoid/dupes repeat=2/batch 0.024s
# START kernel-ridge-sigmoid/dupes repeat=2/batchgrad
# DONE kernel-ridge-sigmoid/dupes repeat=2/batchgrad 0.000s
# START kernel-ridge-sigmoid/dupes repeat=2/batchscale
# DONE kernel-ridge-sigmoid/dupes repeat=2/batchscale 0.000s
# START kernel-ridge-sigmoid/dupes repeat=2/ragged
# DONE kernel-ridge-sigmoid/dupes repeat=2/ragged 0.000s
# START kernel-ridge-sigmoid/dupes repeat=2/stepfull
# DONE kernel-ridge-sigmoid/dupes repeat=2/stepfull 0.000s
# CELL kernel-ridge-sigmoid/dupes STABLE 0.060s
# START kernel-ridge-sigmoid/odd repeat=1/train
# DONE kernel-ridge-sigmoid/odd repeat=1/train 0.004s
# START kernel-ridge-sigmoid/odd repeat=1/infer-save-reload
# DONE kernel-ridge-sigmoid/odd repeat=1/infer-save-reload 0.003s
# START kernel-ridge-sigmoid/odd repeat=1/batch
# DONE kernel-ridge-sigmoid/odd repeat=1/batch 0.024s
# START kernel-ridge-sigmoid/odd repeat=1/batchgrad
# DONE kernel-ridge-sigmoid/odd repeat=1/batchgrad 0.000s
# START kernel-ridge-sigmoid/odd repeat=1/batchscale
# DONE kernel-ridge-sigmoid/odd repeat=1/batchscale 0.000s
# START kernel-ridge-sigmoid/odd repeat=1/ragged
# DONE kernel-ridge-sigmoid/odd repeat=1/ragged 0.000s
# START kernel-ridge-sigmoid/odd repeat=1/stepfull
# DONE kernel-ridge-sigmoid/odd repeat=1/stepfull 0.000s
# START kernel-ridge-sigmoid/odd repeat=2/train
# DONE kernel-ridge-sigmoid/odd repeat=2/train 0.003s
# START kernel-ridge-sigmoid/odd repeat=2/infer-save-reload
# DONE kernel-ridge-sigmoid/odd repeat=2/infer-save-reload 0.003s
# START kernel-ridge-sigmoid/odd repeat=2/batch
# DONE kernel-ridge-sigmoid/odd repeat=2/batch 0.024s
# START kernel-ridge-sigmoid/odd repeat=2/batchgrad
# DONE kernel-ridge-sigmoid/odd repeat=2/batchgrad 0.000s
# START kernel-ridge-sigmoid/odd repeat=2/batchscale
# DONE kernel-ridge-sigmoid/odd repeat=2/batchscale 0.000s
# START kernel-ridge-sigmoid/odd repeat=2/ragged
# DONE kernel-ridge-sigmoid/odd repeat=2/ragged 0.000s
# START kernel-ridge-sigmoid/odd repeat=2/stepfull
# DONE kernel-ridge-sigmoid/odd repeat=2/stepfull 0.000s
# CELL kernel-ridge-sigmoid/odd STABLE 0.061s
# START kernel-ridge-sigmoid/negative repeat=1/train
# DONE kernel-ridge-sigmoid/negative repeat=1/train 0.004s
# START kernel-ridge-sigmoid/negative repeat=1/infer-save-reload
# DONE kernel-ridge-sigmoid/negative repeat=1/infer-save-reload 0.003s
# START kernel-ridge-sigmoid/negative repeat=1/batch
# DONE kernel-ridge-sigmoid/negative repeat=1/batch 0.024s
# START kernel-ridge-sigmoid/negative repeat=1/batchgrad
# DONE kernel-ridge-sigmoid/negative repeat=1/batchgrad 0.000s
# START kernel-ridge-sigmoid/negative repeat=1/batchscale
# DONE kernel-ridge-sigmoid/negative repeat=1/batchscale 0.000s
# START kernel-ridge-sigmoid/negative repeat=1/ragged
# DONE kernel-ridge-sigmoid/negative repeat=1/ragged 0.000s
# START kernel-ridge-sigmoid/negative repeat=1/stepfull
# DONE kernel-ridge-sigmoid/negative repeat=1/stepfull 0.000s
# START kernel-ridge-sigmoid/negative repeat=2/train
# DONE kernel-ridge-sigmoid/negative repeat=2/train 0.003s
# START kernel-ridge-sigmoid/negative repeat=2/infer-save-reload
# DONE kernel-ridge-sigmoid/negative repeat=2/infer-save-reload 0.004s
# START kernel-ridge-sigmoid/negative repeat=2/batch
# DONE kernel-ridge-sigmoid/negative repeat=2/batch 0.022s
# START kernel-ridge-sigmoid/negative repeat=2/batchgrad
# DONE kernel-ridge-sigmoid/negative repeat=2/batchgrad 0.000s
# START kernel-ridge-sigmoid/negative repeat=2/batchscale
# DONE kernel-ridge-sigmoid/negative repeat=2/batchscale 0.000s
# START kernel-ridge-sigmoid/negative repeat=2/ragged
# DONE kernel-ridge-sigmoid/negative repeat=2/ragged 0.000s
# START kernel-ridge-sigmoid/negative repeat=2/stepfull
# DONE kernel-ridge-sigmoid/negative repeat=2/stepfull 0.000s
# CELL kernel-ridge-sigmoid/negative STABLE 0.061s
| kernel-ridge-sigmoid   | f46e7410f1c08a0b | 4cd6abf5e8899afb | 44585385409e7880 | db4a4c0931b0203c | 29c1607eab044fda | 29c1607eab044fda | 374a77a6490aa6cd | a522893a167751df | e43e01daf275e582 |
| kernel-ridge-sigmoid infer | 847281c55134031a | 4a194cd43da5ef35 | 3cdd3cc2db1e521c | 13c6e749b7ef0aa3 | db25173ae920ed6a | db25173ae920ed6a | 82bf6bd28942bce4 | bb24f37496e8056b | dd84c876442cdfed |
| kernel-ridge-sigmoid model | 01b80bafa79d7e11 | 445dbc32d4e9611c | 9076208aa14e62d9 | b49cbf31b328ac08 | aee11d8e159b5d06 | 738eadecea288223 | 7be40ded64a7232a | a5c31068bb72f550 | 6d37208bc261fb79 |
| kernel-ridge-sigmoid batch | 4637348f319328b3 | e2b86a79415e3151 | ade96066b408a1f1 | b6927fb3e33baf6d | a75b90b1f19795b1 | a75b90b1f19795b1 | b36c90e041ea4f3f | 58c7b79372715966 | 5f07c3b74562629d |

cells=9 stable=9 moved=0 refused=0
infer: stable=9
model: stable=9
batch: stable=9
batchgrad: n/a=9
batchscale: n/a=9
ragged: n/a=9
stepfull: n/a=9
n/a: kernel-ridge-sigmoid batchgrad n/a:no-backward, kernel-ridge-sigmoid batchscale n/a:not-in-the-serving-set, kernel-ridge-sigmoid ragged n/a:no-sequence-axis, kernel-ridge-sigmoid stepfull n/a:no-decode-state
wrote /root/gemm_leg_out/ordinary-holds/captures-kernels/kernel-ridge-sigmoid.json
