# vendor=amd-mi300x-gfx942 commit=f771338c7ab68820606b66892e202a45d43c6dda (MOJOLEARN_COMMIT)
# identity_break  mode=identical  2026-09-18 18:01:11  Linux-6.8.0-124-generic-x86_64-with-glibc2.35
# per lane: the train row, then an `infer` row (held-out rows), a `model` row (saved bytes) and a `batch` row (whole batch vs rows alone, a split and prefixes) where the lane has them
| lane                   | base             | ties             | hashed           | wide             | denormal         | denormal_ftz     | dupes            | odd              | negative         |
|------------------------|------------------|------------------|------------------|------------------|------------------|------------------|------------------|------------------|------------------|
# START kernel-ridge-laplacian/base repeat=1/train
# DONE kernel-ridge-laplacian/base repeat=1/train 4.724s
# START kernel-ridge-laplacian/base repeat=1/infer-save-reload
# DONE kernel-ridge-laplacian/base repeat=1/infer-save-reload 0.023s
# START kernel-ridge-laplacian/base repeat=1/batch
# DONE kernel-ridge-laplacian/base repeat=1/batch 0.022s
# START kernel-ridge-laplacian/base repeat=1/batchgrad
# DONE kernel-ridge-laplacian/base repeat=1/batchgrad 0.000s
# START kernel-ridge-laplacian/base repeat=1/batchscale
# DONE kernel-ridge-laplacian/base repeat=1/batchscale 0.000s
# START kernel-ridge-laplacian/base repeat=1/ragged
# DONE kernel-ridge-laplacian/base repeat=1/ragged 0.000s
# START kernel-ridge-laplacian/base repeat=1/stepfull
# DONE kernel-ridge-laplacian/base repeat=1/stepfull 0.000s
# START kernel-ridge-laplacian/base repeat=2/train
# DONE kernel-ridge-laplacian/base repeat=2/train 0.003s
# START kernel-ridge-laplacian/base repeat=2/infer-save-reload
# DONE kernel-ridge-laplacian/base repeat=2/infer-save-reload 0.003s
# START kernel-ridge-laplacian/base repeat=2/batch
# DONE kernel-ridge-laplacian/base repeat=2/batch 0.022s
# START kernel-ridge-laplacian/base repeat=2/batchgrad
# DONE kernel-ridge-laplacian/base repeat=2/batchgrad 0.000s
# START kernel-ridge-laplacian/base repeat=2/batchscale
# DONE kernel-ridge-laplacian/base repeat=2/batchscale 0.000s
# START kernel-ridge-laplacian/base repeat=2/ragged
# DONE kernel-ridge-laplacian/base repeat=2/ragged 0.000s
# START kernel-ridge-laplacian/base repeat=2/stepfull
# DONE kernel-ridge-laplacian/base repeat=2/stepfull 0.000s
# CELL kernel-ridge-laplacian/base STABLE 4.798s
# START kernel-ridge-laplacian/ties repeat=1/train
# DONE kernel-ridge-laplacian/ties repeat=1/train 0.003s
# START kernel-ridge-laplacian/ties repeat=1/infer-save-reload
# DONE kernel-ridge-laplacian/ties repeat=1/infer-save-reload 0.003s
# START kernel-ridge-laplacian/ties repeat=1/batch
# DONE kernel-ridge-laplacian/ties repeat=1/batch 0.022s
# START kernel-ridge-laplacian/ties repeat=1/batchgrad
# DONE kernel-ridge-laplacian/ties repeat=1/batchgrad 0.000s
# START kernel-ridge-laplacian/ties repeat=1/batchscale
# DONE kernel-ridge-laplacian/ties repeat=1/batchscale 0.000s
# START kernel-ridge-laplacian/ties repeat=1/ragged
# DONE kernel-ridge-laplacian/ties repeat=1/ragged 0.000s
# START kernel-ridge-laplacian/ties repeat=1/stepfull
# DONE kernel-ridge-laplacian/ties repeat=1/stepfull 0.000s
# START kernel-ridge-laplacian/ties repeat=2/train
# DONE kernel-ridge-laplacian/ties repeat=2/train 0.003s
# START kernel-ridge-laplacian/ties repeat=2/infer-save-reload
# DONE kernel-ridge-laplacian/ties repeat=2/infer-save-reload 0.004s
# START kernel-ridge-laplacian/ties repeat=2/batch
# DONE kernel-ridge-laplacian/ties repeat=2/batch 0.023s
# START kernel-ridge-laplacian/ties repeat=2/batchgrad
# DONE kernel-ridge-laplacian/ties repeat=2/batchgrad 0.000s
# START kernel-ridge-laplacian/ties repeat=2/batchscale
# DONE kernel-ridge-laplacian/ties repeat=2/batchscale 0.000s
# START kernel-ridge-laplacian/ties repeat=2/ragged
# DONE kernel-ridge-laplacian/ties repeat=2/ragged 0.000s
# START kernel-ridge-laplacian/ties repeat=2/stepfull
# DONE kernel-ridge-laplacian/ties repeat=2/stepfull 0.000s
# CELL kernel-ridge-laplacian/ties STABLE 0.059s
# START kernel-ridge-laplacian/hashed repeat=1/train
# DONE kernel-ridge-laplacian/hashed repeat=1/train 0.003s
# START kernel-ridge-laplacian/hashed repeat=1/infer-save-reload
# DONE kernel-ridge-laplacian/hashed repeat=1/infer-save-reload 0.003s
# START kernel-ridge-laplacian/hashed repeat=1/batch
# DONE kernel-ridge-laplacian/hashed repeat=1/batch 0.022s
# START kernel-ridge-laplacian/hashed repeat=1/batchgrad
# DONE kernel-ridge-laplacian/hashed repeat=1/batchgrad 0.000s
# START kernel-ridge-laplacian/hashed repeat=1/batchscale
# DONE kernel-ridge-laplacian/hashed repeat=1/batchscale 0.000s
# START kernel-ridge-laplacian/hashed repeat=1/ragged
# DONE kernel-ridge-laplacian/hashed repeat=1/ragged 0.000s
# START kernel-ridge-laplacian/hashed repeat=1/stepfull
# DONE kernel-ridge-laplacian/hashed repeat=1/stepfull 0.000s
# START kernel-ridge-laplacian/hashed repeat=2/train
# DONE kernel-ridge-laplacian/hashed repeat=2/train 0.003s
# START kernel-ridge-laplacian/hashed repeat=2/infer-save-reload
# DONE kernel-ridge-laplacian/hashed repeat=2/infer-save-reload 0.003s
# START kernel-ridge-laplacian/hashed repeat=2/batch
# DONE kernel-ridge-laplacian/hashed repeat=2/batch 0.022s
# START kernel-ridge-laplacian/hashed repeat=2/batchgrad
# DONE kernel-ridge-laplacian/hashed repeat=2/batchgrad 0.000s
# START kernel-ridge-laplacian/hashed repeat=2/batchscale
# DONE kernel-ridge-laplacian/hashed repeat=2/batchscale 0.000s
# START kernel-ridge-laplacian/hashed repeat=2/ragged
# DONE kernel-ridge-laplacian/hashed repeat=2/ragged 0.000s
# START kernel-ridge-laplacian/hashed repeat=2/stepfull
# DONE kernel-ridge-laplacian/hashed repeat=2/stepfull 0.000s
# CELL kernel-ridge-laplacian/hashed STABLE 0.057s
# START kernel-ridge-laplacian/wide repeat=1/train
# DONE kernel-ridge-laplacian/wide repeat=1/train 0.003s
# START kernel-ridge-laplacian/wide repeat=1/infer-save-reload
# DONE kernel-ridge-laplacian/wide repeat=1/infer-save-reload 0.003s
# START kernel-ridge-laplacian/wide repeat=1/batch
# DONE kernel-ridge-laplacian/wide repeat=1/batch 0.022s
# START kernel-ridge-laplacian/wide repeat=1/batchgrad
# DONE kernel-ridge-laplacian/wide repeat=1/batchgrad 0.000s
# START kernel-ridge-laplacian/wide repeat=1/batchscale
# DONE kernel-ridge-laplacian/wide repeat=1/batchscale 0.000s
# START kernel-ridge-laplacian/wide repeat=1/ragged
# DONE kernel-ridge-laplacian/wide repeat=1/ragged 0.000s
# START kernel-ridge-laplacian/wide repeat=1/stepfull
# DONE kernel-ridge-laplacian/wide repeat=1/stepfull 0.000s
# START kernel-ridge-laplacian/wide repeat=2/train
# DONE kernel-ridge-laplacian/wide repeat=2/train 0.003s
# START kernel-ridge-laplacian/wide repeat=2/infer-save-reload
# DONE kernel-ridge-laplacian/wide repeat=2/infer-save-reload 0.003s
# START kernel-ridge-laplacian/wide repeat=2/batch
# DONE kernel-ridge-laplacian/wide repeat=2/batch 0.021s
# START kernel-ridge-laplacian/wide repeat=2/batchgrad
# DONE kernel-ridge-laplacian/wide repeat=2/batchgrad 0.000s
# START kernel-ridge-laplacian/wide repeat=2/batchscale
# DONE kernel-ridge-laplacian/wide repeat=2/batchscale 0.000s
# START kernel-ridge-laplacian/wide repeat=2/ragged
# DONE kernel-ridge-laplacian/wide repeat=2/ragged 0.000s
# START kernel-ridge-laplacian/wide repeat=2/stepfull
# DONE kernel-ridge-laplacian/wide repeat=2/stepfull 0.000s
# CELL kernel-ridge-laplacian/wide STABLE 0.057s
# START kernel-ridge-laplacian/denormal repeat=1/train
# DONE kernel-ridge-laplacian/denormal repeat=1/train 0.003s
# START kernel-ridge-laplacian/denormal repeat=1/infer-save-reload
# DONE kernel-ridge-laplacian/denormal repeat=1/infer-save-reload 0.003s
# START kernel-ridge-laplacian/denormal repeat=1/batch
# DONE kernel-ridge-laplacian/denormal repeat=1/batch 0.022s
# START kernel-ridge-laplacian/denormal repeat=1/batchgrad
# DONE kernel-ridge-laplacian/denormal repeat=1/batchgrad 0.000s
# START kernel-ridge-laplacian/denormal repeat=1/batchscale
# DONE kernel-ridge-laplacian/denormal repeat=1/batchscale 0.000s
# START kernel-ridge-laplacian/denormal repeat=1/ragged
# DONE kernel-ridge-laplacian/denormal repeat=1/ragged 0.000s
# START kernel-ridge-laplacian/denormal repeat=1/stepfull
# DONE kernel-ridge-laplacian/denormal repeat=1/stepfull 0.000s
# START kernel-ridge-laplacian/denormal repeat=2/train
# DONE kernel-ridge-laplacian/denormal repeat=2/train 0.003s
# START kernel-ridge-laplacian/denormal repeat=2/infer-save-reload
# DONE kernel-ridge-laplacian/denormal repeat=2/infer-save-reload 0.003s
# START kernel-ridge-laplacian/denormal repeat=2/batch
# DONE kernel-ridge-laplacian/denormal repeat=2/batch 0.023s
# START kernel-ridge-laplacian/denormal repeat=2/batchgrad
# DONE kernel-ridge-laplacian/denormal repeat=2/batchgrad 0.000s
# START kernel-ridge-laplacian/denormal repeat=2/batchscale
# DONE kernel-ridge-laplacian/denormal repeat=2/batchscale 0.000s
# START kernel-ridge-laplacian/denormal repeat=2/ragged
# DONE kernel-ridge-laplacian/denormal repeat=2/ragged 0.000s
# START kernel-ridge-laplacian/denormal repeat=2/stepfull
# DONE kernel-ridge-laplacian/denormal repeat=2/stepfull 0.000s
# CELL kernel-ridge-laplacian/denormal STABLE 0.059s
# START kernel-ridge-laplacian/denormal_ftz repeat=1/train
# DONE kernel-ridge-laplacian/denormal_ftz repeat=1/train 0.003s
# START kernel-ridge-laplacian/denormal_ftz repeat=1/infer-save-reload
# DONE kernel-ridge-laplacian/denormal_ftz repeat=1/infer-save-reload 0.003s
# START kernel-ridge-laplacian/denormal_ftz repeat=1/batch
# DONE kernel-ridge-laplacian/denormal_ftz repeat=1/batch 0.023s
# START kernel-ridge-laplacian/denormal_ftz repeat=1/batchgrad
# DONE kernel-ridge-laplacian/denormal_ftz repeat=1/batchgrad 0.000s
# START kernel-ridge-laplacian/denormal_ftz repeat=1/batchscale
# DONE kernel-ridge-laplacian/denormal_ftz repeat=1/batchscale 0.000s
# START kernel-ridge-laplacian/denormal_ftz repeat=1/ragged
# DONE kernel-ridge-laplacian/denormal_ftz repeat=1/ragged 0.000s
# START kernel-ridge-laplacian/denormal_ftz repeat=1/stepfull
# DONE kernel-ridge-laplacian/denormal_ftz repeat=1/stepfull 0.000s
# START kernel-ridge-laplacian/denormal_ftz repeat=2/train
# DONE kernel-ridge-laplacian/denormal_ftz repeat=2/train 0.003s
# START kernel-ridge-laplacian/denormal_ftz repeat=2/infer-save-reload
# DONE kernel-ridge-laplacian/denormal_ftz repeat=2/infer-save-reload 0.003s
# START kernel-ridge-laplacian/denormal_ftz repeat=2/batch
# DONE kernel-ridge-laplacian/denormal_ftz repeat=2/batch 0.023s
# START kernel-ridge-laplacian/denormal_ftz repeat=2/batchgrad
# DONE kernel-ridge-laplacian/denormal_ftz repeat=2/batchgrad 0.000s
# START kernel-ridge-laplacian/denormal_ftz repeat=2/batchscale
# DONE kernel-ridge-laplacian/denormal_ftz repeat=2/batchscale 0.000s
# START kernel-ridge-laplacian/denormal_ftz repeat=2/ragged
# DONE kernel-ridge-laplacian/denormal_ftz repeat=2/ragged 0.000s
# START kernel-ridge-laplacian/denormal_ftz repeat=2/stepfull
# DONE kernel-ridge-laplacian/denormal_ftz repeat=2/stepfull 0.000s
# CELL kernel-ridge-laplacian/denormal_ftz STABLE 0.059s
# START kernel-ridge-laplacian/dupes repeat=1/train
# DONE kernel-ridge-laplacian/dupes repeat=1/train 0.003s
# START kernel-ridge-laplacian/dupes repeat=1/infer-save-reload
# DONE kernel-ridge-laplacian/dupes repeat=1/infer-save-reload 0.003s
# START kernel-ridge-laplacian/dupes repeat=1/batch
# DONE kernel-ridge-laplacian/dupes repeat=1/batch 0.023s
# START kernel-ridge-laplacian/dupes repeat=1/batchgrad
# DONE kernel-ridge-laplacian/dupes repeat=1/batchgrad 0.000s
# START kernel-ridge-laplacian/dupes repeat=1/batchscale
# DONE kernel-ridge-laplacian/dupes repeat=1/batchscale 0.000s
# START kernel-ridge-laplacian/dupes repeat=1/ragged
# DONE kernel-ridge-laplacian/dupes repeat=1/ragged 0.000s
# START kernel-ridge-laplacian/dupes repeat=1/stepfull
# DONE kernel-ridge-laplacian/dupes repeat=1/stepfull 0.000s
# START kernel-ridge-laplacian/dupes repeat=2/train
# DONE kernel-ridge-laplacian/dupes repeat=2/train 0.003s
# START kernel-ridge-laplacian/dupes repeat=2/infer-save-reload
# DONE kernel-ridge-laplacian/dupes repeat=2/infer-save-reload 0.003s
# START kernel-ridge-laplacian/dupes repeat=2/batch
# DONE kernel-ridge-laplacian/dupes repeat=2/batch 0.023s
# START kernel-ridge-laplacian/dupes repeat=2/batchgrad
# DONE kernel-ridge-laplacian/dupes repeat=2/batchgrad 0.000s
# START kernel-ridge-laplacian/dupes repeat=2/batchscale
# DONE kernel-ridge-laplacian/dupes repeat=2/batchscale 0.000s
# START kernel-ridge-laplacian/dupes repeat=2/ragged
# DONE kernel-ridge-laplacian/dupes repeat=2/ragged 0.000s
# START kernel-ridge-laplacian/dupes repeat=2/stepfull
# DONE kernel-ridge-laplacian/dupes repeat=2/stepfull 0.000s
# CELL kernel-ridge-laplacian/dupes STABLE 0.060s
# START kernel-ridge-laplacian/odd repeat=1/train
# DONE kernel-ridge-laplacian/odd repeat=1/train 0.003s
# START kernel-ridge-laplacian/odd repeat=1/infer-save-reload
# DONE kernel-ridge-laplacian/odd repeat=1/infer-save-reload 0.003s
# START kernel-ridge-laplacian/odd repeat=1/batch
# DONE kernel-ridge-laplacian/odd repeat=1/batch 0.023s
# START kernel-ridge-laplacian/odd repeat=1/batchgrad
# DONE kernel-ridge-laplacian/odd repeat=1/batchgrad 0.000s
# START kernel-ridge-laplacian/odd repeat=1/batchscale
# DONE kernel-ridge-laplacian/odd repeat=1/batchscale 0.000s
# START kernel-ridge-laplacian/odd repeat=1/ragged
# DONE kernel-ridge-laplacian/odd repeat=1/ragged 0.000s
# START kernel-ridge-laplacian/odd repeat=1/stepfull
# DONE kernel-ridge-laplacian/odd repeat=1/stepfull 0.000s
# START kernel-ridge-laplacian/odd repeat=2/train
# DONE kernel-ridge-laplacian/odd repeat=2/train 0.003s
# START kernel-ridge-laplacian/odd repeat=2/infer-save-reload
# DONE kernel-ridge-laplacian/odd repeat=2/infer-save-reload 0.003s
# START kernel-ridge-laplacian/odd repeat=2/batch
# DONE kernel-ridge-laplacian/odd repeat=2/batch 0.024s
# START kernel-ridge-laplacian/odd repeat=2/batchgrad
# DONE kernel-ridge-laplacian/odd repeat=2/batchgrad 0.000s
# START kernel-ridge-laplacian/odd repeat=2/batchscale
# DONE kernel-ridge-laplacian/odd repeat=2/batchscale 0.000s
# START kernel-ridge-laplacian/odd repeat=2/ragged
# DONE kernel-ridge-laplacian/odd repeat=2/ragged 0.000s
# START kernel-ridge-laplacian/odd repeat=2/stepfull
# DONE kernel-ridge-laplacian/odd repeat=2/stepfull 0.000s
# CELL kernel-ridge-laplacian/odd STABLE 0.061s
# START kernel-ridge-laplacian/negative repeat=1/train
# DONE kernel-ridge-laplacian/negative repeat=1/train 0.004s
# START kernel-ridge-laplacian/negative repeat=1/infer-save-reload
# DONE kernel-ridge-laplacian/negative repeat=1/infer-save-reload 0.003s
# START kernel-ridge-laplacian/negative repeat=1/batch
# DONE kernel-ridge-laplacian/negative repeat=1/batch 0.022s
# START kernel-ridge-laplacian/negative repeat=1/batchgrad
# DONE kernel-ridge-laplacian/negative repeat=1/batchgrad 0.000s
# START kernel-ridge-laplacian/negative repeat=1/batchscale
# DONE kernel-ridge-laplacian/negative repeat=1/batchscale 0.000s
# START kernel-ridge-laplacian/negative repeat=1/ragged
# DONE kernel-ridge-laplacian/negative repeat=1/ragged 0.000s
# START kernel-ridge-laplacian/negative repeat=1/stepfull
# DONE kernel-ridge-laplacian/negative repeat=1/stepfull 0.000s
# START kernel-ridge-laplacian/negative repeat=2/train
# DONE kernel-ridge-laplacian/negative repeat=2/train 0.003s
# START kernel-ridge-laplacian/negative repeat=2/infer-save-reload
# DONE kernel-ridge-laplacian/negative repeat=2/infer-save-reload 0.003s
# START kernel-ridge-laplacian/negative repeat=2/batch
# DONE kernel-ridge-laplacian/negative repeat=2/batch 0.021s
# START kernel-ridge-laplacian/negative repeat=2/batchgrad
# DONE kernel-ridge-laplacian/negative repeat=2/batchgrad 0.000s
# START kernel-ridge-laplacian/negative repeat=2/batchscale
# DONE kernel-ridge-laplacian/negative repeat=2/batchscale 0.000s
# START kernel-ridge-laplacian/negative repeat=2/ragged
# DONE kernel-ridge-laplacian/negative repeat=2/ragged 0.000s
# START kernel-ridge-laplacian/negative repeat=2/stepfull
# DONE kernel-ridge-laplacian/negative repeat=2/stepfull 0.000s
# CELL kernel-ridge-laplacian/negative STABLE 0.058s
| kernel-ridge-laplacian | 2fa5889536ed1879 | 068bde473151bc04 | a43407188b2af0bc | 69081be6599d96f1 | 8857ea1d5d5669c0 | 8857ea1d5d5669c0 | 5fdc71da2b4862e7 | af4d260e191a0d89 | e2cd459b5fd3dc02 |
| kernel-ridge-laplacian infer | 8856f24aa6d8fc1e | 342d39a74aca2759 | 22a7eb0eaca45657 | 0f1e39c547858a0c | 83b863a48b439e58 | 83b863a48b439e58 | 6b5711639cd42ad4 | 3ef4b630864aa956 | 9084d21fbd04acd2 |
| kernel-ridge-laplacian model | 8c222a5b89d0f520 | 857ab7ff0c67b9ca | ecdd20a18fddcfac | 95b734acb147fe05 | 047872cc9d57b979 | 6638b7e5a05a1f08 | a0632a87ef34d737 | 242d6365ce89e185 | 6a51f60e14cbc0dd |
| kernel-ridge-laplacian batch | 2d495dae96246c37 | 54001895e91abd09 | 071d1f9f3614cb9e | fcbe7a8e5773fb00 | 79d348ae1cd8d648 | 79d348ae1cd8d648 | 5e5b1a9d977a224b | 6e37077e397d49e6 | ad5d89fdd50ba904 |

cells=9 stable=9 moved=0 refused=0
infer: stable=9
model: stable=9
batch: stable=9
batchgrad: n/a=9
batchscale: n/a=9
ragged: n/a=9
stepfull: n/a=9
n/a: kernel-ridge-laplacian batchgrad n/a:no-backward, kernel-ridge-laplacian batchscale n/a:not-in-the-serving-set, kernel-ridge-laplacian ragged n/a:no-sequence-axis, kernel-ridge-laplacian stepfull n/a:no-decode-state
wrote /root/gemm_leg_out/ordinary-holds/captures-kernels/kernel-ridge-laplacian.json
