SMALLK_PRICE experimental 0 mode IDENTICAL fixture dyadic-v1 index 100000 queries 32 features 32 k 10 index_salt 0 query_salt 593 requested_tile 256 warmups 2 timed_calls 1 scope native-public-upload-search-download-synchronize
PRICE_CELL dyadic-v1 100000 32 32 10 0 1076475919 77158
PRICE_CELL dyadic-v1 100000 32 32 10 1 1076618074 41527
PRICE_CELL dyadic-v1 100000 32 32 10 2 1076623538 78928
PRICE_CELL dyadic-v1 100000 32 32 10 3 1076814954 517
PRICE_CELL dyadic-v1 100000 32 32 10 4 1076826702 78974
PRICE_CELL dyadic-v1 100000 32 32 10 5 1076925698 28076
PRICE_CELL dyadic-v1 100000 32 32 10 6 1077035638 63922
PRICE_CELL dyadic-v1 100000 32 32 10 7 1077045289 45923
PRICE_CELL dyadic-v1 100000 32 32 10 8 1077053711 73338
PRICE_CELL dyadic-v1 100000 32 32 10 9 1077079711 33848
PRICE_CELL dyadic-v1 100000 32 32 10 10 1076237773 88407
PRICE_CELL dyadic-v1 100000 32 32 10 11 1076392847 50149
PRICE_CELL dyadic-v1 100000 32 32 10 12 1076869196 22068
PRICE_CELL dyadic-v1 100000 32 32 10 13 1076943909 52184
PRICE_CELL dyadic-v1 100000 32 32 10 14 1077218651 65697
PRICE_CELL dyadic-v1 100000 32 32 10 15 1077327038 34871
PRICE_CELL dyadic-v1 100000 32 32 10 16 1077371191 61693
PRICE_CELL dyadic-v1 100000 32 32 10 17 1077586485 27490
PRICE_CELL dyadic-v1 100000 32 32 10 18 1077619563 14306
PRICE_CELL dyadic-v1 100000 32 32 10 19 1077670961 3886
PRICE_CELL dyadic-v1 100000 32 32 10 20 1076458748 3877
PRICE_CELL dyadic-v1 100000 32 32 10 21 1076617442 11964
PRICE_CELL dyadic-v1 100000 32 32 10 22 1076774196 86108
PRICE_CELL dyadic-v1 100000 32 32 10 23 1076884014 26206
PRICE_CELL dyadic-v1 100000 32 32 10 24 1077030304 42074
PRICE_CELL dyadic-v1 100000 32 32 10 25 1077140378 34478
PRICE_CELL dyadic-v1 100000 32 32 10 26 1077157818 90339
PRICE_CELL dyadic-v1 100000 32 32 10 27 1077167213 7206
PRICE_CELL dyadic-v1 100000 32 32 10 28 1077218066 3911
PRICE_CELL dyadic-v1 100000 32 32 10 29 1077252913 52727
PRICE_CELL dyadic-v1 100000 32 32 10 30 1074628573 14256
PRICE_CELL dyadic-v1 100000 32 32 10 31 1074687983 28665
PRICE_CELL dyadic-v1 100000 32 32 10 32 1075574032 11524
PRICE_CELL dyadic-v1 100000 32 32 10 33 1075667061 83782
PRICE_CELL dyadic-v1 100000 32 32 10 34 1075939545 98070
PRICE_CELL dyadic-v1 100000 32 32 10 35 1076495224 18175
PRICE_CELL dyadic-v1 100000 32 32 10 36 1076605498 33514
PRICE_CELL dyadic-v1 100000 32 32 10 37 1076648104 9976
PRICE_CELL dyadic-v1 100000 32 32 10 38 1076675747 70757
PRICE_CELL dyadic-v1 100000 32 32 10 39 1076732553 15691
PRICE_CELL dyadic-v1 100000 32 32 10 40 1075621693 44682
PRICE_CELL dyadic-v1 100000 32 32 10 41 1076103915 4012
PRICE_CELL dyadic-v1 100000 32 32 10 42 1076707502 29994
PRICE_CELL dyadic-v1 100000 32 32 10 43 1076805149 45308
PRICE_CELL dyadic-v1 100000 32 32 10 44 1077058657 44646
PRICE_CELL dyadic-v1 100000 32 32 10 45 1077064585 22009
PRICE_CELL dyadic-v1 100000 32 32 10 46 1077097429 37144
PRICE_CELL dyadic-v1 100000 32 32 10 47 1077105269 76961
PRICE_CELL dyadic-v1 100000 32 32 10 48 1077127008 50078
PRICE_CELL dyadic-v1 100000 32 32 10 49 1077127367 49811
PRICE_CELL dyadic-v1 100000 32 32 10 50 1075470121 35392
PRICE_CELL dyadic-v1 100000 32 32 10 51 1075485677 19135
PRICE_CELL dyadic-v1 100000 32 32 10 52 1075829652 77503
PRICE_CELL dyadic-v1 100000 32 32 10 53 1075840445 22861
PRICE_CELL dyadic-v1 100000 32 32 10 54 1075968360 21247
PRICE_CELL dyadic-v1 100000 32 32 10 55 1076047932 41779
PRICE_CELL dyadic-v1 100000 32 32 10 56 1076116225 18614
PRICE_CELL dyadic-v1 100000 32 32 10 57 1076144692 33367
PRICE_CELL dyadic-v1 100000 32 32 10 58 1076153076 50331
PRICE_CELL dyadic-v1 100000 32 32 10 59 1076174854 58135
PRICE_CELL dyadic-v1 100000 32 32 10 60 1075189303 49167
PRICE_CELL dyadic-v1 100000 32 32 10 61 1076031820 60831
PRICE_CELL dyadic-v1 100000 32 32 10 62 1076211439 18628
PRICE_CELL dyadic-v1 100000 32 32 10 63 1076244281 62935
PRICE_CELL dyadic-v1 100000 32 32 10 64 1076354163 68389
PRICE_CELL dyadic-v1 100000 32 32 10 65 1076530245 73336
PRICE_CELL dyadic-v1 100000 32 32 10 66 1076610030 65159
PRICE_CELL dyadic-v1 100000 32 32 10 67 1076612063 27020
PRICE_CELL dyadic-v1 100000 32 32 10 68 1076643526 76395
PRICE_CELL dyadic-v1 100000 32 32 10 69 1076750083 32987
PRICE_CELL dyadic-v1 100000 32 32 10 70 1074544614 88023
PRICE_CELL dyadic-v1 100000 32 32 10 71 1076181543 164
PRICE_CELL dyadic-v1 100000 32 32 10 72 1076297477 60238
PRICE_CELL dyadic-v1 100000 32 32 10 73 1076499158 42039
PRICE_CELL dyadic-v1 100000 32 32 10 74 1076672598 20899
PRICE_CELL dyadic-v1 100000 32 32 10 75 1076815641 99094
PRICE_CELL dyadic-v1 100000 32 32 10 76 1076823992 77968
PRICE_CELL dyadic-v1 100000 32 32 10 77 1076826718 23312
PRICE_CELL dyadic-v1 100000 32 32 10 78 1076857020 33215
PRICE_CELL dyadic-v1 100000 32 32 10 79 1076930037 25469
PRICE_CELL dyadic-v1 100000 32 32 10 80 1075375515 95106
PRICE_CELL dyadic-v1 100000 32 32 10 81 1075860487 57612
PRICE_CELL dyadic-v1 100000 32 32 10 82 1075915487 65924
PRICE_CELL dyadic-v1 100000 32 32 10 83 1076387136 82649
PRICE_CELL dyadic-v1 100000 32 32 10 84 1076402622 28692
PRICE_CELL dyadic-v1 100000 32 32 10 85 1076516207 42341
PRICE_CELL dyadic-v1 100000 32 32 10 86 1076545858 33332
PRICE_CELL dyadic-v1 100000 32 32 10 87 1076786611 77554
PRICE_CELL dyadic-v1 100000 32 32 10 88 1076794116 86104
PRICE_CELL dyadic-v1 100000 32 32 10 89 1076884363 41873
PRICE_CELL dyadic-v1 100000 32 32 10 90 1075853524 74097
PRICE_CELL dyadic-v1 100000 32 32 10 91 1076564986 76073
PRICE_CELL dyadic-v1 100000 32 32 10 92 1077108284 13821
PRICE_CELL dyadic-v1 100000 32 32 10 93 1077175785 93013
PRICE_CELL dyadic-v1 100000 32 32 10 94 1077179182 59670
PRICE_CELL dyadic-v1 100000 32 32 10 95 1077294584 32063
PRICE_CELL dyadic-v1 100000 32 32 10 96 1077383365 84966
PRICE_CELL dyadic-v1 100000 32 32 10 97 1077431340 43288
PRICE_CELL dyadic-v1 100000 32 32 10 98 1077459822 25652
PRICE_CELL dyadic-v1 100000 32 32 10 99 1077474917 96075
PRICE_CELL dyadic-v1 100000 32 32 10 100 1076492622 13902
PRICE_CELL dyadic-v1 100000 32 32 10 101 1076827550 29342
PRICE_CELL dyadic-v1 100000 32 32 10 102 1077025343 50456
PRICE_CELL dyadic-v1 100000 32 32 10 103 1077061559 22087
PRICE_CELL dyadic-v1 100000 32 32 10 104 1077140948 16277
PRICE_CELL dyadic-v1 100000 32 32 10 105 1077250132 74345
PRICE_CELL dyadic-v1 100000 32 32 10 106 1077316748 48909
PRICE_CELL dyadic-v1 100000 32 32 10 107 1077381906 8906
PRICE_CELL dyadic-v1 100000 32 32 10 108 1077398022 98553
PRICE_CELL dyadic-v1 100000 32 32 10 109 1077474024 23618
PRICE_CELL dyadic-v1 100000 32 32 10 110 1076620378 61672
PRICE_CELL dyadic-v1 100000 32 32 10 111 1076751849 48868
PRICE_CELL dyadic-v1 100000 32 32 10 112 1076856908 74416
PRICE_CELL dyadic-v1 100000 32 32 10 113 1076999758 6947
PRICE_CELL dyadic-v1 100000 32 32 10 114 1077057586 14378
PRICE_CELL dyadic-v1 100000 32 32 10 115 1077071775 35383
PRICE_CELL dyadic-v1 100000 32 32 10 116 1077119104 38970
PRICE_CELL dyadic-v1 100000 32 32 10 117 1077150807 88271
PRICE_CELL dyadic-v1 100000 32 32 10 118 1077180898 4061
PRICE_CELL dyadic-v1 100000 32 32 10 119 1077229653 19300
PRICE_CELL dyadic-v1 100000 32 32 10 120 1076736328 65853
PRICE_CELL dyadic-v1 100000 32 32 10 121 1076940206 2729
PRICE_CELL dyadic-v1 100000 32 32 10 122 1076978575 93045
PRICE_CELL dyadic-v1 100000 32 32 10 123 1077006583 90674
PRICE_CELL dyadic-v1 100000 32 32 10 124 1077252679 65588
PRICE_CELL dyadic-v1 100000 32 32 10 125 1077354634 29222
PRICE_CELL dyadic-v1 100000 32 32 10 126 1077422659 55394
PRICE_CELL dyadic-v1 100000 32 32 10 127 1077423637 57578
PRICE_CELL dyadic-v1 100000 32 32 10 128 1077516456 34078
PRICE_CELL dyadic-v1 100000 32 32 10 129 1077608545 25992
PRICE_CELL dyadic-v1 100000 32 32 10 130 1075877827 96352
PRICE_CELL dyadic-v1 100000 32 32 10 131 1076054345 40927
PRICE_CELL dyadic-v1 100000 32 32 10 132 1076101621 70754
PRICE_CELL dyadic-v1 100000 32 32 10 133 1076300019 81633
PRICE_CELL dyadic-v1 100000 32 32 10 134 1076366387 63737
PRICE_CELL dyadic-v1 100000 32 32 10 135 1076385348 74015
PRICE_CELL dyadic-v1 100000 32 32 10 136 1076389763 95065
PRICE_CELL dyadic-v1 100000 32 32 10 137 1076564192 89606
PRICE_CELL dyadic-v1 100000 32 32 10 138 1076610671 90668
PRICE_CELL dyadic-v1 100000 32 32 10 139 1076620541 41152
PRICE_CELL dyadic-v1 100000 32 32 10 140 1075361512 96606
PRICE_CELL dyadic-v1 100000 32 32 10 141 1076627255 46770
PRICE_CELL dyadic-v1 100000 32 32 10 142 1076790995 33862
PRICE_CELL dyadic-v1 100000 32 32 10 143 1077159107 18147
PRICE_CELL dyadic-v1 100000 32 32 10 144 1077196575 49601
PRICE_CELL dyadic-v1 100000 32 32 10 145 1077204907 7060
PRICE_CELL dyadic-v1 100000 32 32 10 146 1077209248 23889
PRICE_CELL dyadic-v1 100000 32 32 10 147 1077246341 26564
PRICE_CELL dyadic-v1 100000 32 32 10 148 1077386980 76652
PRICE_CELL dyadic-v1 100000 32 32 10 149 1077449850 99749
PRICE_CELL dyadic-v1 100000 32 32 10 150 1074416034 41266
PRICE_CELL dyadic-v1 100000 32 32 10 151 1075376010 12955
PRICE_CELL dyadic-v1 100000 32 32 10 152 1075593883 97719
PRICE_CELL dyadic-v1 100000 32 32 10 153 1075627544 96908
PRICE_CELL dyadic-v1 100000 32 32 10 154 1075843142 13748
PRICE_CELL dyadic-v1 100000 32 32 10 155 1075902609 16383
PRICE_CELL dyadic-v1 100000 32 32 10 156 1076105827 31845
PRICE_CELL dyadic-v1 100000 32 32 10 157 1076229177 94466
PRICE_CELL dyadic-v1 100000 32 32 10 158 1076241924 95398
PRICE_CELL dyadic-v1 100000 32 32 10 159 1076249284 57488
PRICE_CELL dyadic-v1 100000 32 32 10 160 1074665929 77349
PRICE_CELL dyadic-v1 100000 32 32 10 161 1074963811 24202
PRICE_CELL dyadic-v1 100000 32 32 10 162 1075683692 88294
PRICE_CELL dyadic-v1 100000 32 32 10 163 1076237910 29127
PRICE_CELL dyadic-v1 100000 32 32 10 164 1076310562 33371
PRICE_CELL dyadic-v1 100000 32 32 10 165 1076556063 62243
PRICE_CELL dyadic-v1 100000 32 32 10 166 1076572707 51535
PRICE_CELL dyadic-v1 100000 32 32 10 167 1076582316 36187
PRICE_CELL dyadic-v1 100000 32 32 10 168 1076655804 80229
PRICE_CELL dyadic-v1 100000 32 32 10 169 1076671440 22805
PRICE_CELL dyadic-v1 100000 32 32 10 170 1075878541 64637
PRICE_CELL dyadic-v1 100000 32 32 10 171 1075890115 30382
PRICE_CELL dyadic-v1 100000 32 32 10 172 1076086209 32397
PRICE_CELL dyadic-v1 100000 32 32 10 173 1076216699 55831
PRICE_CELL dyadic-v1 100000 32 32 10 174 1076221601 78953
PRICE_CELL dyadic-v1 100000 32 32 10 175 1076299947 61399
PRICE_CELL dyadic-v1 100000 32 32 10 176 1076392659 12458
PRICE_CELL dyadic-v1 100000 32 32 10 177 1076402343 4192
PRICE_CELL dyadic-v1 100000 32 32 10 178 1076409257 53096
PRICE_CELL dyadic-v1 100000 32 32 10 179 1076428102 80024
PRICE_CELL dyadic-v1 100000 32 32 10 180 1075796863 47081
PRICE_CELL dyadic-v1 100000 32 32 10 181 1076327471 76564
PRICE_CELL dyadic-v1 100000 32 32 10 182 1076484583 89632
PRICE_CELL dyadic-v1 100000 32 32 10 183 1076646596 56536
PRICE_CELL dyadic-v1 100000 32 32 10 184 1076759760 41558
PRICE_CELL dyadic-v1 100000 32 32 10 185 1076782765 65654
PRICE_CELL dyadic-v1 100000 32 32 10 186 1076801944 68905
PRICE_CELL dyadic-v1 100000 32 32 10 187 1076945196 88153
PRICE_CELL dyadic-v1 100000 32 32 10 188 1076947465 88577
PRICE_CELL dyadic-v1 100000 32 32 10 189 1077067746 87340
PRICE_CELL dyadic-v1 100000 32 32 10 190 1076458524 57221
PRICE_CELL dyadic-v1 100000 32 32 10 191 1077178623 32900
PRICE_CELL dyadic-v1 100000 32 32 10 192 1077407689 53832
PRICE_CELL dyadic-v1 100000 32 32 10 193 1077420531 84778
PRICE_CELL dyadic-v1 100000 32 32 10 194 1077469612 93102
PRICE_CELL dyadic-v1 100000 32 32 10 195 1077477862 74544
PRICE_CELL dyadic-v1 100000 32 32 10 196 1077509305 6456
PRICE_CELL dyadic-v1 100000 32 32 10 197 1077558535 39814
PRICE_CELL dyadic-v1 100000 32 32 10 198 1077591908 32784
PRICE_CELL dyadic-v1 100000 32 32 10 199 1077628994 54883
PRICE_CELL dyadic-v1 100000 32 32 10 200 1075836843 49583
PRICE_CELL dyadic-v1 100000 32 32 10 201 1076355115 70476
PRICE_CELL dyadic-v1 100000 32 32 10 202 1076593404 5858
PRICE_CELL dyadic-v1 100000 32 32 10 203 1076875904 39185
PRICE_CELL dyadic-v1 100000 32 32 10 204 1076974462 43049
PRICE_CELL dyadic-v1 100000 32 32 10 205 1077049434 88371
PRICE_CELL dyadic-v1 100000 32 32 10 206 1077050629 23202
PRICE_CELL dyadic-v1 100000 32 32 10 207 1077051581 94567
PRICE_CELL dyadic-v1 100000 32 32 10 208 1077081956 38925
PRICE_CELL dyadic-v1 100000 32 32 10 209 1077129459 12325
PRICE_CELL dyadic-v1 100000 32 32 10 210 1076637490 76459
PRICE_CELL dyadic-v1 100000 32 32 10 211 1076651445 22268
PRICE_CELL dyadic-v1 100000 32 32 10 212 1076809519 91261
PRICE_CELL dyadic-v1 100000 32 32 10 213 1076826486 36493
PRICE_CELL dyadic-v1 100000 32 32 10 214 1077110650 70860
PRICE_CELL dyadic-v1 100000 32 32 10 215 1077238916 30428
PRICE_CELL dyadic-v1 100000 32 32 10 216 1077265500 8860
PRICE_CELL dyadic-v1 100000 32 32 10 217 1077282301 83082
PRICE_CELL dyadic-v1 100000 32 32 10 218 1077360490 50869
PRICE_CELL dyadic-v1 100000 32 32 10 219 1077417633 71715
PRICE_CELL dyadic-v1 100000 32 32 10 220 1076324304 97398
PRICE_CELL dyadic-v1 100000 32 32 10 221 1076360499 56760
PRICE_CELL dyadic-v1 100000 32 32 10 222 1076579969 506
PRICE_CELL dyadic-v1 100000 32 32 10 223 1076670874 93351
PRICE_CELL dyadic-v1 100000 32 32 10 224 1076712360 16813
PRICE_CELL dyadic-v1 100000 32 32 10 225 1076789417 5783
PRICE_CELL dyadic-v1 100000 32 32 10 226 1076823960 54886
PRICE_CELL dyadic-v1 100000 32 32 10 227 1076883282 39115
PRICE_CELL dyadic-v1 100000 32 32 10 228 1076893798 85863
PRICE_CELL dyadic-v1 100000 32 32 10 229 1076989797 37075
PRICE_CELL dyadic-v1 100000 32 32 10 230 1075954479 81888
PRICE_CELL dyadic-v1 100000 32 32 10 231 1076047826 3128
PRICE_CELL dyadic-v1 100000 32 32 10 232 1076382654 2302
PRICE_CELL dyadic-v1 100000 32 32 10 233 1076568384 62528
PRICE_CELL dyadic-v1 100000 32 32 10 234 1076635264 39891
PRICE_CELL dyadic-v1 100000 32 32 10 235 1076820145 67457
PRICE_CELL dyadic-v1 100000 32 32 10 236 1076875562 36756
PRICE_CELL dyadic-v1 100000 32 32 10 237 1076979023 11547
PRICE_CELL dyadic-v1 100000 32 32 10 238 1077080129 59301
PRICE_CELL dyadic-v1 100000 32 32 10 239 1077210199 13577
PRICE_CELL dyadic-v1 100000 32 32 10 240 1077207453 250
PRICE_CELL dyadic-v1 100000 32 32 10 241 1077296597 58230
PRICE_CELL dyadic-v1 100000 32 32 10 242 1077672054 29404
PRICE_CELL dyadic-v1 100000 32 32 10 243 1077719347 2130
PRICE_CELL dyadic-v1 100000 32 32 10 244 1077866566 59227
PRICE_CELL dyadic-v1 100000 32 32 10 245 1077867083 20006
PRICE_CELL dyadic-v1 100000 32 32 10 246 1077878085 62097
PRICE_CELL dyadic-v1 100000 32 32 10 247 1077921594 85196
PRICE_CELL dyadic-v1 100000 32 32 10 248 1078006766 99766
PRICE_CELL dyadic-v1 100000 32 32 10 249 1078057962 9360
PRICE_CELL dyadic-v1 100000 32 32 10 250 1076099717 60731
PRICE_CELL dyadic-v1 100000 32 32 10 251 1076390897 99111
PRICE_CELL dyadic-v1 100000 32 32 10 252 1076488800 88956
PRICE_CELL dyadic-v1 100000 32 32 10 253 1076537825 37798
PRICE_CELL dyadic-v1 100000 32 32 10 254 1076557268 18130
PRICE_CELL dyadic-v1 100000 32 32 10 255 1076691999 78739
PRICE_CELL dyadic-v1 100000 32 32 10 256 1076785429 68063
PRICE_CELL dyadic-v1 100000 32 32 10 257 1076900256 67793
PRICE_CELL dyadic-v1 100000 32 32 10 258 1076901166 78603
PRICE_CELL dyadic-v1 100000 32 32 10 259 1077003768 65009
PRICE_CELL dyadic-v1 100000 32 32 10 260 1075968158 34175
PRICE_CELL dyadic-v1 100000 32 32 10 261 1075983955 72628
PRICE_CELL dyadic-v1 100000 32 32 10 262 1076208528 33767
PRICE_CELL dyadic-v1 100000 32 32 10 263 1076351340 58133
PRICE_CELL dyadic-v1 100000 32 32 10 264 1076770950 30924
PRICE_CELL dyadic-v1 100000 32 32 10 265 1076866961 68833
PRICE_CELL dyadic-v1 100000 32 32 10 266 1077013504 4468
PRICE_CELL dyadic-v1 100000 32 32 10 267 1077042188 44807
PRICE_CELL dyadic-v1 100000 32 32 10 268 1077044621 61335
PRICE_CELL dyadic-v1 100000 32 32 10 269 1077092745 53365
PRICE_CELL dyadic-v1 100000 32 32 10 270 1076565910 20834
PRICE_CELL dyadic-v1 100000 32 32 10 271 1076605461 53925
PRICE_CELL dyadic-v1 100000 32 32 10 272 1076636643 1704
PRICE_CELL dyadic-v1 100000 32 32 10 273 1076775338 88389
PRICE_CELL dyadic-v1 100000 32 32 10 274 1077151098 85365
PRICE_CELL dyadic-v1 100000 32 32 10 275 1077202844 22495
PRICE_CELL dyadic-v1 100000 32 32 10 276 1077250080 80732
PRICE_CELL dyadic-v1 100000 32 32 10 277 1077305117 15915
PRICE_CELL dyadic-v1 100000 32 32 10 278 1077391924 97100
PRICE_CELL dyadic-v1 100000 32 32 10 279 1077492212 79091
PRICE_CELL dyadic-v1 100000 32 32 10 280 1076144341 88289
PRICE_CELL dyadic-v1 100000 32 32 10 281 1076246389 66714
PRICE_CELL dyadic-v1 100000 32 32 10 282 1076659842 25313
PRICE_CELL dyadic-v1 100000 32 32 10 283 1076716202 90702
PRICE_CELL dyadic-v1 100000 32 32 10 284 1076820227 38501
PRICE_CELL dyadic-v1 100000 32 32 10 285 1076854698 91339
PRICE_CELL dyadic-v1 100000 32 32 10 286 1076955429 8842
PRICE_CELL dyadic-v1 100000 32 32 10 287 1077005640 17574
PRICE_CELL dyadic-v1 100000 32 32 10 288 1077011234 48010
PRICE_CELL dyadic-v1 100000 32 32 10 289 1077151496 7042
PRICE_CELL dyadic-v1 100000 32 32 10 290 1075779268 68540
PRICE_CELL dyadic-v1 100000 32 32 10 291 1076593100 26993
PRICE_CELL dyadic-v1 100000 32 32 10 292 1076685013 81614
PRICE_CELL dyadic-v1 100000 32 32 10 293 1076776222 23842
PRICE_CELL dyadic-v1 100000 32 32 10 294 1076873444 41327
PRICE_CELL dyadic-v1 100000 32 32 10 295 1076891899 3722
PRICE_CELL dyadic-v1 100000 32 32 10 296 1077056709 64622
PRICE_CELL dyadic-v1 100000 32 32 10 297 1077077196 61154
PRICE_CELL dyadic-v1 100000 32 32 10 298 1077190045 74398
PRICE_CELL dyadic-v1 100000 32 32 10 299 1077252164 39338
PRICE_CELL dyadic-v1 100000 32 32 10 300 1076165618 28745
PRICE_CELL dyadic-v1 100000 32 32 10 301 1076287170 72519
PRICE_CELL dyadic-v1 100000 32 32 10 302 1076747648 22050
PRICE_CELL dyadic-v1 100000 32 32 10 303 1076783475 93536
PRICE_CELL dyadic-v1 100000 32 32 10 304 1076946549 39720
PRICE_CELL dyadic-v1 100000 32 32 10 305 1076985087 89987
PRICE_CELL dyadic-v1 100000 32 32 10 306 1077011367 7463
PRICE_CELL dyadic-v1 100000 32 32 10 307 1077147688 35863
PRICE_CELL dyadic-v1 100000 32 32 10 308 1077151755 86596
PRICE_CELL dyadic-v1 100000 32 32 10 309 1077356285 28046
PRICE_CELL dyadic-v1 100000 32 32 10 310 1075825707 47302
PRICE_CELL dyadic-v1 100000 32 32 10 311 1076050914 52551
PRICE_CELL dyadic-v1 100000 32 32 10 312 1076160395 57192
PRICE_CELL dyadic-v1 100000 32 32 10 313 1076324066 40271
PRICE_CELL dyadic-v1 100000 32 32 10 314 1076471339 65259
PRICE_CELL dyadic-v1 100000 32 32 10 315 1076488106 85709
PRICE_CELL dyadic-v1 100000 32 32 10 316 1076515165 49675
PRICE_CELL dyadic-v1 100000 32 32 10 317 1076609072 91479
PRICE_CELL dyadic-v1 100000 32 32 10 318 1076631842 30784
PRICE_CELL dyadic-v1 100000 32 32 10 319 1076767924 66260
PRICE_MS dyadic-v1 100000 32 32 10 3.872182 used_tile 32
KNN SMALL-K PUBLIC PRICE PASS queries 32 selected_pairs 320
