# vendor=cpu-amd-epyc-9655-96-core-processor commit=763565275bb976f09f03149ab42884faf72ac451 (MOJOLEARN_COMMIT) host.cpu_model='AMD EPYC 9655 96-Core Processor' host.column=cpu host.families=['_mojolearn_arima_host', '_mojolearn_byte_lm_host', '_mojolearn_core_host', '_mojolearn_embedding_host', '_mojolearn_embedding_infer_host', '_mojolearn_estimators_host', '_mojolearn_forecast_host', '_mojolearn_forest_host', '_mojolearn_gbdt_host', '_mojolearn_gp_host', '_mojolearn_gp_infer_host', '_mojolearn_hdbscan_host', '_mojolearn_hdbscan_infer_host', '_mojolearn_ivf_host', '_mojolearn_ivf_search_host', '_mojolearn_kernel_methods_host', '_mojolearn_linalg_host', '_mojolearn_mamba_host', '_mojolearn_metrics_host', '_mojolearn_mixture_host', '_mojolearn_mixture_infer_host', '_mojolearn_neural_host', '_mojolearn_preprocessing_host', '_mojolearn_resample_host', '_mojolearn_rf_host', '_mojolearn_solver_host', '_mojolearn_svm_host', '_mojolearn_tokenizer_host', '_mojolearn_training_host', '_mojolearn_transformer_host', '_mojolearn_trees_host', '_mojolearn_tsa_host']
# identity_break  mode=identical  2026-09-17 21:48:06  Linux-6.8.0-90-generic-x86_64-with-glibc2.35
# per lane: the train row, then an `infer` row (held-out rows), a `model` row (saved bytes) and a `batch` row (whole batch vs rows alone, a split and prefixes) where the lane has them
| lane                   | base             | ties             | hashed           | wide             | denormal         | denormal_ftz     | dupes            | odd              | negative         |
|------------------------|------------------|------------------|------------------|------------------|------------------|------------------|------------------|------------------|------------------|
# START rf-clf/base repeat=1/train
# DONE rf-clf/base repeat=1/train 0.248s
# START rf-clf/base repeat=1/infer-save-reload
# DONE rf-clf/base repeat=1/infer-save-reload 0.064s
# START rf-clf/base repeat=1/batch
# DONE rf-clf/base repeat=1/batch 0.187s
# START rf-clf/base repeat=1/stepfull
# DONE rf-clf/base repeat=1/stepfull 0.000s
# START rf-clf/base repeat=2/train
# DONE rf-clf/base repeat=2/train 0.244s
# START rf-clf/base repeat=2/infer-save-reload
# DONE rf-clf/base repeat=2/infer-save-reload 0.064s
# START rf-clf/base repeat=2/batch
# DONE rf-clf/base repeat=2/batch 0.169s
# START rf-clf/base repeat=2/stepfull
# DONE rf-clf/base repeat=2/stepfull 0.000s
# CELL rf-clf/base STABLE 0.978s
# START rf-clf/ties repeat=1/train
# DONE rf-clf/ties repeat=1/train 0.189s
# START rf-clf/ties repeat=1/infer-save-reload
# DONE rf-clf/ties repeat=1/infer-save-reload 0.082s
# START rf-clf/ties repeat=1/batch
# DONE rf-clf/ties repeat=1/batch 0.201s
# START rf-clf/ties repeat=1/stepfull
# DONE rf-clf/ties repeat=1/stepfull 0.000s
# START rf-clf/ties repeat=2/train
# DONE rf-clf/ties repeat=2/train 0.187s
# START rf-clf/ties repeat=2/infer-save-reload
# DONE rf-clf/ties repeat=2/infer-save-reload 0.081s
# START rf-clf/ties repeat=2/batch
# DONE rf-clf/ties repeat=2/batch 0.200s
# START rf-clf/ties repeat=2/stepfull
# DONE rf-clf/ties repeat=2/stepfull 0.000s
# CELL rf-clf/ties STABLE 0.940s
# START rf-clf/hashed repeat=1/train
# DONE rf-clf/hashed repeat=1/train 0.252s
# START rf-clf/hashed repeat=1/infer-save-reload
# DONE rf-clf/hashed repeat=1/infer-save-reload 0.064s
# START rf-clf/hashed repeat=1/batch
# DONE rf-clf/hashed repeat=1/batch 0.178s
# START rf-clf/hashed repeat=1/stepfull
# DONE rf-clf/hashed repeat=1/stepfull 0.000s
# START rf-clf/hashed repeat=2/train
# DONE rf-clf/hashed repeat=2/train 0.246s
# START rf-clf/hashed repeat=2/infer-save-reload
# DONE rf-clf/hashed repeat=2/infer-save-reload 0.063s
# START rf-clf/hashed repeat=2/batch
# DONE rf-clf/hashed repeat=2/batch 0.177s
# START rf-clf/hashed repeat=2/stepfull
# DONE rf-clf/hashed repeat=2/stepfull 0.000s
# CELL rf-clf/hashed STABLE 0.981s
# START rf-clf/wide repeat=1/train
# DONE rf-clf/wide repeat=1/train 0.251s
# START rf-clf/wide repeat=1/infer-save-reload
# DONE rf-clf/wide repeat=1/infer-save-reload 0.063s
# START rf-clf/wide repeat=1/batch
# DONE rf-clf/wide repeat=1/batch 0.178s
# START rf-clf/wide repeat=1/stepfull
# DONE rf-clf/wide repeat=1/stepfull 0.000s
# START rf-clf/wide repeat=2/train
# DONE rf-clf/wide repeat=2/train 0.248s
# START rf-clf/wide repeat=2/infer-save-reload
# DONE rf-clf/wide repeat=2/infer-save-reload 0.065s
# START rf-clf/wide repeat=2/batch
# DONE rf-clf/wide repeat=2/batch 0.180s
# START rf-clf/wide repeat=2/stepfull
# DONE rf-clf/wide repeat=2/stepfull 0.000s
# CELL rf-clf/wide STABLE 0.986s
# START rf-clf/denormal repeat=1/train
# DONE rf-clf/denormal repeat=1/train 0.252s
# START rf-clf/denormal repeat=1/infer-save-reload
# DONE rf-clf/denormal repeat=1/infer-save-reload 0.064s
# START rf-clf/denormal repeat=1/batch
# DONE rf-clf/denormal repeat=1/batch 0.183s
# START rf-clf/denormal repeat=1/stepfull
# DONE rf-clf/denormal repeat=1/stepfull 0.000s
# START rf-clf/denormal repeat=2/train
# DONE rf-clf/denormal repeat=2/train 0.250s
# START rf-clf/denormal repeat=2/infer-save-reload
# DONE rf-clf/denormal repeat=2/infer-save-reload 0.064s
# START rf-clf/denormal repeat=2/batch
# DONE rf-clf/denormal repeat=2/batch 0.171s
# START rf-clf/denormal repeat=2/stepfull
# DONE rf-clf/denormal repeat=2/stepfull 0.000s
# CELL rf-clf/denormal STABLE 0.985s
# START rf-clf/denormal_ftz repeat=1/train
# DONE rf-clf/denormal_ftz repeat=1/train 0.248s
# START rf-clf/denormal_ftz repeat=1/infer-save-reload
# DONE rf-clf/denormal_ftz repeat=1/infer-save-reload 0.067s
# START rf-clf/denormal_ftz repeat=1/batch
# DONE rf-clf/denormal_ftz repeat=1/batch 0.182s
# START rf-clf/denormal_ftz repeat=1/stepfull
# DONE rf-clf/denormal_ftz repeat=1/stepfull 0.000s
# START rf-clf/denormal_ftz repeat=2/train
# DONE rf-clf/denormal_ftz repeat=2/train 0.250s
# START rf-clf/denormal_ftz repeat=2/infer-save-reload
# DONE rf-clf/denormal_ftz repeat=2/infer-save-reload 0.065s
# START rf-clf/denormal_ftz repeat=2/batch
# DONE rf-clf/denormal_ftz repeat=2/batch 0.180s
# START rf-clf/denormal_ftz repeat=2/stepfull
# DONE rf-clf/denormal_ftz repeat=2/stepfull 0.000s
# CELL rf-clf/denormal_ftz STABLE 0.992s
# START rf-clf/dupes repeat=1/train
# DONE rf-clf/dupes repeat=1/train 0.238s
# START rf-clf/dupes repeat=1/infer-save-reload
# DONE rf-clf/dupes repeat=1/infer-save-reload 0.062s
# START rf-clf/dupes repeat=1/batch
# DONE rf-clf/dupes repeat=1/batch 0.185s
# START rf-clf/dupes repeat=1/stepfull
# DONE rf-clf/dupes repeat=1/stepfull 0.000s
# START rf-clf/dupes repeat=2/train
# DONE rf-clf/dupes repeat=2/train 0.239s
# START rf-clf/dupes repeat=2/infer-save-reload
# DONE rf-clf/dupes repeat=2/infer-save-reload 0.063s
# START rf-clf/dupes repeat=2/batch
# DONE rf-clf/dupes repeat=2/batch 0.183s
# START rf-clf/dupes repeat=2/stepfull
# DONE rf-clf/dupes repeat=2/stepfull 0.000s
# CELL rf-clf/dupes STABLE 0.971s
# START rf-clf/odd repeat=1/train
# DONE rf-clf/odd repeat=1/train 0.185s
# START rf-clf/odd repeat=1/infer-save-reload
# DONE rf-clf/odd repeat=1/infer-save-reload 0.040s
# START rf-clf/odd repeat=1/batch
# DONE rf-clf/odd repeat=1/batch 0.108s
# START rf-clf/odd repeat=1/stepfull
# DONE rf-clf/odd repeat=1/stepfull 0.000s
# START rf-clf/odd repeat=2/train
# DONE rf-clf/odd repeat=2/train 0.188s
# START rf-clf/odd repeat=2/infer-save-reload
# DONE rf-clf/odd repeat=2/infer-save-reload 0.039s
# START rf-clf/odd repeat=2/batch
# DONE rf-clf/odd repeat=2/batch 0.117s
# START rf-clf/odd repeat=2/stepfull
# DONE rf-clf/odd repeat=2/stepfull 0.000s
# CELL rf-clf/odd STABLE 0.677s
# START rf-clf/negative repeat=1/train
# DONE rf-clf/negative repeat=1/train 0.243s
# START rf-clf/negative repeat=1/infer-save-reload
# DONE rf-clf/negative repeat=1/infer-save-reload 0.062s
# START rf-clf/negative repeat=1/batch
# DONE rf-clf/negative repeat=1/batch 0.184s
# START rf-clf/negative repeat=1/stepfull
# DONE rf-clf/negative repeat=1/stepfull 0.000s
# START rf-clf/negative repeat=2/train
# DONE rf-clf/negative repeat=2/train 0.261s
# START rf-clf/negative repeat=2/infer-save-reload
# DONE rf-clf/negative repeat=2/infer-save-reload 0.065s
# START rf-clf/negative repeat=2/batch
# DONE rf-clf/negative repeat=2/batch 0.186s
# START rf-clf/negative repeat=2/stepfull
# DONE rf-clf/negative repeat=2/stepfull 0.000s
# CELL rf-clf/negative STABLE 1.001s
| rf-clf                 | e4bd663813e98012 | d534bc8a726da904 | c5b04ed8b02ee57f | 56659f92fc4c3cf7 | 9397a802df766dfa | 9397a802df766dfa | 67e2784e64dd54e8 | 342970708efcdf93 | 1cc87330c8e79499 |
| rf-clf infer           | 002cc536c69538ea | 6d62e74a0b1f4650 | 656f953ea1975cce | b0af633060b5d317 | a38494241dfc932a | a38494241dfc932a | d98a962c33f45b4a | ccc4ad9bfa589394 | b8f91d56d7f1c995 |
| rf-clf model           | fd74a88c8e3d55bd | e20748775d412e7d | fd3cfbc82e1beb01 | 654284d19397f404 | 8360cbb57aaf426c | 8360cbb57aaf426c | 17cf74d17073ee0b | beabf34435ecca19 | ae3893397911307b |
| rf-clf batch           | 511e1a67e661db82 | d732481032ad72bc | 44b49f67ce1a03f0 | 9f72c6453a606b6c | 4e41ad714d32eb6b | 4e41ad714d32eb6b | 15205a477a11d53d | 0533635960b005a3 | edf65cad66a425f5 |

cells=9 stable=9 moved=0 refused=0
infer: stable=9
model: stable=9
batch: stable=9
stepfull: n/a=9
n/a: rf-clf stepfull n/a:no-decode-state
wrote /root/leg_out/records/rf-clf/rf-clf/cpu-sabotage.json
