8227 external/tcmalloc+/tcmalloc/internal/system_allocator.h:713] Warning: Unable to mbind memory (errno=1, base=0x3b4780000000, nodemask=2)
8227 external/tcmalloc+/tcmalloc/internal/system_allocator.h:713] Warning: Unable to mbind memory (errno=1, base=0x508240000000, nodemask=1)
{"event": "setup", "schema": "mojolearn.lm-step-memory-probe.v3", "shape": {"batch": 1, "length": 2048, "d_model": 768, "n_heads": 12, "n_kv": 12, "head_dim": 64, "intermediate": 2048, "n_layers": 12, "vocab_size": 50257}, "profile": "mojolearn.byte-lm.b1-l2048-d768-h12-kv12-hd64-ff2048-v50257-blocks12.fp32.v3", "parameters": 162147840, "n_tensors": 110, "tokens_per_step": 2048, "seed": 93261, "budget_seconds": 300.0, "resident": true, "step_result": "lean", "witness_every_step": false, "witness_source": "export_gradients(named=False) + export_state() once after the last untimed step", "corpus": {"path": "training/corpus/pile_github/input.txt", "sha256": "52a5b4c36ab9119c15505331c10e3b23690377d40fbac3e598c7fafe13a324df", "manifest_sha256": "e3f46ca3870913aabd179647f5ab7e66b829c30c3cbcbf4b2862e2790d94cda5", "bytes": 97124565, "source_url": "https://huggingface.co/datasets/monology/pile-uncopyrighted/resolve/3be90335b66f24456a5d6659d9c8d208c0357119/val.jsonl.zst", "schedule": "step k row b: bytes[(k*batch*length + b*length) % (bytes - length - 1) : +length+1] as int32; targets shifted one byte"}, "attention_arm": "stash_tiled_fgrid_r32_qres_pf_estash_dres_kvgrid_r32", "attention_arm_source": "binding", "attention_arm_requested": null, "attention_arm_default": "stash_tiled_fgrid_r32_qres_pf_estash_dres_kvgrid_r32", "attention_arm_is_default": true, "attention_arm_resolved_hd64": "stash_tiled_fgrid_r32_qres_pf_estash_dres_kvgrid_r32", "attention_arm_trial_build": false, "gemm_arm": "kpack_hf", "gemm_plan": "kpack_hf on the calls it takes, else default=ksplit(S=132) else tuned128", "step_glue_arm": "optskip_noshadow_rows16", "step_glue_arm_requested": null, "step_glue_trial_build": false, "gemm_arm_requested": "kpack_hf", "attention_path_requested": null, "numeric_mode_env": "identical", "runtime": {"binding_file": "/root/mojolearn/python/mojolearn/identical/_mojolearn_byte_lm.so", "binding_sha256": "890f7968c28f28b7f7558291554f362ea8888026b50f46ca77f4fca4f5eaf616", "native_attention_arm": {"arm": "stash_tiled_fgrid_r32_qres_pf_estash_dres_kvgrid_r32", "default": "stash_tiled_fgrid_r32_qres_pf_estash_dres_kvgrid_r32", "resolved_hd64": "stash_tiled_fgrid_r32_qres_pf_estash_dres_kvgrid_r32", "trial_build": false}, "native_numeric_mode": 1, "native_profile": "mojolearn.byte-lm.b2-l32-d32-h4-kv2-ff64-v256-blocks2.fp32.v1", "native_step_glue_arm": {"arm": "optskip_noshadow_rows16", "trial_build": false}, "native_vendor": "cuda", "source_scope": "available direct source files; binding SHA identifies the compiled artifact", "source_sha256": {"bindings/_mojolearn_byte_lm.mojo": "edffadedbeb8da29f0ed1de417934c49a8a00187ab4b77fa61e2e270ef23cbaf", "loaded_python_wrapper": "0ae6ca9951cc24c4510d38acf69ea127a4c2231d8ee923d6407ded3f5a50dc0a", "python/mojolearn/_byte_lm_config.py": "440ca11e33cfed741c8a812a8dac74ad4e938ab8e16f84ed2af5b61d3fbe56b8", "python/mojolearn/_byte_lm_impl.py": "0ae6ca9951cc24c4510d38acf69ea127a4c2231d8ee923d6407ded3f5a50dc0a", "python/mojolearn/language_model.py": "4e84ad0955cfc7b7dc0c884d1abcae7f59943d93bee337ac4a16b92be9718925", "training/byte_lm.mojo": "3ccdfcf6424fd0fba562e6e60b685dcce282dcb319e7867c826f391d102abd6f", "training/byte_lm_config.mojo": "bc5c9a9502793359fbbdd50c94e02b7bcd3f5c4295e1c35871efc774524a69b1"}, "schema": "small-byte-lm.run-metadata.v1", "qualification": "authored/unqualified", "profile": "mojolearn.byte-lm.b1-l2048-d768-h12-kv12-hd64-ff2048-v50257-blocks12.fp32.v3", "device_state_lifetime": "resident", "step_result": "lean", "last_export_step": 0, "config": {"lr": 0.0010000000474974513, "beta1": 0.8999999761581421, "beta2": 0.9990000128746033, "eps": 9.99999993922529e-09, "weight_decay": 0.009999999776482582, "kind": 2, "momentum": 0.0, "dampening": 0.0, "nesterov": false, "max_norm": 0.0}, "data_schedule": {"batches": "pinned corpus 52a5b4c36ab9119c15505331c10e3b23690377d40fbac3e598c7fafe13a324df", "fixture": "lm step memory probe", "seed": 93261}, "completed_steps": 0, "next_batch_index": 0}, "initial_parameters_sha256": "0e36d8d036d8c4cf9704babd096061006e48071187c793c6ee471e05b449572e", "host_before_first_call": {"vm_rss_bytes": 2748305408, "vm_hwm_bytes": 3389644800, "ru_maxrss_bytes": 3389644800, "boundary": "process host memory (Python + native + pinned staging); not device memory"}, "device_tool": "nvidia-smi", "qualification": "complete-step probe at the named shape; not an opponent ratio, not a default gate", "t": 1789323683.643703}
{"event": "step_start", "step": 1, "first_call_includes_setup": true, "ids_sha256": "7626015c8a8cb90b13e0d44eff53262a36025184a4adfb88591a93ba18857518", "t": 1789323683.6441176}
8227 external/tcmalloc+/tcmalloc/internal/system_allocator.h:713] Warning: Unable to mbind memory (errno=1, base=0x508280000000, nodemask=1)
8227 external/tcmalloc+/tcmalloc/internal/system_allocator.h:713] Warning: Unable to mbind memory (errno=1, base=0x5082c0000000, nodemask=1)
{"event": "step_end", "step": 1, "seconds": 13.552208322100341, "tokens_per_second": 151.11928265301324, "first_call_includes_setup": true, "timing_boundary": "public train_step call; native binding synchronizes the context before publishing outputs; includes host readbacks, validation and gradient copies", "step_result": "lean", "witnessed": false, "witness_export_seconds": null, "loss": 11.12025260925293, "sha256": {"loss": "fb1bfea4e8daa3b31227ff49a404e36a58fe27b98856af4d27a24872b0e9abf2"}, "completed_steps": 1, "host": {"vm_rss_bytes": 2362179584, "vm_hwm_bytes": 8185225216, "ru_maxrss_bytes": 8185225216, "boundary": "process host memory (Python + native + pinned staging); not device memory"}, "device": {"tool": "nvidia-smi", "peak_process_bytes": "unavailable", "peak_device_bytes": 15396241408, "device_total_bytes": 85520809984, "sample_interval_seconds": 0.2, "samples_total": 36, "errors_total": 0, "boundary": "vendor tool polled at the interval; peaks shorter than one interval are missed; device-wide used memory includes other processes; torch.cuda allocator statistics do not cover Mojo allocations and are not used"}, "t": 1789323697.1966693}
{"event": "final_witness", "step": 1, "completed_steps": 1, "sha256": {"gradients": "85d053a482668fd958df0e32325fc47f9ba10ec630ff63557c7b79c5bd85b0e3", "parameters": "1b32246046a72ada00e3c8ec04d079beb629d8e314f860bc7106d42c5996a8ca", "m": "8dbf0dfcb08f29687241a6586a7ef8224fde5877a7aeb490b9701d24d5812524", "v": "227d2c36dbd16e9acf0556ec491d8b6431a8e4cc5b235b8d81011996a9bc05be", "flags": "360d579dbd14759b41afdf7fb5e80c0101e15150ae401d59f92a1e32d129f7cb"}, "export_seconds": 13.930014626123011, "source": "export_gradients(named=False) + export_state() once after the last untimed step", "t": 1789323711.126955}
{"event": "component_timing_step_start", "timing_step": 1, "note": "MOJOLEARN_TRANSFORMER_TIMING=1; not a timing sample", "t": 1789323711.1276538}
timing step.py_tokens 0.4230719059705734 ms
timing step.py_tokens_bytes 8196 bytes
timing step.bind_scalar_admission 0.006717 ms
timing step.upload_inputs 0.162755 ms
timing step.upload_inputs_bytes 16384 bytes
timing step.unpack_weights 1.158927 ms
timing step.unpack_weights_bytes 648591360 bytes
timing step.embedding_forward 0.057613 ms
timing block.norm1 0.238027 ms
timing attn.qkv_proj 0.866918 ms
timing attn.rope_and_cache 0.133454 ms
timing attn.core 1.920514 ms
timing attn.o_proj 0.293072 ms
timing block.attention_total 3.222174 ms
timing block.mlp_and_residuals 1.812173 ms
timing block.norm1 0.18064 ms
timing attn.qkv_proj 0.849531 ms
timing attn.rope_and_cache 0.106255 ms
timing attn.core 1.847583 ms
timing attn.o_proj 0.291505 ms
timing block.attention_total 3.099729 ms
timing block.mlp_and_residuals 1.790284 ms
timing block.norm1 0.180273 ms
timing attn.qkv_proj 0.848354 ms
timing attn.rope_and_cache 0.108264 ms
timing attn.core 1.871789 ms
timing attn.o_proj 0.292006 ms
timing block.attention_total 3.125224 ms
timing block.mlp_and_residuals 1.788078 ms
timing block.norm1 0.182607 ms
timing attn.qkv_proj 0.848442 ms
timing attn.rope_and_cache 0.11047 ms
timing attn.core 1.851579 ms
timing attn.o_proj 0.291488 ms
timing block.attention_total 3.106871 ms
timing block.mlp_and_residuals 1.792413 ms
timing block.norm1 0.180185 ms
timing attn.qkv_proj 0.847743 ms
timing attn.rope_and_cache 0.110777 ms
timing attn.core 1.850521 ms
timing attn.o_proj 0.292564 ms
timing block.attention_total 3.106458 ms
timing block.mlp_and_residuals 1.790605 ms
timing block.norm1 0.180825 ms
timing attn.qkv_proj 0.84733 ms
timing attn.rope_and_cache 0.106555 ms
timing attn.core 1.87093 ms
timing attn.o_proj 0.29248 ms
timing block.attention_total 3.122352 ms
timing block.mlp_and_residuals 1.78649 ms
timing block.norm1 0.179553 ms
timing attn.qkv_proj 0.849916 ms
timing attn.rope_and_cache 0.108887 ms
timing attn.core 1.855776 ms
timing attn.o_proj 0.292205 ms
timing block.attention_total 3.111596 ms
timing block.mlp_and_residuals 1.786607 ms
timing block.norm1 0.178964 ms
timing attn.qkv_proj 0.847828 ms
timing attn.rope_and_cache 0.106478 ms
timing attn.core 1.842992 ms
timing attn.o_proj 0.292798 ms
timing block.attention_total 3.095312 ms
timing block.mlp_and_residuals 1.787677 ms
timing block.norm1 0.197919 ms
timing attn.qkv_proj 0.849705 ms
timing attn.rope_and_cache 0.105757 ms
timing attn.core 1.84263 ms
timing attn.o_proj 0.292389 ms
timing block.attention_total 3.096454 ms
timing block.mlp_and_residuals 1.790274 ms
timing block.norm1 0.181435 ms
timing attn.qkv_proj 0.846054 ms
timing attn.rope_and_cache 0.105733 ms
timing attn.core 1.8417 ms
timing attn.o_proj 0.292372 ms
timing block.attention_total 3.09166 ms
timing block.mlp_and_residuals 1.792721 ms
timing block.norm1 0.181697 ms
timing attn.qkv_proj 0.850282 ms
timing attn.rope_and_cache 0.105313 ms
timing attn.core 1.851821 ms
timing attn.o_proj 0.291718 ms
timing block.attention_total 3.104854 ms
timing block.mlp_and_residuals 1.791134 ms
timing block.norm1 0.179842 ms
timing attn.qkv_proj 0.848502 ms
timing attn.rope_and_cache 0.107463 ms
timing attn.core 1.868787 ms
timing attn.o_proj 0.291733 ms
timing block.attention_total 3.121088 ms
timing block.mlp_and_residuals 1.792911 ms
timing envelope.blocks_forward 61.220168 ms
timing step.head_forward 11.693958 ms
timing step.ce_refuse_scan 0.385458 ms
timing step.ce_refuse_scan_bytes 411705344 bytes
timing step.ce_refuse_scan_download_bytes 8192 bytes
timing step.ce_forward 1.707794 ms
timing step.loss_download 0.018759 ms
timing step.loss_download_bytes 4 bytes
timing step.ce_backward 0.98834 ms
timing step.head_backward_da 13.282331 ms
timing step.head_backward_db 11.730792 ms
timing bwd.before_attention 0.002912 ms
timing bwd.attention 3.291454 ms
timing bwd.after_attention 1.971352 ms
timing bwd.before_attention 0.002944 ms
timing bwd.attention 3.31069 ms
timing bwd.after_attention 1.951982 ms
timing bwd.before_attention 0.002942 ms
timing bwd.attention 3.296996 ms
timing bwd.after_attention 1.939522 ms
timing bwd.before_attention 0.002951 ms
timing bwd.attention 3.26146 ms
timing bwd.after_attention 1.938916 ms
timing bwd.before_attention 0.002908 ms
timing bwd.attention 3.286833 ms
timing bwd.after_attention 1.94133 ms
timing bwd.before_attention 0.002945 ms
timing bwd.attention 3.223826 ms
timing bwd.after_attention 1.938417 ms
timing bwd.before_attention 0.002918 ms
timing bwd.attention 3.289506 ms
timing bwd.after_attention 1.939604 ms
timing bwd.before_attention 0.002915 ms
timing bwd.attention 3.289732 ms
timing bwd.after_attention 1.93378 ms
timing bwd.before_attention 0.002929 ms
timing bwd.attention 3.28992 ms
timing bwd.after_attention 1.936741 ms
timing bwd.before_attention 0.003235 ms
timing bwd.attention 3.304211 ms
timing bwd.after_attention 1.937783 ms
timing bwd.before_attention 0.002941 ms
timing bwd.attention 3.288512 ms
timing bwd.after_attention 1.938759 ms
timing bwd.before_attention 0.002972 ms
timing bwd.attention 3.305741 ms
timing bwd.after_attention 1.941739 ms
timing envelope.blocks_backward 114.365305 ms
timing step.embedding_backward 2.533695 ms
timing step.pack_grads 1.122485 ms
timing step.pack_grads_bytes 648591360 bytes
timing step.validate_grads_scan 0.556426 ms
timing step.validate_grads_scan_bytes 648591360 bytes
timing step.optimizer 1.727901 ms
timing step.validate_after_scan 2.142477 ms
timing step.validate_after_scan_bytes 2594365440 bytes
timing step.bind_final_sync 0.001814 ms
timing step.bind_publish 0.004496 ms
timing step.bind_publish_bytes 444 bytes
timing envelope.native_call 225.34864605404437 ms
timing step.py_flags 0.13395491987466812 ms
timing step.py_flags_bytes 440 bytes
{"event": "component_timing_step_end", "timing_step": 1, "seconds": 0.2260943988803774, "loss": 8.354198455810547, "t": 1789323711.3538184}
