
=== 2026-09-29T16:34:26Z /root/bench-board-cache/venv/bin/python -u /root/mojolearn-wt/steward-do-amd/tools/classical_two_datasets.py race --lane pca --dataset taxi --data /root/bench-board-cache/ctd-data/rows-full --out /root/mojolearn-evidence/bench-board/2026-09-29_amd/raw/classical/rows-full --work /root/mojolearn-evidence/bench-board/2026-09-29_amd/work --root /root/mojolearn-wt/steward-do-amd --arms ours,sklearn-cpu,torch-gpu --rounds 1 --round-seconds 900 --warmup-seconds 900 --ours-python /root/bench-board-cache/venv/bin/python --theirs-python /root/bench-board-cache/venv/bin/python --infer
CTD-SETTINGS lane=pca dataset=taxi n_components=10 (the cuML benchmark's PCA), whiten=False, random_state=7; ours and scikit-learn svd_solver='covariance_eigh'
CTD-MISMATCH lane=pca dataset=taxi svd_solver: cuML has no 'covariance_eigh'; cuml-gpu runs svd_solver='full'
CTD-MISMATCH lane=pca dataset=taxi torch-gpu: no estimator; covariance eigh written out, torch.manual_seed(7) (it draws nothing)
CTD-MISMATCH lane=pca dataset=taxi random_state is read by none of the covariance solvers; set to 7 on every arm
BOARD-PARAMS {"arms": {"ours": {"library": "mojolearn", "params": {"n_components": 10, "seed": 7, "svd_solver": "covariance_eigh", "tol": 0.0, "whiten": false}, "source": "get_params"}, "sklearn-cpu": {"library": "sklearn", "params": {"n_components": 10, "seed": 7, "svd_solver": "covariance_eigh", "tol": 0.0, "whiten": false}, "source": "get_params"}, "torch-gpu": {"library": "torch", "params": {"n_components": 10, "seed": 7, "svd_solver": "covariance_eigh", "whiten": false}, "source": "declared"}}, "compared": [{"arm": "sklearn-cpu", "ours": 10, "param": "n_components", "same": true, "theirs": 10}, {"arm": "sklearn-cpu", "ours": "covariance_eigh", "param": "svd_solver", "same": true, "theirs": "covariance_eigh"}, {"arm": "sklearn-cpu", "ours": 0.0, "param": "tol", "same": true, "theirs": 0.0}, {"arm": "sklearn-cpu", "ours": false, "param": "whiten", "same": true, "theirs": false}, {"arm": "torch-gpu", "ours": 10, "param": "n_components", "same": true, "theirs": 10}, {"arm": "torch-gpu", "ours": "covariance_eigh", "param": "svd_solver", "same": true, "theirs": "covariance_eigh"}, {"arm": "torch-gpu", "ours": false, "param": "whiten", "same": true, "theirs": false}], "exceptions": [], "family": "classical", "lane": "pca", "problems": [], "reference": "ours", "seed": 7, "seed_none_deterministic": [], "verdict": "MATCHED"}
CTD-ROUND lane=pca dataset=taxi arm=ours round=0 ms=325.954 digest=28e1d54bf4853c8e
CTD-ROUND lane=pca dataset=taxi arm=sklearn-cpu round=0 ms=81.972 digest=1ee2ce39c277537d
CTD-ROUND lane=pca dataset=taxi arm=torch-gpu round=0 ms=250.777 digest=02b88ed9e74aabf6
CTD-ROUND lane=pca dataset=taxi arm=sklearn-cpu round=1 ms=82.245 digest=1ee2ce39c277537d
CTD-ROUND lane=pca dataset=taxi arm=torch-gpu round=1 ms=10.911 digest=02b88ed9e74aabf6
CTD-ROUND lane=pca dataset=taxi arm=ours round=1 ms=19.997 digest=28e1d54bf4853c8e
CTD-INFER-ROUND lane=pca dataset=taxi arm=ours round=0 ms=6.875 digest=7a19bb67182c29bf
CTD-INFER-ROUND lane=pca dataset=taxi arm=sklearn-cpu round=0 ms=3.984 digest=b69ff29fbcdba290
CTD-INFER-ROUND lane=pca dataset=taxi arm=torch-gpu round=0 ms=140.681 digest=8ef2c26f0e99fef1
CTD-INFER-ROUND lane=pca dataset=taxi arm=sklearn-cpu round=1 ms=5.641 digest=b69ff29fbcdba290
CTD-INFER-ROUND lane=pca dataset=taxi arm=torch-gpu round=1 ms=0.323 digest=8ef2c26f0e99fef1
CTD-INFER-ROUND lane=pca dataset=taxi arm=ours round=1 ms=6.882 digest=7a19bb67182c29bf
CTD-INFER lane=pca dataset=taxi arm=ours call=transform rows=500000 status=ok median_ms=6.881764013087377 digest_stable=True quality={"transform_max_rel_err_own_fp64": 1.0851396779324888e-07}
CTD-INFER lane=pca dataset=taxi arm=sklearn-cpu call=transform rows=500000 status=ok median_ms=5.64144502277486 digest_stable=True quality={"bits_equal_vs_ours": false, "max_abs_diff_vs_ours": 0.8977899551391602, "transform_max_rel_err_own_fp64": 1.2985637328028275e-07}
CTD-INFER lane=pca dataset=taxi arm=torch-gpu call=transform rows=500000 status=ok median_ms=0.32292999094352126 digest_stable=True quality={"bits_equal_vs_ours": false, "max_abs_diff_vs_ours": 322.17808532714844, "transform_max_rel_err_own_fp64": 9.597462222210207e-08}
CTD lane=pca dataset=taxi arm=ours device=gpu status=ok median_ms=19.996721006464213 min_ms=19.996721006464213 max_ms=19.996721006464213 digest_stable=True quality={"explained_variance_ratio_sum": 0.999996394670572}
CTD-SPAN lane=pca dataset=taxi arm=ours input_home=host inside_clock=host_to_device_upload,host_validation,call upload_ms_untimed=- fit_ms_untimed=- pre_clock_fit=false pre_clock_fit_source=declared
CTD lane=pca dataset=taxi arm=sklearn-cpu device=cpu status=ok median_ms=82.24478899501264 min_ms=82.24478899501264 max_ms=82.24478899501264 digest_stable=True quality={"explained_variance_ratio_sum": 0.9999951377248743}
CTD-SPAN lane=pca dataset=taxi arm=sklearn-cpu input_home=host inside_clock=call upload_ms_untimed=- fit_ms_untimed=- pre_clock_fit=false pre_clock_fit_source=declared
CTD lane=pca dataset=taxi arm=torch-gpu device=gpu status=ok median_ms=10.910508979577571 min_ms=10.910508979577571 max_ms=10.910508979577571 digest_stable=True quality={"explained_variance_ratio_sum": 0.9999966805916526}
CTD-SPAN lane=pca dataset=taxi arm=torch-gpu input_home=device inside_clock=call upload_ms_untimed=139.978 fit_ms_untimed=- pre_clock_fit=false pre_clock_fit_source=declared
CTD-RATIO lane=pca dataset=taxi ours/sklearn-cpu=0.2431 ours/torch-gpu=1.8328 span_asymmetry=torch-gpu:upload_outside_its_clock(139.978_ms)
CTD-SPAN-NOTE lane=pca dataset=taxi the ratios above are NOT like-for-like spans: ours uploads (and validates) inside its clock while these arms do not. The asymmetry is named, not corrected; no work was moved into or out of any clock.
