FSPEED-HEADER family=seq lane=transformer arm=torch-deterministic mode=FAST device=NVIDIA_H100_80GB_HBM3 rounds=5 size=shipped
FSPEED-NOTE lane=transformer arm=torch-deterministic build=CUDA 12.4 torch=2.4.1+cu124 tf32_switches=cuda.matmul.allow_tf32,cudnn.allow_tf32 deterministic=on use_deterministic_algorithms=True cudnn.deterministic=True cudnn.benchmark=False CUBLAS_WORKSPACE_CONFIG=:4096:8 (DEVIATION 2101)
FSPEED-WEIGHTS lane=transformer.crosscheck shape=lane.b2_l4_d32_kv2 tensor=norm1.weight n=32 hash=10553ebe1cacb130
FSPEED-INPUT-SHA256 lane=transformer.crosscheck shape=lane.b2_l4_d32_kv2 tensor=norm1.weight bytes=128 sha256=5c845fb75092b2510f34c3e7674c075409f44fde4992d06fad854d768de0a1af
FSPEED-WEIGHTS lane=transformer.crosscheck shape=lane.b2_l4_d32_kv2 tensor=norm2.weight n=32 hash=43392443a35b61f3
FSPEED-INPUT-SHA256 lane=transformer.crosscheck shape=lane.b2_l4_d32_kv2 tensor=norm2.weight bytes=128 sha256=e11fd7f92db09849ac71ddc1768c07d494b066c2cb3f71a8ab5c56ea2dc207f3
FSPEED-WEIGHTS lane=transformer.crosscheck shape=lane.b2_l4_d32_kv2 tensor=q_proj.weight n=1024 hash=b73a1a48e0c0d9f7
FSPEED-INPUT-SHA256 lane=transformer.crosscheck shape=lane.b2_l4_d32_kv2 tensor=q_proj.weight bytes=4096 sha256=ecee8abd7ae81231cc26360a1c6267287754e8017e4ef152c8ba43c213cc75d3
FSPEED-WEIGHTS lane=transformer.crosscheck shape=lane.b2_l4_d32_kv2 tensor=k_proj.weight n=1024 hash=de208e4e2a16ff1f
FSPEED-INPUT-SHA256 lane=transformer.crosscheck shape=lane.b2_l4_d32_kv2 tensor=k_proj.weight bytes=4096 sha256=3279146eb634a6a5cade3ed16662e84ff267a19b66b13d686124cf050871e4e8
FSPEED-WEIGHTS lane=transformer.crosscheck shape=lane.b2_l4_d32_kv2 tensor=v_proj.weight n=1024 hash=427375797d9ef375
FSPEED-INPUT-SHA256 lane=transformer.crosscheck shape=lane.b2_l4_d32_kv2 tensor=v_proj.weight bytes=4096 sha256=6345ed2f4037829a1ab9fdcd9de7194dd876c1ee0d67618679587c95aff5308a
FSPEED-WEIGHTS lane=transformer.crosscheck shape=lane.b2_l4_d32_kv2 tensor=o_proj.weight n=1024 hash=1947e064f026cb25
FSPEED-INPUT-SHA256 lane=transformer.crosscheck shape=lane.b2_l4_d32_kv2 tensor=o_proj.weight bytes=4096 sha256=6863355e103da48693a328efab296a62ca1ed8f5c35b2a4446647272beb9a8e4
FSPEED-WEIGHTS lane=transformer.crosscheck shape=lane.b2_l4_d32_kv2 tensor=gate_proj.weight n=2048 hash=284aeae6d05c4f7c
FSPEED-INPUT-SHA256 lane=transformer.crosscheck shape=lane.b2_l4_d32_kv2 tensor=gate_proj.weight bytes=8192 sha256=87a79f487b655df211a5eb84b098d6c1c7d8cd55309f165cbd99d4bc75e264e4
FSPEED-WEIGHTS lane=transformer.crosscheck shape=lane.b2_l4_d32_kv2 tensor=up_proj.weight n=2048 hash=b2fdf8deeea86017
FSPEED-INPUT-SHA256 lane=transformer.crosscheck shape=lane.b2_l4_d32_kv2 tensor=up_proj.weight bytes=8192 sha256=6cb501ae0098eab61db80688a6bb783562a549b803d2cac251182bcb6c889f9a
FSPEED-WEIGHTS lane=transformer.crosscheck shape=lane.b2_l4_d32_kv2 tensor=down_proj.weight n=2048 hash=d1d0e3eb84d5f951
FSPEED-INPUT-SHA256 lane=transformer.crosscheck shape=lane.b2_l4_d32_kv2 tensor=down_proj.weight bytes=8192 sha256=6d863069cc99789f56b26997745d2bb1d48f5b3fc423c9b84d78906395df26c1
FSPEED-WEIGHTS lane=transformer.crosscheck shape=lane.b2_l4_d32_kv2 tensor=x n=256 hash=a55d417a40e61d75
FSPEED-INPUT-SHA256 lane=transformer.crosscheck shape=lane.b2_l4_d32_kv2 tensor=x bytes=1024 sha256=2dc12e331c3d53ca3d334ae220e61a02c972ff9c172460f0b9ac61daeb0539df
FSPEED-NOTE lane=transformer arm=torch-deterministic crosscheck LlamaEager vs transformer/corpus block_forward at lane.b2_l4_d32_kv2: max_abs_diff=1.5878e-08
FSPEED-WEIGHTS lane=transformer shape=lane.b2_l4_d32_kv2 tensor=norm1.weight n=32 hash=10553ebe1cacb130
FSPEED-INPUT-SHA256 lane=transformer shape=lane.b2_l4_d32_kv2 tensor=norm1.weight bytes=128 sha256=5c845fb75092b2510f34c3e7674c075409f44fde4992d06fad854d768de0a1af
FSPEED-WEIGHTS lane=transformer shape=lane.b2_l4_d32_kv2 tensor=norm2.weight n=32 hash=43392443a35b61f3
FSPEED-INPUT-SHA256 lane=transformer shape=lane.b2_l4_d32_kv2 tensor=norm2.weight bytes=128 sha256=e11fd7f92db09849ac71ddc1768c07d494b066c2cb3f71a8ab5c56ea2dc207f3
FSPEED-WEIGHTS lane=transformer shape=lane.b2_l4_d32_kv2 tensor=q_proj.weight n=1024 hash=b73a1a48e0c0d9f7
FSPEED-INPUT-SHA256 lane=transformer shape=lane.b2_l4_d32_kv2 tensor=q_proj.weight bytes=4096 sha256=ecee8abd7ae81231cc26360a1c6267287754e8017e4ef152c8ba43c213cc75d3
FSPEED-WEIGHTS lane=transformer shape=lane.b2_l4_d32_kv2 tensor=k_proj.weight n=1024 hash=de208e4e2a16ff1f
FSPEED-INPUT-SHA256 lane=transformer shape=lane.b2_l4_d32_kv2 tensor=k_proj.weight bytes=4096 sha256=3279146eb634a6a5cade3ed16662e84ff267a19b66b13d686124cf050871e4e8
FSPEED-WEIGHTS lane=transformer shape=lane.b2_l4_d32_kv2 tensor=v_proj.weight n=1024 hash=427375797d9ef375
FSPEED-INPUT-SHA256 lane=transformer shape=lane.b2_l4_d32_kv2 tensor=v_proj.weight bytes=4096 sha256=6345ed2f4037829a1ab9fdcd9de7194dd876c1ee0d67618679587c95aff5308a
FSPEED-WEIGHTS lane=transformer shape=lane.b2_l4_d32_kv2 tensor=o_proj.weight n=1024 hash=1947e064f026cb25
FSPEED-INPUT-SHA256 lane=transformer shape=lane.b2_l4_d32_kv2 tensor=o_proj.weight bytes=4096 sha256=6863355e103da48693a328efab296a62ca1ed8f5c35b2a4446647272beb9a8e4
FSPEED-WEIGHTS lane=transformer shape=lane.b2_l4_d32_kv2 tensor=gate_proj.weight n=2048 hash=284aeae6d05c4f7c
FSPEED-INPUT-SHA256 lane=transformer shape=lane.b2_l4_d32_kv2 tensor=gate_proj.weight bytes=8192 sha256=87a79f487b655df211a5eb84b098d6c1c7d8cd55309f165cbd99d4bc75e264e4
FSPEED-WEIGHTS lane=transformer shape=lane.b2_l4_d32_kv2 tensor=up_proj.weight n=2048 hash=b2fdf8deeea86017
FSPEED-INPUT-SHA256 lane=transformer shape=lane.b2_l4_d32_kv2 tensor=up_proj.weight bytes=8192 sha256=6cb501ae0098eab61db80688a6bb783562a549b803d2cac251182bcb6c889f9a
FSPEED-WEIGHTS lane=transformer shape=lane.b2_l4_d32_kv2 tensor=down_proj.weight n=2048 hash=d1d0e3eb84d5f951
FSPEED-INPUT-SHA256 lane=transformer shape=lane.b2_l4_d32_kv2 tensor=down_proj.weight bytes=8192 sha256=6d863069cc99789f56b26997745d2bb1d48f5b3fc423c9b84d78906395df26c1
FSPEED-WEIGHTS lane=transformer shape=lane.b2_l4_d32_kv2 tensor=x n=256 hash=a55d417a40e61d75
FSPEED-INPUT-SHA256 lane=transformer shape=lane.b2_l4_d32_kv2 tensor=x bytes=1024 sha256=2dc12e331c3d53ca3d334ae220e61a02c972ff9c172460f0b9ac61daeb0539df
FSPEED-WARMUP lane=transformer arm=torch-gpu-fp32-deterministic shape=lane.b2_l4_d32_kv2 ms=1.663845
FSPEED lane=transformer arm=torch-gpu-fp32-deterministic shape=lane.b2_l4_d32_kv2 round=1 ms=1.244005 hash=d609221d7268e4c3
FSPEED lane=transformer arm=torch-gpu-fp32-deterministic shape=lane.b2_l4_d32_kv2 round=2 ms=1.268219 hash=d609221d7268e4c3
FSPEED lane=transformer arm=torch-gpu-fp32-deterministic shape=lane.b2_l4_d32_kv2 round=3 ms=1.215301 hash=d609221d7268e4c3
FSPEED lane=transformer arm=torch-gpu-fp32-deterministic shape=lane.b2_l4_d32_kv2 round=4 ms=1.677454 hash=d609221d7268e4c3
FSPEED lane=transformer arm=torch-gpu-fp32-deterministic shape=lane.b2_l4_d32_kv2 round=5 ms=1.208976 hash=d609221d7268e4c3
FSPEED-NOTE lane=transformer arm=torch-gpu-fp32-deterministic output witness shape=lane.b2_l4_d32_kv2 n=256 hash=30f134169a10f34c
FSPEED-WARMUP lane=transformer arm=torch-gpu-tf32-deterministic shape=lane.b2_l4_d32_kv2 ms=1.144994
FSPEED lane=transformer arm=torch-gpu-tf32-deterministic shape=lane.b2_l4_d32_kv2 round=1 ms=1.175366 hash=29818408b2158e13
FSPEED lane=transformer arm=torch-gpu-tf32-deterministic shape=lane.b2_l4_d32_kv2 round=2 ms=1.171231 hash=29818408b2158e13
FSPEED lane=transformer arm=torch-gpu-tf32-deterministic shape=lane.b2_l4_d32_kv2 round=3 ms=1.185123 hash=29818408b2158e13
FSPEED lane=transformer arm=torch-gpu-tf32-deterministic shape=lane.b2_l4_d32_kv2 round=4 ms=1.156542 hash=29818408b2158e13
FSPEED lane=transformer arm=torch-gpu-tf32-deterministic shape=lane.b2_l4_d32_kv2 round=5 ms=1.488667 hash=29818408b2158e13
FSPEED-NOTE lane=transformer arm=torch-gpu-tf32-deterministic output witness shape=lane.b2_l4_d32_kv2 n=256 hash=cb7923544f19f6bc
FSPEED-WARMUP lane=transformer arm=torch-gpu-sdpa-math-fp32-deterministic shape=lane.b2_l4_d32_kv2 ms=1.077529
FSPEED lane=transformer arm=torch-gpu-sdpa-math-fp32-deterministic shape=lane.b2_l4_d32_kv2 round=1 ms=1.070485 hash=2e29daa0f9ab306a
FSPEED lane=transformer arm=torch-gpu-sdpa-math-fp32-deterministic shape=lane.b2_l4_d32_kv2 round=2 ms=1.118604 hash=2e29daa0f9ab306a/root/mojolearn/tools/speed_torch_seq.py:1111: UserWarning: Memory efficient kernel not used because: (Triggered internally at ../aten/src/ATen/native/transformers/cuda/sdp_utils.cpp:723.)
  o = self.t.nn.functional.scaled_dot_product_attention(
/root/mojolearn/tools/speed_torch_seq.py:1111: UserWarning: Memory Efficient attention has been runtime disabled. (Triggered internally at ../aten/src/ATen/native/transformers/sdp_utils_cpp.h:495.)
  o = self.t.nn.functional.scaled_dot_product_attention(
/root/mojolearn/tools/speed_torch_seq.py:1111: UserWarning: Flash attention kernel not used because: (Triggered internally at ../aten/src/ATen/native/transformers/cuda/sdp_utils.cpp:725.)
  o = self.t.nn.functional.scaled_dot_product_attention(
/root/mojolearn/tools/speed_torch_seq.py:1111: UserWarning: Flash Attention does not support non-null attn_mask. (Triggered internally at ../aten/src/ATen/native/transformers/sdp_utils_cpp.h:269.)
  o = self.t.nn.functional.scaled_dot_product_attention(
/root/mojolearn/tools/speed_torch_seq.py:1111: UserWarning: CuDNN attention kernel not used because: (Triggered internally at ../aten/src/ATen/native/transformers/cuda/sdp_utils.cpp:727.)
  o = self.t.nn.functional.scaled_dot_product_attention(
/root/mojolearn/tools/speed_torch_seq.py:1111: UserWarning: The CuDNN backend needs to be enabled by setting the enviornment variable`TORCH_CUDNN_SDPA_ENABLED=1` (Triggered internally at ../aten/src/ATen/native/transformers/cuda/sdp_utils.cpp:496.)
  o = self.t.nn.functional.scaled_dot_product_attention(

FSPEED lane=transformer arm=torch-gpu-sdpa-math-fp32-deterministic shape=lane.b2_l4_d32_kv2 round=3 ms=1.204602 hash=2e29daa0f9ab306a
FSPEED lane=transformer arm=torch-gpu-sdpa-math-fp32-deterministic shape=lane.b2_l4_d32_kv2 round=4 ms=1.119263 hash=2e29daa0f9ab306a
FSPEED lane=transformer arm=torch-gpu-sdpa-math-fp32-deterministic shape=lane.b2_l4_d32_kv2 round=5 ms=1.104329 hash=2e29daa0f9ab306a
FSPEED-NOTE lane=transformer arm=torch-gpu-sdpa-math-fp32-deterministic output witness shape=lane.b2_l4_d32_kv2 n=256 hash=a21f48e452ebbfb9
FSPEED-WARMUP lane=transformer arm=torch-gpu-sdpa-efficient-fp32-deterministic shape=lane.b2_l4_d32_kv2 ms=0.932276
FSPEED lane=transformer arm=torch-gpu-sdpa-efficient-fp32-deterministic shape=lane.b2_l4_d32_kv2 round=1 ms=0.961624 hash=ffbca2badcffcd66
FSPEED lane=transformer arm=torch-gpu-sdpa-efficient-fp32-deterministic shape=lane.b2_l4_d32_kv2 round=2 ms=1.022309 hash=ffbca2badcffcd66
FSPEED lane=transformer arm=torch-gpu-sdpa-efficient-fp32-deterministic shape=lane.b2_l4_d32_kv2 round=3 ms=0.997264 hash=ffbca2badcffcd66
FSPEED lane=transformer arm=torch-gpu-sdpa-efficient-fp32-deterministic shape=lane.b2_l4_d32_kv2 round=4 ms=0.974365 hash=ffbca2badcffcd66
FSPEED lane=transformer arm=torch-gpu-sdpa-efficient-fp32-deterministic shape=lane.b2_l4_d32_kv2 round=5 ms=0.991873 hash=ffbca2badcffcd66
FSPEED-NOTE lane=transformer arm=torch-gpu-sdpa-efficient-fp32-deterministic output witness shape=lane.b2_l4_d32_kv2 n=256 hash=5efa9549a63c3ee1
FSPEED-REFUSED lane=transformer arm=torch-gpu-flash-fp32-deterministic reason=RuntimeError at shape lane.b2_l4_d32_kv2: No available kernel. Aborting execution.
FSPEED-REFUSED lane=transformer arm=torch-gpu-flash-bf16-deterministic reason=RuntimeError at shape lane.b2_l4_d32_kv2: No available kernel. Aborting execution.
FSPEED-AGREE lane=transformer max_abs_diff=2.98023e-07 max_rel_diff=7.45642e-06 n=256
FSPEED-AGREE-GATE lane=transformer shape=lane.b2_l4_d32_kv2 arm=reference-fp32-deterministic passed=true rtol=0.0005 atol=1e-05
FSPEED-WEIGHTS lane=transformer shape=llama8b.prefill.t1 tensor=norm1.weight n=4096 hash=2633ac9556859b7d
FSPEED-INPUT-SHA256 lane=transformer shape=llama8b.prefill.t1 tensor=norm1.weight bytes=16384 sha256=c69ea52c0201c207d7dbf788f31be38ca4615072fda550360626b00b46de6884
FSPEED-WEIGHTS lane=transformer shape=llama8b.prefill.t1 tensor=norm2.weight n=4096 hash=03b0bbae422c35f2
FSPEED-INPUT-SHA256 lane=transformer shape=llama8b.prefill.t1 tensor=norm2.weight bytes=16384 sha256=39e997f6a90cf052a0ec80d3401dfce20a3a9ceadb5f65d57573690ddee6fcfb
FSPEED-WEIGHTS lane=transformer shape=llama8b.prefill.t1 tensor=q_proj.weight n=16777216 hash=65536eef389758f8
FSPEED-WEIGHTS lane=transformer shape=llama8b.prefill.t1 tensor=k_proj.weight n=4194304 hash=2d21f4a6f190e936
FSPEED-INPUT-SHA256 lane=transformer shape=llama8b.prefill.t1 tensor=k_proj.weight bytes=16777216 sha256=f6e0ccda7404506ca4e79c5c60410176961dc25c7871e3516f2a0d74c9016b6a
FSPEED-WEIGHTS lane=transformer shape=llama8b.prefill.t1 tensor=v_proj.weight n=4194304 hash=2032c9fee9598af5
FSPEED-INPUT-SHA256 lane=transformer shape=llama8b.prefill.t1 tensor=v_proj.weight bytes=16777216 sha256=47ac12b49a694acdd0ae24f7d1a743d3747dc151c6abc078361bcbcc6a0aea84
FSPEED-WEIGHTS lane=transformer shape=llama8b.prefill.t1 tensor=o_proj.weight n=16777216 hash=54a671c58956b474
FSPEED-WEIGHTS lane=transformer shape=llama8b.prefill.t1 tensor=gate_proj.weight n=58720256 hash=22d060eb830e8fa7
FSPEED-WEIGHTS lane=transformer shape=llama8b.prefill.t1 tensor=up_proj.weight n=58720256 hash=6adb4a35fc897af1
FSPEED-WEIGHTS lane=transformer shape=llama8b.prefill.t1 tensor=down_proj.weight n=58720256 hash=623f9a160be08bbb
FSPEED-WEIGHTS lane=transformer shape=llama8b.prefill.t1 tensor=x n=4096 hash=50601e14d24b1558
FSPEED-INPUT-SHA256 lane=transformer shape=llama8b.prefill.t1 tensor=x bytes=16384 sha256=96aebef0d691c8a091a04a9237b8f540446392e798dbbf6b58d899ad09f18e23
FSPEED-WARMUP lane=transformer arm=torch-gpu-fp32-deterministic shape=llama8b.prefill.t1 ms=1.236588
FSPEED lane=transformer arm=torch-gpu-fp32-deterministic shape=llama8b.prefill.t1 round=1 ms=1.215391 hash=bd44c6cd02b6e51c
FSPEED lane=transformer arm=torch-gpu-fp32-deterministic shape=llama8b.prefill.t1 round=2 ms=1.236804 hash=bd44c6cd02b6e51c
FSPEED lane=transformer arm=torch-gpu-fp32-deterministic shape=llama8b.prefill.t1 round=3 ms=1.205143 hash=bd44c6cd02b6e51c
FSPEED lane=transformer arm=torch-gpu-fp32-deterministic shape=llama8b.prefill.t1 round=4 ms=1.201689 hash=bd44c6cd02b6e51c
FSPEED lane=transformer arm=torch-gpu-fp32-deterministic shape=llama8b.prefill.t1 round=5 ms=1.207285 hash=bd44c6cd02b6e51c
FSPEED-NOTE lane=transformer arm=torch-gpu-fp32-deterministic output witness shape=llama8b.prefill.t1 n=4096 hash=d7a9ffcb5b754c6c
FSPEED-WARMUP lane=transformer arm=torch-gpu-tf32-deterministic shape=llama8b.prefill.t1 ms=1.194663
FSPEED lane=transformer arm=torch-gpu-tf32-deterministic shape=llama8b.prefill.t1 round=1 ms=1.572058 hash=bd44c6cd02b6e51c
FSPEED lane=transformer arm=torch-gpu-tf32-deterministic shape=llama8b.prefill.t1 round=2 ms=1.202889 hash=bd44c6cd02b6e51c
FSPEED lane=transformer arm=torch-gpu-tf32-deterministic shape=llama8b.prefill.t1 round=3 ms=1.197197 hash=bd44c6cd02b6e51c
FSPEED lane=transformer arm=torch-gpu-tf32-deterministic shape=llama8b.prefill.t1 round=4 ms=1.209024 hash=bd44c6cd02b6e51c
FSPEED lane=transformer arm=torch-gpu-tf32-deterministic shape=llama8b.prefill.t1 round=5 ms=1.184825 hash=bd44c6cd02b6e51c
FSPEED-NOTE lane=transformer arm=torch-gpu-tf32-deterministic output witness shape=llama8b.prefill.t1 n=4096 hash=d7a9ffcb5b754c6c
FSPEED-WARMUP lane=transformer arm=torch-gpu-sdpa-math-fp32-deterministic shape=llama8b.prefill.t1 ms=1.519036
FSPEED lane=transformer arm=torch-gpu-sdpa-math-fp32-deterministic shape=llama8b.prefill.t1 round=1 ms=1.095571 hash=bd44c6cd02b6e51c
FSPEED lane=transformer arm=torch-gpu-sdpa-math-fp32-deterministic shape=llama8b.prefill.t1 round=2 ms=1.115747 hash=bd44c6cd02b6e51c
FSPEED lane=transformer arm=torch-gpu-sdpa-math-fp32-deterministic shape=llama8b.prefill.t1 round=3 ms=1.133449 hash=bd44c6cd02b6e51c
FSPEED lane=transformer arm=torch-gpu-sdpa-math-fp32-deterministic shape=llama8b.prefill.t1 round=4 ms=1.120348 hash=bd44c6cd02b6e51c
FSPEED lane=transformer arm=torch-gpu-sdpa-math-fp32-deterministic shape=llama8b.prefill.t1 round=5 ms=1.109049 hash=bd44c6cd02b6e51c
FSPEED-NOTE lane=transformer arm=torch-gpu-sdpa-math-fp32-deterministic output witness shape=llama8b.prefill.t1 n=4096 hash=d7a9ffcb5b754c6c
FSPEED-WARMUP lane=transformer arm=torch-gpu-sdpa-efficient-fp32-deterministic shape=llama8b.prefill.t1 ms=0.965022
FSPEED lane=transformer arm=torch-gpu-sdpa-efficient-fp32-deterministic shape=llama8b.prefill.t1 round=1 ms=0.959542 hash=39aeb70c2dd56230
FSPEED lane=transformer arm=torch-gpu-sdpa-efficient-fp32-deterministic shape=llama8b.prefill.t1 round=2 ms=0.990029 hash=39aeb70c2dd56230
FSPEED lane=transformer arm=torch-gpu-sdpa-efficient-fp32-deterministic shape=llama8b.prefill.t1 round=3 ms=0.994612 hash=39aeb70c2dd56230
FSPEED lane=transformer arm=torch-gpu-sdpa-efficient-fp32-deterministic shape=llama8b.prefill.t1 round=4 ms=0.975661 hash=39aeb70c2dd56230
FSPEED lane=transformer arm=torch-gpu-sdpa-efficient-fp32-deterministic shape=llama8b.prefill.t1 round=5 ms=0.982493 hash=39aeb70c2dd56230
FSPEED-NOTE lane=transformer arm=torch-gpu-sdpa-efficient-fp32-deterministic output witness shape=llama8b.prefill.t1 n=4096 hash=a3173f56c1915740
FSPEED-REFUSED lane=transformer arm=torch-gpu-flash-fp32-deterministic reason=RuntimeError at shape llama8b.prefill.t1: No available kernel. Aborting execution.
FSPEED-REFUSED lane=transformer arm=torch-gpu-flash-bf16-deterministic reason=RuntimeError at shape llama8b.prefill.t1: No available kernel. Aborting execution.
FSPEED-AGREE lane=transformer max_abs_diff=6.48499e-05 max_rel_diff=0.00430816 n=4096
FSPEED-AGREE-GATE lane=transformer shape=llama8b.prefill.t1 arm=reference-fp32-deterministic passed=false rtol=0.0005 atol=1e-05
FSPEED-WEIGHTS lane=transformer shape=llama8b.prefill.t8 tensor=norm1.weight n=4096 hash=2554a09c79b9bec3
FSPEED-INPUT-SHA256 lane=transformer shape=llama8b.prefill.t8 tensor=norm1.weight bytes=16384 sha256=e9f12fca09f9dc647037ea6a367684a8db72b236d971697a788aabde2148b5a2
FSPEED-WEIGHTS lane=transformer shape=llama8b.prefill.t8 tensor=norm2.weight n=4096 hash=54e8bdb50be343e8
FSPEED-INPUT-SHA256 lane=transformer shape=llama8b.prefill.t8 tensor=norm2.weight bytes=16384 sha256=f5d33729cbfb52bf4d376d3f06585b5799c8d6428a290ea28a9bdcac7948ee15
FSPEED-WEIGHTS lane=transformer shape=llama8b.prefill.t8 tensor=q_proj.weight n=16777216 hash=7f5e346f0f234ca1
FSPEED-WEIGHTS lane=transformer shape=llama8b.prefill.t8 tensor=k_proj.weight n=4194304 hash=628683891b4ef505
FSPEED-INPUT-SHA256 lane=transformer shape=llama8b.prefill.t8 tensor=k_proj.weight bytes=16777216 sha256=21d8d01123b8d291e95665625f426bb071c724f3ab43af566dca81fbbfc40b93
FSPEED-WEIGHTS lane=transformer shape=llama8b.prefill.t8 tensor=v_proj.weight n=4194304 hash=a6e71091674bf598
FSPEED-INPUT-SHA256 lane=transformer shape=llama8b.prefill.t8 tensor=v_proj.weight bytes=16777216 sha256=752b44e079e16a768c9956cb625f8de2820db464d2f663b2a0d8c8a1fbf1d8cc
FSPEED-WEIGHTS lane=transformer shape=llama8b.prefill.t8 tensor=o_proj.weight n=16777216 hash=f322159c55f94428
FSPEED-WEIGHTS lane=transformer shape=llama8b.prefill.t8 tensor=gate_proj.weight n=58720256 hash=e4ae7d5f3c49e108
FSPEED-WEIGHTS lane=transformer shape=llama8b.prefill.t8 tensor=up_proj.weight n=58720256 hash=e1e76c5d8ad14599
FSPEED-WEIGHTS lane=transformer shape=llama8b.prefill.t8 tensor=down_proj.weight n=58720256 hash=cd680ef665764882
FSPEED-WEIGHTS lane=transformer shape=llama8b.prefill.t8 tensor=x n=32768 hash=5fae3cdceecdb9e2
FSPEED-INPUT-SHA256 lane=transformer shape=llama8b.prefill.t8 tensor=x bytes=131072 sha256=5c446cd763f6145d7e29330f80145dca136f1c955ef489298514cd6ffd4c48cf
FSPEED-WARMUP lane=transformer arm=torch-gpu-fp32-deterministic shape=llama8b.prefill.t8 ms=1.485515
FSPEED lane=transformer arm=torch-gpu-fp32-deterministic shape=llama8b.prefill.t8 round=1 ms=1.496453 hash=8187b0382ae2f891
FSPEED lane=transformer arm=torch-gpu-fp32-deterministic shape=llama8b.prefill.t8 round=2 ms=1.611155 hash=8187b0382ae2f891
FSPEED lane=transformer arm=torch-gpu-fp32-deterministic shape=llama8b.prefill.t8 round=3 ms=1.522865 hash=8187b0382ae2f891
FSPEED lane=transformer arm=torch-gpu-fp32-deterministic shape=llama8b.prefill.t8 round=4 ms=1.533963 hash=8187b0382ae2f891
FSPEED lane=transformer arm=torch-gpu-fp32-deterministic shape=llama8b.prefill.t8 round=5 ms=1.530796 hash=8187b0382ae2f891
FSPEED-NOTE lane=transformer arm=torch-gpu-fp32-deterministic output witness shape=llama8b.prefill.t8 n=32768 hash=e6c4d019653c0953
FSPEED-WARMUP lane=transformer arm=torch-gpu-tf32-deterministic shape=llama8b.prefill.t8 ms=1.292836
FSPEED lane=transformer arm=torch-gpu-tf32-deterministic shape=llama8b.prefill.t8 round=1 ms=1.329202 hash=6b633a44dbf90a85
FSPEED lane=transformer arm=torch-gpu-tf32-deterministic shape=llama8b.prefill.t8 round=2 ms=1.360279 hash=6b633a44dbf90a85
FSPEED lane=transformer arm=torch-gpu-tf32-deterministic shape=llama8b.prefill.t8 round=3 ms=1.379497 hash=6b633a44dbf90a85
FSPEED lane=transformer arm=torch-gpu-tf32-deterministic shape=llama8b.prefill.t8 round=4 ms=1.353890 hash=6b633a44dbf90a85
FSPEED lane=transformer arm=torch-gpu-tf32-deterministic shape=llama8b.prefill.t8 round=5 ms=1.347378 hash=6b633a44dbf90a85
FSPEED-NOTE lane=transformer arm=torch-gpu-tf32-deterministic output witness shape=llama8b.prefill.t8 n=32768 hash=1952b54ceba82c8c
FSPEED-WARMUP lane=transformer arm=torch-gpu-sdpa-math-fp32-deterministic shape=llama8b.prefill.t8 ms=1.484267
FSPEED lane=transformer arm=torch-gpu-sdpa-math-fp32-deterministic shape=llama8b.prefill.t8 round=1 ms=1.491170 hash=81a4eb2ae5d6bc88
FSPEED lane=transformer arm=torch-gpu-sdpa-math-fp32-deterministic shape=llama8b.prefill.t8 round=2 ms=1.541711 hash=81a4eb2ae5d6bc88
FSPEED lane=transformer arm=torch-gpu-sdpa-math-fp32-deterministic shape=llama8b.prefill.t8 round=3 ms=1.477856 hash=81a4eb2ae5d6bc88
FSPEED lane=transformer arm=torch-gpu-sdpa-math-fp32-deterministic shape=llama8b.prefill.t8 round=4 ms=1.467291 hash=81a4eb2ae5d6bc88
FSPEED lane=transformer arm=torch-gpu-sdpa-math-fp32-deterministic shape=llama8b.prefill.t8 round=5 ms=1.440696 hash=81a4eb2ae5d6bc88
FSPEED-NOTE lane=transformer arm=torch-gpu-sdpa-math-fp32-deterministic output witness shape=llama8b.prefill.t8 n=32768 hash=1ab52ae83fe92900
FSPEED-WARMUP lane=transformer arm=torch-gpu-sdpa-efficient-fp32-deterministic shape=llama8b.prefill.t8 ms=1.284339
FSPEED lane=transformer arm=torch-gpu-sdpa-efficient-fp32-deterministic shape=llama8b.prefill.t8 round=1 ms=1.204081 hash=b737e94f42d65b66
FSPEED lane=transformer arm=torch-gpu-sdpa-efficient-fp32-deterministic shape=llama8b.prefill.t8 round=2 ms=1.356207 hash=b737e94f42d65b66
FSPEED lane=transformer arm=torch-gpu-sdpa-efficient-fp32-deterministic shape=llama8b.prefill.t8 round=3 ms=1.401965 hash=b737e94f42d65b66
FSPEED lane=transformer arm=torch-gpu-sdpa-efficient-fp32-deterministic shape=llama8b.prefill.t8 round=4 ms=1.298994 hash=b737e94f42d65b66
FSPEED lane=transformer arm=torch-gpu-sdpa-efficient-fp32-deterministic shape=llama8b.prefill.t8 round=5 ms=1.743868 hash=b737e94f42d65b66
FSPEED-NOTE lane=transformer arm=torch-gpu-sdpa-efficient-fp32-deterministic output witness shape=llama8b.prefill.t8 n=32768 hash=2d6d6b241b3be67e
FSPEED-REFUSED lane=transformer arm=torch-gpu-flash-fp32-deterministic reason=RuntimeError at shape llama8b.prefill.t8: No available kernel. Aborting execution.
FSPEED-REFUSED lane=transformer arm=torch-gpu-flash-bf16-deterministic reason=RuntimeError at shape llama8b.prefill.t8: No available kernel. Aborting execution.
FSPEED-AGREE lane=transformer max_abs_diff=0.000492573 max_rel_diff=0.0369887 n=32768
FSPEED-AGREE-GATE lane=transformer shape=llama8b.prefill.t8 arm=reference-fp32-deterministic passed=false rtol=0.0005 atol=1e-05
FSPEED-WEIGHTS lane=transformer shape=llama8b.prefill.t128 tensor=norm1.weight n=4096 hash=8e82620235b4b085
FSPEED-INPUT-SHA256 lane=transformer shape=llama8b.prefill.t128 tensor=norm1.weight bytes=16384 sha256=ed0580b880f589c06eda53c8ec8aa0aa4729ccff5578a4a65fb17596cdb24411
FSPEED-WEIGHTS lane=transformer shape=llama8b.prefill.t128 tensor=norm2.weight n=4096 hash=c813f5e53899180d
FSPEED-INPUT-SHA256 lane=transformer shape=llama8b.prefill.t128 tensor=norm2.weight bytes=16384 sha256=2e6a8348fc27286941f37a74157c7a46cd03a6d6c4bc70ded86b7e75f445f69d
FSPEED-WEIGHTS lane=transformer shape=llama8b.prefill.t128 tensor=q_proj.weight n=16777216 hash=c1de6ff4941afb8e
FSPEED-WEIGHTS lane=transformer shape=llama8b.prefill.t128 tensor=k_proj.weight n=4194304 hash=803e4f6ec477b10e
FSPEED-INPUT-SHA256 lane=transformer shape=llama8b.prefill.t128 tensor=k_proj.weight bytes=16777216 sha256=99fbed2b05268ac14ecbabebcaaffd4f48217f0984b0f3727fde10a419c3cb61
FSPEED-WEIGHTS lane=transformer shape=llama8b.prefill.t128 tensor=v_proj.weight n=4194304 hash=1d4fa08f9f620c73
FSPEED-INPUT-SHA256 lane=transformer shape=llama8b.prefill.t128 tensor=v_proj.weight bytes=16777216 sha256=4a7d2daf594bc477612b38713b34774c6222d2c94c4ee2630c0ab63adb7b2262
FSPEED-WEIGHTS lane=transformer shape=llama8b.prefill.t128 tensor=o_proj.weight n=16777216 hash=27755bc1220fd650
FSPEED-WEIGHTS lane=transformer shape=llama8b.prefill.t128 tensor=gate_proj.weight n=58720256 hash=2cc46a3f987b2a35
FSPEED-WEIGHTS lane=transformer shape=llama8b.prefill.t128 tensor=up_proj.weight n=58720256 hash=8df6060ace203936
FSPEED-WEIGHTS lane=transformer shape=llama8b.prefill.t128 tensor=down_proj.weight n=58720256 hash=8005f6e866ca1053
FSPEED-WEIGHTS lane=transformer shape=llama8b.prefill.t128 tensor=x n=524288 hash=4cfda6cf929d166b
FSPEED-INPUT-SHA256 lane=transformer shape=llama8b.prefill.t128 tensor=x bytes=2097152 sha256=e1eb0b03bee0d8e38bafd5b1a9c86a4f8b312772a5240965d372cf6813252d63
FSPEED-WARMUP lane=transformer arm=torch-gpu-fp32-deterministic shape=llama8b.prefill.t128 ms=2.073370
FSPEED lane=transformer arm=torch-gpu-fp32-deterministic shape=llama8b.prefill.t128 round=1 ms=2.122123 hash=-
FSPEED lane=transformer arm=torch-gpu-fp32-deterministic shape=llama8b.prefill.t128 round=2 ms=2.221607 hash=-
FSPEED lane=transformer arm=torch-gpu-fp32-deterministic shape=llama8b.prefill.t128 round=3 ms=2.166469 hash=-
FSPEED lane=transformer arm=torch-gpu-fp32-deterministic shape=llama8b.prefill.t128 round=4 ms=2.180271 hash=-
FSPEED lane=transformer arm=torch-gpu-fp32-deterministic shape=llama8b.prefill.t128 round=5 ms=2.180878 hash=-
FSPEED-NOTE lane=transformer arm=torch-gpu-fp32-deterministic output witness shape=llama8b.prefill.t128 n=524288 hash=682222d5bebc5782
FSPEED-WARMUP lane=transformer arm=torch-gpu-tf32-deterministic shape=llama8b.prefill.t128 ms=1.330718
FSPEED lane=transformer arm=torch-gpu-tf32-deterministic shape=llama8b.prefill.t128 round=1 ms=1.332473 hash=-
FSPEED lane=transformer arm=torch-gpu-tf32-deterministic shape=llama8b.prefill.t128 round=2 ms=1.471821 hash=-
FSPEED lane=transformer arm=torch-gpu-tf32-deterministic shape=llama8b.prefill.t128 round=3 ms=1.458041 hash=-
FSPEED lane=transformer arm=torch-gpu-tf32-deterministic shape=llama8b.prefill.t128 round=4 ms=1.448855 hash=-
FSPEED lane=transformer arm=torch-gpu-tf32-deterministic shape=llama8b.prefill.t128 round=5 ms=1.449883 hash=-
FSPEED-NOTE lane=transformer arm=torch-gpu-tf32-deterministic output witness shape=llama8b.prefill.t128 n=524288 hash=4004fe1bab94e75e
FSPEED-WARMUP lane=transformer arm=torch-gpu-sdpa-math-fp32-deterministic shape=llama8b.prefill.t128 ms=1.978196
FSPEED lane=transformer arm=torch-gpu-sdpa-math-fp32-deterministic shape=llama8b.prefill.t128 round=1 ms=1.974814 hash=-
FSPEED lane=transformer arm=torch-gpu-sdpa-math-fp32-deterministic shape=llama8b.prefill.t128 round=2 ms=2.075851 hash=-
FSPEED lane=transformer arm=torch-gpu-sdpa-math-fp32-deterministic shape=llama8b.prefill.t128 round=3 ms=2.088893 hash=-
FSPEED lane=transformer arm=torch-gpu-sdpa-math-fp32-deterministic shape=llama8b.prefill.t128 round=4 ms=2.070408 hash=-
FSPEED lane=transformer arm=torch-gpu-sdpa-math-fp32-deterministic shape=llama8b.prefill.t128 round=5 ms=2.062120 hash=-
FSPEED-NOTE lane=transformer arm=torch-gpu-sdpa-math-fp32-deterministic output witness shape=llama8b.prefill.t128 n=524288 hash=1e9428bdaf5dbf14
FSPEED-WARMUP lane=transformer arm=torch-gpu-sdpa-efficient-fp32-deterministic shape=llama8b.prefill.t128 ms=1.795378
FSPEED lane=transformer arm=torch-gpu-sdpa-efficient-fp32-deterministic shape=llama8b.prefill.t128 round=1 ms=1.784768 hash=-
FSPEED lane=transformer arm=torch-gpu-sdpa-efficient-fp32-deterministic shape=llama8b.prefill.t128 round=2 ms=1.956139 hash=-
FSPEED lane=transformer arm=torch-gpu-sdpa-efficient-fp32-deterministic shape=llama8b.prefill.t128 round=3 ms=1.964901 hash=-
FSPEED lane=transformer arm=torch-gpu-sdpa-efficient-fp32-deterministic shape=llama8b.prefill.t128 round=4 ms=1.948431 hash=-
FSPEED lane=transformer arm=torch-gpu-sdpa-efficient-fp32-deterministic shape=llama8b.prefill.t128 round=5 ms=1.946542 hash=-
FSPEED-NOTE lane=transformer arm=torch-gpu-sdpa-efficient-fp32-deterministic output witness shape=llama8b.prefill.t128 n=524288 hash=3e6df1c31befa6d3
FSPEED-REFUSED lane=transformer arm=torch-gpu-flash-fp32-deterministic reason=RuntimeError at shape llama8b.prefill.t128: No available kernel. Aborting execution.
FSPEED-REFUSED lane=transformer arm=torch-gpu-flash-bf16-deterministic reason=RuntimeError at shape llama8b.prefill.t128: No available kernel. Aborting execution.
FSPEED-AGREE lane=transformer max_abs_diff=0.0107708 max_rel_diff=2.72222 n=524288
FSPEED-AGREE-GATE lane=transformer shape=llama8b.prefill.t128 arm=reference-fp32-deterministic passed=false rtol=0.0005 atol=1e-05
FSPEED-WEIGHTS lane=transformer shape=llama8b.prefill.t512 tensor=norm1.weight n=4096 hash=267ae3b42cf4bd1e
FSPEED-INPUT-SHA256 lane=transformer shape=llama8b.prefill.t512 tensor=norm1.weight bytes=16384 sha256=88c45159c14cedb742bb76cf79dd691de784125a06180a1e41d693e7fdd82712
FSPEED-WEIGHTS lane=transformer shape=llama8b.prefill.t512 tensor=norm2.weight n=4096 hash=fd8c830453040971
FSPEED-INPUT-SHA256 lane=transformer shape=llama8b.prefill.t512 tensor=norm2.weight bytes=16384 sha256=8f4b5fdab50e4c16b79db0709e443486be8f19c2f739202d7dfbf91e63eabd7b
FSPEED-WEIGHTS lane=transformer shape=llama8b.prefill.t512 tensor=q_proj.weight n=16777216 hash=40d0cc6a048d905d
FSPEED-WEIGHTS lane=transformer shape=llama8b.prefill.t512 tensor=k_proj.weight n=4194304 hash=b5af8e64afe64f60
FSPEED-INPUT-SHA256 lane=transformer shape=llama8b.prefill.t512 tensor=k_proj.weight bytes=16777216 sha256=90024b0d875fcc7a4aadf386c3a559b63a38c810cff340680040cc22403787e0
FSPEED-WEIGHTS lane=transformer shape=llama8b.prefill.t512 tensor=v_proj.weight n=4194304 hash=73e1eafa7abcd857
FSPEED-INPUT-SHA256 lane=transformer shape=llama8b.prefill.t512 tensor=v_proj.weight bytes=16777216 sha256=5826817e26fa36368cd6cfaaacfeccb3823b9f65cd55ef7b1ecaed9989dc2436
FSPEED-WEIGHTS lane=transformer shape=llama8b.prefill.t512 tensor=o_proj.weight n=16777216 hash=f8a091300d6898c7
FSPEED-WEIGHTS lane=transformer shape=llama8b.prefill.t512 tensor=gate_proj.weight n=58720256 hash=8b7b13c66c2b3235
FSPEED-WEIGHTS lane=transformer shape=llama8b.prefill.t512 tensor=up_proj.weight n=58720256 hash=f61e5f2f2b37b282
FSPEED-WEIGHTS lane=transformer shape=llama8b.prefill.t512 tensor=down_proj.weight n=58720256 hash=35adb0b4c5e445b4
FSPEED-WEIGHTS lane=transformer shape=llama8b.prefill.t512 tensor=x n=2097152 hash=4dea4dee43008247
FSPEED-INPUT-SHA256 lane=transformer shape=llama8b.prefill.t512 tensor=x bytes=8388608 sha256=168d2f9834aefc999d244ffec5c885a7d2b4d5c6f545ee376774f2061bf58495
FSPEED-WARMUP lane=transformer arm=torch-gpu-fp32-deterministic shape=llama8b.prefill.t512 ms=5.621903
FSPEED lane=transformer arm=torch-gpu-fp32-deterministic shape=llama8b.prefill.t512 round=1 ms=5.644746 hash=-
FSPEED lane=transformer arm=torch-gpu-fp32-deterministic shape=llama8b.prefill.t512 round=2 ms=5.733840 hash=-
FSPEED lane=transformer arm=torch-gpu-fp32-deterministic shape=llama8b.prefill.t512 round=3 ms=5.695175 hash=-
FSPEED lane=transformer arm=torch-gpu-fp32-deterministic shape=llama8b.prefill.t512 round=4 ms=5.708799 hash=-
FSPEED lane=transformer arm=torch-gpu-fp32-deterministic shape=llama8b.prefill.t512 round=5 ms=5.700111 hash=-
FSPEED-NOTE lane=transformer arm=torch-gpu-fp32-deterministic output witness shape=llama8b.prefill.t512 n=2097152 hash=4234c25b1f6fb249
FSPEED-WARMUP lane=transformer arm=torch-gpu-tf32-deterministic shape=llama8b.prefill.t512 ms=1.679201
FSPEED lane=transformer arm=torch-gpu-tf32-deterministic shape=llama8b.prefill.t512 round=1 ms=1.702603 hash=-
FSPEED lane=transformer arm=torch-gpu-tf32-deterministic shape=llama8b.prefill.t512 round=2 ms=1.806214 hash=-
FSPEED lane=transformer arm=torch-gpu-tf32-deterministic shape=llama8b.prefill.t512 round=3 ms=1.826782 hash=-
FSPEED lane=transformer arm=torch-gpu-tf32-deterministic shape=llama8b.prefill.t512 round=4 ms=1.805011 hash=-
FSPEED lane=transformer arm=torch-gpu-tf32-deterministic shape=llama8b.prefill.t512 round=5 ms=1.793686 hash=-
FSPEED-NOTE lane=transformer arm=torch-gpu-tf32-deterministic output witness shape=llama8b.prefill.t512 n=2097152 hash=149663401330e97c
FSPEED-WARMUP lane=transformer arm=torch-gpu-sdpa-math-fp32-deterministic shape=llama8b.prefill.t512 ms=5.452283
FSPEED lane=transformer arm=torch-gpu-sdpa-math-fp32-deterministic shape=llama8b.prefill.t512 round=1 ms=5.438607 hash=-
FSPEED lane=transformer arm=torch-gpu-sdpa-math-fp32-deterministic shape=llama8b.prefill.t512 round=2 ms=5.508818 hash=-
FSPEED lane=transformer arm=torch-gpu-sdpa-math-fp32-deterministic shape=llama8b.prefill.t512 round=3 ms=5.504448 hash=-
FSPEED lane=transformer arm=torch-gpu-sdpa-math-fp32-deterministic shape=llama8b.prefill.t512 round=4 ms=5.506888 hash=-
FSPEED lane=transformer arm=torch-gpu-sdpa-math-fp32-deterministic shape=llama8b.prefill.t512 round=5 ms=5.507190 hash=-
FSPEED-NOTE lane=transformer arm=torch-gpu-sdpa-math-fp32-deterministic output witness shape=llama8b.prefill.t512 n=2097152 hash=5cbdc3801aa9a390
FSPEED-WARMUP lane=transformer arm=torch-gpu-sdpa-efficient-fp32-deterministic shape=llama8b.prefill.t512 ms=5.412675
FSPEED lane=transformer arm=torch-gpu-sdpa-efficient-fp32-deterministic shape=llama8b.prefill.t512 round=1 ms=5.364776 hash=-
FSPEED lane=transformer arm=torch-gpu-sdpa-efficient-fp32-deterministic shape=llama8b.prefill.t512 round=2 ms=5.438451 hash=-
FSPEED lane=transformer arm=torch-gpu-sdpa-efficient-fp32-deterministic shape=llama8b.prefill.t512 round=3 ms=5.428735 hash=-
FSPEED lane=transformer arm=torch-gpu-sdpa-efficient-fp32-deterministic shape=llama8b.prefill.t512 round=4 ms=5.422451 hash=-
FSPEED lane=transformer arm=torch-gpu-sdpa-efficient-fp32-deterministic shape=llama8b.prefill.t512 round=5 ms=5.418774 hash=-
FSPEED-NOTE lane=transformer arm=torch-gpu-sdpa-efficient-fp32-deterministic output witness shape=llama8b.prefill.t512 n=2097152 hash=c61ddf4de651de8f
FSPEED-REFUSED lane=transformer arm=torch-gpu-flash-fp32-deterministic reason=RuntimeError at shape llama8b.prefill.t512: No available kernel. Aborting execution.
FSPEED-REFUSED lane=transformer arm=torch-gpu-flash-bf16-deterministic reason=RuntimeError at shape llama8b.prefill.t512: No available kernel. Aborting execution.
FSPEED-AGREE lane=transformer max_abs_diff=0.0370522 max_rel_diff=37.1099 n=2097152
FSPEED-AGREE-GATE lane=transformer shape=llama8b.prefill.t512 arm=reference-fp32-deterministic passed=false rtol=0.0005 atol=1e-05
FSPEED-WEIGHTS lane=transformer shape=llama8b.decode.t1.ctx512 tensor=norm1.weight n=4096 hash=a16c25d484966855
FSPEED-INPUT-SHA256 lane=transformer shape=llama8b.decode.t1.ctx512 tensor=norm1.weight bytes=16384 sha256=2a73774e31f1ddeb83163f9367852be19bcfa0dfdc10bb33f4986bee98d41fc3
FSPEED-WEIGHTS lane=transformer shape=llama8b.decode.t1.ctx512 tensor=norm2.weight n=4096 hash=fdf0b3b94538d853
FSPEED-INPUT-SHA256 lane=transformer shape=llama8b.decode.t1.ctx512 tensor=norm2.weight bytes=16384 sha256=ecbf177efb4abf09cc49566fea6b08c97b629fa8ca4fa01d0bbf6fc6979388b3
FSPEED-WEIGHTS lane=transformer shape=llama8b.decode.t1.ctx512 tensor=q_proj.weight n=16777216 hash=dc126cf683d35c94
FSPEED-WEIGHTS lane=transformer shape=llama8b.decode.t1.ctx512 tensor=k_proj.weight n=4194304 hash=9bb615a45cfbb66d
FSPEED-INPUT-SHA256 lane=transformer shape=llama8b.decode.t1.ctx512 tensor=k_proj.weight bytes=16777216 sha256=e148a125f50948bdbba6aec9efc70cf859d5ba4955a2dd32de0e000bd6669b84
FSPEED-WEIGHTS lane=transformer shape=llama8b.decode.t1.ctx512 tensor=v_proj.weight n=4194304 hash=b189eaa5691f2cc2
FSPEED-INPUT-SHA256 lane=transformer shape=llama8b.decode.t1.ctx512 tensor=v_proj.weight bytes=16777216 sha256=b55492e2a64c18ef623837d84f5ae7b94680079fd64bb6e58d7f6979d393cf98
FSPEED-WEIGHTS lane=transformer shape=llama8b.decode.t1.ctx512 tensor=o_proj.weight n=16777216 hash=f460975b0ff8b858
FSPEED-WEIGHTS lane=transformer shape=llama8b.decode.t1.ctx512 tensor=gate_proj.weight n=58720256 hash=4b88f0c6df895117
FSPEED-WEIGHTS lane=transformer shape=llama8b.decode.t1.ctx512 tensor=up_proj.weight n=58720256 hash=0bcff2e323b1e524
FSPEED-WEIGHTS lane=transformer shape=llama8b.decode.t1.ctx512 tensor=down_proj.weight n=58720256 hash=513387fa68b57e5e
FSPEED-WEIGHTS lane=transformer shape=llama8b.decode.t1.ctx512 tensor=x n=4096 hash=a1509d4577b1d620
FSPEED-INPUT-SHA256 lane=transformer shape=llama8b.decode.t1.ctx512 tensor=x bytes=16384 sha256=3beafca9c6508c13c0dea4e9e67888fdbba097e228afaec09a4a24b2c50df360
FSPEED-WEIGHTS lane=transformer shape=llama8b.decode.t1.ctx512 tensor=ctx.x n=2097152 hash=cf5b380dda81451a
FSPEED-INPUT-SHA256 lane=transformer shape=llama8b.decode.t1.ctx512 tensor=ctx.x bytes=8388608 sha256=9ec6d4ddbfb11cf5eaef53b6aeca902d1c002638b8c180a8b288d135913a8435
FSPEED-WARMUP lane=transformer arm=torch-gpu-fp32-deterministic shape=llama8b.decode.t1.ctx512 ms=1.195129
FSPEED lane=transformer arm=torch-gpu-fp32-deterministic shape=llama8b.decode.t1.ctx512 round=1 ms=1.188129 hash=f62a023115027e31
FSPEED lane=transformer arm=torch-gpu-fp32-deterministic shape=llama8b.decode.t1.ctx512 round=2 ms=1.247719 hash=f62a023115027e31
FSPEED lane=transformer arm=torch-gpu-fp32-deterministic shape=llama8b.decode.t1.ctx512 round=3 ms=1.209114 hash=f62a023115027e31
FSPEED lane=transformer arm=torch-gpu-fp32-deterministic shape=llama8b.decode.t1.ctx512 round=4 ms=1.220137 hash=f62a023115027e31
FSPEED lane=transformer arm=torch-gpu-fp32-deterministic shape=llama8b.decode.t1.ctx512 round=5 ms=1.206566 hash=f62a023115027e31
FSPEED-NOTE lane=transformer arm=torch-gpu-fp32-deterministic output witness shape=llama8b.decode.t1.ctx512 n=4096 hash=f885f03fa45e0661
FSPEED-WARMUP lane=transformer arm=torch-gpu-tf32-deterministic shape=llama8b.decode.t1.ctx512 ms=1.183718
FSPEED lane=transformer arm=torch-gpu-tf32-deterministic shape=llama8b.decode.t1.ctx512 round=1 ms=1.184531 hash=1f71bd5f486361ec
FSPEED lane=transformer arm=torch-gpu-tf32-deterministic shape=llama8b.decode.t1.ctx512 round=2 ms=1.213394 hash=1f71bd5f486361ec
FSPEED lane=transformer arm=torch-gpu-tf32-deterministic shape=llama8b.decode.t1.ctx512 round=3 ms=1.201794 hash=1f71bd5f486361ec
FSPEED lane=transformer arm=torch-gpu-tf32-deterministic shape=llama8b.decode.t1.ctx512 round=4 ms=1.192518 hash=1f71bd5f486361ec
FSPEED lane=transformer arm=torch-gpu-tf32-deterministic shape=llama8b.decode.t1.ctx512 round=5 ms=1.206338 hash=1f71bd5f486361ec
FSPEED-NOTE lane=transformer arm=torch-gpu-tf32-deterministic output witness shape=llama8b.decode.t1.ctx512 n=4096 hash=32507305f5c20e9c
FSPEED-WARMUP lane=transformer arm=torch-gpu-sdpa-math-fp32-deterministic shape=llama8b.decode.t1.ctx512 ms=1.119375
FSPEED lane=transformer arm=torch-gpu-sdpa-math-fp32-deterministic shape=llama8b.decode.t1.ctx512 round=1 ms=1.114726 hash=848e21d1df64d87c
FSPEED lane=transformer arm=torch-gpu-sdpa-math-fp32-deterministic shape=llama8b.decode.t1.ctx512 round=2 ms=1.152217 hash=848e21d1df64d87c
FSPEED lane=transformer arm=torch-gpu-sdpa-math-fp32-deterministic shape=llama8b.decode.t1.ctx512 round=3 ms=1.140039 hash=848e21d1df64d87c
FSPEED lane=transformer arm=torch-gpu-sdpa-math-fp32-deterministic shape=llama8b.decode.t1.ctx512 round=4 ms=1.134839 hash=848e21d1df64d87c
FSPEED lane=transformer arm=torch-gpu-sdpa-math-fp32-deterministic shape=llama8b.decode.t1.ctx512 round=5 ms=1.132514 hash=848e21d1df64d87c
FSPEED-NOTE lane=transformer arm=torch-gpu-sdpa-math-fp32-deterministic output witness shape=llama8b.decode.t1.ctx512 n=4096 hash=babd2aec0c7b83cc
FSPEED-WARMUP lane=transformer arm=torch-gpu-sdpa-efficient-fp32-deterministic shape=llama8b.decode.t1.ctx512 ms=0.987083
FSPEED lane=transformer arm=torch-gpu-sdpa-efficient-fp32-deterministic shape=llama8b.decode.t1.ctx512 round=1 ms=1.031328 hash=d8fbb0fbeec0b7dd
FSPEED lane=transformer arm=torch-gpu-sdpa-efficient-fp32-deterministic shape=llama8b.decode.t1.ctx512 round=2 ms=1.009196 hash=d8fbb0fbeec0b7dd
FSPEED lane=transformer arm=torch-gpu-sdpa-efficient-fp32-deterministic shape=llama8b.decode.t1.ctx512 round=3 ms=1.002643 hash=d8fbb0fbeec0b7dd
FSPEED lane=transformer arm=torch-gpu-sdpa-efficient-fp32-deterministic shape=llama8b.decode.t1.ctx512 round=4 ms=0.996117 hash=d8fbb0fbeec0b7dd
FSPEED lane=transformer arm=torch-gpu-sdpa-efficient-fp32-deterministic shape=llama8b.decode.t1.ctx512 round=5 ms=0.996724 hash=d8fbb0fbeec0b7dd
FSPEED-NOTE lane=transformer arm=torch-gpu-sdpa-efficient-fp32-deterministic output witness shape=llama8b.decode.t1.ctx512 n=4096 hash=b534942820bc78ed
FSPEED-REFUSED lane=transformer arm=torch-gpu-flash-fp32-deterministic reason=RuntimeError at shape llama8b.decode.t1.ctx512: No available kernel. Aborting execution.
FSPEED-REFUSED lane=transformer arm=torch-gpu-flash-bf16-deterministic reason=RuntimeError at shape llama8b.decode.t1.ctx512: No available kernel. Aborting execution.
FSPEED-AGREE lane=transformer max_abs_diff=8.01086e-05 max_rel_diff=0.0128057 n=4096
FSPEED-AGREE-GATE lane=transformer shape=llama8b.decode.t1.ctx512 arm=reference-fp32-deterministic passed=false rtol=0.0005 atol=1e-05
FSPEED-WEIGHTS lane=transformer shape=narrow.b8_l4096_d512 tensor=norm1.weight n=512 hash=45692a7eb10b6fc0
FSPEED-INPUT-SHA256 lane=transformer shape=narrow.b8_l4096_d512 tensor=norm1.weight bytes=2048 sha256=30f5b68cd55cfe14e6c2ef76260f61edca11de068f5f2e357e670097f4f1ae7f
FSPEED-WEIGHTS lane=transformer shape=narrow.b8_l4096_d512 tensor=norm2.weight n=512 hash=61322c0f49d04949
FSPEED-INPUT-SHA256 lane=transformer shape=narrow.b8_l4096_d512 tensor=norm2.weight bytes=2048 sha256=265f5c66baedc47baea46766afa7089be3eb398803aecf0fb92302fda6c7e04a
FSPEED-WEIGHTS lane=transformer shape=narrow.b8_l4096_d512 tensor=q_proj.weight n=262144 hash=ee2a6a7f0685ecc9
FSPEED-INPUT-SHA256 lane=transformer shape=narrow.b8_l4096_d512 tensor=q_proj.weight bytes=1048576 sha256=13e2076de1497adf6d143247758f6d71a89583dc76da5048c3cd0d67c9999a77
FSPEED-WEIGHTS lane=transformer shape=narrow.b8_l4096_d512 tensor=k_proj.weight n=65536 hash=416e36e17d187c9e
FSPEED-INPUT-SHA256 lane=transformer shape=narrow.b8_l4096_d512 tensor=k_proj.weight bytes=262144 sha256=b4ee1b82ffba88167fcbaae799f810d90a892e9f41f4d5c741f90d5b2dae0043
FSPEED-WEIGHTS lane=transformer shape=narrow.b8_l4096_d512 tensor=v_proj.weight n=65536 hash=4450bc1752c64ddb
FSPEED-INPUT-SHA256 lane=transformer shape=narrow.b8_l4096_d512 tensor=v_proj.weight bytes=262144 sha256=a59cb655e1ae942fec70dcbf863c5f9322a2345a1c3c1edde3dcd8de8e6dfb9d
FSPEED-WEIGHTS lane=transformer shape=narrow.b8_l4096_d512 tensor=o_proj.weight n=262144 hash=f6c2fd9b6a82aee3
FSPEED-INPUT-SHA256 lane=transformer shape=narrow.b8_l4096_d512 tensor=o_proj.weight bytes=1048576 sha256=3eff6a42056ff2bd611d3df9233b3009fa6511cb8c9b4e6ad216de72b38a549b
FSPEED-WEIGHTS lane=transformer shape=narrow.b8_l4096_d512 tensor=gate_proj.weight n=917504 hash=5ec429ccf833537d
FSPEED-INPUT-SHA256 lane=transformer shape=narrow.b8_l4096_d512 tensor=gate_proj.weight bytes=3670016 sha256=a0ee9e885dfdc8ddd8ceb18cd6cabcd0f51cdb2303ae0cc88bbd6d328ab80537
FSPEED-WEIGHTS lane=transformer shape=narrow.b8_l4096_d512 tensor=up_proj.weight n=917504 hash=d5362505b4e361ab
FSPEED-INPUT-SHA256 lane=transformer shape=narrow.b8_l4096_d512 tensor=up_proj.weight bytes=3670016 sha256=b755bcb9a5d6a3ccc637b5a9850268256cd17763ae1ad2c42ced820eb6de6807
FSPEED-WEIGHTS lane=transformer shape=narrow.b8_l4096_d512 tensor=down_proj.weight n=917504 hash=e1de8e35a988ed0f
FSPEED-INPUT-SHA256 lane=transformer shape=narrow.b8_l4096_d512 tensor=down_proj.weight bytes=3670016 sha256=569be23f41898f8665ff274a173fee426e5a0df7b7eef0d8ef7ea2d3ef5031c4
FSPEED-WEIGHTS lane=transformer shape=narrow.b8_l4096_d512 tensor=x n=16777216 hash=b5d9d4c71b1268d2
FSPEED-WARMUP lane=transformer arm=torch-gpu-fp32-deterministic shape=narrow.b8_l4096_d512 ms=23.566578
FSPEED lane=transformer arm=torch-gpu-fp32-deterministic shape=narrow.b8_l4096_d512 round=1 ms=23.578819 hash=-
FSPEED lane=transformer arm=torch-gpu-fp32-deterministic shape=narrow.b8_l4096_d512 round=2 ms=23.600686 hash=-
FSPEED lane=transformer arm=torch-gpu-fp32-deterministic shape=narrow.b8_l4096_d512 round=3 ms=23.623552 hash=-
FSPEED lane=transformer arm=torch-gpu-fp32-deterministic shape=narrow.b8_l4096_d512 round=4 ms=23.610767 hash=-
FSPEED lane=transformer arm=torch-gpu-fp32-deterministic shape=narrow.b8_l4096_d512 round=5 ms=23.617376 hash=-
FSPEED-NOTE lane=transformer arm=torch-gpu-fp32-deterministic output witness shape=narrow.b8_l4096_d512 n=16777216 hash=acb9247419c71a2c
FSPEED-WARMUP lane=transformer arm=torch-gpu-tf32-deterministic shape=narrow.b8_l4096_d512 ms=15.873175
FSPEED lane=transformer arm=torch-gpu-tf32-deterministic shape=narrow.b8_l4096_d512 round=1 ms=15.858088 hash=-
FSPEED lane=transformer arm=torch-gpu-tf32-deterministic shape=narrow.b8_l4096_d512 round=2 ms=15.993644 hash=-
FSPEED lane=transformer arm=torch-gpu-tf32-deterministic shape=narrow.b8_l4096_d512 round=3 ms=15.964631 hash=-
FSPEED lane=transformer arm=torch-gpu-tf32-deterministic shape=narrow.b8_l4096_d512 round=4 ms=16.006093 hash=-
FSPEED lane=transformer arm=torch-gpu-tf32-deterministic shape=narrow.b8_l4096_d512 round=5 ms=15.974268 hash=-
FSPEED-NOTE lane=transformer arm=torch-gpu-tf32-deterministic output witness shape=narrow.b8_l4096_d512 n=16777216 hash=9217e538ee18f56c
FSPEED-WARMUP lane=transformer arm=torch-gpu-sdpa-math-fp32-deterministic shape=narrow.b8_l4096_d512 ms=17.983630
FSPEED lane=transformer arm=torch-gpu-sdpa-math-fp32-deterministic shape=narrow.b8_l4096_d512 round=1 ms=17.985974 hash=-
FSPEED lane=transformer arm=torch-gpu-sdpa-math-fp32-deterministic shape=narrow.b8_l4096_d512 round=2 ms=17.990939 hash=-
FSPEED lane=transformer arm=torch-gpu-sdpa-math-fp32-deterministic shape=narrow.b8_l4096_d512 round=3 ms=18.023122 hash=-
FSPEED lane=transformer arm=torch-gpu-sdpa-math-fp32-deterministic shape=narrow.b8_l4096_d512 round=4 ms=18.017121 hash=-
FSPEED lane=transformer arm=torch-gpu-sdpa-math-fp32-deterministic shape=narrow.b8_l4096_d512 round=5 ms=17.998066 hash=-
FSPEED-NOTE lane=transformer arm=torch-gpu-sdpa-math-fp32-deterministic output witness shape=narrow.b8_l4096_d512 n=16777216 hash=ea7409640f2cf663
FSPEED-WARMUP lane=transformer arm=torch-gpu-sdpa-efficient-fp32-deterministic shape=narrow.b8_l4096_d512 ms=14.349177
FSPEED lane=transformer arm=torch-gpu-sdpa-efficient-fp32-deterministic shape=narrow.b8_l4096_d512 round=1 ms=14.328841 hash=-
FSPEED lane=transformer arm=torch-gpu-sdpa-efficient-fp32-deterministic shape=narrow.b8_l4096_d512 round=2 ms=14.163762 hash=-
FSPEED lane=transformer arm=torch-gpu-sdpa-efficient-fp32-deterministic shape=narrow.b8_l4096_d512 round=3 ms=14.182054 hash=-
FSPEED lane=transformer arm=torch-gpu-sdpa-efficient-fp32-deterministic shape=narrow.b8_l4096_d512 round=4 ms=14.255460 hash=-
FSPEED lane=transformer arm=torch-gpu-sdpa-efficient-fp32-deterministic shape=narrow.b8_l4096_d512 round=5 ms=14.290381 hash=-
FSPEED-NOTE lane=transformer arm=torch-gpu-sdpa-efficient-fp32-deterministic output witness shape=narrow.b8_l4096_d512 n=16777216 hash=c76df8d36635706b
FSPEED-REFUSED lane=transformer arm=torch-gpu-flash-fp32-deterministic reason=RuntimeError at shape narrow.b8_l4096_d512: No available kernel. Aborting execution.
FSPEED-REFUSED lane=transformer arm=torch-gpu-flash-bf16-deterministic reason=RuntimeError at shape narrow.b8_l4096_d512: No available kernel. Aborting execution.
FSPEED-AGREE lane=transformer max_abs_diff=0.0138197 max_rel_diff=14683 n=16777216
FSPEED-AGREE-GATE lane=transformer shape=narrow.b8_l4096_d512 arm=reference-fp32-deterministic passed=false rtol=0.0005 atol=1e-05
FSPEED-WEIGHTS lane=transformer shape=wide.b8_l1024_d2048 tensor=norm1.weight n=2048 hash=53340b1847f25bec
FSPEED-INPUT-SHA256 lane=transformer shape=wide.b8_l1024_d2048 tensor=norm1.weight bytes=8192 sha256=e3d55aabebc81ac2cc392857b8f175550225de932b715836fc4c50c02f69b64c
FSPEED-WEIGHTS lane=transformer shape=wide.b8_l1024_d2048 tensor=norm2.weight n=2048 hash=64afeb1bb847ac6b
FSPEED-INPUT-SHA256 lane=transformer shape=wide.b8_l1024_d2048 tensor=norm2.weight bytes=8192 sha256=bffbaed25568adb9c72efa3ac041457dadf3b95259314b08968b6ab94870dba9
FSPEED-WEIGHTS lane=transformer shape=wide.b8_l1024_d2048 tensor=q_proj.weight n=4194304 hash=474f5011cbe8566c
FSPEED-INPUT-SHA256 lane=transformer shape=wide.b8_l1024_d2048 tensor=q_proj.weight bytes=16777216 sha256=ef1e642895d360006e638567ff8622ce4fd49db6a7ef494f6ac547f44ffec6a9
FSPEED-WEIGHTS lane=transformer shape=wide.b8_l1024_d2048 tensor=k_proj.weight n=1048576 hash=69c48fa4cfe8e4cc
FSPEED-INPUT-SHA256 lane=transformer shape=wide.b8_l1024_d2048 tensor=k_proj.weight bytes=4194304 sha256=8672baa8a1491677dcf9efe49a3a01d0b1d1ee43aa7ee83fb6c6a5a6a51890bf
FSPEED-WEIGHTS lane=transformer shape=wide.b8_l1024_d2048 tensor=v_proj.weight n=1048576 hash=751bd490203d43a3
FSPEED-INPUT-SHA256 lane=transformer shape=wide.b8_l1024_d2048 tensor=v_proj.weight bytes=4194304 sha256=3281abf01503a14c7e5fa489908f9dfc3daffd88314bca434d39bcc7053941a2
FSPEED-WEIGHTS lane=transformer shape=wide.b8_l1024_d2048 tensor=o_proj.weight n=4194304 hash=f88d39ebfc2cdc1e
FSPEED-INPUT-SHA256 lane=transformer shape=wide.b8_l1024_d2048 tensor=o_proj.weight bytes=16777216 sha256=030a5439eef37cecbd7a128cb2807053599106326e5d31c17904b21cbd36fcff
FSPEED-WEIGHTS lane=transformer shape=wide.b8_l1024_d2048 tensor=gate_proj.weight n=14680064 hash=a8713c702256b309
FSPEED-WEIGHTS lane=transformer shape=wide.b8_l1024_d2048 tensor=up_proj.weight n=14680064 hash=7fa36f4cc3db5f1e
FSPEED-WEIGHTS lane=transformer shape=wide.b8_l1024_d2048 tensor=down_proj.weight n=14680064 hash=05ad4d2b74e07d22
FSPEED-WEIGHTS lane=transformer shape=wide.b8_l1024_d2048 tensor=x n=16777216 hash=b5d9d4c71b1268d2
FSPEED-WARMUP lane=transformer arm=torch-gpu-fp32-deterministic shape=wide.b8_l1024_d2048 ms=23.982279
FSPEED lane=transformer arm=torch-gpu-fp32-deterministic shape=wide.b8_l1024_d2048 round=1 ms=23.974977 hash=-
FSPEED lane=transformer arm=torch-gpu-fp32-deterministic shape=wide.b8_l1024_d2048 round=2 ms=23.975905 hash=-
FSPEED lane=transformer arm=torch-gpu-fp32-deterministic shape=wide.b8_l1024_d2048 round=3 ms=23.980618 hash=-
FSPEED lane=transformer arm=torch-gpu-fp32-deterministic shape=wide.b8_l1024_d2048 round=4 ms=24.015535 hash=-
FSPEED lane=transformer arm=torch-gpu-fp32-deterministic shape=wide.b8_l1024_d2048 round=5 ms=24.016391 hash=-
FSPEED-NOTE lane=transformer arm=torch-gpu-fp32-deterministic output witness shape=wide.b8_l1024_d2048 n=16777216 hash=b213c921b67f6d4c
FSPEED-WARMUP lane=transformer arm=torch-gpu-tf32-deterministic shape=wide.b8_l1024_d2048 ms=7.869646
FSPEED lane=transformer arm=torch-gpu-tf32-deterministic shape=wide.b8_l1024_d2048 round=1 ms=7.865615 hash=-
FSPEED lane=transformer arm=torch-gpu-tf32-deterministic shape=wide.b8_l1024_d2048 round=2 ms=7.857196 hash=-
FSPEED lane=transformer arm=torch-gpu-tf32-deterministic shape=wide.b8_l1024_d2048 round=3 ms=7.862356 hash=-
FSPEED lane=transformer arm=torch-gpu-tf32-deterministic shape=wide.b8_l1024_d2048 round=4 ms=7.863935 hash=-
FSPEED lane=transformer arm=torch-gpu-tf32-deterministic shape=wide.b8_l1024_d2048 round=5 ms=7.858753 hash=-
FSPEED-NOTE lane=transformer arm=torch-gpu-tf32-deterministic output witness shape=wide.b8_l1024_d2048 n=16777216 hash=46fd7ee394d26b21
FSPEED-WARMUP lane=transformer arm=torch-gpu-sdpa-math-fp32-deterministic shape=wide.b8_l1024_d2048 ms=22.510566
FSPEED lane=transformer arm=torch-gpu-sdpa-math-fp32-deterministic shape=wide.b8_l1024_d2048 round=1 ms=22.460602 hash=-
FSPEED lane=transformer arm=torch-gpu-sdpa-math-fp32-deterministic shape=wide.b8_l1024_d2048 round=2 ms=22.483211 hash=-
FSPEED lane=transformer arm=torch-gpu-sdpa-math-fp32-deterministic shape=wide.b8_l1024_d2048 round=3 ms=22.488646 hash=-
FSPEED lane=transformer arm=torch-gpu-sdpa-math-fp32-deterministic shape=wide.b8_l1024_d2048 round=4 ms=22.437774 hash=-
FSPEED lane=transformer arm=torch-gpu-sdpa-math-fp32-deterministic shape=wide.b8_l1024_d2048 round=5 ms=22.454821 hash=-
FSPEED-NOTE lane=transformer arm=torch-gpu-sdpa-math-fp32-deterministic output witness shape=wide.b8_l1024_d2048 n=16777216 hash=498c542bafcd4cbf
FSPEED-WARMUP lane=transformer arm=torch-gpu-sdpa-efficient-fp32-deterministic shape=wide.b8_l1024_d2048 ms=21.694791
FSPEED lane=transformer arm=torch-gpu-sdpa-efficient-fp32-deterministic shape=wide.b8_l1024_d2048 round=1 ms=21.640472 hash=-
FSPEED lane=transformer arm=torch-gpu-sdpa-efficient-fp32-deterministic shape=wide.b8_l1024_d2048 round=2 ms=21.564934 hash=-
FSPEED lane=transformer arm=torch-gpu-sdpa-efficient-fp32-deterministic shape=wide.b8_l1024_d2048 round=3 ms=21.562457 hash=-
FSPEED lane=transformer arm=torch-gpu-sdpa-efficient-fp32-deterministic shape=wide.b8_l1024_d2048 round=4 ms=21.550592 hash=-
FSPEED lane=transformer arm=torch-gpu-sdpa-efficient-fp32-deterministic shape=wide.b8_l1024_d2048 round=5 ms=21.552477 hash=-
FSPEED-NOTE lane=transformer arm=torch-gpu-sdpa-efficient-fp32-deterministic output witness shape=wide.b8_l1024_d2048 n=16777216 hash=b95b8b922a1362ca
FSPEED-REFUSED lane=transformer arm=torch-gpu-flash-fp32-deterministic reason=RuntimeError at shape wide.b8_l1024_d2048: No available kernel. Aborting execution.
FSPEED-REFUSED lane=transformer arm=torch-gpu-flash-bf16-deterministic reason=RuntimeError at shape wide.b8_l1024_d2048: No available kernel. Aborting execution.
FSPEED-AGREE lane=transformer max_abs_diff=0.0285354 max_rel_diff=635.467 n=16777216
FSPEED-AGREE-GATE lane=transformer shape=wide.b8_l1024_d2048 arm=reference-fp32-deterministic passed=false rtol=0.0005 atol=1e-05
FSPEED-DONE lane=transformer arm=torch-deterministic
FSPEED-ADMISSION-FAILED No --mojo-log supplied for input witness admission
FSPEED-ADMISSION-FAILED transformer/llama8b.prefill.t1/reference-fp32 numerical agreement failed
FSPEED-ADMISSION-FAILED transformer/llama8b.prefill.t8/reference-fp32 numerical agreement failed
FSPEED-ADMISSION-FAILED transformer/llama8b.prefill.t128/reference-fp32 numerical agreement failed
FSPEED-ADMISSION-FAILED transformer/llama8b.prefill.t512/reference-fp32 numerical agreement failed
FSPEED-ADMISSION-FAILED transformer/llama8b.decode.t1.ctx512/reference-fp32 numerical agreement failed
FSPEED-ADMISSION-FAILED transformer/narrow.b8_l4096_d512/reference-fp32 numerical agreement failed
FSPEED-ADMISSION-FAILED transformer/wide.b8_l1024_d2048/reference-fp32 numerical agreement failed
