/root/mojolearn/kernel_methods/mojo_only/km_check.mojo:1:4: warning: doc string summary should begin with a capital letter or non-alpha character, but this begins with 'k'
"""kernel_methods: refusals, exact answers, oracle identity, reach, sabotages.
   ^
Imported from /root/mojolearn/kernel_methods/mojo_only/km_check.mojo:96:
Imported from /root/mojolearn/cholesky/mojo_only/cholesky_oracle.mojo:62:
/root/mojolearn/core/identity_trace.mojo:374:14: warning: 'UnsafePointer' is deprecated, use 'Pointer' instead
        ptr: UnsafePointer[Scalar[dt], o],
             ^~~~~~~~~~~~~
             Pointer
<unknown>:0: note: 'UnsafePointer' declared here
Imported from /root/mojolearn/kernel_methods/mojo_only/km_check.mojo:96:
Imported from /root/mojolearn/cholesky/mojo_only/cholesky_oracle.mojo:62:
/root/mojolearn/core/identity_trace.mojo:246:14: warning: 'UnsafePointer' is deprecated, use 'Pointer' instead
        raw: UnsafePointer[UInt8, o],
             ^~~~~~~~~~~~~
             Pointer
<unknown>:0: note: 'UnsafePointer' declared here
Imported from /root/mojolearn/kernel_methods/mojo_only/km_check.mojo:96:
Imported from /root/mojolearn/cholesky/mojo_only/cholesky_oracle.mojo:62:
/root/mojolearn/core/identity_trace.mojo:360:14: warning: 'bitcast' is deprecated, use 'unsafe_bitcast' instead
            p.bitcast[UInt8](),
            ~^~~~~~~~
              unsafe_bitcast
<unknown>:0: note: 'bitcast' declared here
Imported from /root/mojolearn/kernel_methods/mojo_only/km_check.mojo:96:
Imported from /root/mojolearn/cholesky/mojo_only/cholesky_oracle.mojo:62:
/root/mojolearn/core/identity_trace.mojo:384:16: warning: 'bitcast' is deprecated, use 'unsafe_bitcast' instead
            ptr.bitcast[UInt8](),
            ~~~^~~~~~~~
                unsafe_bitcast
<unknown>:0: note: 'bitcast' declared here
Imported from /root/mojolearn/kernel_methods/mojo_only/km_check.mojo:112:
Imported from /root/mojolearn/kernel_methods/estimator.mojo:58:
/root/mojolearn/decomposition/mojo_only/jacobi_eigh_device.mojo:457:28: warning: positional `__getitem__` is deprecated, use `unsafe_offset=` instead
                        rot[0] = Float32(1.0)
                        ~~~^~~
<unknown>:0: note: '__getitem__' declared here
Imported from /root/mojolearn/kernel_methods/mojo_only/km_check.mojo:112:
Imported from /root/mojolearn/kernel_methods/estimator.mojo:58:
/root/mojolearn/decomposition/mojo_only/jacobi_eigh_device.mojo:458:28: warning: positional `__getitem__` is deprecated, use `unsafe_offset=` instead
                        rot[1] = Float32(0.0)
                        ~~~^~~
<unknown>:0: note: '__getitem__' declared here
Imported from /root/mojolearn/kernel_methods/mojo_only/km_check.mojo:112:
Imported from /root/mojolearn/kernel_methods/estimator.mojo:58:
/root/mojolearn/decomposition/mojo_only/jacobi_eigh_device.mojo:485:28: warning: positional `__getitem__` is deprecated, use `unsafe_offset=` instead
                        rot[0] = c
                        ~~~^~~
<unknown>:0: note: '__getitem__' declared here
Imported from /root/mojolearn/kernel_methods/mojo_only/km_check.mojo:112:
Imported from /root/mojolearn/kernel_methods/estimator.mojo:58:
/root/mojolearn/decomposition/mojo_only/jacobi_eigh_device.mojo:486:28: warning: positional `__getitem__` is deprecated, use `unsafe_offset=` instead
                        rot[1] = ftz(t * c)
                        ~~~^~~
<unknown>:0: note: '__getitem__' declared here
Imported from /root/mojolearn/kernel_methods/mojo_only/km_check.mojo:112:
Imported from /root/mojolearn/kernel_methods/estimator.mojo:58:
/root/mojolearn/decomposition/mojo_only/jacobi_eigh_device.mojo:489:28: warning: positional `__getitem__` is deprecated, use `unsafe_offset=` instead
                var c = rot[0]
                        ~~~^~~
<unknown>:0: note: '__getitem__' declared here
Imported from /root/mojolearn/kernel_methods/mojo_only/km_check.mojo:112:
Imported from /root/mojolearn/kernel_methods/estimator.mojo:58:
/root/mojolearn/decomposition/mojo_only/jacobi_eigh_device.mojo:490:28: warning: positional `__getitem__` is deprecated, use `unsafe_offset=` instead
                var s = rot[1]
                        ~~~^~~
<unknown>:0: note: '__getitem__' declared here
Imported from /root/mojolearn/kernel_methods/mojo_only/km_check.mojo:112:
Imported from /root/mojolearn/kernel_methods/estimator.mojo:62:
/root/mojolearn/decomposition/ported/linalg/detail/pca.mojo:508:11: warning: positional `__getitem__` is deprecated, use `unsafe_offset=` instead
        sh[0] = reduced_max
        ~~^~~
<unknown>:0: note: '__getitem__' declared here
Imported from /root/mojolearn/kernel_methods/mojo_only/km_check.mojo:112:
Imported from /root/mojolearn/kernel_methods/estimator.mojo:62:
/root/mojolearn/decomposition/ported/linalg/detail/pca.mojo:510:21: warning: positional `__getitem__` is deprecated, use `unsafe_offset=` instead
    var biggest = sh[0]
                  ~~^~~
<unknown>:0: note: '__getitem__' declared here
Imported from /root/mojolearn/kernel_methods/mojo_only/km_check.mojo:112:
Imported from /root/mojolearn/kernel_methods/estimator.mojo:62:
/root/mojolearn/decomposition/ported/linalg/detail/pca.mojo:538:11: warning: positional `__getitem__` is deprecated, use `unsafe_offset=` instead
        sh[1] = reduced_first
        ~~^~~
<unknown>:0: note: '__getitem__' declared here
Imported from /root/mojolearn/kernel_methods/mojo_only/km_check.mojo:112:
Imported from /root/mojolearn/kernel_methods/estimator.mojo:62:
/root/mojolearn/decomposition/ported/linalg/detail/pca.mojo:539:11: warning: positional `__getitem__` is deprecated, use `unsafe_offset=` instead
        sh[2] = Float32(1.0)
        ~~^~~
<unknown>:0: note: '__getitem__' declared here
Imported from /root/mojolearn/kernel_methods/mojo_only/km_check.mojo:112:
Imported from /root/mojolearn/kernel_methods/estimator.mojo:62:
/root/mojolearn/decomposition/ported/linalg/detail/pca.mojo:541:19: warning: positional `__getitem__` is deprecated, use `unsafe_offset=` instead
    var first = sh[1]
                ~~^~~
<unknown>:0: note: '__getitem__' declared here
Imported from /root/mojolearn/kernel_methods/mojo_only/km_check.mojo:112:
Imported from /root/mojolearn/kernel_methods/estimator.mojo:62:
/root/mojolearn/decomposition/ported/linalg/detail/pca.mojo:561:19: warning: positional `__getitem__` is deprecated, use `unsafe_offset=` instead
                sh[2] = Float32(-1.0)
                ~~^~~
<unknown>:0: note: '__getitem__' declared here
Imported from /root/mojolearn/kernel_methods/mojo_only/km_check.mojo:112:
Imported from /root/mojolearn/kernel_methods/estimator.mojo:62:
/root/mojolearn/decomposition/ported/linalg/detail/pca.mojo:563:19: warning: positional `__getitem__` is deprecated, use `unsafe_offset=` instead
                sh[2] = Float32(1.0)
                ~~^~~
<unknown>:0: note: '__getitem__' declared here
Imported from /root/mojolearn/kernel_methods/mojo_only/km_check.mojo:112:
Imported from /root/mojolearn/kernel_methods/estimator.mojo:62:
/root/mojolearn/decomposition/ported/linalg/detail/pca.mojo:568:10: warning: positional `__getitem__` is deprecated, use `unsafe_offset=` instead
    if sh[2] < Float32(0.0):
       ~~^~~
<unknown>:0: note: '__getitem__' declared here
Imported from /root/mojolearn/kernel_methods/mojo_only/km_check.mojo:112:
Imported from /root/mojolearn/kernel_methods/estimator.mojo:62:
Imported from /root/mojolearn/decomposition/ported/linalg/detail/pca.mojo:236:
/root/mojolearn/core/pinned_reduce.mojo:177:8: warning: positional `__getitem__` is deprecated, use `unsafe_offset=` instead
    red[tid] = value
    ~~~^~~~~
<unknown>:0: note: '__getitem__' declared here
Imported from /root/mojolearn/kernel_methods/mojo_only/km_check.mojo:112:
Imported from /root/mojolearn/kernel_methods/estimator.mojo:62:
Imported from /root/mojolearn/decomposition/ported/linalg/detail/pca.mojo:236:
/root/mojolearn/core/pinned_reduce.mojo:182:28: warning: positional `__getitem__` is deprecated, use `unsafe_offset=` instead
            var other = red[tid + step]
                        ~~~^~~~~~~~~~~~
<unknown>:0: note: '__getitem__' declared here
Imported from /root/mojolearn/kernel_methods/mojo_only/km_check.mojo:112:
Imported from /root/mojolearn/kernel_methods/estimator.mojo:62:
Imported from /root/mojolearn/decomposition/ported/linalg/detail/pca.mojo:236:
/root/mojolearn/core/pinned_reduce.mojo:183:27: warning: positional `__getitem__` is deprecated, use `unsafe_offset=` instead
            if other > red[tid]:
                       ~~~^~~~~
<unknown>:0: note: '__getitem__' declared here
Imported from /root/mojolearn/kernel_methods/mojo_only/km_check.mojo:112:
Imported from /root/mojolearn/kernel_methods/estimator.mojo:62:
Imported from /root/mojolearn/decomposition/ported/linalg/detail/pca.mojo:236:
/root/mojolearn/core/pinned_reduce.mojo:184:20: warning: positional `__getitem__` is deprecated, use `unsafe_offset=` instead
                red[tid] = other
                ~~~^~~~~
<unknown>:0: note: '__getitem__' declared here
Imported from /root/mojolearn/kernel_methods/mojo_only/km_check.mojo:112:
Imported from /root/mojolearn/kernel_methods/estimator.mojo:62:
Imported from /root/mojolearn/decomposition/ported/linalg/detail/pca.mojo:236:
/root/mojolearn/core/pinned_reduce.mojo:187:20: warning: positional `__getitem__` is deprecated, use `unsafe_offset=` instead
    var total = red[0]
                ~~~^~~
<unknown>:0: note: '__getitem__' declared here
Imported from /root/mojolearn/kernel_methods/mojo_only/km_check.mojo:112:
Imported from /root/mojolearn/kernel_methods/estimator.mojo:62:
Imported from /root/mojolearn/decomposition/ported/linalg/detail/pca.mojo:236:
/root/mojolearn/core/pinned_reduce.mojo:206:8: warning: positional `__getitem__` is deprecated, use `unsafe_offset=` instead
    red[tid] = value
    ~~~^~~~~
<unknown>:0: note: '__getitem__' declared here
Imported from /root/mojolearn/kernel_methods/mojo_only/km_check.mojo:112:
Imported from /root/mojolearn/kernel_methods/estimator.mojo:62:
Imported from /root/mojolearn/decomposition/ported/linalg/detail/pca.mojo:236:
/root/mojolearn/core/pinned_reduce.mojo:211:28: warning: positional `__getitem__` is deprecated, use `unsafe_offset=` instead
            var other = red[tid + step]
                        ~~~^~~~~~~~~~~~
<unknown>:0: note: '__getitem__' declared here
Imported from /root/mojolearn/kernel_methods/mojo_only/km_check.mojo:112:
Imported from /root/mojolearn/kernel_methods/estimator.mojo:62:
Imported from /root/mojolearn/decomposition/ported/linalg/detail/pca.mojo:236:
/root/mojolearn/core/pinned_reduce.mojo:212:27: warning: positional `__getitem__` is deprecated, use `unsafe_offset=` instead
            if other < red[tid]:
                       ~~~^~~~~
<unknown>:0: note: '__getitem__' declared here
Imported from /root/mojolearn/kernel_methods/mojo_only/km_check.mojo:112:
Imported from /root/mojolearn/kernel_methods/estimator.mojo:62:
Imported from /root/mojolearn/decomposition/ported/linalg/detail/pca.mojo:236:
/root/mojolearn/core/pinned_reduce.mojo:213:20: warning: positional `__getitem__` is deprecated, use `unsafe_offset=` instead
                red[tid] = other
                ~~~^~~~~
<unknown>:0: note: '__getitem__' declared here
Imported from /root/mojolearn/kernel_methods/mojo_only/km_check.mojo:112:
Imported from /root/mojolearn/kernel_methods/estimator.mojo:62:
Imported from /root/mojolearn/decomposition/ported/linalg/detail/pca.mojo:236:
/root/mojolearn/core/pinned_reduce.mojo:216:20: warning: positional `__getitem__` is deprecated, use `unsafe_offset=` instead
    var total = red[0]
                ~~~^~~
<unknown>:0: note: '__getitem__' declared here
Imported from /root/mojolearn/kernel_methods/mojo_only/km_check.mojo:96:
Imported from /root/mojolearn/cholesky/mojo_only/cholesky_oracle.mojo:62:
/root/mojolearn/core/identity_trace.mojo:101:22: warning: 'UnsafePointer' is deprecated, use 'Pointer' instead
](seed: UInt64, ptr: UnsafePointer[UInt8, o], n: Int) -> UInt64:
                     ^~~~~~~~~~~~~
                     Pointer
<unknown>:0: note: 'UnsafePointer' declared here
Imported from /root/mojolearn/kernel_methods/mojo_only/km_check.mojo:100:
Imported from /root/mojolearn/cholesky/mojo_only/potrf.mojo:307:
/root/mojolearn/cholesky/mojo_only/chol_sabotage.mojo:207:13: warning: positional `__getitem__` is deprecated, use `unsafe_offset=` instead
        flag[0] = Int32(0)
        ~~~~^~~
<unknown>:0: note: '__getitem__' declared here
Imported from /root/mojolearn/kernel_methods/mojo_only/km_check.mojo:100:
Imported from /root/mojolearn/cholesky/mojo_only/potrf.mojo:307:
/root/mojolearn/cholesky/mojo_only/chol_sabotage.mojo:230:21: warning: positional `__getitem__` is deprecated, use `unsafe_offset=` instead
                flag[0] = Int32(1)
                ~~~~^~~
<unknown>:0: note: '__getitem__' declared here
Imported from /root/mojolearn/kernel_methods/mojo_only/km_check.mojo:100:
Imported from /root/mojolearn/cholesky/mojo_only/potrf.mojo:307:
/root/mojolearn/cholesky/mojo_only/chol_sabotage.mojo:237:16: warning: positional `__getitem__` is deprecated, use `unsafe_offset=` instead
        if flag[0] != Int32(0):
           ~~~~^~~
<unknown>:0: note: '__getitem__' declared here
Imported from /root/mojolearn/kernel_methods/mojo_only/km_check.mojo:112:
Imported from /root/mojolearn/kernel_methods/estimator.mojo:62:
Imported from /root/mojolearn/decomposition/ported/linalg/detail/pca.mojo:236:
/root/mojolearn/core/pinned_reduce.mojo:97:12: warning: positional `__getitem__` is deprecated, use `unsafe_offset=` instead
        red[tid] = value
        ~~~^~~~~
<unknown>:0: note: '__getitem__' declared here
Imported from /root/mojolearn/kernel_methods/mojo_only/km_check.mojo:112:
Imported from /root/mojolearn/kernel_methods/estimator.mojo:62:
Imported from /root/mojolearn/decomposition/ported/linalg/detail/pca.mojo:236:
/root/mojolearn/core/pinned_reduce.mojo:102:20: warning: positional `__getitem__` is deprecated, use `unsafe_offset=` instead
                red[tid] = red[tid] + red[tid + step]
                ~~~^~~~~
<unknown>:0: note: '__getitem__' declared here
Imported from /root/mojolearn/kernel_methods/mojo_only/km_check.mojo:112:
Imported from /root/mojolearn/kernel_methods/estimator.mojo:62:
Imported from /root/mojolearn/decomposition/ported/linalg/detail/pca.mojo:236:
/root/mojolearn/core/pinned_reduce.mojo:102:31: warning: positional `__getitem__` is deprecated, use `unsafe_offset=` instead
                red[tid] = red[tid] + red[tid + step]
                           ~~~^~~~~
<unknown>:0: note: '__getitem__' declared here
Imported from /root/mojolearn/kernel_methods/mojo_only/km_check.mojo:112:
Imported from /root/mojolearn/kernel_methods/estimator.mojo:62:
Imported from /root/mojolearn/decomposition/ported/linalg/detail/pca.mojo:236:
/root/mojolearn/core/pinned_reduce.mojo:102:42: warning: positional `__getitem__` is deprecated, use `unsafe_offset=` instead
                red[tid] = red[tid] + red[tid + step]
                                      ~~~^~~~~~~~~~~~
<unknown>:0: note: '__getitem__' declared here
Imported from /root/mojolearn/kernel_methods/mojo_only/km_check.mojo:112:
Imported from /root/mojolearn/kernel_methods/estimator.mojo:62:
Imported from /root/mojolearn/decomposition/ported/linalg/detail/pca.mojo:236:
/root/mojolearn/core/pinned_reduce.mojo:105:24: warning: positional `__getitem__` is deprecated, use `unsafe_offset=` instead
        var total = red[0]
                    ~~~^~~
<unknown>:0: note: '__getitem__' declared here
Imported from /root/mojolearn/kernel_methods/mojo_only/km_check.mojo:100:
/root/mojolearn/cholesky/mojo_only/potrf.mojo:662:13: warning: positional `__getitem__` is deprecated, use `unsafe_offset=` instead
        flag[0] = Int32(0)
        ~~~~^~~
<unknown>:0: note: '__getitem__' declared here
Imported from /root/mojolearn/kernel_methods/mojo_only/km_check.mojo:100:
/root/mojolearn/cholesky/mojo_only/potrf.mojo:678:21: warning: positional `__getitem__` is deprecated, use `unsafe_offset=` instead
                flag[0] = Int32(1)
                ~~~~^~~
<unknown>:0: note: '__getitem__' declared here
Imported from /root/mojolearn/kernel_methods/mojo_only/km_check.mojo:100:
/root/mojolearn/cholesky/mojo_only/potrf.mojo:682:16: warning: positional `__getitem__` is deprecated, use `unsafe_offset=` instead
        if flag[0] != Int32(0):
           ~~~~^~~
<unknown>:0: note: '__getitem__' declared here
Included from /root/mojolearn/kernel_methods/mojo_only/km_check.mojo:143:
Included from /root/mojolearn/kernel_methods/mojo_only/km_oracle.mojo:50:
/root/mojolearn/decomposition/mojo_only/jacobi_eigh.mojo:85:25: warning: assignment to 't' was never used; assign to '_' instead?
                var t = 0.0
                        ^
Included from /root/mojolearn/kernel_methods/mojo_only/km_check.mojo:112:
Included from /root/mojolearn/kernel_methods/estimator.mojo:58:
/root/mojolearn/decomposition/mojo_only/jacobi_eigh_device.mojo:474:40: warning: assignment to 't' was never used; assign to '_' instead?
                        var t = Float32(0.0)
                                       ^
== kernel_methods/mojo_only/km_check.mojo [FAST] 5 fixtures, 5 kernels, 13 sabotage arms ==
check_km_kind_bytes_are_disjoint OK [FAST]: this lane's 3 Philox kind bytes (17, 18, 19) are pairwise distinct and disjoint from resample/'s 3 (1, 2, 3), so the shared FNV-derived key namespace carries no correlated streams
check_km_refusals OK [FAST]: 17 refusals fired BY NAME (unsupported kernel, precomputed, gamma <= 0, degree out of range, NaN and infinity in X, a negative alpha, n_components <= 0 and > n_samples, the basis pool bound, RBFSampler's n_components and gamma, primal weights on a non-linear kernel) and 8 legal cases were ACCEPTED, so the validator is not simply always raising
check_ortho_fixture_is_exact OK [FAST]: 8 rows with disjoint 4-wide supports, a diagonal linear Gram with entries 4^(a+1) in {4, 16} (four-way ties in each), and y = X w reproduced bit for bit by an independent host product
check_ortho_fixture_is_exact OK [FAST]: 8 rows with disjoint 4-wide supports, a diagonal linear Gram with entries 4^(a+1) in {4, 16} (four-way ties in each), and y = X w reproduced bit for bit by an independent host product
check_ortho_fixture_is_exact OK [FAST]: 8 rows with disjoint 4-wide supports, a diagonal linear Gram with entries 4^(a+1) in {4, 16} (four-way ties in each), and y = X w reproduced bit for bit by an independent host product
check_ortho_fixture_is_exact OK [FAST]: 8 rows with disjoint 4-wide supports, a diagonal linear Gram with entries 4^(a+1) in {4, 16} (four-way ties in each), and y = X w reproduced bit for bit by an independent host product
check_ortho_fixture_is_exact OK [FAST]: 8 rows with disjoint 4-wide supports, a diagonal linear Gram with entries 4^(a+1) in {4, 16} (four-way ties in each), and y = X w reproduced bit for bit by an independent host product
check_ortho_fixture_is_exact OK [FAST]: 8 rows with disjoint 4-wide supports, a diagonal linear Gram with entries 4^(a+1) in {4, 16} (four-way ties in each), and y = X w reproduced bit for bit by an independent host product
check_ortho_fixture_is_exact OK [FAST]: 8 rows with disjoint 4-wide supports, a diagonal linear Gram with entries 4^(a+1) in {4, 16} (four-way ties in each), and y = X w reproduced bit for bit by an independent host product
check_ortho_fixture_is_exact OK [FAST]: 8 rows with disjoint 4-wide supports, a diagonal linear Gram with entries 4^(a+1) in {4, 16} (four-way ties in each), and y = X w reproduced bit for bit by an independent host product
check_nystroem_full_equals_exact_kernel OK [FAST]: at q = n the embedding's Gram equals the exact kernel matrix BIT FOR BIT on FIX_KM_ORTHO (64 cells, both modes), and the whole pipeline is bit-identical across two launch geometries on all 5 fixtures
    REPORT RBF rbf q=n=16: worst |Phi Phi^T - K| = 1.430511474609375e-06, worst |eigenvalue - float64| = 4.853548208672009e-06, worst |normalization - float64| = 9.355170863630516, worst |embedding - float64| = 0.7617667095093537, jacobi sweeps 6
    REPORT DUP rbf q=n=12: worst |Phi Phi^T - K| = 0.028415322303771973, worst |eigenvalue - float64| = 1.2382819916112453e-06, worst |normalization - float64| = 500000.326179054, worst |embedding - float64| = 1.0324314707732196, jacobi sweeps 6
    REPORT SIGNED rbf q=n=8: worst |Phi Phi^T - K| = 4.172325134277344e-07, worst |eigenvalue - float64| = 2.6822090154476896e-07, worst |normalization - float64| = 2.2089673223923967e-07, worst |embedding - float64| = 0.6272715355176541, jacobi sweeps 1
    REPORT MIXED rbf q=n=16: worst |Phi Phi^T - K| = 2.9802322387695313e-06, worst |eigenvalue - float64| = 3.55817546560111e-06, worst |normalization - float64| = 0.43690550982914533, worst |embedding - float64| = 0.9988699980628898, jacobi sweeps 6
check_kernel_ridge_planted_linear OK [FAST]: on FIX_KM_ORTHO at alpha = 0 the 8 dual coefficients, the 8 training predictions and all 32 PRIMAL weights equal their hand-derived values BIT FOR BIT, and target 0 of a 3-target fit is bit-identical to the 1-target fit
check_kernel_matrix_vs_oracle OK [FAST]: 50 matrices compared as REPORTS (FAST makes no bit claim; the bitwise arm runs under tools/with_identical_mode.sh)
    REPORT worst |device - float64 unexpanded kernel| = 2.9563078328465053e-05 across 5 kernels x 5 fixtures (DEVIATION 1666: the device RBF is cuVS's EXPANDED form and the reference is the unexpanded one, so this number is the expansion's cancellation and not a defect)
    REPORT worst |K_ii - 1| on the correlation kernels (rbf, laplacian) = 0.0 -- mathematically exactly 0; anything above it is the expansion, and it is why DEVIATION 1660's unit-diagonal argument is about the MATHEMATICAL diagonal
check_kernel_ridge_vs_oracle OK [FAST]: bitwise arm SKIPPED under FAST by design
    REPORT worst |float32 dual - float64 dual| = 4.975297477560758e-06 over the SAME float32 ridged kernel matrix, so it is the SOLVER's float32 cost alone and not the kernel's (DEVIATION 1661: cuML widens to float64 before posv and this column cannot)
check_eigen_sign_is_pinned OK [FAST]: the convention holds on all 30 eigenvector columns of 5 fixtures; negating X moves no bit; KMSAB_NO_SIGN_FLIP flips 2 columns on ORTHO; and DEVIATION 1668's asymmetry HOLDS -- the normalization and the embedding are bit-identical with and without the flip, because (-a)(-b) == ab exactly
check_nystroem_basis_prefix_stability OK [FAST]: 42 basis entries agree across q = 2, 4, 12 and 24, and the q == n sample is a bijection (every row exactly once)
  RF weights REPORT [FAST]: device and host map first differ at flat index 1 (device 0xbea7c78f, host 0xbea7c78c). EXPECTED under FAST: Box-Muller's log, sqrt and cos are the vendor's on the device and the host's on the host. Asserted under IDENTICAL.
check_random_features_prefix_stability OK [FAST]: 1040 weight cells and their offsets agree across n_components 1, 64, 65 and 256 (the ODD width included, because one Box-Muller pair serves two components) and across n_features 8 and 16; and the device weights equal the host map bit for bit
check_boxmuller_guard OK [FAST]: the UNGUARDED RAFT transform at u1 = +0.0 is non-finite (0xff800000), the guard substitutes 2^-24 for BOTH zeros, the guarded transform is finite (0xc0b89456), and the guard is inert on all 4096 other draws tested. DEVIATION 1676
check_rbf_sampler_vs_oracle OK [FAST]: bitwise arm SKIPPED under FAST by design
    REPORT ORTHO worst |device - float32 replay| = 6.556510925292969e-07
    REPORT RBF worst |device - float32 replay| = 3.948807716369629e-07
    REPORT DUP worst |device - float32 replay| = 5.168840289115906e-07
    REPORT SIGNED worst |device - float32 replay| = 2.1606683731079102e-07
    REPORT MIXED worst |device - float32 replay| = 4.991888999938965e-07
check_rbf_sampler_approximates_kernel OK [FAST]: REPORT -- the Monte Carlo error is printed and NOT asserted, because it is a random variable with an O(1/sqrt(D)) scale; the only assertion is that every estimate is finite
    REPORT D = 64: worst |z(x_i).z(x_j) - exp(-gamma |x_i - x_j|^2)| = 0.24627815888825655
    REPORT D = 256: worst |z(x_i).z(x_j) - exp(-gamma |x_i - x_j|^2)| = 0.15074534992902872
    REPORT D = 1024: worst |z(x_i).z(x_j) - exp(-gamma |x_i - x_j|^2)| = 0.08562682712656794
check_launch_invariance OK [FAST]: on all 5 fixtures the dual coefficients, the Nystroem embedding, the random weights and the feature map are byte-identical across two threads-per-block choices at every kernel, and one query row transformed ALONE equals the same row inside a batch for all three estimators
  signed-zero RECORDED [FAST]: the planted -0.0 at row 5 target 2 does NOT survive into the dual coefficients, and cannot: each dual cell is a sum over every row, and -0.0 + a == a annihilates the sign at the first nonzero addend. The reachable signed-zero gates are the ones upstream of the solve, and they are asserted.
check_signed_zero_reach OK [FAST]: 7 negative zeros planted in X are ERASED by the kernel matrix (0 survive, which is what the +0.0-seeded fold requires), and 0 negative zeros DO reach the dual coefficients, where the device and the float32 replay agree by SIGN BIT. IDENTITY_PATHS row 39
check_km_sabotage_copies_agree OK [FAST]: 25 kernel matrices computed through km_sabotage.mojo's COPIES with no arm engaged are bit-identical to the production kernels, including the copy of svm/'s RBF epilogue that this lane cannot edit and cannot otherwise notice drifting
check_card_is_emitted OK [FAST]: 27 stages emitted in order across one kernel-ridge fit and predict, one Nystroem fit and transform, and one RBFSampler fit and transform; two runs produce an IDENTICAL card
  RECORDED  STD_TRANSCENDENTAL (rbf): 0 cells moved on all 5 fixtures. EXPECTED under FAST, where identical_exp IS the vendor exp so the arm swaps a call for itself. Asserted under IDENTICAL.
stack trace was not collected. Enable stack trace collection with environment variable `MODULAR_DEBUG=stack-trace-on-error`
Unhandled exception caught during execution: check_km_sabotages FAILED: POLY_VIA_POW moved NO bit on ANY of the 5 fixtures, at the polynomial kernel. A sabotage that cannot fail is a gate that is not gating; either the arm is unreached or the check it targets is blind
/root/mojolearn/.pixi/envs/default/bin/mojo: error: execution exited with a non-zero result: 1
