24796 external/tcmalloc+/tcmalloc/internal/system_allocator.h:713] Warning: Unable to mbind memory (errno=1, base=0x5af140000000, nodemask=2)
KNN_REF_HEADER mode IDENTICAL column nvidia index 400000 queries 4000 features 32 k 15 rounds 3 fixture dyadic-v1 selector 1 transpose 1 register_tile 1 index_tile 65536
KNN_PHASE_TIMERS transpose_ms 0.119088
KNN_PHASE_TIMERS distance_ms 19.329653 select_ms 24.433873 merge_ms 0.824412 distance_launches 112 select_launches 112 merge_launches 96 query_tile 256 index_tile 65536 n_queries 4000 n_index 400000 k 15
KNN_REF_WARMUP request 0 48.214257
KNN_PHASE_TIMERS transpose_ms 0.107831
KNN_PHASE_TIMERS distance_ms 19.247248 select_ms 24.372356 merge_ms 0.785377 distance_launches 112 select_launches 112 merge_launches 96 query_tile 256 index_tile 65536 n_queries 4000 n_index 400000 k 15
KNN_REF_WARMUP request 1 47.058519
KNN_PHASE_TIMERS transpose_ms 0.10696
KNN_PHASE_TIMERS distance_ms 19.154814 select_ms 24.373859 merge_ms 0.784854 distance_launches 112 select_launches 112 merge_launches 96 query_tile 256 index_tile 65536 n_queries 4000 n_index 400000 k 15
KNN_REF_ROUND request 1 46.960964
KNN_PHASE_TIMERS transpose_ms 0.10699
KNN_PHASE_TIMERS distance_ms 19.309368 select_ms 24.689245 merge_ms 0.807052 distance_launches 112 select_launches 112 merge_launches 96 query_tile 256 index_tile 65536 n_queries 4000 n_index 400000 k 15
KNN_REF_ROUND request 2 47.455623
KNN_PHASE_TIMERS transpose_ms 0.106649
KNN_PHASE_TIMERS distance_ms 19.213578 select_ms 24.571309 merge_ms 0.783216 distance_launches 112 select_launches 112 merge_launches 96 query_tile 256 index_tile 65536 n_queries 4000 n_index 400000 k 15
KNN_REF_ROUND request 3 47.204357
KNN_PHASE_TIMERS norms_ms 0.231166
KNN_PHASE_TIMERS transpose_ms 0.10729
KNN_PHASE_TIMERS distance_ms 19.22569 select_ms 24.53306 merge_ms 0.785885 distance_launches 112 select_launches 112 merge_launches 96 query_tile 256 index_tile 65536 n_queries 4000 n_index 400000 k 15
KNN_REF_WARMUP device 0 44.969897
KNN_PHASE_TIMERS norms_ms 0.225758
KNN_PHASE_TIMERS transpose_ms 0.107251
KNN_PHASE_TIMERS distance_ms 19.275693 select_ms 24.706287 merge_ms 0.779542 distance_launches 112 select_launches 112 merge_launches 96 query_tile 256 index_tile 65536 n_queries 4000 n_index 400000 k 15
KNN_REF_WARMUP device 1 45.160452
KNN_PHASE_TIMERS norms_ms 0.225827
KNN_PHASE_TIMERS transpose_ms 0.11363
KNN_PHASE_TIMERS distance_ms 19.342293 select_ms 24.720326 merge_ms 0.768151 distance_launches 112 select_launches 112 merge_launches 96 query_tile 256 index_tile 65536 n_queries 4000 n_index 400000 k 15
KNN_REF_ROUND device 1 45.237627
KNN_PHASE_TIMERS norms_ms 0.229223
KNN_PHASE_TIMERS transpose_ms 0.108122
KNN_PHASE_TIMERS distance_ms 19.370731 select_ms 24.885588 merge_ms 0.788903 distance_launches 112 select_launches 112 merge_launches 96 query_tile 256 index_tile 65536 n_queries 4000 n_index 400000 k 15
KNN_REF_ROUND device 2 45.45339
KNN_PHASE_TIMERS norms_ms 0.226939
KNN_PHASE_TIMERS transpose_ms 0.106609
KNN_PHASE_TIMERS distance_ms 19.299005 select_ms 24.698579 merge_ms 0.793597 distance_launches 112 select_launches 112 merge_launches 96 query_tile 256 index_tile 65536 n_queries 4000 n_index 400000 k 15
KNN_REF_ROUND device 3 45.194522
KNN_REF_DEVICE_VS_REQUEST mismatched_cells 0
KNN_REF_FINGERPRINT index_fnv1a64 16146695062279770847 distance_bits_xor 3272156
KNN_REF_ROW0 0 147075 1075752738
KNN_REF_ROW0 1 347872 1075802578
KNN_REF_ROW0 2 280582 1075899932
KNN_REF_ROW0 3 255546 1076098936
KNN_REF_ROW0 4 158380 1076157127
KNN_REF_ROW0 5 151319 1076280807
KNN_REF_ROW0 6 252972 1076309764
KNN_REF_ROW0 7 194725 1076394742
KNN_REF_ROW0 8 125716 1076423977
KNN_REF_ROW0 9 351008 1076424580
KNN_REF_ROW0 10 322815 1076439373
KNN_REF_ROW0 11 301998 1076456634
KNN_REF_ROW0 12 77158 1076475919
KNN_REF_ROW0 13 158980 1076482935
KNN_REF_ROW0 14 335466 1076512547
KNN_REF_RESULT index 400000 queries 4000 k 15 features 32 request_median_ms 47.204357 device_median_ms 45.237627 rounds 3 query_tile 256 index_tile 65536
KNN REFERENCE PRICE PASS
