24401 external/tcmalloc+/tcmalloc/internal/system_allocator.h:713] Warning: Unable to mbind memory (errno=1, base=0x5235c0000000, nodemask=1)
KNN_REF_HEADER mode IDENTICAL column nvidia index 400000 queries 1000 features 32 k 10 rounds 3 fixture dyadic-v1 selector 1 transpose 1 register_tile 1 index_tile 65536
KNN_PHASE_TIMERS transpose_ms 0.134621
KNN_PHASE_TIMERS distance_ms 4.994473 select_ms 6.02239 merge_ms 0.267058 distance_launches 28 select_launches 28 merge_launches 24 query_tile 256 index_tile 65536 n_queries 1000 n_index 400000 k 10
KNN_REF_WARMUP request 0 17.030429
KNN_PHASE_TIMERS transpose_ms 0.106859
KNN_PHASE_TIMERS distance_ms 4.849579 select_ms 5.754341 merge_ms 0.219182 distance_launches 28 select_launches 28 merge_launches 24 query_tile 256 index_tile 65536 n_queries 1000 n_index 400000 k 10
KNN_REF_WARMUP request 1 13.341365
KNN_PHASE_TIMERS transpose_ms 0.106709
KNN_PHASE_TIMERS distance_ms 4.830534 select_ms 5.75345 merge_ms 0.219347 distance_launches 28 select_launches 28 merge_launches 24 query_tile 256 index_tile 65536 n_queries 1000 n_index 400000 k 10
KNN_REF_ROUND request 1 13.260283
KNN_PHASE_TIMERS transpose_ms 0.107711
KNN_PHASE_TIMERS distance_ms 4.849202 select_ms 5.750016 merge_ms 0.217383 distance_launches 28 select_launches 28 merge_launches 24 query_tile 256 index_tile 65536 n_queries 1000 n_index 400000 k 10
KNN_REF_ROUND request 2 13.241384
KNN_PHASE_TIMERS transpose_ms 0.105608
KNN_PHASE_TIMERS distance_ms 4.845264 select_ms 5.752316 merge_ms 0.213272 distance_launches 28 select_launches 28 merge_launches 24 query_tile 256 index_tile 65536 n_queries 1000 n_index 400000 k 10
KNN_REF_ROUND request 3 13.180173
KNN_PHASE_TIMERS norms_ms 0.226418
KNN_PHASE_TIMERS transpose_ms 0.107761
KNN_PHASE_TIMERS distance_ms 4.841315 select_ms 5.754973 merge_ms 0.210384 distance_launches 28 select_launches 28 merge_launches 24 query_tile 256 index_tile 65536 n_queries 1000 n_index 400000 k 10
KNN_REF_WARMUP device 0 11.182807
KNN_PHASE_TIMERS norms_ms 0.223874
KNN_PHASE_TIMERS transpose_ms 0.106099
KNN_PHASE_TIMERS distance_ms 4.821796 select_ms 5.763997 merge_ms 0.212286 distance_launches 28 select_launches 28 merge_launches 24 query_tile 256 index_tile 65536 n_queries 1000 n_index 400000 k 10
KNN_REF_WARMUP device 1 11.159492
KNN_PHASE_TIMERS norms_ms 0.223364
KNN_PHASE_TIMERS transpose_ms 0.105578
KNN_PHASE_TIMERS distance_ms 4.833383 select_ms 5.755809 merge_ms 0.213039 distance_launches 28 select_launches 28 merge_launches 24 query_tile 256 index_tile 65536 n_queries 1000 n_index 400000 k 10
KNN_REF_ROUND device 1 11.169188
KNN_PHASE_TIMERS norms_ms 0.223655
KNN_PHASE_TIMERS transpose_ms 0.10708
KNN_PHASE_TIMERS distance_ms 4.828136 select_ms 5.751295 merge_ms 0.220407 distance_launches 28 select_launches 28 merge_launches 24 query_tile 256 index_tile 65536 n_queries 1000 n_index 400000 k 10
KNN_REF_ROUND device 2 11.16408
KNN_PHASE_TIMERS norms_ms 0.223274
KNN_PHASE_TIMERS transpose_ms 0.10648
KNN_PHASE_TIMERS distance_ms 4.966808 select_ms 5.767112 merge_ms 0.219196 distance_launches 28 select_launches 28 merge_launches 24 query_tile 256 index_tile 65536 n_queries 1000 n_index 400000 k 10
KNN_REF_ROUND device 3 11.320263
KNN_REF_DEVICE_VS_REQUEST mismatched_cells 0
KNN_REF_FINGERPRINT index_fnv1a64 6803946803660527783 distance_bits_xor 4421672
KNN_REF_ROW0 0 147075 1075752738
KNN_REF_ROW0 1 347872 1075802578
KNN_REF_ROW0 2 280582 1075899932
KNN_REF_ROW0 3 255546 1076098936
KNN_REF_ROW0 4 158380 1076157127
KNN_REF_ROW0 5 151319 1076280807
KNN_REF_ROW0 6 252972 1076309764
KNN_REF_ROW0 7 194725 1076394742
KNN_REF_ROW0 8 125716 1076423977
KNN_REF_ROW0 9 351008 1076424580
KNN_REF_RESULT index 400000 queries 1000 k 10 features 32 request_median_ms 13.241384 device_median_ms 11.169188 rounds 3 query_tile 256 index_tile 65536
KNN REFERENCE PRICE PASS
