24532 external/tcmalloc+/tcmalloc/internal/system_allocator.h:713] Warning: Unable to mbind memory (errno=1, base=0x5b7880000000, nodemask=2)
KNN_REF_HEADER mode IDENTICAL column nvidia index 400000 queries 1000 features 32 k 15 rounds 3 fixture dyadic-v1 selector 1 transpose 1 register_tile 1 index_tile 65536
KNN_PHASE_TIMERS transpose_ms 0.118807
KNN_PHASE_TIMERS distance_ms 4.925634 select_ms 6.30776 merge_ms 0.24761 distance_launches 28 select_launches 28 merge_launches 24 query_tile 256 index_tile 65536 n_queries 1000 n_index 400000 k 15
KNN_REF_WARMUP request 0 17.110229
KNN_PHASE_TIMERS transpose_ms 0.104156
KNN_PHASE_TIMERS distance_ms 4.781548 select_ms 6.054031 merge_ms 0.18772 distance_launches 28 select_launches 28 merge_launches 24 query_tile 256 index_tile 65536 n_queries 1000 n_index 400000 k 15
KNN_REF_WARMUP request 1 13.442575
KNN_PHASE_TIMERS transpose_ms 0.103805
KNN_PHASE_TIMERS distance_ms 4.803834 select_ms 6.060759 merge_ms 0.192256 distance_launches 28 select_launches 28 merge_launches 24 query_tile 256 index_tile 65536 n_queries 1000 n_index 400000 k 15
KNN_REF_ROUND request 1 13.432191
KNN_PHASE_TIMERS transpose_ms 0.104757
KNN_PHASE_TIMERS distance_ms 4.808777 select_ms 6.072486 merge_ms 0.196145 distance_launches 28 select_launches 28 merge_launches 24 query_tile 256 index_tile 65536 n_queries 1000 n_index 400000 k 15
KNN_REF_ROUND request 2 13.442095
KNN_PHASE_TIMERS transpose_ms 0.104155
KNN_PHASE_TIMERS distance_ms 4.81352 select_ms 6.06964 merge_ms 0.205936 distance_launches 28 select_launches 28 merge_launches 24 query_tile 256 index_tile 65536 n_queries 1000 n_index 400000 k 15
KNN_REF_ROUND request 3 13.47249
KNN_PHASE_TIMERS norms_ms 0.224055
KNN_PHASE_TIMERS transpose_ms 0.108051
KNN_PHASE_TIMERS distance_ms 4.793141 select_ms 6.064248 merge_ms 0.193679 distance_launches 28 select_launches 28 merge_launches 24 query_tile 256 index_tile 65536 n_queries 1000 n_index 400000 k 15
KNN_REF_WARMUP device 0 11.424579
KNN_PHASE_TIMERS norms_ms 0.222393
KNN_PHASE_TIMERS transpose_ms 0.104736
KNN_PHASE_TIMERS distance_ms 4.77459 select_ms 6.065051 merge_ms 0.200599 distance_launches 28 select_launches 28 merge_launches 24 query_tile 256 index_tile 65536 n_queries 1000 n_index 400000 k 15
KNN_REF_WARMUP device 1 11.402556
KNN_PHASE_TIMERS norms_ms 0.222272
KNN_PHASE_TIMERS transpose_ms 0.104737
KNN_PHASE_TIMERS distance_ms 4.790845 select_ms 6.06153 merge_ms 0.191689 distance_launches 28 select_launches 28 merge_launches 24 query_tile 256 index_tile 65536 n_queries 1000 n_index 400000 k 15
KNN_REF_ROUND device 1 11.402566
KNN_PHASE_TIMERS norms_ms 0.222853
KNN_PHASE_TIMERS transpose_ms 0.105187
KNN_PHASE_TIMERS distance_ms 4.834265 select_ms 6.114281 merge_ms 0.198136 distance_launches 28 select_launches 28 merge_launches 24 query_tile 256 index_tile 65536 n_queries 1000 n_index 400000 k 15
KNN_REF_ROUND device 2 11.515324
KNN_PHASE_TIMERS norms_ms 0.223314
KNN_PHASE_TIMERS transpose_ms 0.105858
KNN_PHASE_TIMERS distance_ms 4.824734 select_ms 6.124565 merge_ms 0.191014 distance_launches 28 select_launches 28 merge_launches 24 query_tile 256 index_tile 65536 n_queries 1000 n_index 400000 k 15
KNN_REF_ROUND device 3 11.509847
KNN_REF_DEVICE_VS_REQUEST mismatched_cells 0
KNN_REF_FINGERPRINT index_fnv1a64 5643698026854991359 distance_bits_xor 6459679
KNN_REF_ROW0 0 147075 1075752738
KNN_REF_ROW0 1 347872 1075802578
KNN_REF_ROW0 2 280582 1075899932
KNN_REF_ROW0 3 255546 1076098936
KNN_REF_ROW0 4 158380 1076157127
KNN_REF_ROW0 5 151319 1076280807
KNN_REF_ROW0 6 252972 1076309764
KNN_REF_ROW0 7 194725 1076394742
KNN_REF_ROW0 8 125716 1076423977
KNN_REF_ROW0 9 351008 1076424580
KNN_REF_ROW0 10 322815 1076439373
KNN_REF_ROW0 11 301998 1076456634
KNN_REF_ROW0 12 77158 1076475919
KNN_REF_ROW0 13 158980 1076482935
KNN_REF_ROW0 14 335466 1076512547
KNN_REF_RESULT index 400000 queries 1000 k 15 features 32 request_median_ms 13.442095 device_median_ms 11.509847 rounds 3 query_tile 256 index_tile 65536
KNN REFERENCE PRICE PASS
