FSPEED-HEADER family=seq lane=selective_scan arm=torch mode=FAST device=NVIDIA_H100_80GB_HBM3 rounds=5 size=shipped
FSPEED-NOTE lane=selective_scan arm=torch build=CUDA 12.4 torch=2.4.1+cu124 tf32_switches=cuda.matmul.allow_tf32,cudnn.allow_tf32 deterministic=off
FSPEED-WEIGHTS lane=selective_scan shape=lane.b2_l4_d8 tensor=norm.weight n=8 hash=82d54a938d591baf
FSPEED-WEIGHTS lane=selective_scan shape=lane.b2_l4_d8 tensor=in_proj.weight n=256 hash=f22fc6a25b5a0910
FSPEED-WEIGHTS lane=selective_scan shape=lane.b2_l4_d8 tensor=conv1d.weight n=64 hash=90cc6f6dd561f6e4
FSPEED-WEIGHTS lane=selective_scan shape=lane.b2_l4_d8 tensor=conv1d.bias n=16 hash=edb3d28d0d124257
FSPEED-WEIGHTS lane=selective_scan shape=lane.b2_l4_d8 tensor=x_proj.weight n=528 hash=7e44686404574eaf
FSPEED-WEIGHTS lane=selective_scan shape=lane.b2_l4_d8 tensor=dt_proj.weight n=16 hash=6c1b908f90a2f0e4
FSPEED-WEIGHTS lane=selective_scan shape=lane.b2_l4_d8 tensor=dt_proj.bias n=16 hash=b95295e1de8ff21f
FSPEED-WEIGHTS lane=selective_scan shape=lane.b2_l4_d8 tensor=A_log n=256 hash=3075ef7a49146f3c
FSPEED-WEIGHTS lane=selective_scan shape=lane.b2_l4_d8 tensor=D n=16 hash=0b155ba1ec3dd1e0
FSPEED-WEIGHTS lane=selective_scan shape=lane.b2_l4_d8 tensor=out_proj.weight n=128 hash=bbf7e7dac9bfaacc
FSPEED-WEIGHTS lane=selective_scan shape=lane.b2_l4_d8 tensor=x n=64 hash=8ee57faefcc7733d
FSPEED-REFUSED lane=selective_scan arm=mamba-ssm-cuda reason=mamba_ssm is not importable (No module named 'mamba_ssm'). The only opponent left is the PURE-PYTORCH sequential reference scan, which is NOT what anyone deploys.
FSPEED-WARMUP lane=selective_scan arm=torch-ref-scan-gpu shape=lane.b2_l4_d8 ms=0.346323
FSPEED lane=selective_scan arm=torch-ref-scan-gpu shape=lane.b2_l4_d8 round=1 ms=0.336315 hash=1109a9d621ae1ff1
FSPEED lane=selective_scan arm=torch-ref-scan-gpu shape=lane.b2_l4_d8 round=2 ms=0.402918 hash=1109a9d621ae1ff1
FSPEED lane=selective_scan arm=torch-ref-scan-gpu shape=lane.b2_l4_d8 round=3 ms=0.354206 hash=1109a9d621ae1ff1
FSPEED lane=selective_scan arm=torch-ref-scan-gpu shape=lane.b2_l4_d8 round=4 ms=0.340182 hash=1109a9d621ae1ff1
FSPEED lane=selective_scan arm=torch-ref-scan-gpu shape=lane.b2_l4_d8 round=5 ms=0.339745 hash=1109a9d621ae1ff1
FSPEED-NOTE lane=selective_scan arm=torch-ref-scan-gpu output witness shape=lane.b2_l4_d8 n=128 hash=1109a9d621ae1ff1
FSPEED-WARMUP lane=selective_scan arm=torch-ref-scan-gpu-tf32 shape=lane.b2_l4_d8 ms=0.340287
FSPEED lane=selective_scan arm=torch-ref-scan-gpu-tf32 shape=lane.b2_l4_d8 round=1 ms=0.337040 hash=f3cb0e7ca459e9e8
FSPEED lane=selective_scan arm=torch-ref-scan-gpu-tf32 shape=lane.b2_l4_d8 round=2 ms=0.346353 hash=f3cb0e7ca459e9e8
FSPEED lane=selective_scan arm=torch-ref-scan-gpu-tf32 shape=lane.b2_l4_d8 round=3 ms=0.335801 hash=f3cb0e7ca459e9e8
FSPEED lane=selective_scan arm=torch-ref-scan-gpu-tf32 shape=lane.b2_l4_d8 round=4 ms=0.327297 hash=f3cb0e7ca459e9e8
FSPEED lane=selective_scan arm=torch-ref-scan-gpu-tf32 shape=lane.b2_l4_d8 round=5 ms=0.330837 hash=f3cb0e7ca459e9e8
FSPEED-NOTE lane=selective_scan arm=torch-ref-scan-gpu-tf32 output witness shape=lane.b2_l4_d8 n=128 hash=f3cb0e7ca459e9e8
FSPEED-AGREE lane=selective_scan max_abs_diff=4.61005e-05 max_rel_diff=0.0227862 n=128
FSPEED-WEIGHTS lane=selective_scan shape=mamba130m.prefill.t1 tensor=norm.weight n=768 hash=935bef95533ae1ec
FSPEED-WEIGHTS lane=selective_scan shape=mamba130m.prefill.t1 tensor=in_proj.weight n=2359296 hash=3b23ea144a46a005
FSPEED-WEIGHTS lane=selective_scan shape=mamba130m.prefill.t1 tensor=conv1d.weight n=6144 hash=35f623af5f3ba70e
FSPEED-WEIGHTS lane=selective_scan shape=mamba130m.prefill.t1 tensor=conv1d.bias n=1536 hash=90da985da6eb43d3
FSPEED-WEIGHTS lane=selective_scan shape=mamba130m.prefill.t1 tensor=x_proj.weight n=122880 hash=5f14325f2227fe36
FSPEED-WEIGHTS lane=selective_scan shape=mamba130m.prefill.t1 tensor=dt_proj.weight n=73728 hash=dd4c6a116a702514
FSPEED-WEIGHTS lane=selective_scan shape=mamba130m.prefill.t1 tensor=dt_proj.bias n=1536 hash=d9646bbf3578e7e5
FSPEED-WEIGHTS lane=selective_scan shape=mamba130m.prefill.t1 tensor=A_log n=24576 hash=60f6da4a1075bf66
FSPEED-WEIGHTS lane=selective_scan shape=mamba130m.prefill.t1 tensor=D n=1536 hash=98eff32333cba8fb
FSPEED-WEIGHTS lane=selective_scan shape=mamba130m.prefill.t1 tensor=out_proj.weight n=1179648 hash=056439617b9552d1
FSPEED-WEIGHTS lane=selective_scan shape=mamba130m.prefill.t1 tensor=x n=768 hash=9628d92b7a03fefa
FSPEED-REFUSED lane=selective_scan arm=mamba-ssm-cuda reason=mamba_ssm is not importable (No module named 'mamba_ssm'). The only opponent left is the PURE-PYTORCH sequential reference scan, which is NOT what anyone deploys.
FSPEED-WARMUP lane=selective_scan arm=torch-ref-scan-gpu shape=mamba130m.prefill.t1 ms=0.179237
FSPEED lane=selective_scan arm=torch-ref-scan-gpu shape=mamba130m.prefill.t1 round=1 ms=0.174565 hash=6ab7df9710724e0a
FSPEED lane=selective_scan arm=torch-ref-scan-gpu shape=mamba130m.prefill.t1 round=2 ms=0.191579 hash=6ab7df9710724e0a
FSPEED lane=selective_scan arm=torch-ref-scan-gpu shape=mamba130m.prefill.t1 round=3 ms=0.184655 hash=6ab7df9710724e0a
FSPEED lane=selective_scan arm=torch-ref-scan-gpu shape=mamba130m.prefill.t1 round=4 ms=0.182809 hash=6ab7df9710724e0a
FSPEED lane=selective_scan arm=torch-ref-scan-gpu shape=mamba130m.prefill.t1 round=5 ms=0.180384 hash=6ab7df9710724e0a
FSPEED-NOTE lane=selective_scan arm=torch-ref-scan-gpu output witness shape=mamba130m.prefill.t1 n=1536 hash=6ab7df9710724e0a
FSPEED-WARMUP lane=selective_scan arm=torch-ref-scan-gpu-tf32 shape=mamba130m.prefill.t1 ms=0.170365
FSPEED lane=selective_scan arm=torch-ref-scan-gpu-tf32 shape=mamba130m.prefill.t1 round=1 ms=0.171993 hash=6ab7df9710724e0a
FSPEED lane=selective_scan arm=torch-ref-scan-gpu-tf32 shape=mamba130m.prefill.t1 round=2 ms=0.179993 hash=6ab7df9710724e0a
FSPEED lane=selective_scan arm=torch-ref-scan-gpu-tf32 shape=mamba130m.prefill.t1 round=3 ms=0.176951 hash=6ab7df9710724e0a
FSPEED lane=selective_scan arm=torch-ref-scan-gpu-tf32 shape=mamba130m.prefill.t1 round=4 ms=0.176435 hash=6ab7df9710724e0a
FSPEED lane=selective_scan arm=torch-ref-scan-gpu-tf32 shape=mamba130m.prefill.t1 round=5 ms=0.173271 hash=6ab7df9710724e0a
FSPEED-NOTE lane=selective_scan arm=torch-ref-scan-gpu-tf32 output witness shape=mamba130m.prefill.t1 n=1536 hash=6ab7df9710724e0a
FSPEED-AGREE lane=selective_scan max_abs_diff=5.96046e-08 max_rel_diff=0.000100503 n=1536
FSPEED-WEIGHTS lane=selective_scan shape=mamba130m.prefill.t8 tensor=norm.weight n=768 hash=29ffa76f7d830538
FSPEED-WEIGHTS lane=selective_scan shape=mamba130m.prefill.t8 tensor=in_proj.weight n=2359296 hash=3cf6cd86f1f4630b
FSPEED-WEIGHTS lane=selective_scan shape=mamba130m.prefill.t8 tensor=conv1d.weight n=6144 hash=ebc04a57b11317ca
FSPEED-WEIGHTS lane=selective_scan shape=mamba130m.prefill.t8 tensor=conv1d.bias n=1536 hash=addcdfea6820daa4
FSPEED-WEIGHTS lane=selective_scan shape=mamba130m.prefill.t8 tensor=x_proj.weight n=122880 hash=e768eba837f92e18
FSPEED-WEIGHTS lane=selective_scan shape=mamba130m.prefill.t8 tensor=dt_proj.weight n=73728 hash=78915298f8d9d5ee
FSPEED-WEIGHTS lane=selective_scan shape=mamba130m.prefill.t8 tensor=dt_proj.bias n=1536 hash=868ca7bfad1eb09a
FSPEED-WEIGHTS lane=selective_scan shape=mamba130m.prefill.t8 tensor=A_log n=24576 hash=713bed8bffae603b
FSPEED-WEIGHTS lane=selective_scan shape=mamba130m.prefill.t8 tensor=D n=1536 hash=451274e066ddc12a
FSPEED-WEIGHTS lane=selective_scan shape=mamba130m.prefill.t8 tensor=out_proj.weight n=1179648 hash=0d6694627e9ed6f7
FSPEED-WEIGHTS lane=selective_scan shape=mamba130m.prefill.t8 tensor=x n=6144 hash=e7528e4ba876320b
FSPEED-REFUSED lane=selective_scan arm=mamba-ssm-cuda reason=mamba_ssm is not importable (No module named 'mamba_ssm'). The only opponent left is the PURE-PYTORCH sequential reference scan, which is NOT what anyone deploys.
FSPEED-WARMUP lane=selective_scan arm=torch-ref-scan-gpu shape=mamba130m.prefill.t8 ms=0.569142
FSPEED lane=selective_scan arm=torch-ref-scan-gpu shape=mamba130m.prefill.t8 round=1 ms=0.566693 hash=12db7962951ed422
FSPEED lane=selective_scan arm=torch-ref-scan-gpu shape=mamba130m.prefill.t8 round=2 ms=0.596087 hash=12db7962951ed422
FSPEED lane=selective_scan arm=torch-ref-scan-gpu shape=mamba130m.prefill.t8 round=3 ms=0.622088 hash=12db7962951ed422
FSPEED lane=selective_scan arm=torch-ref-scan-gpu shape=mamba130m.prefill.t8 round=4 ms=0.588471 hash=12db7962951ed422
FSPEED lane=selective_scan arm=torch-ref-scan-gpu shape=mamba130m.prefill.t8 round=5 ms=0.597395 hash=12db7962951ed422
FSPEED-NOTE lane=selective_scan arm=torch-ref-scan-gpu output witness shape=mamba130m.prefill.t8 n=12288 hash=2858e3bfa6b768e2
FSPEED-WARMUP lane=selective_scan arm=torch-ref-scan-gpu-tf32 shape=mamba130m.prefill.t8 ms=0.560200
FSPEED lane=selective_scan arm=torch-ref-scan-gpu-tf32 shape=mamba130m.prefill.t8 round=1 ms=0.550149 hash=3c9a3865311687c2
FSPEED lane=selective_scan arm=torch-ref-scan-gpu-tf32 shape=mamba130m.prefill.t8 round=2 ms=0.599897 hash=3c9a3865311687c2
FSPEED lane=selective_scan arm=torch-ref-scan-gpu-tf32 shape=mamba130m.prefill.t8 round=3 ms=0.575606 hash=3c9a3865311687c2
FSPEED lane=selective_scan arm=torch-ref-scan-gpu-tf32 shape=mamba130m.prefill.t8 round=4 ms=0.577724 hash=3c9a3865311687c2
FSPEED lane=selective_scan arm=torch-ref-scan-gpu-tf32 shape=mamba130m.prefill.t8 round=5 ms=0.569174 hash=3c9a3865311687c2
FSPEED-NOTE lane=selective_scan arm=torch-ref-scan-gpu-tf32 output witness shape=mamba130m.prefill.t8 n=12288 hash=26a4e1e9135ca0fa
FSPEED-AGREE lane=selective_scan max_abs_diff=0.000123411 max_rel_diff=6.93253 n=12288
FSPEED-WEIGHTS lane=selective_scan shape=mamba130m.prefill.t128 tensor=norm.weight n=768 hash=4aa921f523b6ac42
FSPEED-WEIGHTS lane=selective_scan shape=mamba130m.prefill.t128 tensor=in_proj.weight n=2359296 hash=eac9458ce9da8173
FSPEED-WEIGHTS lane=selective_scan shape=mamba130m.prefill.t128 tensor=conv1d.weight n=6144 hash=59dfbb854fae9768
FSPEED-WEIGHTS lane=selective_scan shape=mamba130m.prefill.t128 tensor=conv1d.bias n=1536 hash=ee97dbf487ffd3ea
FSPEED-WEIGHTS lane=selective_scan shape=mamba130m.prefill.t128 tensor=x_proj.weight n=122880 hash=1110dc85a856bfa3
FSPEED-WEIGHTS lane=selective_scan shape=mamba130m.prefill.t128 tensor=dt_proj.weight n=73728 hash=55e52d9433c01e4c
FSPEED-WEIGHTS lane=selective_scan shape=mamba130m.prefill.t128 tensor=dt_proj.bias n=1536 hash=8d6ed90034b79bb2
FSPEED-WEIGHTS lane=selective_scan shape=mamba130m.prefill.t128 tensor=A_log n=24576 hash=2c09f76fe78d151e
FSPEED-WEIGHTS lane=selective_scan shape=mamba130m.prefill.t128 tensor=D n=1536 hash=7289bf2a82fc7f6c
FSPEED-WEIGHTS lane=selective_scan shape=mamba130m.prefill.t128 tensor=out_proj.weight n=1179648 hash=5241f52ed48743dd
FSPEED-WEIGHTS lane=selective_scan shape=mamba130m.prefill.t128 tensor=x n=98304 hash=da5b40b810dc107b
FSPEED-REFUSED lane=selective_scan arm=mamba-ssm-cuda reason=mamba_ssm is not importable (No module named 'mamba_ssm'). The only opponent left is the PURE-PYTORCH sequential reference scan, which is NOT what anyone deploys.
FSPEED-WARMUP lane=selective_scan arm=torch-ref-scan-gpu shape=mamba130m.prefill.t128 ms=7.052956
FSPEED lane=selective_scan arm=torch-ref-scan-gpu shape=mamba130m.prefill.t128 round=1 ms=7.044056 hash=-
FSPEED lane=selective_scan arm=torch-ref-scan-gpu shape=mamba130m.prefill.t128 round=2 ms=7.133793 hash=-
FSPEED lane=selective_scan arm=torch-ref-scan-gpu shape=mamba130m.prefill.t128 round=3 ms=7.105611 hash=-
FSPEED lane=selective_scan arm=torch-ref-scan-gpu shape=mamba130m.prefill.t128 round=4 ms=7.125467 hash=-
FSPEED lane=selective_scan arm=torch-ref-scan-gpu shape=mamba130m.prefill.t128 round=5 ms=7.119685 hash=-
FSPEED-NOTE lane=selective_scan arm=torch-ref-scan-gpu output witness shape=mamba130m.prefill.t128 n=196608 hash=a696161c090fb38e
FSPEED-WARMUP lane=selective_scan arm=torch-ref-scan-gpu-tf32 shape=mamba130m.prefill.t128 ms=7.047629
FSPEED lane=selective_scan arm=torch-ref-scan-gpu-tf32 shape=mamba130m.prefill.t128 round=1 ms=7.071160 hash=-
FSPEED lane=selective_scan arm=torch-ref-scan-gpu-tf32 shape=mamba130m.prefill.t128 round=2 ms=7.146003 hash=-
FSPEED lane=selective_scan arm=torch-ref-scan-gpu-tf32 shape=mamba130m.prefill.t128 round=3 ms=7.133670 hash=-
FSPEED lane=selective_scan arm=torch-ref-scan-gpu-tf32 shape=mamba130m.prefill.t128 round=4 ms=7.142272 hash=-
FSPEED lane=selective_scan arm=torch-ref-scan-gpu-tf32 shape=mamba130m.prefill.t128 round=5 ms=7.114952 hash=-
FSPEED-NOTE lane=selective_scan arm=torch-ref-scan-gpu-tf32 output witness shape=mamba130m.prefill.t128 n=196608 hash=e8efa81d2a691546
FSPEED-AGREE lane=selective_scan max_abs_diff=0.000177547 max_rel_diff=11.9563 n=196608
FSPEED-WEIGHTS lane=selective_scan shape=mamba130m.prefill.t512 tensor=norm.weight n=768 hash=f1d1236e08c89e88
FSPEED-WEIGHTS lane=selective_scan shape=mamba130m.prefill.t512 tensor=in_proj.weight n=2359296 hash=bb05213b637f1a4a
FSPEED-WEIGHTS lane=selective_scan shape=mamba130m.prefill.t512 tensor=conv1d.weight n=6144 hash=e9c9a84f1a766ce1
FSPEED-WEIGHTS lane=selective_scan shape=mamba130m.prefill.t512 tensor=conv1d.bias n=1536 hash=651606aae79d5f9d
FSPEED-WEIGHTS lane=selective_scan shape=mamba130m.prefill.t512 tensor=x_proj.weight n=122880 hash=c195cf9bcc2f6792
FSPEED-WEIGHTS lane=selective_scan shape=mamba130m.prefill.t512 tensor=dt_proj.weight n=73728 hash=cd355825a97db4bd
FSPEED-WEIGHTS lane=selective_scan shape=mamba130m.prefill.t512 tensor=dt_proj.bias n=1536 hash=1fa1588a6c1c718d
FSPEED-WEIGHTS lane=selective_scan shape=mamba130m.prefill.t512 tensor=A_log n=24576 hash=6e4e811ed61a3e05
FSPEED-WEIGHTS lane=selective_scan shape=mamba130m.prefill.t512 tensor=D n=1536 hash=db420a6dc68a0c5a
FSPEED-WEIGHTS lane=selective_scan shape=mamba130m.prefill.t512 tensor=out_proj.weight n=1179648 hash=f531e2ff03764cb1
FSPEED-WEIGHTS lane=selective_scan shape=mamba130m.prefill.t512 tensor=x n=393216 hash=c83b7a7b649e48d5
FSPEED-REFUSED lane=selective_scan arm=mamba-ssm-cuda reason=mamba_ssm is not importable (No module named 'mamba_ssm'). The only opponent left is the PURE-PYTORCH sequential reference scan, which is NOT what anyone deploys.
FSPEED-WARMUP lane=selective_scan arm=torch-ref-scan-gpu shape=mamba130m.prefill.t512 ms=27.886545
FSPEED lane=selective_scan arm=torch-ref-scan-gpu shape=mamba130m.prefill.t512 round=1 ms=29.315736 hash=-
FSPEED lane=selective_scan arm=torch-ref-scan-gpu shape=mamba130m.prefill.t512 round=2 ms=27.852606 hash=-
FSPEED lane=selective_scan arm=torch-ref-scan-gpu shape=mamba130m.prefill.t512 round=3 ms=27.694674 hash=-
FSPEED lane=selective_scan arm=torch-ref-scan-gpu shape=mamba130m.prefill.t512 round=4 ms=27.743243 hash=-
FSPEED lane=selective_scan arm=torch-ref-scan-gpu shape=mamba130m.prefill.t512 round=5 ms=27.811782 hash=-
FSPEED-NOTE lane=selective_scan arm=torch-ref-scan-gpu output witness shape=mamba130m.prefill.t512 n=786432 hash=36307548f826be13
FSPEED-WARMUP lane=selective_scan arm=torch-ref-scan-gpu-tf32 shape=mamba130m.prefill.t512 ms=27.897453
FSPEED lane=selective_scan arm=torch-ref-scan-gpu-tf32 shape=mamba130m.prefill.t512 round=1 ms=27.960634 hash=-
FSPEED lane=selective_scan arm=torch-ref-scan-gpu-tf32 shape=mamba130m.prefill.t512 round=2 ms=27.844949 hash=-
FSPEED lane=selective_scan arm=torch-ref-scan-gpu-tf32 shape=mamba130m.prefill.t512 round=3 ms=27.873177 hash=-
FSPEED lane=selective_scan arm=torch-ref-scan-gpu-tf32 shape=mamba130m.prefill.t512 round=4 ms=27.898001 hash=-
FSPEED lane=selective_scan arm=torch-ref-scan-gpu-tf32 shape=mamba130m.prefill.t512 round=5 ms=27.834527 hash=-
FSPEED-NOTE lane=selective_scan arm=torch-ref-scan-gpu-tf32 output witness shape=mamba130m.prefill.t512 n=786432 hash=ffa0dd24c2a21877
FSPEED-AGREE lane=selective_scan max_abs_diff=0.00022918 max_rel_diff=219.338 n=786432
FSPEED-DONE lane=selective_scan arm=torch
