8510 external/tcmalloc+/tcmalloc/internal/system_allocator.h:713] Warning: Unable to mbind memory (errno=1, base=0x332a40000000, nodemask=1)
8510 external/tcmalloc+/tcmalloc/internal/system_allocator.h:713] Warning: Unable to mbind memory (errno=1, base=0x586880000000, nodemask=2)
{"event": "setup", "schema": "mojolearn.lm-step-memory-probe.v3", "shape": {"batch": 1, "length": 2048, "d_model": 768, "n_heads": 12, "n_kv": 12, "head_dim": 64, "intermediate": 2048, "n_layers": 12, "vocab_size": 50257}, "profile": "mojolearn.byte-lm.b1-l2048-d768-h12-kv12-hd64-ff2048-v50257-blocks12.fp32.v3", "parameters": 162147840, "n_tensors": 110, "tokens_per_step": 2048, "seed": 93261, "budget_seconds": 300.0, "resident": true, "step_result": "lean", "witness_every_step": false, "witness_source": "export_gradients(named=False) + export_state() once after the last untimed step", "corpus": {"path": "training/corpus/pile_github/input.txt", "sha256": "52a5b4c36ab9119c15505331c10e3b23690377d40fbac3e598c7fafe13a324df", "manifest_sha256": "e3f46ca3870913aabd179647f5ab7e66b829c30c3cbcbf4b2862e2790d94cda5", "bytes": 97124565, "source_url": "https://huggingface.co/datasets/monology/pile-uncopyrighted/resolve/3be90335b66f24456a5d6659d9c8d208c0357119/val.jsonl.zst", "schedule": "step k row b: bytes[(k*batch*length + b*length) % (bytes - length - 1) : +length+1] as int32; targets shifted one byte"}, "attention_arm": "stash_tiled_fgrid_r32_qres_pf_estash_dres_kvgrid_r32", "attention_arm_source": "binding", "attention_arm_requested": null, "attention_arm_default": "stash_tiled_fgrid_r32_qres_pf_estash_dres_kvgrid_r32", "attention_arm_is_default": true, "attention_arm_resolved_hd64": "stash_tiled_fgrid_r32_qres_pf_estash_dres_kvgrid_r32", "attention_arm_trial_build": false, "gemm_arm": "kpack_pad", "gemm_plan": "kpack_pad on the calls it takes, else default=ksplit(S=132) else tuned128", "step_glue_arm": "optskip_noshadow_rows16", "step_glue_arm_requested": null, "step_glue_trial_build": false, "gemm_arm_requested": "kpack_pad", "attention_path_requested": null, "numeric_mode_env": "identical", "runtime": {"binding_file": "/root/mojolearn/python/mojolearn/identical/_mojolearn_byte_lm.so", "binding_sha256": "6e55b88281a5213aca0bc4a4b0d4661a7f218e1ba952e5a080e348e48d301657", "native_attention_arm": {"arm": "stash_tiled_fgrid_r32_qres_pf_estash_dres_kvgrid_r32", "default": "stash_tiled_fgrid_r32_qres_pf_estash_dres_kvgrid_r32", "resolved_hd64": "stash_tiled_fgrid_r32_qres_pf_estash_dres_kvgrid_r32", "trial_build": false}, "native_numeric_mode": 1, "native_profile": "mojolearn.byte-lm.b2-l32-d32-h4-kv2-ff64-v256-blocks2.fp32.v1", "native_step_glue_arm": {"arm": "optskip_noshadow_rows16", "trial_build": false}, "native_vendor": "cuda", "source_scope": "available direct source files; binding SHA identifies the compiled artifact", "source_sha256": {"bindings/_mojolearn_byte_lm.mojo": "edffadedbeb8da29f0ed1de417934c49a8a00187ab4b77fa61e2e270ef23cbaf", "loaded_python_wrapper": "0ae6ca9951cc24c4510d38acf69ea127a4c2231d8ee923d6407ded3f5a50dc0a", "python/mojolearn/_byte_lm_config.py": "440ca11e33cfed741c8a812a8dac74ad4e938ab8e16f84ed2af5b61d3fbe56b8", "python/mojolearn/_byte_lm_impl.py": "0ae6ca9951cc24c4510d38acf69ea127a4c2231d8ee923d6407ded3f5a50dc0a", "python/mojolearn/language_model.py": "4e84ad0955cfc7b7dc0c884d1abcae7f59943d93bee337ac4a16b92be9718925", "training/byte_lm.mojo": "3ccdfcf6424fd0fba562e6e60b685dcce282dcb319e7867c826f391d102abd6f", "training/byte_lm_config.mojo": "bc5c9a9502793359fbbdd50c94e02b7bcd3f5c4295e1c35871efc774524a69b1"}, "schema": "small-byte-lm.run-metadata.v1", "qualification": "authored/unqualified", "profile": "mojolearn.byte-lm.b1-l2048-d768-h12-kv12-hd64-ff2048-v50257-blocks12.fp32.v3", "device_state_lifetime": "resident", "step_result": "lean", "last_export_step": 0, "config": {"lr": 0.0010000000474974513, "beta1": 0.8999999761581421, "beta2": 0.9990000128746033, "eps": 9.99999993922529e-09, "weight_decay": 0.009999999776482582, "kind": 2, "momentum": 0.0, "dampening": 0.0, "nesterov": false, "max_norm": 0.0}, "data_schedule": {"batches": "pinned corpus 52a5b4c36ab9119c15505331c10e3b23690377d40fbac3e598c7fafe13a324df", "fixture": "lm step memory probe", "seed": 93261}, "completed_steps": 0, "next_batch_index": 0}, "initial_parameters_sha256": "0e36d8d036d8c4cf9704babd096061006e48071187c793c6ee471e05b449572e", "host_before_first_call": {"vm_rss_bytes": 2747674624, "vm_hwm_bytes": 3391545344, "ru_maxrss_bytes": 3391545344, "boundary": "process host memory (Python + native + pinned staging); not device memory"}, "device_tool": "nvidia-smi", "qualification": "complete-step probe at the named shape; not an opponent ratio, not a default gate", "t": 1789313040.0807726}
{"event": "step_start", "step": 1, "first_call_includes_setup": true, "ids_sha256": "7626015c8a8cb90b13e0d44eff53262a36025184a4adfb88591a93ba18857518", "t": 1789313040.0812697}
8510 external/tcmalloc+/tcmalloc/internal/system_allocator.h:713] Warning: Unable to mbind memory (errno=1, base=0x5868c0000000, nodemask=2)
8510 external/tcmalloc+/tcmalloc/internal/system_allocator.h:713] Warning: Unable to mbind memory (errno=1, base=0x586900000000, nodemask=2)
{"event": "step_end", "step": 1, "seconds": 13.509487764909863, "tokens_per_second": 151.59716161256426, "first_call_includes_setup": true, "timing_boundary": "public train_step call; native binding synchronizes the context before publishing outputs; includes host readbacks, validation and gradient copies", "step_result": "lean", "witnessed": false, "witness_export_seconds": null, "loss": 11.12025260925293, "sha256": {"loss": "fb1bfea4e8daa3b31227ff49a404e36a58fe27b98856af4d27a24872b0e9abf2"}, "completed_steps": 1, "host": {"vm_rss_bytes": 2361982976, "vm_hwm_bytes": 8185053184, "ru_maxrss_bytes": 8185053184, "boundary": "process host memory (Python + native + pinned staging); not device memory"}, "device": {"tool": "nvidia-smi", "peak_process_bytes": "unavailable", "peak_device_bytes": 15115223040, "device_total_bytes": 85520809984, "sample_interval_seconds": 0.2, "samples_total": 36, "errors_total": 0, "boundary": "vendor tool polled at the interval; peaks shorter than one interval are missed; device-wide used memory includes other processes; torch.cuda allocator statistics do not cover Mojo allocations and are not used"}, "t": 1789313053.591426}
{"event": "final_witness", "step": 1, "completed_steps": 1, "sha256": {"gradients": "85d053a482668fd958df0e32325fc47f9ba10ec630ff63557c7b79c5bd85b0e3", "parameters": "1b32246046a72ada00e3c8ec04d079beb629d8e314f860bc7106d42c5996a8ca", "m": "8dbf0dfcb08f29687241a6586a7ef8224fde5877a7aeb490b9701d24d5812524", "v": "227d2c36dbd16e9acf0556ec491d8b6431a8e4cc5b235b8d81011996a9bc05be", "flags": "360d579dbd14759b41afdf7fb5e80c0101e15150ae401d59f92a1e32d129f7cb"}, "export_seconds": 13.886169476434588, "source": "export_gradients(named=False) + export_state() once after the last untimed step", "t": 1789313067.477934}
{"event": "component_timing_step_start", "timing_step": 1, "note": "MOJOLEARN_TRANSFORMER_TIMING=1; not a timing sample", "t": 1789313067.4788432}
timing step.py_tokens 0.4213247448205948 ms
timing step.py_tokens_bytes 8196 bytes
timing step.bind_scalar_admission 0.007694 ms
timing step.upload_inputs 0.151463 ms
timing step.upload_inputs_bytes 16384 bytes
timing step.unpack_weights 1.169955 ms
timing step.unpack_weights_bytes 648591360 bytes
timing step.embedding_forward 0.061077 ms
timing block.norm1 0.219227 ms
timing attn.qkv_proj 0.876907 ms
timing attn.rope_and_cache 0.132588 ms
timing attn.core 1.887569 ms
timing attn.o_proj 0.295427 ms
timing block.attention_total 3.19915 ms
timing block.mlp_and_residuals 1.969429 ms
timing block.norm1 0.18136 ms
timing attn.qkv_proj 0.857461 ms
timing attn.rope_and_cache 0.106788 ms
timing attn.core 1.864951 ms
timing attn.o_proj 0.295996 ms
timing block.attention_total 3.130021 ms
timing block.mlp_and_residuals 1.944742 ms
timing block.norm1 0.181914 ms
timing attn.qkv_proj 0.859113 ms
timing attn.rope_and_cache 0.104817 ms
timing attn.core 1.857728 ms
timing attn.o_proj 0.356228 ms
timing block.attention_total 3.183663 ms
timing block.mlp_and_residuals 1.943592 ms
timing block.norm1 0.182472 ms
timing attn.qkv_proj 0.856788 ms
timing attn.rope_and_cache 0.107819 ms
timing attn.core 1.83626 ms
timing attn.o_proj 0.294585 ms
timing block.attention_total 3.100319 ms
timing block.mlp_and_residuals 1.93848 ms
timing block.norm1 0.179955 ms
timing attn.qkv_proj 0.857242 ms
timing attn.rope_and_cache 0.106887 ms
timing attn.core 1.864636 ms
timing attn.o_proj 0.293832 ms
timing block.attention_total 3.127168 ms
timing block.mlp_and_residuals 1.947337 ms
timing block.norm1 0.179363 ms
timing attn.qkv_proj 0.86084 ms
timing attn.rope_and_cache 0.106625 ms
timing attn.core 1.87401 ms
timing attn.o_proj 0.293811 ms
timing block.attention_total 3.13994 ms
timing block.mlp_and_residuals 1.944411 ms
timing block.norm1 0.179895 ms
timing attn.qkv_proj 0.85846 ms
timing attn.rope_and_cache 0.10969 ms
timing attn.core 1.884899 ms
timing attn.o_proj 0.293793 ms
timing block.attention_total 3.15215 ms
timing block.mlp_and_residuals 1.94017 ms
timing block.norm1 0.178604 ms
timing attn.qkv_proj 0.85687 ms
timing attn.rope_and_cache 0.105142 ms
timing attn.core 1.874663 ms
timing attn.o_proj 0.294223 ms
timing block.attention_total 3.135602 ms
timing block.mlp_and_residuals 1.946252 ms
timing block.norm1 0.179296 ms
timing attn.qkv_proj 0.856195 ms
timing attn.rope_and_cache 0.105795 ms
timing attn.core 1.845096 ms
timing attn.o_proj 0.294945 ms
timing block.attention_total 3.106629 ms
timing block.mlp_and_residuals 1.947546 ms
timing block.norm1 0.181448 ms
timing attn.qkv_proj 0.854364 ms
timing attn.rope_and_cache 0.105161 ms
timing attn.core 1.833038 ms
timing attn.o_proj 0.294981 ms
timing block.attention_total 3.092195 ms
timing block.mlp_and_residuals 1.943995 ms
timing block.norm1 0.180458 ms
timing attn.qkv_proj 0.857184 ms
timing attn.rope_and_cache 0.10655 ms
timing attn.core 1.863443 ms
timing attn.o_proj 0.293327 ms
timing block.attention_total 3.12583 ms
timing block.mlp_and_residuals 1.944154 ms
timing block.norm1 0.179685 ms
timing attn.qkv_proj 0.855654 ms
timing attn.rope_and_cache 0.106667 ms
timing attn.core 1.835287 ms
timing attn.o_proj 0.293604 ms
timing block.attention_total 3.095972 ms
timing block.mlp_and_residuals 1.945564 ms
timing envelope.blocks_forward 63.221297 ms
timing step.head_forward 13.866977 ms
timing step.ce_refuse_scan 0.38334 ms
timing step.ce_refuse_scan_bytes 411705344 bytes
timing step.ce_refuse_scan_download_bytes 8192 bytes
timing step.ce_forward 1.705923 ms
timing step.loss_download 0.01893 ms
timing step.loss_download_bytes 4 bytes
timing step.ce_backward 0.984558 ms
timing step.head_backward_da 14.971319 ms
timing step.head_backward_db 13.616109 ms
timing bwd.before_attention 0.002941 ms
timing bwd.attention 3.331396 ms
timing bwd.after_attention 1.972715 ms
timing bwd.before_attention 0.002998 ms
timing bwd.attention 3.269221 ms
timing bwd.after_attention 1.96595 ms
timing bwd.before_attention 0.003003 ms
timing bwd.attention 3.229716 ms
timing bwd.after_attention 1.954204 ms
timing bwd.before_attention 0.002934 ms
timing bwd.attention 3.258813 ms
timing bwd.after_attention 1.95218 ms
timing bwd.before_attention 0.002937 ms
timing bwd.attention 3.294008 ms
timing bwd.after_attention 1.959221 ms
timing bwd.before_attention 0.002967 ms
timing bwd.attention 3.295107 ms
timing bwd.after_attention 1.95457 ms
timing bwd.before_attention 0.002934 ms
timing bwd.attention 3.279379 ms
timing bwd.after_attention 1.953448 ms
timing bwd.before_attention 0.002926 ms
timing bwd.attention 3.274204 ms
timing bwd.after_attention 1.955221 ms
timing bwd.before_attention 0.003027 ms
timing bwd.attention 3.262236 ms
timing bwd.after_attention 1.964113 ms
timing bwd.before_attention 0.002939 ms
timing bwd.attention 3.227762 ms
timing bwd.after_attention 1.955478 ms
timing bwd.before_attention 0.002937 ms
timing bwd.attention 3.298431 ms
timing bwd.after_attention 1.95758 ms
timing bwd.before_attention 0.002917 ms
timing bwd.attention 3.286763 ms
timing bwd.after_attention 1.955462 ms
timing envelope.blocks_backward 116.829378 ms
timing step.embedding_backward 2.531683 ms
timing step.pack_grads 1.120208 ms
timing step.pack_grads_bytes 648591360 bytes
timing step.validate_grads_scan 0.552429 ms
timing step.validate_grads_scan_bytes 648591360 bytes
timing step.optimizer 1.727275 ms
timing step.validate_after_scan 2.127382 ms
timing step.validate_after_scan_bytes 2594365440 bytes
timing step.bind_final_sync 0.002086 ms
timing step.bind_publish 0.003545 ms
timing step.bind_publish_bytes 444 bytes
timing envelope.native_call 235.48011109232903 ms
timing step.py_flags 0.14723464846611023 ms
timing step.py_flags_bytes 440 bytes
{"event": "component_timing_step_end", "timing_step": 1, "seconds": 0.23624221794307232, "loss": 8.354198455810547, "t": 1789313067.7152567}
