31725 external/tcmalloc+/tcmalloc/internal/system_allocator.h:713] Warning: Unable to mbind memory (errno=1, base=0x51d380000000, nodemask=1)
== bench/gemm_int15_price_main.mojo [IDENTICAL] ==
column nvidia
profiles fp32.v1, int15i64.v1
int15 dispatch: mma (lib_int8_matrix_unit_for)
sabotage: none
repeats 5  mac budget 34359738368  only mlp_up.t512
EVERY NUMBER BELOW IS ONE BOX'S TIME ON ONE RUN. One call and one synchronize per sample; the median of the timed calls is reported and the minimum beside it.

== llama8b.mlp_up.t512  m=512 n=14336 k=4096  FULL  fp32 plan: TUNED 128x128 reg8x8 KS=16 fold=16 local tpb=256 hwftz=True (1-D grid, no swizzle)
DIGEST fp32-llama8b.mlp_up.t512 fp32.v1 0x27a166783c45f9f0
PRICE IDENTICAL int15.llama8b.mlp_up.t512.fp32.v1.device 3.142043
   device-bits int15.llama8b.mlp_up.t512.fp32.v1.device 3.142043/0x400922e770bd017e
INT15 nvidia llama8b.mlp_up.t512 512 14336 4096 FULL fp32.v1 3.1420 3.1164 9568.5422 GMAC/s 0x27a166783c45f9f0 OP_NT,plan=10
DIGEST price-llama8b.mlp_up.t512 int15i64.v1.flat 0x31746954b2b719d4
PRICE IDENTICAL int15.llama8b.mlp_up.t512.int15i64.v1.flat.device 89.880304
   device-bits int15.llama8b.mlp_up.t512.int15i64.v1.flat.device 89.880304/0x40567856e696a26e
INT15 nvidia llama8b.mlp_up.t512 512 14336 4096 FULL int15i64.v1.flat 89.8803 89.8181 334.4979 GMAC/s 0x31746954b2b719d4 not-dispatched(the-column-has-the-unit)
DIGEST price-llama8b.mlp_up.t512 int15i64.v1.pieces 0x31746954b2b719d4
PRICE IDENTICAL int15.llama8b.mlp_up.t512.int15i64.v1.pieces.device 464.181523
   device-bits int15.llama8b.mlp_up.t512.int15i64.v1.pieces.device 464.181523/0x407d02e784a9478d
INT15 nvidia llama8b.mlp_up.t512 512 14336 4096 FULL int15i64.v1.pieces 464.1815 462.4392 64.7694 GMAC/s 0x31746954b2b719d4 not-dispatched(the-column-has-the-unit)
DIGEST price-llama8b.mlp_up.t512 int15i64.v1.mma 0x31746954b2b719d4
PRICE IDENTICAL int15.llama8b.mlp_up.t512.int15i64.v1.mma.device 4.210116
   device-bits int15.llama8b.mlp_up.t512.int15i64.v1.mma.device 4.210116/0x4010d728a6117721
INT15 nvidia llama8b.mlp_up.t512 512 14336 4096 FULL int15i64.v1.mma 4.2101 4.1997 7141.0790 GMAC/s 0x31746954b2b719d4 dispatched,four-unit-products
DIGEST conv-llama8b.mlp_up.t512 convert.int15.quantize.a 0xb4bf94dcc3facd06
PRICE IDENTICAL int15.llama8b.mlp_up.t512.convert.int15.quantize.a.device 1.912319
   device-bits int15.llama8b.mlp_up.t512.convert.int15.quantize.a.device 1.912319/0x3ffe98dbcec84f90
INT15 nvidia llama8b.mlp_up.t512 512 14336 4096 FULL convert.int15.quantize.a 1.9123 1.8706 1.0967 Gelem/s 0xb4bf94dcc3facd06 per-call
DIGEST conv-llama8b.mlp_up.t512 convert.int15.quantize.a.parallel 0xb4bf94dcc3facd06
PRICE IDENTICAL int15.llama8b.mlp_up.t512.convert.int15.quantize.a.parallel.device 0.05353
   device-bits int15.llama8b.mlp_up.t512.convert.int15.quantize.a.parallel.device 0.05353/0x3fab6848beb5b2d5
INT15 nvidia llama8b.mlp_up.t512 512 14336 4096 FULL convert.int15.quantize.a.parallel 0.0535 0.0512 39.1771 Gelem/s 0xb4bf94dcc3facd06 per-call
DIGEST conv-llama8b.mlp_up.t512 convert.int15.planes.a.parallel 0xa995a6c363c89d21
PRICE IDENTICAL int15.llama8b.mlp_up.t512.convert.int15.planes.a.parallel.device 0.017456
   device-bits int15.llama8b.mlp_up.t512.convert.int15.planes.a.parallel.device 0.017456/0x3f91dffc5479d4d8
INT15 nvidia llama8b.mlp_up.t512 512 14336 4096 FULL convert.int15.planes.a.parallel 0.0175 0.0145 120.1393 Gelem/s 0xa995a6c363c89d21 per-call
DIGEST conv-llama8b.mlp_up.t512 convert.int15.split.a 0xa995a6c363c89d21
PRICE IDENTICAL int15.llama8b.mlp_up.t512.convert.int15.split.a.device 0.014461
   device-bits int15.llama8b.mlp_up.t512.convert.int15.split.a.device 0.014461/0x3f8d9dba908a265f
INT15 nvidia llama8b.mlp_up.t512 512 14336 4096 FULL convert.int15.split.a 0.0145 0.0128 145.0212 Gelem/s 0xa995a6c363c89d21 per-call
DIGEST conv-llama8b.mlp_up.t512 convert.int15.quantize.b 0x828a1731c89221c0
PRICE IDENTICAL int15.llama8b.mlp_up.t512.convert.int15.quantize.b.device 2.843576
   device-bits int15.llama8b.mlp_up.t512.convert.int15.quantize.b.device 2.843576/0x4006bfa4c61d8623
INT15 nvidia llama8b.mlp_up.t512 512 14336 4096 FULL convert.int15.quantize.b 2.8436 2.8317 20.6501 Gelem/s 0x828a1731c89221c0 once-per-weight-at-inference,per-step-at-training
DIGEST conv-llama8b.mlp_up.t512 convert.int15.quantize.b.parallel 0x828a1731c89221c0
PRICE IDENTICAL int15.llama8b.mlp_up.t512.convert.int15.quantize.b.parallel.device 1.475653
   device-bits int15.llama8b.mlp_up.t512.convert.int15.quantize.b.parallel.device 1.475653/0x3ff79c4651f3e89b
INT15 nvidia llama8b.mlp_up.t512 512 14336 4096 FULL convert.int15.quantize.b.parallel 1.4757 1.4645 39.7927 Gelem/s 0x828a1731c89221c0 once-per-weight-at-inference,per-step-at-training
DIGEST conv-llama8b.mlp_up.t512 convert.int15.planes.b.parallel 0x74a888a8034727d3
PRICE IDENTICAL int15.llama8b.mlp_up.t512.convert.int15.planes.b.parallel.device 0.498568
   device-bits int15.llama8b.mlp_up.t512.convert.int15.planes.b.parallel.device 0.498568/0x3fdfe889c1b54196
INT15 nvidia llama8b.mlp_up.t512 512 14336 4096 FULL convert.int15.planes.b.parallel 0.4986 0.4940 117.7778 Gelem/s 0x74a888a8034727d3 once-per-weight-at-inference,per-step-at-training
DIGEST conv-llama8b.mlp_up.t512 convert.int15.split.b 0x74a888a8034727d3
PRICE IDENTICAL int15.llama8b.mlp_up.t512.convert.int15.split.b.device 0.344637
   device-bits int15.llama8b.mlp_up.t512.convert.int15.split.b.device 0.344637/0x3fd60e8858ff7597
INT15 nvidia llama8b.mlp_up.t512 512 14336 4096 FULL convert.int15.split.b 0.3446 0.3394 170.3829 Gelem/s 0x74a888a8034727d3 once-per-weight-at-inference,per-step-at-training
DIGEST price-llama8b.mlp_up.t512 inference.int15i64.v1.planes 0x31746954b2b719d4
PRICE IDENTICAL int15.llama8b.mlp_up.t512.inference.int15i64.v1.planes.device 4.223646
   device-bits int15.llama8b.mlp_up.t512.inference.int15i64.v1.planes.device 4.223646/0x4010e50374ff865d
INT15 nvidia llama8b.mlp_up.t512 512 14336 4096 FULL inference.int15i64.v1.planes 4.2236 4.1918 7118.2033 GMAC/s 0x31746954b2b719d4 planes.a.parallel+product
DIGEST price-llama8b.mlp_up.t512 inference.int15i64.v1.codes 0x31746954b2b719d4
PRICE IDENTICAL int15.llama8b.mlp_up.t512.inference.int15i64.v1.codes.device 4.278458
   device-bits int15.llama8b.mlp_up.t512.inference.int15i64.v1.codes.device 4.278458/0x40111d24180d3cff
INT15 nvidia llama8b.mlp_up.t512 512 14336 4096 FULL inference.int15i64.v1.codes 4.2785 4.2582 7027.0109 GMAC/s 0x31746954b2b719d4 quantize.a.parallel+split.a+split.b+product
DIGEST price-llama8b.mlp_up.t512 inference.int15i64.v1.planes.rowquant 0x31746954b2b719d4
PRICE IDENTICAL int15.llama8b.mlp_up.t512.inference.int15i64.v1.planes.rowquant.device 5.9858
   device-bits int15.llama8b.mlp_up.t512.inference.int15i64.v1.planes.rowquant.device 5.9858/0x4017f1758e219653
INT15 nvidia llama8b.mlp_up.t512 512 14336 4096 FULL inference.int15i64.v1.planes.rowquant 5.9858 5.9345 5022.6822 GMAC/s 0x31746954b2b719d4 quantize.a+split.a+product
DIGEST price-llama8b.mlp_up.t512 training.int15i64.v1.planes 0x31746954b2b719d4
PRICE IDENTICAL int15.llama8b.mlp_up.t512.training.int15i64.v1.planes.device 4.383726
   device-bits int15.llama8b.mlp_up.t512.training.int15i64.v1.planes.device 4.383726/0x401188ef77f27fe5
INT15 nvidia llama8b.mlp_up.t512 512 14336 4096 FULL training.int15i64.v1.planes 4.3837 4.3730 6858.2688 GMAC/s 0x31746954b2b719d4 planes.a.parallel+planes.b.parallel+product
DIGEST price-llama8b.mlp_up.t512 training.int15i64.v1.codes 0x31746954b2b719d4
PRICE IDENTICAL int15.llama8b.mlp_up.t512.training.int15i64.v1.codes.device 5.755134
   device-bits int15.llama8b.mlp_up.t512.training.int15i64.v1.codes.device 5.755134/0x40170541d8e86402
INT15 nvidia llama8b.mlp_up.t512 512 14336 4096 FULL training.int15i64.v1.codes 5.7551 5.7128 5223.9915 GMAC/s 0x31746954b2b719d4 quantize.a.parallel+quantize.b.parallel+split.a+split.b+product
DIGEST price-llama8b.mlp_up.t512 training.int15i64.v1.planes.rowquant 0x31746954b2b719d4
PRICE IDENTICAL int15.llama8b.mlp_up.t512.training.int15i64.v1.planes.rowquant.device 8.81238
   device-bits int15.llama8b.mlp_up.t512.training.int15i64.v1.planes.rowquant.device 8.81238/0x40219ff04577d955
INT15 nvidia llama8b.mlp_up.t512 512 14336 4096 FULL training.int15i64.v1.planes.rowquant 8.8124 8.7533 3411.6517 GMAC/s 0x31746954b2b719d4 quantize.a+quantize.b+split.a+split.b+product
INT15-NOT-RUN nvidia llama8b.mlp_up.t512 int15i64.v1.apple.two this-column-is-not-apple
INT15-NOT-RUN nvidia llama8b.mlp_up.t512 int15i64.v1.apple.four this-column-is-not-apple
INT15-NOT-RUN nvidia llama8b.mlp_up.t512 inference.int15i64.v1.apple.two this-column-is-not-apple
INT15-NOT-RUN nvidia llama8b.mlp_up.t512 inference.int15i64.v1.apple.four this-column-is-not-apple
INT15-NOT-RUN nvidia llama8b.mlp_up.t512 training.int15i64.v1.apple.two this-column-is-not-apple
INT15-NOT-RUN nvidia llama8b.mlp_up.t512 training.int15i64.v1.apple.four this-column-is-not-apple
DIGEST price-llama8b.mlp_up.t512 int15i64.v1.tuned 0x31746954b2b719d4
PRICE IDENTICAL int15.llama8b.mlp_up.t512.int15i64.v1.tuned.device 1.994092
   device-bits int15.llama8b.mlp_up.t512.int15i64.v1.tuned.device 1.994092/0x3fffe7cd03537197
INT15 nvidia llama8b.mlp_up.t512 512 14336 4096 FULL int15i64.v1.tuned 1.9941 1.9786 15076.9228 GMAC/s 0x31746954b2b719d4 not-dispatched,four-products-one-staging,epilogue-at-the-store
DIGEST price-llama8b.mlp_up.t512 inference.int15i64.v1.tuned 0x31746954b2b719d4
PRICE IDENTICAL int15.llama8b.mlp_up.t512.inference.int15i64.v1.tuned.device 2.124817
   device-bits int15.llama8b.mlp_up.t512.inference.int15i64.v1.tuned.device 2.124817/0x4000ffa00e27e0f0
INT15 nvidia llama8b.mlp_up.t512 512 14336 4096 FULL inference.int15i64.v1.tuned 2.1248 2.1178 14149.3461 GMAC/s 0x31746954b2b719d4 planes.a.parallel+four-products-one-staging,epilogue-at-the-store
DIGEST price-llama8b.mlp_up.t512 training.int15i64.v1.tuned 0x31746954b2b719d4
PRICE IDENTICAL int15.llama8b.mlp_up.t512.training.int15i64.v1.tuned.device 2.617657
   device-bits int15.llama8b.mlp_up.t512.training.int15i64.v1.tuned.device 2.617657/0x4004f0f6273929ed
INT15 nvidia llama8b.mlp_up.t512 512 14336 4096 FULL training.int15i64.v1.tuned 2.6177 2.6099 11485.3745 GMAC/s 0x31746954b2b719d4 planes.a.parallel+planes.b.parallel+four-products-one-staging,epilogue-at-the-store
DIGEST price-llama8b.mlp_up.t512 int15i64.v1.tuned.two_launch 0x31746954b2b719d4
PRICE IDENTICAL int15.llama8b.mlp_up.t512.int15i64.v1.tuned.two_launch.device 2.917536
   device-bits int15.llama8b.mlp_up.t512.int15i64.v1.tuned.two_launch.device 2.917536/0x4007571d1d4738a4
INT15 nvidia llama8b.mlp_up.t512 512 14336 4096 FULL int15i64.v1.tuned.two_launch 2.9175 2.9108 10304.8501 GMAC/s 0x31746954b2b719d4 not-dispatched,four-products-one-staging+epilogue-launch
DIGEST price-llama8b.mlp_up.t512 inference.int15i64.v1.tuned.two_launch 0x31746954b2b719d4
PRICE IDENTICAL int15.llama8b.mlp_up.t512.inference.int15i64.v1.tuned.two_launch.device 2.98656
   device-bits int15.llama8b.mlp_up.t512.inference.int15i64.v1.tuned.two_launch.device 2.98656/0x4007e47991bc5586
INT15 nvidia llama8b.mlp_up.t512 512 14336 4096 FULL inference.int15i64.v1.tuned.two_launch 2.9866 2.9711 10066.6891 GMAC/s 0x31746954b2b719d4 planes.a.parallel+four-products-one-staging+epilogue-launch
DIGEST price-llama8b.mlp_up.t512 training.int15i64.v1.tuned.two_launch 0x31746954b2b719d4
PRICE IDENTICAL int15.llama8b.mlp_up.t512.training.int15i64.v1.tuned.two_launch.device 3.60623
   device-bits int15.llama8b.mlp_up.t512.training.int15i64.v1.tuned.two_launch.device 3.60623/0x400cd98f1d3ed528
INT15 nvidia llama8b.mlp_up.t512 512 14336 4096 FULL training.int15i64.v1.tuned.two_launch 3.6062 3.6024 8336.8978 GMAC/s 0x31746954b2b719d4 planes.a.parallel+planes.b.parallel+four-products-one-staging+epilogue-launch

== llama8b.mlp_up.t512.bwd_dx  m=512 n=4096 k=14336  FULL  fp32 plan: TUNED 128x128 reg8x8 KS=16 fold=16 local tpb=256 hwftz=True (1-D grid, no swizzle)
DIGEST fp32-llama8b.mlp_up.t512.bwd_dx fp32.v1 0x88081a26a7d76edd
PRICE IDENTICAL int15.llama8b.mlp_up.t512.bwd_dx.fp32.v1.device 2.649875
   device-bits int15.llama8b.mlp_up.t512.bwd_dx.fp32.v1.device 2.649875/0x400532f1a9fbe76d
INT15 nvidia llama8b.mlp_up.t512.bwd_dx 512 4096 14336 FULL fp32.v1 2.6499 2.6303 11345.7318 GMAC/s 0x88081a26a7d76edd OP_NN,plan=10
DIGEST price-llama8b.mlp_up.t512.bwd_dx int15i64.v1.flat 0xd25adc12f122f248
PRICE IDENTICAL int15.llama8b.mlp_up.t512.bwd_dx.int15i64.v1.flat.device 94.128597
   device-bits int15.llama8b.mlp_up.t512.bwd_dx.int15i64.v1.flat.device 94.128597/0x4057883aeee95747
INT15 nvidia llama8b.mlp_up.t512.bwd_dx 512 4096 14336 FULL int15i64.v1.flat 94.1286 93.9944 319.4010 GMAC/s 0xd25adc12f122f248 not-dispatched(the-column-has-the-unit)
DIGEST price-llama8b.mlp_up.t512.bwd_dx int15i64.v1.pieces 0xd25adc12f122f248
PRICE IDENTICAL int15.llama8b.mlp_up.t512.bwd_dx.int15i64.v1.pieces.device 486.559483
   device-bits int15.llama8b.mlp_up.t512.bwd_dx.int15i64.v1.pieces.device 486.559483/0x407e68f3a4723ab0
INT15 nvidia llama8b.mlp_up.t512.bwd_dx 512 4096 14336 FULL int15i64.v1.pieces 486.5595 486.1651 61.7905 GMAC/s 0xd25adc12f122f248 not-dispatched(the-column-has-the-unit)
DIGEST price-llama8b.mlp_up.t512.bwd_dx int15i64.v1.mma 0xd25adc12f122f248
PRICE IDENTICAL int15.llama8b.mlp_up.t512.bwd_dx.int15i64.v1.mma.device 2.508433
   device-bits int15.llama8b.mlp_up.t512.bwd_dx.int15i64.v1.mma.device 2.508433/0x400411455219a848
INT15 nvidia llama8b.mlp_up.t512.bwd_dx 512 4096 14336 FULL int15i64.v1.mma 2.5084 2.5022 11985.4790 GMAC/s 0xd25adc12f122f248 dispatched,four-unit-products
DIGEST conv-llama8b.mlp_up.t512.bwd_dx convert.int15.quantize.a 0x702c87e35b5a7ee8
PRICE IDENTICAL int15.llama8b.mlp_up.t512.bwd_dx.convert.int15.quantize.a.device 6.624558
   device-bits int15.llama8b.mlp_up.t512.bwd_dx.convert.int15.quantize.a.device 6.624558/0x401a7f8c21e1d218
INT15 nvidia llama8b.mlp_up.t512.bwd_dx 512 4096 14336 FULL convert.int15.quantize.a 6.6246 6.5479 1.1080 Gelem/s 0x702c87e35b5a7ee8 per-call
DIGEST conv-llama8b.mlp_up.t512.bwd_dx convert.int15.quantize.a.parallel 0x702c87e35b5a7ee8
PRICE IDENTICAL int15.llama8b.mlp_up.t512.bwd_dx.convert.int15.quantize.a.parallel.device 0.148202
   device-bits int15.llama8b.mlp_up.t512.bwd_dx.convert.int15.quantize.a.parallel.device 0.148202/0x3fc2f8487b99d452
INT15 nvidia llama8b.mlp_up.t512.bwd_dx 512 4096 14336 FULL convert.int15.quantize.a.parallel 0.1482 0.1474 49.5272 Gelem/s 0x702c87e35b5a7ee8 per-call
DIGEST conv-llama8b.mlp_up.t512.bwd_dx convert.int15.planes.a.parallel 0x99df5fc34d66c8af
PRICE IDENTICAL int15.llama8b.mlp_up.t512.bwd_dx.convert.int15.planes.a.parallel.device 0.06679
   device-bits int15.llama8b.mlp_up.t512.bwd_dx.convert.int15.planes.a.parallel.device 0.06679/0x3fb1192641b328b7
INT15 nvidia llama8b.mlp_up.t512.bwd_dx 512 4096 14336 FULL convert.int15.planes.a.parallel 0.0668 0.0662 109.8972 Gelem/s 0x99df5fc34d66c8af per-call
DIGEST conv-llama8b.mlp_up.t512.bwd_dx convert.int15.split.a 0x99df5fc34d66c8af
PRICE IDENTICAL int15.llama8b.mlp_up.t512.bwd_dx.convert.int15.split.a.device 0.027101
   device-bits int15.llama8b.mlp_up.t512.bwd_dx.convert.int15.split.a.device 0.027101/0x3f9bc05d52c16df4
INT15 nvidia llama8b.mlp_up.t512.bwd_dx 512 4096 14336 FULL convert.int15.split.a 0.0271 0.0265 270.8399 Gelem/s 0x99df5fc34d66c8af per-call
DIGEST conv-llama8b.mlp_up.t512.bwd_dx convert.int15.quantize.b 0xda60585d9b0dc19d
PRICE IDENTICAL int15.llama8b.mlp_up.t512.bwd_dx.convert.int15.quantize.b.device 6.555083
   device-bits int15.llama8b.mlp_up.t512.bwd_dx.convert.int15.quantize.b.device 6.555083/0x401a3867ad8e4324
INT15 nvidia llama8b.mlp_up.t512.bwd_dx 512 4096 14336 FULL convert.int15.quantize.b 6.5551 6.5505 8.9580 Gelem/s 0xda60585d9b0dc19d per-step,transposing
DIGEST conv-llama8b.mlp_up.t512.bwd_dx convert.int15.quantize.b.parallel 0xda60585d9b0dc19d
PRICE IDENTICAL int15.llama8b.mlp_up.t512.bwd_dx.convert.int15.quantize.b.parallel.device 2.617948
   device-bits int15.llama8b.mlp_up.t512.bwd_dx.convert.int15.quantize.b.parallel.device 2.617948/0x4004f18eb8950764
INT15 nvidia llama8b.mlp_up.t512.bwd_dx 512 4096 14336 FULL convert.int15.quantize.b.parallel 2.6179 2.6033 22.4299 Gelem/s 0xda60585d9b0dc19d per-step,transposing
DIGEST conv-llama8b.mlp_up.t512.bwd_dx convert.int15.planes.b.parallel 0xad29fb7fad789398
PRICE IDENTICAL int15.llama8b.mlp_up.t512.bwd_dx.convert.int15.planes.b.parallel.device 2.581082
   device-bits int15.llama8b.mlp_up.t512.bwd_dx.convert.int15.planes.b.parallel.device 2.581082/0x4004a60e51d25aab
INT15 nvidia llama8b.mlp_up.t512.bwd_dx 512 4096 14336 FULL convert.int15.planes.b.parallel 2.5811 2.5737 22.7502 Gelem/s 0xad29fb7fad789398 per-step,transposing
DIGEST conv-llama8b.mlp_up.t512.bwd_dx convert.int15.split.b 0xad29fb7fad789398
PRICE IDENTICAL int15.llama8b.mlp_up.t512.bwd_dx.convert.int15.split.b.device 0.306811
   device-bits int15.llama8b.mlp_up.t512.bwd_dx.convert.int15.split.b.device 0.306811/0x3fd3a2ca9ac36545
INT15 nvidia llama8b.mlp_up.t512.bwd_dx 512 4096 14336 FULL convert.int15.split.b 0.3068 0.3051 191.3890 Gelem/s 0xad29fb7fad789398 once-per-weight-at-inference,per-step-at-training
INT15-NOT-RUN nvidia llama8b.mlp_up.t512.bwd_dx inference.int15i64.v1.planes inference-has-no-backward-product
INT15-NOT-RUN nvidia llama8b.mlp_up.t512.bwd_dx inference.int15i64.v1.codes inference-has-no-backward-product
INT15-NOT-RUN nvidia llama8b.mlp_up.t512.bwd_dx inference.int15i64.v1.planes.rowquant inference-has-no-backward-product
DIGEST price-llama8b.mlp_up.t512.bwd_dx training.int15i64.v1.planes 0xd25adc12f122f248
PRICE IDENTICAL int15.llama8b.mlp_up.t512.bwd_dx.training.int15i64.v1.planes.device 5.249665
   device-bits int15.llama8b.mlp_up.t512.bwd_dx.training.int15i64.v1.planes.device 5.249665/0x4014ffa82e87d2c8
INT15 nvidia llama8b.mlp_up.t512.bwd_dx 512 4096 14336 FULL training.int15i64.v1.planes 5.2497 5.2446 5726.9885 GMAC/s 0xd25adc12f122f248 planes.a.parallel+planes.b.parallel+product
DIGEST price-llama8b.mlp_up.t512.bwd_dx training.int15i64.v1.codes 0xd25adc12f122f248
PRICE IDENTICAL int15.llama8b.mlp_up.t512.bwd_dx.training.int15i64.v1.codes.device 5.548163
   device-bits int15.llama8b.mlp_up.t512.bwd_dx.training.int15i64.v1.codes.device 5.548163/0x40163151a437824d
INT15 nvidia llama8b.mlp_up.t512.bwd_dx 512 4096 14336 FULL training.int15i64.v1.codes 5.5482 5.5040 5418.8695 GMAC/s 0xd25adc12f122f248 quantize.a.parallel+quantize.b.parallel+split.a+split.b+product
DIGEST price-llama8b.mlp_up.t512.bwd_dx training.int15i64.v1.planes.rowquant 0xd25adc12f122f248
PRICE IDENTICAL int15.llama8b.mlp_up.t512.bwd_dx.training.int15i64.v1.planes.rowquant.device 16.042266
   device-bits int15.llama8b.mlp_up.t512.bwd_dx.training.int15i64.v1.planes.rowquant.device 16.042266/0x40300ad1f1cfbb95
INT15 nvidia llama8b.mlp_up.t512.bwd_dx 512 4096 14336 FULL training.int15i64.v1.planes.rowquant 16.0423 16.0307 1874.0975 GMAC/s 0xd25adc12f122f248 quantize.a+quantize.b+split.a+split.b+product
INT15-NOT-RUN nvidia llama8b.mlp_up.t512.bwd_dx int15i64.v1.apple.two this-column-is-not-apple
INT15-NOT-RUN nvidia llama8b.mlp_up.t512.bwd_dx int15i64.v1.apple.four this-column-is-not-apple
INT15-NOT-RUN nvidia llama8b.mlp_up.t512.bwd_dx inference.int15i64.v1.apple.two this-column-is-not-apple
INT15-NOT-RUN nvidia llama8b.mlp_up.t512.bwd_dx inference.int15i64.v1.apple.four this-column-is-not-apple
INT15-NOT-RUN nvidia llama8b.mlp_up.t512.bwd_dx training.int15i64.v1.apple.two this-column-is-not-apple
INT15-NOT-RUN nvidia llama8b.mlp_up.t512.bwd_dx training.int15i64.v1.apple.four this-column-is-not-apple
DIGEST price-llama8b.mlp_up.t512.bwd_dx int15i64.v1.tuned 0xd25adc12f122f248
PRICE IDENTICAL int15.llama8b.mlp_up.t512.bwd_dx.int15i64.v1.tuned.device 2.251127
   device-bits int15.llama8b.mlp_up.t512.bwd_dx.int15i64.v1.tuned.device 2.251127/0x4002024edf612407
INT15 nvidia llama8b.mlp_up.t512.bwd_dx 512 4096 14336 FULL int15i64.v1.tuned 2.2511 2.2384 13355.4309 GMAC/s 0xd25adc12f122f248 not-dispatched,four-products-one-staging,epilogue-at-the-store
INT15-NOT-RUN nvidia llama8b.mlp_up.t512.bwd_dx inference.int15i64.v1.tuned inference-has-no-backward-product
DIGEST price-llama8b.mlp_up.t512.bwd_dx training.int15i64.v1.tuned 0xd25adc12f122f248
PRICE IDENTICAL int15.llama8b.mlp_up.t512.bwd_dx.training.int15i64.v1.tuned.device 4.890737
   device-bits int15.llama8b.mlp_up.t512.bwd_dx.training.int15i64.v1.tuned.device 4.890737/0x4013901d5c31593e
INT15 nvidia llama8b.mlp_up.t512.bwd_dx 512 4096 14336 FULL training.int15i64.v1.tuned 4.8907 4.8647 6147.2884 GMAC/s 0xd25adc12f122f248 planes.a.parallel+planes.b.parallel+four-products-one-staging,epilogue-at-the-store
DIGEST price-llama8b.mlp_up.t512.bwd_dx int15i64.v1.tuned.two_launch 0xd25adc12f122f248
PRICE IDENTICAL int15.llama8b.mlp_up.t512.bwd_dx.int15i64.v1.tuned.two_launch.device 2.375093
   device-bits int15.llama8b.mlp_up.t512.bwd_dx.int15i64.v1.tuned.two_launch.device 2.375093/0x40030030c23fab11
INT15 nvidia llama8b.mlp_up.t512.bwd_dx 512 4096 14336 FULL int15i64.v1.tuned.two_launch 2.3751 2.3703 12658.3553 GMAC/s 0xd25adc12f122f248 not-dispatched,four-products-one-staging+epilogue-launch
INT15-NOT-RUN nvidia llama8b.mlp_up.t512.bwd_dx inference.int15i64.v1.tuned.two_launch inference-has-no-backward-product
DIGEST price-llama8b.mlp_up.t512.bwd_dx training.int15i64.v1.tuned.two_launch 0xd25adc12f122f248
PRICE IDENTICAL int15.llama8b.mlp_up.t512.bwd_dx.training.int15i64.v1.tuned.two_launch.device 4.988944
   device-bits int15.llama8b.mlp_up.t512.bwd_dx.training.int15i64.v1.tuned.two_launch.device 4.988944/0x4013f4adbc664d3c
INT15 nvidia llama8b.mlp_up.t512.bwd_dx 512 4096 14336 FULL training.int15i64.v1.tuned.two_launch 4.9889 4.9761 6026.2795 GMAC/s 0xd25adc12f122f248 planes.a.parallel+planes.b.parallel+four-products-one-staging+epilogue-launch

== llama8b.mlp_up.t512.bwd_dw  m=14336 n=4096 k=512  FULL  fp32 plan: TUNED 128x128 reg8x8 KS=16 fold=16 local tpb=256 hwftz=True (1-D grid, no swizzle)
DIGEST fp32-llama8b.mlp_up.t512.bwd_dw fp32.v1 0x64a7d4375083cf3f
PRICE IDENTICAL int15.llama8b.mlp_up.t512.bwd_dw.fp32.v1.device 2.410516
   device-bits int15.llama8b.mlp_up.t512.bwd_dw.fp32.v1.device 2.410516/0x400348bc9cd3e0bd
INT15 nvidia llama8b.mlp_up.t512.bwd_dw 14336 4096 512 FULL fp32.v1 2.4105 2.3915 12472.3383 GMAC/s 0x64a7d4375083cf3f OP_TN,plan=10
DIGEST price-llama8b.mlp_up.t512.bwd_dw int15i64.v1.flat 0x7f5a1c9a4096e46d
PRICE IDENTICAL int15.llama8b.mlp_up.t512.bwd_dw.int15i64.v1.flat.device 89.022367
   device-bits int15.llama8b.mlp_up.t512.bwd_dw.int15i64.v1.flat.device 89.022367/0x4056416e75ff609e
INT15 nvidia llama8b.mlp_up.t512.bwd_dw 14336 4096 512 FULL int15i64.v1.flat 89.0224 89.0199 337.7215 GMAC/s 0x7f5a1c9a4096e46d not-dispatched(the-column-has-the-unit)
DIGEST price-llama8b.mlp_up.t512.bwd_dw int15i64.v1.pieces 0x7f5a1c9a4096e46d
PRICE IDENTICAL int15.llama8b.mlp_up.t512.bwd_dw.int15i64.v1.pieces.device 449.765897
   device-bits int15.llama8b.mlp_up.t512.bwd_dw.int15i64.v1.pieces.device 449.765897/0x407c1c411d3671ac
INT15 nvidia llama8b.mlp_up.t512.bwd_dw 14336 4096 512 FULL int15i64.v1.pieces 449.7659 449.7240 66.8454 GMAC/s 0x7f5a1c9a4096e46d not-dispatched(the-column-has-the-unit)
DIGEST price-llama8b.mlp_up.t512.bwd_dw int15i64.v1.mma 0x7f5a1c9a4096e46d
PRICE IDENTICAL int15.llama8b.mlp_up.t512.bwd_dw.int15i64.v1.mma.device 2.382294
   device-bits int15.llama8b.mlp_up.t512.bwd_dw.int15i64.v1.mma.device 2.382294/0x40030ef0281ba7fc
INT15 nvidia llama8b.mlp_up.t512.bwd_dw 14336 4096 512 FULL int15i64.v1.mma 2.3823 2.3434 12620.0927 GMAC/s 0x7f5a1c9a4096e46d dispatched,four-unit-products
DIGEST conv-llama8b.mlp_up.t512.bwd_dw convert.int15.quantize.a 0xb5be61f74714be0b
PRICE IDENTICAL int15.llama8b.mlp_up.t512.bwd_dw.convert.int15.quantize.a.device 0.244957
   device-bits int15.llama8b.mlp_up.t512.bwd_dw.convert.int15.quantize.a.device 0.244957/0x3fcf5ac03ff69015
INT15 nvidia llama8b.mlp_up.t512.bwd_dw 14336 4096 512 FULL convert.int15.quantize.a 0.2450 0.1956 29.9646 Gelem/s 0xb5be61f74714be0b per-call,transposing
DIGEST conv-llama8b.mlp_up.t512.bwd_dw convert.int15.quantize.a.parallel 0xb5be61f74714be0b
PRICE IDENTICAL int15.llama8b.mlp_up.t512.bwd_dw.convert.int15.quantize.a.parallel.device 0.142694
   device-bits int15.llama8b.mlp_up.t512.bwd_dw.convert.int15.quantize.a.parallel.device 0.142694/0x3fc243cc07aaef2c
INT15 nvidia llama8b.mlp_up.t512.bwd_dw 14336 4096 512 FULL convert.int15.quantize.a.parallel 0.1427 0.1416 51.4390 Gelem/s 0xb5be61f74714be0b per-call,transposing
DIGEST conv-llama8b.mlp_up.t512.bwd_dw convert.int15.planes.a.parallel 0xeb86f345a0f5c39a
PRICE IDENTICAL int15.llama8b.mlp_up.t512.bwd_dw.convert.int15.planes.a.parallel.device 0.111737
   device-bits int15.llama8b.mlp_up.t512.bwd_dw.convert.int15.planes.a.parallel.device 0.111737/0x3fbc9acbc8c0ce92
INT15 nvidia llama8b.mlp_up.t512.bwd_dw 14336 4096 512 FULL convert.int15.planes.a.parallel 0.1117 0.1108 65.6903 Gelem/s 0xeb86f345a0f5c39a per-call,transposing
DIGEST conv-llama8b.mlp_up.t512.bwd_dw convert.int15.split.a 0xeb86f345a0f5c39a
PRICE IDENTICAL int15.llama8b.mlp_up.t512.bwd_dw.convert.int15.split.a.device 0.031697
   device-bits int15.llama8b.mlp_up.t512.bwd_dw.convert.int15.split.a.device 0.031697/0x3fa03a96d4c33b54
INT15 nvidia llama8b.mlp_up.t512.bwd_dw 14336 4096 512 FULL convert.int15.split.a 0.0317 0.0314 231.5687 Gelem/s 0xeb86f345a0f5c39a per-call
DIGEST conv-llama8b.mlp_up.t512.bwd_dw convert.int15.quantize.b 0x4020b24addf55360
PRICE IDENTICAL int15.llama8b.mlp_up.t512.bwd_dw.convert.int15.quantize.b.device 0.1663
   device-bits int15.llama8b.mlp_up.t512.bwd_dw.convert.int15.quantize.b.device 0.1663/0x3fc5495182a9930c
INT15 nvidia llama8b.mlp_up.t512.bwd_dw 14336 4096 512 FULL convert.int15.quantize.b 0.1663 0.1651 12.6107 Gelem/s 0x4020b24addf55360 per-step,transposing
DIGEST conv-llama8b.mlp_up.t512.bwd_dw convert.int15.quantize.b.parallel 0x4020b24addf55360
PRICE IDENTICAL int15.llama8b.mlp_up.t512.bwd_dw.convert.int15.quantize.b.parallel.device 0.062834
   device-bits int15.llama8b.mlp_up.t512.bwd_dw.convert.int15.quantize.b.parallel.device 0.062834/0x3fb015e39713ad5c
INT15 nvidia llama8b.mlp_up.t512.bwd_dw 14336 4096 512 FULL convert.int15.quantize.b.parallel 0.0628 0.0623 33.3761 Gelem/s 0x4020b24addf55360 per-step,transposing
DIGEST conv-llama8b.mlp_up.t512.bwd_dw convert.int15.planes.b.parallel 0xe2e3bcc68ceb9073
PRICE IDENTICAL int15.llama8b.mlp_up.t512.bwd_dw.convert.int15.planes.b.parallel.device 0.046891
   device-bits int15.llama8b.mlp_up.t512.bwd_dw.convert.int15.planes.b.parallel.device 0.046891/0x3fa80218def416be
INT15 nvidia llama8b.mlp_up.t512.bwd_dw 14336 4096 512 FULL convert.int15.planes.b.parallel 0.0469 0.0459 44.7240 Gelem/s 0xe2e3bcc68ceb9073 per-step,transposing
DIGEST conv-llama8b.mlp_up.t512.bwd_dw convert.int15.split.b 0xe2e3bcc68ceb9073
PRICE IDENTICAL int15.llama8b.mlp_up.t512.bwd_dw.convert.int15.split.b.device 0.015644
   device-bits int15.llama8b.mlp_up.t512.bwd_dw.convert.int15.split.b.device 0.015644/0x3f9004fb1183b603
INT15 nvidia llama8b.mlp_up.t512.bwd_dw 14336 4096 512 FULL convert.int15.split.b 0.0156 0.0155 134.0547 Gelem/s 0xe2e3bcc68ceb9073 once-per-weight-at-inference,per-step-at-training
INT15-NOT-RUN nvidia llama8b.mlp_up.t512.bwd_dw inference.int15i64.v1.planes inference-has-no-backward-product
INT15-NOT-RUN nvidia llama8b.mlp_up.t512.bwd_dw inference.int15i64.v1.codes inference-has-no-backward-product
INT15-NOT-RUN nvidia llama8b.mlp_up.t512.bwd_dw inference.int15i64.v1.planes.rowquant inference-has-no-backward-product
DIGEST price-llama8b.mlp_up.t512.bwd_dw training.int15i64.v1.planes 0x7f5a1c9a4096e46d
PRICE IDENTICAL int15.llama8b.mlp_up.t512.bwd_dw.training.int15i64.v1.planes.device 2.590917
   device-bits int15.llama8b.mlp_up.t512.bwd_dw.training.int15i64.v1.planes.device 2.590917/0x4004ba32b12d3416
INT15 nvidia llama8b.mlp_up.t512.bwd_dw 14336 4096 512 FULL training.int15i64.v1.planes 2.5909 2.5366 11603.9113 GMAC/s 0x7f5a1c9a4096e46d planes.a.parallel+planes.b.parallel+product
DIGEST price-llama8b.mlp_up.t512.bwd_dw training.int15i64.v1.codes 0x7f5a1c9a4096e46d
PRICE IDENTICAL int15.llama8b.mlp_up.t512.bwd_dw.training.int15i64.v1.codes.device 2.600962
   device-bits int15.llama8b.mlp_up.t512.bwd_dw.training.int15i64.v1.codes.device 2.600962/0x4004cec52a411c2a
INT15 nvidia llama8b.mlp_up.t512.bwd_dw 14336 4096 512 FULL training.int15i64.v1.codes 2.6010 2.5476 11559.0966 GMAC/s 0x7f5a1c9a4096e46d quantize.a.parallel+quantize.b.parallel+split.a+split.b+product
DIGEST price-llama8b.mlp_up.t512.bwd_dw training.int15i64.v1.planes.rowquant 0x7f5a1c9a4096e46d
PRICE IDENTICAL int15.llama8b.mlp_up.t512.bwd_dw.training.int15i64.v1.planes.rowquant.device 2.69317
   device-bits int15.llama8b.mlp_up.t512.bwd_dw.training.int15i64.v1.planes.rowquant.device 2.69317/0x40058b9cb6848beb
INT15 nvidia llama8b.mlp_up.t512.bwd_dw 14336 4096 512 FULL training.int15i64.v1.planes.rowquant 2.6932 2.6908 11163.3395 GMAC/s 0x7f5a1c9a4096e46d quantize.a+quantize.b+split.a+split.b+product
INT15-NOT-RUN nvidia llama8b.mlp_up.t512.bwd_dw int15i64.v1.apple.two this-column-is-not-apple
INT15-NOT-RUN nvidia llama8b.mlp_up.t512.bwd_dw int15i64.v1.apple.four this-column-is-not-apple
INT15-NOT-RUN nvidia llama8b.mlp_up.t512.bwd_dw inference.int15i64.v1.apple.two this-column-is-not-apple
INT15-NOT-RUN nvidia llama8b.mlp_up.t512.bwd_dw inference.int15i64.v1.apple.four this-column-is-not-apple
INT15-NOT-RUN nvidia llama8b.mlp_up.t512.bwd_dw training.int15i64.v1.apple.two this-column-is-not-apple
INT15-NOT-RUN nvidia llama8b.mlp_up.t512.bwd_dw training.int15i64.v1.apple.four this-column-is-not-apple
DIGEST price-llama8b.mlp_up.t512.bwd_dw int15i64.v1.tuned 0x7f5a1c9a4096e46d
PRICE IDENTICAL int15.llama8b.mlp_up.t512.bwd_dw.int15i64.v1.tuned.device 1.670466
   device-bits int15.llama8b.mlp_up.t512.bwd_dw.int15i64.v1.tuned.device 1.670466/0x3ffaba3a8e71476b
INT15 nvidia llama8b.mlp_up.t512.bwd_dw 14336 4096 512 FULL int15i64.v1.tuned 1.6705 1.6402 17997.8348 GMAC/s 0x7f5a1c9a4096e46d not-dispatched,four-products-one-staging,epilogue-at-the-store
INT15-NOT-RUN nvidia llama8b.mlp_up.t512.bwd_dw inference.int15i64.v1.tuned inference-has-no-backward-product
DIGEST price-llama8b.mlp_up.t512.bwd_dw training.int15i64.v1.tuned 0x7f5a1c9a4096e46d
PRICE IDENTICAL int15.llama8b.mlp_up.t512.bwd_dw.training.int15i64.v1.tuned.device 1.786049
   device-bits int15.llama8b.mlp_up.t512.bwd_dw.training.int15i64.v1.tuned.device 1.786049/0x3ffc93a81dc0db27
INT15 nvidia llama8b.mlp_up.t512.bwd_dw 14336 4096 512 FULL training.int15i64.v1.tuned 1.7860 1.7500 16833.1166 GMAC/s 0x7f5a1c9a4096e46d planes.a.parallel+planes.b.parallel+four-products-one-staging,epilogue-at-the-store
DIGEST price-llama8b.mlp_up.t512.bwd_dw int15i64.v1.tuned.two_launch 0x7f5a1c9a4096e46d
PRICE IDENTICAL int15.llama8b.mlp_up.t512.bwd_dw.int15i64.v1.tuned.two_launch.device 4.157878
   device-bits int15.llama8b.mlp_up.t512.bwd_dw.int15i64.v1.tuned.two_launch.device 4.157878/0x4010a1aac53b0814
INT15 nvidia llama8b.mlp_up.t512.bwd_dw 14336 4096 512 FULL int15i64.v1.tuned.two_launch 4.1579 4.1206 7230.7968 GMAC/s 0x7f5a1c9a4096e46d not-dispatched,four-products-one-staging+epilogue-launch
INT15-NOT-RUN nvidia llama8b.mlp_up.t512.bwd_dw inference.int15i64.v1.tuned.two_launch inference-has-no-backward-product
DIGEST price-llama8b.mlp_up.t512.bwd_dw training.int15i64.v1.tuned.two_launch 0x7f5a1c9a4096e46d
PRICE IDENTICAL int15.llama8b.mlp_up.t512.bwd_dw.training.int15i64.v1.tuned.two_launch.device 4.348593
   device-bits int15.llama8b.mlp_up.t512.bwd_dw.training.int15i64.v1.tuned.two_launch.device 4.348593/0x401164f5903a7547
INT15 nvidia llama8b.mlp_up.t512.bwd_dw 14336 4096 512 FULL training.int15i64.v1.tuned.two_launch 4.3486 4.3013 6913.6778 GMAC/s 0x7f5a1c9a4096e46d planes.a.parallel+planes.b.parallel+four-products-one-staging+epilogue-launch

== done [IDENTICAL]: 3 rows ==
