31985 external/tcmalloc+/tcmalloc/internal/system_allocator.h:713] Warning: Unable to mbind memory (errno=1, base=0x5b13c0000000, nodemask=2)
== bench/gemm_int15_price_main.mojo [IDENTICAL] ==
column nvidia
profiles fp32.v1, int15i64.v1
int15 dispatch: mma (lib_int8_matrix_unit_for)
sabotage: none
repeats 5  mac budget 34359738368  only mlp_up.t512
EVERY NUMBER BELOW IS ONE BOX'S TIME ON ONE RUN. One call and one synchronize per sample; the median of the timed calls is reported and the minimum beside it.

== llama8b.mlp_up.t512  m=512 n=14336 k=4096  FULL  fp32 plan: TUNED 128x128 reg8x8 KS=16 fold=16 local tpb=256 hwftz=True (1-D grid, no swizzle)
31985 external/tcmalloc+/tcmalloc/internal/system_allocator.h:713] Warning: Unable to mbind memory (errno=1, base=0x13fcc0000000, nodemask=1)
DIGEST fp32-llama8b.mlp_up.t512 fp32.v1 0x27a166783c45f9f0
PRICE IDENTICAL int15.llama8b.mlp_up.t512.fp32.v1.device 3.141613
   device-bits int15.llama8b.mlp_up.t512.fp32.v1.device 3.141613/0x40092205ff1d81f1
INT15 nvidia llama8b.mlp_up.t512 512 14336 4096 FULL fp32.v1 3.1416 3.1362 9569.8519 GMAC/s 0x27a166783c45f9f0 OP_NT,plan=10
DIGEST price-llama8b.mlp_up.t512 int15i64.v1.flat 0x31746954b2b719d4
PRICE IDENTICAL int15.llama8b.mlp_up.t512.int15i64.v1.flat.device 89.857871
   device-bits int15.llama8b.mlp_up.t512.int15i64.v1.flat.device 89.857871/0x405676e75bc44bf5
INT15 nvidia llama8b.mlp_up.t512 512 14336 4096 FULL int15i64.v1.flat 89.8579 89.8083 334.5814 GMAC/s 0x31746954b2b719d4 not-dispatched(the-column-has-the-unit)
DIGEST price-llama8b.mlp_up.t512 int15i64.v1.pieces 0x31746954b2b719d4
PRICE IDENTICAL int15.llama8b.mlp_up.t512.int15i64.v1.pieces.device 464.867753
   device-bits int15.llama8b.mlp_up.t512.int15i64.v1.pieces.device 464.867753/0x407d0de250f84018
INT15 nvidia llama8b.mlp_up.t512 512 14336 4096 FULL int15i64.v1.pieces 464.8678 463.7423 64.6738 GMAC/s 0x31746954b2b719d4 not-dispatched(the-column-has-the-unit)
DIGEST price-llama8b.mlp_up.t512 int15i64.v1.mma 0x31746954b2b719d4
PRICE IDENTICAL int15.llama8b.mlp_up.t512.int15i64.v1.mma.device 4.192469
   device-bits int15.llama8b.mlp_up.t512.int15i64.v1.mma.device 4.192469/0x4010c51697f1f9ad
INT15 nvidia llama8b.mlp_up.t512 512 14336 4096 FULL int15i64.v1.mma 4.1925 4.1679 7171.1374 GMAC/s 0x31746954b2b719d4 dispatched,four-unit-products
DIGEST conv-llama8b.mlp_up.t512 convert.int15.quantize.a 0xb4bf94dcc3facd06
PRICE IDENTICAL int15.llama8b.mlp_up.t512.convert.int15.quantize.a.device 1.908633
   device-bits int15.llama8b.mlp_up.t512.convert.int15.quantize.a.device 1.908633/0x3ffe89c2c1b10fd8
INT15 nvidia llama8b.mlp_up.t512 512 14336 4096 FULL convert.int15.quantize.a 1.9086 1.8628 1.0988 Gelem/s 0xb4bf94dcc3facd06 per-call
DIGEST conv-llama8b.mlp_up.t512 convert.int15.quantize.a.parallel 0xb4bf94dcc3facd06
PRICE IDENTICAL int15.llama8b.mlp_up.t512.convert.int15.quantize.a.parallel.device 0.051798
   device-bits int15.llama8b.mlp_up.t512.convert.int15.quantize.a.parallel.device 0.051798/0x3faa854477ff151e
INT15 nvidia llama8b.mlp_up.t512 512 14336 4096 FULL convert.int15.quantize.a.parallel 0.0518 0.0507 40.4871 Gelem/s 0xb4bf94dcc3facd06 per-call
DIGEST conv-llama8b.mlp_up.t512 convert.int15.planes.a.parallel 0xa995a6c363c89d21
PRICE IDENTICAL int15.llama8b.mlp_up.t512.convert.int15.planes.a.parallel.device 0.014111
   device-bits int15.llama8b.mlp_up.t512.convert.int15.planes.a.parallel.device 0.014111/0x3f8ce63a5c1c6089
INT15 nvidia llama8b.mlp_up.t512 512 14336 4096 FULL convert.int15.planes.a.parallel 0.0141 0.0136 148.6182 Gelem/s 0xa995a6c363c89d21 per-call
DIGEST conv-llama8b.mlp_up.t512 convert.int15.split.a 0xa995a6c363c89d21
PRICE IDENTICAL int15.llama8b.mlp_up.t512.convert.int15.split.a.device 0.01342
   device-bits int15.llama8b.mlp_up.t512.convert.int15.split.a.device 0.01342/0x3f8b7bf1e8e60807
INT15 nvidia llama8b.mlp_up.t512 512 14336 4096 FULL convert.int15.split.a 0.0134 0.0128 156.2706 Gelem/s 0xa995a6c363c89d21 per-call
DIGEST conv-llama8b.mlp_up.t512 convert.int15.quantize.b 0x828a1731c89221c0
PRICE IDENTICAL int15.llama8b.mlp_up.t512.convert.int15.quantize.b.device 2.833881
   device-bits int15.llama8b.mlp_up.t512.convert.int15.quantize.b.device 2.833881/0x4006abc9cd3e0bd4
INT15 nvidia llama8b.mlp_up.t512 512 14336 4096 FULL convert.int15.quantize.b 2.8339 2.8189 20.7208 Gelem/s 0x828a1731c89221c0 once-per-weight-at-inference,per-step-at-training
DIGEST conv-llama8b.mlp_up.t512 convert.int15.quantize.b.parallel 0x828a1731c89221c0
PRICE IDENTICAL int15.llama8b.mlp_up.t512.convert.int15.quantize.b.parallel.device 1.474061
   device-bits int15.llama8b.mlp_up.t512.convert.int15.quantize.b.parallel.device 1.474061/0x3ff795c0fcb4f1e5
INT15 nvidia llama8b.mlp_up.t512 512 14336 4096 FULL convert.int15.quantize.b.parallel 1.4741 1.4662 39.8357 Gelem/s 0x828a1731c89221c0 once-per-weight-at-inference,per-step-at-training
DIGEST conv-llama8b.mlp_up.t512 convert.int15.planes.b.parallel 0x74a888a8034727d3
PRICE IDENTICAL int15.llama8b.mlp_up.t512.convert.int15.planes.b.parallel.device 0.492468
   device-bits int15.llama8b.mlp_up.t512.convert.int15.planes.b.parallel.device 0.492468/0x3fdf84988094e5d6
INT15 nvidia llama8b.mlp_up.t512 512 14336 4096 FULL convert.int15.planes.b.parallel 0.4925 0.4883 119.2367 Gelem/s 0x74a888a8034727d3 once-per-weight-at-inference,per-step-at-training
DIGEST conv-llama8b.mlp_up.t512 convert.int15.split.b 0x74a888a8034727d3
PRICE IDENTICAL int15.llama8b.mlp_up.t512.convert.int15.split.b.device 0.338318
   device-bits int15.llama8b.mlp_up.t512.convert.int15.split.b.device 0.338318/0x3fd5a7008a697aee
INT15 nvidia llama8b.mlp_up.t512 512 14336 4096 FULL convert.int15.split.b 0.3383 0.3370 173.5653 Gelem/s 0x74a888a8034727d3 once-per-weight-at-inference,per-step-at-training
DIGEST price-llama8b.mlp_up.t512 inference.int15i64.v1.planes 0x31746954b2b719d4
PRICE IDENTICAL int15.llama8b.mlp_up.t512.inference.int15i64.v1.planes.device 4.211058
   device-bits int15.llama8b.mlp_up.t512.inference.int15i64.v1.planes.device 4.211058/0x4010d81f969e3c97
INT15 nvidia llama8b.mlp_up.t512 512 14336 4096 FULL inference.int15i64.v1.planes 4.2111 4.1935 7139.4816 GMAC/s 0x31746954b2b719d4 planes.a.parallel+product
DIGEST price-llama8b.mlp_up.t512 inference.int15i64.v1.codes 0x31746954b2b719d4
PRICE IDENTICAL int15.llama8b.mlp_up.t512.inference.int15i64.v1.codes.device 4.260301
   device-bits int15.llama8b.mlp_up.t512.inference.int15i64.v1.codes.device 4.260301/0x40110a8c586876e2
INT15 nvidia llama8b.mlp_up.t512 512 14336 4096 FULL inference.int15i64.v1.codes 4.2603 4.2502 7056.9594 GMAC/s 0x31746954b2b719d4 quantize.a.parallel+split.a+split.b+product
DIGEST price-llama8b.mlp_up.t512 inference.int15i64.v1.planes.rowquant 0x31746954b2b719d4
PRICE IDENTICAL int15.llama8b.mlp_up.t512.inference.int15i64.v1.planes.rowquant.device 5.990686
   device-bits int15.llama8b.mlp_up.t512.inference.int15i64.v1.planes.rowquant.device 5.990686/0x4017f676640a6b94
INT15 nvidia llama8b.mlp_up.t512 512 14336 4096 FULL inference.int15i64.v1.planes.rowquant 5.9907 5.8829 5018.5857 GMAC/s 0x31746954b2b719d4 quantize.a+split.a+product
DIGEST price-llama8b.mlp_up.t512 training.int15i64.v1.planes 0x31746954b2b719d4
PRICE IDENTICAL int15.llama8b.mlp_up.t512.training.int15i64.v1.planes.device 4.358428
   device-bits int15.llama8b.mlp_up.t512.training.int15i64.v1.planes.device 4.358428/0x40116f07bfe7e1fc
INT15 nvidia llama8b.mlp_up.t512 512 14336 4096 FULL training.int15i64.v1.planes 4.3584 4.3340 6898.0768 GMAC/s 0x31746954b2b719d4 planes.a.parallel+planes.b.parallel+product
DIGEST price-llama8b.mlp_up.t512 training.int15i64.v1.codes 0x31746954b2b719d4
PRICE IDENTICAL int15.llama8b.mlp_up.t512.training.int15i64.v1.codes.device 5.76626
   device-bits int15.llama8b.mlp_up.t512.training.int15i64.v1.codes.device 5.76626/0x401710a67620ee8d
INT15 nvidia llama8b.mlp_up.t512 512 14336 4096 FULL training.int15i64.v1.codes 5.7663 5.7471 5213.9118 GMAC/s 0x31746954b2b719d4 quantize.a.parallel+quantize.b.parallel+split.a+split.b+product
DIGEST price-llama8b.mlp_up.t512 training.int15i64.v1.planes.rowquant 0x31746954b2b719d4
PRICE IDENTICAL int15.llama8b.mlp_up.t512.training.int15i64.v1.planes.rowquant.device 8.796396
   device-bits int15.llama8b.mlp_up.t512.training.int15i64.v1.planes.rowquant.device 8.796396/0x402197c1376d5497
INT15 nvidia llama8b.mlp_up.t512 512 14336 4096 FULL training.int15i64.v1.planes.rowquant 8.7964 8.7865 3417.8510 GMAC/s 0x31746954b2b719d4 quantize.a+quantize.b+split.a+split.b+product
INT15-NOT-RUN nvidia llama8b.mlp_up.t512 int15i64.v1.apple.two this-column-is-not-apple
INT15-NOT-RUN nvidia llama8b.mlp_up.t512 int15i64.v1.apple.four this-column-is-not-apple
INT15-NOT-RUN nvidia llama8b.mlp_up.t512 inference.int15i64.v1.apple.two this-column-is-not-apple
INT15-NOT-RUN nvidia llama8b.mlp_up.t512 inference.int15i64.v1.apple.four this-column-is-not-apple
INT15-NOT-RUN nvidia llama8b.mlp_up.t512 training.int15i64.v1.apple.two this-column-is-not-apple
INT15-NOT-RUN nvidia llama8b.mlp_up.t512 training.int15i64.v1.apple.four this-column-is-not-apple
DIGEST price-llama8b.mlp_up.t512 int15i64.v1.tuned 0x31746954b2b719d4
PRICE IDENTICAL int15.llama8b.mlp_up.t512.int15i64.v1.tuned.device 2.782233
   device-bits int15.llama8b.mlp_up.t512.int15i64.v1.tuned.device 2.782233/0x400642036006d0d5
INT15 nvidia llama8b.mlp_up.t512 512 14336 4096 FULL int15i64.v1.tuned 2.7822 2.7736 10805.9861 GMAC/s 0x31746954b2b719d4 not-dispatched,four-products-one-staging,epilogue-at-the-store
DIGEST price-llama8b.mlp_up.t512 inference.int15i64.v1.tuned 0x31746954b2b719d4
PRICE IDENTICAL int15.llama8b.mlp_up.t512.inference.int15i64.v1.tuned.device 2.828504
   device-bits int15.llama8b.mlp_up.t512.inference.int15i64.v1.tuned.device 2.828504/0x4006a0c6b484d76b
INT15 nvidia llama8b.mlp_up.t512 512 14336 4096 FULL inference.int15i64.v1.tuned 2.8285 2.8257 10629.2129 GMAC/s 0x31746954b2b719d4 planes.a.parallel+four-products-one-staging,epilogue-at-the-store
DIGEST price-llama8b.mlp_up.t512 training.int15i64.v1.tuned 0x31746954b2b719d4
PRICE IDENTICAL int15.llama8b.mlp_up.t512.training.int15i64.v1.tuned.device 3.324778
   device-bits int15.llama8b.mlp_up.t512.training.int15i64.v1.tuned.device 3.324778/0x400a99253543aeab
INT15 nvidia llama8b.mlp_up.t512 512 14336 4096 FULL training.int15i64.v1.tuned 3.3248 3.3212 9042.6402 GMAC/s 0x31746954b2b719d4 planes.a.parallel+planes.b.parallel+four-products-one-staging,epilogue-at-the-store
DIGEST price-llama8b.mlp_up.t512 int15i64.v1.tuned.two_launch 0x31746954b2b719d4
PRICE IDENTICAL int15.llama8b.mlp_up.t512.int15i64.v1.tuned.two_launch.device 3.125859
   device-bits int15.llama8b.mlp_up.t512.int15i64.v1.tuned.two_launch.device 3.125859/0x400901c25d074214
INT15 nvidia llama8b.mlp_up.t512 512 14336 4096 FULL int15i64.v1.tuned.two_launch 3.1259 3.1228 9618.0829 GMAC/s 0x31746954b2b719d4 not-dispatched,four-products-one-staging+epilogue-launch
DIGEST price-llama8b.mlp_up.t512 inference.int15i64.v1.tuned.two_launch 0x31746954b2b719d4
PRICE IDENTICAL int15.llama8b.mlp_up.t512.inference.int15i64.v1.tuned.two_launch.device 3.107172
   device-bits int15.llama8b.mlp_up.t512.inference.int15i64.v1.tuned.two_launch.device 3.107172/0x4008db7cfe586013
INT15 nvidia llama8b.mlp_up.t512 512 14336 4096 FULL inference.int15i64.v1.tuned.two_launch 3.1072 3.1016 9675.9275 GMAC/s 0x31746954b2b719d4 planes.a.parallel+four-products-one-staging+epilogue-launch
DIGEST price-llama8b.mlp_up.t512 training.int15i64.v1.tuned.two_launch 0x31746954b2b719d4
PRICE IDENTICAL int15.llama8b.mlp_up.t512.training.int15i64.v1.tuned.two_launch.device 3.651177
   device-bits int15.llama8b.mlp_up.t512.training.int15i64.v1.tuned.two_launch.device 3.651177/0x400d359c49774257
INT15 nvidia llama8b.mlp_up.t512 512 14336 4096 FULL training.int15i64.v1.tuned.two_launch 3.6512 3.6435 8234.2683 GMAC/s 0x31746954b2b719d4 planes.a.parallel+planes.b.parallel+four-products-one-staging+epilogue-launch

== llama8b.mlp_up.t512.bwd_dx  m=512 n=4096 k=14336  FULL  fp32 plan: TUNED 128x128 reg8x8 KS=16 fold=16 local tpb=256 hwftz=True (1-D grid, no swizzle)
DIGEST fp32-llama8b.mlp_up.t512.bwd_dx fp32.v1 0x88081a26a7d76edd
PRICE IDENTICAL int15.llama8b.mlp_up.t512.bwd_dx.fp32.v1.device 2.6734
   device-bits int15.llama8b.mlp_up.t512.bwd_dx.fp32.v1.device 2.6734/0x4005631f8a0902de
INT15 nvidia llama8b.mlp_up.t512.bwd_dx 512 4096 14336 FULL fp32.v1 2.6734 2.6672 11245.8933 GMAC/s 0x88081a26a7d76edd OP_NN,plan=10
DIGEST price-llama8b.mlp_up.t512.bwd_dx int15i64.v1.flat 0xd25adc12f122f248
PRICE IDENTICAL int15.llama8b.mlp_up.t512.bwd_dx.int15i64.v1.flat.device 94.232393
   device-bits int15.llama8b.mlp_up.t512.bwd_dx.int15i64.v1.flat.device 94.232393/0x40578edf86e3b470
INT15 nvidia llama8b.mlp_up.t512.bwd_dx 512 4096 14336 FULL int15i64.v1.flat 94.2324 94.1895 319.0492 GMAC/s 0xd25adc12f122f248 not-dispatched(the-column-has-the-unit)
DIGEST price-llama8b.mlp_up.t512.bwd_dx int15i64.v1.pieces 0xd25adc12f122f248
PRICE IDENTICAL int15.llama8b.mlp_up.t512.bwd_dx.int15i64.v1.pieces.device 486.32432
   device-bits int15.llama8b.mlp_up.t512.bwd_dx.int15i64.v1.pieces.device 486.32432/0x407e65306a2b1705
INT15 nvidia llama8b.mlp_up.t512.bwd_dx 512 4096 14336 FULL int15i64.v1.pieces 486.3243 485.7213 61.8204 GMAC/s 0xd25adc12f122f248 not-dispatched(the-column-has-the-unit)
DIGEST price-llama8b.mlp_up.t512.bwd_dx int15i64.v1.mma 0xd25adc12f122f248
PRICE IDENTICAL int15.llama8b.mlp_up.t512.bwd_dx.int15i64.v1.mma.device 2.512679
   device-bits int15.llama8b.mlp_up.t512.bwd_dx.int15i64.v1.mma.device 2.512679/0x400419f77292c493
INT15 nvidia llama8b.mlp_up.t512.bwd_dx 512 4096 14336 FULL int15i64.v1.mma 2.5127 2.5085 11965.2256 GMAC/s 0xd25adc12f122f248 dispatched,four-unit-products
DIGEST conv-llama8b.mlp_up.t512.bwd_dx convert.int15.quantize.a 0x702c87e35b5a7ee8
PRICE IDENTICAL int15.llama8b.mlp_up.t512.bwd_dx.convert.int15.quantize.a.device 6.612981
   device-bits int15.llama8b.mlp_up.t512.bwd_dx.convert.int15.quantize.a.device 6.612981/0x401a73b14a90470b
INT15 nvidia llama8b.mlp_up.t512.bwd_dx 512 4096 14336 FULL convert.int15.quantize.a 6.6130 6.4500 1.1099 Gelem/s 0x702c87e35b5a7ee8 per-call
DIGEST conv-llama8b.mlp_up.t512.bwd_dx convert.int15.quantize.a.parallel 0x702c87e35b5a7ee8
PRICE IDENTICAL int15.llama8b.mlp_up.t512.bwd_dx.convert.int15.quantize.a.parallel.device 0.148673
   device-bits int15.llama8b.mlp_up.t512.bwd_dx.convert.int15.quantize.a.parallel.device 0.148673/0x3fc307b784662bae
INT15 nvidia llama8b.mlp_up.t512.bwd_dx 512 4096 14336 FULL convert.int15.quantize.a.parallel 0.1487 0.1483 49.3703 Gelem/s 0x702c87e35b5a7ee8 per-call
DIGEST conv-llama8b.mlp_up.t512.bwd_dx convert.int15.planes.a.parallel 0x99df5fc34d66c8af
PRICE IDENTICAL int15.llama8b.mlp_up.t512.bwd_dx.convert.int15.planes.a.parallel.device 0.06657
   device-bits int15.llama8b.mlp_up.t512.bwd_dx.convert.int15.planes.a.parallel.device 0.06657/0x3fb10abb44e50c5f
INT15 nvidia llama8b.mlp_up.t512.bwd_dx 512 4096 14336 FULL convert.int15.planes.a.parallel 0.0666 0.0660 110.2604 Gelem/s 0x99df5fc34d66c8af per-call
DIGEST conv-llama8b.mlp_up.t512.bwd_dx convert.int15.split.a 0x99df5fc34d66c8af
PRICE IDENTICAL int15.llama8b.mlp_up.t512.bwd_dx.convert.int15.split.a.device 0.026851
   device-bits int15.llama8b.mlp_up.t512.bwd_dx.convert.int15.split.a.device 0.026851/0x3f9b7ed41b75a74c
INT15 nvidia llama8b.mlp_up.t512.bwd_dx 512 4096 14336 FULL convert.int15.split.a 0.0269 0.0267 273.3616 Gelem/s 0x99df5fc34d66c8af per-call
DIGEST conv-llama8b.mlp_up.t512.bwd_dx convert.int15.quantize.b 0xda60585d9b0dc19d
PRICE IDENTICAL int15.llama8b.mlp_up.t512.bwd_dx.convert.int15.quantize.b.device 6.563677
   device-bits int15.llama8b.mlp_up.t512.bwd_dx.convert.int15.quantize.b.device 6.563677/0x401a41348b220792
INT15 nvidia llama8b.mlp_up.t512.bwd_dx 512 4096 14336 FULL convert.int15.quantize.b 6.5637 6.5526 8.9462 Gelem/s 0xda60585d9b0dc19d per-step,transposing
DIGEST conv-llama8b.mlp_up.t512.bwd_dx convert.int15.quantize.b.parallel 0xda60585d9b0dc19d
PRICE IDENTICAL int15.llama8b.mlp_up.t512.bwd_dx.convert.int15.quantize.b.parallel.device 2.611778
   device-bits int15.llama8b.mlp_up.t512.bwd_dx.convert.int15.quantize.b.parallel.device 2.611778/0x4004e4ebdd334c5e
INT15 nvidia llama8b.mlp_up.t512.bwd_dx 512 4096 14336 FULL convert.int15.quantize.b.parallel 2.6118 2.5661 22.4829 Gelem/s 0xda60585d9b0dc19d per-step,transposing
DIGEST conv-llama8b.mlp_up.t512.bwd_dx convert.int15.planes.b.parallel 0xad29fb7fad789398
PRICE IDENTICAL int15.llama8b.mlp_up.t512.bwd_dx.convert.int15.planes.b.parallel.device 2.571268
   device-bits int15.llama8b.mlp_up.t512.bwd_dx.convert.int15.planes.b.parallel.device 2.571268/0x400491f4f50a02b8
INT15 nvidia llama8b.mlp_up.t512.bwd_dx 512 4096 14336 FULL convert.int15.planes.b.parallel 2.5713 2.5547 22.8371 Gelem/s 0xad29fb7fad789398 per-step,transposing
DIGEST conv-llama8b.mlp_up.t512.bwd_dx convert.int15.split.b 0xad29fb7fad789398
PRICE IDENTICAL int15.llama8b.mlp_up.t512.bwd_dx.convert.int15.split.b.device 0.305478
   device-bits int15.llama8b.mlp_up.t512.bwd_dx.convert.int15.split.b.device 0.305478/0x3fd38cf398e97072
INT15 nvidia llama8b.mlp_up.t512.bwd_dx 512 4096 14336 FULL convert.int15.split.b 0.3055 0.3051 192.2242 Gelem/s 0xad29fb7fad789398 once-per-weight-at-inference,per-step-at-training
INT15-NOT-RUN nvidia llama8b.mlp_up.t512.bwd_dx inference.int15i64.v1.planes inference-has-no-backward-product
INT15-NOT-RUN nvidia llama8b.mlp_up.t512.bwd_dx inference.int15i64.v1.codes inference-has-no-backward-product
INT15-NOT-RUN nvidia llama8b.mlp_up.t512.bwd_dx inference.int15i64.v1.planes.rowquant inference-has-no-backward-product
DIGEST price-llama8b.mlp_up.t512.bwd_dx training.int15i64.v1.planes 0xd25adc12f122f248
PRICE IDENTICAL int15.llama8b.mlp_up.t512.bwd_dx.training.int15i64.v1.planes.device 5.27294
   device-bits int15.llama8b.mlp_up.t512.bwd_dx.training.int15i64.v1.planes.device 5.27294/0x4015177d955714ba
INT15 nvidia llama8b.mlp_up.t512.bwd_dx 512 4096 14336 FULL training.int15i64.v1.planes 5.2729 5.2543 5701.7093 GMAC/s 0xd25adc12f122f248 planes.a.parallel+planes.b.parallel+product
DIGEST price-llama8b.mlp_up.t512.bwd_dx training.int15i64.v1.codes 0xd25adc12f122f248
PRICE IDENTICAL int15.llama8b.mlp_up.t512.bwd_dx.training.int15i64.v1.codes.device 5.603866
   device-bits int15.llama8b.mlp_up.t512.bwd_dx.training.int15i64.v1.codes.device 5.603866/0x40166a5bd944aa54
INT15 nvidia llama8b.mlp_up.t512.bwd_dx 512 4096 14336 FULL training.int15i64.v1.codes 5.6039 5.5230 5365.0054 GMAC/s 0xd25adc12f122f248 quantize.a.parallel+quantize.b.parallel+split.a+split.b+product
DIGEST price-llama8b.mlp_up.t512.bwd_dx training.int15i64.v1.planes.rowquant 0xd25adc12f122f248
PRICE IDENTICAL int15.llama8b.mlp_up.t512.bwd_dx.training.int15i64.v1.planes.rowquant.device 16.034104
   device-bits int15.llama8b.mlp_up.t512.bwd_dx.training.int15i64.v1.planes.rowquant.device 16.034104/0x403008bb0a2ca9ac
INT15 nvidia llama8b.mlp_up.t512.bwd_dx 512 4096 14336 FULL training.int15i64.v1.planes.rowquant 16.0341 16.0137 1875.0515 GMAC/s 0xd25adc12f122f248 quantize.a+quantize.b+split.a+split.b+product
INT15-NOT-RUN nvidia llama8b.mlp_up.t512.bwd_dx int15i64.v1.apple.two this-column-is-not-apple
INT15-NOT-RUN nvidia llama8b.mlp_up.t512.bwd_dx int15i64.v1.apple.four this-column-is-not-apple
INT15-NOT-RUN nvidia llama8b.mlp_up.t512.bwd_dx inference.int15i64.v1.apple.two this-column-is-not-apple
INT15-NOT-RUN nvidia llama8b.mlp_up.t512.bwd_dx inference.int15i64.v1.apple.four this-column-is-not-apple
INT15-NOT-RUN nvidia llama8b.mlp_up.t512.bwd_dx training.int15i64.v1.apple.two this-column-is-not-apple
INT15-NOT-RUN nvidia llama8b.mlp_up.t512.bwd_dx training.int15i64.v1.apple.four this-column-is-not-apple
DIGEST price-llama8b.mlp_up.t512.bwd_dx int15i64.v1.tuned 0xd25adc12f122f248
PRICE IDENTICAL int15.llama8b.mlp_up.t512.bwd_dx.int15i64.v1.tuned.device 2.984056
   device-bits int15.llama8b.mlp_up.t512.bwd_dx.int15i64.v1.tuned.device 2.984056/0x4007df58c08b75ea
INT15 nvidia llama8b.mlp_up.t512.bwd_dx 512 4096 14336 FULL int15i64.v1.tuned 2.9841 2.9641 10075.1363 GMAC/s 0xd25adc12f122f248 not-dispatched,four-products-one-staging,epilogue-at-the-store
INT15-NOT-RUN nvidia llama8b.mlp_up.t512.bwd_dx inference.int15i64.v1.tuned inference-has-no-backward-product
DIGEST price-llama8b.mlp_up.t512.bwd_dx training.int15i64.v1.tuned 0xd25adc12f122f248
PRICE IDENTICAL int15.llama8b.mlp_up.t512.bwd_dx.training.int15i64.v1.tuned.device 5.884127
   device-bits int15.llama8b.mlp_up.t512.bwd_dx.training.int15i64.v1.tuned.device 5.884127/0x40178958969a0ad9
INT15 nvidia llama8b.mlp_up.t512.bwd_dx 512 4096 14336 FULL training.int15i64.v1.tuned 5.8841 5.8733 5109.4701 GMAC/s 0xd25adc12f122f248 planes.a.parallel+planes.b.parallel+four-products-one-staging,epilogue-at-the-store
DIGEST price-llama8b.mlp_up.t512.bwd_dx int15i64.v1.tuned.two_launch 0xd25adc12f122f248
PRICE IDENTICAL int15.llama8b.mlp_up.t512.bwd_dx.int15i64.v1.tuned.two_launch.device 3.184668
   device-bits int15.llama8b.mlp_up.t512.bwd_dx.int15i64.v1.tuned.two_launch.device 3.184668/0x40097a333764f11b
INT15 nvidia llama8b.mlp_up.t512.bwd_dx 512 4096 14336 FULL int15i64.v1.tuned.two_launch 3.1847 3.1830 9440.4726 GMAC/s 0xd25adc12f122f248 not-dispatched,four-products-one-staging+epilogue-launch
INT15-NOT-RUN nvidia llama8b.mlp_up.t512.bwd_dx inference.int15i64.v1.tuned.two_launch inference-has-no-backward-product
DIGEST price-llama8b.mlp_up.t512.bwd_dx training.int15i64.v1.tuned.two_launch 0xd25adc12f122f248
PRICE IDENTICAL int15.llama8b.mlp_up.t512.bwd_dx.training.int15i64.v1.tuned.two_launch.device 5.931889
   device-bits int15.llama8b.mlp_up.t512.bwd_dx.training.int15i64.v1.tuned.two_launch.device 5.931889/0x4017ba411c2a0232
INT15 nvidia llama8b.mlp_up.t512.bwd_dx 512 4096 14336 FULL training.int15i64.v1.tuned.two_launch 5.9319 5.9094 5068.3300 GMAC/s 0xd25adc12f122f248 planes.a.parallel+planes.b.parallel+four-products-one-staging+epilogue-launch

== llama8b.mlp_up.t512.bwd_dw  m=14336 n=4096 k=512  FULL  fp32 plan: TUNED 128x128 reg8x8 KS=16 fold=16 local tpb=256 hwftz=True (1-D grid, no swizzle)
DIGEST fp32-llama8b.mlp_up.t512.bwd_dw fp32.v1 0x64a7d4375083cf3f
PRICE IDENTICAL int15.llama8b.mlp_up.t512.bwd_dw.fp32.v1.device 2.427792
   device-bits int15.llama8b.mlp_up.t512.bwd_dw.fp32.v1.device 2.427792/0x40036c1e364bec68
INT15 nvidia llama8b.mlp_up.t512.bwd_dw 14336 4096 512 FULL fp32.v1 2.4278 2.4231 12383.5860 GMAC/s 0x64a7d4375083cf3f OP_TN,plan=10
DIGEST price-llama8b.mlp_up.t512.bwd_dw int15i64.v1.flat 0x7f5a1c9a4096e46d
PRICE IDENTICAL int15.llama8b.mlp_up.t512.bwd_dw.int15i64.v1.flat.device 88.993894
   device-bits int15.llama8b.mlp_up.t512.bwd_dw.int15i64.v1.flat.device 88.993894/0x40563f9bf5946c33
INT15 nvidia llama8b.mlp_up.t512.bwd_dw 14336 4096 512 FULL int15i64.v1.flat 88.9939 88.9920 337.8296 GMAC/s 0x7f5a1c9a4096e46d not-dispatched(the-column-has-the-unit)
DIGEST price-llama8b.mlp_up.t512.bwd_dw int15i64.v1.pieces 0x7f5a1c9a4096e46d
PRICE IDENTICAL int15.llama8b.mlp_up.t512.bwd_dw.int15i64.v1.pieces.device 449.794269
   device-bits int15.llama8b.mlp_up.t512.bwd_dw.int15i64.v1.pieces.device 449.794269/0x407c1cb5536933a0
INT15 nvidia llama8b.mlp_up.t512.bwd_dw 14336 4096 512 FULL int15i64.v1.pieces 449.7943 449.6775 66.8412 GMAC/s 0x7f5a1c9a4096e46d not-dispatched(the-column-has-the-unit)
DIGEST price-llama8b.mlp_up.t512.bwd_dw int15i64.v1.mma 0x7f5a1c9a4096e46d
PRICE IDENTICAL int15.llama8b.mlp_up.t512.bwd_dw.int15i64.v1.mma.device 2.406811
   device-bits int15.llama8b.mlp_up.t512.bwd_dw.int15i64.v1.mma.device 2.406811/0x4003412620253975
INT15 nvidia llama8b.mlp_up.t512.bwd_dw 14336 4096 512 FULL int15i64.v1.mma 2.4068 2.3452 12491.5380 GMAC/s 0x7f5a1c9a4096e46d dispatched,four-unit-products
DIGEST conv-llama8b.mlp_up.t512.bwd_dw convert.int15.quantize.a 0xb5be61f74714be0b
PRICE IDENTICAL int15.llama8b.mlp_up.t512.bwd_dw.convert.int15.quantize.a.device 0.259499
   device-bits int15.llama8b.mlp_up.t512.bwd_dw.convert.int15.quantize.a.device 0.259499/0x3fd09ba1b1960fa1
INT15 nvidia llama8b.mlp_up.t512.bwd_dw 14336 4096 512 FULL convert.int15.quantize.a 0.2595 0.2009 28.2854 Gelem/s 0xb5be61f74714be0b per-call,transposing
DIGEST conv-llama8b.mlp_up.t512.bwd_dw convert.int15.quantize.a.parallel 0xb5be61f74714be0b
PRICE IDENTICAL int15.llama8b.mlp_up.t512.bwd_dw.convert.int15.quantize.a.parallel.device 0.141923
   device-bits int15.llama8b.mlp_up.t512.bwd_dw.convert.int15.quantize.a.parallel.device 0.141923/0x3fc22a8869c66d37
INT15 nvidia llama8b.mlp_up.t512.bwd_dw 14336 4096 512 FULL convert.int15.quantize.a.parallel 0.1419 0.1409 51.7184 Gelem/s 0xb5be61f74714be0b per-call,transposing
DIGEST conv-llama8b.mlp_up.t512.bwd_dw convert.int15.planes.a.parallel 0xeb86f345a0f5c39a
PRICE IDENTICAL int15.llama8b.mlp_up.t512.bwd_dw.convert.int15.planes.a.parallel.device 0.111397
   device-bits int15.llama8b.mlp_up.t512.bwd_dw.convert.int15.planes.a.parallel.device 0.111397/0x3fbc848387df5cf2
INT15 nvidia llama8b.mlp_up.t512.bwd_dw 14336 4096 512 FULL convert.int15.planes.a.parallel 0.1114 0.1095 65.8908 Gelem/s 0xeb86f345a0f5c39a per-call,transposing
DIGEST conv-llama8b.mlp_up.t512.bwd_dw convert.int15.split.a 0xeb86f345a0f5c39a
PRICE IDENTICAL int15.llama8b.mlp_up.t512.bwd_dw.convert.int15.split.a.device 0.031377
   device-bits int15.llama8b.mlp_up.t512.bwd_dw.convert.int15.split.a.device 0.031377/0x3fa010a569b17482
INT15 nvidia llama8b.mlp_up.t512.bwd_dw 14336 4096 512 FULL convert.int15.split.a 0.0314 0.0310 233.9303 Gelem/s 0xeb86f345a0f5c39a per-call
DIGEST conv-llama8b.mlp_up.t512.bwd_dw convert.int15.quantize.b 0x4020b24addf55360
PRICE IDENTICAL int15.llama8b.mlp_up.t512.bwd_dw.convert.int15.quantize.b.device 0.166359
   device-bits int15.llama8b.mlp_up.t512.bwd_dw.convert.int15.quantize.b.device 0.166359/0x3fc54b4070329803
INT15 nvidia llama8b.mlp_up.t512.bwd_dw 14336 4096 512 FULL convert.int15.quantize.b 0.1664 0.1658 12.6062 Gelem/s 0x4020b24addf55360 per-step,transposing
DIGEST conv-llama8b.mlp_up.t512.bwd_dw convert.int15.quantize.b.parallel 0x4020b24addf55360
PRICE IDENTICAL int15.llama8b.mlp_up.t512.bwd_dw.convert.int15.quantize.b.parallel.device 0.062574
   device-bits int15.llama8b.mlp_up.t512.bwd_dw.convert.int15.quantize.b.parallel.device 0.062574/0x3fb004d983947497
INT15 nvidia llama8b.mlp_up.t512.bwd_dw 14336 4096 512 FULL convert.int15.quantize.b.parallel 0.0626 0.0620 33.5148 Gelem/s 0x4020b24addf55360 per-step,transposing
DIGEST conv-llama8b.mlp_up.t512.bwd_dw convert.int15.planes.b.parallel 0xe2e3bcc68ceb9073
PRICE IDENTICAL int15.llama8b.mlp_up.t512.bwd_dw.convert.int15.planes.b.parallel.device 0.04647
   device-bits int15.llama8b.mlp_up.t512.bwd_dw.convert.int15.planes.b.parallel.device 0.04647/0x3fa7caea747d805e
INT15 nvidia llama8b.mlp_up.t512.bwd_dw 14336 4096 512 FULL convert.int15.planes.b.parallel 0.0465 0.0456 45.1292 Gelem/s 0xe2e3bcc68ceb9073 per-step,transposing
DIGEST conv-llama8b.mlp_up.t512.bwd_dw convert.int15.split.b 0xe2e3bcc68ceb9073
PRICE IDENTICAL int15.llama8b.mlp_up.t512.bwd_dw.convert.int15.split.b.device 0.014903
   device-bits int15.llama8b.mlp_up.t512.bwd_dw.convert.int15.split.b.device 0.014903/0x3f8e8576cce5f740
INT15 nvidia llama8b.mlp_up.t512.bwd_dw 14336 4096 512 FULL convert.int15.split.b 0.0149 0.0141 140.7201 Gelem/s 0xe2e3bcc68ceb9073 once-per-weight-at-inference,per-step-at-training
INT15-NOT-RUN nvidia llama8b.mlp_up.t512.bwd_dw inference.int15i64.v1.planes inference-has-no-backward-product
INT15-NOT-RUN nvidia llama8b.mlp_up.t512.bwd_dw inference.int15i64.v1.codes inference-has-no-backward-product
INT15-NOT-RUN nvidia llama8b.mlp_up.t512.bwd_dw inference.int15i64.v1.planes.rowquant inference-has-no-backward-product
DIGEST price-llama8b.mlp_up.t512.bwd_dw training.int15i64.v1.planes 0x7f5a1c9a4096e46d
PRICE IDENTICAL int15.llama8b.mlp_up.t512.bwd_dw.training.int15i64.v1.planes.device 2.611528
   device-bits int15.llama8b.mlp_up.t512.bwd_dw.training.int15i64.v1.planes.device 2.611528/0x4004e468cac4b4d0
INT15 nvidia llama8b.mlp_up.t512.bwd_dw 14336 4096 512 FULL training.int15i64.v1.planes 2.6115 2.5373 11512.3296 GMAC/s 0x7f5a1c9a4096e46d planes.a.parallel+planes.b.parallel+product
DIGEST price-llama8b.mlp_up.t512.bwd_dw training.int15i64.v1.codes 0x7f5a1c9a4096e46d
PRICE IDENTICAL int15.llama8b.mlp_up.t512.bwd_dw.training.int15i64.v1.codes.device 2.618869
   device-bits int15.llama8b.mlp_up.t512.bwd_dw.training.int15i64.v1.codes.device 2.618869/0x4004f371971c10d8
INT15 nvidia llama8b.mlp_up.t512.bwd_dw 14336 4096 512 FULL training.int15i64.v1.codes 2.6189 2.5478 11480.0592 GMAC/s 0x7f5a1c9a4096e46d quantize.a.parallel+quantize.b.parallel+split.a+split.b+product
DIGEST price-llama8b.mlp_up.t512.bwd_dw training.int15i64.v1.planes.rowquant 0x7f5a1c9a4096e46d
PRICE IDENTICAL int15.llama8b.mlp_up.t512.bwd_dw.training.int15i64.v1.planes.rowquant.device 2.691338
   device-bits int15.llama8b.mlp_up.t512.bwd_dw.training.int15i64.v1.planes.rowquant.device 2.691338/0x400587dc37a3db3c
INT15 nvidia llama8b.mlp_up.t512.bwd_dw 14336 4096 512 FULL training.int15i64.v1.planes.rowquant 2.6913 2.6894 11170.9384 GMAC/s 0x7f5a1c9a4096e46d quantize.a+quantize.b+split.a+split.b+product
INT15-NOT-RUN nvidia llama8b.mlp_up.t512.bwd_dw int15i64.v1.apple.two this-column-is-not-apple
INT15-NOT-RUN nvidia llama8b.mlp_up.t512.bwd_dw int15i64.v1.apple.four this-column-is-not-apple
INT15-NOT-RUN nvidia llama8b.mlp_up.t512.bwd_dw inference.int15i64.v1.apple.two this-column-is-not-apple
INT15-NOT-RUN nvidia llama8b.mlp_up.t512.bwd_dw inference.int15i64.v1.apple.four this-column-is-not-apple
INT15-NOT-RUN nvidia llama8b.mlp_up.t512.bwd_dw training.int15i64.v1.apple.two this-column-is-not-apple
INT15-NOT-RUN nvidia llama8b.mlp_up.t512.bwd_dw training.int15i64.v1.apple.four this-column-is-not-apple
DIGEST price-llama8b.mlp_up.t512.bwd_dw int15i64.v1.tuned 0x7f5a1c9a4096e46d
PRICE IDENTICAL int15.llama8b.mlp_up.t512.bwd_dw.int15i64.v1.tuned.device 2.368543
   device-bits int15.llama8b.mlp_up.t512.bwd_dw.int15i64.v1.tuned.device 2.368543/0x4002f2c6ac215b9a
INT15 nvidia llama8b.mlp_up.t512.bwd_dw 14336 4096 512 FULL int15i64.v1.tuned 2.3685 2.3057 12693.3609 GMAC/s 0x7f5a1c9a4096e46d not-dispatched,four-products-one-staging,epilogue-at-the-store
INT15-NOT-RUN nvidia llama8b.mlp_up.t512.bwd_dw inference.int15i64.v1.tuned inference-has-no-backward-product
DIGEST price-llama8b.mlp_up.t512.bwd_dw training.int15i64.v1.tuned 0x7f5a1c9a4096e46d
PRICE IDENTICAL int15.llama8b.mlp_up.t512.bwd_dw.training.int15i64.v1.tuned.device 2.487852
   device-bits int15.llama8b.mlp_up.t512.bwd_dw.training.int15i64.v1.tuned.device 2.487852/0x4003e71ef30a4e38
INT15 nvidia llama8b.mlp_up.t512.bwd_dw 14336 4096 512 FULL training.int15i64.v1.tuned 2.4879 2.4227 12084.6301 GMAC/s 0x7f5a1c9a4096e46d planes.a.parallel+planes.b.parallel+four-products-one-staging,epilogue-at-the-store
DIGEST price-llama8b.mlp_up.t512.bwd_dw int15i64.v1.tuned.two_launch 0x7f5a1c9a4096e46d
PRICE IDENTICAL int15.llama8b.mlp_up.t512.bwd_dw.int15i64.v1.tuned.two_launch.device 4.838809
   device-bits int15.llama8b.mlp_up.t512.bwd_dw.int15i64.v1.tuned.two_launch.device 4.838809/0x40135af0bf1a5ca3
INT15 nvidia llama8b.mlp_up.t512.bwd_dw 14336 4096 512 FULL int15i64.v1.tuned.two_launch 4.8388 4.7599 6213.2585 GMAC/s 0x7f5a1c9a4096e46d not-dispatched,four-products-one-staging+epilogue-launch
INT15-NOT-RUN nvidia llama8b.mlp_up.t512.bwd_dw inference.int15i64.v1.tuned.two_launch inference-has-no-backward-product
DIGEST price-llama8b.mlp_up.t512.bwd_dw training.int15i64.v1.tuned.two_launch 0x7f5a1c9a4096e46d
PRICE IDENTICAL int15.llama8b.mlp_up.t512.bwd_dw.training.int15i64.v1.tuned.two_launch.device 5.086381
   device-bits int15.llama8b.mlp_up.t512.bwd_dw.training.int15i64.v1.tuned.two_launch.device 5.086381/0x4014587442c7fbad
INT15 nvidia llama8b.mlp_up.t512.bwd_dw 14336 4096 512 FULL training.int15i64.v1.tuned.two_launch 5.0864 4.9656 5910.8374 GMAC/s 0x7f5a1c9a4096e46d planes.a.parallel+planes.b.parallel+four-products-one-staging+epilogue-launch

== done [IDENTICAL]: 3 rows ==
