KNN_REF_HEADER mode IDENTICAL column nvidia index 400000 queries 1000 features 32 k 10 rounds 3 fixture dyadic-v1 selector 1 transpose 1 register_tile 1 index_tile 0
KNN_REF_WARMUP request 0 17.72084
KNN_REF_WARMUP request 1 16.93232
KNN_REF_ROUND request 1 16.920576
KNN_REF_ROUND request 2 16.929878
KNN_REF_ROUND request 3 16.930079
KNN_REF_WARMUP device 0 15.899929
KNN_REF_WARMUP device 1 15.903025
KNN_REF_ROUND device 1 15.907103
KNN_REF_ROUND device 2 15.913091
KNN_REF_ROUND device 3 15.912159
KNN_REF_DEVICE_VS_REQUEST mismatched_cells 0
KNN_REF_FINGERPRINT index_fnv1a64 6803946803660527783 distance_bits_xor 4421672
KNN_REF_ROW0 0 147075 1075752738
KNN_REF_ROW0 1 347872 1075802578
KNN_REF_ROW0 2 280582 1075899932
KNN_REF_ROW0 3 255546 1076098936
KNN_REF_ROW0 4 158380 1076157127
KNN_REF_ROW0 5 151319 1076280807
KNN_REF_ROW0 6 252972 1076309764
KNN_REF_ROW0 7 194725 1076394742
KNN_REF_ROW0 8 125716 1076423977
KNN_REF_ROW0 9 351008 1076424580
KNN_REF_RESULT index 400000 queries 1000 k 10 features 32 request_median_ms 16.929878 device_median_ms 15.912159 rounds 3 query_tile 256 index_tile 400000
KNN REFERENCE PRICE PASS
