KNN_REF_HEADER mode IDENTICAL column nvidia index 400000 queries 4000 features 32 k 15 rounds 7 fixture dyadic-v1 selector 1 transpose 1 register_tile 1 index_tile 65536
KNN_REF_WARMUP request 0 67.706973
KNN_REF_WARMUP request 1 67.092983
KNN_REF_ROUND request 1 67.116901
KNN_REF_ROUND request 2 67.225205
KNN_REF_ROUND request 3 67.190095
KNN_REF_ROUND request 4 67.126481
KNN_REF_ROUND request 5 67.222599
KNN_REF_ROUND request 6 67.12475
KNN_REF_ROUND request 7 67.094812
KNN_REF_WARMUP device 0 66.040136
KNN_REF_WARMUP device 1 65.905422
KNN_REF_ROUND device 1 65.865519
KNN_REF_ROUND device 2 65.89561
KNN_REF_ROUND device 3 65.92174
KNN_REF_ROUND device 4 65.915582
KNN_REF_ROUND device 5 65.863927
KNN_REF_ROUND device 6 65.963133
KNN_REF_ROUND device 7 66.00728
KNN_REF_DEVICE_VS_REQUEST mismatched_cells 0
KNN_REF_FINGERPRINT index_fnv1a64 16146695062279770847 distance_bits_xor 3272156
KNN_REF_ROW0 0 147075 1075752738
KNN_REF_ROW0 1 347872 1075802578
KNN_REF_ROW0 2 280582 1075899932
KNN_REF_ROW0 3 255546 1076098936
KNN_REF_ROW0 4 158380 1076157127
KNN_REF_ROW0 5 151319 1076280807
KNN_REF_ROW0 6 252972 1076309764
KNN_REF_ROW0 7 194725 1076394742
KNN_REF_ROW0 8 125716 1076423977
KNN_REF_ROW0 9 351008 1076424580
KNN_REF_ROW0 10 322815 1076439373
KNN_REF_ROW0 11 301998 1076456634
KNN_REF_ROW0 12 77158 1076475919
KNN_REF_ROW0 13 158980 1076482935
KNN_REF_ROW0 14 335466 1076512547
KNN_REF_DUMP /root/out/ref/ours-400000-4000-15.u32 60000
KNN_REF_RESULT index 400000 queries 4000 k 15 features 32 request_median_ms 67.126481 device_median_ms 65.915582 rounds 7 query_tile 256 index_tile 65536
KNN REFERENCE PRICE PASS
