# vendor=amd-gfx942 commit=ede6f624367815325b51f8a3864fde7d3bf7efa6 (MOJOLEARN_COMMIT)
# identity_break  mode=identical  2026-09-18 15:39:25  Linux-6.8.0-59-generic-x86_64-with-glibc2.39
# per lane: the train row, then an `infer` row (held-out rows), a `model` row (saved bytes) and a `batch` row (whole batch vs rows alone, a split and prefixes) where the lane has them
| lane                   | base             | ties             | hashed           | wide             | denormal         | denormal_ftz     | dupes            | odd              | negative         |
|------------------------|------------------|------------------|------------------|------------------|------------------|------------------|------------------|------------------|------------------|
# START byte-lm/base repeat=1/train
# DONE byte-lm/base repeat=1/train 0.359s
# START byte-lm/base repeat=1/infer-save-reload
# DONE byte-lm/base repeat=1/infer-save-reload 0.020s
# START byte-lm/base repeat=1/batch
# DONE byte-lm/base repeat=1/batch 0.110s
# START byte-lm/base repeat=1/rlpair
# DONE byte-lm/base repeat=1/rlpair 0.483s
# START byte-lm/base repeat=2/train
# DONE byte-lm/base repeat=2/train 0.030s
# START byte-lm/base repeat=2/infer-save-reload
# DONE byte-lm/base repeat=2/infer-save-reload 0.019s
# START byte-lm/base repeat=2/batch
# DONE byte-lm/base repeat=2/batch 0.098s
# START byte-lm/base repeat=2/rlpair
# DONE byte-lm/base repeat=2/rlpair 0.492s
# CELL byte-lm/base STABLE 1.612s
# START byte-lm/ties repeat=1/train
# DONE byte-lm/ties repeat=1/train 0.028s
# START byte-lm/ties repeat=1/infer-save-reload
# DONE byte-lm/ties repeat=1/infer-save-reload 0.020s
# START byte-lm/ties repeat=1/batch
# DONE byte-lm/ties repeat=1/batch 0.109s
# START byte-lm/ties repeat=1/rlpair
# DONE byte-lm/ties repeat=1/rlpair 0.487s
# START byte-lm/ties repeat=2/train
# DONE byte-lm/ties repeat=2/train 0.027s
# START byte-lm/ties repeat=2/infer-save-reload
# DONE byte-lm/ties repeat=2/infer-save-reload 0.020s
# START byte-lm/ties repeat=2/batch
# DONE byte-lm/ties repeat=2/batch 0.109s
# START byte-lm/ties repeat=2/rlpair
# DONE byte-lm/ties repeat=2/rlpair 0.491s
# CELL byte-lm/ties STABLE 1.291s
# START byte-lm/hashed repeat=1/train
# DONE byte-lm/hashed repeat=1/train 0.027s
# START byte-lm/hashed repeat=1/infer-save-reload
# DONE byte-lm/hashed repeat=1/infer-save-reload 0.019s
# START byte-lm/hashed repeat=1/batch
# DONE byte-lm/hashed repeat=1/batch 0.109s
# START byte-lm/hashed repeat=1/rlpair
# DONE byte-lm/hashed repeat=1/rlpair 0.488s
# START byte-lm/hashed repeat=2/train
# DONE byte-lm/hashed repeat=2/train 0.027s
# START byte-lm/hashed repeat=2/infer-save-reload
# DONE byte-lm/hashed repeat=2/infer-save-reload 0.020s
# START byte-lm/hashed repeat=2/batch
# DONE byte-lm/hashed repeat=2/batch 0.109s
# START byte-lm/hashed repeat=2/rlpair
# DONE byte-lm/hashed repeat=2/rlpair 0.489s
# CELL byte-lm/hashed STABLE 1.288s
# START byte-lm/wide repeat=1/train
# DONE byte-lm/wide repeat=1/train 0.028s
# START byte-lm/wide repeat=1/infer-save-reload
# DONE byte-lm/wide repeat=1/infer-save-reload 0.019s
# START byte-lm/wide repeat=1/batch
# DONE byte-lm/wide repeat=1/batch 0.109s
# START byte-lm/wide repeat=1/rlpair
# DONE byte-lm/wide repeat=1/rlpair 0.491s
# START byte-lm/wide repeat=2/train
# DONE byte-lm/wide repeat=2/train 0.028s
# START byte-lm/wide repeat=2/infer-save-reload
# DONE byte-lm/wide repeat=2/infer-save-reload 0.020s
# START byte-lm/wide repeat=2/batch
# DONE byte-lm/wide repeat=2/batch 0.109s
# START byte-lm/wide repeat=2/rlpair
# DONE byte-lm/wide repeat=2/rlpair 0.491s
# CELL byte-lm/wide STABLE 1.295s
# START byte-lm/denormal repeat=1/train
# DONE byte-lm/denormal repeat=1/train 0.029s
# START byte-lm/denormal repeat=1/infer-save-reload
# DONE byte-lm/denormal repeat=1/infer-save-reload 0.020s
# START byte-lm/denormal repeat=1/batch
# DONE byte-lm/denormal repeat=1/batch 0.111s
# START byte-lm/denormal repeat=1/rlpair
# DONE byte-lm/denormal repeat=1/rlpair 0.470s
# START byte-lm/denormal repeat=2/train
# DONE byte-lm/denormal repeat=2/train 0.028s
# START byte-lm/denormal repeat=2/infer-save-reload
# DONE byte-lm/denormal repeat=2/infer-save-reload 0.020s
# START byte-lm/denormal repeat=2/batch
# DONE byte-lm/denormal repeat=2/batch 0.110s
# START byte-lm/denormal repeat=2/rlpair
# DONE byte-lm/denormal repeat=2/rlpair 0.493s
# CELL byte-lm/denormal STABLE 1.280s
# START byte-lm/denormal_ftz repeat=1/train
# DONE byte-lm/denormal_ftz repeat=1/train 0.028s
# START byte-lm/denormal_ftz repeat=1/infer-save-reload
# DONE byte-lm/denormal_ftz repeat=1/infer-save-reload 0.020s
# START byte-lm/denormal_ftz repeat=1/batch
# DONE byte-lm/denormal_ftz repeat=1/batch 0.110s
# START byte-lm/denormal_ftz repeat=1/rlpair
# DONE byte-lm/denormal_ftz repeat=1/rlpair 0.498s
# START byte-lm/denormal_ftz repeat=2/train
# DONE byte-lm/denormal_ftz repeat=2/train 0.028s
# START byte-lm/denormal_ftz repeat=2/infer-save-reload
# DONE byte-lm/denormal_ftz repeat=2/infer-save-reload 0.020s
# START byte-lm/denormal_ftz repeat=2/batch
# DONE byte-lm/denormal_ftz repeat=2/batch 0.110s
# START byte-lm/denormal_ftz repeat=2/rlpair
# DONE byte-lm/denormal_ftz repeat=2/rlpair 0.453s
# CELL byte-lm/denormal_ftz STABLE 1.265s
# START byte-lm/dupes repeat=1/train
# DONE byte-lm/dupes repeat=1/train 0.025s
# START byte-lm/dupes repeat=1/infer-save-reload
# DONE byte-lm/dupes repeat=1/infer-save-reload 0.018s
# START byte-lm/dupes repeat=1/batch
# DONE byte-lm/dupes repeat=1/batch 0.094s
# START byte-lm/dupes repeat=1/rlpair
# DONE byte-lm/dupes repeat=1/rlpair 0.447s
# START byte-lm/dupes repeat=2/train
# DONE byte-lm/dupes repeat=2/train 0.026s
# START byte-lm/dupes repeat=2/infer-save-reload
# DONE byte-lm/dupes repeat=2/infer-save-reload 0.019s
# START byte-lm/dupes repeat=2/batch
# DONE byte-lm/dupes repeat=2/batch 0.098s
# START byte-lm/dupes repeat=2/rlpair
# DONE byte-lm/dupes repeat=2/rlpair 0.499s
# CELL byte-lm/dupes STABLE 1.227s
# START byte-lm/odd repeat=1/train
# DONE byte-lm/odd repeat=1/train 0.028s
# START byte-lm/odd repeat=1/infer-save-reload
# DONE byte-lm/odd repeat=1/infer-save-reload 0.020s
# START byte-lm/odd repeat=1/batch
# DONE byte-lm/odd repeat=1/batch 0.111s
# START byte-lm/odd repeat=1/rlpair
# DONE byte-lm/odd repeat=1/rlpair 0.499s
# START byte-lm/odd repeat=2/train
# DONE byte-lm/odd repeat=2/train 0.028s
# START byte-lm/odd repeat=2/infer-save-reload
# DONE byte-lm/odd repeat=2/infer-save-reload 0.020s
# START byte-lm/odd repeat=2/batch
# DONE byte-lm/odd repeat=2/batch 0.111s
# START byte-lm/odd repeat=2/rlpair
# DONE byte-lm/odd repeat=2/rlpair 0.498s
# CELL byte-lm/odd STABLE 1.314s
# START byte-lm/negative repeat=1/train
# DONE byte-lm/negative repeat=1/train 0.028s
# START byte-lm/negative repeat=1/infer-save-reload
# DONE byte-lm/negative repeat=1/infer-save-reload 0.020s
# START byte-lm/negative repeat=1/batch
# DONE byte-lm/negative repeat=1/batch 0.112s
# START byte-lm/negative repeat=1/rlpair
# DONE byte-lm/negative repeat=1/rlpair 0.505s
# START byte-lm/negative repeat=2/train
# DONE byte-lm/negative repeat=2/train 0.029s
# START byte-lm/negative repeat=2/infer-save-reload
# DONE byte-lm/negative repeat=2/infer-save-reload 0.023s
# START byte-lm/negative repeat=2/batch
# DONE byte-lm/negative repeat=2/batch 0.112s
# START byte-lm/negative repeat=2/rlpair
# DONE byte-lm/negative repeat=2/rlpair 0.504s
# CELL byte-lm/negative STABLE 1.332s
| byte-lm                | 4e8dfbf5daf0e950 | a4161d33310253ac | ee8f7d095c8c494e | 0de10397b7f76633 | 6d08a1d402b4e2f5 | 6c97008bbd6bd2ea | 3342c6910aa4723f | 4e8dfbf5daf0e950 | 6551651a3836b96b |
| byte-lm infer          | 5ad307a9540b63c0 | 5456539596680f83 | 3b84f28bdf621ab8 | 15608fac67b31c5d | 9d5d1c6540479dc6 | 470d1c9e7e16c8d4 | 2db4e4b0b0837073 | 5ad307a9540b63c0 | 41c69f3ed1b8fca9 |
| byte-lm model          | 92c66e6649ba21b6 | 7e7b43cb0b019c83 | 11dbc35775b19e1c | a0e9623a7f0c5f10 | 453b7f7386b02f0b | 22c7adc890ae3df4 | c9eb4a1801f659ad | 92c66e6649ba21b6 | 9a0236ddf7af1de0 |
| byte-lm batch          | 82e157389c3e9d81 | 45142717240656ba | 597a5e1328172682 | 390e4ab33840f611 | bf8fcc729daf385d | ec86db04de12fe22 | 7e0618eac73c581e | 82e157389c3e9d81 | 37aa9f1658d8fbfd |
| byte-lm rlpair         | 08f09a8b13bfc90e | 02801728d29dbb60 | 94533c559182be33 | 05f2935b98af7797 | c24d3cad5505d02d | 80151a3048323d37 | ae5f3a47f13ec6d4 | 08f09a8b13bfc90e | 144294badbe7e475 |
# START byte-lm-host-infer/base repeat=1/train
# DONE byte-lm-host-infer/base repeat=1/train 0.022s
# START byte-lm-host-infer/base repeat=1/infer-save-reload
# DONE byte-lm-host-infer/base repeat=1/infer-save-reload 0.006s
# START byte-lm-host-infer/base repeat=1/batch
# DONE byte-lm-host-infer/base repeat=1/batch 0.259s
# START byte-lm-host-infer/base repeat=1/rlpair
# DONE byte-lm-host-infer/base repeat=1/rlpair 0.273s
# START byte-lm-host-infer/base repeat=2/train
# DONE byte-lm-host-infer/base repeat=2/train 0.022s
# START byte-lm-host-infer/base repeat=2/infer-save-reload
# DONE byte-lm-host-infer/base repeat=2/infer-save-reload 0.007s
# START byte-lm-host-infer/base repeat=2/batch
# DONE byte-lm-host-infer/base repeat=2/batch 0.259s
# START byte-lm-host-infer/base repeat=2/rlpair
# DONE byte-lm-host-infer/base repeat=2/rlpair 0.271s
# CELL byte-lm-host-infer/base STABLE 1.119s
# START byte-lm-host-infer/ties repeat=1/train
# DONE byte-lm-host-infer/ties repeat=1/train 0.022s
# START byte-lm-host-infer/ties repeat=1/infer-save-reload
# DONE byte-lm-host-infer/ties repeat=1/infer-save-reload 0.007s
# START byte-lm-host-infer/ties repeat=1/batch
# DONE byte-lm-host-infer/ties repeat=1/batch 0.262s
# START byte-lm-host-infer/ties repeat=1/rlpair
# DONE byte-lm-host-infer/ties repeat=1/rlpair 0.272s
# START byte-lm-host-infer/ties repeat=2/train
# DONE byte-lm-host-infer/ties repeat=2/train 0.022s
# START byte-lm-host-infer/ties repeat=2/infer-save-reload
# DONE byte-lm-host-infer/ties repeat=2/infer-save-reload 0.006s
# START byte-lm-host-infer/ties repeat=2/batch
# DONE byte-lm-host-infer/ties repeat=2/batch 0.261s
# START byte-lm-host-infer/ties repeat=2/rlpair
# DONE byte-lm-host-infer/ties repeat=2/rlpair 0.270s
# CELL byte-lm-host-infer/ties STABLE 1.122s
# START byte-lm-host-infer/hashed repeat=1/train
# DONE byte-lm-host-infer/hashed repeat=1/train 0.022s
# START byte-lm-host-infer/hashed repeat=1/infer-save-reload
# DONE byte-lm-host-infer/hashed repeat=1/infer-save-reload 0.007s
# START byte-lm-host-infer/hashed repeat=1/batch
# DONE byte-lm-host-infer/hashed repeat=1/batch 0.277s
# START byte-lm-host-infer/hashed repeat=1/rlpair
# DONE byte-lm-host-infer/hashed repeat=1/rlpair 0.270s
# START byte-lm-host-infer/hashed repeat=2/train
# DONE byte-lm-host-infer/hashed repeat=2/train 0.021s
# START byte-lm-host-infer/hashed repeat=2/infer-save-reload
# DONE byte-lm-host-infer/hashed repeat=2/infer-save-reload 0.006s
# START byte-lm-host-infer/hashed repeat=2/batch
# DONE byte-lm-host-infer/hashed repeat=2/batch 0.258s
# START byte-lm-host-infer/hashed repeat=2/rlpair
# DONE byte-lm-host-infer/hashed repeat=2/rlpair 0.272s
# CELL byte-lm-host-infer/hashed STABLE 1.134s
# START byte-lm-host-infer/wide repeat=1/train
# DONE byte-lm-host-infer/wide repeat=1/train 0.021s
# START byte-lm-host-infer/wide repeat=1/infer-save-reload
# DONE byte-lm-host-infer/wide repeat=1/infer-save-reload 0.007s
# START byte-lm-host-infer/wide repeat=1/batch
# DONE byte-lm-host-infer/wide repeat=1/batch 0.271s
# START byte-lm-host-infer/wide repeat=1/rlpair
# DONE byte-lm-host-infer/wide repeat=1/rlpair 0.271s
# START byte-lm-host-infer/wide repeat=2/train
# DONE byte-lm-host-infer/wide repeat=2/train 0.021s
# START byte-lm-host-infer/wide repeat=2/infer-save-reload
# DONE byte-lm-host-infer/wide repeat=2/infer-save-reload 0.006s
# START byte-lm-host-infer/wide repeat=2/batch
# DONE byte-lm-host-infer/wide repeat=2/batch 0.265s
# START byte-lm-host-infer/wide repeat=2/rlpair
# DONE byte-lm-host-infer/wide repeat=2/rlpair 0.275s
# CELL byte-lm-host-infer/wide STABLE 1.137s
# START byte-lm-host-infer/denormal repeat=1/train
# DONE byte-lm-host-infer/denormal repeat=1/train 0.022s
# START byte-lm-host-infer/denormal repeat=1/infer-save-reload
# DONE byte-lm-host-infer/denormal repeat=1/infer-save-reload 0.007s
# START byte-lm-host-infer/denormal repeat=1/batch
# DONE byte-lm-host-infer/denormal repeat=1/batch 0.267s
# START byte-lm-host-infer/denormal repeat=1/rlpair
# DONE byte-lm-host-infer/denormal repeat=1/rlpair 0.272s
# START byte-lm-host-infer/denormal repeat=2/train
# DONE byte-lm-host-infer/denormal repeat=2/train 0.021s
# START byte-lm-host-infer/denormal repeat=2/infer-save-reload
# DONE byte-lm-host-infer/denormal repeat=2/infer-save-reload 0.007s
# START byte-lm-host-infer/denormal repeat=2/batch
# DONE byte-lm-host-infer/denormal repeat=2/batch 0.265s
# START byte-lm-host-infer/denormal repeat=2/rlpair
# DONE byte-lm-host-infer/denormal repeat=2/rlpair 0.270s
# CELL byte-lm-host-infer/denormal STABLE 1.130s
# START byte-lm-host-infer/denormal_ftz repeat=1/train
# DONE byte-lm-host-infer/denormal_ftz repeat=1/train 0.022s
# START byte-lm-host-infer/denormal_ftz repeat=1/infer-save-reload
# DONE byte-lm-host-infer/denormal_ftz repeat=1/infer-save-reload 0.006s
# START byte-lm-host-infer/denormal_ftz repeat=1/batch
# DONE byte-lm-host-infer/denormal_ftz repeat=1/batch 0.274s
# START byte-lm-host-infer/denormal_ftz repeat=1/rlpair
# DONE byte-lm-host-infer/denormal_ftz repeat=1/rlpair 0.272s
# START byte-lm-host-infer/denormal_ftz repeat=2/train
# DONE byte-lm-host-infer/denormal_ftz repeat=2/train 0.021s
# START byte-lm-host-infer/denormal_ftz repeat=2/infer-save-reload
# DONE byte-lm-host-infer/denormal_ftz repeat=2/infer-save-reload 0.007s
# START byte-lm-host-infer/denormal_ftz repeat=2/batch
# DONE byte-lm-host-infer/denormal_ftz repeat=2/batch 0.260s
# START byte-lm-host-infer/denormal_ftz repeat=2/rlpair
# DONE byte-lm-host-infer/denormal_ftz repeat=2/rlpair 0.271s
# CELL byte-lm-host-infer/denormal_ftz STABLE 1.132s
# START byte-lm-host-infer/dupes repeat=1/train
# DONE byte-lm-host-infer/dupes repeat=1/train 0.021s
# START byte-lm-host-infer/dupes repeat=1/infer-save-reload
# DONE byte-lm-host-infer/dupes repeat=1/infer-save-reload 0.007s
# START byte-lm-host-infer/dupes repeat=1/batch
# DONE byte-lm-host-infer/dupes repeat=1/batch 0.259s
# START byte-lm-host-infer/dupes repeat=1/rlpair
# DONE byte-lm-host-infer/dupes repeat=1/rlpair 0.270s
# START byte-lm-host-infer/dupes repeat=2/train
# DONE byte-lm-host-infer/dupes repeat=2/train 0.022s
# START byte-lm-host-infer/dupes repeat=2/infer-save-reload
# DONE byte-lm-host-infer/dupes repeat=2/infer-save-reload 0.006s
# START byte-lm-host-infer/dupes repeat=2/batch
# DONE byte-lm-host-infer/dupes repeat=2/batch 0.273s
# START byte-lm-host-infer/dupes repeat=2/rlpair
# DONE byte-lm-host-infer/dupes repeat=2/rlpair 0.270s
# CELL byte-lm-host-infer/dupes STABLE 1.128s
# START byte-lm-host-infer/odd repeat=1/train
# DONE byte-lm-host-infer/odd repeat=1/train 0.021s
# START byte-lm-host-infer/odd repeat=1/infer-save-reload
# DONE byte-lm-host-infer/odd repeat=1/infer-save-reload 0.006s
# START byte-lm-host-infer/odd repeat=1/batch
# DONE byte-lm-host-infer/odd repeat=1/batch 0.272s
# START byte-lm-host-infer/odd repeat=1/rlpair
# DONE byte-lm-host-infer/odd repeat=1/rlpair 0.272s
# START byte-lm-host-infer/odd repeat=2/train
# DONE byte-lm-host-infer/odd repeat=2/train 0.022s
# START byte-lm-host-infer/odd repeat=2/infer-save-reload
# DONE byte-lm-host-infer/odd repeat=2/infer-save-reload 0.007s
# START byte-lm-host-infer/odd repeat=2/batch
# DONE byte-lm-host-infer/odd repeat=2/batch 0.273s
# START byte-lm-host-infer/odd repeat=2/rlpair
# DONE byte-lm-host-infer/odd repeat=2/rlpair 0.271s
# CELL byte-lm-host-infer/odd STABLE 1.144s
# START byte-lm-host-infer/negative repeat=1/train
# DONE byte-lm-host-infer/negative repeat=1/train 0.022s
# START byte-lm-host-infer/negative repeat=1/infer-save-reload
# DONE byte-lm-host-infer/negative repeat=1/infer-save-reload 0.006s
# START byte-lm-host-infer/negative repeat=1/batch
# DONE byte-lm-host-infer/negative repeat=1/batch 0.268s
# START byte-lm-host-infer/negative repeat=1/rlpair
# DONE byte-lm-host-infer/negative repeat=1/rlpair 0.269s
# START byte-lm-host-infer/negative repeat=2/train
# DONE byte-lm-host-infer/negative repeat=2/train 0.023s
# START byte-lm-host-infer/negative repeat=2/infer-save-reload
# DONE byte-lm-host-infer/negative repeat=2/infer-save-reload 0.006s
# START byte-lm-host-infer/negative repeat=2/batch
# DONE byte-lm-host-infer/negative repeat=2/batch 0.265s
# START byte-lm-host-infer/negative repeat=2/rlpair
# DONE byte-lm-host-infer/negative repeat=2/rlpair 0.272s
# CELL byte-lm-host-infer/negative STABLE 1.132s
| byte-lm-host-infer     | 9a22cf6df14a6ca8 | 5eb6c37f486dcb83 | 23284f15a5a13f7e | 144b4e7374436e15 | dad5258f043269c3 | d1af362bc6ad2ecf | 21c1595573e0f858 | 9a22cf6df14a6ca8 | 957bc9055db7588f |
| byte-lm-host-infer infer | b67a1f3d482ffaca | 8ac5fad2d951d6cb | 25857576546d1442 | ec2a92c6e7abd69a | fa0cd27e307b2aba | e30c916c3d69584a | a53e0a81c9acf494 | b67a1f3d482ffaca | 418815fcec6e602a |
| byte-lm-host-infer batch | 2eccb20888ca5cee | 4247444b5e741c45 | 2e1facc4833a2235 | c2bbaa85ae76f739 | faffe97b72d9fe37 | 939402dcf3954d4f | 11238b320c9572d3 | 2eccb20888ca5cee | 50b6c632cc98d71b |
| byte-lm-host-infer rlpair | 22f7e367585a569c | 839a8419ba0bb3f8 | 7d2514bde61089b8 | 197fdc2b435c16f4 | 47d12f45b839ebe7 | a16267b9b260c0c6 | 22f7e367585a569c | 22f7e367585a569c | f2c3e79023b52c67 |
# START byte-lm-host-train/base repeat=1/train
# DONE byte-lm-host-train/base repeat=1/train 0.021s
# START byte-lm-host-train/base repeat=1/infer-save-reload
# DONE byte-lm-host-train/base repeat=1/infer-save-reload 0.019s
# START byte-lm-host-train/base repeat=1/batch
# DONE byte-lm-host-train/base repeat=1/batch 0.000s
# START byte-lm-host-train/base repeat=2/train
# DONE byte-lm-host-train/base repeat=2/train 0.020s
# START byte-lm-host-train/base repeat=2/infer-save-reload
# DONE byte-lm-host-train/base repeat=2/infer-save-reload 0.019s
# START byte-lm-host-train/base repeat=2/batch
# DONE byte-lm-host-train/base repeat=2/batch 0.000s
# CELL byte-lm-host-train/base STABLE 0.078s
# START byte-lm-host-train/ties repeat=1/train
# DONE byte-lm-host-train/ties repeat=1/train 0.020s
# START byte-lm-host-train/ties repeat=1/infer-save-reload
# DONE byte-lm-host-train/ties repeat=1/infer-save-reload 0.019s
# START byte-lm-host-train/ties repeat=1/batch
# DONE byte-lm-host-train/ties repeat=1/batch 0.000s
# START byte-lm-host-train/ties repeat=2/train
# DONE byte-lm-host-train/ties repeat=2/train 0.020s
# START byte-lm-host-train/ties repeat=2/infer-save-reload
# DONE byte-lm-host-train/ties repeat=2/infer-save-reload 0.018s
# START byte-lm-host-train/ties repeat=2/batch
# DONE byte-lm-host-train/ties repeat=2/batch 0.000s
# CELL byte-lm-host-train/ties STABLE 0.077s
# START byte-lm-host-train/hashed repeat=1/train
# DONE byte-lm-host-train/hashed repeat=1/train 0.020s
# START byte-lm-host-train/hashed repeat=1/infer-save-reload
# DONE byte-lm-host-train/hashed repeat=1/infer-save-reload 0.020s
# START byte-lm-host-train/hashed repeat=1/batch
# DONE byte-lm-host-train/hashed repeat=1/batch 0.000s
# START byte-lm-host-train/hashed repeat=2/train
# DONE byte-lm-host-train/hashed repeat=2/train 0.021s
# START byte-lm-host-train/hashed repeat=2/infer-save-reload
# DONE byte-lm-host-train/hashed repeat=2/infer-save-reload 0.018s
# START byte-lm-host-train/hashed repeat=2/batch
# DONE byte-lm-host-train/hashed repeat=2/batch 0.000s
# CELL byte-lm-host-train/hashed STABLE 0.079s
# START byte-lm-host-train/wide repeat=1/train
# DONE byte-lm-host-train/wide repeat=1/train 0.020s
# START byte-lm-host-train/wide repeat=1/infer-save-reload
# DONE byte-lm-host-train/wide repeat=1/infer-save-reload 0.019s
# START byte-lm-host-train/wide repeat=1/batch
# DONE byte-lm-host-train/wide repeat=1/batch 0.000s
# START byte-lm-host-train/wide repeat=2/train
# DONE byte-lm-host-train/wide repeat=2/train 0.021s
# START byte-lm-host-train/wide repeat=2/infer-save-reload
# DONE byte-lm-host-train/wide repeat=2/infer-save-reload 0.019s
# START byte-lm-host-train/wide repeat=2/batch
# DONE byte-lm-host-train/wide repeat=2/batch 0.000s
# CELL byte-lm-host-train/wide STABLE 0.078s
# START byte-lm-host-train/denormal repeat=1/train
# DONE byte-lm-host-train/denormal repeat=1/train 0.020s
# START byte-lm-host-train/denormal repeat=1/infer-save-reload
# DONE byte-lm-host-train/denormal repeat=1/infer-save-reload 0.018s
# START byte-lm-host-train/denormal repeat=1/batch
# DONE byte-lm-host-train/denormal repeat=1/batch 0.000s
# START byte-lm-host-train/denormal repeat=2/train
# DONE byte-lm-host-train/denormal repeat=2/train 0.020s
# START byte-lm-host-train/denormal repeat=2/infer-save-reload
# DONE byte-lm-host-train/denormal repeat=2/infer-save-reload 0.018s
# START byte-lm-host-train/denormal repeat=2/batch
# DONE byte-lm-host-train/denormal repeat=2/batch 0.000s
# CELL byte-lm-host-train/denormal STABLE 0.076s
# START byte-lm-host-train/denormal_ftz repeat=1/train
# DONE byte-lm-host-train/denormal_ftz repeat=1/train 0.020s
# START byte-lm-host-train/denormal_ftz repeat=1/infer-save-reload
# DONE byte-lm-host-train/denormal_ftz repeat=1/infer-save-reload 0.018s
# START byte-lm-host-train/denormal_ftz repeat=1/batch
# DONE byte-lm-host-train/denormal_ftz repeat=1/batch 0.000s
# START byte-lm-host-train/denormal_ftz repeat=2/train
# DONE byte-lm-host-train/denormal_ftz repeat=2/train 0.020s
# START byte-lm-host-train/denormal_ftz repeat=2/infer-save-reload
# DONE byte-lm-host-train/denormal_ftz repeat=2/infer-save-reload 0.018s
# START byte-lm-host-train/denormal_ftz repeat=2/batch
# DONE byte-lm-host-train/denormal_ftz repeat=2/batch 0.000s
# CELL byte-lm-host-train/denormal_ftz STABLE 0.077s
# START byte-lm-host-train/dupes repeat=1/train
# DONE byte-lm-host-train/dupes repeat=1/train 0.020s
# START byte-lm-host-train/dupes repeat=1/infer-save-reload
# DONE byte-lm-host-train/dupes repeat=1/infer-save-reload 0.019s
# START byte-lm-host-train/dupes repeat=1/batch
# DONE byte-lm-host-train/dupes repeat=1/batch 0.000s
# START byte-lm-host-train/dupes repeat=2/train
# DONE byte-lm-host-train/dupes repeat=2/train 0.020s
# START byte-lm-host-train/dupes repeat=2/infer-save-reload
# DONE byte-lm-host-train/dupes repeat=2/infer-save-reload 0.018s
# START byte-lm-host-train/dupes repeat=2/batch
# DONE byte-lm-host-train/dupes repeat=2/batch 0.000s
# CELL byte-lm-host-train/dupes STABLE 0.077s
# START byte-lm-host-train/odd repeat=1/train
# DONE byte-lm-host-train/odd repeat=1/train 0.020s
# START byte-lm-host-train/odd repeat=1/infer-save-reload
# DONE byte-lm-host-train/odd repeat=1/infer-save-reload 0.019s
# START byte-lm-host-train/odd repeat=1/batch
# DONE byte-lm-host-train/odd repeat=1/batch 0.000s
# START byte-lm-host-train/odd repeat=2/train
# DONE byte-lm-host-train/odd repeat=2/train 0.020s
# START byte-lm-host-train/odd repeat=2/infer-save-reload
# DONE byte-lm-host-train/odd repeat=2/infer-save-reload 0.019s
# START byte-lm-host-train/odd repeat=2/batch
# DONE byte-lm-host-train/odd repeat=2/batch 0.000s
# CELL byte-lm-host-train/odd STABLE 0.078s
# START byte-lm-host-train/negative repeat=1/train
# DONE byte-lm-host-train/negative repeat=1/train 0.020s
# START byte-lm-host-train/negative repeat=1/infer-save-reload
# DONE byte-lm-host-train/negative repeat=1/infer-save-reload 0.019s
# START byte-lm-host-train/negative repeat=1/batch
# DONE byte-lm-host-train/negative repeat=1/batch 0.000s
# START byte-lm-host-train/negative repeat=2/train
# DONE byte-lm-host-train/negative repeat=2/train 0.020s
# START byte-lm-host-train/negative repeat=2/infer-save-reload
# DONE byte-lm-host-train/negative repeat=2/infer-save-reload 0.018s
# START byte-lm-host-train/negative repeat=2/batch
# DONE byte-lm-host-train/negative repeat=2/batch 0.000s
# CELL byte-lm-host-train/negative STABLE 0.078s
| byte-lm-host-train     | 04d7452abeb7ae7a | 5ac1bffdd360961f | 915a8a6b7e5f5bf3 | 1d86e5f486b3cb10 | 5dacd27d99b63ea8 | ce4b89211b242e2a | 3e3bf4a1d2093466 | 04d7452abeb7ae7a | c2e69d5d4aba426e |
| byte-lm-host-train infer | 6a8e53d94e8b1afa | ddfcbd65895588a5 | dd72b3b1eb49793b | e53e1904ba3c463a | d4ae338da5ee9016 | 46d9288ab71bf45c | 223804b7883310c6 | 6a8e53d94e8b1afa | 8d8111383b957c25 |
# START transformer/base repeat=1/train
# DONE transformer/base repeat=1/train 0.011s
# START transformer/base repeat=1/infer-save-reload
# DONE transformer/base repeat=1/infer-save-reload 0.001s
# START transformer/base repeat=1/batch
# DONE transformer/base repeat=1/batch 0.017s
# START transformer/base repeat=1/rlpair
# DONE transformer/base repeat=1/rlpair 0.336s
# START transformer/base repeat=2/train
# DONE transformer/base repeat=2/train 0.009s
# START transformer/base repeat=2/infer-save-reload
# DONE transformer/base repeat=2/infer-save-reload 0.001s
# START transformer/base repeat=2/batch
# DONE transformer/base repeat=2/batch 0.017s
# START transformer/base repeat=2/rlpair
# DONE transformer/base repeat=2/rlpair 0.335s
# CELL transformer/base STABLE 0.728s
# START transformer/ties repeat=1/train
# DONE transformer/ties repeat=1/train 0.009s
# START transformer/ties repeat=1/infer-save-reload
# DONE transformer/ties repeat=1/infer-save-reload 0.001s
# START transformer/ties repeat=1/batch
# DONE transformer/ties repeat=1/batch 0.017s
# START transformer/ties repeat=1/rlpair
# DONE transformer/ties repeat=1/rlpair 0.336s
# START transformer/ties repeat=2/train
# DONE transformer/ties repeat=2/train 0.008s
# START transformer/ties repeat=2/infer-save-reload
# DONE transformer/ties repeat=2/infer-save-reload 0.001s
# START transformer/ties repeat=2/batch
# DONE transformer/ties repeat=2/batch 0.017s
# START transformer/ties repeat=2/rlpair
# DONE transformer/ties repeat=2/rlpair 0.336s
# CELL transformer/ties STABLE 0.726s
# START transformer/hashed repeat=1/train
# DONE transformer/hashed repeat=1/train 0.009s
# START transformer/hashed repeat=1/infer-save-reload
# DONE transformer/hashed repeat=1/infer-save-reload 0.001s
# START transformer/hashed repeat=1/batch
# DONE transformer/hashed repeat=1/batch 0.017s
# START transformer/hashed repeat=1/rlpair
# DONE transformer/hashed repeat=1/rlpair 0.337s
# START transformer/hashed repeat=2/train
# DONE transformer/hashed repeat=2/train 0.008s
# START transformer/hashed repeat=2/infer-save-reload
# DONE transformer/hashed repeat=2/infer-save-reload 0.001s
# START transformer/hashed repeat=2/batch
# DONE transformer/hashed repeat=2/batch 0.017s
# START transformer/hashed repeat=2/rlpair
# DONE transformer/hashed repeat=2/rlpair 0.337s
# CELL transformer/hashed STABLE 0.728s
# START transformer/wide repeat=1/train
# DONE transformer/wide repeat=1/train 0.009s
# START transformer/wide repeat=1/infer-save-reload
# DONE transformer/wide repeat=1/infer-save-reload 0.001s
# START transformer/wide repeat=1/batch
# DONE transformer/wide repeat=1/batch 0.017s
# START transformer/wide repeat=1/rlpair
# DONE transformer/wide repeat=1/rlpair 0.337s
# START transformer/wide repeat=2/train
# DONE transformer/wide repeat=2/train 0.008s
# START transformer/wide repeat=2/infer-save-reload
# DONE transformer/wide repeat=2/infer-save-reload 0.001s
# START transformer/wide repeat=2/batch
# DONE transformer/wide repeat=2/batch 0.017s
# START transformer/wide repeat=2/rlpair
# DONE transformer/wide repeat=2/rlpair 0.336s
# CELL transformer/wide STABLE 0.727s
# START transformer/denormal repeat=1/train
# DONE transformer/denormal repeat=1/train 0.009s
# START transformer/denormal repeat=1/infer-save-reload
# DONE transformer/denormal repeat=1/infer-save-reload 0.001s
# START transformer/denormal repeat=1/batch
# DONE transformer/denormal repeat=1/batch 0.017s
# START transformer/denormal repeat=1/rlpair
# DONE transformer/denormal repeat=1/rlpair 0.334s
# START transformer/denormal repeat=2/train
# DONE transformer/denormal repeat=2/train 0.008s
# START transformer/denormal repeat=2/infer-save-reload
# DONE transformer/denormal repeat=2/infer-save-reload 0.001s
# START transformer/denormal repeat=2/batch
# DONE transformer/denormal repeat=2/batch 0.014s
# START transformer/denormal repeat=2/rlpair
# DONE transformer/denormal repeat=2/rlpair 0.310s
# CELL transformer/denormal STABLE 0.694s
# START transformer/denormal_ftz repeat=1/train
# DONE transformer/denormal_ftz repeat=1/train 0.007s
# START transformer/denormal_ftz repeat=1/infer-save-reload
# DONE transformer/denormal_ftz repeat=1/infer-save-reload 0.001s
# START transformer/denormal_ftz repeat=1/batch
# DONE transformer/denormal_ftz repeat=1/batch 0.014s
# START transformer/denormal_ftz repeat=1/rlpair
# DONE transformer/denormal_ftz repeat=1/rlpair 0.310s
# START transformer/denormal_ftz repeat=2/train
# DONE transformer/denormal_ftz repeat=2/train 0.007s
# START transformer/denormal_ftz repeat=2/infer-save-reload
# DONE transformer/denormal_ftz repeat=2/infer-save-reload 0.001s
# START transformer/denormal_ftz repeat=2/batch
# DONE transformer/denormal_ftz repeat=2/batch 0.014s
# START transformer/denormal_ftz repeat=2/rlpair
# DONE transformer/denormal_ftz repeat=2/rlpair 0.323s
# CELL transformer/denormal_ftz STABLE 0.678s
# START transformer/dupes repeat=1/train
# DONE transformer/dupes repeat=1/train 0.009s
# START transformer/dupes repeat=1/infer-save-reload
# DONE transformer/dupes repeat=1/infer-save-reload 0.001s
# START transformer/dupes repeat=1/batch
# DONE transformer/dupes repeat=1/batch 0.017s
# START transformer/dupes repeat=1/rlpair
# DONE transformer/dupes repeat=1/rlpair 0.324s
# START transformer/dupes repeat=2/train
# DONE transformer/dupes repeat=2/train 0.007s
# START transformer/dupes repeat=2/infer-save-reload
# DONE transformer/dupes repeat=2/infer-save-reload 0.001s
# START transformer/dupes repeat=2/batch
# DONE transformer/dupes repeat=2/batch 0.014s
# START transformer/dupes repeat=2/rlpair
# DONE transformer/dupes repeat=2/rlpair 0.309s
# CELL transformer/dupes STABLE 0.684s
# START transformer/odd repeat=1/train
# DONE transformer/odd repeat=1/train 0.007s
# START transformer/odd repeat=1/infer-save-reload
# DONE transformer/odd repeat=1/infer-save-reload 0.001s
# START transformer/odd repeat=1/batch
# DONE transformer/odd repeat=1/batch 0.014s
# START transformer/odd repeat=1/rlpair
# DONE transformer/odd repeat=1/rlpair 0.310s
# START transformer/odd repeat=2/train
# DONE transformer/odd repeat=2/train 0.007s
# START transformer/odd repeat=2/infer-save-reload
# DONE transformer/odd repeat=2/infer-save-reload 0.001s
# START transformer/odd repeat=2/batch
# DONE transformer/odd repeat=2/batch 0.014s
# START transformer/odd repeat=2/rlpair
# DONE transformer/odd repeat=2/rlpair 0.310s
# CELL transformer/odd STABLE 0.665s
# START transformer/negative repeat=1/train
# DONE transformer/negative repeat=1/train 0.007s
# START transformer/negative repeat=1/infer-save-reload
# DONE transformer/negative repeat=1/infer-save-reload 0.001s
# START transformer/negative repeat=1/batch
# DONE transformer/negative repeat=1/batch 0.014s
# START transformer/negative repeat=1/rlpair
# DONE transformer/negative repeat=1/rlpair 0.308s
# START transformer/negative repeat=2/train
# DONE transformer/negative repeat=2/train 0.007s
# START transformer/negative repeat=2/infer-save-reload
# DONE transformer/negative repeat=2/infer-save-reload 0.001s
# START transformer/negative repeat=2/batch
# DONE transformer/negative repeat=2/batch 0.014s
# START transformer/negative repeat=2/rlpair
# DONE transformer/negative repeat=2/rlpair 0.308s
# CELL transformer/negative STABLE 0.662s
| transformer            | f2cb3899e9bfe21c | dcf1e19520f0e035 | ca2348acad5f6129 | f7a91ebc01770736 | 4306fddef0d5bade | 4306fddef0d5bade | 2e146e72ab66bbee | f2cb3899e9bfe21c | 938854f687e7c862 |
| transformer infer      | 80ab5cc2b56af36f | 2912a1df502a940f | 0e628f9d48f2496e | 472ac906ecc50310 | 409686c83a812662 | 409686c83a812662 | b148c12305954963 | 80ab5cc2b56af36f | 5dac481538b009f5 |
| transformer batch      | 022a9fe3b33a7f0d | c010c076bf959bdf | 0d10a3391bb7f6ac | f300f54e8de020d9 | fd4b7df10748386f | fd4b7df10748386f | 7c7acf7f7d7c696c | 022a9fe3b33a7f0d | 44b32c27eb52258f |
| transformer rlpair     | b93b5a9dd5ac5a6d | 0d75dceb7b1222cf | cbba0e6b948d9b4e | 3d074e30eb206cd8 | 060a4253cb4a9a21 | 5cae9a65ecba30ec | b93b5a9dd5ac5a6d | b93b5a9dd5ac5a6d | 7f5fbc8994ef204c |
# START samba/base repeat=1/train
# DONE samba/base repeat=1/train 0.075s
# START samba/base repeat=1/infer-save-reload
# DONE samba/base repeat=1/infer-save-reload 0.015s
# START samba/base repeat=1/batch
# DONE samba/base repeat=1/batch 0.086s
# START samba/base repeat=1/rlpair
# DONE samba/base repeat=1/rlpair 0.658s
# START samba/base repeat=2/train
# DONE samba/base repeat=2/train 0.057s
# START samba/base repeat=2/infer-save-reload
# DONE samba/base repeat=2/infer-save-reload 0.014s
# START samba/base repeat=2/batch
# DONE samba/base repeat=2/batch 0.086s
# START samba/base repeat=2/rlpair
# DONE samba/base repeat=2/rlpair 0.656s
# CELL samba/base STABLE 1.648s
# START samba/ties repeat=1/train
# DONE samba/ties repeat=1/train 0.057s
# START samba/ties repeat=1/infer-save-reload
# DONE samba/ties repeat=1/infer-save-reload 0.014s
# START samba/ties repeat=1/batch
# DONE samba/ties repeat=1/batch 0.086s
# START samba/ties repeat=1/rlpair
# DONE samba/ties repeat=1/rlpair 0.665s
# START samba/ties repeat=2/train
# DONE samba/ties repeat=2/train 0.058s
# START samba/ties repeat=2/infer-save-reload
# DONE samba/ties repeat=2/infer-save-reload 0.014s
# START samba/ties repeat=2/batch
# DONE samba/ties repeat=2/batch 0.087s
# START samba/ties repeat=2/rlpair
# DONE samba/ties repeat=2/rlpair 0.689s
# CELL samba/ties STABLE 1.672s
# START samba/hashed repeat=1/train
# DONE samba/hashed repeat=1/train 0.061s
# START samba/hashed repeat=1/infer-save-reload
# DONE samba/hashed repeat=1/infer-save-reload 0.016s
# START samba/hashed repeat=1/batch
# DONE samba/hashed repeat=1/batch 0.098s
# START samba/hashed repeat=1/rlpair
# DONE samba/hashed repeat=1/rlpair 0.743s
# START samba/hashed repeat=2/train
# DONE samba/hashed repeat=2/train 0.061s
# START samba/hashed repeat=2/infer-save-reload
# DONE samba/hashed repeat=2/infer-save-reload 0.016s
# START samba/hashed repeat=2/batch
# DONE samba/hashed repeat=2/batch 0.098s
# START samba/hashed repeat=2/rlpair
# DONE samba/hashed repeat=2/rlpair 0.743s
# CELL samba/hashed STABLE 1.837s
# START samba/wide repeat=1/train
# DONE samba/wide repeat=1/train 0.061s
# START samba/wide repeat=1/infer-save-reload
# DONE samba/wide repeat=1/infer-save-reload 0.016s
# START samba/wide repeat=1/batch
# DONE samba/wide repeat=1/batch 0.099s
# START samba/wide repeat=1/rlpair
# DONE samba/wide repeat=1/rlpair 0.745s
# START samba/wide repeat=2/train
# DONE samba/wide repeat=2/train 0.061s
# START samba/wide repeat=2/infer-save-reload
# DONE samba/wide repeat=2/infer-save-reload 0.016s
# START samba/wide repeat=2/batch
# DONE samba/wide repeat=2/batch 0.098s
# START samba/wide repeat=2/rlpair
# DONE samba/wide repeat=2/rlpair 0.745s
# CELL samba/wide STABLE 1.842s
# START samba/denormal repeat=1/train
# DONE samba/denormal repeat=1/train 0.061s
# START samba/denormal repeat=1/infer-save-reload
# DONE samba/denormal repeat=1/infer-save-reload 0.016s
# START samba/denormal repeat=1/batch
# DONE samba/denormal repeat=1/batch 0.098s
# START samba/denormal repeat=1/rlpair
# DONE samba/denormal repeat=1/rlpair 0.743s
# START samba/denormal repeat=2/train
# DONE samba/denormal repeat=2/train 0.061s
# START samba/denormal repeat=2/infer-save-reload
# DONE samba/denormal repeat=2/infer-save-reload 0.016s
# START samba/denormal repeat=2/batch
# DONE samba/denormal repeat=2/batch 0.098s
# START samba/denormal repeat=2/rlpair
# DONE samba/denormal repeat=2/rlpair 0.741s
# CELL samba/denormal STABLE 1.834s
# START samba/denormal_ftz repeat=1/train
# DONE samba/denormal_ftz repeat=1/train 0.061s
# START samba/denormal_ftz repeat=1/infer-save-reload
# DONE samba/denormal_ftz repeat=1/infer-save-reload 0.016s
# START samba/denormal_ftz repeat=1/batch
# DONE samba/denormal_ftz repeat=1/batch 0.097s
# START samba/denormal_ftz repeat=1/rlpair
# DONE samba/denormal_ftz repeat=1/rlpair 0.738s
# START samba/denormal_ftz repeat=2/train
# DONE samba/denormal_ftz repeat=2/train 0.061s
# START samba/denormal_ftz repeat=2/infer-save-reload
# DONE samba/denormal_ftz repeat=2/infer-save-reload 0.016s
# START samba/denormal_ftz repeat=2/batch
# DONE samba/denormal_ftz repeat=2/batch 0.097s
# START samba/denormal_ftz repeat=2/rlpair
# DONE samba/denormal_ftz repeat=2/rlpair 0.743s
# CELL samba/denormal_ftz STABLE 1.829s
# START samba/dupes repeat=1/train
# DONE samba/dupes repeat=1/train 0.064s
# START samba/dupes repeat=1/infer-save-reload
# DONE samba/dupes repeat=1/infer-save-reload 0.016s
# START samba/dupes repeat=1/batch
# DONE samba/dupes repeat=1/batch 0.098s
# START samba/dupes repeat=1/rlpair
# DONE samba/dupes repeat=1/rlpair 0.745s
# START samba/dupes repeat=2/train
# DONE samba/dupes repeat=2/train 0.061s
# START samba/dupes repeat=2/infer-save-reload
# DONE samba/dupes repeat=2/infer-save-reload 0.016s
# START samba/dupes repeat=2/batch
# DONE samba/dupes repeat=2/batch 0.097s
# START samba/dupes repeat=2/rlpair
# DONE samba/dupes repeat=2/rlpair 0.740s
# CELL samba/dupes STABLE 1.837s
# START samba/odd repeat=1/train
# DONE samba/odd repeat=1/train 0.061s
# START samba/odd repeat=1/infer-save-reload
# DONE samba/odd repeat=1/infer-save-reload 0.016s
# START samba/odd repeat=1/batch
# DONE samba/odd repeat=1/batch 0.099s
# START samba/odd repeat=1/rlpair
# DONE samba/odd repeat=1/rlpair 0.744s
# START samba/odd repeat=2/train
# DONE samba/odd repeat=2/train 0.061s
# START samba/odd repeat=2/infer-save-reload
# DONE samba/odd repeat=2/infer-save-reload 0.018s
# START samba/odd repeat=2/batch
# DONE samba/odd repeat=2/batch 0.098s
# START samba/odd repeat=2/rlpair
# DONE samba/odd repeat=2/rlpair 0.742s
# CELL samba/odd STABLE 1.839s
# START samba/negative repeat=1/train
# DONE samba/negative repeat=1/train 0.061s
# START samba/negative repeat=1/infer-save-reload
# DONE samba/negative repeat=1/infer-save-reload 0.016s
# START samba/negative repeat=1/batch
# DONE samba/negative repeat=1/batch 0.098s
# START samba/negative repeat=1/rlpair
# DONE samba/negative repeat=1/rlpair 0.747s
# START samba/negative repeat=2/train
# DONE samba/negative repeat=2/train 0.061s
# START samba/negative repeat=2/infer-save-reload
# DONE samba/negative repeat=2/infer-save-reload 0.016s
# START samba/negative repeat=2/batch
# DONE samba/negative repeat=2/batch 0.099s
# START samba/negative repeat=2/rlpair
# DONE samba/negative repeat=2/rlpair 0.751s
# CELL samba/negative STABLE 1.849s
| samba                  | 59edc5499524917a | 66b4e01985f14c83 | 7aed2e21f3d1fd37 | 55bb0a35a4717e21 | f04dfe354d334185 | 21b48585cac5f2dc | 59edc5499524917a | 59edc5499524917a | baf9314d6be7ee55 |
| samba infer            | 1c36768346e2b31c | 4148172aef516854 | d1140f3f1a3929ff | 2fc3ccc6b00ca18e | 82959e01162a288c | 858a31e49040a404 | 1c36768346e2b31c | 1c36768346e2b31c | 4081aae61a0dac2f |
| samba model            | c6e035a367052c95 | c63e34cf3642971c | 5aff1ce5f8021c9f | af36d39066a15e99 | 423a94e0285c57d1 | a14095988dd7cb32 | c6e035a367052c95 | c6e035a367052c95 | 659b0e317fe93396 |
| samba batch            | bb2812badec02047 | f0d5f05d6d8945b0 | 10ded88aa18f2d4c | 3367b43b2b85532f | 95f606e710724f62 | 8690de249eb499f3 | d2c9f7a0e527809f | bb2812badec02047 | 419ca0e4218c4d21 |
| samba rlpair           | ad0368c40ec8bb2b | 12c71a776c337d04 | 9e4adedf2e3a0e4b | bfe0ab5d5bc62360 | 05e89149be56adfd | 0863c4289a0408b2 | ad0368c40ec8bb2b | ad0368c40ec8bb2b | e60b4741ed635b00 |
# START transformer-window/base repeat=1/train
# DONE transformer-window/base repeat=1/train 0.009s
# START transformer-window/base repeat=1/infer-save-reload
# DONE transformer-window/base repeat=1/infer-save-reload 0.001s
# START transformer-window/base repeat=1/batch
# DONE transformer-window/base repeat=1/batch 0.017s
# START transformer-window/base repeat=1/rlpair
# DONE transformer-window/base repeat=1/rlpair 0.333s
# START transformer-window/base repeat=2/train
# DONE transformer-window/base repeat=2/train 0.008s
# START transformer-window/base repeat=2/infer-save-reload
# DONE transformer-window/base repeat=2/infer-save-reload 0.001s
# START transformer-window/base repeat=2/batch
# DONE transformer-window/base repeat=2/batch 0.017s
# START transformer-window/base repeat=2/rlpair
# DONE transformer-window/base repeat=2/rlpair 0.332s
# CELL transformer-window/base STABLE 0.719s
# START transformer-window/ties repeat=1/train
# DONE transformer-window/ties repeat=1/train 0.009s
# START transformer-window/ties repeat=1/infer-save-reload
# DONE transformer-window/ties repeat=1/infer-save-reload 0.001s
# START transformer-window/ties repeat=1/batch
# DONE transformer-window/ties repeat=1/batch 0.017s
# START transformer-window/ties repeat=1/rlpair
# DONE transformer-window/ties repeat=1/rlpair 0.331s
# START transformer-window/ties repeat=2/train
# DONE transformer-window/ties repeat=2/train 0.008s
# START transformer-window/ties repeat=2/infer-save-reload
# DONE transformer-window/ties repeat=2/infer-save-reload 0.001s
# START transformer-window/ties repeat=2/batch
# DONE transformer-window/ties repeat=2/batch 0.017s
# START transformer-window/ties repeat=2/rlpair
# DONE transformer-window/ties repeat=2/rlpair 0.331s
# CELL transformer-window/ties STABLE 0.716s
# START transformer-window/hashed repeat=1/train
# DONE transformer-window/hashed repeat=1/train 0.009s
# START transformer-window/hashed repeat=1/infer-save-reload
# DONE transformer-window/hashed repeat=1/infer-save-reload 0.001s
# START transformer-window/hashed repeat=1/batch
# DONE transformer-window/hashed repeat=1/batch 0.017s
# START transformer-window/hashed repeat=1/rlpair
# DONE transformer-window/hashed repeat=1/rlpair 0.332s
# START transformer-window/hashed repeat=2/train
# DONE transformer-window/hashed repeat=2/train 0.010s
# START transformer-window/hashed repeat=2/infer-save-reload
# DONE transformer-window/hashed repeat=2/infer-save-reload 0.002s
# START transformer-window/hashed repeat=2/batch
# DONE transformer-window/hashed repeat=2/batch 0.019s
# START transformer-window/hashed repeat=2/rlpair
# DONE transformer-window/hashed repeat=2/rlpair 0.354s
# CELL transformer-window/hashed STABLE 0.743s
# START transformer-window/wide repeat=1/train
# DONE transformer-window/wide repeat=1/train 0.009s
# START transformer-window/wide repeat=1/infer-save-reload
# DONE transformer-window/wide repeat=1/infer-save-reload 0.001s
# START transformer-window/wide repeat=1/batch
# DONE transformer-window/wide repeat=1/batch 0.019s
# START transformer-window/wide repeat=1/rlpair
# DONE transformer-window/wide repeat=1/rlpair 0.336s
# START transformer-window/wide repeat=2/train
# DONE transformer-window/wide repeat=2/train 0.008s
# START transformer-window/wide repeat=2/infer-save-reload
# DONE transformer-window/wide repeat=2/infer-save-reload 0.001s
# START transformer-window/wide repeat=2/batch
# DONE transformer-window/wide repeat=2/batch 0.017s
# START transformer-window/wide repeat=2/rlpair
# DONE transformer-window/wide repeat=2/rlpair 0.333s
# CELL transformer-window/wide STABLE 0.726s
# START transformer-window/denormal repeat=1/train
# DONE transformer-window/denormal repeat=1/train 0.009s
# START transformer-window/denormal repeat=1/infer-save-reload
# DONE transformer-window/denormal repeat=1/infer-save-reload 0.001s
# START transformer-window/denormal repeat=1/batch
# DONE transformer-window/denormal repeat=1/batch 0.017s
# START transformer-window/denormal repeat=1/rlpair
# DONE transformer-window/denormal repeat=1/rlpair 0.333s
# START transformer-window/denormal repeat=2/train
# DONE transformer-window/denormal repeat=2/train 0.008s
# START transformer-window/denormal repeat=2/infer-save-reload
# DONE transformer-window/denormal repeat=2/infer-save-reload 0.001s
# START transformer-window/denormal repeat=2/batch
# DONE transformer-window/denormal repeat=2/batch 0.017s
# START transformer-window/denormal repeat=2/rlpair
# DONE transformer-window/denormal repeat=2/rlpair 0.331s
# CELL transformer-window/denormal STABLE 0.717s
# START transformer-window/denormal_ftz repeat=1/train
# DONE transformer-window/denormal_ftz repeat=1/train 0.008s
# START transformer-window/denormal_ftz repeat=1/infer-save-reload
# DONE transformer-window/denormal_ftz repeat=1/infer-save-reload 0.001s
# START transformer-window/denormal_ftz repeat=1/batch
# DONE transformer-window/denormal_ftz repeat=1/batch 0.017s
# START transformer-window/denormal_ftz repeat=1/rlpair
# DONE transformer-window/denormal_ftz repeat=1/rlpair 0.332s
# START transformer-window/denormal_ftz repeat=2/train
# DONE transformer-window/denormal_ftz repeat=2/train 0.008s
# START transformer-window/denormal_ftz repeat=2/infer-save-reload
# DONE transformer-window/denormal_ftz repeat=2/infer-save-reload 0.001s
# START transformer-window/denormal_ftz repeat=2/batch
# DONE transformer-window/denormal_ftz repeat=2/batch 0.017s
# START transformer-window/denormal_ftz repeat=2/rlpair
# DONE transformer-window/denormal_ftz repeat=2/rlpair 0.333s
# CELL transformer-window/denormal_ftz STABLE 0.718s
# START transformer-window/dupes repeat=1/train
# DONE transformer-window/dupes repeat=1/train 0.008s
# START transformer-window/dupes repeat=1/infer-save-reload
# DONE transformer-window/dupes repeat=1/infer-save-reload 0.001s
# START transformer-window/dupes repeat=1/batch
# DONE transformer-window/dupes repeat=1/batch 0.017s
# START transformer-window/dupes repeat=1/rlpair
# DONE transformer-window/dupes repeat=1/rlpair 0.331s
# START transformer-window/dupes repeat=2/train
# DONE transformer-window/dupes repeat=2/train 0.008s
# START transformer-window/dupes repeat=2/infer-save-reload
# DONE transformer-window/dupes repeat=2/infer-save-reload 0.001s
# START transformer-window/dupes repeat=2/batch
# DONE transformer-window/dupes repeat=2/batch 0.017s
# START transformer-window/dupes repeat=2/rlpair
# DONE transformer-window/dupes repeat=2/rlpair 0.333s
# CELL transformer-window/dupes STABLE 0.717s
# START transformer-window/odd repeat=1/train
# DONE transformer-window/odd repeat=1/train 0.009s
# START transformer-window/odd repeat=1/infer-save-reload
# DONE transformer-window/odd repeat=1/infer-save-reload 0.001s
# START transformer-window/odd repeat=1/batch
# DONE transformer-window/odd repeat=1/batch 0.017s
# START transformer-window/odd repeat=1/rlpair
# DONE transformer-window/odd repeat=1/rlpair 0.331s
# START transformer-window/odd repeat=2/train
# DONE transformer-window/odd repeat=2/train 0.008s
# START transformer-window/odd repeat=2/infer-save-reload
# DONE transformer-window/odd repeat=2/infer-save-reload 0.001s
# START transformer-window/odd repeat=2/batch
# DONE transformer-window/odd repeat=2/batch 0.017s
# START transformer-window/odd repeat=2/rlpair
# DONE transformer-window/odd repeat=2/rlpair 0.335s
# CELL transformer-window/odd STABLE 0.719s
# START transformer-window/negative repeat=1/train
# DONE transformer-window/negative repeat=1/train 0.009s
# START transformer-window/negative repeat=1/infer-save-reload
# DONE transformer-window/negative repeat=1/infer-save-reload 0.001s
# START transformer-window/negative repeat=1/batch
# DONE transformer-window/negative repeat=1/batch 0.017s
# START transformer-window/negative repeat=1/rlpair
# DONE transformer-window/negative repeat=1/rlpair 0.340s
# START transformer-window/negative repeat=2/train
# DONE transformer-window/negative repeat=2/train 0.009s
# START transformer-window/negative repeat=2/infer-save-reload
# DONE transformer-window/negative repeat=2/infer-save-reload 0.001s
# START transformer-window/negative repeat=2/batch
# DONE transformer-window/negative repeat=2/batch 0.017s
# START transformer-window/negative repeat=2/rlpair
# DONE transformer-window/negative repeat=2/rlpair 0.341s
# CELL transformer-window/negative STABLE 0.736s
| transformer-window     | 998e7f404405725f | aea783c0fe305398 | b3f001e7949493d1 | c27015a1b6a0ea38 | c6e7ab733576f06b | c6e7ab733576f06b | 524f8899d6267498 | 998e7f404405725f | 87430236021df629 |
| transformer-window infer | ac4114e19357cfc1 | b270847807cd5206 | 2e437a2b86507bbb | 99dcab40a6c3b170 | 3feac703711e5489 | 3feac703711e5489 | 39b716bbcba5fa21 | ac4114e19357cfc1 | ef6c166f098ede1e |
| transformer-window batch | 1a9f5f0f2dcbffa4 | 2293699be4985333 | 484ab0a032836f22 | 665d92fcaa35b822 | ce1ba497245c6cfd | ce1ba497245c6cfd | e95a7918926af662 | 1a9f5f0f2dcbffa4 | 3c9ccee5da358017 |
| transformer-window rlpair | 44f00e9b78601160 | c5b8b7b31e8225da | 4c470504c7814c0f | 46d6bdbbddad6558 | 7f36dd1aec781a3d | 7f432920c953ffb1 | 44f00e9b78601160 | 44f00e9b78601160 | 0b2f6ccaec0f8f8a |
# START byte-lm-resident/base repeat=1/train
# DONE byte-lm-resident/base repeat=1/train 0.020s
# START byte-lm-resident/base repeat=1/infer-save-reload
# DONE byte-lm-resident/base repeat=1/infer-save-reload 0.010s
# START byte-lm-resident/base repeat=1/batch
# DONE byte-lm-resident/base repeat=1/batch 0.021s
# START byte-lm-resident/base repeat=1/rlpair
# DONE byte-lm-resident/base repeat=1/rlpair 0.190s
# START byte-lm-resident/base repeat=2/train
# DONE byte-lm-resident/base repeat=2/train 0.019s
# START byte-lm-resident/base repeat=2/infer-save-reload
# DONE byte-lm-resident/base repeat=2/infer-save-reload 0.010s
# START byte-lm-resident/base repeat=2/batch
# DONE byte-lm-resident/base repeat=2/batch 0.022s
# START byte-lm-resident/base repeat=2/rlpair
# DONE byte-lm-resident/base repeat=2/rlpair 0.190s
# CELL byte-lm-resident/base STABLE 0.482s
# START byte-lm-resident/ties repeat=1/train
# DONE byte-lm-resident/ties repeat=1/train 0.020s
# START byte-lm-resident/ties repeat=1/infer-save-reload
# DONE byte-lm-resident/ties repeat=1/infer-save-reload 0.010s
# START byte-lm-resident/ties repeat=1/batch
# DONE byte-lm-resident/ties repeat=1/batch 0.021s
# START byte-lm-resident/ties repeat=1/rlpair
# DONE byte-lm-resident/ties repeat=1/rlpair 0.191s
# START byte-lm-resident/ties repeat=2/train
# DONE byte-lm-resident/ties repeat=2/train 0.019s
# START byte-lm-resident/ties repeat=2/infer-save-reload
# DONE byte-lm-resident/ties repeat=2/infer-save-reload 0.010s
# START byte-lm-resident/ties repeat=2/batch
# DONE byte-lm-resident/ties repeat=2/batch 0.021s
# START byte-lm-resident/ties repeat=2/rlpair
# DONE byte-lm-resident/ties repeat=2/rlpair 0.191s
# CELL byte-lm-resident/ties STABLE 0.483s
# START byte-lm-resident/hashed repeat=1/train
# DONE byte-lm-resident/hashed repeat=1/train 0.020s
# START byte-lm-resident/hashed repeat=1/infer-save-reload
# DONE byte-lm-resident/hashed repeat=1/infer-save-reload 0.010s
# START byte-lm-resident/hashed repeat=1/batch
# DONE byte-lm-resident/hashed repeat=1/batch 0.021s
# START byte-lm-resident/hashed repeat=1/rlpair
# DONE byte-lm-resident/hashed repeat=1/rlpair 0.191s
# START byte-lm-resident/hashed repeat=2/train
# DONE byte-lm-resident/hashed repeat=2/train 0.019s
# START byte-lm-resident/hashed repeat=2/infer-save-reload
# DONE byte-lm-resident/hashed repeat=2/infer-save-reload 0.010s
# START byte-lm-resident/hashed repeat=2/batch
# DONE byte-lm-resident/hashed repeat=2/batch 0.021s
# START byte-lm-resident/hashed repeat=2/rlpair
# DONE byte-lm-resident/hashed repeat=2/rlpair 0.193s
# CELL byte-lm-resident/hashed STABLE 0.485s
# START byte-lm-resident/wide repeat=1/train
# DONE byte-lm-resident/wide repeat=1/train 0.020s
# START byte-lm-resident/wide repeat=1/infer-save-reload
# DONE byte-lm-resident/wide repeat=1/infer-save-reload 0.011s
# START byte-lm-resident/wide repeat=1/batch
# DONE byte-lm-resident/wide repeat=1/batch 0.022s
# START byte-lm-resident/wide repeat=1/rlpair
# DONE byte-lm-resident/wide repeat=1/rlpair 0.193s
# START byte-lm-resident/wide repeat=2/train
# DONE byte-lm-resident/wide repeat=2/train 0.019s
# START byte-lm-resident/wide repeat=2/infer-save-reload
# DONE byte-lm-resident/wide repeat=2/infer-save-reload 0.010s
# START byte-lm-resident/wide repeat=2/batch
# DONE byte-lm-resident/wide repeat=2/batch 0.021s
# START byte-lm-resident/wide repeat=2/rlpair
# DONE byte-lm-resident/wide repeat=2/rlpair 0.193s
# CELL byte-lm-resident/wide STABLE 0.490s
# START byte-lm-resident/denormal repeat=1/train
# DONE byte-lm-resident/denormal repeat=1/train 0.020s
# START byte-lm-resident/denormal repeat=1/infer-save-reload
# DONE byte-lm-resident/denormal repeat=1/infer-save-reload 0.010s
# START byte-lm-resident/denormal repeat=1/batch
# DONE byte-lm-resident/denormal repeat=1/batch 0.021s
# START byte-lm-resident/denormal repeat=1/rlpair
# DONE byte-lm-resident/denormal repeat=1/rlpair 0.194s
# START byte-lm-resident/denormal repeat=2/train
# DONE byte-lm-resident/denormal repeat=2/train 0.020s
# START byte-lm-resident/denormal repeat=2/infer-save-reload
# DONE byte-lm-resident/denormal repeat=2/infer-save-reload 0.010s
# START byte-lm-resident/denormal repeat=2/batch
# DONE byte-lm-resident/denormal repeat=2/batch 0.021s
# START byte-lm-resident/denormal repeat=2/rlpair
# DONE byte-lm-resident/denormal repeat=2/rlpair 0.194s
# CELL byte-lm-resident/denormal STABLE 0.490s
# START byte-lm-resident/denormal_ftz repeat=1/train
# DONE byte-lm-resident/denormal_ftz repeat=1/train 0.020s
# START byte-lm-resident/denormal_ftz repeat=1/infer-save-reload
# DONE byte-lm-resident/denormal_ftz repeat=1/infer-save-reload 0.010s
# START byte-lm-resident/denormal_ftz repeat=1/batch
# DONE byte-lm-resident/denormal_ftz repeat=1/batch 0.021s
# START byte-lm-resident/denormal_ftz repeat=1/rlpair
# DONE byte-lm-resident/denormal_ftz repeat=1/rlpair 0.197s
# START byte-lm-resident/denormal_ftz repeat=2/train
# DONE byte-lm-resident/denormal_ftz repeat=2/train 0.020s
# START byte-lm-resident/denormal_ftz repeat=2/infer-save-reload
# DONE byte-lm-resident/denormal_ftz repeat=2/infer-save-reload 0.010s
# START byte-lm-resident/denormal_ftz repeat=2/batch
# DONE byte-lm-resident/denormal_ftz repeat=2/batch 0.021s
# START byte-lm-resident/denormal_ftz repeat=2/rlpair
# DONE byte-lm-resident/denormal_ftz repeat=2/rlpair 0.195s
# CELL byte-lm-resident/denormal_ftz STABLE 0.495s
# START byte-lm-resident/dupes repeat=1/train
# DONE byte-lm-resident/dupes repeat=1/train 0.020s
# START byte-lm-resident/dupes repeat=1/infer-save-reload
# DONE byte-lm-resident/dupes repeat=1/infer-save-reload 0.010s
# START byte-lm-resident/dupes repeat=1/batch
# DONE byte-lm-resident/dupes repeat=1/batch 0.021s
# START byte-lm-resident/dupes repeat=1/rlpair
# DONE byte-lm-resident/dupes repeat=1/rlpair 0.195s
# START byte-lm-resident/dupes repeat=2/train
# DONE byte-lm-resident/dupes repeat=2/train 0.020s
# START byte-lm-resident/dupes repeat=2/infer-save-reload
# DONE byte-lm-resident/dupes repeat=2/infer-save-reload 0.010s
# START byte-lm-resident/dupes repeat=2/batch
# DONE byte-lm-resident/dupes repeat=2/batch 0.021s
# START byte-lm-resident/dupes repeat=2/rlpair
# DONE byte-lm-resident/dupes repeat=2/rlpair 0.199s
# CELL byte-lm-resident/dupes STABLE 0.497s
# START byte-lm-resident/odd repeat=1/train
# DONE byte-lm-resident/odd repeat=1/train 0.020s
# START byte-lm-resident/odd repeat=1/infer-save-reload
# DONE byte-lm-resident/odd repeat=1/infer-save-reload 0.010s
# START byte-lm-resident/odd repeat=1/batch
# DONE byte-lm-resident/odd repeat=1/batch 0.021s
# START byte-lm-resident/odd repeat=1/rlpair
# DONE byte-lm-resident/odd repeat=1/rlpair 0.197s
# START byte-lm-resident/odd repeat=2/train
# DONE byte-lm-resident/odd repeat=2/train 0.020s
# START byte-lm-resident/odd repeat=2/infer-save-reload
# DONE byte-lm-resident/odd repeat=2/infer-save-reload 0.010s
# START byte-lm-resident/odd repeat=2/batch
# DONE byte-lm-resident/odd repeat=2/batch 0.021s
# START byte-lm-resident/odd repeat=2/rlpair
# DONE byte-lm-resident/odd repeat=2/rlpair 0.198s
# CELL byte-lm-resident/odd STABLE 0.498s
# START byte-lm-resident/negative repeat=1/train
# DONE byte-lm-resident/negative repeat=1/train 0.020s
# START byte-lm-resident/negative repeat=1/infer-save-reload
# DONE byte-lm-resident/negative repeat=1/infer-save-reload 0.010s
# START byte-lm-resident/negative repeat=1/batch
# DONE byte-lm-resident/negative repeat=1/batch 0.021s
# START byte-lm-resident/negative repeat=1/rlpair
# DONE byte-lm-resident/negative repeat=1/rlpair 0.197s
# START byte-lm-resident/negative repeat=2/train
# DONE byte-lm-resident/negative repeat=2/train 0.020s
# START byte-lm-resident/negative repeat=2/infer-save-reload
# DONE byte-lm-resident/negative repeat=2/infer-save-reload 0.010s
# START byte-lm-resident/negative repeat=2/batch
# DONE byte-lm-resident/negative repeat=2/batch 0.021s
# START byte-lm-resident/negative repeat=2/rlpair
# DONE byte-lm-resident/negative repeat=2/rlpair 0.198s
# CELL byte-lm-resident/negative STABLE 0.497s
| byte-lm-resident       | 927bd17804146a19 | 2629f45813116b52 | d8d7a74a4561e5e1 | a3a875b3bb416c51 | 37ba1aca6bef01e0 | 4e46b35272dc3503 | cee101dfc044a77b | 927bd17804146a19 | 78f0841203c636cc |
| byte-lm-resident infer | ffeae35e1b813aeb | f277350668fee3ff | ff7b20906d51dcea | 0f199b824dd067a2 | b4038b4b76ea0af7 | 7a412c5bdfe1889f | 3b51cc790aacad0b | ffeae35e1b813aeb | f472ba82a7e4aedb |
| byte-lm-resident model | c73f66c106f2d61a | 0ed59c7e6ce30e78 | 6cf828daaf35413f | 7a8858c6b2494bee | bc4f1d026135a2ff | 38595532d88109d6 | 310a869b95d631f0 | c73f66c106f2d61a | 68d79bfb5854996d |
| byte-lm-resident batch | ee2a9214267587a0 | f5f52b3359601e15 | 77536a601441c009 | b26e34c8fa493fc4 | c31fd69fbc46d445 | 2c3db4c362cae5c9 | a6214bcd27167a9d | ee2a9214267587a0 | 012698e8a71c8000 |
| byte-lm-resident rlpair | 665252bdfe8f1ea6 | a64f5ddbde30a180 | d08be9c4b226fb55 | 1c42e66807ea6852 | aba195f8c27de6bf | b0ab2fb0c52a5249 | 57c276fa4068f814 | 665252bdfe8f1ea6 | 007d95c6f3cc8fbd |
# START byte-lm-host-infer-threaded/base repeat=1/train
# DONE byte-lm-host-infer-threaded/base repeat=1/train 0.003s
# START byte-lm-host-infer-threaded/base repeat=1/infer-save-reload
# DONE byte-lm-host-infer-threaded/base repeat=1/infer-save-reload 0.000s
# START byte-lm-host-infer-threaded/base repeat=1/batch
# DONE byte-lm-host-infer-threaded/base repeat=1/batch 0.012s
# START byte-lm-host-infer-threaded/base repeat=1/rlpair
# DONE byte-lm-host-infer-threaded/base repeat=1/rlpair 0.176s
# START byte-lm-host-infer-threaded/base repeat=2/train
# DONE byte-lm-host-infer-threaded/base repeat=2/train 0.003s
# START byte-lm-host-infer-threaded/base repeat=2/infer-save-reload
# DONE byte-lm-host-infer-threaded/base repeat=2/infer-save-reload 0.000s
# START byte-lm-host-infer-threaded/base repeat=2/batch
# DONE byte-lm-host-infer-threaded/base repeat=2/batch 0.012s
# START byte-lm-host-infer-threaded/base repeat=2/rlpair
# DONE byte-lm-host-infer-threaded/base repeat=2/rlpair 0.176s
# CELL byte-lm-host-infer-threaded/base STABLE 0.382s
# START byte-lm-host-infer-threaded/ties repeat=1/train
# DONE byte-lm-host-infer-threaded/ties repeat=1/train 0.003s
# START byte-lm-host-infer-threaded/ties repeat=1/infer-save-reload
# DONE byte-lm-host-infer-threaded/ties repeat=1/infer-save-reload 0.000s
# START byte-lm-host-infer-threaded/ties repeat=1/batch
# DONE byte-lm-host-infer-threaded/ties repeat=1/batch 0.012s
# START byte-lm-host-infer-threaded/ties repeat=1/rlpair
# DONE byte-lm-host-infer-threaded/ties repeat=1/rlpair 0.176s
# START byte-lm-host-infer-threaded/ties repeat=2/train
# DONE byte-lm-host-infer-threaded/ties repeat=2/train 0.003s
# START byte-lm-host-infer-threaded/ties repeat=2/infer-save-reload
# DONE byte-lm-host-infer-threaded/ties repeat=2/infer-save-reload 0.000s
# START byte-lm-host-infer-threaded/ties repeat=2/batch
# DONE byte-lm-host-infer-threaded/ties repeat=2/batch 0.012s
# START byte-lm-host-infer-threaded/ties repeat=2/rlpair
# DONE byte-lm-host-infer-threaded/ties repeat=2/rlpair 0.175s
# CELL byte-lm-host-infer-threaded/ties STABLE 0.380s
# START byte-lm-host-infer-threaded/hashed repeat=1/train
# DONE byte-lm-host-infer-threaded/hashed repeat=1/train 0.003s
# START byte-lm-host-infer-threaded/hashed repeat=1/infer-save-reload
# DONE byte-lm-host-infer-threaded/hashed repeat=1/infer-save-reload 0.000s
# START byte-lm-host-infer-threaded/hashed repeat=1/batch
# DONE byte-lm-host-infer-threaded/hashed repeat=1/batch 0.012s
# START byte-lm-host-infer-threaded/hashed repeat=1/rlpair
# DONE byte-lm-host-infer-threaded/hashed repeat=1/rlpair 0.176s
# START byte-lm-host-infer-threaded/hashed repeat=2/train
# DONE byte-lm-host-infer-threaded/hashed repeat=2/train 0.003s
# START byte-lm-host-infer-threaded/hashed repeat=2/infer-save-reload
# DONE byte-lm-host-infer-threaded/hashed repeat=2/infer-save-reload 0.000s
# START byte-lm-host-infer-threaded/hashed repeat=2/batch
# DONE byte-lm-host-infer-threaded/hashed repeat=2/batch 0.012s
# START byte-lm-host-infer-threaded/hashed repeat=2/rlpair
# DONE byte-lm-host-infer-threaded/hashed repeat=2/rlpair 0.175s
# CELL byte-lm-host-infer-threaded/hashed STABLE 0.380s
# START byte-lm-host-infer-threaded/wide repeat=1/train
# DONE byte-lm-host-infer-threaded/wide repeat=1/train 0.003s
# START byte-lm-host-infer-threaded/wide repeat=1/infer-save-reload
# DONE byte-lm-host-infer-threaded/wide repeat=1/infer-save-reload 0.000s
# START byte-lm-host-infer-threaded/wide repeat=1/batch
# DONE byte-lm-host-infer-threaded/wide repeat=1/batch 0.012s
# START byte-lm-host-infer-threaded/wide repeat=1/rlpair
# DONE byte-lm-host-infer-threaded/wide repeat=1/rlpair 0.177s
# START byte-lm-host-infer-threaded/wide repeat=2/train
# DONE byte-lm-host-infer-threaded/wide repeat=2/train 0.003s
# START byte-lm-host-infer-threaded/wide repeat=2/infer-save-reload
# DONE byte-lm-host-infer-threaded/wide repeat=2/infer-save-reload 0.000s
# START byte-lm-host-infer-threaded/wide repeat=2/batch
# DONE byte-lm-host-infer-threaded/wide repeat=2/batch 0.012s
# START byte-lm-host-infer-threaded/wide repeat=2/rlpair
# DONE byte-lm-host-infer-threaded/wide repeat=2/rlpair 0.176s
# CELL byte-lm-host-infer-threaded/wide STABLE 0.383s
# START byte-lm-host-infer-threaded/denormal repeat=1/train
# DONE byte-lm-host-infer-threaded/denormal repeat=1/train 0.003s
# START byte-lm-host-infer-threaded/denormal repeat=1/infer-save-reload
# DONE byte-lm-host-infer-threaded/denormal repeat=1/infer-save-reload 0.000s
# START byte-lm-host-infer-threaded/denormal repeat=1/batch
# DONE byte-lm-host-infer-threaded/denormal repeat=1/batch 0.012s
# START byte-lm-host-infer-threaded/denormal repeat=1/rlpair
# DONE byte-lm-host-infer-threaded/denormal repeat=1/rlpair 0.176s
# START byte-lm-host-infer-threaded/denormal repeat=2/train
# DONE byte-lm-host-infer-threaded/denormal repeat=2/train 0.003s
# START byte-lm-host-infer-threaded/denormal repeat=2/infer-save-reload
# DONE byte-lm-host-infer-threaded/denormal repeat=2/infer-save-reload 0.000s
# START byte-lm-host-infer-threaded/denormal repeat=2/batch
# DONE byte-lm-host-infer-threaded/denormal repeat=2/batch 0.012s
# START byte-lm-host-infer-threaded/denormal repeat=2/rlpair
# DONE byte-lm-host-infer-threaded/denormal repeat=2/rlpair 0.175s
# CELL byte-lm-host-infer-threaded/denormal STABLE 0.381s
# START byte-lm-host-infer-threaded/denormal_ftz repeat=1/train
# DONE byte-lm-host-infer-threaded/denormal_ftz repeat=1/train 0.003s
# START byte-lm-host-infer-threaded/denormal_ftz repeat=1/infer-save-reload
# DONE byte-lm-host-infer-threaded/denormal_ftz repeat=1/infer-save-reload 0.000s
# START byte-lm-host-infer-threaded/denormal_ftz repeat=1/batch
# DONE byte-lm-host-infer-threaded/denormal_ftz repeat=1/batch 0.012s
# START byte-lm-host-infer-threaded/denormal_ftz repeat=1/rlpair
# DONE byte-lm-host-infer-threaded/denormal_ftz repeat=1/rlpair 0.176s
# START byte-lm-host-infer-threaded/denormal_ftz repeat=2/train
# DONE byte-lm-host-infer-threaded/denormal_ftz repeat=2/train 0.003s
# START byte-lm-host-infer-threaded/denormal_ftz repeat=2/infer-save-reload
# DONE byte-lm-host-infer-threaded/denormal_ftz repeat=2/infer-save-reload 0.000s
# START byte-lm-host-infer-threaded/denormal_ftz repeat=2/batch
# DONE byte-lm-host-infer-threaded/denormal_ftz repeat=2/batch 0.012s
# START byte-lm-host-infer-threaded/denormal_ftz repeat=2/rlpair
# DONE byte-lm-host-infer-threaded/denormal_ftz repeat=2/rlpair 0.175s
# CELL byte-lm-host-infer-threaded/denormal_ftz STABLE 0.381s
# START byte-lm-host-infer-threaded/dupes repeat=1/train
# DONE byte-lm-host-infer-threaded/dupes repeat=1/train 0.003s
# START byte-lm-host-infer-threaded/dupes repeat=1/infer-save-reload
# DONE byte-lm-host-infer-threaded/dupes repeat=1/infer-save-reload 0.000s
# START byte-lm-host-infer-threaded/dupes repeat=1/batch
# DONE byte-lm-host-infer-threaded/dupes repeat=1/batch 0.012s
# START byte-lm-host-infer-threaded/dupes repeat=1/rlpair
# DONE byte-lm-host-infer-threaded/dupes repeat=1/rlpair 0.175s
# START byte-lm-host-infer-threaded/dupes repeat=2/train
# DONE byte-lm-host-infer-threaded/dupes repeat=2/train 0.003s
# START byte-lm-host-infer-threaded/dupes repeat=2/infer-save-reload
# DONE byte-lm-host-infer-threaded/dupes repeat=2/infer-save-reload 0.000s
# START byte-lm-host-infer-threaded/dupes repeat=2/batch
# DONE byte-lm-host-infer-threaded/dupes repeat=2/batch 0.012s
# START byte-lm-host-infer-threaded/dupes repeat=2/rlpair
# DONE byte-lm-host-infer-threaded/dupes repeat=2/rlpair 0.175s
# CELL byte-lm-host-infer-threaded/dupes STABLE 0.380s
# START byte-lm-host-infer-threaded/odd repeat=1/train
# DONE byte-lm-host-infer-threaded/odd repeat=1/train 0.003s
# START byte-lm-host-infer-threaded/odd repeat=1/infer-save-reload
# DONE byte-lm-host-infer-threaded/odd repeat=1/infer-save-reload 0.000s
# START byte-lm-host-infer-threaded/odd repeat=1/batch
# DONE byte-lm-host-infer-threaded/odd repeat=1/batch 0.012s
# START byte-lm-host-infer-threaded/odd repeat=1/rlpair
# DONE byte-lm-host-infer-threaded/odd repeat=1/rlpair 0.174s
# START byte-lm-host-infer-threaded/odd repeat=2/train
# DONE byte-lm-host-infer-threaded/odd repeat=2/train 0.003s
# START byte-lm-host-infer-threaded/odd repeat=2/infer-save-reload
# DONE byte-lm-host-infer-threaded/odd repeat=2/infer-save-reload 0.000s
# START byte-lm-host-infer-threaded/odd repeat=2/batch
# DONE byte-lm-host-infer-threaded/odd repeat=2/batch 0.012s
# START byte-lm-host-infer-threaded/odd repeat=2/rlpair
# DONE byte-lm-host-infer-threaded/odd repeat=2/rlpair 0.174s
# CELL byte-lm-host-infer-threaded/odd STABLE 0.377s
# START byte-lm-host-infer-threaded/negative repeat=1/train
# DONE byte-lm-host-infer-threaded/negative repeat=1/train 0.003s
# START byte-lm-host-infer-threaded/negative repeat=1/infer-save-reload
# DONE byte-lm-host-infer-threaded/negative repeat=1/infer-save-reload 0.000s
# START byte-lm-host-infer-threaded/negative repeat=1/batch
# DONE byte-lm-host-infer-threaded/negative repeat=1/batch 0.012s
# START byte-lm-host-infer-threaded/negative repeat=1/rlpair
# DONE byte-lm-host-infer-threaded/negative repeat=1/rlpair 0.176s
# START byte-lm-host-infer-threaded/negative repeat=2/train
# DONE byte-lm-host-infer-threaded/negative repeat=2/train 0.003s
# START byte-lm-host-infer-threaded/negative repeat=2/infer-save-reload
# DONE byte-lm-host-infer-threaded/negative repeat=2/infer-save-reload 0.000s
# START byte-lm-host-infer-threaded/negative repeat=2/batch
# DONE byte-lm-host-infer-threaded/negative repeat=2/batch 0.012s
# START byte-lm-host-infer-threaded/negative repeat=2/rlpair
# DONE byte-lm-host-infer-threaded/negative repeat=2/rlpair 0.174s
# CELL byte-lm-host-infer-threaded/negative STABLE 0.379s
| byte-lm-host-infer-threaded | 9a22cf6df14a6ca8 | 5eb6c37f486dcb83 | 23284f15a5a13f7e | 144b4e7374436e15 | dad5258f043269c3 | d1af362bc6ad2ecf | 21c1595573e0f858 | 9a22cf6df14a6ca8 | 957bc9055db7588f |
| byte-lm-host-infer-threaded infer | b67a1f3d482ffaca | 8ac5fad2d951d6cb | 25857576546d1442 | ec2a92c6e7abd69a | fa0cd27e307b2aba | e30c916c3d69584a | a53e0a81c9acf494 | b67a1f3d482ffaca | 418815fcec6e602a |
| byte-lm-host-infer-threaded batch | 2eccb20888ca5cee | 4247444b5e741c45 | 2e1facc4833a2235 | c2bbaa85ae76f739 | faffe97b72d9fe37 | 939402dcf3954d4f | 11238b320c9572d3 | 2eccb20888ca5cee | 50b6c632cc98d71b |
| byte-lm-host-infer-threaded rlpair | 22f7e367585a569c | 839a8419ba0bb3f8 | 7d2514bde61089b8 | 197fdc2b435c16f4 | 47d12f45b839ebe7 | a16267b9b260c0c6 | 22f7e367585a569c | 22f7e367585a569c | f2c3e79023b52c67 |
# START samba-untied-dropout-accum/base repeat=1/train
# DONE samba-untied-dropout-accum/base repeat=1/train 0.637s
# START samba-untied-dropout-accum/base repeat=1/infer-save-reload
# DONE samba-untied-dropout-accum/base repeat=1/infer-save-reload 0.017s
# START samba-untied-dropout-accum/base repeat=1/batch
# DONE samba-untied-dropout-accum/base repeat=1/batch 0.104s
# START samba-untied-dropout-accum/base repeat=1/rlpair
# DONE samba-untied-dropout-accum/base repeat=1/rlpair 0.779s
# START samba-untied-dropout-accum/base repeat=2/train
# DONE samba-untied-dropout-accum/base repeat=2/train 0.637s
# START samba-untied-dropout-accum/base repeat=2/infer-save-reload
# DONE samba-untied-dropout-accum/base repeat=2/infer-save-reload 0.017s
# START samba-untied-dropout-accum/base repeat=2/batch
# DONE samba-untied-dropout-accum/base repeat=2/batch 0.104s
# START samba-untied-dropout-accum/base repeat=2/rlpair
# DONE samba-untied-dropout-accum/base repeat=2/rlpair 0.781s
# CELL samba-untied-dropout-accum/base STABLE 3.075s
# START samba-untied-dropout-accum/ties repeat=1/train
# DONE samba-untied-dropout-accum/ties repeat=1/train 0.636s
# START samba-untied-dropout-accum/ties repeat=1/infer-save-reload
# DONE samba-untied-dropout-accum/ties repeat=1/infer-save-reload 0.019s
# START samba-untied-dropout-accum/ties repeat=1/batch
# DONE samba-untied-dropout-accum/ties repeat=1/batch 0.104s
# START samba-untied-dropout-accum/ties repeat=1/rlpair
# DONE samba-untied-dropout-accum/ties repeat=1/rlpair 0.779s
# START samba-untied-dropout-accum/ties repeat=2/train
# DONE samba-untied-dropout-accum/ties repeat=2/train 0.636s
# START samba-untied-dropout-accum/ties repeat=2/infer-save-reload
# DONE samba-untied-dropout-accum/ties repeat=2/infer-save-reload 0.017s
# START samba-untied-dropout-accum/ties repeat=2/batch
# DONE samba-untied-dropout-accum/ties repeat=2/batch 0.103s
# START samba-untied-dropout-accum/ties repeat=2/rlpair
# DONE samba-untied-dropout-accum/ties repeat=2/rlpair 0.779s
# CELL samba-untied-dropout-accum/ties STABLE 3.074s
# START samba-untied-dropout-accum/hashed repeat=1/train
# DONE samba-untied-dropout-accum/hashed repeat=1/train 0.635s
# START samba-untied-dropout-accum/hashed repeat=1/infer-save-reload
# DONE samba-untied-dropout-accum/hashed repeat=1/infer-save-reload 0.017s
# START samba-untied-dropout-accum/hashed repeat=1/batch
# DONE samba-untied-dropout-accum/hashed repeat=1/batch 0.103s
# START samba-untied-dropout-accum/hashed repeat=1/rlpair
# DONE samba-untied-dropout-accum/hashed repeat=1/rlpair 0.779s
# START samba-untied-dropout-accum/hashed repeat=2/train
# DONE samba-untied-dropout-accum/hashed repeat=2/train 0.635s
# START samba-untied-dropout-accum/hashed repeat=2/infer-save-reload
# DONE samba-untied-dropout-accum/hashed repeat=2/infer-save-reload 0.021s
# START samba-untied-dropout-accum/hashed repeat=2/batch
# DONE samba-untied-dropout-accum/hashed repeat=2/batch 0.104s
# START samba-untied-dropout-accum/hashed repeat=2/rlpair
# DONE samba-untied-dropout-accum/hashed repeat=2/rlpair 0.781s
# CELL samba-untied-dropout-accum/hashed STABLE 3.076s
# START samba-untied-dropout-accum/wide repeat=1/train
# DONE samba-untied-dropout-accum/wide repeat=1/train 0.636s
# START samba-untied-dropout-accum/wide repeat=1/infer-save-reload
# DONE samba-untied-dropout-accum/wide repeat=1/infer-save-reload 0.017s
# START samba-untied-dropout-accum/wide repeat=1/batch
# DONE samba-untied-dropout-accum/wide repeat=1/batch 0.103s
# START samba-untied-dropout-accum/wide repeat=1/rlpair
# DONE samba-untied-dropout-accum/wide repeat=1/rlpair 0.779s
# START samba-untied-dropout-accum/wide repeat=2/train
# DONE samba-untied-dropout-accum/wide repeat=2/train 0.633s
# START samba-untied-dropout-accum/wide repeat=2/infer-save-reload
# DONE samba-untied-dropout-accum/wide repeat=2/infer-save-reload 0.017s
# START samba-untied-dropout-accum/wide repeat=2/batch
# DONE samba-untied-dropout-accum/wide repeat=2/batch 0.103s
# START samba-untied-dropout-accum/wide repeat=2/rlpair
# DONE samba-untied-dropout-accum/wide repeat=2/rlpair 0.778s
# CELL samba-untied-dropout-accum/wide STABLE 3.067s
# START samba-untied-dropout-accum/denormal repeat=1/train
# DONE samba-untied-dropout-accum/denormal repeat=1/train 0.633s
# START samba-untied-dropout-accum/denormal repeat=1/infer-save-reload
# DONE samba-untied-dropout-accum/denormal repeat=1/infer-save-reload 0.017s
# START samba-untied-dropout-accum/denormal repeat=1/batch
# DONE samba-untied-dropout-accum/denormal repeat=1/batch 0.102s
# START samba-untied-dropout-accum/denormal repeat=1/rlpair
# DONE samba-untied-dropout-accum/denormal repeat=1/rlpair 0.765s
# START samba-untied-dropout-accum/denormal repeat=2/train
# DONE samba-untied-dropout-accum/denormal repeat=2/train 0.630s
# START samba-untied-dropout-accum/denormal repeat=2/infer-save-reload
# DONE samba-untied-dropout-accum/denormal repeat=2/infer-save-reload 0.017s
# START samba-untied-dropout-accum/denormal repeat=2/batch
# DONE samba-untied-dropout-accum/denormal repeat=2/batch 0.102s
# START samba-untied-dropout-accum/denormal repeat=2/rlpair
# DONE samba-untied-dropout-accum/denormal repeat=2/rlpair 0.765s
# CELL samba-untied-dropout-accum/denormal STABLE 3.030s
# START samba-untied-dropout-accum/denormal_ftz repeat=1/train
# DONE samba-untied-dropout-accum/denormal_ftz repeat=1/train 0.630s
# START samba-untied-dropout-accum/denormal_ftz repeat=1/infer-save-reload
# DONE samba-untied-dropout-accum/denormal_ftz repeat=1/infer-save-reload 0.017s
# START samba-untied-dropout-accum/denormal_ftz repeat=1/batch
# DONE samba-untied-dropout-accum/denormal_ftz repeat=1/batch 0.101s
# START samba-untied-dropout-accum/denormal_ftz repeat=1/rlpair
# DONE samba-untied-dropout-accum/denormal_ftz repeat=1/rlpair 0.764s
# START samba-untied-dropout-accum/denormal_ftz repeat=2/train
# DONE samba-untied-dropout-accum/denormal_ftz repeat=2/train 0.629s
# START samba-untied-dropout-accum/denormal_ftz repeat=2/infer-save-reload
# DONE samba-untied-dropout-accum/denormal_ftz repeat=2/infer-save-reload 0.017s
# START samba-untied-dropout-accum/denormal_ftz repeat=2/batch
# DONE samba-untied-dropout-accum/denormal_ftz repeat=2/batch 0.102s
# START samba-untied-dropout-accum/denormal_ftz repeat=2/rlpair
# DONE samba-untied-dropout-accum/denormal_ftz repeat=2/rlpair 0.765s
# CELL samba-untied-dropout-accum/denormal_ftz STABLE 3.025s
# START samba-untied-dropout-accum/dupes repeat=1/train
# DONE samba-untied-dropout-accum/dupes repeat=1/train 0.630s
# START samba-untied-dropout-accum/dupes repeat=1/infer-save-reload
# DONE samba-untied-dropout-accum/dupes repeat=1/infer-save-reload 0.017s
# START samba-untied-dropout-accum/dupes repeat=1/batch
# DONE samba-untied-dropout-accum/dupes repeat=1/batch 0.102s
# START samba-untied-dropout-accum/dupes repeat=1/rlpair
# DONE samba-untied-dropout-accum/dupes repeat=1/rlpair 0.764s
# START samba-untied-dropout-accum/dupes repeat=2/train
# DONE samba-untied-dropout-accum/dupes repeat=2/train 0.629s
# START samba-untied-dropout-accum/dupes repeat=2/infer-save-reload
# DONE samba-untied-dropout-accum/dupes repeat=2/infer-save-reload 0.017s
# START samba-untied-dropout-accum/dupes repeat=2/batch
# DONE samba-untied-dropout-accum/dupes repeat=2/batch 0.102s
# START samba-untied-dropout-accum/dupes repeat=2/rlpair
# DONE samba-untied-dropout-accum/dupes repeat=2/rlpair 0.765s
# CELL samba-untied-dropout-accum/dupes STABLE 3.026s
# START samba-untied-dropout-accum/odd repeat=1/train
# DONE samba-untied-dropout-accum/odd repeat=1/train 0.630s
# START samba-untied-dropout-accum/odd repeat=1/infer-save-reload
# DONE samba-untied-dropout-accum/odd repeat=1/infer-save-reload 0.017s
# START samba-untied-dropout-accum/odd repeat=1/batch
# DONE samba-untied-dropout-accum/odd repeat=1/batch 0.102s
# START samba-untied-dropout-accum/odd repeat=1/rlpair
# DONE samba-untied-dropout-accum/odd repeat=1/rlpair 0.764s
# START samba-untied-dropout-accum/odd repeat=2/train
# DONE samba-untied-dropout-accum/odd repeat=2/train 0.629s
# START samba-untied-dropout-accum/odd repeat=2/infer-save-reload
# DONE samba-untied-dropout-accum/odd repeat=2/infer-save-reload 0.017s
# START samba-untied-dropout-accum/odd repeat=2/batch
# DONE samba-untied-dropout-accum/odd repeat=2/batch 0.101s
# START samba-untied-dropout-accum/odd repeat=2/rlpair
# DONE samba-untied-dropout-accum/odd repeat=2/rlpair 0.762s
# CELL samba-untied-dropout-accum/odd STABLE 3.023s
# START samba-untied-dropout-accum/negative repeat=1/train
# DONE samba-untied-dropout-accum/negative repeat=1/train 0.630s
# START samba-untied-dropout-accum/negative repeat=1/infer-save-reload
# DONE samba-untied-dropout-accum/negative repeat=1/infer-save-reload 0.017s
# START samba-untied-dropout-accum/negative repeat=1/batch
# DONE samba-untied-dropout-accum/negative repeat=1/batch 0.101s
# START samba-untied-dropout-accum/negative repeat=1/rlpair
# DONE samba-untied-dropout-accum/negative repeat=1/rlpair 0.763s
# START samba-untied-dropout-accum/negative repeat=2/train
# DONE samba-untied-dropout-accum/negative repeat=2/train 0.629s
# START samba-untied-dropout-accum/negative repeat=2/infer-save-reload
# DONE samba-untied-dropout-accum/negative repeat=2/infer-save-reload 0.021s
# START samba-untied-dropout-accum/negative repeat=2/batch
# DONE samba-untied-dropout-accum/negative repeat=2/batch 0.101s
# START samba-untied-dropout-accum/negative repeat=2/rlpair
# DONE samba-untied-dropout-accum/negative repeat=2/rlpair 0.764s
# CELL samba-untied-dropout-accum/negative STABLE 3.027s
| samba-untied-dropout-accum | 4610c84719bc1a25 | 603f4c03dcbe47c9 | 18a317bc4260eb9a | 70d8b0c335b40464 | 70a608ce179e03dd | eb0dc6c31a737411 | 9a7b9c31419aa4b9 | 4610c84719bc1a25 | 42e27eabc8c4706f |
| samba-untied-dropout-accum infer | 43f7860a7ff7a633 | bb32b8aebf4dc90e | 87796cb8024bd934 | 21601e087bd7d274 | 24c7e0e923e369e0 | d815951934e104a6 | 3ca26c5ae1819ebc | 43f7860a7ff7a633 | 55ec2d1c5eccef2d |
| samba-untied-dropout-accum model | 4c6bb23f04af6858 | 9818c749c2dfc7ea | 148bfe51d04c1d98 | 98b807c41ebff82a | 10a8d940bbce9051 | 35a817ce8929a5d6 | 4bea33bdf66a23bc | 4c6bb23f04af6858 | ecaf3ac775bac83b |
| samba-untied-dropout-accum batch | 94c79045f8d92d80 | 4130d70c2c138b0e | 9e101ad04c649179 | fb9e91204daaf37e | 52f4c864f4e177ed | eb52194ccef805e4 | 95236c32031b7ace | 94c79045f8d92d80 | dcc15ae7885b0699 |
| samba-untied-dropout-accum rlpair | a14b4cd9184a5a34 | 9f6648df433827af | 935b160b9a5d1ae1 | b1543091f6ddb627 | 557fcb8ac104b01a | 743c668e023e6740 | 7f85526ff9bb0a7e | a14b4cd9184a5a34 | bd86f42f23ab1765 |

cells=81 stable=81 moved=0 refused=0
infer: stable=81
model: stable=36 n/a=45
batch: stable=72 n/a=9
rlpair: stable=72
n/a: byte-lm-host-infer model n/a:no-save, byte-lm-host-infer-threaded model n/a:no-save, byte-lm-host-train batch n/a:mean-reduction-fixed-batch (LanguageModelHostTrainer has train_step and loss only, and loss IS a step, python/mojolearn/_byte_lm_host.py:392-429; one loss and one update from mean cross-entropy over ids of the profile's fixed (batch, length + 1), so no output belongs to one sequence; the per-sequence logits are asked by byte-lm-host-infer; lane/batch-invariance-2's batchgrad records the same reason for this lane and its batchscale and ragged parts do not ask it), byte-lm-host-train model n/a:no-save, transformer model n/a:no-save, transformer-window model n/a:no-save
wrote /root/gemm_leg_out/attn-replay-extra/identity_break.before.amd-gfx942.json
