/Users/andrewhendel/CascadeProjects/mojolearn/bindings/_mojolearn_estimators.mojo:526:8: warning: doc string summary should end with a period '.', exclamation mark '!', question mark '?', or backtick '`', but this ends with ':'
    """KernelDensity.score_samples (kde/, DEVIATIONS 600-604): log density
       ^
Imported from /Users/andrewhendel/CascadeProjects/mojolearn/bindings/_mojolearn_estimators.mojo:21:
Imported from ./kde/estimator.mojo:43:
/Users/andrewhendel/CascadeProjects/mojolearn/./core/identity_trace.mojo:248:14: warning: 'UnsafePointer' is deprecated, use 'Pointer' instead
        raw: UnsafePointer[UInt8, o],
             ^~~~~~~~~~~~~
             Pointer
<unknown>:0: note: 'UnsafePointer' declared here
Imported from /Users/andrewhendel/CascadeProjects/mojolearn/bindings/_mojolearn_estimators.mojo:21:
Imported from ./kde/estimator.mojo:43:
/Users/andrewhendel/CascadeProjects/mojolearn/./core/identity_trace.mojo:362:14: warning: 'bitcast' is deprecated, use 'unsafe_bitcast' instead
            p.bitcast[UInt8](),
            ~^~~~~~~~
              unsafe_bitcast
<unknown>:0: note: 'bitcast' declared here
Imported from /Users/andrewhendel/CascadeProjects/mojolearn/bindings/_mojolearn_estimators.mojo:21:
Imported from ./kde/estimator.mojo:43:
/Users/andrewhendel/CascadeProjects/mojolearn/./core/identity_trace.mojo:376:14: warning: 'UnsafePointer' is deprecated, use 'Pointer' instead
        ptr: UnsafePointer[Scalar[dt], o],
             ^~~~~~~~~~~~~
             Pointer
<unknown>:0: note: 'UnsafePointer' declared here
Imported from /Users/andrewhendel/CascadeProjects/mojolearn/bindings/_mojolearn_estimators.mojo:23:
Imported from ./decomposition/estimator.mojo:43:
./decomposition/impl/linalg/detail/pca.mojo:167:11: warning: positional `__getitem__` is deprecated, use `unsafe_offset=` instead
        sh[0] = reduced_max
        ~~^~~
<unknown>:0: note: '__getitem__' declared here
Imported from /Users/andrewhendel/CascadeProjects/mojolearn/bindings/_mojolearn_estimators.mojo:23:
Imported from ./decomposition/estimator.mojo:43:
./decomposition/impl/linalg/detail/pca.mojo:169:21: warning: positional `__getitem__` is deprecated, use `unsafe_offset=` instead
    var biggest = sh[0]
                  ~~^~~
<unknown>:0: note: '__getitem__' declared here
Imported from /Users/andrewhendel/CascadeProjects/mojolearn/bindings/_mojolearn_estimators.mojo:23:
Imported from ./decomposition/estimator.mojo:43:
./decomposition/impl/linalg/detail/pca.mojo:181:11: warning: positional `__getitem__` is deprecated, use `unsafe_offset=` instead
        sh[1] = reduced_first
        ~~^~~
<unknown>:0: note: '__getitem__' declared here
Imported from /Users/andrewhendel/CascadeProjects/mojolearn/bindings/_mojolearn_estimators.mojo:23:
Imported from ./decomposition/estimator.mojo:43:
./decomposition/impl/linalg/detail/pca.mojo:182:11: warning: positional `__getitem__` is deprecated, use `unsafe_offset=` instead
        sh[2] = Float32(1.0)
        ~~^~~
<unknown>:0: note: '__getitem__' declared here
Imported from /Users/andrewhendel/CascadeProjects/mojolearn/bindings/_mojolearn_estimators.mojo:23:
Imported from ./decomposition/estimator.mojo:43:
./decomposition/impl/linalg/detail/pca.mojo:184:19: warning: positional `__getitem__` is deprecated, use `unsafe_offset=` instead
    var first = sh[1]
                ~~^~~
<unknown>:0: note: '__getitem__' declared here
Imported from /Users/andrewhendel/CascadeProjects/mojolearn/bindings/_mojolearn_estimators.mojo:23:
Imported from ./decomposition/estimator.mojo:43:
./decomposition/impl/linalg/detail/pca.mojo:190:19: warning: positional `__getitem__` is deprecated, use `unsafe_offset=` instead
                sh[2] = Float32(-1.0)
                ~~^~~
<unknown>:0: note: '__getitem__' declared here
Imported from /Users/andrewhendel/CascadeProjects/mojolearn/bindings/_mojolearn_estimators.mojo:23:
Imported from ./decomposition/estimator.mojo:43:
./decomposition/impl/linalg/detail/pca.mojo:192:19: warning: positional `__getitem__` is deprecated, use `unsafe_offset=` instead
                sh[2] = Float32(1.0)
                ~~^~~
<unknown>:0: note: '__getitem__' declared here
Imported from /Users/andrewhendel/CascadeProjects/mojolearn/bindings/_mojolearn_estimators.mojo:23:
Imported from ./decomposition/estimator.mojo:43:
./decomposition/impl/linalg/detail/pca.mojo:196:10: warning: positional `__getitem__` is deprecated, use `unsafe_offset=` instead
    if sh[2] < Float32(0.0):
       ~~^~~
<unknown>:0: note: '__getitem__' declared here
Imported from /Users/andrewhendel/CascadeProjects/mojolearn/bindings/_mojolearn_estimators.mojo:23:
Imported from ./decomposition/estimator.mojo:36:
/Users/andrewhendel/CascadeProjects/mojolearn/./core/column_stats.mojo:436:17: warning: positional `__getitem__` is deprecated, use `unsafe_offset=` instead
            tile[ty * (TRANSPOSE_TILE + 1) + tx] = src.unsafe_load(
            ~~~~^~~~~~~~~~~~~~~~~~~~~~~~~~~~~~~~
<unknown>:0: note: '__getitem__' declared here
Imported from /Users/andrewhendel/CascadeProjects/mojolearn/bindings/_mojolearn_estimators.mojo:23:
Imported from ./decomposition/estimator.mojo:36:
/Users/andrewhendel/CascadeProjects/mojolearn/./core/column_stats.mojo:445:39: warning: positional `__getitem__` is deprecated, use `unsafe_offset=` instead
                r2 * n_rows + c2, tile[tx * (TRANSPOSE_TILE + 1) + ty]
                                  ~~~~^~~~~~~~~~~~~~~~~~~~~~~~~~~~~~~~
<unknown>:0: note: '__getitem__' declared here
Imported from /Users/andrewhendel/CascadeProjects/mojolearn/bindings/_mojolearn_estimators.mojo:40:
Imported from ./decomposition/impl/linalg/detail/svd_full.mojo:155:
./decomposition/checks/jacobi_eigh_device.mojo:157:24: warning: positional `__getitem__` is deprecated, use `unsafe_offset=` instead
                    rot[0] = cs[0]
                    ~~~^~~
<unknown>:0: note: '__getitem__' declared here
Imported from /Users/andrewhendel/CascadeProjects/mojolearn/bindings/_mojolearn_estimators.mojo:40:
Imported from ./decomposition/impl/linalg/detail/svd_full.mojo:155:
./decomposition/checks/jacobi_eigh_device.mojo:158:24: warning: positional `__getitem__` is deprecated, use `unsafe_offset=` instead
                    rot[1] = cs[1]
                    ~~~^~~
<unknown>:0: note: '__getitem__' declared here
Imported from /Users/andrewhendel/CascadeProjects/mojolearn/bindings/_mojolearn_estimators.mojo:40:
Imported from ./decomposition/impl/linalg/detail/svd_full.mojo:155:
./decomposition/checks/jacobi_eigh_device.mojo:161:28: warning: positional `__getitem__` is deprecated, use `unsafe_offset=` instead
                var c = rot[0]
                        ~~~^~~
<unknown>:0: note: '__getitem__' declared here
Imported from /Users/andrewhendel/CascadeProjects/mojolearn/bindings/_mojolearn_estimators.mojo:40:
Imported from ./decomposition/impl/linalg/detail/svd_full.mojo:155:
./decomposition/checks/jacobi_eigh_device.mojo:162:28: warning: positional `__getitem__` is deprecated, use `unsafe_offset=` instead
                var s = rot[1]
                        ~~~^~~
<unknown>:0: note: '__getitem__' declared here
Imported from /Users/andrewhendel/CascadeProjects/mojolearn/bindings/_mojolearn_estimators.mojo:23:
Imported from ./decomposition/estimator.mojo:43:
Imported from ./decomposition/impl/linalg/detail/pca.mojo:10:
/Users/andrewhendel/CascadeProjects/mojolearn/./core/pinned_reduce.mojo:125:8: warning: positional `__getitem__` is deprecated, use `unsafe_offset=` instead
    red[tid] = value
    ~~~^~~~~
<unknown>:0: note: '__getitem__' declared here
Imported from /Users/andrewhendel/CascadeProjects/mojolearn/bindings/_mojolearn_estimators.mojo:23:
Imported from ./decomposition/estimator.mojo:43:
Imported from ./decomposition/impl/linalg/detail/pca.mojo:10:
/Users/andrewhendel/CascadeProjects/mojolearn/./core/pinned_reduce.mojo:130:23: warning: positional `__getitem__` is deprecated, use `unsafe_offset=` instead
            v[j] = red[tid + j * P]
                   ~~~^~~~~~~~~~~~~
<unknown>:0: note: '__getitem__' declared here
Imported from /Users/andrewhendel/CascadeProjects/mojolearn/bindings/_mojolearn_estimators.mojo:23:
Imported from ./decomposition/estimator.mojo:43:
Imported from ./decomposition/impl/linalg/detail/pca.mojo:10:
/Users/andrewhendel/CascadeProjects/mojolearn/./core/pinned_reduce.mojo:136:12: warning: positional `__getitem__` is deprecated, use `unsafe_offset=` instead
        red[tid] = v[0]
        ~~~^~~~~
<unknown>:0: note: '__getitem__' declared here
Imported from /Users/andrewhendel/CascadeProjects/mojolearn/bindings/_mojolearn_estimators.mojo:23:
Imported from ./decomposition/estimator.mojo:43:
Imported from ./decomposition/impl/linalg/detail/pca.mojo:10:
/Users/andrewhendel/CascadeProjects/mojolearn/./core/pinned_reduce.mojo:140:19: warning: positional `__getitem__` is deprecated, use `unsafe_offset=` instead
        w[t] = red[t]
               ~~~^~~
<unknown>:0: note: '__getitem__' declared here
Imported from /Users/andrewhendel/CascadeProjects/mojolearn/bindings/_mojolearn_estimators.mojo:23:
Imported from ./decomposition/estimator.mojo:43:
Imported from ./decomposition/impl/linalg/detail/pca.mojo:10:
/Users/andrewhendel/CascadeProjects/mojolearn/./core/pinned_reduce.mojo:215:8: warning: positional `__getitem__` is deprecated, use `unsafe_offset=` instead
    red[tid] = value
    ~~~^~~~~
<unknown>:0: note: '__getitem__' declared here
Imported from /Users/andrewhendel/CascadeProjects/mojolearn/bindings/_mojolearn_estimators.mojo:23:
Imported from ./decomposition/estimator.mojo:43:
Imported from ./decomposition/impl/linalg/detail/pca.mojo:10:
/Users/andrewhendel/CascadeProjects/mojolearn/./core/pinned_reduce.mojo:220:28: warning: positional `__getitem__` is deprecated, use `unsafe_offset=` instead
            var other = red[tid + step]
                        ~~~^~~~~~~~~~~~
<unknown>:0: note: '__getitem__' declared here
Imported from /Users/andrewhendel/CascadeProjects/mojolearn/bindings/_mojolearn_estimators.mojo:23:
Imported from ./decomposition/estimator.mojo:43:
Imported from ./decomposition/impl/linalg/detail/pca.mojo:10:
/Users/andrewhendel/CascadeProjects/mojolearn/./core/pinned_reduce.mojo:221:27: warning: positional `__getitem__` is deprecated, use `unsafe_offset=` instead
            if other > red[tid]:
                       ~~~^~~~~
<unknown>:0: note: '__getitem__' declared here
Imported from /Users/andrewhendel/CascadeProjects/mojolearn/bindings/_mojolearn_estimators.mojo:23:
Imported from ./decomposition/estimator.mojo:43:
Imported from ./decomposition/impl/linalg/detail/pca.mojo:10:
/Users/andrewhendel/CascadeProjects/mojolearn/./core/pinned_reduce.mojo:222:20: warning: positional `__getitem__` is deprecated, use `unsafe_offset=` instead
                red[tid] = other
                ~~~^~~~~
<unknown>:0: note: '__getitem__' declared here
Imported from /Users/andrewhendel/CascadeProjects/mojolearn/bindings/_mojolearn_estimators.mojo:23:
Imported from ./decomposition/estimator.mojo:43:
Imported from ./decomposition/impl/linalg/detail/pca.mojo:10:
/Users/andrewhendel/CascadeProjects/mojolearn/./core/pinned_reduce.mojo:225:20: warning: positional `__getitem__` is deprecated, use `unsafe_offset=` instead
    var total = red[0]
                ~~~^~~
<unknown>:0: note: '__getitem__' declared here
Imported from /Users/andrewhendel/CascadeProjects/mojolearn/bindings/_mojolearn_estimators.mojo:23:
Imported from ./decomposition/estimator.mojo:43:
Imported from ./decomposition/impl/linalg/detail/pca.mojo:10:
/Users/andrewhendel/CascadeProjects/mojolearn/./core/pinned_reduce.mojo:244:8: warning: positional `__getitem__` is deprecated, use `unsafe_offset=` instead
    red[tid] = value
    ~~~^~~~~
<unknown>:0: note: '__getitem__' declared here
Imported from /Users/andrewhendel/CascadeProjects/mojolearn/bindings/_mojolearn_estimators.mojo:23:
Imported from ./decomposition/estimator.mojo:43:
Imported from ./decomposition/impl/linalg/detail/pca.mojo:10:
/Users/andrewhendel/CascadeProjects/mojolearn/./core/pinned_reduce.mojo:249:28: warning: positional `__getitem__` is deprecated, use `unsafe_offset=` instead
            var other = red[tid + step]
                        ~~~^~~~~~~~~~~~
<unknown>:0: note: '__getitem__' declared here
Imported from /Users/andrewhendel/CascadeProjects/mojolearn/bindings/_mojolearn_estimators.mojo:23:
Imported from ./decomposition/estimator.mojo:43:
Imported from ./decomposition/impl/linalg/detail/pca.mojo:10:
/Users/andrewhendel/CascadeProjects/mojolearn/./core/pinned_reduce.mojo:250:27: warning: positional `__getitem__` is deprecated, use `unsafe_offset=` instead
            if other < red[tid]:
                       ~~~^~~~~
<unknown>:0: note: '__getitem__' declared here
Imported from /Users/andrewhendel/CascadeProjects/mojolearn/bindings/_mojolearn_estimators.mojo:23:
Imported from ./decomposition/estimator.mojo:43:
Imported from ./decomposition/impl/linalg/detail/pca.mojo:10:
/Users/andrewhendel/CascadeProjects/mojolearn/./core/pinned_reduce.mojo:251:20: warning: positional `__getitem__` is deprecated, use `unsafe_offset=` instead
                red[tid] = other
                ~~~^~~~~
<unknown>:0: note: '__getitem__' declared here
Imported from /Users/andrewhendel/CascadeProjects/mojolearn/bindings/_mojolearn_estimators.mojo:23:
Imported from ./decomposition/estimator.mojo:43:
Imported from ./decomposition/impl/linalg/detail/pca.mojo:10:
/Users/andrewhendel/CascadeProjects/mojolearn/./core/pinned_reduce.mojo:254:20: warning: positional `__getitem__` is deprecated, use `unsafe_offset=` instead
    var total = red[0]
                ~~~^~~
<unknown>:0: note: '__getitem__' declared here
Imported from /Users/andrewhendel/CascadeProjects/mojolearn/bindings/_mojolearn_estimators.mojo:21:
Imported from ./kde/estimator.mojo:43:
/Users/andrewhendel/CascadeProjects/mojolearn/./core/identity_trace.mojo:103:22: warning: 'UnsafePointer' is deprecated, use 'Pointer' instead
](seed: UInt64, ptr: UnsafePointer[UInt8, o], n: Int) -> UInt64:
                     ^~~~~~~~~~~~~
                     Pointer
<unknown>:0: note: 'UnsafePointer' declared here
Imported from /Users/andrewhendel/CascadeProjects/mojolearn/bindings/_mojolearn_estimators.mojo:21:
Imported from ./kde/estimator.mojo:43:
/Users/andrewhendel/CascadeProjects/mojolearn/./core/identity_trace.mojo:386:16: warning: 'bitcast' is deprecated, use 'unsafe_bitcast' instead
            ptr.bitcast[UInt8](),
            ~~~^~~~~~~~
                unsafe_bitcast
<unknown>:0: note: 'bitcast' declared here
Imported from /Users/andrewhendel/CascadeProjects/mojolearn/bindings/_mojolearn_estimators.mojo:40:
./decomposition/impl/linalg/detail/svd_full.mojo:284:28: warning: positional `__getitem__` is deprecated, use `unsafe_offset=` instead
                        rot[0] = cs[0]
                        ~~~^~~
<unknown>:0: note: '__getitem__' declared here
Imported from /Users/andrewhendel/CascadeProjects/mojolearn/bindings/_mojolearn_estimators.mojo:40:
./decomposition/impl/linalg/detail/svd_full.mojo:285:28: warning: positional `__getitem__` is deprecated, use `unsafe_offset=` instead
                        rot[1] = cs[1]
                        ~~~^~~
<unknown>:0: note: '__getitem__' declared here
Imported from /Users/andrewhendel/CascadeProjects/mojolearn/bindings/_mojolearn_estimators.mojo:40:
./decomposition/impl/linalg/detail/svd_full.mojo:287:32: warning: positional `__getitem__` is deprecated, use `unsafe_offset=` instead
                    var c = rot[0]
                            ~~~^~~
<unknown>:0: note: '__getitem__' declared here
Imported from /Users/andrewhendel/CascadeProjects/mojolearn/bindings/_mojolearn_estimators.mojo:40:
./decomposition/impl/linalg/detail/svd_full.mojo:288:32: warning: positional `__getitem__` is deprecated, use `unsafe_offset=` instead
                    var s = rot[1]
                            ~~~^~~
<unknown>:0: note: '__getitem__' declared here
Imported from /Users/andrewhendel/CascadeProjects/mojolearn/bindings/_mojolearn_estimators.mojo:20:
Imported from ./dbscan/estimator.mojo:110:
Imported from ./dbscan/impl/dbscan/dbscan.mojo:46:
./dbscan/impl/dbscan/adjgraph/algo.mojo:315:24: warning: 'load' is deprecated, use 'unsafe_load' instead
        var chunk = adj.load[width=ADJ_CHUNK_SIZE, alignment=1](row_off + j)
                    ~~~^~~~~
                        unsafe_load
<unknown>:0: note: 'load' declared here
Imported from /Users/andrewhendel/CascadeProjects/mojolearn/bindings/_mojolearn_estimators.mojo:23:
Imported from ./decomposition/estimator.mojo:43:
Imported from ./decomposition/impl/linalg/detail/pca.mojo:18:
/Users/andrewhendel/CascadeProjects/mojolearn/./core/gram_splitk.mojo:612:25: warning: positional `__getitem__` is deprecated, use `unsafe_offset=` instead
                    tile[i] = ftz(
                    ~~~~^~~
<unknown>:0: note: '__getitem__' declared here
Imported from /Users/andrewhendel/CascadeProjects/mojolearn/bindings/_mojolearn_estimators.mojo:23:
Imported from ./decomposition/estimator.mojo:43:
Imported from ./decomposition/impl/linalg/detail/pca.mojo:18:
/Users/andrewhendel/CascadeProjects/mojolearn/./core/gram_splitk.mojo:617:25: warning: positional `__getitem__` is deprecated, use `unsafe_offset=` instead
                    tile[i] = x.unsafe_load(t * m + i)
                    ~~~~^~~
<unknown>:0: note: '__getitem__' declared here
Imported from /Users/andrewhendel/CascadeProjects/mojolearn/bindings/_mojolearn_estimators.mojo:23:
Imported from ./decomposition/estimator.mojo:43:
Imported from ./decomposition/impl/linalg/detail/pca.mojo:18:
/Users/andrewhendel/CascadeProjects/mojolearn/./core/gram_splitk.mojo:632:37: warning: positional `__getitem__` is deprecated, use `unsafe_offset=` instead
                        cv[b] = tile[base + bj0 + b]
                                ~~~~^~~~~~~~~~~~~~~~
<unknown>:0: note: '__getitem__' declared here
Imported from /Users/andrewhendel/CascadeProjects/mojolearn/bindings/_mojolearn_estimators.mojo:23:
Imported from ./decomposition/estimator.mojo:43:
Imported from ./decomposition/impl/linalg/detail/pca.mojo:18:
/Users/andrewhendel/CascadeProjects/mojolearn/./core/gram_splitk.mojo:634:38: warning: positional `__getitem__` is deprecated, use `unsafe_offset=` instead
                        var xi = tile[base + bi0 + a]
                                 ~~~~^~~~~~~~~~~~~~~~
<unknown>:0: note: '__getitem__' declared here
Imported from /Users/andrewhendel/CascadeProjects/mojolearn/bindings/_mojolearn_estimators.mojo:23:
Imported from ./decomposition/estimator.mojo:43:
Imported from ./decomposition/impl/linalg/detail/pca.mojo:18:
/Users/andrewhendel/CascadeProjects/mojolearn/./core/gram_splitk.mojo:651:30: warning: positional `__getitem__` is deprecated, use `unsafe_offset=` instead
                var xj = tile[base + jm]
                         ~~~~^~~~~~~~~~~
<unknown>:0: note: '__getitem__' declared here
Imported from /Users/andrewhendel/CascadeProjects/mojolearn/bindings/_mojolearn_estimators.mojo:23:
Imported from ./decomposition/estimator.mojo:43:
Imported from ./decomposition/impl/linalg/detail/pca.mojo:18:
/Users/andrewhendel/CascadeProjects/mojolearn/./core/gram_splitk.mojo:656:33: warning: positional `__getitem__` is deprecated, use `unsafe_offset=` instead
                            tile[base + Int(ii[c])], xj, acc[c]
                            ~~~~^~~~~~~~~~~~~~~~~~~
<unknown>:0: note: '__getitem__' declared here
Imported from /Users/andrewhendel/CascadeProjects/mojolearn/bindings/_mojolearn_estimators.mojo:23:
Imported from ./decomposition/estimator.mojo:43:
Imported from ./decomposition/impl/linalg/detail/pca.mojo:18:
/Users/andrewhendel/CascadeProjects/mojolearn/./core/gram_splitk.mojo:670:33: warning: positional `__getitem__` is deprecated, use `unsafe_offset=` instead
                            tile[base + Int(ii[c])],
                            ~~~~^~~~~~~~~~~~~~~~~~~
<unknown>:0: note: '__getitem__' declared here
Imported from /Users/andrewhendel/CascadeProjects/mojolearn/bindings/_mojolearn_estimators.mojo:23:
Imported from ./decomposition/estimator.mojo:43:
Imported from ./decomposition/impl/linalg/detail/pca.mojo:18:
/Users/andrewhendel/CascadeProjects/mojolearn/./core/gram_splitk.mojo:671:33: warning: positional `__getitem__` is deprecated, use `unsafe_offset=` instead
                            tile[base + Int(jj[c])],
                            ~~~~^~~~~~~~~~~~~~~~~~~
<unknown>:0: note: '__getitem__' declared here
Imported from /Users/andrewhendel/CascadeProjects/mojolearn/bindings/_mojolearn_estimators.mojo:20:
Imported from ./dbscan/estimator.mojo:111:
Imported from ./dbscan/impl/dbscan/runner.mojo:133:
Imported from /Users/andrewhendel/CascadeProjects/mojolearn/./neighbors/impl/neighbors/ball_cover/ball_cover.mojo:179:
/Users/andrewhendel/CascadeProjects/mojolearn/./neighbors/impl/neighbors/ball_cover/registers.mojo:814:5: warning: '@parameter if' is deprecated; use 'comptime if'
    @parameter
    ^~~~~~~~~~
    comptime 
Imported from /Users/andrewhendel/CascadeProjects/mojolearn/bindings/_mojolearn_estimators.mojo:20:
Imported from ./dbscan/estimator.mojo:111:
Imported from ./dbscan/impl/dbscan/runner.mojo:133:
Imported from /Users/andrewhendel/CascadeProjects/mojolearn/./neighbors/impl/neighbors/ball_cover/ball_cover.mojo:179:
/Users/andrewhendel/CascadeProjects/mojolearn/./neighbors/impl/neighbors/ball_cover/registers.mojo:998:5: warning: '@parameter if' is deprecated; use 'comptime if'
    @parameter
    ^~~~~~~~~~
    comptime 
Imported from /Users/andrewhendel/CascadeProjects/mojolearn/bindings/_mojolearn_estimators.mojo:20:
Imported from ./dbscan/estimator.mojo:111:
Imported from ./dbscan/impl/dbscan/runner.mojo:133:
Imported from /Users/andrewhendel/CascadeProjects/mojolearn/./neighbors/impl/neighbors/ball_cover/ball_cover.mojo:179:
Imported from /Users/andrewhendel/CascadeProjects/mojolearn/./neighbors/impl/neighbors/ball_cover/registers.mojo:129:
/Users/andrewhendel/CascadeProjects/mojolearn/./neighbors/checks/ball_cover_canonical_order.mojo:167:5: warning: '@parameter if' is deprecated; use 'comptime if'
    @parameter
    ^~~~~~~~~~
    comptime 
Imported from /Users/andrewhendel/CascadeProjects/mojolearn/bindings/_mojolearn_estimators.mojo:20:
Imported from ./dbscan/estimator.mojo:114:
./dbscan/impl/neighbors/epsilon_neighborhood.mojo:372:15: warning: positional `__getitem__` is deprecated, use `unsafe_offset=` instead
            sx[r * GEMM_SMEM_STRIDE + c] = v
            ~~^~~~~~~~~~~~~~~~~~~~~~~~~~
<unknown>:0: note: '__getitem__' declared here
Imported from /Users/andrewhendel/CascadeProjects/mojolearn/bindings/_mojolearn_estimators.mojo:20:
Imported from ./dbscan/estimator.mojo:114:
./dbscan/impl/neighbors/epsilon_neighborhood.mojo:381:15: warning: positional `__getitem__` is deprecated, use `unsafe_offset=` instead
            sy[r2 * GEMM_SMEM_STRIDE + c2] = v2
            ~~^~~~~~~~~~~~~~~~~~~~~~~~~~~~
<unknown>:0: note: '__getitem__' declared here
Imported from /Users/andrewhendel/CascadeProjects/mojolearn/bindings/_mojolearn_estimators.mojo:20:
Imported from ./dbscan/estimator.mojo:114:
./dbscan/impl/neighbors/epsilon_neighborhood.mojo:393:29: warning: positional `__getitem__` is deprecated, use `unsafe_offset=` instead
                regy[j] = sy[
                          ~~^
<unknown>:0: note: '__getitem__' declared here
Imported from /Users/andrewhendel/CascadeProjects/mojolearn/bindings/_mojolearn_estimators.mojo:20:
Imported from ./dbscan/estimator.mojo:114:
./dbscan/impl/neighbors/epsilon_neighborhood.mojo:419:19: warning: positional `__getitem__` is deprecated, use `unsafe_offset=` instead
                sx[(accrowid + 0 * GEMM_ACC_TH_ROWS) * GEMM_SMEM_STRIDE + kk],
                ~~^~~~~~~~~~~~~~~~~~~~~~~~~~~~~~~~~~~~~~~~~~~~~~~~~~~~~~~~~~~
<unknown>:0: note: '__getitem__' declared here
Imported from /Users/andrewhendel/CascadeProjects/mojolearn/bindings/_mojolearn_estimators.mojo:20:
Imported from ./dbscan/estimator.mojo:114:
./dbscan/impl/neighbors/epsilon_neighborhood.mojo:424:19: warning: positional `__getitem__` is deprecated, use `unsafe_offset=` instead
                sx[(accrowid + 1 * GEMM_ACC_TH_ROWS) * GEMM_SMEM_STRIDE + kk],
                ~~^~~~~~~~~~~~~~~~~~~~~~~~~~~~~~~~~~~~~~~~~~~~~~~~~~~~~~~~~~~
<unknown>:0: note: '__getitem__' declared here
Imported from /Users/andrewhendel/CascadeProjects/mojolearn/bindings/_mojolearn_estimators.mojo:20:
Imported from ./dbscan/estimator.mojo:114:
./dbscan/impl/neighbors/epsilon_neighborhood.mojo:429:19: warning: positional `__getitem__` is deprecated, use `unsafe_offset=` instead
                sx[(accrowid + 2 * GEMM_ACC_TH_ROWS) * GEMM_SMEM_STRIDE + kk],
                ~~^~~~~~~~~~~~~~~~~~~~~~~~~~~~~~~~~~~~~~~~~~~~~~~~~~~~~~~~~~~
<unknown>:0: note: '__getitem__' declared here
Imported from /Users/andrewhendel/CascadeProjects/mojolearn/bindings/_mojolearn_estimators.mojo:20:
Imported from ./dbscan/estimator.mojo:114:
./dbscan/impl/neighbors/epsilon_neighborhood.mojo:434:19: warning: positional `__getitem__` is deprecated, use `unsafe_offset=` instead
                sx[(accrowid + 3 * GEMM_ACC_TH_ROWS) * GEMM_SMEM_STRIDE + kk],
                ~~^~~~~~~~~~~~~~~~~~~~~~~~~~~~~~~~~~~~~~~~~~~~~~~~~~~~~~~~~~~
<unknown>:0: note: '__getitem__' declared here
Imported from /Users/andrewhendel/CascadeProjects/mojolearn/bindings/_mojolearn_estimators.mojo:33:
Imported from ./glm/estimator.mojo:47:
Imported from ./glm/impl/glm/qn/qn.mojo:37:
./glm/impl/glm/qn/glm_base.mojo:282:32: warning: '__add__' is deprecated, use 'unsafe_offset' instead
                g.unsafe_ptr() + cd, dz.unsafe_ptr(), Int32(n_rows),
                ~~~~~~~~~~~~~~~^~~~
<unknown>:0: note: '__add__' declared here
Imported from /Users/andrewhendel/CascadeProjects/mojolearn/bindings/_mojolearn_estimators.mojo:33:
Imported from ./glm/estimator.mojo:47:
Imported from ./glm/impl/glm/qn/qn.mojo:37:
./glm/impl/glm/qn/glm_base.mojo:302:28: warning: '__add__' is deprecated, use 'unsafe_offset' instead
            g.unsafe_ptr() + d, dz.unsafe_ptr(), Int32(n_rows),
            ~~~~~~~~~~~~~~~^~~
<unknown>:0: note: '__add__' declared here
/Users/andrewhendel/CascadeProjects/mojolearn/bindings/_mojolearn_estimators.mojo:111:18: warning: assignment to 'passes' was never used; assign to '_' instead?
    var passes = 0
                 ^
/Users/andrewhendel/CascadeProjects/mojolearn/bindings/_mojolearn_estimators.mojo:142:24: warning: assignment to 'noise' was never used; assign to '_' instead?
    var noise = Float64(0.0)
                       ^
/Users/andrewhendel/CascadeProjects/mojolearn/bindings/_mojolearn_estimators.mojo:177:24: warning: assignment to 'noise' was never used; assign to '_' instead?
    var noise = Float64(0.0)
                       ^
/Users/andrewhendel/CascadeProjects/mojolearn/bindings/_mojolearn_estimators.mojo:468:17: warning: assignment to 'iters' was never used; assign to '_' instead?
    var iters = 0
                ^
/Users/andrewhendel/CascadeProjects/mojolearn/bindings/_mojolearn_estimators.mojo:568:28: warning: assignment to 'out' was never used; assign to '_' instead?
    var out = List[Float32]()
                           ^
Included from /Users/andrewhendel/CascadeProjects/mojolearn/bindings/_mojolearn_estimators.mojo:40:
Included from ./decomposition/impl/linalg/detail/svd_full.mojo:155:
./decomposition/checks/jacobi_eigh_device.mojo:79:20: warning: assignment to 't' was never used; assign to '_' instead?
    var t = Float32(0.0)
                   ^
Included from /Users/andrewhendel/CascadeProjects/mojolearn/bindings/_mojolearn_estimators.mojo:33:
Included from ./glm/estimator.mojo:47:
Included from ./glm/impl/glm/qn/qn.mojo:38:
./glm/impl/glm/qn/qn_solvers.mojo:179:15: warning: assignment to 'fxp' was never used; assign to '_' instead?
    var fxp = fx
              ^
Included from /Users/andrewhendel/CascadeProjects/mojolearn/bindings/_mojolearn_estimators.mojo:33:
Included from ./glm/estimator.mojo:47:
Included from ./glm/impl/glm/qn/qn.mojo:38:
./glm/impl/glm/qn/qn_solvers.mojo:185:17: warning: assignment to 'lsret' was never used; assign to '_' instead?
    var lsret = LS_SUCCESS
                ^
Included from /Users/andrewhendel/CascadeProjects/mojolearn/bindings/_mojolearn_estimators.mojo:33:
Included from ./glm/estimator.mojo:47:
Included from ./glm/impl/glm/qn/qn.mojo:38:
./glm/impl/glm/qn/qn_solvers.mojo:376:15: warning: assignment to 'fxp' was never used; assign to '_' instead?
    var fxp = fx
              ^
Included from /Users/andrewhendel/CascadeProjects/mojolearn/bindings/_mojolearn_estimators.mojo:33:
Included from ./glm/estimator.mojo:47:
Included from ./glm/impl/glm/qn/qn.mojo:38:
./glm/impl/glm/qn/qn_solvers.mojo:382:17: warning: assignment to 'lsret' was never used; assign to '_' instead?
    var lsret = LS_SUCCESS
                ^
Included from /Users/andrewhendel/CascadeProjects/mojolearn/bindings/_mojolearn_estimators.mojo:33:
Included from ./glm/estimator.mojo:47:
Included from ./glm/impl/glm/qn/qn.mojo:38:
./glm/impl/glm/qn/qn_solvers.mojo:458:15: warning: assignment to 'ret' was never used; assign to '_' instead?
    var ret = OPT_MAX_ITERS_REACHED
              ^
ld: warning: passed two min versions (26.0, 11.0) for platform macOS. Using 11.0.
ld: warning: object file (/private/var/folders/hy/_ylqg90n5lz20fd6tsrwg0cw0000gn/T/mojo_archive-7c81cf4.a) was built for newer 'macOS' version (26.0) than being linked (11.0)
built python/mojolearn/identical/_mojolearn_estimators.so (gate skipped: non-Darwin or MOJOLEARN_SKIP_BUILD_GATE)
