# vendor=cpu-amd-epyc-9655-96-core-processor commit=763565275bb976f09f03149ab42884faf72ac451 (MOJOLEARN_COMMIT) host.cpu_model='AMD EPYC 9655 96-Core Processor' host.column=cpu host.families=['_mojolearn_arima_host', '_mojolearn_byte_lm_host', '_mojolearn_core_host', '_mojolearn_embedding_host', '_mojolearn_embedding_infer_host', '_mojolearn_estimators_host', '_mojolearn_forecast_host', '_mojolearn_forest_host', '_mojolearn_gbdt_host', '_mojolearn_gp_host', '_mojolearn_gp_infer_host', '_mojolearn_hdbscan_host', '_mojolearn_hdbscan_infer_host', '_mojolearn_ivf_host', '_mojolearn_ivf_search_host', '_mojolearn_kernel_methods_host', '_mojolearn_linalg_host', '_mojolearn_mamba_host', '_mojolearn_metrics_host', '_mojolearn_mixture_host', '_mojolearn_mixture_infer_host', '_mojolearn_neural_host', '_mojolearn_preprocessing_host', '_mojolearn_resample_host', '_mojolearn_rf_host', '_mojolearn_solver_host', '_mojolearn_svm_host', '_mojolearn_tokenizer_host', '_mojolearn_training_host', '_mojolearn_transformer_host', '_mojolearn_trees_host', '_mojolearn_tsa_host']
# identity_break  mode=identical  2026-09-17 21:30:17  Linux-6.8.0-90-generic-x86_64-with-glibc2.35
# per lane: the train row, then an `infer` row (held-out rows), a `model` row (saved bytes) and a `batch` row (whole batch vs rows alone, a split and prefixes) where the lane has them
| lane                   | base             | ties             | hashed           | wide             | denormal         | denormal_ftz     | dupes            | odd              | negative         |
|------------------------|------------------|------------------|------------------|------------------|------------------|------------------|------------------|------------------|------------------|
# START cross-entropy-arms/base repeat=1/train
# DONE cross-entropy-arms/base repeat=1/train 0.002s
# START cross-entropy-arms/base repeat=1/infer-save-reload
# DONE cross-entropy-arms/base repeat=1/infer-save-reload 0.000s
# START cross-entropy-arms/base repeat=1/batch
# DONE cross-entropy-arms/base repeat=1/batch 0.003s
# START cross-entropy-arms/base repeat=1/stepfull
# DONE cross-entropy-arms/base repeat=1/stepfull 0.000s
# START cross-entropy-arms/base repeat=2/train
# DONE cross-entropy-arms/base repeat=2/train 0.001s
# START cross-entropy-arms/base repeat=2/infer-save-reload
# DONE cross-entropy-arms/base repeat=2/infer-save-reload 0.000s
# START cross-entropy-arms/base repeat=2/batch
# DONE cross-entropy-arms/base repeat=2/batch 0.003s
# START cross-entropy-arms/base repeat=2/stepfull
# DONE cross-entropy-arms/base repeat=2/stepfull 0.000s
# CELL cross-entropy-arms/base STABLE 0.009s
# START cross-entropy-arms/ties repeat=1/train
# DONE cross-entropy-arms/ties repeat=1/train 0.001s
# START cross-entropy-arms/ties repeat=1/infer-save-reload
# DONE cross-entropy-arms/ties repeat=1/infer-save-reload 0.000s
# START cross-entropy-arms/ties repeat=1/batch
# DONE cross-entropy-arms/ties repeat=1/batch 0.003s
# START cross-entropy-arms/ties repeat=1/stepfull
# DONE cross-entropy-arms/ties repeat=1/stepfull 0.000s
# START cross-entropy-arms/ties repeat=2/train
# DONE cross-entropy-arms/ties repeat=2/train 0.001s
# START cross-entropy-arms/ties repeat=2/infer-save-reload
# DONE cross-entropy-arms/ties repeat=2/infer-save-reload 0.000s
# START cross-entropy-arms/ties repeat=2/batch
# DONE cross-entropy-arms/ties repeat=2/batch 0.003s
# START cross-entropy-arms/ties repeat=2/stepfull
# DONE cross-entropy-arms/ties repeat=2/stepfull 0.000s
# CELL cross-entropy-arms/ties STABLE 0.007s
# START cross-entropy-arms/hashed repeat=1/train
# DONE cross-entropy-arms/hashed repeat=1/train 0.001s
# START cross-entropy-arms/hashed repeat=1/infer-save-reload
# DONE cross-entropy-arms/hashed repeat=1/infer-save-reload 0.000s
# START cross-entropy-arms/hashed repeat=1/batch
# DONE cross-entropy-arms/hashed repeat=1/batch 0.003s
# START cross-entropy-arms/hashed repeat=1/stepfull
# DONE cross-entropy-arms/hashed repeat=1/stepfull 0.000s
# START cross-entropy-arms/hashed repeat=2/train
# DONE cross-entropy-arms/hashed repeat=2/train 0.001s
# START cross-entropy-arms/hashed repeat=2/infer-save-reload
# DONE cross-entropy-arms/hashed repeat=2/infer-save-reload 0.000s
# START cross-entropy-arms/hashed repeat=2/batch
# DONE cross-entropy-arms/hashed repeat=2/batch 0.002s
# START cross-entropy-arms/hashed repeat=2/stepfull
# DONE cross-entropy-arms/hashed repeat=2/stepfull 0.000s
# CELL cross-entropy-arms/hashed STABLE 0.007s
# START cross-entropy-arms/wide repeat=1/train
# DONE cross-entropy-arms/wide repeat=1/train 0.001s
# START cross-entropy-arms/wide repeat=1/infer-save-reload
# DONE cross-entropy-arms/wide repeat=1/infer-save-reload 0.000s
# START cross-entropy-arms/wide repeat=1/batch
# DONE cross-entropy-arms/wide repeat=1/batch 0.003s
# START cross-entropy-arms/wide repeat=1/stepfull
# DONE cross-entropy-arms/wide repeat=1/stepfull 0.000s
# START cross-entropy-arms/wide repeat=2/train
# DONE cross-entropy-arms/wide repeat=2/train 0.001s
# START cross-entropy-arms/wide repeat=2/infer-save-reload
# DONE cross-entropy-arms/wide repeat=2/infer-save-reload 0.000s
# START cross-entropy-arms/wide repeat=2/batch
# DONE cross-entropy-arms/wide repeat=2/batch 0.002s
# START cross-entropy-arms/wide repeat=2/stepfull
# DONE cross-entropy-arms/wide repeat=2/stepfull 0.000s
# CELL cross-entropy-arms/wide STABLE 0.007s
# START cross-entropy-arms/denormal repeat=1/train
# DONE cross-entropy-arms/denormal repeat=1/train 0.001s
# START cross-entropy-arms/denormal repeat=1/infer-save-reload
# DONE cross-entropy-arms/denormal repeat=1/infer-save-reload 0.000s
# START cross-entropy-arms/denormal repeat=1/batch
# DONE cross-entropy-arms/denormal repeat=1/batch 0.003s
# START cross-entropy-arms/denormal repeat=1/stepfull
# DONE cross-entropy-arms/denormal repeat=1/stepfull 0.000s
# START cross-entropy-arms/denormal repeat=2/train
# DONE cross-entropy-arms/denormal repeat=2/train 0.001s
# START cross-entropy-arms/denormal repeat=2/infer-save-reload
# DONE cross-entropy-arms/denormal repeat=2/infer-save-reload 0.000s
# START cross-entropy-arms/denormal repeat=2/batch
# DONE cross-entropy-arms/denormal repeat=2/batch 0.002s
# START cross-entropy-arms/denormal repeat=2/stepfull
# DONE cross-entropy-arms/denormal repeat=2/stepfull 0.000s
# CELL cross-entropy-arms/denormal STABLE 0.007s
# START cross-entropy-arms/denormal_ftz repeat=1/train
# DONE cross-entropy-arms/denormal_ftz repeat=1/train 0.001s
# START cross-entropy-arms/denormal_ftz repeat=1/infer-save-reload
# DONE cross-entropy-arms/denormal_ftz repeat=1/infer-save-reload 0.000s
# START cross-entropy-arms/denormal_ftz repeat=1/batch
# DONE cross-entropy-arms/denormal_ftz repeat=1/batch 0.003s
# START cross-entropy-arms/denormal_ftz repeat=1/stepfull
# DONE cross-entropy-arms/denormal_ftz repeat=1/stepfull 0.000s
# START cross-entropy-arms/denormal_ftz repeat=2/train
# DONE cross-entropy-arms/denormal_ftz repeat=2/train 0.001s
# START cross-entropy-arms/denormal_ftz repeat=2/infer-save-reload
# DONE cross-entropy-arms/denormal_ftz repeat=2/infer-save-reload 0.000s
# START cross-entropy-arms/denormal_ftz repeat=2/batch
# DONE cross-entropy-arms/denormal_ftz repeat=2/batch 0.002s
# START cross-entropy-arms/denormal_ftz repeat=2/stepfull
# DONE cross-entropy-arms/denormal_ftz repeat=2/stepfull 0.000s
# CELL cross-entropy-arms/denormal_ftz STABLE 0.007s
# START cross-entropy-arms/dupes repeat=1/train
# DONE cross-entropy-arms/dupes repeat=1/train 0.001s
# START cross-entropy-arms/dupes repeat=1/infer-save-reload
# DONE cross-entropy-arms/dupes repeat=1/infer-save-reload 0.000s
# START cross-entropy-arms/dupes repeat=1/batch
# DONE cross-entropy-arms/dupes repeat=1/batch 0.003s
# START cross-entropy-arms/dupes repeat=1/stepfull
# DONE cross-entropy-arms/dupes repeat=1/stepfull 0.000s
# START cross-entropy-arms/dupes repeat=2/train
# DONE cross-entropy-arms/dupes repeat=2/train 0.001s
# START cross-entropy-arms/dupes repeat=2/infer-save-reload
# DONE cross-entropy-arms/dupes repeat=2/infer-save-reload 0.000s
# START cross-entropy-arms/dupes repeat=2/batch
# DONE cross-entropy-arms/dupes repeat=2/batch 0.002s
# START cross-entropy-arms/dupes repeat=2/stepfull
# DONE cross-entropy-arms/dupes repeat=2/stepfull 0.000s
# CELL cross-entropy-arms/dupes STABLE 0.007s
# START cross-entropy-arms/odd repeat=1/train
# DONE cross-entropy-arms/odd repeat=1/train 0.001s
# START cross-entropy-arms/odd repeat=1/infer-save-reload
# DONE cross-entropy-arms/odd repeat=1/infer-save-reload 0.000s
# START cross-entropy-arms/odd repeat=1/batch
# DONE cross-entropy-arms/odd repeat=1/batch 0.003s
# START cross-entropy-arms/odd repeat=1/stepfull
# DONE cross-entropy-arms/odd repeat=1/stepfull 0.000s
# START cross-entropy-arms/odd repeat=2/train
# DONE cross-entropy-arms/odd repeat=2/train 0.001s
# START cross-entropy-arms/odd repeat=2/infer-save-reload
# DONE cross-entropy-arms/odd repeat=2/infer-save-reload 0.000s
# START cross-entropy-arms/odd repeat=2/batch
# DONE cross-entropy-arms/odd repeat=2/batch 0.002s
# START cross-entropy-arms/odd repeat=2/stepfull
# DONE cross-entropy-arms/odd repeat=2/stepfull 0.000s
# CELL cross-entropy-arms/odd STABLE 0.007s
# START cross-entropy-arms/negative repeat=1/train
# DONE cross-entropy-arms/negative repeat=1/train 0.001s
# START cross-entropy-arms/negative repeat=1/infer-save-reload
# DONE cross-entropy-arms/negative repeat=1/infer-save-reload 0.000s
# START cross-entropy-arms/negative repeat=1/batch
# DONE cross-entropy-arms/negative repeat=1/batch 0.003s
# START cross-entropy-arms/negative repeat=1/stepfull
# DONE cross-entropy-arms/negative repeat=1/stepfull 0.000s
# START cross-entropy-arms/negative repeat=2/train
# DONE cross-entropy-arms/negative repeat=2/train 0.001s
# START cross-entropy-arms/negative repeat=2/infer-save-reload
# DONE cross-entropy-arms/negative repeat=2/infer-save-reload 0.000s
# START cross-entropy-arms/negative repeat=2/batch
# DONE cross-entropy-arms/negative repeat=2/batch 0.002s
# START cross-entropy-arms/negative repeat=2/stepfull
# DONE cross-entropy-arms/negative repeat=2/stepfull 0.000s
# CELL cross-entropy-arms/negative STABLE 0.007s
| cross-entropy-arms     | af89b597ab2b50d0 | 631104dfff219cbb | f6aa2340559d1a3b | 1b8ffbb968f37cbe | aa05b4e7046273d0 | eed577c6e3cc3750 | cc99f4dc2e352567 | af89b597ab2b50d0 | bc9a9fc0f740aa6f |
| cross-entropy-arms batch | 8eaf4070cdde5085 | a038806dac414756 | 4399b671fbdd53c2 | 0dc9c1930a73d321 | 7faea4043fd8d68e | f56b13d520e4f0b2 | 457de06cb719d6bd | 8eaf4070cdde5085 | c85294e905861796 |

cells=9 stable=9 moved=0 refused=0
infer: n/a=9
model: n/a=9
batch: stable=9
stepfull: n/a=9
n/a: cross-entropy-arms infer n/a:function, cross-entropy-arms model n/a:no-save, cross-entropy-arms stepfull n/a:no-decode-state
wrote /root/leg_out/records/cross-entropy-arms/cross-entropy-arms/cpu-sabotage.json
