Mamba-3 backward, B=2 L=512 d_model=384, median of 4 calls after warm-up (ms)
stage                                       ms   share
m3bwd.s17_operands                      36.665   51.7%
m3bwd.s16_s15                           12.118   17.1%
m3bwd.s16.qk_regs2                      11.476   16.2%
m3bwd.angle                              3.108    4.4%
m3bwd.bcnorm                             1.383    1.9%
m3bwd.proj_a                             0.935    1.3%
m3bwd.proj_b                             0.911    1.3%
m3bwd.seg_adt                            0.772    1.1%
m3bwd.block_norm                         0.538    0.8%
m3bwd.qkdot                              0.406    0.6%
m3bwd.s17_state                          0.398    0.6%
m3bwd.s16.v_shared                       0.317    0.4%
m3bwd.join_current                       0.286    0.4%
m3bwd.reduce                             0.255    0.4%
m3bwd.gate_skip                          0.242    0.3%
m3bwd.join_rotary                        0.231    0.3%
m3bwd.join_s16_s17                       0.185    0.3%
m3bwd.rotary_only                        0.168    0.2%
m3bwd.pack_in_proj                       0.165    0.2%
m3bwd.s15_only                           0.147    0.2%
m3bwd.dt_partial                         0.088    0.1%
m3bwd.adt_product                        0.076    0.1%
m3bwd.dacs_to_adt                        0.047    0.1%
m3bwd.join_two                           0.045    0.1%
m3bwd.a_heavy_tail                       0.025    0.0%
total (sum of stages)                   70.986
session counters: {"weight_uploads": 1, "weight_recopies": 0, "weight_reuses": 9, "backward_reuses": 5, "backward_recomputes": 0, "stages_held": 1}
