8769 external/tcmalloc+/tcmalloc/internal/system_allocator.h:713] Warning: Unable to mbind memory (errno=1, base=0x5170c0000000, nodemask=1)
8948 external/tcmalloc+/tcmalloc/internal/system_allocator.h:713] Warning: Unable to mbind memory (errno=1, base=0x13e2c0000000, nodemask=1)
8769 external/tcmalloc+/tcmalloc/internal/system_allocator.h:713] Warning: Unable to mbind memory (errno=1, base=0x1811c0000000, nodemask=2)
9128 external/tcmalloc+/tcmalloc/internal/system_allocator.h:713] Warning: Unable to mbind memory (errno=1, base=0x58ab40000000, nodemask=2)
9128 external/tcmalloc+/tcmalloc/internal/system_allocator.h:713] Warning: Unable to mbind memory (errno=1, base=0x508080000000, nodemask=1)
PASS KernelRidge 1 3 1 linear
9182 external/tcmalloc+/tcmalloc/internal/system_allocator.h:713] Warning: Unable to mbind memory (errno=1, base=0x18e300000000, nodemask=2)
9182 external/tcmalloc+/tcmalloc/internal/system_allocator.h:713] Warning: Unable to mbind memory (errno=1, base=0x10b740000000, nodemask=1)
9362 external/tcmalloc+/tcmalloc/internal/system_allocator.h:713] Warning: Unable to mbind memory (errno=1, base=0x737b40000000, nodemask=1)
PASS KernelRidge 1 3 1 rbf
9416 external/tcmalloc+/tcmalloc/internal/system_allocator.h:713] Warning: Unable to mbind memory (errno=1, base=0x337b80000000, nodemask=1)
9596 external/tcmalloc+/tcmalloc/internal/system_allocator.h:713] Warning: Unable to mbind memory (errno=1, base=0x31c700000000, nodemask=1)
PASS KernelRidge 1 3 1 poly
9650 external/tcmalloc+/tcmalloc/internal/system_allocator.h:713] Warning: Unable to mbind memory (errno=1, base=0x385d40000000, nodemask=2)
9650 external/tcmalloc+/tcmalloc/internal/system_allocator.h:713] Warning: Unable to mbind memory (errno=1, base=0x729c80000000, nodemask=1)
9830 external/tcmalloc+/tcmalloc/internal/system_allocator.h:713] Warning: Unable to mbind memory (errno=1, base=0x1352c0000000, nodemask=1)
PASS KernelRidge 1 3 1 sigmoid
9884 external/tcmalloc+/tcmalloc/internal/system_allocator.h:713] Warning: Unable to mbind memory (errno=1, base=0x58f800000000, nodemask=2)
9884 external/tcmalloc+/tcmalloc/internal/system_allocator.h:713] Warning: Unable to mbind memory (errno=1, base=0x332000000000, nodemask=1)
Traceback (most recent call last):
  File "/root/mojolearn/tools/parallel_kernel_methods_check.py", line 120, in <module>
    main()
    ~~~~^^
  File "/root/mojolearn/tools/parallel_kernel_methods_check.py", line 63, in main
    assert outcomes[0] == outcomes[1] or (isinstance(outcomes[0], str) and isinstance(outcomes[1], str)
           ^^^^^^^^^^^^^^^^^^^^^^^^^^^^^^^^^^^^^^^^^^^^^^^^^^^^^^^^^^^^^^^^^^^^^^^^^^^^^^^^^^^^^^^^^^^^
                                          and outcomes[0].split('Exception: ')[-1] in outcomes[1]), \
                                          ^^^^^^^^^^^^^^^^^^^^^^^^^^^^^^^^^^^^^^^^^^^^^^^^^^^^^^^^
AssertionError: ('KernelRidge outcome differs', 37, 'linear', '<mojolearn.kernel_methods.KernelRidge object at 0x7a90cc615c50>', 'Exception: kernel_ridge_fit_host: the ridged kernel matrix K + alpha I is NOT positive definite (info=35, the leading minor of order 35 failed). kernel=linear, n_samples=37. cuML catches this and sile')
