{"event": "setup", "schema": "mojolearn.lm-step-memory-probe.v3", "shape": {"batch": 1, "length": 2048, "d_model": 768, "n_heads": 12, "n_kv": 12, "head_dim": 64, "intermediate": 2048, "n_layers": 12, "vocab_size": 50257}, "profile": "mojolearn.byte-lm.b1-l2048-d768-h12-kv12-hd64-ff2048-v50257-blocks12.fp32.v3", "parameters": 162147840, "n_tensors": 110, "tokens_per_step": 2048, "seed": 93261, "budget_seconds": 300.0, "resident": true, "step_result": "lean", "witness_every_step": false, "witness_source": "export_gradients(named=False) + export_state() once after the last untimed step", "corpus": {"path": "training/corpus/pile_github/input.txt", "sha256": "52a5b4c36ab9119c15505331c10e3b23690377d40fbac3e598c7fafe13a324df", "manifest_sha256": "e3f46ca3870913aabd179647f5ab7e66b829c30c3cbcbf4b2862e2790d94cda5", "bytes": 97124565, "source_url": "https://huggingface.co/datasets/monology/pile-uncopyrighted/resolve/3be90335b66f24456a5d6659d9c8d208c0357119/val.jsonl.zst", "schedule": "step k row b: bytes[(k*batch*length + b*length) % (bytes - length - 1) : +length+1] as int32; targets shifted one byte"}, "attention_arm": null, "gemm_arm": "ksplit_leaf", "attention_arm_requested": null, "gemm_arm_requested": "ksplit_leaf", "attention_path_requested": null, "numeric_mode_env": "identical", "runtime": {"binding_file": "/root/mojolearn/python/mojolearn/identical/_mojolearn_byte_lm.so", "binding_sha256": "3a1853e88672f7dc729067a0ad889f53046a9990509eecd47b28877184865794", "native_numeric_mode": 1, "native_profile": "mojolearn.byte-lm.b2-l32-d32-h4-kv2-ff64-v256-blocks2.fp32.v1", "native_vendor": "hip", "source_scope": "available direct source files; binding SHA identifies the compiled artifact", "source_sha256": {"bindings/_mojolearn_byte_lm.mojo": "e10db165cfc590da558325ef892ea076e2ea6d4a0c57b3f684dc240c0d1d8852", "loaded_python_wrapper": "768d45912dff00d1079b6cdd01bb74c38d1bcf1d2db96f8236f0d59938ff5697", "python/mojolearn/_byte_lm_config.py": "440ca11e33cfed741c8a812a8dac74ad4e938ab8e16f84ed2af5b61d3fbe56b8", "python/mojolearn/_byte_lm_impl.py": "768d45912dff00d1079b6cdd01bb74c38d1bcf1d2db96f8236f0d59938ff5697", "python/mojolearn/language_model.py": "ad7fab7986e790cf0962e1cad316f586b1cec474f54c73619b7eb08da9530533", "training/byte_lm.mojo": "1f02bbaf31e13057010c959feacea545dd91b0a41a1bb4c35f7301c3e7426204", "training/byte_lm_config.mojo": "a620c17cff6cbe5f96097609105acf774a732b72aa118d342bfbbe5e084d8606"}, "schema": "small-byte-lm.run-metadata.v1", "qualification": "authored/unqualified", "profile": "mojolearn.byte-lm.b1-l2048-d768-h12-kv12-hd64-ff2048-v50257-blocks12.fp32.v3", "device_state_lifetime": "resident", "step_result": "lean", "last_export_step": 0, "config": {"lr": 0.0010000000474974513, "beta1": 0.8999999761581421, "beta2": 0.9990000128746033, "eps": 9.99999993922529e-09, "weight_decay": 0.009999999776482582, "kind": 2, "momentum": 0.0, "dampening": 0.0, "nesterov": false, "max_norm": 0.0}, "data_schedule": {"batches": "pinned corpus 52a5b4c36ab9119c15505331c10e3b23690377d40fbac3e598c7fafe13a324df", "fixture": "lm step memory probe", "seed": 93261}, "completed_steps": 0, "next_batch_index": 0}, "initial_parameters_sha256": "0e36d8d036d8c4cf9704babd096061006e48071187c793c6ee471e05b449572e", "host_before_first_call": {"vm_rss_bytes": 2744950784, "vm_hwm_bytes": 3393273856, "ru_maxrss_bytes": 3393273856, "boundary": "process host memory (Python + native + pinned staging); not device memory"}, "device_tool": "rocm-smi", "qualification": "complete-step probe at the named shape; not an opponent ratio, not a default gate", "t": 1789146535.6321373}
{"event": "step_start", "step": 1, "first_call_includes_setup": true, "ids_sha256": "7626015c8a8cb90b13e0d44eff53262a36025184a4adfb88591a93ba18857518", "t": 1789146535.6324382}
{"event": "step_end", "step": 1, "seconds": 14.208748466000088, "tokens_per_second": 144.13655114668472, "first_call_includes_setup": true, "timing_boundary": "public train_step call; native binding synchronizes the context before publishing outputs; includes host readbacks, validation and gradient copies", "step_result": "lean", "witnessed": false, "witness_export_seconds": null, "loss": 11.12025260925293, "sha256": {"loss": "fb1bfea4e8daa3b31227ff49a404e36a58fe27b98856af4d27a24872b0e9abf2"}, "completed_steps": 1, "host": {"vm_rss_bytes": 2912813056, "vm_hwm_bytes": 8743936000, "ru_maxrss_bytes": 8743936000, "boundary": "process host memory (Python + native + pinned staging); not device memory"}, "device": {"tool": "rocm-smi", "peak_process_bytes": "unavailable", "peak_device_bytes": 192744284160, "device_total_bytes": 205822885888, "sample_interval_seconds": 0.2, "samples_total": 32, "errors_total": 0, "boundary": "vendor tool polled at the interval; peaks shorter than one interval are missed; device-wide used memory includes other processes; torch.cuda allocator statistics do not cover Mojo allocations and are not used"}, "t": 1789146549.8413897}
{"event": "final_witness", "step": 1, "completed_steps": 1, "sha256": {"gradients": "85d053a482668fd958df0e32325fc47f9ba10ec630ff63557c7b79c5bd85b0e3", "parameters": "1b32246046a72ada00e3c8ec04d079beb629d8e314f860bc7106d42c5996a8ca", "m": "8dbf0dfcb08f29687241a6586a7ef8224fde5877a7aeb490b9701d24d5812524", "v": "227d2c36dbd16e9acf0556ec491d8b6431a8e4cc5b235b8d81011996a9bc05be", "flags": "360d579dbd14759b41afdf7fb5e80c0101e15150ae401d59f92a1e32d129f7cb"}, "export_seconds": 13.192726347999951, "source": "export_gradients(named=False) + export_state() once after the last untimed step", "t": 1789146563.0343378}
{"event": "component_timing_step_start", "note": "MOJOLEARN_TRANSFORMER_TIMING=1; not a timing sample", "t": 1789146563.0350049}
timing step.py_tokens 0.2165890000469517 ms
timing step.py_tokens_bytes 8196 bytes
timing step.bind_scalar_admission 0.005805 ms
timing step.upload_inputs 0.189946 ms
timing step.upload_inputs_bytes 16384 bytes
timing step.unpack_weights 1.118184 ms
timing step.unpack_weights_bytes 648591360 bytes
timing step.embedding_forward 0.062022 ms
timing block.norm1 0.546955 ms
timing attn.qkv_proj 3.037965 ms
timing attn.rope_and_cache 0.098909 ms
timing attn.core 4.885427 ms
timing attn.o_proj 0.987361 ms
timing block.attention_total 9.027412 ms
timing block.mlp_and_residuals 7.97433 ms
timing block.norm1 0.649858 ms
timing attn.qkv_proj 2.676123 ms
timing attn.rope_and_cache 0.101319 ms
timing attn.core 4.803434 ms
timing attn.o_proj 0.893752 ms
timing block.attention_total 8.484831 ms
timing block.mlp_and_residuals 7.861028 ms
timing block.norm1 0.609143 ms
timing attn.qkv_proj 2.595934 ms
timing attn.rope_and_cache 0.090497 ms
timing attn.core 4.733585 ms
timing attn.o_proj 0.885263 ms
timing block.attention_total 8.311024 ms
timing block.mlp_and_residuals 7.77902 ms
timing block.norm1 0.596737 ms
timing attn.qkv_proj 2.608024 ms
timing attn.rope_and_cache 0.096563 ms
timing attn.core 4.719719 ms
timing attn.o_proj 0.87556 ms
timing block.attention_total 8.305834 ms
timing block.mlp_and_residuals 7.724583 ms
timing block.norm1 0.607116 ms
timing attn.qkv_proj 2.600383 ms
timing attn.rope_and_cache 0.087809 ms
timing attn.core 4.728883 ms
timing attn.o_proj 0.878477 ms
timing block.attention_total 8.301478 ms
timing block.mlp_and_residuals 7.733977 ms
timing block.norm1 0.593376 ms
timing attn.qkv_proj 2.60113 ms
timing attn.rope_and_cache 0.095637 ms
timing attn.core 4.758434 ms
timing attn.o_proj 0.892788 ms
timing block.attention_total 8.353245 ms
timing block.mlp_and_residuals 7.763821 ms
timing block.norm1 0.593035 ms
timing attn.qkv_proj 2.61019 ms
timing attn.rope_and_cache 0.096785 ms
timing attn.core 4.745885 ms
timing attn.o_proj 0.881701 ms
timing block.attention_total 8.340402 ms
timing block.mlp_and_residuals 7.692417 ms
timing block.norm1 0.588476 ms
timing attn.qkv_proj 2.621514 ms
timing attn.rope_and_cache 0.089451 ms
timing attn.core 4.764515 ms
timing attn.o_proj 0.877513 ms
timing block.attention_total 8.358818 ms
timing block.mlp_and_residuals 7.721807 ms
timing block.norm1 0.584176 ms
timing attn.qkv_proj 2.603782 ms
timing attn.rope_and_cache 0.090975 ms
timing attn.core 4.724957 ms
timing attn.o_proj 0.881584 ms
timing block.attention_total 8.306117 ms
timing block.mlp_and_residuals 7.754708 ms
timing block.norm1 0.593504 ms
timing attn.qkv_proj 2.600958 ms
timing attn.rope_and_cache 0.089597 ms
timing attn.core 4.733193 ms
timing attn.o_proj 0.892186 ms
timing block.attention_total 8.320936 ms
timing block.mlp_and_residuals 7.733821 ms
timing block.norm1 0.59098 ms
timing attn.qkv_proj 2.585999 ms
timing attn.rope_and_cache 0.08946 ms
timing attn.core 4.717114 ms
timing attn.o_proj 0.886024 ms
timing block.attention_total 8.282853 ms
timing block.mlp_and_residuals 7.78033 ms
timing block.norm1 0.59071 ms
timing attn.qkv_proj 2.600515 ms
timing attn.rope_and_cache 0.092891 ms
timing attn.core 4.750338 ms
timing attn.o_proj 0.881999 ms
timing block.attention_total 8.32943 ms
timing block.mlp_and_residuals 7.704147 ms
timing envelope.blocks_forward 201.151699 ms
timing step.head_forward 54.8923 ms
timing step.ce_refuse_scan 0.458307 ms
timing step.ce_refuse_scan_bytes 411705344 bytes
timing step.ce_refuse_scan_download_bytes 8192 bytes
timing step.ce_forward 1.418763 ms
timing step.loss_download 0.037714 ms
timing step.loss_download_bytes 4 bytes
timing step.ce_backward 0.73566 ms
timing step.head_backward_da 54.380224 ms
timing step.head_backward_db 68.966554 ms
timing bwd.before_attention 0.011101 ms
timing bwd.attention 40.655589 ms
timing bwd.after_attention 6.341937 ms
timing bwd.before_attention 0.012023 ms
timing bwd.attention 40.894091 ms
timing bwd.after_attention 6.253296 ms
timing bwd.before_attention 0.011552 ms
timing bwd.attention 40.716195 ms
timing bwd.after_attention 6.456915 ms
timing bwd.before_attention 0.012214 ms
timing bwd.attention 40.802138 ms
timing bwd.after_attention 6.32397 ms
timing bwd.before_attention 0.012262 ms
timing bwd.attention 40.706966 ms
timing bwd.after_attention 6.363601 ms
timing bwd.before_attention 0.011855 ms
timing bwd.attention 40.767898 ms
timing bwd.after_attention 6.204187 ms
timing bwd.before_attention 0.011692 ms
timing bwd.attention 40.832436 ms
timing bwd.after_attention 6.374868 ms
timing bwd.before_attention 0.011282 ms
timing bwd.attention 40.582018 ms
timing bwd.after_attention 6.367805 ms
timing bwd.before_attention 0.012 ms
timing bwd.attention 40.795637 ms
timing bwd.after_attention 6.384364 ms
timing bwd.before_attention 0.012158 ms
timing bwd.attention 40.804777 ms
timing bwd.after_attention 6.388274 ms
timing bwd.before_attention 0.011043 ms
timing bwd.attention 40.708197 ms
timing bwd.after_attention 6.40541 ms
timing bwd.before_attention 0.011347 ms
timing bwd.attention 40.926302 ms
timing bwd.after_attention 6.305121 ms
timing envelope.blocks_backward 787.642402 ms
timing step.embedding_backward 7.786228 ms
timing step.pack_grads 1.03278 ms
timing step.pack_grads_bytes 648591360 bytes
timing step.validate_grads_scan 0.598717 ms
timing step.validate_grads_scan_bytes 648591360 bytes
timing step.shadow_copy 1.883422 ms
timing step.shadow_copy_bytes 1945774080 bytes
timing step.opt_refuse_scan 2.446765 ms
timing step.opt_refuse_scan_bytes 2594365440 bytes
timing step.opt_refuse_scan_download_bytes 0 bytes
timing step.optimizer 1.607422 ms
timing step.validate_after_scan 2.556414 ms
timing step.validate_after_scan_bytes 2594365440 bytes
timing step.bind_final_sync 0.00115 ms
timing step.bind_publish 0.004508 ms
timing step.bind_publish_bytes 444 bytes
timing envelope.native_call 1189.3956419999085 ms
timing step.py_flags 0.11436699992373178 ms
timing step.py_flags_bytes 440 bytes
{"event": "component_timing_step_end", "seconds": 1.1898632219999854, "t": 1789146564.2249198}
