23176 external/tcmalloc+/tcmalloc/internal/system_allocator.h:713] Warning: Unable to mbind memory (errno=1, base=0x791fc0000000, nodemask=2)
23176 external/tcmalloc+/tcmalloc/internal/system_allocator.h:713] Warning: Unable to mbind memory (errno=1, base=0x50bb00000000, nodemask=1)
23352 external/tcmalloc+/tcmalloc/internal/system_allocator.h:713] Warning: Unable to mbind memory (errno=1, base=0x536440000000, nodemask=1)
23353 external/tcmalloc+/tcmalloc/internal/system_allocator.h:713] Warning: Unable to mbind memory (errno=1, base=0x709b40000000, nodemask=1)
23353 external/tcmalloc+/tcmalloc/internal/system_allocator.h:713] Warning: Unable to mbind memory (errno=1, base=0x193ac0000000, nodemask=2)
23352 external/tcmalloc+/tcmalloc/internal/system_allocator.h:713] Warning: Unable to mbind memory (errno=1, base=0x3bcf00000000, nodemask=2)
23452 external/tcmalloc+/tcmalloc/internal/system_allocator.h:713] Warning: Unable to mbind memory (errno=1, base=0x11c780000000, nodemask=1)
23452 external/tcmalloc+/tcmalloc/internal/system_allocator.h:713] Warning: Unable to mbind memory (errno=1, base=0x1a92c0000000, nodemask=2)
23503 external/tcmalloc+/tcmalloc/internal/system_allocator.h:713] Warning: Unable to mbind memory (errno=1, base=0x53f440000000, nodemask=1)
23553 external/tcmalloc+/tcmalloc/internal/system_allocator.h:713] Warning: Unable to mbind memory (errno=1, base=0x311d40000000, nodemask=1)
23553 external/tcmalloc+/tcmalloc/internal/system_allocator.h:713] Warning: Unable to mbind memory (errno=1, base=0x3964c0000000, nodemask=2)
23603 external/tcmalloc+/tcmalloc/internal/system_allocator.h:713] Warning: Unable to mbind memory (errno=1, base=0x530e40000000, nodemask=1)
23655 external/tcmalloc+/tcmalloc/internal/system_allocator.h:713] Warning: Unable to mbind memory (errno=1, base=0x303800000000, nodemask=1)
23714 external/tcmalloc+/tcmalloc/internal/system_allocator.h:713] Warning: Unable to mbind memory (errno=1, base=0x324400000000, nodemask=1)
23769 external/tcmalloc+/tcmalloc/internal/system_allocator.h:713] Warning: Unable to mbind memory (errno=1, base=0x539680000000, nodemask=1)
23769 external/tcmalloc+/tcmalloc/internal/system_allocator.h:713] Warning: Unable to mbind memory (errno=1, base=0x7bf280000000, nodemask=2)
{
  "status": "PASS",
  "checks": [
    "Samba_attention_dropout_K3_two_GPU_replay",
    "Samba_checkpoint_device_migration"
  ],
  "hashes": [
    "e43b8b7614f681bdf56e9f7ecb62ac79151fe6808469e329f08b950c6f4cb939",
    "36847587f8ff90ff608d4be0445b63fe29bd289cbbb7202aec86e8c033ada834"
  ],
  "state_hashes": [
    "b1b8bf00f00b6fb0612c2db6812db89ff6a1688787c1b019b14cb9504cc4070e",
    "c590d37b9ff08d4936c16a7396ef0932d28373943d868cc2565cdc31f84a13e9"
  ],
  "corpus_sha256": "2b49720ec4d78c3c9fabaee6e4179a5e997302b3a70029f30f2d582218c024a8",
  "scope": "Two devices; no cross-vendor or speed claim"
}

