STEP gemm arm=kpack_gs ratio=0.9127727854540351 shipped_ms=143.176256 arm_ms=130.68739 calls=12 moved=0 (per-call medians weighted by per-step counts; a GEMM sum, not a step time)
STEP gemm arm=kpack_hf ratio=0.9511200673815505 shipped_ms=143.27838899999998 arm_ms=136.274951 calls=12 moved=0 (per-call medians weighted by per-step counts; a GEMM sum, not a step time)
STEP gemm arm=kpack_hg ratio=0.851522395781077 shipped_ms=143.16526800000003 arm_ms=121.90843199999999 calls=12 moved=0 (per-call medians weighted by per-step counts; a GEMM sum, not a step time)
STEP gemm arm=kpack_padv ratio=1.0145221336241836 shipped_ms=143.25085099999998 arm_ms=145.331159 calls=12 moved=0 (per-call medians weighted by per-step counts; a GEMM sum, not a step time)
STEP gemm arm=shipped ratio=0.9994311128790997 shipped_ms=142.363919 arm_ms=142.28293000000002 calls=12 moved=0 (per-call medians weighted by per-step counts; a GEMM sum, not a step time)
GEMM_STEP_RESOURCES_DEVICE name=NVIDIA H100 80GB HBM3 mode=IDENTICAL column=2 lane_width=32 shared_limit=49152 head_w=32 tpb=256
GEMM_STEP_RESOURCES_GEOMETRY label=shipped_default shipped DEFAULT ksplit (DEVIATION 2595, block parallelism row S=132 slack=4) where the group rule takes the call, else choose_gemm_plan's plan (TUNED 128x128 reg8x8 KS=16 fold=16 local tpb=256 hwftz=True (1-D grid, no swizzle) on the step's calls)
GEMM_STEP_RESOURCES_BEGIN label=shipped_128x128 tile=128x128 pages=2
GEMM_STEP_RESOURCES label=shipped_128x128 regs=255
GEMM_STEP_RESOURCES label=shipped_128x128 local=4144
GEMM_STEP_RESOURCES label=shipped_128x128 shared=40960
GEMM_STEP_RESOURCES label=shipped_128x128 const=0
GEMM_STEP_RESOURCES label=shipped_128x128 max_threads=256
GEMM_STEP_RESOURCES label=shipped_128x128 blocks_per_sm_256=1
GEMM_STEP_RESOURCES_BEGIN label=control_128x128_lanefold tile=128x128 reg=8x8 tc=16 ks=16 pages=2 lfold=False
GEMM_STEP_RESOURCES label=control_128x128_lanefold regs=255
GEMM_STEP_RESOURCES label=control_128x128_lanefold local=4144
GEMM_STEP_RESOURCES label=control_128x128_lanefold shared=40960
GEMM_STEP_RESOURCES label=control_128x128_lanefold const=0
GEMM_STEP_RESOURCES label=control_128x128_lanefold max_threads=256
GEMM_STEP_RESOURCES label=control_128x128_lanefold blocks_per_sm_256=1
GEMM_STEP_RESOURCES_GEOMETRY label=lfold lfold 128x128 reg8x8 TC=16 KS=16 pages=2 fold=cell-serial local tpb=256 hwftz=True
GEMM_STEP_RESOURCES_BEGIN label=lfold tile=128x128 reg=8x8 tc=16 ks=16 pages=2 lfold=True
GEMM_STEP_RESOURCES label=lfold regs=254
GEMM_STEP_RESOURCES label=lfold local=4352
GEMM_STEP_RESOURCES label=lfold shared=40960
GEMM_STEP_RESOURCES label=lfold const=0
GEMM_STEP_RESOURCES label=lfold max_threads=256
GEMM_STEP_RESOURCES label=lfold blocks_per_sm_256=1
GEMM_STEP_RESOURCES_GEOMETRY label=half half 64x128 reg4x8 TC=16 KS=16 pages=2 fold=cell-serial local tpb=256 hwftz=True
GEMM_STEP_RESOURCES_BEGIN label=half tile=64x128 reg=4x8 tc=16 ks=16 pages=2 lfold=True
GEMM_STEP_RESOURCES label=half regs=226
GEMM_STEP_RESOURCES label=half local=2176
GEMM_STEP_RESOURCES label=half shared=30720
GEMM_STEP_RESOURCES label=half const=0
GEMM_STEP_RESOURCES label=half max_threads=256
GEMM_STEP_RESOURCES label=half blocks_per_sm_256=1
GEMM_STEP_RESOURCES_GEOMETRY label=half_ks16 half_ks16 64x128 reg4x8 TC=16 KS=16 pages=2 fold=cell-serial local tpb=256 hwftz=True
GEMM_STEP_RESOURCES_BEGIN label=half_ks16 tile=64x128 reg=4x8 tc=16 ks=16 pages=2 lfold=True
GEMM_STEP_RESOURCES label=half_ks16 regs=226
GEMM_STEP_RESOURCES label=half_ks16 local=2176
GEMM_STEP_RESOURCES label=half_ks16 shared=30720
GEMM_STEP_RESOURCES label=half_ks16 const=0
GEMM_STEP_RESOURCES label=half_ks16 max_threads=256
GEMM_STEP_RESOURCES label=half_ks16 blocks_per_sm_256=1
GEMM_STEP_RESOURCES_GEOMETRY label=quarter quarter 64x64 reg4x4 TC=16 KS=32 pages=2 fold=cell-serial local tpb=256 hwftz=True
GEMM_STEP_RESOURCES_BEGIN label=quarter tile=64x64 reg=4x4 tc=16 ks=32 pages=2 lfold=True
GEMM_STEP_RESOURCES label=quarter regs=214
GEMM_STEP_RESOURCES label=quarter local=1088
GEMM_STEP_RESOURCES label=quarter shared=36864
GEMM_STEP_RESOURCES label=quarter const=0
GEMM_STEP_RESOURCES label=quarter max_threads=256
GEMM_STEP_RESOURCES label=quarter blocks_per_sm_256=1
GEMM_STEP_RESOURCES_GEOMETRY label=head_n head_n 32x256 reg4x8 TC=32 KS=16 pages=2 fold=cell-serial local tpb=256 hwftz=True
GEMM_STEP_RESOURCES_BEGIN label=head_n tile=32x256 reg=4x8 tc=32 ks=16 pages=2 lfold=True
GEMM_STEP_RESOURCES label=head_n regs=254
GEMM_STEP_RESOURCES label=head_n local=2176
GEMM_STEP_RESOURCES label=head_n shared=46080
GEMM_STEP_RESOURCES label=head_n const=0
GEMM_STEP_RESOURCES label=head_n max_threads=256
GEMM_STEP_RESOURCES label=head_n blocks_per_sm_256=1
GEMM_STEP_RESOURCES_GEOMETRY label=head_m head_m 256x32 reg8x4 TC=8 KS=16 pages=2 fold=cell-serial local tpb=256 hwftz=True
GEMM_STEP_RESOURCES_BEGIN label=head_m tile=256x32 reg=8x4 tc=8 ks=16 pages=2 lfold=True
GEMM_STEP_RESOURCES label=head_m regs=254
GEMM_STEP_RESOURCES label=head_m local=2176
GEMM_STEP_RESOURCES label=head_m shared=46080
GEMM_STEP_RESOURCES label=head_m const=0
GEMM_STEP_RESOURCES label=head_m max_threads=256
GEMM_STEP_RESOURCES label=head_m blocks_per_sm_256=1
GEMM_STEP_RESOURCES_GEOMETRY label=ksplit_128x128 ksplit 128x128 reg8x8 TC=16 KS=16 pages=2 fold=lane-wide local tpb=256 hwftz=True leaf groups on grid.y -> node workspace -> fold (block per cell <= 16384, else register stack) group rule S=132 slack=4
GEMM_STEP_RESOURCES_BEGIN label=ksplit_128x128 tile=128x128 reg=8x8 tc=16 ks=16 pages=2 groups=grid.y
GEMM_STEP_RESOURCES label=ksplit_128x128 regs=255
GEMM_STEP_RESOURCES label=ksplit_128x128 local=4096
GEMM_STEP_RESOURCES label=ksplit_128x128 shared=40960
GEMM_STEP_RESOURCES label=ksplit_128x128 const=0
GEMM_STEP_RESOURCES label=ksplit_128x128 max_threads=256
GEMM_STEP_RESOURCES label=ksplit_128x128 blocks_per_sm_256=1
GEMM_STEP_RESOURCES_GEOMETRY label=kpack kpack 128x128 reg8x8 TC=16 KS=16 page=packed(group,step,line) pad=0 align=4 page_bytes=16384 pages=2 load=per-step fold=lane-wide local FS=16 tpb=256 hwftz=True groups where its rule takes the call (S=132 slack=4), else all leaves in one launch
GEMM_STEP_RESOURCES_BEGIN label=kpack_all tile=128x128 reg=8x8 tc=16 ks=16 fs=16 pad=0 align=4 page_bytes=16384 pages=2 group=False
GEMM_STEP_RESOURCES label=kpack_all regs=255
GEMM_STEP_RESOURCES label=kpack_all local=4200
GEMM_STEP_RESOURCES label=kpack_all shared=32768
GEMM_STEP_RESOURCES label=kpack_all const=0
GEMM_STEP_RESOURCES label=kpack_all max_threads=256
GEMM_STEP_RESOURCES label=kpack_all blocks_per_sm_256=1
GEMM_STEP_RESOURCES_BEGIN label=kpack_group tile=128x128 reg=8x8 tc=16 ks=16 fs=16 pad=0 align=4 page_bytes=16384 pages=2 group=True
GEMM_STEP_RESOURCES label=kpack_group regs=255
GEMM_STEP_RESOURCES label=kpack_group local=4232
GEMM_STEP_RESOURCES label=kpack_group shared=32768
GEMM_STEP_RESOURCES label=kpack_group const=0
GEMM_STEP_RESOURCES label=kpack_group max_threads=256
GEMM_STEP_RESOURCES label=kpack_group blocks_per_sm_256=1
GEMM_STEP_RESOURCES_GEOMETRY label=kpack_pad kpack_pad 128x128 reg8x8 TC=16 KS=16 page=packed(group,step,line) pad=4 align=4 page_bytes=16896 pages=2 load=per-step fold=lane-wide local FS=16 tpb=256 hwftz=True groups where its rule takes the call (S=132 slack=4), else all leaves in one launch
GEMM_STEP_RESOURCES_BEGIN label=kpack_pad_all tile=128x128 reg=8x8 tc=16 ks=16 fs=16 pad=4 align=4 page_bytes=16896 pages=2 group=False
GEMM_STEP_RESOURCES label=kpack_pad_all regs=255
GEMM_STEP_RESOURCES label=kpack_pad_all local=4200
GEMM_STEP_RESOURCES label=kpack_pad_all shared=33792
GEMM_STEP_RESOURCES label=kpack_pad_all const=0
GEMM_STEP_RESOURCES label=kpack_pad_all max_threads=256
GEMM_STEP_RESOURCES label=kpack_pad_all blocks_per_sm_256=1
GEMM_STEP_RESOURCES_BEGIN label=kpack_pad_group tile=128x128 reg=8x8 tc=16 ks=16 fs=16 pad=4 align=4 page_bytes=16896 pages=2 group=True
GEMM_STEP_RESOURCES label=kpack_pad_group regs=255
GEMM_STEP_RESOURCES label=kpack_pad_group local=4240
GEMM_STEP_RESOURCES label=kpack_pad_group shared=33792
GEMM_STEP_RESOURCES label=kpack_pad_group const=0
GEMM_STEP_RESOURCES label=kpack_pad_group max_threads=256
GEMM_STEP_RESOURCES label=kpack_pad_group blocks_per_sm_256=1
GEMM_STEP_RESOURCES_GEOMETRY label=kpack_padv kpack_padv 128x128 reg8x8 TC=16 KS=16 page=packed(group,step,line) pad=4 align=16 page_bytes=16896 pages=2 load=per-step fold=lane-wide local FS=16 tpb=256 hwftz=True groups where its rule takes the call (S=132 slack=4), else all leaves in one launch
GEMM_STEP_RESOURCES_BEGIN label=kpack_padv_all tile=128x128 reg=8x8 tc=16 ks=16 fs=16 pad=4 align=16 page_bytes=16896 pages=2 group=False
GEMM_STEP_RESOURCES label=kpack_padv_all regs=255
GEMM_STEP_RESOURCES label=kpack_padv_all local=4200
GEMM_STEP_RESOURCES label=kpack_padv_all shared=33792
GEMM_STEP_RESOURCES label=kpack_padv_all const=0
GEMM_STEP_RESOURCES label=kpack_padv_all max_threads=256
GEMM_STEP_RESOURCES label=kpack_padv_all blocks_per_sm_256=1
GEMM_STEP_RESOURCES_BEGIN label=kpack_padv_group tile=128x128 reg=8x8 tc=16 ks=16 fs=16 pad=4 align=16 page_bytes=16896 pages=2 group=True
GEMM_STEP_RESOURCES label=kpack_padv_group regs=255
GEMM_STEP_RESOURCES label=kpack_padv_group local=4240
GEMM_STEP_RESOURCES label=kpack_padv_group shared=33792
GEMM_STEP_RESOURCES label=kpack_padv_group const=0
GEMM_STEP_RESOURCES label=kpack_padv_group max_threads=256
GEMM_STEP_RESOURCES label=kpack_padv_group blocks_per_sm_256=1
GEMM_STEP_RESOURCES_GEOMETRY label=kpack_hg kpack_hg 128x128 reg8x8 TC=16 KS=16 page=packed(group,step,line) pad=4 align=16 fold_flush=hw stage=gather page_bytes=16896 pages=2 load=per-step fold=lane-wide local FS=16 tpb=256 hwftz=True groups where its rule takes the call (S=132 slack=4), else all leaves in one launch
GEMM_STEP_RESOURCES_BEGIN label=kpack_hg_all tile=128x128 reg=8x8 tc=16 ks=16 fs=16 pad=4 align=16 page_bytes=16896 pages=2 group=False
GEMM_STEP_RESOURCES label=kpack_hg_all regs=255
GEMM_STEP_RESOURCES label=kpack_hg_all local=4096
GEMM_STEP_RESOURCES label=kpack_hg_all shared=33792
GEMM_STEP_RESOURCES label=kpack_hg_all const=0
GEMM_STEP_RESOURCES label=kpack_hg_all max_threads=256
GEMM_STEP_RESOURCES label=kpack_hg_all blocks_per_sm_256=1
GEMM_STEP_RESOURCES_BEGIN label=kpack_hg_group tile=128x128 reg=8x8 tc=16 ks=16 fs=16 pad=4 align=16 page_bytes=16896 pages=2 group=True
GEMM_STEP_RESOURCES label=kpack_hg_group regs=255
GEMM_STEP_RESOURCES label=kpack_hg_group local=4104
GEMM_STEP_RESOURCES label=kpack_hg_group shared=33792
GEMM_STEP_RESOURCES label=kpack_hg_group const=0
GEMM_STEP_RESOURCES label=kpack_hg_group max_threads=256
GEMM_STEP_RESOURCES label=kpack_hg_group blocks_per_sm_256=1
GEMM_STEP_RESOURCES_GEOMETRY label=kpack_wide kpack_wide 128x256 reg8x16 TC=16 KS=12 page=packed(group,step,line) pad=0 align=4 page_bytes=18432 pages=2 load=per-step fold=lane-wide local FS=12 tpb=256 hwftz=True groups where its rule takes the call (S=132 slack=4), else all leaves in one launch
GEMM_STEP_RESOURCES_BEGIN label=kpack_wide_all tile=128x256 reg=8x16 tc=16 ks=12 fs=12 pad=0 align=4 page_bytes=18432 pages=2 group=False
GEMM_STEP_RESOURCES label=kpack_wide_all regs=255
GEMM_STEP_RESOURCES label=kpack_wide_all local=6976
GEMM_STEP_RESOURCES label=kpack_wide_all shared=36864
GEMM_STEP_RESOURCES label=kpack_wide_all const=0
GEMM_STEP_RESOURCES label=kpack_wide_all max_threads=256
GEMM_STEP_RESOURCES label=kpack_wide_all blocks_per_sm_256=1
GEMM_STEP_RESOURCES_BEGIN label=kpack_wide_group tile=128x256 reg=8x16 tc=16 ks=12 fs=12 pad=0 align=4 page_bytes=18432 pages=2 group=True
GEMM_STEP_RESOURCES label=kpack_wide_group regs=255
GEMM_STEP_RESOURCES label=kpack_wide_group local=6976
GEMM_STEP_RESOURCES label=kpack_wide_group shared=36864
GEMM_STEP_RESOURCES label=kpack_wide_group const=0
GEMM_STEP_RESOURCES label=kpack_wide_group max_threads=256
GEMM_STEP_RESOURCES label=kpack_wide_group blocks_per_sm_256=1
GEMM_STEP_RESOURCES_GEOMETRY label=kfoldv kfoldv 128x128 reg8x8 TC=16 KS=16 pages=2 fold=lane-wide local tpb=256 hwftz=True leaf groups on grid.y -> node workspace -> LANE fold (16 cells per thread, register stack 8 levels, 2 group loads a batch, tpb=256, groups <= 255, else the shipped fold) group rule S=132 slack=4
GEMM_STEP_RESOURCES_BEGIN label=fold_stack_shipped fold=stack cells_per_thread=1 tpb=256
GEMM_STEP_RESOURCES label=fold_stack_shipped regs=38
GEMM_STEP_RESOURCES label=fold_stack_shipped local=0
GEMM_STEP_RESOURCES label=fold_stack_shipped shared=0
GEMM_STEP_RESOURCES label=fold_stack_shipped const=0
GEMM_STEP_RESOURCES label=fold_stack_shipped max_threads=1024
GEMM_STEP_RESOURCES label=fold_stack_shipped blocks_per_sm_256=6
GEMM_STEP_RESOURCES_BEGIN label=kfold_lanes fold=lanes cells_per_thread=16 fs=8 vb=2 tpb=256
GEMM_STEP_RESOURCES label=kfold_lanes regs=80
GEMM_STEP_RESOURCES label=kfold_lanes local=1008
GEMM_STEP_RESOURCES label=kfold_lanes shared=0
GEMM_STEP_RESOURCES label=kfold_lanes const=0
GEMM_STEP_RESOURCES label=kfold_lanes max_threads=768
GEMM_STEP_RESOURCES label=kfold_lanes blocks_per_sm_256=3
GEMM_STEP_RESOURCES_DONE
lm-kpack_gs-enwik8	witnesses_equal_baseline=True
lm-kpack_gs-enwik8	ratio_vs_shipped=0.9462	shipped_brackets=2
lm-kpack_gs-pilegithub	witnesses_equal_baseline=True
lm-kpack_gs-pilegithub	ratio_vs_shipped=0.9442	shipped_brackets=2
lm-kpack_hf-enwik8	witnesses_equal_baseline=True
lm-kpack_hf-enwik8	ratio_vs_shipped=0.9695	shipped_brackets=2
lm-kpack_hf-pilegithub	witnesses_equal_baseline=True
lm-kpack_hf-pilegithub	ratio_vs_shipped=0.9697	shipped_brackets=2
lm-kpack_hg-enwik8	witnesses_equal_baseline=True
lm-kpack_hg-enwik8	ratio_vs_shipped=0.9101	shipped_brackets=2
lm-kpack_hg-pilegithub	witnesses_equal_baseline=True
lm-kpack_hg-pilegithub	ratio_vs_shipped=0.9070	shipped_brackets=2
lm-shippedclose-enwik8	witnesses_equal_baseline=True
lm-shippedclose-pilegithub	witnesses_equal_baseline=True
verdict	kpack_gs	FLIP	geomean=0.9452	enwik8=0.9462	pilegithub=0.9442	quality=identical (every step witness equal to shipped)	arm_plan=kpack_gs on the calls it takes, else default=ksplit(S=132) else tuned128	shipped_plan=shipped: default=ksplit(S=132) else tuned128
verdict	kpack_hf	FLIP	geomean=0.9696	enwik8=0.9695	pilegithub=0.9697	quality=identical (every step witness equal to shipped)	arm_plan=kpack_hf on the calls it takes, else default=ksplit(S=132) else tuned128	shipped_plan=shipped: default=ksplit(S=132) else tuned128
verdict	kpack_hg	FLIP	geomean=0.9085	enwik8=0.9101	pilegithub=0.9070	quality=identical (every step witness equal to shipped)	arm_plan=kpack_hg on the calls it takes, else default=ksplit(S=132) else tuned128	shipped_plan=shipped: default=ksplit(S=132) else tuned128
build-check	0	104s
build-price	0	91s
build-resources	0	38s
step-check	0	10s
resources	0	1s
price-shipped	0	4s
price-kpack_padv	0	5s
price-kpack_hf	0	4s
price-kpack_gs	0	5s
price-kpack_hg	0	4s
build-binding-base	0	57s
build-binding-byte-lm	0	138s
corpus-enwik8	0	0s
corpus-pile-github	0	1s
lm-shipped-enwik8	0	72s
lmtiming-shipped-enwik8	0	43s
lm-kpack_hf-enwik8	0	71s
lmtiming-kpack_hf-enwik8	0	44s
lm-kpack_gs-enwik8	0	71s
lmtiming-kpack_gs-enwik8	0	43s
lm-kpack_hg-enwik8	0	71s
lmtiming-kpack_hg-enwik8	0	42s
lm-shippedclose-enwik8	0	71s
lm-shipped-pilegithub	0	70s
lmtiming-shipped-pilegithub	0	43s
lm-kpack_hf-pilegithub	0	70s
lmtiming-kpack_hf-pilegithub	0	42s
lm-kpack_gs-pilegithub	0	70s
lmtiming-kpack_gs-pilegithub	0	43s
lm-kpack_hg-pilegithub	0	70s
lmtiming-kpack_hg-pilegithub	0	43s
lm-shippedclose-pilegithub	0	71s
