{"event": "setup", "schema": "mojolearn.lm-step-memory-probe.v3", "shape": {"batch": 1, "length": 2048, "d_model": 768, "n_heads": 12, "n_kv": 12, "head_dim": 64, "intermediate": 2048, "n_layers": 12, "vocab_size": 50257}, "profile": "mojolearn.byte-lm.b1-l2048-d768-h12-kv12-hd64-ff2048-v50257-blocks12.fp32.v3", "parameters": 162147840, "n_tensors": 110, "tokens_per_step": 2048, "seed": 93261, "budget_seconds": 300.0, "resident": true, "step_result": "lean", "witness_every_step": false, "witness_source": "export_gradients(named=False) + export_state() once after the last untimed step", "corpus": {"path": "training/corpus/enwik8/input.txt", "sha256": "2b49720ec4d78c3c9fabaee6e4179a5e997302b3a70029f30f2d582218c024a8", "manifest_sha256": "c65094a4d6a494d2882d972c20138015b4a258b310d662d4be05fb7ba2e9b423", "bytes": 100000000, "source_url": "http://mattmahoney.net/dc/enwik8.zip", "schedule": "step k row b: bytes[(k*batch*length + b*length) % (bytes - length - 1) : +length+1] as int32; targets shifted one byte"}, "attention_arm": "stash_tiled_fgrid_r32_qres_pf_estash_dres_kvgrid_r32", "attention_arm_source": "binding", "attention_arm_requested": null, "attention_arm_default": "stash_tiled_fgrid_r32_qres_pf_estash_dres_kvgrid_r32", "attention_arm_is_default": true, "attention_arm_resolved_hd64": "stash_tiled_fgrid_r32_qres_pf_estash_dres_kvgrid_r32", "attention_arm_trial_build": false, "gemm_arm": "ksplit", "gemm_plan": "ksplit(S=110) where its rule takes the call, else default=kpack_hg body (2707) at ksplit(S=110) groups", "step_glue_arm": "optskip_noshadow_rows16", "step_glue_arm_requested": null, "step_glue_trial_build": false, "gemm_arm_requested": "ksplit", "attention_path_requested": null, "numeric_mode_env": "identical", "runtime": {"binding_file": "/root/mojolearn/python/mojolearn/identical/_mojolearn_byte_lm.so", "binding_sha256": "381f71daee2ea98129cbab44f5d9fc00ca28053ade283c63be4ef2d651348c96", "native_attention_arm": {"arm": "stash_tiled_fgrid_r32_qres_pf_estash_dres_kvgrid_r32", "default": "stash_tiled_fgrid_r32_qres_pf_estash_dres_kvgrid_r32", "resolved_hd64": "stash_tiled_fgrid_r32_qres_pf_estash_dres_kvgrid_r32", "trial_build": false}, "native_numeric_mode": 1, "native_profile": "mojolearn.byte-lm.b2-l32-d32-h4-kv2-ff64-v256-blocks2.fp32.v1", "native_step_glue_arm": {"arm": "optskip_noshadow_rows16", "trial_build": false}, "native_vendor": "hip", "source_scope": "available direct source files; binding SHA identifies the compiled artifact", "source_sha256": {"bindings/_mojolearn_byte_lm.mojo": "edffadedbeb8da29f0ed1de417934c49a8a00187ab4b77fa61e2e270ef23cbaf", "loaded_python_wrapper": "0ae6ca9951cc24c4510d38acf69ea127a4c2231d8ee923d6407ded3f5a50dc0a", "python/mojolearn/_byte_lm_config.py": "440ca11e33cfed741c8a812a8dac74ad4e938ab8e16f84ed2af5b61d3fbe56b8", "python/mojolearn/_byte_lm_impl.py": "0ae6ca9951cc24c4510d38acf69ea127a4c2231d8ee923d6407ded3f5a50dc0a", "python/mojolearn/language_model.py": "4e84ad0955cfc7b7dc0c884d1abcae7f59943d93bee337ac4a16b92be9718925", "training/byte_lm.mojo": "3ccdfcf6424fd0fba562e6e60b685dcce282dcb319e7867c826f391d102abd6f", "training/byte_lm_config.mojo": "bc5c9a9502793359fbbdd50c94e02b7bcd3f5c4295e1c35871efc774524a69b1"}, "schema": "small-byte-lm.run-metadata.v1", "qualification": "authored/unqualified", "profile": "mojolearn.byte-lm.b1-l2048-d768-h12-kv12-hd64-ff2048-v50257-blocks12.fp32.v3", "device_state_lifetime": "resident", "step_result": "lean", "last_export_step": 0, "config": {"lr": 0.0010000000474974513, "beta1": 0.8999999761581421, "beta2": 0.9990000128746033, "eps": 9.99999993922529e-09, "weight_decay": 0.009999999776482582, "kind": 2, "momentum": 0.0, "dampening": 0.0, "nesterov": false, "max_norm": 0.0}, "data_schedule": {"batches": "pinned corpus 2b49720ec4d78c3c9fabaee6e4179a5e997302b3a70029f30f2d582218c024a8", "fixture": "lm step memory probe", "seed": 93261}, "completed_steps": 0, "next_batch_index": 0}, "initial_parameters_sha256": "0e36d8d036d8c4cf9704babd096061006e48071187c793c6ee471e05b449572e", "host_before_first_call": {"vm_rss_bytes": 2747912192, "vm_hwm_bytes": 3396317184, "ru_maxrss_bytes": 3396317184, "boundary": "process host memory (Python + native + pinned staging); not device memory"}, "device_tool": "rocm-smi", "qualification": "complete-step probe at the named shape; not an opponent ratio, not a default gate", "t": 1789331120.6231394}
{"event": "step_start", "step": 1, "first_call_includes_setup": true, "ids_sha256": "c9cfaa8fb1358fb7f7b5a53eebd59b9abd169288153d3a4099b30d6703b5fef3", "t": 1789331120.6234558}
{"event": "step_end", "step": 1, "seconds": 11.42953928199995, "tokens_per_second": 179.18482534333958, "first_call_includes_setup": true, "timing_boundary": "public train_step call; native binding synchronizes the context before publishing outputs; includes host readbacks, validation and gradient copies", "step_result": "lean", "witnessed": false, "witness_export_seconds": null, "loss": 10.903326034545898, "sha256": {"loss": "a39d1a773245b9bb9f5a25aac121f308d875d0f0a5a7d827bc21552112023c71"}, "completed_steps": 1, "host": {"vm_rss_bytes": 2915176448, "vm_hwm_bytes": 8746266624, "ru_maxrss_bytes": 8746266624, "boundary": "process host memory (Python + native + pinned staging); not device memory"}, "device": {"tool": "rocm-smi", "peak_process_bytes": "unavailable", "peak_device_bytes": 189325770752, "device_total_bytes": 205822885888, "sample_interval_seconds": 0.2, "samples_total": 26, "errors_total": 0, "boundary": "vendor tool polled at the interval; peaks shorter than one interval are missed; device-wide used memory includes other processes; torch.cuda allocator statistics do not cover Mojo allocations and are not used"}, "t": 1789331132.0531936}
{"event": "final_witness", "step": 1, "completed_steps": 1, "sha256": {"gradients": "01d5fa4ae0299bbbd2de8f47d6d0d1e3c525c57b13cfa0244b130a7d7bb813f7", "parameters": "84f96dc296e50b8cea15b54787e7fbede994b0730ee5d3ed86c620cf539c05c9", "m": "b3fafccc62a0feab9ae135d3053054ea3ea8b131bbb0247959d212e13c727c0c", "v": "ae18e62bdf7a1dab7177ff4af00bf7d185845716e1af365e0bc52e362666a8f6", "flags": "360d579dbd14759b41afdf7fb5e80c0101e15150ae401d59f92a1e32d129f7cb"}, "export_seconds": 11.146341639999946, "source": "export_gradients(named=False) + export_state() once after the last untimed step", "t": 1789331143.1996439}
{"event": "component_timing_step_start", "timing_step": 1, "note": "MOJOLEARN_TRANSFORMER_TIMING=1; not a timing sample", "t": 1789331143.1998882}
timing step.py_tokens 0.21076300004096993 ms
timing step.py_tokens_bytes 8196 bytes
timing step.bind_scalar_admission 0.004901 ms
timing step.upload_inputs 0.157373 ms
timing step.upload_inputs_bytes 16384 bytes
timing step.unpack_weights 1.108098 ms
timing step.unpack_weights_bytes 648591360 bytes
timing step.embedding_forward 0.065574 ms
timing block.norm1 0.421828 ms
timing attn.qkv_proj 3.014513 ms
timing attn.rope_and_cache 0.095126 ms
timing attn.core 2.360656 ms
timing attn.o_proj 0.873015 ms
timing block.attention_total 6.349052 ms
timing block.mlp_and_residuals 8.064101 ms
timing block.norm1 0.408931 ms
timing attn.qkv_proj 2.599192 ms
timing attn.rope_and_cache 0.092463 ms
timing attn.core 2.241069 ms
timing attn.o_proj 0.873253 ms
timing block.attention_total 5.810759 ms
timing block.mlp_and_residuals 7.960694 ms
timing block.norm1 0.405618 ms
timing attn.qkv_proj 2.599412 ms
timing attn.rope_and_cache 0.090042 ms
timing attn.core 2.215885 ms
timing attn.o_proj 0.876433 ms
timing block.attention_total 5.786065 ms
timing block.mlp_and_residuals 7.951294 ms
timing block.norm1 0.406031 ms
timing attn.qkv_proj 2.577747 ms
timing attn.rope_and_cache 0.088853 ms
timing attn.core 2.211529 ms
timing attn.o_proj 0.878151 ms
timing block.attention_total 5.761194 ms
timing block.mlp_and_residuals 7.937453 ms
timing block.norm1 0.41384 ms
timing attn.qkv_proj 2.571147 ms
timing attn.rope_and_cache 0.08747 ms
timing attn.core 2.243825 ms
timing attn.o_proj 0.885788 ms
timing block.attention_total 5.793252 ms
timing block.mlp_and_residuals 7.953353 ms
timing block.norm1 0.412784 ms
timing attn.qkv_proj 2.584963 ms
timing attn.rope_and_cache 0.089358 ms
timing attn.core 2.233206 ms
timing attn.o_proj 0.899865 ms
timing block.attention_total 5.811288 ms
timing block.mlp_and_residuals 7.91425 ms
timing block.norm1 0.413234 ms
timing attn.qkv_proj 2.552613 ms
timing attn.rope_and_cache 0.08749 ms
timing attn.core 2.216456 ms
timing attn.o_proj 0.887793 ms
timing block.attention_total 5.747859 ms
timing block.mlp_and_residuals 7.939896 ms
timing block.norm1 0.41923 ms
timing attn.qkv_proj 2.551649 ms
timing attn.rope_and_cache 0.087179 ms
timing attn.core 2.201554 ms
timing attn.o_proj 0.872434 ms
timing block.attention_total 5.716331 ms
timing block.mlp_and_residuals 7.950673 ms
timing block.norm1 0.426725 ms
timing attn.qkv_proj 2.575356 ms
timing attn.rope_and_cache 0.087819 ms
timing attn.core 2.216098 ms
timing attn.o_proj 0.865326 ms
timing block.attention_total 5.748045 ms
timing block.mlp_and_residuals 8.024773 ms
timing block.norm1 0.418818 ms
timing attn.qkv_proj 2.563112 ms
timing attn.rope_and_cache 0.088109 ms
timing attn.core 2.22186 ms
timing attn.o_proj 0.872716 ms
timing block.attention_total 5.749875 ms
timing block.mlp_and_residuals 7.921966 ms
timing block.norm1 0.41223 ms
timing attn.qkv_proj 2.565701 ms
timing attn.rope_and_cache 0.088908 ms
timing attn.core 2.24089 ms
timing attn.o_proj 0.864386 ms
timing block.attention_total 5.763397 ms
timing block.mlp_and_residuals 7.926745 ms
timing block.norm1 0.408724 ms
timing attn.qkv_proj 2.548763 ms
timing attn.rope_and_cache 0.086436 ms
timing attn.core 2.231516 ms
timing attn.o_proj 0.878694 ms
timing block.attention_total 5.749521 ms
timing block.mlp_and_residuals 7.943412 ms
timing envelope.blocks_forward 170.286754 ms
timing step.head_forward 56.887965 ms
timing step.ce_refuse_scan 0.475713 ms
timing step.ce_refuse_scan_bytes 411705344 bytes
timing step.ce_refuse_scan_download_bytes 8192 bytes
timing step.ce_forward 1.454095 ms
timing step.loss_download 0.044834 ms
timing step.loss_download_bytes 4 bytes
timing step.ce_backward 0.753467 ms
timing step.head_backward_da 57.712534 ms
timing step.head_backward_db 59.115062 ms
timing bwd.before_attention 0.011357 ms
timing bwd.attention 5.428092 ms
timing bwd.after_attention 6.064798 ms
timing bwd.before_attention 0.011675 ms
timing bwd.attention 5.406333 ms
timing bwd.after_attention 6.054768 ms
timing bwd.before_attention 0.011987 ms
timing bwd.attention 5.389404 ms
timing bwd.after_attention 6.062727 ms
timing bwd.before_attention 0.016077 ms
timing bwd.attention 5.396502 ms
timing bwd.after_attention 6.001054 ms
timing bwd.before_attention 0.011533 ms
timing bwd.attention 5.400236 ms
timing bwd.after_attention 6.022838 ms
timing bwd.before_attention 0.011672 ms
timing bwd.attention 5.41334 ms
timing bwd.after_attention 6.024925 ms
timing bwd.before_attention 0.011401 ms
timing bwd.attention 5.385749 ms
timing bwd.after_attention 6.072476 ms
timing bwd.before_attention 0.01184 ms
timing bwd.attention 5.426995 ms
timing bwd.after_attention 6.022201 ms
timing bwd.before_attention 0.012022 ms
timing bwd.attention 5.415465 ms
timing bwd.after_attention 6.034577 ms
timing bwd.before_attention 0.013863 ms
timing bwd.attention 5.525292 ms
timing bwd.after_attention 6.095728 ms
timing bwd.before_attention 0.011588 ms
timing bwd.attention 5.425789 ms
timing bwd.after_attention 5.986257 ms
timing bwd.before_attention 0.011476 ms
timing bwd.attention 5.41539 ms
timing bwd.after_attention 6.036179 ms
timing envelope.blocks_backward 352.791766 ms
timing step.embedding_backward 7.692931 ms
timing step.pack_grads 1.026 ms
timing step.pack_grads_bytes 648591360 bytes
timing step.validate_grads_scan 0.597263 ms
timing step.validate_grads_scan_bytes 648591360 bytes
timing step.optimizer 1.656189 ms
timing step.validate_after_scan 2.552415 ms
timing step.validate_after_scan_bytes 2594365440 bytes
timing step.bind_final_sync 0.001361 ms
timing step.bind_publish 0.004469 ms
timing step.bind_publish_bytes 444 bytes
timing envelope.native_call 714.6381359998486 ms
timing step.py_flags 0.1148480000665586 ms
timing step.py_flags_bytes 440 bytes
{"event": "component_timing_step_end", "timing_step": 1, "seconds": 0.7150837260001026, "loss": 8.291571617126465, "t": 1789331143.9150264}
