1583 external/tcmalloc+/tcmalloc/internal/system_allocator.h:713] Warning: Unable to mbind memory (errno=1, base=0x586940000000, nodemask=2)
== bench/gemm_step_price_main.mojo [IDENTICAL] arm=shipped trial=True column=2 rounds=7 warmups=2 controls=False ==
DEFAULT gemm column=2 block_parallelism_row=132 ksplit_default=on trial_ksplit_S=132 shipped=[shipped DEFAULT kpack_hg body (DEVIATION 2707, kernel body row 1: padded aligned page, gather staging, hardware fold flush) on every call the TUNED 128x128 plan serves, ksplit groups (block parallelism row S=132 slack=4) where the group rule takes the call, else all leaves; other calls choose_gemm_plan's plan]
PLANLABEL arm=shipped label=shipped: default=kpack_hg body (2707) at ksplit(S=132) groups
timing=host-synchronized median ms; raw samples below; the BITS pass is not a warmup
TABLE call | op | m x n x k | per step | shipped plan (ran) | arm geometry | shipped launched blocks | arm blocks | shipped median ms | arm median ms | ratio | arm launched blocks | group leaves | shipped group leaves
BITS proj_fwd EQUAL cells=1572864 digest=0xdd3c876b6b377944
SAMPLE proj_fwd round=0 arm_first=False shipped_ns=251412 arm_ns=252727
SAMPLE proj_fwd round=1 arm_first=True shipped_ns=251596 arm_ns=251917
SAMPLE proj_fwd round=2 arm_first=False shipped_ns=252186 arm_ns=251906
SAMPLE proj_fwd round=3 arm_first=True shipped_ns=251389 arm_ns=251845
SAMPLE proj_fwd round=4 arm_first=False shipped_ns=251854 arm_ns=252484
SAMPLE proj_fwd round=5 arm_first=True shipped_ns=250848 arm_ns=251816
SAMPLE proj_fwd round=6 arm_first=False shipped_ns=251645 arm_ns=253541
PRICE gemm shipped proj_fwd shipped_ms=0.251596 arm_ms=0.251917 ratio=1.00127585494205 shipped_tflops=9.602374854926152 arm_tflops=9.590139228396655 shipped_launched_blocks=576 shipped_group_leaves=1 arm_launched_blocks=576 group_leaves=1 choose_plan=[TUNED 128x128 reg8x8 KS=16 fold=16 local tpb=256 hwftz=True (1-D grid, no swizzle)] shipped_plan=[DEFAULT kpack_hg body (DEVIATION 2707) kpack_hg 128x128 reg8x8 TC=16 KS=16 page=packed(group,step,line) pad=4 align=16 fold_flush=hw stage=gather page_bytes=16896 pages=2 load=per-step fold=lane-wide local FS=16 tpb=256 hwftz=True groups where its rule takes the call (S=132 slack=4), else all leaves in one launch leaves_per_group=1 groups=6] geometry=[shipped DEFAULT kpack_hg body (DEVIATION 2707, kernel body row 1: padded aligned page, gather staging, hardware fold flush) on every call the TUNED 128x128 plan serves, ksplit groups (block parallelism row S=132 slack=4) where the group rule takes the call, else all leaves; other calls choose_gemm_plan's plan]
TABLE proj_fwd | NT | 2048 x 768 x 768 | 48 | DEFAULT kpack_hg body (DEVIATION 2707) kpack_hg 128x128 reg8x8 TC=16 KS=16 page=packed(group,step,line) pad=4 align=16 fold_flush=hw stage=gather page_bytes=16896 pages=2 load=per-step fold=lane-wide local FS=16 tpb=256 hwftz=True groups where its rule takes the call (S=132 slack=4), else all leaves in one launch leaves_per_group=1 groups=6 | shipped DEFAULT kpack_hg body (DEVIATION 2707, kernel body row 1: padded aligned page, gather staging, hardware fold flush) on every call the TUNED 128x128 plan serves, ksplit groups (block parallelism row S=132 slack=4) where the group rule takes the call, else all leaves; other calls choose_gemm_plan's plan | 576 | 96 | 0.251596 | 0.251917 | 1.00127585494205 | 576 | 1 | 1
PHASEBITS proj_fwd EQUAL cells=1572864 phase_of=shipped_default_kpack_hg
PHASE gemm shipped proj_fwd phase_of=shipped_default_kpack_hg group_leaves=1 groups=6 launched_blocks=576 alloc_ms=0.002986 group_ms=0.193429 fold_ms=0.059884 sum_ms=0.256388 arm_ms=0.251917 shipped_ms=0.251596 (each phase host-synchronized; medians over 7 rounds)
BITS proj_dA EQUAL cells=1572864 digest=0x4a06fac1f8e83213
SAMPLE proj_dA round=0 arm_first=False shipped_ns=251229 arm_ns=253884
SAMPLE proj_dA round=1 arm_first=True shipped_ns=251585 arm_ns=251782
SAMPLE proj_dA round=2 arm_first=False shipped_ns=251124 arm_ns=252565
SAMPLE proj_dA round=3 arm_first=True shipped_ns=250767 arm_ns=251309
SAMPLE proj_dA round=4 arm_first=False shipped_ns=251633 arm_ns=251300
SAMPLE proj_dA round=5 arm_first=True shipped_ns=250763 arm_ns=251730
SAMPLE proj_dA round=6 arm_first=False shipped_ns=251622 arm_ns=251877
PRICE gemm shipped proj_dA shipped_ms=0.251229 arm_ms=0.251782 ratio=1.0022011790040164 shipped_tflops=9.616402182869017 arm_tflops=9.595281251241152 shipped_launched_blocks=576 shipped_group_leaves=1 arm_launched_blocks=576 group_leaves=1 choose_plan=[TUNED 128x128 reg8x8 KS=16 fold=16 local tpb=256 hwftz=True (1-D grid, no swizzle)] shipped_plan=[DEFAULT kpack_hg body (DEVIATION 2707) kpack_hg 128x128 reg8x8 TC=16 KS=16 page=packed(group,step,line) pad=4 align=16 fold_flush=hw stage=gather page_bytes=16896 pages=2 load=per-step fold=lane-wide local FS=16 tpb=256 hwftz=True groups where its rule takes the call (S=132 slack=4), else all leaves in one launch leaves_per_group=1 groups=6] geometry=[shipped DEFAULT kpack_hg body (DEVIATION 2707, kernel body row 1: padded aligned page, gather staging, hardware fold flush) on every call the TUNED 128x128 plan serves, ksplit groups (block parallelism row S=132 slack=4) where the group rule takes the call, else all leaves; other calls choose_gemm_plan's plan]
TABLE proj_dA | NN | 2048 x 768 x 768 | 48 | DEFAULT kpack_hg body (DEVIATION 2707) kpack_hg 128x128 reg8x8 TC=16 KS=16 page=packed(group,step,line) pad=4 align=16 fold_flush=hw stage=gather page_bytes=16896 pages=2 load=per-step fold=lane-wide local FS=16 tpb=256 hwftz=True groups where its rule takes the call (S=132 slack=4), else all leaves in one launch leaves_per_group=1 groups=6 | shipped DEFAULT kpack_hg body (DEVIATION 2707, kernel body row 1: padded aligned page, gather staging, hardware fold flush) on every call the TUNED 128x128 plan serves, ksplit groups (block parallelism row S=132 slack=4) where the group rule takes the call, else all leaves; other calls choose_gemm_plan's plan | 576 | 96 | 0.251229 | 0.251782 | 1.0022011790040164 | 576 | 1 | 1
PHASEBITS proj_dA EQUAL cells=1572864 phase_of=shipped_default_kpack_hg
PHASE gemm shipped proj_dA phase_of=shipped_default_kpack_hg group_leaves=1 groups=6 launched_blocks=576 alloc_ms=0.002955 group_ms=0.19291 fold_ms=0.059722 sum_ms=0.255517 arm_ms=0.251782 shipped_ms=0.251229 (each phase host-synchronized; medians over 7 rounds)
BITS proj_dB EQUAL cells=589824 digest=0x1da75dd594f0934a
SAMPLE proj_dB round=0 arm_first=False shipped_ns=243118 arm_ns=241822
SAMPLE proj_dB round=1 arm_first=True shipped_ns=243824 arm_ns=243006
SAMPLE proj_dB round=2 arm_first=False shipped_ns=242998 arm_ns=242171
SAMPLE proj_dB round=3 arm_first=True shipped_ns=244032 arm_ns=244019
SAMPLE proj_dB round=4 arm_first=False shipped_ns=243146 arm_ns=242981
SAMPLE proj_dB round=5 arm_first=True shipped_ns=244553 arm_ns=242766
SAMPLE proj_dB round=6 arm_first=False shipped_ns=244129 arm_ns=243591
PRICE gemm shipped proj_dB shipped_ms=0.243824 arm_ms=0.242981 ratio=0.9965425880963318 shipped_tflops=9.908454885491174 arm_tflops=9.942831348953211 shipped_launched_blocks=576 shipped_group_leaves=1 arm_launched_blocks=576 group_leaves=1 choose_plan=[TUNED 128x128 reg8x8 KS=16 fold=16 local tpb=256 hwftz=True (1-D grid, no swizzle)] shipped_plan=[DEFAULT kpack_hg body (DEVIATION 2707) kpack_hg 128x128 reg8x8 TC=16 KS=16 page=packed(group,step,line) pad=4 align=16 fold_flush=hw stage=gather page_bytes=16896 pages=2 load=per-step fold=lane-wide local FS=16 tpb=256 hwftz=True groups where its rule takes the call (S=132 slack=4), else all leaves in one launch leaves_per_group=1 groups=16] geometry=[shipped DEFAULT kpack_hg body (DEVIATION 2707, kernel body row 1: padded aligned page, gather staging, hardware fold flush) on every call the TUNED 128x128 plan serves, ksplit groups (block parallelism row S=132 slack=4) where the group rule takes the call, else all leaves; other calls choose_gemm_plan's plan]
TABLE proj_dB | TN | 768 x 768 x 2048 | 48 | DEFAULT kpack_hg body (DEVIATION 2707) kpack_hg 128x128 reg8x8 TC=16 KS=16 page=packed(group,step,line) pad=4 align=16 fold_flush=hw stage=gather page_bytes=16896 pages=2 load=per-step fold=lane-wide local FS=16 tpb=256 hwftz=True groups where its rule takes the call (S=132 slack=4), else all leaves in one launch leaves_per_group=1 groups=16 | shipped DEFAULT kpack_hg body (DEVIATION 2707, kernel body row 1: padded aligned page, gather staging, hardware fold flush) on every call the TUNED 128x128 plan serves, ksplit groups (block parallelism row S=132 slack=4) where the group rule takes the call, else all leaves; other calls choose_gemm_plan's plan | 576 | 36 | 0.243824 | 0.242981 | 0.9965425880963318 | 576 | 1 | 1
PHASEBITS proj_dB EQUAL cells=589824 phase_of=shipped_default_kpack_hg
PHASE gemm shipped proj_dB phase_of=shipped_default_kpack_hg group_leaves=1 groups=16 launched_blocks=576 alloc_ms=0.002959 group_ms=0.194569 fold_ms=0.050676 sum_ms=0.248111 arm_ms=0.242981 shipped_ms=0.243824 (each phase host-synchronized; medians over 7 rounds)
BITS gateup_fwd EQUAL cells=4194304 digest=0xe05cc5aa93a62891
SAMPLE gateup_fwd round=0 arm_first=False shipped_ns=442390 arm_ns=442185
SAMPLE gateup_fwd round=1 arm_first=True shipped_ns=441769 arm_ns=441500
SAMPLE gateup_fwd round=2 arm_first=False shipped_ns=442510 arm_ns=441812
SAMPLE gateup_fwd round=3 arm_first=True shipped_ns=441422 arm_ns=442348
SAMPLE gateup_fwd round=4 arm_first=False shipped_ns=442342 arm_ns=444034
SAMPLE gateup_fwd round=5 arm_first=True shipped_ns=443020 arm_ns=442501
SAMPLE gateup_fwd round=6 arm_first=False shipped_ns=442051 arm_ns=441179
PRICE gemm shipped gateup_fwd shipped_ms=0.442342 arm_ms=0.442185 ratio=0.9996450710084053 shipped_tflops=14.56441157294582 arm_tflops=14.569582740255775 shipped_launched_blocks=256 shipped_group_leaves=0 arm_launched_blocks=256 group_leaves=0 choose_plan=[TUNED 128x128 reg8x8 KS=16 fold=16 local tpb=256 hwftz=True (1-D grid, no swizzle)] shipped_plan=[DEFAULT kpack_hg body (DEVIATION 2707) kpack_hg 128x128 reg8x8 TC=16 KS=16 page=packed(group,step,line) pad=4 align=16 fold_flush=hw stage=gather page_bytes=16896 pages=2 load=per-step fold=lane-wide local FS=16 tpb=256 hwftz=True groups where its rule takes the call (S=132 slack=4), else all leaves in one launch all leaves in one launch] geometry=[shipped DEFAULT kpack_hg body (DEVIATION 2707, kernel body row 1: padded aligned page, gather staging, hardware fold flush) on every call the TUNED 128x128 plan serves, ksplit groups (block parallelism row S=132 slack=4) where the group rule takes the call, else all leaves; other calls choose_gemm_plan's plan]
TABLE gateup_fwd | NT | 2048 x 2048 x 768 | 24 | DEFAULT kpack_hg body (DEVIATION 2707) kpack_hg 128x128 reg8x8 TC=16 KS=16 page=packed(group,step,line) pad=4 align=16 fold_flush=hw stage=gather page_bytes=16896 pages=2 load=per-step fold=lane-wide local FS=16 tpb=256 hwftz=True groups where its rule takes the call (S=132 slack=4), else all leaves in one launch all leaves in one launch | shipped DEFAULT kpack_hg body (DEVIATION 2707, kernel body row 1: padded aligned page, gather staging, hardware fold flush) on every call the TUNED 128x128 plan serves, ksplit groups (block parallelism row S=132 slack=4) where the group rule takes the call, else all leaves; other calls choose_gemm_plan's plan | 256 | 256 | 0.442342 | 0.442185 | 0.9996450710084053 | 256 | 0 | 0
BITS gateup_dA EQUAL cells=1572864 digest=0x46dcce99fe75e276
SAMPLE gateup_dA round=0 arm_first=False shipped_ns=510243 arm_ns=507114
SAMPLE gateup_dA round=1 arm_first=True shipped_ns=508480 arm_ns=509207
SAMPLE gateup_dA round=2 arm_first=False shipped_ns=509185 arm_ns=509183
SAMPLE gateup_dA round=3 arm_first=True shipped_ns=508734 arm_ns=509115
SAMPLE gateup_dA round=4 arm_first=False shipped_ns=509786 arm_ns=509753
SAMPLE gateup_dA round=5 arm_first=True shipped_ns=507519 arm_ns=508030
SAMPLE gateup_dA round=6 arm_first=False shipped_ns=508756 arm_ns=508489
PRICE gemm shipped gateup_dA shipped_ms=0.508756 arm_ms=0.509115 ratio=1.000705642783574 shipped_tflops=12.663144894605665 arm_tflops=12.654215538728971 shipped_launched_blocks=768 shipped_group_leaves=2 arm_launched_blocks=768 group_leaves=2 choose_plan=[TUNED 128x128 reg8x8 KS=16 fold=16 local tpb=256 hwftz=True (1-D grid, no swizzle)] shipped_plan=[DEFAULT kpack_hg body (DEVIATION 2707) kpack_hg 128x128 reg8x8 TC=16 KS=16 page=packed(group,step,line) pad=4 align=16 fold_flush=hw stage=gather page_bytes=16896 pages=2 load=per-step fold=lane-wide local FS=16 tpb=256 hwftz=True groups where its rule takes the call (S=132 slack=4), else all leaves in one launch leaves_per_group=2 groups=8] geometry=[shipped DEFAULT kpack_hg body (DEVIATION 2707, kernel body row 1: padded aligned page, gather staging, hardware fold flush) on every call the TUNED 128x128 plan serves, ksplit groups (block parallelism row S=132 slack=4) where the group rule takes the call, else all leaves; other calls choose_gemm_plan's plan]
TABLE gateup_dA | NN | 2048 x 768 x 2048 | 24 | DEFAULT kpack_hg body (DEVIATION 2707) kpack_hg 128x128 reg8x8 TC=16 KS=16 page=packed(group,step,line) pad=4 align=16 fold_flush=hw stage=gather page_bytes=16896 pages=2 load=per-step fold=lane-wide local FS=16 tpb=256 hwftz=True groups where its rule takes the call (S=132 slack=4), else all leaves in one launch leaves_per_group=2 groups=8 | shipped DEFAULT kpack_hg body (DEVIATION 2707, kernel body row 1: padded aligned page, gather staging, hardware fold flush) on every call the TUNED 128x128 plan serves, ksplit groups (block parallelism row S=132 slack=4) where the group rule takes the call, else all leaves; other calls choose_gemm_plan's plan | 768 | 96 | 0.508756 | 0.509115 | 1.000705642783574 | 768 | 2 | 2
PHASEBITS gateup_dA EQUAL cells=1572864 phase_of=shipped_default_kpack_hg
PHASE gemm shipped gateup_dA phase_of=shipped_default_kpack_hg group_leaves=2 groups=8 launched_blocks=768 alloc_ms=0.00296 group_ms=0.440305 fold_ms=0.069401 sum_ms=0.512628 arm_ms=0.509115 shipped_ms=0.508756 (each phase host-synchronized; medians over 7 rounds)
BITS gateup_dB EQUAL cells=1572864 digest=0xb0d0047e75bc15a7
SAMPLE gateup_dB round=0 arm_first=False shipped_ns=509560 arm_ns=506222
SAMPLE gateup_dB round=1 arm_first=True shipped_ns=513061 arm_ns=507254
SAMPLE gateup_dB round=2 arm_first=False shipped_ns=508194 arm_ns=511501
SAMPLE gateup_dB round=3 arm_first=True shipped_ns=510583 arm_ns=508075
SAMPLE gateup_dB round=4 arm_first=False shipped_ns=508669 arm_ns=507279
SAMPLE gateup_dB round=5 arm_first=True shipped_ns=508510 arm_ns=507042
SAMPLE gateup_dB round=6 arm_first=False shipped_ns=507873 arm_ns=507690
PRICE gemm shipped gateup_dB shipped_ms=0.508669 arm_ms=0.507279 ratio=0.9972673781968234 shipped_tflops=12.665310730553658 arm_tflops=12.70001506863087 shipped_launched_blocks=768 shipped_group_leaves=2 arm_launched_blocks=768 group_leaves=2 choose_plan=[TUNED 128x128 reg8x8 KS=16 fold=16 local tpb=256 hwftz=True (1-D grid, no swizzle)] shipped_plan=[DEFAULT kpack_hg body (DEVIATION 2707) kpack_hg 128x128 reg8x8 TC=16 KS=16 page=packed(group,step,line) pad=4 align=16 fold_flush=hw stage=gather page_bytes=16896 pages=2 load=per-step fold=lane-wide local FS=16 tpb=256 hwftz=True groups where its rule takes the call (S=132 slack=4), else all leaves in one launch leaves_per_group=2 groups=8] geometry=[shipped DEFAULT kpack_hg body (DEVIATION 2707, kernel body row 1: padded aligned page, gather staging, hardware fold flush) on every call the TUNED 128x128 plan serves, ksplit groups (block parallelism row S=132 slack=4) where the group rule takes the call, else all leaves; other calls choose_gemm_plan's plan]
TABLE gateup_dB | TN | 2048 x 768 x 2048 | 24 | DEFAULT kpack_hg body (DEVIATION 2707) kpack_hg 128x128 reg8x8 TC=16 KS=16 page=packed(group,step,line) pad=4 align=16 fold_flush=hw stage=gather page_bytes=16896 pages=2 load=per-step fold=lane-wide local FS=16 tpb=256 hwftz=True groups where its rule takes the call (S=132 slack=4), else all leaves in one launch leaves_per_group=2 groups=8 | shipped DEFAULT kpack_hg body (DEVIATION 2707, kernel body row 1: padded aligned page, gather staging, hardware fold flush) on every call the TUNED 128x128 plan serves, ksplit groups (block parallelism row S=132 slack=4) where the group rule takes the call, else all leaves; other calls choose_gemm_plan's plan | 768 | 96 | 0.508669 | 0.507279 | 0.9972673781968234 | 768 | 2 | 2
PHASEBITS gateup_dB EQUAL cells=1572864 phase_of=shipped_default_kpack_hg
PHASE gemm shipped gateup_dB phase_of=shipped_default_kpack_hg group_leaves=2 groups=8 launched_blocks=768 alloc_ms=0.002985 group_ms=0.439706 fold_ms=0.069202 sum_ms=0.512207 arm_ms=0.507279 shipped_ms=0.508669 (each phase host-synchronized; medians over 7 rounds)
BITS down_fwd EQUAL cells=1572864 digest=0x63592259bcb93a54
SAMPLE down_fwd round=0 arm_first=False shipped_ns=513478 arm_ns=514150
SAMPLE down_fwd round=1 arm_first=True shipped_ns=514706 arm_ns=513898
SAMPLE down_fwd round=2 arm_first=False shipped_ns=513377 arm_ns=514037
SAMPLE down_fwd round=3 arm_first=True shipped_ns=513491 arm_ns=514008
SAMPLE down_fwd round=4 arm_first=False shipped_ns=513403 arm_ns=518608
SAMPLE down_fwd round=5 arm_first=True shipped_ns=522660 arm_ns=514370
SAMPLE down_fwd round=6 arm_first=False shipped_ns=516084 arm_ns=514891
PRICE gemm shipped down_fwd shipped_ms=0.513491 arm_ms=0.51415 ratio=1.0012833720552063 shipped_tflops=12.546375582045254 arm_tflops=12.53029455217349 shipped_launched_blocks=768 shipped_group_leaves=2 arm_launched_blocks=768 group_leaves=2 choose_plan=[TUNED 128x128 reg8x8 KS=16 fold=16 local tpb=256 hwftz=True (1-D grid, no swizzle)] shipped_plan=[DEFAULT kpack_hg body (DEVIATION 2707) kpack_hg 128x128 reg8x8 TC=16 KS=16 page=packed(group,step,line) pad=4 align=16 fold_flush=hw stage=gather page_bytes=16896 pages=2 load=per-step fold=lane-wide local FS=16 tpb=256 hwftz=True groups where its rule takes the call (S=132 slack=4), else all leaves in one launch leaves_per_group=2 groups=8] geometry=[shipped DEFAULT kpack_hg body (DEVIATION 2707, kernel body row 1: padded aligned page, gather staging, hardware fold flush) on every call the TUNED 128x128 plan serves, ksplit groups (block parallelism row S=132 slack=4) where the group rule takes the call, else all leaves; other calls choose_gemm_plan's plan]
TABLE down_fwd | NT | 2048 x 768 x 2048 | 12 | DEFAULT kpack_hg body (DEVIATION 2707) kpack_hg 128x128 reg8x8 TC=16 KS=16 page=packed(group,step,line) pad=4 align=16 fold_flush=hw stage=gather page_bytes=16896 pages=2 load=per-step fold=lane-wide local FS=16 tpb=256 hwftz=True groups where its rule takes the call (S=132 slack=4), else all leaves in one launch leaves_per_group=2 groups=8 | shipped DEFAULT kpack_hg body (DEVIATION 2707, kernel body row 1: padded aligned page, gather staging, hardware fold flush) on every call the TUNED 128x128 plan serves, ksplit groups (block parallelism row S=132 slack=4) where the group rule takes the call, else all leaves; other calls choose_gemm_plan's plan | 768 | 96 | 0.513491 | 0.51415 | 1.0012833720552063 | 768 | 2 | 2
PHASEBITS down_fwd EQUAL cells=1572864 phase_of=shipped_default_kpack_hg
PHASE gemm shipped down_fwd phase_of=shipped_default_kpack_hg group_leaves=2 groups=8 launched_blocks=768 alloc_ms=0.002965 group_ms=0.445681 fold_ms=0.069484 sum_ms=0.518698 arm_ms=0.51415 shipped_ms=0.513491 (each phase host-synchronized; medians over 7 rounds)
BITS down_dA EQUAL cells=4194304 digest=0x5b61bc9fe00905
SAMPLE down_dA round=0 arm_first=False shipped_ns=440909 arm_ns=440122
SAMPLE down_dA round=1 arm_first=True shipped_ns=441230 arm_ns=440680
SAMPLE down_dA round=2 arm_first=False shipped_ns=440740 arm_ns=439514
SAMPLE down_dA round=3 arm_first=True shipped_ns=439627 arm_ns=441479
SAMPLE down_dA round=4 arm_first=False shipped_ns=440211 arm_ns=440110
SAMPLE down_dA round=5 arm_first=True shipped_ns=440421 arm_ns=439549
SAMPLE down_dA round=6 arm_first=False shipped_ns=439407 arm_ns=443462
PRICE gemm shipped down_dA shipped_ms=0.440421 arm_ms=0.440122 ratio=0.999321104125371 shipped_tflops=14.62793768689504 arm_tflops=14.63787528003599 shipped_launched_blocks=256 shipped_group_leaves=0 arm_launched_blocks=256 group_leaves=0 choose_plan=[TUNED 128x128 reg8x8 KS=16 fold=16 local tpb=256 hwftz=True (1-D grid, no swizzle)] shipped_plan=[DEFAULT kpack_hg body (DEVIATION 2707) kpack_hg 128x128 reg8x8 TC=16 KS=16 page=packed(group,step,line) pad=4 align=16 fold_flush=hw stage=gather page_bytes=16896 pages=2 load=per-step fold=lane-wide local FS=16 tpb=256 hwftz=True groups where its rule takes the call (S=132 slack=4), else all leaves in one launch all leaves in one launch] geometry=[shipped DEFAULT kpack_hg body (DEVIATION 2707, kernel body row 1: padded aligned page, gather staging, hardware fold flush) on every call the TUNED 128x128 plan serves, ksplit groups (block parallelism row S=132 slack=4) where the group rule takes the call, else all leaves; other calls choose_gemm_plan's plan]
TABLE down_dA | NN | 2048 x 2048 x 768 | 12 | DEFAULT kpack_hg body (DEVIATION 2707) kpack_hg 128x128 reg8x8 TC=16 KS=16 page=packed(group,step,line) pad=4 align=16 fold_flush=hw stage=gather page_bytes=16896 pages=2 load=per-step fold=lane-wide local FS=16 tpb=256 hwftz=True groups where its rule takes the call (S=132 slack=4), else all leaves in one launch all leaves in one launch | shipped DEFAULT kpack_hg body (DEVIATION 2707, kernel body row 1: padded aligned page, gather staging, hardware fold flush) on every call the TUNED 128x128 plan serves, ksplit groups (block parallelism row S=132 slack=4) where the group rule takes the call, else all leaves; other calls choose_gemm_plan's plan | 256 | 256 | 0.440421 | 0.440122 | 0.999321104125371 | 256 | 0 | 0
BITS down_dB EQUAL cells=1572864 digest=0xa58e713f45edd8ed
SAMPLE down_dB round=0 arm_first=False shipped_ns=503696 arm_ns=503745
SAMPLE down_dB round=1 arm_first=True shipped_ns=504389 arm_ns=502058
SAMPLE down_dB round=2 arm_first=False shipped_ns=503320 arm_ns=502489
SAMPLE down_dB round=3 arm_first=True shipped_ns=501670 arm_ns=504286
SAMPLE down_dB round=4 arm_first=False shipped_ns=502869 arm_ns=504257
SAMPLE down_dB round=5 arm_first=True shipped_ns=508940 arm_ns=502821
SAMPLE down_dB round=6 arm_first=False shipped_ns=504369 arm_ns=503738
PRICE gemm shipped down_dB shipped_ms=0.503696 arm_ms=0.503738 ratio=1.0000833836282201 shipped_tflops=12.790355579555921 arm_tflops=12.78928916222322 shipped_launched_blocks=768 shipped_group_leaves=2 arm_launched_blocks=768 group_leaves=2 choose_plan=[TUNED 128x128 reg8x8 KS=16 fold=16 local tpb=256 hwftz=True (1-D grid, no swizzle)] shipped_plan=[DEFAULT kpack_hg body (DEVIATION 2707) kpack_hg 128x128 reg8x8 TC=16 KS=16 page=packed(group,step,line) pad=4 align=16 fold_flush=hw stage=gather page_bytes=16896 pages=2 load=per-step fold=lane-wide local FS=16 tpb=256 hwftz=True groups where its rule takes the call (S=132 slack=4), else all leaves in one launch leaves_per_group=2 groups=8] geometry=[shipped DEFAULT kpack_hg body (DEVIATION 2707, kernel body row 1: padded aligned page, gather staging, hardware fold flush) on every call the TUNED 128x128 plan serves, ksplit groups (block parallelism row S=132 slack=4) where the group rule takes the call, else all leaves; other calls choose_gemm_plan's plan]
TABLE down_dB | TN | 768 x 2048 x 2048 | 12 | DEFAULT kpack_hg body (DEVIATION 2707) kpack_hg 128x128 reg8x8 TC=16 KS=16 page=packed(group,step,line) pad=4 align=16 fold_flush=hw stage=gather page_bytes=16896 pages=2 load=per-step fold=lane-wide local FS=16 tpb=256 hwftz=True groups where its rule takes the call (S=132 slack=4), else all leaves in one launch leaves_per_group=2 groups=8 | shipped DEFAULT kpack_hg body (DEVIATION 2707, kernel body row 1: padded aligned page, gather staging, hardware fold flush) on every call the TUNED 128x128 plan serves, ksplit groups (block parallelism row S=132 slack=4) where the group rule takes the call, else all leaves; other calls choose_gemm_plan's plan | 768 | 96 | 0.503696 | 0.503738 | 1.0000833836282201 | 768 | 2 | 2
PHASEBITS down_dB EQUAL cells=1572864 phase_of=shipped_default_kpack_hg
PHASE gemm shipped down_dB phase_of=shipped_default_kpack_hg group_leaves=2 groups=8 launched_blocks=768 alloc_ms=0.002985 group_ms=0.435185 fold_ms=0.069016 sum_ms=0.507115 arm_ms=0.503738 shipped_ms=0.503696 (each phase host-synchronized; medians over 7 rounds)
BITS head_fwd EQUAL cells=102926336 digest=0xe1e8e917ef51cb67
SAMPLE head_fwd round=0 arm_first=False shipped_ns=10783289 arm_ns=10781442
SAMPLE head_fwd round=1 arm_first=True shipped_ns=10775351 arm_ns=10774197
SAMPLE head_fwd round=2 arm_first=False shipped_ns=10771784 arm_ns=10775395
SAMPLE head_fwd round=3 arm_first=True shipped_ns=10781122 arm_ns=10775545
SAMPLE head_fwd round=4 arm_first=False shipped_ns=10770493 arm_ns=10764152
SAMPLE head_fwd round=5 arm_first=True shipped_ns=10791769 arm_ns=10777441
SAMPLE head_fwd round=6 arm_first=False shipped_ns=10793314 arm_ns=10795760
PRICE gemm shipped head_fwd shipped_ms=10.781122 arm_ms=10.775545 ratio=0.9994827069019346 shipped_tflops=14.664044437675411 arm_tflops=14.671633972666811 shipped_launched_blocks=6288 shipped_group_leaves=0 arm_launched_blocks=6288 group_leaves=0 choose_plan=[TUNED 128x128 reg8x8 KS=16 fold=16 local tpb=256 hwftz=True (1-D grid, no swizzle)] shipped_plan=[DEFAULT kpack_hg body (DEVIATION 2707) kpack_hg 128x128 reg8x8 TC=16 KS=16 page=packed(group,step,line) pad=4 align=16 fold_flush=hw stage=gather page_bytes=16896 pages=2 load=per-step fold=lane-wide local FS=16 tpb=256 hwftz=True groups where its rule takes the call (S=132 slack=4), else all leaves in one launch all leaves in one launch] geometry=[shipped DEFAULT kpack_hg body (DEVIATION 2707, kernel body row 1: padded aligned page, gather staging, hardware fold flush) on every call the TUNED 128x128 plan serves, ksplit groups (block parallelism row S=132 slack=4) where the group rule takes the call, else all leaves; other calls choose_gemm_plan's plan]
TABLE head_fwd | NT | 2048 x 50257 x 768 | 1 | DEFAULT kpack_hg body (DEVIATION 2707) kpack_hg 128x128 reg8x8 TC=16 KS=16 page=packed(group,step,line) pad=4 align=16 fold_flush=hw stage=gather page_bytes=16896 pages=2 load=per-step fold=lane-wide local FS=16 tpb=256 hwftz=True groups where its rule takes the call (S=132 slack=4), else all leaves in one launch all leaves in one launch | shipped DEFAULT kpack_hg body (DEVIATION 2707, kernel body row 1: padded aligned page, gather staging, hardware fold flush) on every call the TUNED 128x128 plan serves, ksplit groups (block parallelism row S=132 slack=4) where the group rule takes the call, else all leaves; other calls choose_gemm_plan's plan | 6288 | 6288 | 10.781122 | 10.775545 | 0.9994827069019346 | 6288 | 0 | 0
BITS head_dA EQUAL cells=1572864 digest=0x287761cb23fe7292
SAMPLE head_dA round=0 arm_first=False shipped_ns=11622212 arm_ns=11540719
SAMPLE head_dA round=1 arm_first=True shipped_ns=11633224 arm_ns=11495348
SAMPLE head_dA round=2 arm_first=False shipped_ns=11579515 arm_ns=11606830
SAMPLE head_dA round=3 arm_first=True shipped_ns=11547572 arm_ns=11524555
SAMPLE head_dA round=4 arm_first=False shipped_ns=11549203 arm_ns=11541412
SAMPLE head_dA round=5 arm_first=True shipped_ns=11449879 arm_ns=11606706
SAMPLE head_dA round=6 arm_first=False shipped_ns=11595322 arm_ns=11555348
PRICE gemm shipped head_dA shipped_ms=11.579515 arm_ms=11.541412 ratio=0.9967094476754854 shipped_tflops=13.652977011213336 arm_tflops=13.698051165316688 shipped_launched_blocks=672 shipped_group_leaves=64 arm_launched_blocks=672 group_leaves=64 choose_plan=[TUNED 128x128 reg8x8 KS=16 fold=16 local tpb=256 hwftz=True (1-D grid, no swizzle)] shipped_plan=[DEFAULT kpack_hg body (DEVIATION 2707) kpack_hg 128x128 reg8x8 TC=16 KS=16 page=packed(group,step,line) pad=4 align=16 fold_flush=hw stage=gather page_bytes=16896 pages=2 load=per-step fold=lane-wide local FS=16 tpb=256 hwftz=True groups where its rule takes the call (S=132 slack=4), else all leaves in one launch leaves_per_group=64 groups=7] geometry=[shipped DEFAULT kpack_hg body (DEVIATION 2707, kernel body row 1: padded aligned page, gather staging, hardware fold flush) on every call the TUNED 128x128 plan serves, ksplit groups (block parallelism row S=132 slack=4) where the group rule takes the call, else all leaves; other calls choose_gemm_plan's plan]
TABLE head_dA | NN | 2048 x 768 x 50257 | 1 | DEFAULT kpack_hg body (DEVIATION 2707) kpack_hg 128x128 reg8x8 TC=16 KS=16 page=packed(group,step,line) pad=4 align=16 fold_flush=hw stage=gather page_bytes=16896 pages=2 load=per-step fold=lane-wide local FS=16 tpb=256 hwftz=True groups where its rule takes the call (S=132 slack=4), else all leaves in one launch leaves_per_group=64 groups=7 | shipped DEFAULT kpack_hg body (DEVIATION 2707, kernel body row 1: padded aligned page, gather staging, hardware fold flush) on every call the TUNED 128x128 plan serves, ksplit groups (block parallelism row S=132 slack=4) where the group rule takes the call, else all leaves; other calls choose_gemm_plan's plan | 672 | 96 | 11.579515 | 11.541412 | 0.9967094476754854 | 672 | 64 | 64
PHASEBITS head_dA EQUAL cells=1572864 phase_of=shipped_default_kpack_hg
PHASE gemm shipped head_dA phase_of=shipped_default_kpack_hg group_leaves=64 groups=7 launched_blocks=672 alloc_ms=0.003062 group_ms=11.475221 fold_ms=0.067397 sum_ms=11.54724 arm_ms=11.541412 shipped_ms=11.579515 (each phase host-synchronized; medians over 7 rounds)
BITS head_dB EQUAL cells=38597376 digest=0x48cf871761b383a8
SAMPLE head_dB round=0 arm_first=False shipped_ns=10327473 arm_ns=10332870
SAMPLE head_dB round=1 arm_first=True shipped_ns=10330798 arm_ns=10332226
SAMPLE head_dB round=2 arm_first=False shipped_ns=10333401 arm_ns=10331152
SAMPLE head_dB round=3 arm_first=True shipped_ns=10325949 arm_ns=10327687
SAMPLE head_dB round=4 arm_first=False shipped_ns=10331322 arm_ns=10325908
SAMPLE head_dB round=5 arm_first=True shipped_ns=10327913 arm_ns=10331007
SAMPLE head_dB round=6 arm_first=False shipped_ns=10328108 arm_ns=10334398
PRICE gemm shipped head_dB shipped_ms=10.328108 arm_ms=10.331152 ratio=1.000294729683307 shipped_tflops=15.307242342547154 arm_tflops=15.302732173140033 shipped_launched_blocks=2358 shipped_group_leaves=0 arm_launched_blocks=2358 group_leaves=0 choose_plan=[TUNED 128x128 reg8x8 KS=16 fold=16 local tpb=256 hwftz=True (1-D grid, no swizzle)] shipped_plan=[DEFAULT kpack_hg body (DEVIATION 2707) kpack_hg 128x128 reg8x8 TC=16 KS=16 page=packed(group,step,line) pad=4 align=16 fold_flush=hw stage=gather page_bytes=16896 pages=2 load=per-step fold=lane-wide local FS=16 tpb=256 hwftz=True groups where its rule takes the call (S=132 slack=4), else all leaves in one launch all leaves in one launch] geometry=[shipped DEFAULT kpack_hg body (DEVIATION 2707, kernel body row 1: padded aligned page, gather staging, hardware fold flush) on every call the TUNED 128x128 plan serves, ksplit groups (block parallelism row S=132 slack=4) where the group rule takes the call, else all leaves; other calls choose_gemm_plan's plan]
TABLE head_dB | TN | 50257 x 768 x 2048 | 1 | DEFAULT kpack_hg body (DEVIATION 2707) kpack_hg 128x128 reg8x8 TC=16 KS=16 page=packed(group,step,line) pad=4 align=16 fold_flush=hw stage=gather page_bytes=16896 pages=2 load=per-step fold=lane-wide local FS=16 tpb=256 hwftz=True groups where its rule takes the call (S=132 slack=4), else all leaves in one launch all leaves in one launch | shipped DEFAULT kpack_hg body (DEVIATION 2707, kernel body row 1: padded aligned page, gather staging, hardware fold flush) on every call the TUNED 128x128 plan serves, ksplit groups (block parallelism row S=132 slack=4) where the group rule takes the call, else all leaves; other calls choose_gemm_plan's plan | 2358 | 2358 | 10.328108 | 10.331152 | 1.000294729683307 | 2358 | 0 | 0
STEP gemm arm=shipped ratio=0.9994809241568946 shipped_ms=121.053601 arm_ms=120.99076499999998 calls=12 moved=0 (per-call medians weighted by per-step counts; a GEMM sum, not a step time)
