{"event": "setup", "schema": "mojolearn.lm-step-memory-probe.v3", "shape": {"batch": 1, "length": 2048, "d_model": 768, "n_heads": 12, "n_kv": 12, "head_dim": 64, "intermediate": 2048, "n_layers": 12, "vocab_size": 50257}, "profile": "mojolearn.byte-lm.b1-l2048-d768-h12-kv12-hd64-ff2048-v50257-blocks12.fp32.v3", "parameters": 162147840, "n_tensors": 110, "tokens_per_step": 2048, "seed": 93261, "budget_seconds": 300.0, "resident": true, "step_result": "lean", "witness_every_step": false, "witness_source": "export_gradients(named=False) + export_state() once after the last untimed step", "corpus": {"path": "training/corpus/enwik8/input.txt", "sha256": "2b49720ec4d78c3c9fabaee6e4179a5e997302b3a70029f30f2d582218c024a8", "manifest_sha256": "c65094a4d6a494d2882d972c20138015b4a258b310d662d4be05fb7ba2e9b423", "bytes": 100000000, "source_url": "http://mattmahoney.net/dc/enwik8.zip", "schedule": "step k row b: bytes[(k*batch*length + b*length) % (bytes - length - 1) : +length+1] as int32; targets shifted one byte"}, "attention_arm": "stash_tiled_fgrid_r32_qres_pf_estash_dres_kvgrid_r32", "attention_arm_source": "binding", "attention_arm_requested": null, "attention_arm_default": "stash_tiled_fgrid_r32_qres_pf_estash_dres_kvgrid_r32", "attention_arm_is_default": true, "attention_arm_resolved_hd64": "stash_tiled_fgrid_r32_qres_pf_estash_dres_kvgrid_r32", "attention_arm_trial_build": false, "gemm_arm": "shipped", "gemm_plan": "shipped: default=kpack_hg body (2707) at ksplit(S=110) groups", "step_glue_arm": "optskip_noshadow_rows16", "step_glue_arm_requested": null, "step_glue_trial_build": false, "gemm_arm_requested": "shipped", "attention_path_requested": null, "numeric_mode_env": "identical", "runtime": {"binding_file": "/root/mojolearn/python/mojolearn/identical/_mojolearn_byte_lm.so", "binding_sha256": "381f71daee2ea98129cbab44f5d9fc00ca28053ade283c63be4ef2d651348c96", "native_attention_arm": {"arm": "stash_tiled_fgrid_r32_qres_pf_estash_dres_kvgrid_r32", "default": "stash_tiled_fgrid_r32_qres_pf_estash_dres_kvgrid_r32", "resolved_hd64": "stash_tiled_fgrid_r32_qres_pf_estash_dres_kvgrid_r32", "trial_build": false}, "native_numeric_mode": 1, "native_profile": "mojolearn.byte-lm.b2-l32-d32-h4-kv2-ff64-v256-blocks2.fp32.v1", "native_step_glue_arm": {"arm": "optskip_noshadow_rows16", "trial_build": false}, "native_vendor": "hip", "source_scope": "available direct source files; binding SHA identifies the compiled artifact", "source_sha256": {"bindings/_mojolearn_byte_lm.mojo": "edffadedbeb8da29f0ed1de417934c49a8a00187ab4b77fa61e2e270ef23cbaf", "loaded_python_wrapper": "0ae6ca9951cc24c4510d38acf69ea127a4c2231d8ee923d6407ded3f5a50dc0a", "python/mojolearn/_byte_lm_config.py": "440ca11e33cfed741c8a812a8dac74ad4e938ab8e16f84ed2af5b61d3fbe56b8", "python/mojolearn/_byte_lm_impl.py": "0ae6ca9951cc24c4510d38acf69ea127a4c2231d8ee923d6407ded3f5a50dc0a", "python/mojolearn/language_model.py": "4e84ad0955cfc7b7dc0c884d1abcae7f59943d93bee337ac4a16b92be9718925", "training/byte_lm.mojo": "3ccdfcf6424fd0fba562e6e60b685dcce282dcb319e7867c826f391d102abd6f", "training/byte_lm_config.mojo": "bc5c9a9502793359fbbdd50c94e02b7bcd3f5c4295e1c35871efc774524a69b1"}, "schema": "small-byte-lm.run-metadata.v1", "qualification": "authored/unqualified", "profile": "mojolearn.byte-lm.b1-l2048-d768-h12-kv12-hd64-ff2048-v50257-blocks12.fp32.v3", "device_state_lifetime": "resident", "step_result": "lean", "last_export_step": 0, "config": {"lr": 0.0010000000474974513, "beta1": 0.8999999761581421, "beta2": 0.9990000128746033, "eps": 9.99999993922529e-09, "weight_decay": 0.009999999776482582, "kind": 2, "momentum": 0.0, "dampening": 0.0, "nesterov": false, "max_norm": 0.0}, "data_schedule": {"batches": "pinned corpus 2b49720ec4d78c3c9fabaee6e4179a5e997302b3a70029f30f2d582218c024a8", "fixture": "lm step memory probe", "seed": 93261}, "completed_steps": 0, "next_batch_index": 0}, "initial_parameters_sha256": "0e36d8d036d8c4cf9704babd096061006e48071187c793c6ee471e05b449572e", "host_before_first_call": {"vm_rss_bytes": 2747756544, "vm_hwm_bytes": 3396059136, "ru_maxrss_bytes": 3396059136, "boundary": "process host memory (Python + native + pinned staging); not device memory"}, "device_tool": "rocm-smi", "qualification": "complete-step probe at the named shape; not an opponent ratio, not a default gate", "t": 1789331027.399669}
{"event": "step_start", "step": 1, "first_call_includes_setup": true, "ids_sha256": "c9cfaa8fb1358fb7f7b5a53eebd59b9abd169288153d3a4099b30d6703b5fef3", "t": 1789331027.399949}
{"event": "step_end", "step": 1, "seconds": 11.383742337000058, "tokens_per_second": 179.9056882501178, "first_call_includes_setup": true, "timing_boundary": "public train_step call; native binding synchronizes the context before publishing outputs; includes host readbacks, validation and gradient copies", "step_result": "lean", "witnessed": false, "witness_export_seconds": null, "loss": 10.903326034545898, "sha256": {"loss": "a39d1a773245b9bb9f5a25aac121f308d875d0f0a5a7d827bc21552112023c71"}, "completed_steps": 1, "host": {"vm_rss_bytes": 2914779136, "vm_hwm_bytes": 8745885696, "ru_maxrss_bytes": 8745885696, "boundary": "process host memory (Python + native + pinned staging); not device memory"}, "device": {"tool": "rocm-smi", "peak_process_bytes": "unavailable", "peak_device_bytes": 192544890880, "device_total_bytes": 205822885888, "sample_interval_seconds": 0.2, "samples_total": 26, "errors_total": 0, "boundary": "vendor tool polled at the interval; peaks shorter than one interval are missed; device-wide used memory includes other processes; torch.cuda allocator statistics do not cover Mojo allocations and are not used"}, "t": 1789331038.783876}
{"event": "final_witness", "step": 1, "completed_steps": 1, "sha256": {"gradients": "01d5fa4ae0299bbbd2de8f47d6d0d1e3c525c57b13cfa0244b130a7d7bb813f7", "parameters": "84f96dc296e50b8cea15b54787e7fbede994b0730ee5d3ed86c620cf539c05c9", "m": "b3fafccc62a0feab9ae135d3053054ea3ea8b131bbb0247959d212e13c727c0c", "v": "ae18e62bdf7a1dab7177ff4af00bf7d185845716e1af365e0bc52e362666a8f6", "flags": "360d579dbd14759b41afdf7fb5e80c0101e15150ae401d59f92a1e32d129f7cb"}, "export_seconds": 11.100280522000048, "source": "export_gradients(named=False) + export_state() once after the last untimed step", "t": 1789331049.8842666}
{"event": "component_timing_step_start", "timing_step": 1, "note": "MOJOLEARN_TRANSFORMER_TIMING=1; not a timing sample", "t": 1789331049.8844695}
timing step.py_tokens 0.19133499995405145 ms
timing step.py_tokens_bytes 8196 bytes
timing step.bind_scalar_admission 0.005078 ms
timing step.upload_inputs 0.168342 ms
timing step.upload_inputs_bytes 16384 bytes
timing step.unpack_weights 1.136314 ms
timing step.unpack_weights_bytes 648591360 bytes
timing step.embedding_forward 0.0609 ms
timing block.norm1 0.416903 ms
timing attn.qkv_proj 3.095029 ms
timing attn.rope_and_cache 0.096631 ms
timing attn.core 2.514104 ms
timing attn.o_proj 0.908696 ms
timing block.attention_total 6.619925 ms
timing block.mlp_and_residuals 8.086147 ms
timing block.norm1 0.416777 ms
timing attn.qkv_proj 2.644894 ms
timing attn.rope_and_cache 0.090188 ms
timing attn.core 2.273964 ms
timing attn.o_proj 0.902353 ms
timing block.attention_total 5.915905 ms
timing block.mlp_and_residuals 8.062411 ms
timing block.norm1 0.415246 ms
timing attn.qkv_proj 2.650024 ms
timing attn.rope_and_cache 0.086228 ms
timing attn.core 2.22279 ms
timing attn.o_proj 0.895441 ms
timing block.attention_total 5.859414 ms
timing block.mlp_and_residuals 8.038211 ms
timing block.norm1 0.414497 ms
timing attn.qkv_proj 2.655873 ms
timing attn.rope_and_cache 0.085806 ms
timing attn.core 2.191346 ms
timing attn.o_proj 0.892151 ms
timing block.attention_total 5.82928 ms
timing block.mlp_and_residuals 7.956791 ms
timing block.norm1 0.419399 ms
timing attn.qkv_proj 2.646665 ms
timing attn.rope_and_cache 0.088651 ms
timing attn.core 2.225931 ms
timing attn.o_proj 0.908246 ms
timing block.attention_total 5.873869 ms
timing block.mlp_and_residuals 7.934695 ms
timing block.norm1 0.412671 ms
timing attn.qkv_proj 2.643582 ms
timing attn.rope_and_cache 0.086671 ms
timing attn.core 2.258877 ms
timing attn.o_proj 0.906526 ms
timing block.attention_total 5.899976 ms
timing block.mlp_and_residuals 7.964843 ms
timing block.norm1 0.432375 ms
timing attn.qkv_proj 2.6387 ms
timing attn.rope_and_cache 0.085808 ms
timing attn.core 2.256571 ms
timing attn.o_proj 0.879604 ms
timing block.attention_total 5.864747 ms
timing block.mlp_and_residuals 8.081026 ms
timing block.norm1 0.418178 ms
timing attn.qkv_proj 2.656713 ms
timing attn.rope_and_cache 0.08837 ms
timing attn.core 2.197696 ms
timing attn.o_proj 0.891115 ms
timing block.attention_total 5.837516 ms
timing block.mlp_and_residuals 7.974865 ms
timing block.norm1 0.422944 ms
timing attn.qkv_proj 2.636864 ms
timing attn.rope_and_cache 0.092866 ms
timing attn.core 2.238196 ms
timing attn.o_proj 0.899282 ms
timing block.attention_total 5.870601 ms
timing block.mlp_and_residuals 7.989086 ms
timing block.norm1 0.414736 ms
timing attn.qkv_proj 2.673502 ms
timing attn.rope_and_cache 0.087149 ms
timing attn.core 2.208538 ms
timing attn.o_proj 0.888769 ms
timing block.attention_total 5.86216 ms
timing block.mlp_and_residuals 8.01357 ms
timing block.norm1 0.419421 ms
timing attn.qkv_proj 2.640861 ms
timing attn.rope_and_cache 0.087319 ms
timing attn.core 2.224841 ms
timing attn.o_proj 0.882525 ms
timing block.attention_total 5.83872 ms
timing block.mlp_and_residuals 7.99298 ms
timing block.norm1 0.408003 ms
timing attn.qkv_proj 2.643055 ms
timing attn.rope_and_cache 0.084659 ms
timing attn.core 2.258899 ms
timing attn.o_proj 0.903439 ms
timing block.attention_total 5.893813 ms
timing block.mlp_and_residuals 7.962184 ms
timing envelope.blocks_forward 172.286235 ms
timing step.head_forward 55.809053 ms
timing step.ce_refuse_scan 0.440342 ms
timing step.ce_refuse_scan_bytes 411705344 bytes
timing step.ce_refuse_scan_download_bytes 8192 bytes
timing step.ce_forward 1.449109 ms
timing step.loss_download 0.040021 ms
timing step.loss_download_bytes 4 bytes
timing step.ce_backward 0.738058 ms
timing step.head_backward_da 57.487269 ms
timing step.head_backward_db 57.328334 ms
timing bwd.before_attention 0.011502 ms
timing bwd.attention 5.40528 ms
timing bwd.after_attention 5.64487 ms
timing bwd.before_attention 0.011426 ms
timing bwd.attention 5.402173 ms
timing bwd.after_attention 5.633777 ms
timing bwd.before_attention 0.011824 ms
timing bwd.attention 5.414989 ms
timing bwd.after_attention 5.674024 ms
timing bwd.before_attention 0.012386 ms
timing bwd.attention 5.435226 ms
timing bwd.after_attention 5.628857 ms
timing bwd.before_attention 0.011574 ms
timing bwd.attention 5.426291 ms
timing bwd.after_attention 5.658639 ms
timing bwd.before_attention 0.011418 ms
timing bwd.attention 5.400137 ms
timing bwd.after_attention 5.569923 ms
timing bwd.before_attention 0.011442 ms
timing bwd.attention 5.366176 ms
timing bwd.after_attention 5.639006 ms
timing bwd.before_attention 0.011252 ms
timing bwd.attention 5.40251 ms
timing bwd.after_attention 5.651587 ms
timing bwd.before_attention 0.011352 ms
timing bwd.attention 5.406229 ms
timing bwd.after_attention 5.664349 ms
timing bwd.before_attention 0.011407 ms
timing bwd.attention 5.42407 ms
timing bwd.after_attention 5.613503 ms
timing bwd.before_attention 0.016126 ms
timing bwd.attention 5.378741 ms
timing bwd.after_attention 5.654249 ms
timing bwd.before_attention 0.011434 ms
timing bwd.attention 5.389869 ms
timing bwd.after_attention 5.599774 ms
timing envelope.blocks_backward 333.087553 ms
timing step.embedding_backward 7.789397 ms
timing step.pack_grads 1.020536 ms
timing step.pack_grads_bytes 648591360 bytes
timing step.validate_grads_scan 0.597403 ms
timing step.validate_grads_scan_bytes 648591360 bytes
timing step.optimizer 1.648482 ms
timing step.validate_after_scan 2.569674 ms
timing step.validate_after_scan_bytes 2594365440 bytes
timing step.bind_final_sync 0.001071 ms
timing step.bind_publish 0.004203 ms
timing step.bind_publish_bytes 444 bytes
timing envelope.native_call 693.8895230000526 ms
timing step.py_flags 0.10026099994320248 ms
timing step.py_flags_bytes 440 bytes
{"event": "component_timing_step_end", "timing_step": 1, "seconds": 0.6942866089998461, "loss": 8.291571617126465, "t": 1789331050.5788038}
