mac_slot: admitted after 0.001s
tokenizer/impl/unicode_table_generated.mojo: written (unicodedata 16.0.0, sha256 ad4e106533e0f7ef)
byte_lm: exit 0, 8.8s
forest: exit 0, 7.2s
tokenizer: exit 0, 5.4s
neural: exit 0, 10.1s
core: exit 0, 8.8s
linalg: exit 0, 4.8s
estimators: exit 0, 9.4s
metrics: exit 0, 11.6s
preprocessing: exit 0, 3.9s
tsa: exit 0, 5.1s
solver: exit 0, 4.8s
svm: exit 0, 6.4s
trees: exit 0, 8.4s
rf: exit 0, 7.6s
gp: exit 0, 7.6s
kernel_methods: exit 0, 6.4s
mixture: exit 0, 7.1s
mixture_infer: exit 0, 4.5s
hdbscan: exit 0, 8.1s
gp_infer: exit 0, 5.0s
hdbscan_infer: exit 0, 5.9s
gbdt: exit 0, 25.4s
training: exit 0, 6.4s
resample: exit 0, 5.4s
mamba: exit 0, 21.1s
arima: exit 0, 6.7s
embedding: exit 0, 3.9s
embedding_infer: exit 0, 3.6s
ivf: exit 0, 7.2s
ivf_search: exit 0, 4.7s
forecast: exit 0, 5.8s
transformer: exit 0, 7.0s
All 32 host families freshly built
mac_slot: {"wait_seconds": 0.0006624159996135859, "run_seconds": 244.68511791699984, "exit_code": 0}
