/Users/andrewhendel/mojolearn-evidence/cpu-verification-completion/fresh-host-source-7f5b786ae/bindings/_mojolearn_svm_host.mojo:283:15: warning: positional `__getitem__` is deprecated, use `unsafe_offset=` instead
            dp[j] = res.dual_coefs[j]
            ~~^~~
<unknown>:0: note: '__getitem__' declared here
/Users/andrewhendel/mojolearn-evidence/cpu-verification-completion/fresh-host-source-7f5b786ae/bindings/_mojolearn_svm_host.mojo:284:16: warning: positional `__getitem__` is deprecated, use `unsafe_offset=` instead
            sip[j] = res.support_idx[j]
            ~~~^~~
<unknown>:0: note: '__getitem__' declared here
/Users/andrewhendel/mojolearn-evidence/cpu-verification-completion/fresh-host-source-7f5b786ae/bindings/_mojolearn_svm_host.mojo:290:20: warning: positional `__getitem__` is deprecated, use `unsafe_offset=` instead
                smp[j * n_cols + col] = x[r * n_cols + col]
                ~~~^~~~~~~~~~~~~~~~~~
<unknown>:0: note: '__getitem__' declared here
/Users/andrewhendel/mojolearn-evidence/cpu-verification-completion/fresh-host-source-7f5b786ae/bindings/_mojolearn_svm_host.mojo:291:11: warning: positional `__getitem__` is deprecated, use `unsafe_offset=` instead
        ip[0] = Float64(res.b)
        ~~^~~
<unknown>:0: note: '__getitem__' declared here
/Users/andrewhendel/mojolearn-evidence/cpu-verification-completion/fresh-host-source-7f5b786ae/bindings/_mojolearn_svm_host.mojo:292:11: warning: positional `__getitem__` is deprecated, use `unsafe_offset=` instead
        ip[1] = Float64(n_support)
        ~~^~~
<unknown>:0: note: '__getitem__' declared here
/Users/andrewhendel/mojolearn-evidence/cpu-verification-completion/fresh-host-source-7f5b786ae/bindings/_mojolearn_svm_host.mojo:293:11: warning: positional `__getitem__` is deprecated, use `unsafe_offset=` instead
        ip[2] = Float64(res.n_iter)
        ~~^~~
<unknown>:0: note: '__getitem__' declared here
/Users/andrewhendel/mojolearn-evidence/cpu-verification-completion/fresh-host-source-7f5b786ae/bindings/_mojolearn_svm_host.mojo:294:11: warning: positional `__getitem__` is deprecated, use `unsafe_offset=` instead
        ip[3] = Float64(label0)
        ~~^~~
<unknown>:0: note: '__getitem__' declared here
/Users/andrewhendel/mojolearn-evidence/cpu-verification-completion/fresh-host-source-7f5b786ae/bindings/_mojolearn_svm_host.mojo:295:11: warning: positional `__getitem__` is deprecated, use `unsafe_offset=` instead
        ip[4] = Float64(label1)
        ~~^~~
<unknown>:0: note: '__getitem__' declared here
/Users/andrewhendel/mojolearn-evidence/cpu-verification-completion/fresh-host-source-7f5b786ae/bindings/_mojolearn_svm_host.mojo:388:19: warning: positional `__getitem__` is deprecated, use `unsafe_offset=` instead
                op[i] = label0 if val < Float32(0.0) else label1
                ~~^~~
<unknown>:0: note: '__getitem__' declared here
/Users/andrewhendel/mojolearn-evidence/cpu-verification-completion/fresh-host-source-7f5b786ae/bindings/_mojolearn_svm_host.mojo:390:19: warning: positional `__getitem__` is deprecated, use `unsafe_offset=` instead
                op[i] = val
                ~~^~~
<unknown>:0: note: '__getitem__' declared here
/Users/andrewhendel/mojolearn-evidence/cpu-verification-completion/fresh-host-source-7f5b786ae/bindings/_mojolearn_svm_host.mojo:495:15: warning: positional `__getitem__` is deprecated, use `unsafe_offset=` instead
            dp[j] = res.dual_coefs[j]
            ~~^~~
<unknown>:0: note: '__getitem__' declared here
/Users/andrewhendel/mojolearn-evidence/cpu-verification-completion/fresh-host-source-7f5b786ae/bindings/_mojolearn_svm_host.mojo:496:16: warning: positional `__getitem__` is deprecated, use `unsafe_offset=` instead
            sip[j] = res.support_idx[j]
            ~~~^~~
<unknown>:0: note: '__getitem__' declared here
/Users/andrewhendel/mojolearn-evidence/cpu-verification-completion/fresh-host-source-7f5b786ae/bindings/_mojolearn_svm_host.mojo:500:20: warning: positional `__getitem__` is deprecated, use `unsafe_offset=` instead
                smp[j * n_cols + col] = x[r * n_cols + col]
                ~~~^~~~~~~~~~~~~~~~~~
<unknown>:0: note: '__getitem__' declared here
/Users/andrewhendel/mojolearn-evidence/cpu-verification-completion/fresh-host-source-7f5b786ae/bindings/_mojolearn_svm_host.mojo:501:11: warning: positional `__getitem__` is deprecated, use `unsafe_offset=` instead
        ip[0] = Float64(res.b)
        ~~^~~
<unknown>:0: note: '__getitem__' declared here
/Users/andrewhendel/mojolearn-evidence/cpu-verification-completion/fresh-host-source-7f5b786ae/bindings/_mojolearn_svm_host.mojo:502:11: warning: positional `__getitem__` is deprecated, use `unsafe_offset=` instead
        ip[1] = Float64(n_support)
        ~~^~~
<unknown>:0: note: '__getitem__' declared here
/Users/andrewhendel/mojolearn-evidence/cpu-verification-completion/fresh-host-source-7f5b786ae/bindings/_mojolearn_svm_host.mojo:503:11: warning: positional `__getitem__` is deprecated, use `unsafe_offset=` instead
        ip[2] = Float64(res.n_iter)
        ~~^~~
<unknown>:0: note: '__getitem__' declared here
/Users/andrewhendel/mojolearn-evidence/cpu-verification-completion/fresh-host-source-7f5b786ae/bindings/_mojolearn_svm_host.mojo:579:15: warning: positional `__getitem__` is deprecated, use `unsafe_offset=` instead
            op[i] = dec[i]
            ~~^~~
<unknown>:0: note: '__getitem__' declared here
/Users/andrewhendel/mojolearn-evidence/cpu-verification-completion/fresh-host-source-7f5b786ae/bindings/_mojolearn_svm_host.mojo:775:15: warning: positional `__getitem__` is deprecated, use `unsafe_offset=` instead
            oi[i] = labels[i]
            ~~^~~
<unknown>:0: note: '__getitem__' declared here
/Users/andrewhendel/mojolearn-evidence/cpu-verification-completion/fresh-host-source-7f5b786ae/bindings/_mojolearn_svm_host.mojo:779:15: warning: positional `__getitem__` is deprecated, use `unsafe_offset=` instead
            of[i] = values[i]
            ~~^~~
<unknown>:0: note: '__getitem__' declared here
/Users/andrewhendel/mojolearn-evidence/cpu-verification-completion/fresh-host-source-7f5b786ae/bindings/_mojolearn_svm_host.mojo:780:7: warning: positional `__getitem__` is deprecated, use `unsafe_offset=` instead
    ip[0] = offset_
    ~~^~~
<unknown>:0: note: '__getitem__' declared here
/Users/andrewhendel/mojolearn-evidence/cpu-verification-completion/fresh-host-source-7f5b786ae/bindings/_mojolearn_svm_host.mojo:781:7: warning: positional `__getitem__` is deprecated, use `unsafe_offset=` instead
    ip[1] = Float64(max_samples_)
    ~~^~~
<unknown>:0: note: '__getitem__' declared here
/Users/andrewhendel/mojolearn-evidence/cpu-verification-completion/fresh-host-source-7f5b786ae/bindings/_mojolearn_svm_host.mojo:782:7: warning: positional `__getitem__` is deprecated, use `unsafe_offset=` instead
    ip[2] = Float64(n_features)
    ~~^~~
<unknown>:0: note: '__getitem__' declared here
Imported from /Users/andrewhendel/mojolearn-evidence/cpu-verification-completion/fresh-host-source-7f5b786ae/bindings/_mojolearn_svm_host.mojo:54:
./bindings/hostptr.mojo:58:9: warning: 'memcpy' is deprecated, use 'unsafe_memcpy' instead
        memcpy(dest=out.unsafe_ptr(), src=src, count=n)
        ^~~~~~
        unsafe_memcpy
<unknown>:0: note: 'memcpy' declared here
Imported from /Users/andrewhendel/mojolearn-evidence/cpu-verification-completion/fresh-host-source-7f5b786ae/bindings/_mojolearn_svm_host.mojo:82:
Imported from ./svm/host/smo_oracle.mojo:74:
./svm/impl/smosolver.mojo:320:29: warning: 'bitcast' is deprecated, use 'unsafe_bitcast' instead
    var p = tmp.unsafe_ptr().bitcast[UInt8]()
            ~~~~~~~~~~~~~~~~^~~~~~~~
                             unsafe_bitcast
<unknown>:0: note: 'bitcast' declared here
Imported from /Users/andrewhendel/mojolearn-evidence/cpu-verification-completion/fresh-host-source-7f5b786ae/bindings/_mojolearn_svm_host.mojo:82:
Imported from ./svm/host/smo_oracle.mojo:74:
Imported from ./svm/impl/smosolver.mojo:74:
/Users/andrewhendel/mojolearn-evidence/cpu-verification-completion/fresh-host-source-7f5b786ae/./core/identity_trace.mojo:103:22: warning: 'UnsafePointer' is deprecated, use 'Pointer' instead
](seed: UInt64, ptr: UnsafePointer[UInt8, o], n: Int) -> UInt64:
                     ^~~~~~~~~~~~~
                     Pointer
<unknown>:0: note: 'UnsafePointer' declared here
Included from /Users/andrewhendel/mojolearn-evidence/cpu-verification-completion/fresh-host-source-7f5b786ae/bindings/_mojolearn_svm_host.mojo:62:
./isolation_forest/checks/if_oracle.mojo:334:12: warning: unreachable code after infinite loop
    return node
           ^
/Users/andrewhendel/mojolearn-evidence/cpu-verification-completion/fresh-host-source-7f5b786ae/bindings/_mojolearn_svm_host.mojo:229:21: warning: assignment to 'n_support' was never used; assign to '_' instead?
    var n_support = 0
                    ^
/Users/andrewhendel/mojolearn-evidence/cpu-verification-completion/fresh-host-source-7f5b786ae/bindings/_mojolearn_svm_host.mojo:448:21: warning: assignment to 'n_support' was never used; assign to '_' instead?
    var n_support = 0
                    ^
/Users/andrewhendel/mojolearn-evidence/cpu-verification-completion/fresh-host-source-7f5b786ae/bindings/_mojolearn_svm_host.mojo:665:26: warning: assignment to 'offset_' was never used; assign to '_' instead?
    var offset_ = Float64(-0.5)
                         ^
/Users/andrewhendel/mojolearn-evidence/cpu-verification-completion/fresh-host-source-7f5b786ae/bindings/_mojolearn_svm_host.mojo:666:24: warning: assignment to 'max_samples_' was never used; assign to '_' instead?
    var max_samples_ = 0
                       ^
Included from /Users/andrewhendel/mojolearn-evidence/cpu-verification-completion/fresh-host-source-7f5b786ae/bindings/_mojolearn_svm_host.mojo:82:
./svm/host/smo_oracle.mojo:361:31: warning: assignment to 'idx_of' was never used; assign to '_' instead?
        var idx_of = List[Int]()
                              ^
ld: warning: passed two min versions (26.0, 11.0) for platform macOS. Using 11.0.
ld: warning: object file (/private/var/folders/hy/_ylqg90n5lz20fd6tsrwg0cw0000gn/T/mojo_archive-da46db4.a) was built for newer 'macOS' version (26.0) than being linked (11.0)
