5563 external/tcmalloc+/tcmalloc/internal/system_allocator.h:713] Warning: Unable to mbind memory (errno=1, base=0x135000000000, nodemask=1)
KNN_REF_HEADER mode IDENTICAL column nvidia index 400000 queries 4000 features 32 k 15 rounds 5 fixture dyadic-v1 selector 1 transpose 1 register_tile 1 index_tile 65536
KNN_REF_WARMUP request 0 33.676881
KNN_REF_WARMUP request 1 31.871179
KNN_REF_ROUND request 1 31.865422
KNN_REF_ROUND request 2 31.840999
KNN_REF_ROUND request 3 31.836812
KNN_REF_ROUND request 4 31.856432
KNN_REF_ROUND request 5 31.863533
KNN_REF_WARMUP device 0 30.672933
KNN_REF_WARMUP device 1 30.699541
KNN_REF_ROUND device 1 30.689565
KNN_REF_ROUND device 2 30.659171
KNN_REF_ROUND device 3 30.654126
KNN_REF_ROUND device 4 30.685061
KNN_REF_ROUND device 5 30.750661
KNN_REF_DEVICE_VS_REQUEST mismatched_cells 0
KNN_REF_FINGERPRINT index_fnv1a64 16146695062279770847 distance_bits_xor 3272156
KNN_REF_ROW0 0 147075 1075752738
KNN_REF_ROW0 1 347872 1075802578
KNN_REF_ROW0 2 280582 1075899932
KNN_REF_ROW0 3 255546 1076098936
KNN_REF_ROW0 4 158380 1076157127
KNN_REF_ROW0 5 151319 1076280807
KNN_REF_ROW0 6 252972 1076309764
KNN_REF_ROW0 7 194725 1076394742
KNN_REF_ROW0 8 125716 1076423977
KNN_REF_ROW0 9 351008 1076424580
KNN_REF_ROW0 10 322815 1076439373
KNN_REF_ROW0 11 301998 1076456634
KNN_REF_ROW0 12 77158 1076475919
KNN_REF_ROW0 13 158980 1076482935
KNN_REF_ROW0 14 335466 1076512547
KNN_REF_DUMP_FULL /root/evidence/knn-batch/n400000-q4000-d32-k15-p0-batch512.bin 60000
KNN_REF_RESULT index 400000 queries 4000 k 15 features 32 request_median_ms 31.856432 device_median_ms 30.685061 rounds 5 query_tile 512 index_tile 65536
KNN REFERENCE PRICE PASS
