5985 external/tcmalloc+/tcmalloc/internal/system_allocator.h:713] Warning: Unable to mbind memory (errno=1, base=0x121180000000, nodemask=1)
KNN_REF_HEADER mode IDENTICAL column nvidia index 65537 queries 129 features 17 k 10 rounds 5 fixture dyadic-v1 selector 1 transpose 1 register_tile 1 index_tile 65536
KNN_REF_WARMUP request 0 1.028986
KNN_REF_WARMUP request 1 0.372826
KNN_REF_ROUND request 1 0.368091
KNN_REF_ROUND request 2 0.369085
KNN_REF_ROUND request 3 0.366393
KNN_REF_ROUND request 4 0.364713
KNN_REF_ROUND request 5 0.366935
KNN_REF_WARMUP device 0 0.226125
KNN_REF_WARMUP device 1 0.225407
KNN_REF_ROUND device 1 0.225216
KNN_REF_ROUND device 2 0.225474
KNN_REF_ROUND device 3 0.224926
KNN_REF_ROUND device 4 0.224049
KNN_REF_ROUND device 5 0.223485
KNN_REF_DEVICE_VS_REQUEST mismatched_cells 0
KNN_REF_FINGERPRINT index_fnv1a64 13742650533624204086 distance_bits_xor 965389
KNN_REF_ROW0 0 48551 1067903873
KNN_REF_ROW0 1 23286 1068232909
KNN_REF_ROW0 2 41527 1068617359
KNN_REF_ROW0 3 26859 1068623824
KNN_REF_ROW0 4 10057 1068898862
KNN_REF_ROW0 5 5493 1069346262
KNN_REF_ROW0 6 25793 1069527184
KNN_REF_ROW0 7 15532 1069586736
KNN_REF_ROW0 8 24792 1069654899
KNN_REF_ROW0 9 52967 1069828145
KNN_REF_DUMP_FULL /root/evidence/knn-batch/n65537-q129-d17-k10-p1-batch512.bin 1290
KNN_REF_RESULT index 65537 queries 129 k 10 features 17 request_median_ms 0.366935 device_median_ms 0.224926 rounds 5 query_tile 129 index_tile 65536
KNN REFERENCE PRICE PASS
