
=== 2026-09-29T15:16:26Z /root/bench-board-cache/venv/bin/python -u /root/mojolearn-wt/steward-do-amd/bench/speed/forest_speed_arm.py --lane rf --dataset istella --devices cpu,gpu --arms sklearn-rf-cpu,lightgbm-cpu --mem --infer
FSPEED-NOTE lane=rf arms=cpu,gpu metric=devices delta=2.000000 reason=AMD box: CPU arms run for libraries with no AMD GPU path, on all cores (CONTRIBUTING.md (Comparing against libraries without a GPU path)); every arm name carries its device
FSPEED-CTR-TRACE lane=rf MOJOLEARN_CTR_TRACE=1 (the fit prints its CTR config split and prep marker; DEVIATION 2634 is observable)
FSPEED-NOTE lane=rf arms=ours metric=devices delta=2.000000 reason=devices=cpu,gpu (explicit); AMD box: an opponent with an AMD GPU path runs on the GPU, one without runs on this box's CPU on all cores (CONTRIBUTING.md (Comparing against libraries without a GPU path)); the arm name says which
BENCH_BINDING arm=ours requested=identical resolved=identical compiled=identical vendor=hip path=/root/bench-board-cache/venv/lib/python3.12/site-packages/mojolearn/hip/gfx942/identical/_mojolearn_rf.so
FSPEED-NOTE lane=rf arms=sklearn-rf-cpu,ours metric=mismatch delta=1.000000 reason=thresholds: sklearn searches exact thresholds (no bin count), ours 128 quantile bins (n_bins, cuML's algorithm; DEVIATION 1834). sklearn keeps drawing features past max_features while the drawn ones are constant in the node; ours stops at m
FSPEED-NOTE lane=rf arms=lightgbm-* metric=mismatch delta=1.000000 reason=rows: LightGBM rf boosting refuses bagging_fraction 1.0, so each tree samples 63.2% of rows WITHOUT replacement (subsample 0.632, freq 1); ours and sklearn draw n rows WITH replacement (bootstrap True)
FSPEED-NOTE lane=rf arms=lightgbm-* metric=mismatch delta=2.000000 reason=split criterion: LightGBM has none to set; its gain on binary logloss at the constant starting score is the variance of the label, the Gini decrease up to scale (ours and sklearn criterion gini)
FSPEED-NOTE lane=rf arms=lightgbm-* metric=mismatch delta=3.000000 reason=binning: LightGBM max_bin 128 from its own bin finder on a 200,000-row sample, min_data_in_bin 1; ours 128 quantile bins (n_bins), sklearn exact thresholds
FSPEED-NOTE lane=rf arms=lightgbm-* metric=mismatch delta=4.000000 reason=max_features per node: LightGBM feature_fraction_bynode 0.063636 of the features it keeps after binning (it drops constant columns), ours and sklearn sqrt of every column; sklearn keeps drawing past that count while the drawn columns are co
FSPEED-NOTE lane=rf arms=lightgbm-* metric=mismatch delta=5.000000 reason=leaf cap: LightGBM num_leaves 256 (2 ** max_depth, never binding at depth 8); ours max_leaves -1 and sklearn max_leaf_nodes None have no cap
FSPEED-LIBRARY {"arm": "ours", "device": "gpu", "device_name": "AMD Instinct Mi325X VF", "lane": "rf", "library": "mojolearn", "version": null}
FSPEED-LIBRARY {"arm": "sklearn-rf-cpu", "device": "cpu", "device_name": null, "lane": "rf", "library": "sklearn", "version": "1.7.2"}
FSPEED-LIBRARY {"arm": "lightgbm-cpu", "device": "cpu", "device_name": null, "lane": "rf", "library": "lightgbm", "version": "4.7.0"}
BOARD-PARAMS {"arms": {"lightgbm-cpu": {"library": "lightgbm", "params": {"boosting_type": "rf", "class_weight": null, "feature_fraction": 1.0, "feature_fraction_bynode": 0.06363636363636363, "learning_rate": 1.0, "max_bin": 128, "max_depth": 8, "max_leaves": 256, "min_child_weight": 0.0, "min_samples_leaf": 1, "min_split_gain": 0.0, "n_estimators": 500, "reg_alpha": 0.0, "reg_lambda": 0.0, "seed": 7, "subsample": 0.632}, "source": "get_params"}, "ours": {"library": "mojolearn", "params": {"bootstrap": true, "class_weight": null, "criterion": "gini", "max_bin": 128, "max_depth": 8, "max_features": "sqrt", "max_leaves": -1, "max_samples": 1.0, "min_samples_leaf": 1, "min_split_gain": 0.0, "n_estimators": 500, "seed": 7}, "source": "get_params"}, "sklearn-rf-cpu": {"library": "sklearn", "params": {"bootstrap": true, "class_weight": null, "criterion": "gini", "max_depth": 8, "max_features": "sqrt", "max_leaves": null, "max_samples": 1.0, "min_samples_leaf": 1, "min_split_gain": 0.0, "n_estimators": 500, "seed": 7}, "source": "get_params"}}, "compared": [{"arm": "sklearn-rf-cpu", "ours": true, "param": "bootstrap", "same": true, "theirs": true}, {"arm": "sklearn-rf-cpu", "ours": null, "param": "class_weight", "same": false, "theirs": null}, {"arm": "sklearn-rf-cpu", "ours": "gini", "param": "criterion", "same": true, "theirs": "gini"}, {"arm": "sklearn-rf-cpu", "ours": 8, "param": "max_depth", "same": true, "theirs": 8}, {"arm": "sklearn-rf-cpu", "ours": "sqrt", "param": "max_features", "same": true, "theirs": "sqrt"}, {"arm": "sklearn-rf-cpu", "ours": -1, "param": "max_leaves", "same": false, "theirs": null}, {"arm": "sklearn-rf-cpu", "ours": 1.0, "param": "max_samples", "same": true, "theirs": 1.0}, {"arm": "sklearn-rf-cpu", "ours": 1, "param": "min_samples_leaf", "same": true, "theirs": 1}, {"arm": "sklearn-rf-cpu", "ours": 0.0, "param": "min_split_gain", "same": true, "theirs": 0.0}, {"arm": "sklearn-rf-cpu", "ours": 500, "param": "n_estimators", "same": true, "theirs": 500}, {"arm": "lightgbm-cpu", "ours": null, "param": "class_weight", "same": false, "theirs": null}, {"arm": "lightgbm-cpu", "ours": 128, "param": "max_bin", "same": true, "theirs": 128}, {"arm": "lightgbm-cpu", "ours": 8, "param": "max_depth", "same": true, "theirs": 8}, {"arm": "lightgbm-cpu", "ours": -1, "param": "max_leaves", "same": false, "theirs": 256}, {"arm": "lightgbm-cpu", "ours": 1, "param": "min_samples_leaf", "same": true, "theirs": 1}, {"arm": "lightgbm-cpu", "ours": 0.0, "param": "min_split_gain", "same": true, "theirs": 0.0}, {"arm": "lightgbm-cpu", "ours": 500, "param": "n_estimators", "same": true, "theirs": 500}], "exceptions": [{"arm": "sklearn-rf-cpu", "ours": null, "param": "class_weight", "reason": "None on every arm is unit class weights, the value each library defines for None", "theirs": null}, {"arm": "sklearn-rf-cpu", "ours": -1, "param": "max_leaves", "reason": "no leaf cap on any arm: ours max_leaves -1 (cuML's sentinel), sklearn max_leaf_nodes None (a value would switch it to best-first growth), LightGBM num_leaves 65536 = 2 ** max_depth, never reached at depth 16", "theirs": null}, {"arm": "lightgbm-cpu", "ours": null, "param": "class_weight", "reason": "None on every arm is unit class weights, the value each library defines for None", "theirs": null}, {"arm": "lightgbm-cpu", "ours": -1, "param": "max_leaves", "reason": "no leaf cap on any arm: ours max_leaves -1 (cuML's sentinel), sklearn max_leaf_nodes None (a value would switch it to best-first growth), LightGBM num_leaves 65536 = 2 ** max_depth, never reached at depth 16", "theirs": 256}], "family": "trees", "lane": "rf", "problems": [], "reference": "ours", "seed": 7, "seed_none_deterministic": [], "verdict": "MATCHED"}
FSPEED-NOTE lane=rf arms=ours,sklearn-rf-cpu,lightgbm-cpu metric=mismatch delta=0.000000 reason=seed 7 on every arm through its own argument (random_state, random_seed, seed); each library draws from its own generator, so the streams are not shared: row bootstrap (rf), per-node feature draws, ET thresholds; LightGBM derives its baggin
BOARD-PARAMS {"arms": {"lightgbm-cpu": {"library": "lightgbm", "params": {"boosting_type": "rf", "class_weight": null, "feature_fraction": 1.0, "feature_fraction_bynode": 0.06363636363636363, "learning_rate": 1.0, "max_bin": 128, "max_depth": 8, "max_leaves": 256, "min_child_weight": 0.0, "min_samples_leaf": 1, "min_split_gain": 0.0, "n_estimators": 500, "reg_alpha": 0.0, "reg_lambda": 0.0, "seed": 7, "subsample": 0.632}, "source": "get_params"}, "ours": {"library": "mojolearn", "params": {"bootstrap": true, "class_weight": null, "criterion": "gini", "max_bin": 128, "max_depth": 8, "max_features": "sqrt", "max_leaves": -1, "max_samples": 1.0, "min_samples_leaf": 1, "min_split_gain": 0.0, "n_estimators": 500, "seed": 7}, "source": "get_params"}, "sklearn-rf-cpu": {"library": "sklearn", "params": {"bootstrap": true, "class_weight": null, "criterion": "gini", "max_depth": 8, "max_features": "sqrt", "max_leaves": null, "max_samples": 1.0, "min_samples_leaf": 1, "min_split_gain": 0.0, "n_estimators": 500, "seed": 7}, "source": "get_params"}}, "compared": [{"arm": "sklearn-rf-cpu", "ours": true, "param": "bootstrap", "same": true, "theirs": true}, {"arm": "sklearn-rf-cpu", "ours": null, "param": "class_weight", "same": false, "theirs": null}, {"arm": "sklearn-rf-cpu", "ours": "gini", "param": "criterion", "same": true, "theirs": "gini"}, {"arm": "sklearn-rf-cpu", "ours": 8, "param": "max_depth", "same": true, "theirs": 8}, {"arm": "sklearn-rf-cpu", "ours": "sqrt", "param": "max_features", "same": true, "theirs": "sqrt"}, {"arm": "sklearn-rf-cpu", "ours": -1, "param": "max_leaves", "same": false, "theirs": null}, {"arm": "sklearn-rf-cpu", "ours": 1.0, "param": "max_samples", "same": true, "theirs": 1.0}, {"arm": "sklearn-rf-cpu", "ours": 1, "param": "min_samples_leaf", "same": true, "theirs": 1}, {"arm": "sklearn-rf-cpu", "ours": 0.0, "param": "min_split_gain", "same": true, "theirs": 0.0}, {"arm": "sklearn-rf-cpu", "ours": 500, "param": "n_estimators", "same": true, "theirs": 500}, {"arm": "lightgbm-cpu", "ours": null, "param": "class_weight", "same": false, "theirs": null}, {"arm": "lightgbm-cpu", "ours": 128, "param": "max_bin", "same": true, "theirs": 128}, {"arm": "lightgbm-cpu", "ours": 8, "param": "max_depth", "same": true, "theirs": 8}, {"arm": "lightgbm-cpu", "ours": -1, "param": "max_leaves", "same": false, "theirs": 256}, {"arm": "lightgbm-cpu", "ours": 1, "param": "min_samples_leaf", "same": true, "theirs": 1}, {"arm": "lightgbm-cpu", "ours": 0.0, "param": "min_split_gain", "same": true, "theirs": 0.0}, {"arm": "lightgbm-cpu", "ours": 500, "param": "n_estimators", "same": true, "theirs": 500}], "exceptions": [{"arm": "sklearn-rf-cpu", "ours": null, "param": "class_weight", "reason": "None on every arm is unit class weights, the value each library defines for None", "theirs": null}, {"arm": "sklearn-rf-cpu", "ours": -1, "param": "max_leaves", "reason": "no leaf cap on any arm: ours max_leaves -1 (cuML's sentinel), sklearn max_leaf_nodes None (a value would switch it to best-first growth), LightGBM num_leaves 65536 = 2 ** max_depth, never reached at depth 16", "theirs": null}, {"arm": "lightgbm-cpu", "ours": null, "param": "class_weight", "reason": "None on every arm is unit class weights, the value each library defines for None", "theirs": null}, {"arm": "lightgbm-cpu", "ours": -1, "param": "max_leaves", "reason": "no leaf cap on any arm: ours max_leaves -1 (cuML's sentinel), sklearn max_leaf_nodes None (a value would switch it to best-first growth), LightGBM num_leaves 65536 = 2 ** max_depth, never reached at depth 16", "theirs": 256}], "family": "trees", "lane": "rf", "problems": [], "reference": "ours", "seed": 7, "seed_none_deterministic": [], "verdict": "MATCHED"}
FSPEED-SCALE stage=before rows=2043304 features=220 input_mib=1714.8 large_candidate=true
FSPEED-REMINDER stage=before Optimize for large datasets; confirm representative feature/class counts, tree depth and memory pressure before making speed/default decisions.
FSPEED-HEADER family=forest lane=rf arm=ours mode=IDENTICAL device=AMD_Instinct_Mi325X_VF rounds=1 size=shipped
FSPEED-HEADER family=forest lane=rf arm=sklearn-rf-cpu mode=IDENTICAL device=AMD_Instinct_Mi325X_VF rounds=1 size=shipped
FSPEED-HEADER family=forest lane=rf arm=lightgbm-cpu mode=IDENTICAL device=AMD_Instinct_Mi325X_VF rounds=1 size=shipped
FSPEED-MEM lane=rf arm=ours round=0 host_mb=21323.0 gpu_mb=0.0 children_mb=4.1 host_method=Linux VmHWM after clear_refs 5 (peak RSS over the round) gpu_method=torch.cuda.max_memory_allocated, reset before the round (caching allocator peak; the context is not in it)
FSPEED-WARMUP lane=rf arm=ours shape=istella-2043304x220 ms=6202.116
FSPEED-MEM lane=rf arm=sklearn-rf-cpu round=0 host_mb=24123.1 gpu_mb=- children_mb=4.1 host_method=Linux VmHWM after clear_refs 5 (peak RSS over the round) gpu_method=cpu arm: no device memory
FSPEED-WARMUP lane=rf arm=sklearn-rf-cpu shape=istella-2043304x220 ms=90559.809
FSPEED-MEM lane=rf arm=lightgbm-cpu round=0 host_mb=24043.8 gpu_mb=- children_mb=4.1 host_method=Linux VmHWM after clear_refs 5 (peak RSS over the round) gpu_method=cpu arm: no device memory
FSPEED-WARMUP lane=rf arm=lightgbm-cpu shape=istella-2043304x220 ms=21408.108
FSPEED-ORDER lane=rf round=1 arms=ours,sklearn-rf-cpu,lightgbm-cpu
FSPEED-MEM lane=rf arm=ours round=1 host_mb=23394.6 gpu_mb=0.0 children_mb=4.1 host_method=Linux VmHWM after clear_refs 5 (peak RSS over the round) gpu_method=torch.cuda.max_memory_allocated, reset before the round (caching allocator peak; the context is not in it)
FSPEED lane=rf arm=ours shape=istella-2043304x220 round=1 ms=5106.868 hash=46ef5c27f84cf904
FSPEED-MEM lane=rf arm=sklearn-rf-cpu round=1 host_mb=26302.6 gpu_mb=- children_mb=4.1 host_method=Linux VmHWM after clear_refs 5 (peak RSS over the round) gpu_method=cpu arm: no device memory
FSPEED lane=rf arm=sklearn-rf-cpu shape=istella-2043304x220 round=1 ms=90551.098 hash=c4dd6f0b96cc7283
FSPEED-MEM lane=rf arm=lightgbm-cpu round=1 host_mb=25240.8 gpu_mb=- children_mb=4.1 host_method=Linux VmHWM after clear_refs 5 (peak RSS over the round) gpu_method=cpu arm: no device memory
FSPEED lane=rf arm=lightgbm-cpu shape=istella-2043304x220 round=1 ms=21418.095 hash=3f6029a237a2b1f3
FSPEED-ACC lane=rf arm=ours metric=logloss value=0.182017
FSPEED-ACC lane=rf arm=ours metric=auc value=0.945385
FSPEED-ACC lane=rf arm=sklearn-rf-cpu metric=logloss value=0.182308
FSPEED-ACC lane=rf arm=sklearn-rf-cpu metric=auc value=0.945303
FSPEED-ACC lane=rf arm=lightgbm-cpu metric=logloss value=0.195422
FSPEED-ACC lane=rf arm=lightgbm-cpu metric=auc value=0.945361
FSPEED-FIT lane=rf arm=ours library=mojolearn trees=500 nodes=250884 leaves=125692 depth_max=8 source=flat forest arrays
FSPEED-FIT lane=rf arm=sklearn-rf-cpu library=sklearn trees=500 nodes=250020 leaves=125260 depth_max=8 source=estimators_[i].tree_
FSPEED-FIT lane=rf arm=lightgbm-cpu library=lightgbm trees=500 nodes=251220 leaves=125860 depth_max=8 source=booster_.dump_model
FSPEED-FIT-VERDICT lane=rf arms=lightgbm-cpu,ours,sklearn-rf-cpu leaves=lightgbm-cpu:125860,ours:125692,sklearn-rf-cpu:125260 spread=0.0048 verdict=COMPARABLE
FSPEED-SCALE stage=after rows=2043304 features=220 input_mib=1714.8 large_candidate=true
FSPEED-REMINDER stage=after Optimize for large datasets; confirm representative feature/class counts, tree depth and memory pressure before making speed/default decisions.
FSPEED-INFER-PATH lane=rf arm=ours call=mojolearn RandomForestClassifier.predict_proba(X), column 1
FSPEED-INFER-PATH lane=rf arm=sklearn-rf-cpu call=sklearn RandomForestClassifier.predict_proba(X), n_jobs -1, column 1
FSPEED-INFER-PATH lane=rf arm=lightgbm-cpu call=lightgbm Booster.predict(X) (probability; LightGBM predicts on the CPU whatever device trained it)
FSPEED-INFER-WARMUP lane=rf arm=ours batch=test rows=500000 ms=56.919
FSPEED-INFER-WARMUP lane=rf arm=sklearn-rf-cpu batch=test rows=500000 ms=646.297
FSPEED-INFER-WARMUP lane=rf arm=lightgbm-cpu batch=test rows=500000 ms=686.247
FSPEED-INFER lane=rf arm=ours batch=test rows=500000 round=1 ms=59.796 hash=46ef5c27f84cf904
FSPEED-INFER lane=rf arm=sklearn-rf-cpu batch=test rows=500000 round=1 ms=637.215 hash=5973ab988f6768e7
FSPEED-INFER lane=rf arm=lightgbm-cpu batch=test rows=500000 round=1 ms=700.365 hash=3f6029a237a2b1f3
FSPEED-INFER-ACC lane=rf arm=ours batch=test metric=logloss value=0.182017
FSPEED-INFER-ACC lane=rf arm=ours batch=test metric=auc value=0.945385
FSPEED-INFER-ACC lane=rf arm=sklearn-rf-cpu batch=test metric=logloss value=0.182308
FSPEED-INFER-ACC lane=rf arm=sklearn-rf-cpu batch=test metric=auc value=0.945303
FSPEED-INFER-ACC lane=rf arm=lightgbm-cpu batch=test metric=logloss value=0.195422
FSPEED-INFER-ACC lane=rf arm=lightgbm-cpu batch=test metric=auc value=0.945361
FSPEED-INFER-WARMUP lane=rf arm=ours batch=large rows=1000000 ms=118.495
FSPEED-INFER-WARMUP lane=rf arm=sklearn-rf-cpu batch=large rows=1000000 ms=1359.537
FSPEED-INFER-WARMUP lane=rf arm=lightgbm-cpu batch=large rows=1000000 ms=1374.141
FSPEED-INFER lane=rf arm=ours batch=large rows=1000000 round=1 ms=118.765 hash=cd477700627862bb
FSPEED-INFER lane=rf arm=sklearn-rf-cpu batch=large rows=1000000 round=1 ms=1405.573 hash=925bdb1974dfa052
FSPEED-INFER lane=rf arm=lightgbm-cpu batch=large rows=1000000 round=1 ms=1370.753 hash=2d748e63dea1d663
